--------------------------------------------------------------------------------------------------
TP: wirestack.internal.tls_engine, time elapsed: 29896749024 ns, RESULT:
    TCS: TlsConnectionTest, time elapsed: 52509746 ns, RESULT:
    [ PASSED ] CASE: handshakeTransfersOwnershipAndPlaintextIoUsesTheEngine (1326110 ns)
    [ PASSED ] CASE: oneReadAndOneWriteMayOverlapButSecondReadFailsImmediately (1949757 ns)
    [ PASSED ] CASE: handshakeFailureAbortsTransportAndReleasesEngineExactlyOnce (170002 ns)
    [ PASSED ] CASE: expiredHandshakeDeadlineStillConsumesAndAbortsBothInputs (142750 ns)
    [ PASSED ] CASE: ioFailureAbortsAndRepeatedTerminalCallsDoNotReleaseTwice (929384 ns)
    [ PASSED ] CASE: unsupportedHalfCloseDoesNotMutateAnOpenConnection (262763 ns)
    [ PASSED ] CASE: concurrentCloseAndAbortReleaseUnderlyingResourcesOnce (10349540 ns)
    [ PASSED ] CASE: gracefulCloseSendsAndProcessesCloseNotifyBeforeReleasingResources (209999 ns)
    [ PASSED ] CASE: tcpEofDuringGracefulCloseRetainsTruncationAndStillReleasesEverything (391443 ns)
    [ PASSED ] CASE: expiredCloseBudgetStillClosesTransportAndReleasesEngine (237571 ns)
    [ PASSED ] CASE: abortNeverAttemptsTlsShutdownAndRetainsLocalAbortEvidence (126134 ns)
    [ PASSED ] CASE: cancelledCloseReleasesEngineWhenImmediateAbortCallbackThrows (329500 ns)
    [ PASSED ] CASE: tcpEofDuringApplicationReadRetainsTruncationBeforeAbort (524563 ns)
    [ PASSED ] CASE: peerCloseNotifyProducesEofEvidenceAndRejectsNewApplicationWrites (509128 ns)
    [ PASSED ] CASE: closeDeadlineExpiresWhileAnExistingBackgroundReadOwnsPumpAdmission (28935011 ns)
    [ PASSED ] CASE: closeCancellationInterruptsAnExistingBackgroundReadWithinTheBound (658673 ns)
    [ PASSED ] CASE: closeCancellationDoesNotWaitBehindAnExistingCiphertextWrite (1095576 ns)
    TCS: Net06TlsTransportCleanupGateTest, time elapsed: 2909187 ns, RESULT:
    [ PASSED ] CASE: failedHandshakesDisposeEngineAndTransportExactlyOnce (2361716 ns)
    TCS: TlsContextTest, time elapsed: 6196884 ns, RESULT:
    [ PASSED ] CASE: linuxCapabilitiesAreExplicitAndNeverInferredFromProviderNames (55108 ns)
    [ PASSED ] CASE: defaultSystemTrustFailsAtBuildUntilLinuxAdapterIsAvailable (154771 ns)
    [ PASSED ] CASE: modernClientContextIsImmutableAndConcurrentShareable (1325488 ns)
    [ PASSED ] CASE: strictTls13RejectsAnyTls12Override (106786 ns)
    [ PASSED ] CASE: missingTls13AndHttp2CapabilitiesFailBeforeHandshake (131740 ns)
    [ PASSED ] CASE: alpnRejectsEmptyAndDuplicateProtocolNames (396876 ns)
    [ PASSED ] CASE: serverRequiresServerIdentityAndMtlSTrustAtBuildTime (1243313 ns)
    [ PASSED ] CASE: clientIdentityCapabilityIsValidatedAtBuildTime (842225 ns)
    TCS: TlsEnginePumpTest, time elapsed: 346408417 ns, RESULT:
    [ PASSED ] CASE: awsLcClientEngineProducesAClientHelloWithoutSocketIo (35731630 ns)
    [ PASSED ] CASE: strictTls13PolicyIsAcceptedByTheNativeEngine (233539 ns)
    [ PASSED ] CASE: LinuxSystemTrustLoadsExplicitlyAndSniStaysSeparateFromReferenceIdentity (19256547 ns)
    [ PASSED ] CASE: customRootChainIsLoadedIntoARealAwsLcClientEngine (461324 ns)
    [ PASSED ] CASE: spkiPinPolicyConfiguresTheNativeVerificationPathBeforeHandshake (239089 ns)
    [ PASSED ] CASE: matchingSpkiPinCompletesARealClientServerHandshake (13799317 ns)
    [ PASSED ] CASE: matchingSpkiPinDoesNotBypassReferenceIdentityVerification (12758298 ns)
    [ PASSED ] CASE: realAwsLcEnginesExchangeCloseNotifyInBothDirections (12987619 ns)
    [ PASSED ] CASE: handshakeInfoReportsNegotiatedAlpnPeerChainAndVerificationEvidence (15381860 ns)
    [ PASSED ] CASE: tls13TicketResumesAcrossFreshEnginesWithoutEarlyData (13007189 ns)
    [ PASSED ] CASE: tls12TicketResumesAcrossFreshEngines (14041995 ns)
    [ PASSED ] CASE: sniSelectsTheCompleteImmutableContextAndItsCertificate (18857122 ns)
    [ PASSED ] CASE: sniSelectorRejectsMissingAndUnknownNamesWithStableEvidence (22119789 ns)
    [ PASSED ] CASE: noSharedAlpnFailsTheHandshakeInsteadOfSilentlySelectingNothing (9498086 ns)
    [ PASSED ] CASE: requiredMutualTlsUsesClientIdentityAndReturnsServerVerificationEvidence (13849791 ns)
    [ PASSED ] CASE: requiredMutualTlsRejectsMissingClientIdentityButOptionalAllowsIt (13601141 ns)
    [ PASSED ] CASE: mismatchedSpkiPinFailsARealClientServerHandshake (12086039 ns)
    [ PASSED ] CASE: externalSignerCompletesARealHandshakeOutsideTheNativeCallback (26430642 ns)
    [ PASSED ] CASE: externalSignerExceptionFailsClosedWithoutCrossingTheCAbi (14189545 ns)
    [ PASSED ] CASE: cancellationBeforeSignerInvocationFailsThePendingNativeOperation (13253008 ns)
    [ PASSED ] CASE: tls12ContextVersionsPartitionRealClientAndServerSessions (33435261 ns)
    [ PASSED ] CASE: tls13ContextVersionsPartitionRealClientAndServerTickets (24626248 ns)
    [ PASSED ] CASE: pumpHandlesWantReadWriteAndPartialIoWithBoundedBuffers (60019 ns)
    [ PASSED ] CASE: wantWriteWithoutCiphertextFailsInsteadOfSpinning (74094 ns)
    [ PASSED ] CASE: eofDuringWantReadRetainsTlsHandshakeEvidence (67585 ns)
    [ PASSED ] CASE: preCancellationStopsBeforeCallingProviderOrTransport (76540 ns)
    [ PASSED ] CASE: expiredDeadlineStopsBeforeCallingProviderOrTransport (65769 ns)
    TCS: LocalIdentityTest, time elapsed: 4616910 ns, RESULT:
    [ PASSED ] CASE: pkcs8InputIsExactBoundedAndZeroizable (459018 ns)
    [ PASSED ] CASE: pkcs8FileAdapterReadsOneBoundedRegularFile (522274 ns)
    [ PASSED ] CASE: localIdentityValidatesLeafKeyMatchAndHasStablePublicIdentity (1556684 ns)
    [ PASSED ] CASE: mismatchedCertificateAndPrivateKeyFailAtIdentityBuild (730947 ns)
    [ PASSED ] CASE: externalSignerAndSystemHandleShareOneOpaqueKeyContract (366026 ns)
    [ PASSED ] CASE: duplicateSignerAlgorithmsAndMismatchedSpkiFailAtBuild (332532 ns)
    TCS: M3028TlsFuzzTest, time elapsed: 29479885306 ns, RESULT:
    [ PASSED ] CASE: recordMutationsHaveDeterministicTypedTerminals (11359576029 ns)
    [ PASSED ] CASE: handshakeMutationsHaveDeterministicTypedTerminals (11870491582 ns)
    [ PASSED ] CASE: certificateAdapterMutationsHaveDeterministicTypedTerminals (6249067372 ns)
    TCS: TlsM8006ContextTest, time elapsed: 1908345 ns, RESULT:
    [ PASSED ] CASE: sessionPartitionsRetainOnlyTheMatchingContextVersion (39699 ns)
    [ PASSED ] CASE: decryptorRequiresProviderCapabilityAndRsaExternalIdentity (1221424 ns)
    [ PASSED ] CASE: keyLogSinkRequiresExplicitProviderCapability (75757 ns)
    TCS: TlsProviderSubstitutionTest, time elapsed: 1095004 ns, RESULT:
    [ PASSED ] CASE: testProviderUsesTheProductionFactoryContract (232223 ns)
    [ PASSED ] CASE: objectsFromDifferentProviderInstancesCannotMix (425794 ns)
    [ PASSED ] CASE: activeEngineRetainsProviderUntilItCloses (20566 ns)
    TCS: TlsSessionStoreTest, time elapsed: 294069 ns, RESULT:
    [ PASSED ] CASE: boundedLruExpiryAndSingleUseAreDeterministic (26409 ns)
    [ PASSED ] CASE: everySecurityPartitionDimensionPreventsReuse (39385 ns)
Summary: TOTAL: 70
    PASSED: 70, SKIPPED: 0, ERROR: 0
    FAILED: 0
--------------------------------------------------------------------------------------------------
Project tests finished, time elapsed: 29904582579 ns, RESULT:
TP: wirestack.*, time elapsed: 29904500118 ns, RESULT:
    PASSED:
    TP: wirestack.internal.tls_engine, time elapsed: 29896749024 ns
Summary: TOTAL: 70
    PASSED: 70, SKIPPED: 0, ERROR: 0
    FAILED: 0
--------------------------------------------------------------------------------------------------
cjpm test success
