M7-022 Linux release soak: FAIL: SOAK_ALREADY_RUNNING: another invocation is active
M0-016 validation: PASS
architecture guard: PASS
{"artifacts": {"api": "docs/api/generated/api-surface.json", "coverage": "docs/api/generated/coverage.json", "docs": "docs/api/generated/docs.json", "markdown": "docs/api/generated/markdown"}, "cjdoc": {"path": "/home/elliot/playground/Wirestack-pr-worktrees/M8-004-recovery-tools/cjdoc/bin/cjdoc", "version": "0.7.2"}, "combined": {"apiEntries": 1443, "apiSha256": "7e1d3132d21ef1b2b3b3dba705320d06ee99006582f4b960f9ab63c2361de360", "coverage": {"parameters": {"documented": 689, "percent": 100, "total": 689}, "symbols": {"documented": 1443, "percent": 100, "total": 1443}}, "coverageSha256": "eb40c0dff77ae8e69a252f05d5b64771a1485b66a58058f7e66756898ff279d4", "declarations": 2383, "docsSha256": "5b513c0418346c665390aa7f29a62f51b6ec41791f109cdbf6ea301877f0a5e4", "markdownSha256": "988b54088600cbe0a4c63d442b309d59a3f11ecb93cf3db6b5ced6bd4f632518", "package": "combined", "status": "PASS"}, "commands": [{"kind": "check", "package": "wirestack", "returncode": 0, "status": "PASS", "stderr": "documentation coverage: symbols 646/646 (100%), parameters 253/253 (100%)\n", "stderr_truncated": false, "stdout": "", "stdout_truncated": false}, {"kind": "generate", "package": "wirestack", "returncode": 0, "status": "PASS", "stderr": "", "stderr_truncated": false, "stdout": "generated /tmp/wirestack-m7-033-5hlz0pv_/wirestack/output\n", "stdout_truncated": false}, {"kind": "check", "package": "wirestack.http", "returncode": 0, "status": "PASS", "stderr": "documentation coverage: symbols 1048/1048 (100%), parameters 473/473 (100%)\n", "stderr_truncated": false, "stdout": "", "stdout_truncated": false}, {"kind": "generate", "package": "wirestack.http", "returncode": 0, "status": "PASS", "stderr": "", "stderr_truncated": false, "stdout": "generated /tmp/wirestack-m7-033-5hlz0pv_/wirestack-http/output\n", "stdout_truncated": false}, {"kind": "check", "package": "wirestack.tls", "returncode": 0, "status": "PASS", "stderr": "documentation coverage: symbols 800/800 (100%), parameters 298/298 (100%)\n", "stderr_truncated": false, "stdout": "", "stdout_truncated": false}, {"kind": "generate", "package": "wirestack.tls", "returncode": 0, "status": "PASS", "stderr": "", "stderr_truncated": false, "stdout": "generated /tmp/wirestack-m7-033-5hlz0pv_/wirestack-tls/output\n", "stdout_truncated": false}, {"kind": "check", "package": "wirestack.net", "returncode": 0, "status": "PASS", "stderr": "documentation coverage: symbols 887/887 (100%), parameters 424/424 (100%)\n", "stderr_truncated": false, "stdout": "", "stdout_truncated": false}, {"kind": "generate", "package": "wirestack.net", "returncode": 0, "status": "PASS", "stderr": "", "stderr_truncated": false, "stdout": "generated /tmp/wirestack-m7-033-5hlz0pv_/wirestack-net/output\n", "stdout_truncated": false}, {"kind": "check", "package": "combined", "returncode": 0, "status": "PASS", "stderr": "documentation coverage: symbols 1443/1443 (100%), parameters 689/689 (100%)\n", "stderr_truncated": false, "stdout": "", "stdout_truncated": false}, {"kind": "generate", "package": "combined", "returncode": 0, "status": "PASS", "stderr": "", "stderr_truncated": false, "stdout": "generated /tmp/wirestack-m7-033-5hlz0pv_/combined/output\n", "stdout_truncated": false}], "expectedCjdoc": "0.7.2", "generatedAtUtc": "2026-09-13T15:10:48.115832Z", "issues": [], "layers": [{"apiEntries": 646, "apiSha256": "69378f9dd90fca54576bed883abea3d309535b09546b422ee5dd93737fd72374", "coverage": {"parameters": {"documented": 253, "percent": 100, "total": 253}, "symbols": {"documented": 646, "percent": 100, "total": 646}}, "coverageSha256": "38c008ed140aa4cc6fb436c854610699a0c9ea71cd233ec71d7ca12b63fdbc28", "declarations": 789, "docsSha256": "66eec7d03245ce99b8a0821a39e9765bc8030cd5cc8c00e68392f6372155f79b", "markdownSha256": "3055a19762b460c1f977ca0ed29a1154c7af8cda9d232351ef2bba0e2b409b45", "package": "wirestack", "status": "PASS"}, {"apiEntries": 1048, "apiSha256": "79421833f69c509b6805251a5f20a48b7216faf94b5c397f2a0942a9aff37a59", "coverage": {"parameters": {"documented": 473, "percent": 100, "total": 473}, "symbols": {"documented": 1048, "percent": 100, "total": 1048}}, "coverageSha256": "f322c080ee70a400b3807aa26879ce64b9357d927cd342af6460e2ae50f46ca7", "declarations": 1689, "docsSha256": "7f9af7e0afb3d94b095b0b5341b952f55095a2552994e214bc6db6ef947d68ef", "markdownSha256": "b90982339ea708b7f7715aac927745b2581b6855195119690f6e0f5582139392", "package": "wirestack.http", "status": "PASS"}, {"apiEntries": 800, "apiSha256": "4afa53d04ea7a23f835be0261fb852cfff645148731570fcdacce8972fc652c8", "coverage": {"parameters": {"documented": 298, "percent": 100, "total": 298}, "symbols": {"documented": 800, "percent": 100, "total": 800}}, "coverageSha256": "1277bdbb3a54bcd4f2263c20a0420046ff2d7e320970035eba67c2f04d457eb6", "declarations": 971, "docsSha256": "a4b6b2eb2fbc3e98cd30ab4aa1701326c79dc4a501a2eb701a96e824ec48feca", "markdownSha256": "f11ae8b6080dd249c5c33562a00732f7bbd35c67e423c0bcfc39ae9935b07646", "package": "wirestack.tls", "status": "PASS"}, {"apiEntries": 887, "apiSha256": "4455b181ac56385d5a90c87e89d00a79c1a6cba4c1be65477590546af59c590f", "coverage": {"parameters": {"documented": 424, "percent": 100, "total": 424}, "symbols": {"documented": 887, "percent": 100, "total": 887}}, "coverageSha256": "28526d2cdda06c477c23509da56bd0cbbabbb346afe9afe5e03fcaefe2a4cdf2", "declarations": 1301, "docsSha256": "ba853352adfb121b5bbacf1c8f0ff93e7f778df3e328e1332484b59cab690f67", "markdownSha256": "c665cef542630b9fbda37c53b17bfede25aa487c50b010430c1047257d4e1bfe", "package": "wirestack.net", "status": "PASS"}], "platform": {"libc": "glibc", "machine": "x86_64", "system": "Linux"}, "schemaVersion": 1, "sourceSha256": {"src/byte_span.cj": "4b38c6d184e172a56f0c39308294cbd2485ff683aba4f27028abe07c2b4661c4", "src/cancellation.cj": "c023b65acab9740096dc1ec9a770cf59d7361b2fec3dcdeebb3cc6033d78034d", "src/common.cj": "7a6d9bf1bd56bb9c5209152b2482dee044027f8d348233dcd6cc7b87d1c866e3", "src/deadline.cj": "15c5fd0c7f2dcfb4be7150359990c7c35cde11aa3332f80a9efe9f79e431a7c4", "src/hostname_verifier.cj": "a0d06b89cf163b91339e5690bf1d15d8e94bd4912c2792b35e0cdd09d4e34989", "src/http/cancellation.cj": "bcef35b28607bfcac9aaa92f258b2f5021c6af8b1d321e4cd823b6d0a2f4f3b9", "src/http/client.cj": "97131a36c964f68cbc6697a87a4fd5fe81a5a0d146dee3355b4386a47f97c628", "src/http/cookie.cj": "18c49a032503562bbfb71e021f7d5d2dab9290fc629e71f096a7cb80127c06e5", "src/http/duplex.cj": "e81f52f4efbc0b728a1891d67bc0f3a6292af471d16d992b65e2055e44ffac24", "src/http/error.cj": "d88c54a157e02063ab4048c197631daba3642a9618672841e4b98d3a25d275ad", "src/http/file_handler.cj": "2706ddeadba5c448a9bdf9ed1b604d5fe56c527b001d28ecb3b558b93728df74", "src/http/hooks.cj": "0b6016a645fd69bbb8743e5abfed22b4c325286a450587b4ff87b722ef04f2ed", "src/http/multipart.cj": "506c82b691fa280fc147fa7d6f73aa5ed7b1045f5fa1122bd7c667a62aead36e", "src/http/package.cj": "edae278034e8047e77649badec506b86ff2e6f3fc530d3eaf68394f77ff43ca0", "src/http/proxy.cj": "9576c9b153192c93943911557e8cce25f567e5ad0357074189437cc17af6fe1d", "src/http/redirect.cj": "e7e9f07fa0bb79299e46c1320b32daf238e702b66fcb8e1368439723d74d96b4", "src/http/resolver.cj": "8c44e5ff6961122d6483c22546a26dab02e8414b88d5e18b954ddcf0b3ff29e4", "src/http/retry.cj": "e889370833f2d5b7df07d4cd13aa3068ab6262e1c2252728cbcc99c788b4199b", "src/http/server.cj": "52ede5995cf2b5ac64948b36334eadd9782cdcaa26e4c2bf3914a85e25cdb529", "src/http/tls.cj": "b232989ad8c4e73d4480dcae4ce40aae55fbedf9ce13b5922cc61b8a6e8a1e62", "src/http/upgrade.cj": "3bf29c0ad5b9fd19f5b2d994d36abcf76cbcc7d22d46c18991378aab705e0f73", "src/http/websocket.cj": "1eafd0d9f728592adea31d4397a8173c98d6ad3551ab4ed84d3b77623b787ba7", "src/http/websocket_handshake.cj": "db5d899be8d22022db1e7aed502ad36c3cc5e52d6dbae8dce53112f797276d59", "src/http_body.cj": "49b72ad2517213133eb693a190061050b655edb02df01eaa414db216c60fc4fe", "src/http_contract.cj": "39d7fe3885f50211393d9e03dc478b7370566bf7b7b3d3f20d0a5d3de3dc9259", "src/http_message.cj": "4033d25f42135e43f498f11d2b459512dcb7c45bce6e91efaa85b18a053e8ef1", "src/http_model.cj": "993ad73017a4da224b98f851e1e39d46fe6016502044b934f7ab191fb0da5a8c", "src/http_push.cj": "5dde5a1ff4cee87c947c1867e56fe0e7b9d2a38e2ca91a597f5a8deb4c2fc20f", "src/http_url.cj": "074cc811771e49030292b278252947af9f29476f67e9fd53f6a82ac473690955", "src/net/datagram_socket_core.cj": "2095e7d3a02c805c3018badf7045b0d76a42a56e101a2e08867f32b676c34ae6", "src/net/dns_client.cj": "a63095f98489b93b83f76cebc878678391d338f9080e15cf2ea7277ff6562622", "src/net/dns_resolver.cj": "65b410bda4ed26d315848f68bdd70b432101153b12e3c5d6dcccd8bea14ec183", "src/net/dns_wire.cj": "08b6bfb5fb7b46502a2a897f44a251765947359408398bcb93442504de28bde0", "src/net/package.cj": "05ee39721856fab3dc82dc4a83baaa0adfd9bb8af4fb38e0af41d4f5cb4430cc", "src/net/tcp_listener.cj": "7735311cd3aa657a3be9a37216cb5a1b404854932ab66480ea78b9f42a2b2b1f", "src/net/udp_socket.cj": "a59cba97d797a3800338f6a8594bfcd0f93456fc926421b2f9bce81149c9546b", "src/net/unix_datagram_socket.cj": "7447856c277d45d943087e3285fd0ade950cf7047fbf232052e1cd9d0a730511", "src/net/unix_listener.cj": "aa964800977f95ff67a6351a91c16d950324bbe0c50d7b01c5f1484f06e01967", "src/net/unix_stream.cj": "399aeac5d19f6457e2342fd7b1af3a76943f00db50a21c1474bed3b3141acb8b", "src/network_error.cj": "4e272f9b9887804f0de87ec032d442a69b49803da66bffa005b7f0282aadc5e5", "src/network_event.cj": "55d93c151752e76c80c441e4bfc639f7d6da77e89ed582bae2ba6a43cdcc3084", "src/operation_context.cj": "523a1c1efaab2f3e6ba0755386460ea504a2caa8ef1453a18134f950c6e1234d", "src/package.cj": "f9035aacfa24f06fe88eda3f16a5cbcf5dbf482b2d86776ea27e09e4861e93d7", "src/private_key_contract.cj": "cb03bb9badc0552c2ac66dbb6bf4842559b5ea17b2aa77284e817a78d63c6e84", "src/resolver.cj": "7b2129a0e3fd4be72ad2dd6adaf0053d5de23a08214157c931d38d7627154b23", "src/tls/facade.cj": "7cdea5920f34d68eb670f0ac701bc9003eb9a0b1823d7c27ccc5d2941692bccd", "src/tls/identity.cj": "763b6b5f60e3afaed998a21ea7d1ca2f7db8d016255e670cab5fb96c2dfbd714", "src/tls/package.cj": "dd45ea5dbcb3846376a1621faf38bdf31e4509e99efb2fbe36b4a9bdb1f3c819", "src/tls_contract.cj": "e8d453029bd16914b5f3c7c3b4b44a5e2e16b69233a27f8b06c633b056a54267", "src/transport.cj": "6781aa3bf538523e02c4807eebff7ac37a773e5dc9bdb427e6a56ace3a0b7033", "src/trust.cj": "f64b49d84a58e034e3976089211f7b645b42e5bc51dbc353f2e0bcec14d17aba"}, "status": "PASS", "targetCfg": {"arch": "x86_64", "env": "gnu", "os": "Linux"}, "taskId": "M7-033"}
The valid serial compilation order is:
    wirestack -> wirestack.internal -> wirestack.internal.identity -> wirestack.internal.platform -> wirestack.internal.platform.android -> wirestack.internal.platform.apple -> wirestack.internal.platform.harmony -> wirestack.internal.platform.linux -> wirestack.internal.platform.windows -> wirestack.internal.common -> wirestack.internal.http_files -> wirestack.internal.http_model -> wirestack.internal.transport -> wirestack.internal.trust -> wirestack.internal.http2 -> wirestack.internal.resolver -> wirestack.internal.tls_engine -> wirestack.internal.connector -> wirestack.tls -> wirestack.internal.http1 -> wirestack.internal.transport_stdnet -> wirestack.net -> wirestack.http
cjpm check success
cjpm build success
--------------------------------------------------------------------------------------------------
TP: wirestack.internal.platform.linux, time elapsed: 10007381 ns, RESULT:
    TCS: LinuxSystemTrustAdapterTest, time elapsed: 10007381 ns, RESULT:
    [ PASSED ] CASE: frozenSearchOrderCoversGlibcAndMuslLayouts (241456 ns)
    [ PASSED ] CASE: currentLinuxHostSelectsOneExplicitUsableSource (7751043 ns)
    [ PASSED ] CASE: missingCandidatesFailWithoutProviderDefaultFallback (42717 ns)
    [ PASSED ] CASE: directoryCandidateRequiresReadableHashedCertificateEntry (334560 ns)
    [ PASSED ] CASE: sourceIdentityChangesWhenSameSizeTrustContentChanges (338844 ns)
Summary: TOTAL: 5
    PASSED: 5, SKIPPED: 0, ERROR: 0
    FAILED: 0
--------------------------------------------------------------------------------------------------
TP: wirestack.internal.common, time elapsed: 8936535 ns, RESULT:
    TCS: EndpointTest, time elapsed: 5988845 ns, RESULT:
    [ PASSED ] CASE: acceptsTypedIpv4AndIpv6WithoutDns (1007303 ns)
    [ PASSED ] CASE: addressOwnsAnImmutableOctetSnapshot (69446 ns)
    [ PASSED ] CASE: rejectsWrongLengthsAndIpv4Zones (129402 ns)
    [ PASSED ] CASE: ipv6ZoneAndPortBoundariesRemainTypedIdentity (80990 ns)
    [ PASSED ] CASE: rejectsEmptyAndOversizedIpv6Zones (161678 ns)
    TCS: HostNameTest, time elapsed: 2651826 ns, RESULT:
    [ PASSED ] CASE: canonicalizesAsciiCaseAndOneRootDot (150968 ns)
    [ PASSED ] CASE: rejectsAmbiguousOrInvalidDnsNames (348391 ns)
    [ PASSED ] CASE: acceptsAsciiALabelAndExactDnsLengthBoundaries (230978 ns)
    [ PASSED ] CASE: rejectsOneByteBeyondLabelAndHostLimits (139933 ns)
Summary: TOTAL: 9
    PASSED: 9, SKIPPED: 0, ERROR: 0
    FAILED: 0
--------------------------------------------------------------------------------------------------
TP: wirestack.internal.transport, time elapsed: 192006456 ns, RESULT:
    TCS: ByteSpanTest, time elapsed: 2810765 ns, RESULT:
    [ PASSED ] CASE: defaultsCoverWholeArrayAndEmptyArray (383157 ns)
    [ PASSED ] CASE: sliceAndAdvanceKeepTheOriginalArray (46074 ns)
    [ PASSED ] CASE: mutableViewWritesThroughAndConvertsWithoutCopying (33902 ns)
    [ PASSED ] CASE: permitsBoundaryEmptyRanges (34912 ns)
    [ PASSED ] CASE: rejectsEveryOutOfRangeShape (169013 ns)
    TCS: CancellationTest, time elapsed: 41740617 ns, RESULT:
    [ PASSED ] CASE: cancelIsOneWayAndCallbacksRunExactlyOnce (212404 ns)
    [ PASSED ] CASE: unregisterIsIdempotentAndPreventsPendingCallback (43580 ns)
    [ PASSED ] CASE: alreadyCancelledRegistrationRunsSynchronouslyOnce (49988 ns)
    [ PASSED ] CASE: noneTokenRemainsUsableAndNotCancelled (24890 ns)
    [ PASSED ] CASE: oneFailingCallbackDoesNotBlockOtherWaiters (53314 ns)
    [ PASSED ] CASE: concurrentCancelClaimsEveryCallbackExactlyOnce (20073586 ns)
    [ PASSED ] CASE: registrationRacingCancellationStillRunsExactlyOnce (17732379 ns)
    [ PASSED ] CASE: unregisterRacingCancellationIsAtMostOnce (1740036 ns)
    [ PASSED ] CASE: callbackMayReenterCancellationAndRegistrationWithoutDeadlock (35993 ns)
    TCS: OperationCompletionTest, time elapsed: 22822943 ns, RESULT:
    [ PASSED ] CASE: completionCleansEveryResourceBeforeTheWinnerCallback (40033 ns)
    [ PASSED ] CASE: unregisterAndLateRegistrationHaveExplicitTerminalSemantics (26676 ns)
    [ PASSED ] CASE: cleanupCapacityIsPositiveAndHardBounded (55850 ns)
    [ PASSED ] CASE: cleanupFailuresAndReentrancyCannotBlockTerminalProgress (45380 ns)
    [ PASSED ] CASE: winnerExceptionDoesNotReopenTheCompletion (31807 ns)
    [ PASSED ] CASE: cleanupCountPropertyHoldsAcrossEveryConfiguredOccupancy (490240 ns)
    [ PASSED ] CASE: concurrentTerminalCallersHaveOneWinner (3072008 ns)
    [ PASSED ] CASE: registrationRacingCompletionIsAlwaysCleanedOnce (16558885 ns)
    [ PASSED ] CASE: unregisterRacingCompletionRunsCleanupAtMostOnce (1210457 ns)
    TCS: DeadlineTest, time elapsed: 531925 ns, RESULT:
    [ PASSED ] CASE: remainingUsesTheInjectedMonotonicClock (17960 ns)
    [ PASSED ] CASE: remainingClampsAtZeroAfterExpiry (9842 ns)
    [ PASSED ] CASE: childCanShortenButNeverExtendParent (12697 ns)
    [ PASSED ] CASE: zeroAndExpiredChildrenCannotExtendTheParent (10130 ns)
    [ PASSED ] CASE: rejectsNegativeDurations (23963 ns)
    TCS: TransportLifecycleTest, time elapsed: 4434532 ns, RESULT:
    [ PASSED ] CASE: connectingAndAcceptedPathsReachOpenOnlyInOrder (12257 ns)
    [ PASSED ] CASE: halfCloseIsDirectionalIdempotentAndConvergesOnClosing (42387 ns)
    [ PASSED ] CASE: gracefulCloseIsIdempotentAndCompletesOnlyFromClosing (17660 ns)
    [ PASSED ] CASE: abortAndFailReachEveryNonTerminalStateWithoutOverwritingTerminalEvidence (64192 ns)
    [ PASSED ] CASE: illegalTransitionsHaveStableCodesAndDoNotMutateState (120334 ns)
    [ PASSED ] CASE: closingAndTerminalStatesRejectDataOperationsWithClosedCode (73032 ns)
    [ PASSED ] CASE: operationClaimsAllowDuplexButRejectSameDirectionConcurrency (23508 ns)
    [ PASSED ] CASE: everyTerminalModeReleasesRegisteredResourcesExactlyOnce (25389 ns)
    [ PASSED ] CASE: racingTerminalTransitionsRetainOneWinnerAndOneCleanup (3066929 ns)
    [ PASSED ] CASE: terminalCleanupMayReenterAndItsRegistryRemainsBounded (37483 ns)
    TCS: M124TransportRaceTest, time elapsed: 37340839 ns, RESULT:
    [ PASSED ] CASE: readCloseReleasesBlockedOperationAndDrainsWaiter (6912324 ns)
    [ PASSED ] CASE: writeAbortReleasesBlockedOperationAndDrainsWaiter (9927219 ns)
    [ PASSED ] CASE: successAndCancelOrderingsCompleteOnceWithoutDataLeak (20006058 ns)
    TCS: MemoryTransportListenerTest, time elapsed: 50083316 ns, RESULT:
    [ PASSED ] CASE: rejectsInvalidListenerAndSchedulerBounds (46419 ns)
    [ PASSED ] CASE: listenerDeliversConnectionsInFifoOrderAndBoundsBacklog (139448 ns)
    [ PASSED ] CASE: schedulerDefersDeliveryAndReleasesFailedReservations (96140 ns)
    [ PASSED ] CASE: schedulerRunsMultipleConnectionsInStableFifoOrder (63910 ns)
    [ PASSED ] CASE: cancellationWakesAcceptWithoutClosingListener (8864964 ns)
    [ PASSED ] CASE: deadlineBoundsBlockedAcceptWithoutClosingListener (29993630 ns)
    [ PASSED ] CASE: closeWakesAcceptAndAbortsOwnedConnectionsIdempotently (9878310 ns)
    TCS: MemoryTransportTest, time elapsed: 1323276 ns, RESULT:
    [ PASSED ] CASE: pairTransfersPartialDataInBothDirections (29262 ns)
    [ PASSED ] CASE: emptyBuffersReturnZeroWithoutProducingEofOrPeerData (16822 ns)
    [ PASSED ] CASE: writeShutdownProducesPeerEofAfterBufferedData (20577 ns)
    [ PASSED ] CASE: readShutdownMakesPeerWritesFailAsBrokenPipe (25203 ns)
    [ PASSED ] CASE: cancelledBeforeOperationHasNoDataSideEffect (25255 ns)
    [ PASSED ] CASE: closeAndAbortAreIdempotentAndTerminal (26743 ns)
    [ PASSED ] CASE: cancellationWakesABlockedRead (36215 ns)
    [ PASSED ] CASE: closeWakesABlockedLocalRead (31230 ns)
    [ PASSED ] CASE: writeShutdownWakesABlockedLocalWrite (33301 ns)
    [ PASSED ] CASE: boundedBackpressureResumesAfterPeerReads (109076 ns)
    [ PASSED ] CASE: expiredDeadlineFailsBeforeAnyWrite (23082 ns)
    TCS: NetworkErrorTest, time elapsed: 455504 ns, RESULT:
    [ PASSED ] CASE: retainsStableClassificationAndEndpointEvidence (26318 ns)
    [ PASSED ] CASE: retainsLocalEndpointCauseAndOptionalDefaults (22486 ns)
    [ PASSED ] CASE: caughtErrorRetainsUnixEndpointBytesNativeCodeAndCause (28170 ns)
    [ PASSED ] CASE: pathnameRejectsNulWhileAbstractRetainsIt (15310 ns)
    TCS: OperationContextTest, time elapsed: 624779 ns, RESULT:
    [ PASSED ] CASE: backgroundHasNoDeadlineCancellationOrTrace (10928 ns)
    [ PASSED ] CASE: derivedContextsRetainEventSinkAndSinkFailuresAreIsolated (28010 ns)
    [ PASSED ] CASE: derivedContextRetainsCancellationAndTrace (15207 ns)
    [ PASSED ] CASE: derivationHelpersChangeOnlyTheirNamedField (32883 ns)
    [ PASSED ] CASE: earlierDeadlineCannotBeExtended (9709 ns)
    [ PASSED ] CASE: traceIdentifiersAreBoundedAndNonEmpty (21397 ns)
    TCS: ScriptedTransportTest, time elapsed: 27457992 ns, RESULT:
    [ PASSED ] CASE: rejectsUnboundedOrInvalidScripts (54524 ns)
    [ PASSED ] CASE: shortReadAndWriteStepsAreConsumedInOrder (39168 ns)
    [ PASSED ] CASE: emptyIoDoesNotConsumeScriptAndEofIsExplicit (29350 ns)
    [ PASSED ] CASE: resetTerminatesTransportAtInjectedPhase (42899 ns)
    [ PASSED ] CASE: failurePreservesCoordinatesWithoutTerminatingTransport (34819 ns)
    [ PASSED ] CASE: virtualWaiterReleasesBlockedOperationsInFifoOrder (16600765 ns)
    [ PASSED ] CASE: cancellationWinsAReleaseRaceAndCleansWaiter (9829219 ns)
    TCS: TransportHelperTest, time elapsed: 1399123 ns, RESULT:
    [ PASSED ] CASE: writeAllHandlesPartialWritesAndEmptyInput (31383 ns)
    [ PASSED ] CASE: readExactHandlesPartialReads (25392 ns)
    [ PASSED ] CASE: readExactClassifiesPrematureEof (32262 ns)
    [ PASSED ] CASE: emptyHelpersDoNotCallTransport (20898 ns)
    [ PASSED ] CASE: invalidProgressFailsOnceWithoutSpinning (96975 ns)
    [ PASSED ] CASE: cancellationAfterPartialProgressPropagatesWithoutRestart (66324 ns)
    [ PASSED ] CASE: absoluteDeadlineExpiresAcrossPartialRetries (50202 ns)
Summary: TOTAL: 83
    PASSED: 83, SKIPPED: 0, ERROR: 0
    FAILED: 0
--------------------------------------------------------------------------------------------------
TP: wirestack.http, time elapsed: 10989188413 ns, RESULT:
    TCS: RequestBodyTest, time elapsed: 1936964 ns, RESULT:
    [ PASSED ] CASE: byteBodiesOwnInputAndReplayWithIndependentOffsets (342505 ns)
    [ PASSED ] CASE: emptyAndUtf8StringBodiesHaveExactLengths (25052 ns)
    [ PASSED ] CASE: oneShotBodyCanOnlyBeClaimedOnce (60395 ns)
    [ PASSED ] CASE: factoryMustReturnTheDeclaredLengthAndMismatchIsClosed (34261 ns)
    [ PASSED ] CASE: closedStreamRejectsFurtherReads (29144 ns)
    [ PASSED ] CASE: fileBodyStreamsAndReopensWithoutEagerReads (163144 ns)
    [ PASSED ] CASE: fileBodyRejectsOversizeAndChangesBeforeOpen (126379 ns)
    TCS: HttpClientExtensionsTest, time elapsed: 47194682 ns, RESULT:
    [ PASSED ] CASE: nativeCookiesAndServiceHooksSurviveThrowingPoolObservers (35564839 ns)
    [ PASSED ] CASE: mismatchedUpgradePairingsNeverOpenConnections (184858 ns)
    [ PASSED ] CASE: unavailableServerPushClosesTheOwnedResponse (10812917 ns)
    TCS: HttpCookieJarTest, time elapsed: 192935164 ns, RESULT:
    [ PASSED ] CASE: cookieSerializesStandardMetadataWithoutInventingBrowserPolicy (41237 ns)
    [ PASSED ] CASE: hostOnlyAndDomainCookiesDoNotLeakAcrossDnsBoundaries (227630 ns)
    [ PASSED ] CASE: defaultPathAndPathMatchUseDirectoryAndSlashBoundaries (136723 ns)
    [ PASSED ] CASE: maxAgeTakesPrecedenceAndNonPositiveValuesDeleteTheIdentity (175605 ns)
    [ PASSED ] CASE: secureMetadataControlsTransportAndHttpOnlyDoesNotChangeWireSelection (77322 ns)
    [ PASSED ] CASE: valuedSecureAttributeCannotLeakCookiesToCleartext (66219 ns)
    [ PASSED ] CASE: rejectsHeaderInjectionAndInvalidCookieOctetsBeforeStorage (92465 ns)
    [ PASSED ] CASE: capacityHeaderBoundsAndReplacementRemainDeterministic (106899 ns)
    [ PASSED ] CASE: removalClearAndSnapshotsExposeOnlyLiveImmutableCookies (79393 ns)
    [ PASSED ] CASE: concurrentStoresAndReadsRemainRaceFreeAndBounded (2493157 ns)
    [ PASSED ] CASE: boundedSetCookieMutationsPreserveScopeAndHeaderSafety (187911587 ns)
    TCS: Http1DeterministicFuzzTest, time elapsed: 9078605 ns, RESULT:
    [ PASSED ] CASE: acceptedUrlMutationsRoundTripToOneCanonicalIdentity (4942044 ns)
    [ PASSED ] CASE: acceptedNoProxyMutationsRemainDeterministicAcrossTargets (3320068 ns)
    [ PASSED ] CASE: proxyAuthorizationMutationCannotInjectBeforeDnsOrConnect (349507 ns)
    TCS: HttpErrorTest, time elapsed: 535336 ns, RESULT:
    [ PASSED ] CASE: publicGetMapsInvalidUrlWithoutNetworkSideEffects (154440 ns)
    [ PASSED ] CASE: classifierProvidesStableHttpFailureCodes (49652 ns)
    TCS: HttpFacadeTest, time elapsed: 650194434 ns, RESULT:
    [ PASSED ] CASE: retainedPushContextObservesCancellationAfterParentCompletion (54363 ns)
    [ PASSED ] CASE: finishedPushLifetimeDetachesCompletedRequestCancellation (42653 ns)
    [ PASSED ] CASE: cancellationWrapperPreservesProtocolCompletionPolicy (34495 ns)
    [ PASSED ] CASE: typedCancellationHandlesAreScopedIdempotentAndStopBeforeNetworkIo (3358416 ns)
    [ PASSED ] CASE: publicHttp1ConnectionHandleCancelsBodyAndLeavesClientReusable (6822439 ns)
    [ PASSED ] CASE: publicHttp2StreamAndConnectionHandlesRespectTheirScopes (95346123 ns)
    [ PASSED ] CASE: publicHttp2SlowStreamCannotStarveOneTenOrHundredSiblings (154140756 ns)
    [ PASSED ] CASE: tlsHttp2StreamLimitIsAppliedAcrossConcurrentPublicRequests (32091275 ns)
    [ PASSED ] CASE: tlsFacadeNegotiatesHttp2AndMapsBodyTrailersAndResponse (43752235 ns)
    [ PASSED ] CASE: explicitResolverConnectsPublicClientAndServer (1884910 ns)
    [ PASSED ] CASE: defaultSystemResolverConnectsPublicClientAndServer (263490378 ns)
    [ PASSED ] CASE: clientFollowsOriginRelativeRedirectEndToEnd (3371420 ns)
    [ PASSED ] CASE: clientRetriesOneTemporaryDnsFailureWithinTheSameDeadline (2463432 ns)
    [ PASSED ] CASE: forwardProxyUsesAbsoluteFormIndependentDnsAndHookCredentials (2648117 ns)
    [ PASSED ] CASE: serverBuilderRequiresEndpointAndHandler (53006 ns)
    [ PASSED ] CASE: tlsServerConfigFailsClosedBeforeBinding (224589 ns)
    [ PASSED ] CASE: followedHttp2RedirectClosesUnclaimedPushBeforeClientTeardown (37535771 ns)
    TCS: Http2ConcurrentResponseBodyTest, time elapsed: 24829193 ns, RESULT:
    [ PASSED ] CASE: twoPublicHttp2BodiesCompleteIndependently (24634239 ns)
    TCS: FileHandlerTest, time elapsed: 12243546 ns, RESULT:
    [ PASSED ] CASE: confinedDownloadRejectsTraversalAndSymlinkWhileOpenBodyOutlivesHandler (4188938 ns)
    [ PASSED ] CASE: uploadPublishesOneCompleteBinaryFileAndNeverPublishesRejectedMultipart (7605418 ns)
    TCS: HttpMessageTest, time elapsed: 1307577 ns, RESULT:
    [ PASSED ] CASE: requestFactoriesProduceImmutableProtocolNeutralModels (64726 ns)
    [ PASSED ] CASE: responseEofCompletesObserverExactlyOnce (27139 ns)
    [ PASSED ] CASE: earlyCloseAbandonsObserverExactlyOnce (38571 ns)
    [ PASSED ] CASE: readFailureClosesAndAbandonsTheBody (27438 ns)
    [ PASSED ] CASE: emptyDestinationDoesNotMistakeNoProgressForEof (17571 ns)
    [ PASSED ] CASE: boundedDrainCompletesOnlyWhenEofIsProven (28450 ns)
    [ PASSED ] CASE: invalidSourceProgressFailsClosed (27514 ns)
    [ PASSED ] CASE: responseRejectsInvalidStatusAndReason (44256 ns)
    TCS: MultipartTest, time elapsed: 3828352117 ns, RESULT:
    [ PASSED ] CASE: writerStreamsExactBinaryFramingAndReplaysIndependently (343464 ns)
    [ PASSED ] CASE: boundarySeparatorsRoundtripThroughContentTypeAndBody (1712234 ns)
    [ PASSED ] CASE: readerPreservesBinaryWhenEveryDelimiterIsSplitAcrossReads (390447 ns)
    [ PASSED ] CASE: closingPartDiscardsOnlyThatPartAndReleasesNextPart (737084 ns)
    [ PASSED ] CASE: malformedAndConfiguredLimitsCloseOwnedSource (103761 ns)
    [ PASSED ] CASE: partCountLimitRejectsBeforeParsingUnboundedAdditionalMetadata (133370 ns)
    [ PASSED ] CASE: boundedDeterministicWireMutationsAreChunkIndependent (3821290796 ns)
    [ PASSED ] CASE: deterministicMutationHarnessEnforcesSmallLimitsAndOwnedClosure (2702654 ns)
    TCS: HttpModelTest, time elapsed: 1340588 ns, RESULT:
    [ PASSED ] CASE: methodSupportsStandardAndExtensionTokens (19971 ns)
    [ PASSED ] CASE: headersPreserveOrderAndMultipleValues (36960 ns)
    [ PASSED ] CASE: headersOwnTheirInputAndOutputArrays (17627 ns)
    [ PASSED ] CASE: builderSetAndRemoveUseCaseInsensitiveNames (34859 ns)
    [ PASSED ] CASE: rejectsInjectionAndInvalidNames (40060 ns)
    [ PASSED ] CASE: enforcesCountLineAndTotalLimits (29932 ns)
    [ PASSED ] CASE: urlNormalizesSchemeHostAndDefaultTarget (22141 ns)
    [ PASSED ] CASE: urlPreservesExplicitPortPathAndQuery (20912 ns)
    [ PASSED ] CASE: urlRequiresBracketedIpv6AndKeepsQueryOnlyTargetValid (20493 ns)
    [ PASSED ] CASE: urlRejectsAmbiguousAndUnsafeInputs (87504 ns)
    [ PASSED ] CASE: trailerRejectsRoutingAndFramingFields (109709 ns)
    TCS: HttpProxyPolicyTest, time elapsed: 687350 ns, RESULT:
    [ PASSED ] CASE: noProxyMatchesDnsBoundariesAndOptionalPorts (89781 ns)
    [ PASSED ] CASE: noProxyMatchesTypedIpLiteralsExactlyAndWildcardExplicitly (56198 ns)
    [ PASSED ] CASE: endpointsRetainDnsIpv4AndIpv6RouteIdentity (23792 ns)
    [ PASSED ] CASE: routeSelectionUsesNoProxyWithoutCallingAuthorizationHook (53902 ns)
    [ PASSED ] CASE: rejectsAmbiguousNoProxyPatternsAndEndpointPorts (32667 ns)
    TCS: HttpRedirectPolicyTest, time elapsed: 953607 ns, RESULT:
    [ PASSED ] CASE: rewritesPostOn302AndRemovesBodyHeaders (80340 ns)
    [ PASSED ] CASE: stripsSensitiveHeadersOnlyAcrossOrigins (121435 ns)
    [ PASSED ] CASE: rejectsDowngradeLimitAndOneShotReplay (141595 ns)
    [ PASSED ] CASE: resolvesSchemeRelativeAndQueryOnlyLocations (66925 ns)
    [ PASSED ] CASE: resolvesRelativePathsAndRemovesDotSegments (93665 ns)
    TCS: HttpRetryPolicyTest, time elapsed: 553667 ns, RESULT:
    [ PASSED ] CASE: retriesOnlyIdempotentReplayableStructuredFailures (49204 ns)
    [ PASSED ] CASE: explicitSafetyAllowsPostButDisabledAndOneShotFailClosed (52573 ns)
    [ PASSED ] CASE: cancellationDeadlineUnknownAndNeverAreNotRetried (41014 ns)
    [ PASSED ] CASE: goAwayRetriesOnlyDefinitelyUnprocessedSafeReplayableRequests (48734 ns)
    TCS: Http1SseStreamingProfileTest, time elapsed: 3007633465 ns, RESULT:
    [ PASSED ] CASE: http1StreamsWithoutLifetimeAccumulationAndCancels (3007362080 ns)
    TCS: Http2SseStreamingProfileTest, time elapsed: 3038392565 ns, RESULT:
    [ PASSED ] CASE: http2StreamsWithoutLifetimeAccumulationAndPreservesSibling (3038089922 ns)
    TCS: M2005SystemResolverTest, time elapsed: 9997341 ns, RESULT:
    [ PASSED ] CASE: resolvesLocalhostThroughThePublicContract (8562521 ns)
    [ PASSED ] CASE: fixtureReturnsAllCandidatesAndDoesNotInventTtl (25630 ns)
    [ PASSED ] CASE: fixtureAppliesFamilyAndResultBounds (19226 ns)
    [ PASSED ] CASE: fixtureMapsStableErrorsAndRetainsNativeEvidence (17883 ns)
    [ PASSED ] CASE: fixtureCancellationAndDeadlineReturnBeforeNativeCleanup (25025 ns)
    [ PASSED ] CASE: validatesBoundsAndRejectsUseAfterClose (115048 ns)
    TCS: WebSocketHandshakeTest, time elapsed: 51341212 ns, RESULT:
    [ PASSED ] CASE: nativeHttp1UpgradeTransfersFramesAndClosesSession (4340598 ns)
    [ PASSED ] CASE: nativeHttp2ExtendedConnectKeepsSiblingRequestsUsable (46574373 ns)
    TCS: WebSocketConnectionTest, time elapsed: 107303871 ns, RESULT:
    [ PASSED ] CASE: fragmentedUtf8AndAutomaticPongSurviveOneByteTransportReads (170416 ns)
    [ PASSED ] CASE: preCancelledSendPerformsNoIoAndLeavesUntouchedSessionHealthy (78600 ns)
    [ PASSED ] CASE: fragmentedMessageBoundRejectsBeforeWritingAndPreservesProgression (104185 ns)
    [ PASSED ] CASE: roleMaskingAndNonCanonicalLengthFailClosedWithProtocolStatus (198628 ns)
    [ PASSED ] CASE: fragmentedTextRejectsInvalidContinuationAtTheMessageBoundary (110020 ns)
    [ PASSED ] CASE: gracefulCloseEchoesStatusAndCompletesBothOwners (141608 ns)
    [ PASSED ] CASE: handshakeCryptoMatchesRfcVectorAndReturnsCanonicalFreshKeyShape (40293 ns)
    [ PASSED ] CASE: framePayloadIsOwnedAndCloseInputIsStrict (32639 ns)
    [ PASSED ] CASE: boundedDeterministicWireMutationsAreSplitInvariantAndFailClosed (105343362 ns)
Summary: TOTAL: 109
    PASSED: 106, SKIPPED: 3, ERROR: 0
    FAILED: 0
--------------------------------------------------------------------------------------------------
TP: wirestack.internal.resolver, time elapsed: 41028000 ns, RESULT:
    TCS: M2006AppleSystemResolverTest, time elapsed: 11128630 ns, RESULT:
    [ PASSED ] CASE: resolvesLocalhostThroughTheProviderNeutralContract (9704397 ns)
    [ PASSED ] CASE: fixtureReturnsAllCandidatesWithoutInventingTtl (14206 ns)
    [ PASSED ] CASE: fixtureAppliesFamilyAndResultBounds (13557 ns)
    [ PASSED ] CASE: fixtureMapsPosixFailuresAndUnknownCodes (12961 ns)
    [ PASSED ] CASE: fixtureCancellationAndDeadlineReturnBeforeNativeCleanup (11661 ns)
    [ PASSED ] CASE: newResolutionObservesNetworkGenerationChange (12447 ns)
    [ PASSED ] CASE: validatesBoundsAndRejectsUseAfterClose (89015 ns)
    [ PASSED ] CASE: fixtureBoundsAdmissionAndReleasesQueuedWorkAfterClose (12852 ns)
    TCS: M2003BoundedResolverBackendTest, time elapsed: 20059518 ns, RESULT:
    [ PASSED ] CASE: resolvesLocalhostWithBoundedMetricsAndIdempotentClose (8759235 ns)
    [ PASSED ] CASE: appliesIpv4FamilyAndRejectsUseAfterClose (10003686 ns)
    [ PASSED ] CASE: validatesPoolBounds (35052 ns)
    [ PASSED ] CASE: nativeFamilyValidationFailsClosedAndPollingBackoffIsBounded (36698 ns)
    [ PASSED ] CASE: preCancelledContextDoesNotSubmitNativeWork (135543 ns)
    [ PASSED ] CASE: delayedNativeWorkDoesNotStarveCangjieHeartbeat (13084 ns)
    [ PASSED ] CASE: cancellationCompletesPromptlyWhileNativeJobCleansUp (13198 ns)
    [ PASSED ] CASE: deadlineCompletesPromptlyWhileNativeJobCleansUp (13085 ns)
    [ PASSED ] CASE: queueAdmissionIsStrictlyBounded (10646 ns)
    TCS: ResolverContractTest, time elapsed: 434379 ns, RESULT:
    [ PASSED ] CASE: resultOwnsDeduplicatedAddressesAndDoesNotInventTtl (35130 ns)
    [ PASSED ] CASE: staticResolverFiltersFamiliesAndHonorsPreCancellation (43205 ns)
    [ PASSED ] CASE: rejectsEmptyFamilyResultAndInvalidLimits (30384 ns)
    TCS: M2002ResolverPublicContractTest, time elapsed: 681736 ns, RESULT:
    [ PASSED ] CASE: resultOwnsAllTypedCandidatesWithoutInventingTtl (35086 ns)
    [ PASSED ] CASE: staticResolverAppliesFamilyAndResultBounds (29167 ns)
    [ PASSED ] CASE: errorsRetainStablePublicCoordinates (40576 ns)
    [ PASSED ] CASE: cancellationAndDeadlineRemainDistinct (38977 ns)
    [ PASSED ] CASE: constructorsRejectInvalidBoundsAndDiagnostics (29196 ns)
    TCS: M2004WindowsSystemResolverTest, time elapsed: 8423297 ns, RESULT:
    [ PASSED ] CASE: resolvesLocalhostThroughTheProviderNeutralContract (7520387 ns)
    [ PASSED ] CASE: fixtureReturnsAllCandidatesWithoutInventingTtl (22186 ns)
    [ PASSED ] CASE: fixtureAppliesFamilyAndResultBounds (13315 ns)
    [ PASSED ] CASE: fixtureMapsWinsockFailuresAndUnknownCodes (12857 ns)
    [ PASSED ] CASE: fixtureCancellationAndDeadlineReturnBeforeNativeCleanup (12952 ns)
    [ PASSED ] CASE: validatesBoundsAndRejectsUseAfterClose (88830 ns)
Summary: TOTAL: 31
    PASSED: 31, SKIPPED: 0, ERROR: 0
    FAILED: 0
--------------------------------------------------------------------------------------------------
TP: wirestack.internal.transport_stdnet, time elapsed: 198825540 ns, RESULT:
    TCS: StdNetTransportListenerTest, time elapsed: 91726758 ns, RESULT:
    [ PASSED ] CASE: listenerRejectsOutOfRangeBacklogBeforeBinding (294108 ns)
    [ PASSED ] CASE: listenerPreCancelledAndExpiredAcceptsFailFast (223632 ns)
    [ PASSED ] CASE: listenerDeadlineBoundsBlockedAcceptAndListenerRemainsUsable (39036743 ns)
    [ PASSED ] CASE: listenerCancellationWakesActiveAcceptAndListenerRemainsUsable (39462039 ns)
    [ PASSED ] CASE: listenerCloseWakesActiveAcceptWithStructuredErrorAndIsIdempotent (10846334 ns)
    TCS: M123TransportDiagnosticsTest, time elapsed: 705664 ns, RESULT:
    [ PASSED ] CASE: stdNetReportsRuntimeEndpointsAndCapabilitiesWithoutGuessingIoBackend (315344 ns)
    [ PASSED ] CASE: deterministicTransportUsesTheSameProviderNeutralContract (54616 ns)
    TCS: M127BackgroundFastPathTest, time elapsed: 24455691 ns, RESULT:
    [ PASSED ] CASE: backgroundAndObservedPathsTransferEquivalentData (207886 ns)
    [ PASSED ] CASE: backgroundPeerCloseRemainsEof (176319 ns)
    [ PASSED ] CASE: backgroundLocalCloseRaceRemainsClosed (1207285 ns)
    [ PASSED ] CASE: backgroundStillRejectsConcurrentReaders (1281397 ns)
    [ PASSED ] CASE: cancellableAndDeadlineContextsRetainGenericChecks (182862 ns)
    [ PASSED ] CASE: deadlineTimeoutIsClearedBeforeBackgroundRead (20438589 ns)
    TCS: Net06CancellationGateTest, time elapsed: 5700246 ns, RESULT:
    [ PASSED ] CASE: cancelledReadsReleaseSocketsWaitersAndTasks (5398063 ns)
    TCS: StdNetTransportTest, time elapsed: 73488513 ns, RESULT:
    [ PASSED ] CASE: writeSomeIsPartialAndReusesBoundedConnectionStaging (473252 ns)
    [ PASSED ] CASE: wholeArrayReadAndWriteBypassStagingForATypicalTlsRecord (2533425 ns)
    [ PASSED ] CASE: subrangesRetainBoundedStagingAndCopyAccounting (213873 ns)
    [ PASSED ] CASE: connectsByResolvedIpAndTransfersBothDirections (241104 ns)
    [ PASSED ] CASE: emptyOperationsAreImmediate (231553 ns)
    [ PASSED ] CASE: unsupportedHalfClosePreservesBothDirections (276436 ns)
    [ PASSED ] CASE: cancellationAbortRemainsNativeOwnerAfterLaterClose (1208328 ns)
    [ PASSED ] CASE: listenerCloseWakesBlockedAcceptAsClosed (1118101 ns)
    [ PASSED ] CASE: cancellingOneAcceptLeavesListenerReusable (29233761 ns)
    [ PASSED ] CASE: preCancelledConnectDoesNotCreateASocket (55799 ns)
    [ PASSED ] CASE: peerGracefulCloseIsReportedAsEof (207848 ns)
    [ PASSED ] CASE: deadlineBoundsBlockedReadWithoutClosingConnection (30328643 ns)
    [ PASSED ] CASE: localCloseMapsBlockedReadWithStableEvidence (1224487 ns)
    [ PASSED ] CASE: explicitAbortWakesBlockedReadWithStableEvidence (1195146 ns)
    [ PASSED ] CASE: gracefulNativeCloseRemainsGracefulAfterLaterAbort (216717 ns)
    [ PASSED ] CASE: explicitAbortRemainsNativeOwnerAfterLaterClose (194496 ns)
    [ PASSED ] CASE: unknownConnectFailureMapsWithoutMessageOrNativeCode (127698 ns)
    [ PASSED ] CASE: concurrentReadsFailWithoutDisturbingTheActiveRead (1266857 ns)
    [ PASSED ] CASE: happyEyeballsComposesWithTheDefaultStdNetFactory (340542 ns)
Summary: TOTAL: 50
    PASSED: 33, SKIPPED: 17, ERROR: 0
    FAILED: 0
--------------------------------------------------------------------------------------------------
TP: wirestack.net, time elapsed: 1537279358 ns, RESULT:
    TCS: DnsClientWireTest, time elapsed: 975625870 ns, RESULT:
    [ PASSED ] CASE: publicQueryAndLookupUseRealUdpAndRetainAbsoluteCacheExpiry (2631191 ns)
    [ PASSED ] CASE: publicQueryEncodesEveryModeledRecordType (8156980 ns)
    [ PASSED ] CASE: wrongSourceIdAndQuestionAreIgnoredBeforeValidUdpResponse (1046276 ns)
    [ PASSED ] CASE: validatedTruncationFallsBackToExactTcpFrame (1247404 ns)
    [ PASSED ] CASE: activeCancellationRetainsNameserverWithoutRetry (60402954 ns)
    [ PASSED ] CASE: silentDnsAttemptsLeaveBudgetForServerAndPassFailover (504109775 ns)
    [ PASSED ] CASE: exhaustedResponseCodesRetainTheLastRespondingNameserver (1790035 ns)
    [ PASSED ] CASE: unsupportedResponseCodeRetainsRespondingNameserver (921793 ns)
    [ PASSED ] CASE: dnsTransportFailuresRetainSelectedNameserver (253403525 ns)
    [ PASSED ] CASE: tcpResponseCannotRemainTruncated (2110521 ns)
    [ PASSED ] CASE: malformedMatchingResponseAndUnrelatedSectionsCannotPoisonCache (4880570 ns)
    [ PASSED ] CASE: cnameTraversalUsesAnswerOwnersAndRejectsConflictingTargets (2047832 ns)
    [ PASSED ] CASE: fullResultCapacityDoesNotQueryAnotherFamily (60551276 ns)
    [ PASSED ] CASE: rfc2308CacheRetainsNxdomainVersusNodataWithoutNewPackets (5595061 ns)
    [ PASSED ] CASE: zeroTtlNeverCreatesAPositiveCacheEntry (3643167 ns)
    [ PASSED ] CASE: callerCancellationAndClientCloseWakeActiveNativeReceive (3469052 ns)
    [ PASSED ] CASE: anyFamilyRetainsAddressesWhenTheOtherFamilyFails (7491759 ns)
    [ PASSED ] CASE: crossFamilyConflictsRetainTheLivePeerAlongsideCachedResults (8017046 ns)
    [ PASSED ] CASE: nxdomainInvalidatesVisitedTargetsAndOtherCachedAliases (28675916 ns)
    [ PASSED ] CASE: everyNxdomainInvalidatesPreviouslyCachedAddresses (5151795 ns)
    [ PASSED ] CASE: noncacheableNxdomainStopsOtherFamilyQueries (2065605 ns)
    [ PASSED ] CASE: nameWideNegativeOverridesEarlierFamilyFailure (2138049 ns)
    [ PASSED ] CASE: boundedAdmissionRejectsExcessAndCloseWakesQueuedCallers (1359198 ns)
    TCS: DnsResolverPolicyTest, time elapsed: 284687495 ns, RESULT:
    [ PASSED ] CASE: fromSystemParsesTabsCommentsLastSearchAndClampedNdots (313639 ns)
    [ PASSED ] CASE: directConfigRejectsUnsupportedNameserverZonesBeforeQueries (30752 ns)
    [ PASSED ] CASE: numericNameserverZonesUseCanonicalEndpointIdentity (37500 ns)
    [ PASSED ] CASE: systemNameserversRetainOnlySupportedNumericZones (270237 ns)
    [ PASSED ] CASE: equivalentNameserverScopesDoNotConsumeTheServerLimit (208412 ns)
    [ PASSED ] CASE: configOwnsInputArraysAndReturnsDefensiveCopies (40458 ns)
    [ PASSED ] CASE: adoptedClientRequiresMatchingConfigurationWithoutTakingRejectedOwnership (137037 ns)
    [ PASSED ] CASE: systemFilesFailClosedWhenMissingOversizedOrNonregular (12974717 ns)
    [ PASSED ] CASE: ipv4LiteralsBypassHostsSearchAndNameservers (60302618 ns)
    [ PASSED ] CASE: hostsSnapshotRetainsOnlyUsableIpv6Zones (400683 ns)
    [ PASSED ] CASE: hostsAliasesFilterFamiliesAndRemainSnapshotted (540239 ns)
    [ PASSED ] CASE: trailingRootSkipsSearchWhileNdotsSelectsSearchOrAbsoluteFirst (4173031 ns)
    [ PASSED ] CASE: exactHostsEntryWinsBeforeSearchSuffixDns (201133924 ns)
    [ PASSED ] CASE: cancelledExpiredAndClosedCallsRetainPublicResolveClassifications (435215 ns)
    [ PASSED ] CASE: connectUsesHostsMappingForANativeListenerExchange (863008 ns)
    [ PASSED ] CASE: resolverConnectCarriesOneAbsoluteDeadlineIntoNativeTcpAdmission (451645 ns)
    TCS: DnsWireParserTest, time elapsed: 45350301 ns, RESULT:
    [ PASSED ] CASE: decodesCompressedTargetsBinaryTxtSoaAndUnknownData (165847 ns)
    [ PASSED ] CASE: recordOrderMakesAnswerAuthorityAndAdditionalBoundariesExplicit (80399 ns)
    [ PASSED ] CASE: summariesAndRecordsOwnParserAndConstructorInputs (49020 ns)
    [ PASSED ] CASE: publicSummaryRejectsCountsBeyondWireAndCombinedRecordBounds (42848276 ns)
    [ PASSED ] CASE: parserPreservesQuestionIdentityAndRejectsIncompleteRecords (72642 ns)
    [ PASSED ] CASE: asciiNameProfileRejectsAmbiguousLabels (76532 ns)
    [ PASSED ] CASE: compressionLoopsForwardPointersAndOutOfRangePointersAreRejected (50788 ns)
    [ PASSED ] CASE: expandedNameAndSectionCountsRespectConfiguredBounds (56485 ns)
    [ PASSED ] CASE: completeParserRejectsTrailingAndTruncatedSectionBytes (34466 ns)
    [ PASSED ] CASE: typedRdataLengthsAndTxtSegmentsAreExact (56120 ns)
    [ PASSED ] CASE: compressedRdataNamesCannotConsumeNeighboringRecordBytes (48607 ns)
    [ PASSED ] CASE: srvTargetCompressionIsRejectedEvenWhenPointerIsInBounds (31278 ns)
    [ PASSED ] CASE: summaryConstructorRejectsSectionMetadataThatCouldBlurBoundaries (15152 ns)
    [ PASSED ] CASE: additionalOwnerMayReferenceAuthorityNameserverTarget (43012 ns)
    [ PASSED ] CASE: additionalOwnerMayReferenceSecondLegacyMailboxName (58357 ns)
    TCS: DnsWireFuzzTest, time elapsed: 98844175 ns, RESULT:
    [ PASSED ] CASE: wireMutationsRejectMalformedMessagesOrRetainOwnedSections (98643815 ns)
    TCS: M8002TcpListenerTest, time elapsed: 59822341 ns, RESULT:
    [ PASSED ] CASE: bindRejectsInvalidBacklogAndStoppedContextsWithStructuredErrors (74343 ns)
    [ PASSED ] CASE: bindFailureRetainsPublicCoordinatesAndCause (104838 ns)
    [ PASSED ] CASE: cancelledAndExpiredAcceptsLeaveListenerReusable (25483616 ns)
    [ PASSED ] CASE: acceptedStreamTransfersExactDataInBothDirections (1289321 ns)
    [ PASSED ] CASE: overlappingAcceptIsRejectedWithoutCreatingAPendingQueue (29357553 ns)
    [ PASSED ] CASE: stoppedCloseAdmissionHasNoNativeEffectAndListenerRemainsUsable (546724 ns)
    [ PASSED ] CASE: gracefulAndAbortTerminalOwnersAreStableAndWakeAccept (282089 ns)
    TCS: M8002UdpSocketTest, time elapsed: 34303380 ns, RESULT:
    [ PASSED ] CASE: datagramBoundariesAndOwnedPayloadSurviveScratchReuse (334768 ns)
    [ PASSED ] CASE: exactCapacityAndTruncationDiscardOnlyTheCurrentDatagramTail (256831 ns)
    [ PASSED ] CASE: connectedSocketSelectsNativePeerAndFiltersOtherSenders (361669 ns)
    [ PASSED ] CASE: invalidAndUnsupportedInputsLeaveSocketReusable (1934188 ns)
    [ PASSED ] CASE: cancellationDeadlineCloseAndAbortRetainDistinctState (30409862 ns)
    TCS: NetworkFoundationContractTest, time elapsed: 37963739 ns, RESULT:
    [ PASSED ] CASE: unixEndpointFormsAreDistinctAndOwned (14702 ns)
    [ PASSED ] CASE: unixEndpointRejectsUnboundedNames (20699 ns)
    [ PASSED ] CASE: rawSocketCapabilityBoundaryRequiresDomainSpecificProtocol (36988 ns)
    [ PASSED ] CASE: cancelledConnectFailsBeforeSocketCreation (33563 ns)
    [ PASSED ] CASE: tcpStreamCancellationDistinguishesUntouchedFromAbortedDelegate (71046 ns)
    [ PASSED ] CASE: tcpStreamGracefulCloseIsRetainedAndIdempotent (20997 ns)
    [ PASSED ] CASE: tcpStreamTerminalCloseSkipsStoppedContextsAndCallerClock (69983 ns)
    [ PASSED ] CASE: tcpStreamNonterminalStoppedCloseAdmissionStillRejects (53406 ns)
    [ PASSED ] CASE: tcpStreamCloseNormalizesContextFailureWithoutTakingOwnership (46637 ns)
    [ PASSED ] CASE: tcpStreamAbortRetainsItsCauseAndConnectionFacts (103340 ns)
    [ PASSED ] CASE: tcpStreamDirectionalShutdownPublishesOnlySuccessfulTransitions (48894 ns)
    [ PASSED ] CASE: tcpStreamReadShutdownRejectsEveryReadPathWithoutLosingWrites (62504 ns)
    [ PASSED ] CASE: tcpStreamWriteShutdownRejectsEveryWritePathWithoutLosingReads (64710 ns)
    [ PASSED ] CASE: tcpStreamEmptyOperationsRemainImmediateAfterDirectionalShutdown (36871 ns)
    [ PASSED ] CASE: tcpStreamReadExactAddsCapturedEndpointsToUnexpectedEof (39074 ns)
    [ PASSED ] CASE: tcpStreamReadKeepsPeerEofGraceful (22687 ns)
    [ PASSED ] CASE: tcpStreamReadExactMergesCapturedAndStructuredEndpointMetadata (47371 ns)
    [ PASSED ] CASE: tcpStreamIoConflictsRetainCapturedEndpointsWithoutClosing (104594 ns)
    [ PASSED ] CASE: tcpStreamDirectionalShutdownDoesNotPromoteWokenIoToFailure (66458 ns)
    [ PASSED ] CASE: tcpStreamFinalShutdownRemainsGracefulWhenItWakesIo (44676 ns)
    [ PASSED ] CASE: tcpStreamFailuresRetainOriginalErrorAndReleaseDelegate (75111 ns)
    [ PASSED ] CASE: tcpStreamRetainsNativeCancellationOwnership (1413059 ns)
    [ PASSED ] CASE: tcpStreamNormalizesUnexpectedDelegateFailures (188158 ns)
    [ PASSED ] CASE: tcpStreamPrecancelledIoCannotClaimAnotherClosesOwnership (101834 ns)
    [ PASSED ] CASE: tcpStreamCancellationOwnershipSurvivesOtherObservers (75885 ns)
    [ PASSED ] CASE: tcpStreamAbortCannotRelabelClaimedGracefulNativeClose (32430 ns)
    [ PASSED ] CASE: tcpStreamAbortOwnershipSurvivesCompetingIoAndLateCloseFailure (53826 ns)
    [ PASSED ] CASE: tcpStreamCancellationBoundsCloseWaitAndLateSuccessRemainsGraceful (76776 ns)
    [ PASSED ] CASE: tcpStreamJoiningBackgroundCloseWaitsForCompletion (28267294 ns)
    [ PASSED ] CASE: tcpStreamDeadlineBoundsCloseWaitAndLateSuccessRemainsGraceful (67328 ns)
    [ PASSED ] CASE: tcpStreamLateCloseFailurePublishesFailedWithoutReplacingCallerCancellation (87446 ns)
    [ PASSED ] CASE: tcpStreamAbortRemainsTerminalWhenDetachedCloseFailsLate (103845 ns)
    [ PASSED ] CASE: tcpStreamCloseKeepsGracefulCauseWhenItWakesARead (54148 ns)
    [ PASSED ] CASE: unsafeOptionValueIsBoundedAndOwnedWithoutApplyingIt (85769 ns)
    [ PASSED ] CASE: datagramResultEnforcesTheIpv4PayloadBound (1901413 ns)
    [ PASSED ] CASE: datagramResultSurvivesReceiveBufferReuse (12271 ns)
Summary: TOTAL: 103
    PASSED: 103, SKIPPED: 0, ERROR: 0
    FAILED: 0
--------------------------------------------------------------------------------------------------
TP: wirestack.tls, time elapsed: 93357572 ns, RESULT:
    TCS: PublicTlsFacadeTest, time elapsed: 77689561 ns, RESULT:
    [ PASSED ] CASE: clientBuilderRejectsReversedVersionRangeBeforeTransportIo (46334842 ns)
    [ PASSED ] CASE: serverBuilderRequiresAnIdentityBeforeTransportIo (7451986 ns)
    [ PASSED ] CASE: clientBuilderCopiesAlpnAndPublishesProviderNeutralCapabilities (7605595 ns)
    [ PASSED ] CASE: preCancelledHandshakeConsumesAndAbortsTheTransport (15026142 ns)
    TCS: TlsRuntimeTest, time elapsed: 15588695 ns, RESULT:
    [ PASSED ] CASE: reportsHandleFreeLinuxProviderAndBuildIdentity (7661510 ns)
    [ PASSED ] CASE: returnsDefensiveCopiesOfRuntimeInventories (7530174 ns)
Summary: TOTAL: 6
    PASSED: 6, SKIPPED: 0, ERROR: 0
    FAILED: 0
--------------------------------------------------------------------------------------------------
TP: wirestack.internal.http2, time elapsed: 2507954125 ns, RESULT:
    TCS: Http2ClientConnectionTest, time elapsed: 18851695 ns, RESULT:
    [ PASSED ] CASE: encodedHeaderFailureClosesTheConnection (964863 ns)
    [ PASSED ] CASE: tenConcurrentRequestsShareOneConnectionAndMapOutOfOrderResponses (1997154 ns)
    [ PASSED ] CASE: claimedStreamsPublishInitialHeadersInStreamIdOrder (2196786 ns)
    [ PASSED ] CASE: cancelledUnpublishedStreamDoesNotBlockNextClaim (1632710 ns)
    [ PASSED ] CASE: declaredLengthDoesNotReleaseStreamBeforeWireEndStream (599904 ns)
    [ PASSED ] CASE: streamsRequestBodyThroughFlowControlledDataAndEndsLocallyOnce (901337 ns)
    [ PASSED ] CASE: peerResetFailsOnlyItsStreamAndConnectionRemainsUsable (1614849 ns)
    [ PASSED ] CASE: peerGoAwayDrainsConnectionWithoutFailingAcceptedStream (610399 ns)
    [ PASSED ] CASE: connectedStreamOutlivesHandshakeCancellationAndUsesOperationContexts (1619698 ns)
    [ PASSED ] CASE: rejectedConnectReturnsFullResponseAndClosesRequestDirection (1505689 ns)
    [ PASSED ] CASE: enabledPushAttachesBoundedCallerDrivenResponses (3228901 ns)
    TCS: Http2ClientMappingTest, time elapsed: 3258285 ns, RESULT:
    [ PASSED ] CASE: requestMapsOrderedPseudoFieldsAuthorityAndSensitiveHeaders (97010 ns)
    [ PASSED ] CASE: connectUsesOnlyMethodAndAuthorityPseudoFields (79533 ns)
    [ PASSED ] CASE: connectStreamMappingKeepsBothDataDirectionsOpen (97377 ns)
    [ PASSED ] CASE: requestRejectsAuthorityFramingAndConnectionAmbiguity (237416 ns)
    [ PASSED ] CASE: requestHeaderListHonorsHttp2BoundsBeforeHpackMutation (63730 ns)
    [ PASSED ] CASE: requestBodyProvesEofBeforeOneTerminalTrailerBlock (114316 ns)
    [ PASSED ] CASE: requestBodyRejectsPrematureEofAndConfiguredOverflow (130003 ns)
    [ PASSED ] CASE: responseMapsInformationalFinalDataAndTrailersInOrder (95272 ns)
    [ PASSED ] CASE: responseRejectsPseudoOrderCaseAndConnectionFieldsAsStreamErrors (110831 ns)
    [ PASSED ] CASE: responseRejectsInvalidStatusAndTooManyInformationalHeads (160559 ns)
    [ PASSED ] CASE: responseContentLengthMustMatchExactlyAtEndStream (182211 ns)
    [ PASSED ] CASE: streamingResponseMayExceedTheConfiguredRequestBodyBound (28279 ns)
    [ PASSED ] CASE: bodylessAndConnectResponseRulesAreExplicit (110131 ns)
    [ PASSED ] CASE: responseTrailersRequireFinalEndStreamAndRegularAllowedFields (101449 ns)
    [ PASSED ] CASE: promisedRequestValidationPrecedesApplicationPolicy (142454 ns)
    TCS: Http2ClientPushOwnershipTest, time elapsed: 414269 ns, RESULT:
    [ PASSED ] CASE: resetLostOfferIsClosedAndNextOfferRemainsDeliverable (205369 ns)
    TCS: Http2ConformanceTest, time elapsed: 5940933 ns, RESULT:
    [ PASSED ] CASE: invalidFrameOrderMatrixFailsAtConnectionScope (357368 ns)
    [ PASSED ] CASE: continuationSequenceCompletesOnlyOnEndHeaders (164561 ns)
    [ PASSED ] CASE: rstStreamAndGoAwayRaceCompletesOwnerOnceAndCleansRegistrations (4989175 ns)
    TCS: Http2ConnectionStateMachineTest, time elapsed: 5181155 ns, RESULT:
    [ PASSED ] CASE: clientStartEmitsMagicAndSettingsThenPeerSettingsOpens (33563 ns)
    [ PASSED ] CASE: serverConsumesIncrementalMagicBeforeItsFirstSettings (49362 ns)
    [ PASSED ] CASE: invalidOrIncompletePrefaceFailsOnceWithProtocolEvidence (49094 ns)
    [ PASSED ] CASE: firstPeerFrameMustBeNonAcknowledgementSettings (47619 ns)
    [ PASSED ] CASE: openConnectionAppliesSettingsAndCompletesHeaderBlocks (34681 ns)
    [ PASSED ] CASE: peerGoAwayDrainsAndMayOnlyNarrowItsBoundary (48668 ns)
    [ PASSED ] CASE: localDrainUsesProcessedPeerBoundaryAndNeverIncreases (48572 ns)
    [ PASSED ] CASE: racingFinishTransitionsAndPublishesCompletionExactlyOnce (4042785 ns)
    TCS: Http2DeterministicFuzzTest, time elapsed: 59178936 ns, RESULT:
    [ PASSED ] CASE: frameParserDeterministicMutationCorpusStaysBounded (4950557 ns)
    [ PASSED ] CASE: hpackDecoderDeterministicMutationCorpusFailsClosed (53610283 ns)
    [ PASSED ] CASE: protocolLimitBoundaryMutationsRejectOversizedInputs (60593 ns)
    TCS: Http2FlowControllerTest, time elapsed: 2237431452 ns, RESULT:
    [ PASSED ] CASE: windowUpdateCodecIgnoresReservedBitAndRejectsZeroByScope (29573 ns)
    [ PASSED ] CASE: reservationsRespectConnectionStreamAndPeerFrameCredit (49722 ns)
    [ PASSED ] CASE: settingsShrinkPausesReservedDataAndCancellationReleasesIt (44276 ns)
    [ PASSED ] CASE: streamWindowUpdateWakesAReservedPermitAfterSettingsShrink (34616 ns)
    [ PASSED ] CASE: concurrentTryReserveNeverOvercommitsOneStream (480073 ns)
    [ PASSED ] CASE: receiveCreditReturnsOnlyAfterApplicationConsumption (53530 ns)
    [ PASSED ] CASE: smallReceiveReadsCoalesceWindowUpdates (130224 ns)
    [ PASSED ] CASE: stalledConnectionCreditFlushesOnceWithoutChangingSmallReadCoalescing (22910 ns)
    [ PASSED ] CASE: leastRecentlyServedStreamsReceiveCreditBeforeThePreviousOwner (2234986772 ns)
    [ PASSED ] CASE: connectionSendWindowIsSharedAcrossStreams (34349 ns)
    [ PASSED ] CASE: connectionAndStreamWindowViolationsHaveCorrectScope (32430 ns)
    [ PASSED ] CASE: settingsAndWindowOverflowFailAtomically (36812 ns)
    [ PASSED ] CASE: streamCleanupCancelsPermitsAndRestoresOnlyConnectionReceiveCredit (27568 ns)
    [ PASSED ] CASE: dataAccountingUsesTheEntireFramePayload (16045 ns)
    TCS: Http2FrameCodecTest, time elapsed: 792491 ns, RESULT:
    [ PASSED ] CASE: everyRequiredFrameEnvelopeRoundTrips (60076 ns)
    [ PASSED ] CASE: parserAcceptsEverySingleByteBoundaryAndMultipleFrames (36023 ns)
    [ PASSED ] CASE: incompleteInputStaysBoundedUntilCompletion (15781 ns)
    [ PASSED ] CASE: oversizedFrameFailsBeforePayloadBufferingAndParserBecomesTerminal (36141 ns)
    [ PASSED ] CASE: reservedBitIsIgnoredOnReadAndClearedOnWrite (13486 ns)
    [ PASSED ] CASE: unknownFramesAndFlagsRoundTripWithoutInterpretation (15004 ns)
    [ PASSED ] CASE: transportWriterHandlesRepeatedPartialWrites (27848 ns)
    TCS: Http2FrameModelTest, time elapsed: 676225 ns, RESULT:
    [ PASSED ] CASE: frameAndErrorCodesRoundTripIncludingExtensions (21480 ns)
    [ PASSED ] CASE: streamIdentifierIgnoresReservedBitAndKeepsThirtyOneBits (7855 ns)
    [ PASSED ] CASE: limitsAreExplicitAndFrameSizeIsBounded (19239 ns)
    [ PASSED ] CASE: fixedFrameShapesAndStreamScopesAreValidated (30046 ns)
    [ PASSED ] CASE: settingsRejectInvalidProtocolValuesButRetainExtensions (35032 ns)
    [ PASSED ] CASE: unknownFlagsAndFramesRemainForwardCompatible (9138 ns)
    TCS: Http2GoAwayManagerTest, time elapsed: 4329580 ns, RESULT:
    [ PASSED ] CASE: peerBoundaryRetiresOnlyDefinitelyUnprocessedStreams (100666 ns)
    [ PASSED ] CASE: narrowingBoundaryWakesEachNewlyExcludedOwnerExactlyOnce (54654 ns)
    [ PASSED ] CASE: localDrainQueuesGoAwayAndStopsAdmissionBeforeWriterRuns (45894 ns)
    [ PASSED ] CASE: fabricatedReceiveResultCannotDrainAnOpenCoordinator (36152 ns)
    [ PASSED ] CASE: racingAdmissionAndGoAwayNeverLeavesAnExcludedStreamActive (3571681 ns)
    TCS: Http2HeaderBlockAssemblerTest, time elapsed: 894544 ns, RESULT:
    [ PASSED ] CASE: sameStreamContinuationsAssembleInExactOrder (27534 ns)
    [ PASSED ] CASE: continuationWithoutStartWrongStreamAndInterleavingFailConnection (46130 ns)
    [ PASSED ] CASE: paddingAndPriorityOverheadAreExcludedFromHeaderBytes (25117 ns)
    [ PASSED ] CASE: pushPromiseRetainsPromisedStreamAndFragmentOnly (19035 ns)
    [ PASSED ] CASE: invalidPaddingPriorityAndSelfDependencyFailClosed (44171 ns)
    [ PASSED ] CASE: accumulatedCompressedBytesHaveOneHardLimit (24560 ns)
    TCS: Http2ConnectionHealthTest, time elapsed: 606732 ns, RESULT:
    [ PASSED ] CASE: pingCodecAndConnectionAckPreserveOpaqueBytes (38289 ns)
    [ PASSED ] CASE: idleProbeIsSingleOutstandingAndMatchingAckRestoresHealth (148985 ns)
    [ PASSED ] CASE: ordinaryActivityDefersIdleProbeWithoutAllocatingATimer (20557 ns)
    TCS: Http2ConnectionCloserTest, time elapsed: 1251420 ns, RESULT:
    [ PASSED ] CASE: gracefulCloseSendsGoAwayWaitsForStreamAndClosesTransportOnce (112453 ns)
    [ PASSED ] CASE: expiredCloseAbortsActiveStreamsWithoutStartingGracefulIo (64344 ns)
    [ PASSED ] CASE: racingShorterDeadlineUpgradesInFlightGracefulCloseToOneAbort (73848 ns)
    [ PASSED ] CASE: concurrentGracefulCallersShareOneTerminalResultAndTransportClose (222079 ns)
    [ PASSED ] CASE: failedGracefulTransportCloseFallsBackToOneAbort (96920 ns)
    TCS: HpackBlockTest, time elapsed: 2517549 ns, RESULT:
    [ PASSED ] CASE: rfcRequestBlocksDecodeWithSharedDynamicState (58066 ns)
    [ PASSED ] CASE: encoderMatchesFirstRfcHuffmanRequestExample (70122 ns)
    [ PASSED ] CASE: literalModesPreserveNeverIndexedAndOnlyIncrementalMutatesTable (1493663 ns)
    [ PASSED ] CASE: tableSizeUpdateMustLeadBlockAndRespectAllowedMaximum (25256 ns)
    [ PASSED ] CASE: headerCountListAndCompressedLimitsFailClosed (217449 ns)
    [ PASSED ] CASE: peerCapacityUpdateIsEmittedBeforeHeaders (18485 ns)
    TCS: HpackCoreTest, time elapsed: 1086884 ns, RESULT:
    [ PASSED ] CASE: rfcIntegerVectorsEncodeAndDecodeExactly (13982 ns)
    [ PASSED ] CASE: integerRejectsTruncationOverflowAndInvalidPrefix (42071 ns)
    [ PASSED ] CASE: rawStringRoundTripsAndOwnsItsBytes (23249 ns)
    [ PASSED ] CASE: stringLengthLimitAndTruncationFailBeforeCopy (145406 ns)
    [ PASSED ] CASE: staticTableMatchesRfcBoundariesAndRepresentativeEntries (32227 ns)
    [ PASSED ] CASE: everyStaticEntryHasBoundedRfcAccounting (91925 ns)
    TCS: HpackDynamicTableTest, time elapsed: 1129129 ns, RESULT:
    [ PASSED ] CASE: newestEntryUsesIndexSixtyTwoAndOlderEntriesShift (17203 ns)
    [ PASSED ] CASE: exactRfcAccountingEvictsOldestEntriesFirst (35025 ns)
    [ PASSED ] CASE: oversizedEntryClearsTheEntireTableWithoutInsertion (24389 ns)
    [ PASSED ] CASE: capacityShrinkEvictsImmediatelyAndPeerLimitIsHard (31914 ns)
    [ PASSED ] CASE: withoutIndexingNeverIndexedAndSensitiveNeverEnterState (20593 ns)
    [ PASSED ] CASE: staticAndDynamicSearchReturnCanonicalLowestIndexes (108354 ns)
    [ PASSED ] CASE: zeroCapacityRetainsNoEntries (14450 ns)
    TCS: HpackHuffmanTest, time elapsed: 41161235 ns, RESULT:
    [ PASSED ] CASE: rfcRequestExamplesEncodeAndDecodeExactly (5107579 ns)
    [ PASSED ] CASE: everyOctetRoundTripsWithinAnExplicitBound (33675530 ns)
    [ PASSED ] CASE: huffmanStringLiteralUsesFlagAndSharedBounds (747022 ns)
    [ PASSED ] CASE: eosInvalidPaddingAndTruncatedPrefixFailClosed (323767 ns)
    [ PASSED ] CASE: decodedAndEncodedOutputLimitsApplyBeforeGrowth (706412 ns)
    TCS: Http2ConnectionReaderTest, time elapsed: 2783001 ns, RESULT:
    [ PASSED ] CASE: oneReaderDecodesEveryByteBoundaryAndDispatchesInWireOrder (389445 ns)
    [ PASSED ] CASE: serverConsumesMagicAndFirstFrameFromTheSameRead (244748 ns)
    [ PASSED ] CASE: eofDuringPrefaceOrFrameFailsAndWakesEveryStream (612047 ns)
    [ PASSED ] CASE: invalidTransportProgressAndHandlerFailureBecomeTerminal (472071 ns)
    [ PASSED ] CASE: readerLoopCanOnlyBeClaimedOnce (237903 ns)
    [ PASSED ] CASE: terminationRegistryIsBoundedRemovableAndExactlyOnce (192152 ns)
    [ PASSED ] CASE: readerRegistryReservesOneListenerBeyondTheStreamLimit (27022 ns)
    TCS: Http2ServerMappingTest, time elapsed: 6721820 ns, RESULT:
    [ PASSED ] CASE: requestHeadMapsPseudoFieldsHostAndContentLength (63705 ns)
    [ PASSED ] CASE: connectAndOptionsTargetsAreMappedStrictly (82215 ns)
    [ PASSED ] CASE: requestRejectsPseudoOrderCaseConnectionAndAuthorityAmbiguity (109051 ns)
    [ PASSED ] CASE: paddedDataReturnsAllFlowCreditAndPublishesTrailers (108001 ns)
    [ PASSED ] CASE: requestQueueIsBoundedBeforeFlowAccountingMutates (72865 ns)
    [ PASSED ] CASE: terminalLengthMismatchDoesNotConsumeFlowWindow (56602 ns)
    [ PASSED ] CASE: responseHeadersBodyFlowAndTrailersMapInOrder (476663 ns)
    [ PASSED ] CASE: streamingResponseMayExceedTheConfiguredRequestBodyBound (638916 ns)
    [ PASSED ] CASE: responseRulesCloseBodiesOnEveryTerminalOrFailurePath (68152 ns)
    [ PASSED ] CASE: handlerRunsOnceAndReleasesRequestOwnership (89324 ns)
    [ PASSED ] CASE: invalidDuplexResponseReleasesPreServeHandoffExactlyOnce (3989195 ns)
    TCS: Http2ServerPushLifecycleTest, time elapsed: 100026901 ns, RESULT:
    [ PASSED ] CASE: largePushDoesNotDelayParentHeadersUntilPushCreditReturns (46523005 ns)
    [ PASSED ] CASE: cancelledPushReleasesItsWorkerSlotForTheNextParent (30118788 ns)
    [ PASSED ] CASE: crossOriginPushIsRejectedAndItsResponseIsClosedBeforeAnyOffer (1862284 ns)
    [ PASSED ] CASE: parentResetWhileWaitingForPushSlotIsRevalidatedBeforeReservation (6938802 ns)
    [ PASSED ] CASE: resetOfBlockedPushDoesNotBlockReaderOrReleaseWorkerSlotEarly (8486744 ns)
    [ PASSED ] CASE: blockingHeaderOnlyBodyCloseDoesNotDelayInboundReset (3351716 ns)
    [ PASSED ] CASE: duplexHandlerReturnAbortsBothStreamDirections (1604525 ns)
    TCS: Http2SettingsTest, time elapsed: 1336762 ns, RESULT:
    [ PASSED ] CASE: codecPreservesKnownUnknownAndRepeatedSettingsInOrder (24262 ns)
    [ PASSED ] CASE: peerBatchAppliesAtomicallyAndReturnsAckAndWindowDelta (24587 ns)
    [ PASSED ] CASE: invalidPeerBatchLeavesEffectiveStateUnchanged (32500 ns)
    [ PASSED ] CASE: localBatchesAreAcknowledgedInFifoOrder (31385 ns)
    [ PASSED ] CASE: unexpectedAckAndPendingBatchOverflowFailClosed (39879 ns)
    [ PASSED ] CASE: advertisedResourceValuesAreCappedByLocalPolicy (22257 ns)
    [ PASSED ] CASE: settingsFrameLengthAndAckPayloadAreRejectedByFrameLayer (38557 ns)
    [ PASSED ] CASE: peerDefaultsAreRfcValuesCappedSeparatelyFromLocalAdvertisement (32465 ns)
    [ PASSED ] CASE: clientPushAdvertisementUsesItsOwnFiniteAdmissionBound (17262 ns)
    [ PASSED ] CASE: serverEnablePushSettingIsRejectedInBothDirections (28876 ns)
    TCS: Http2StreamLifecycleTest, time elapsed: 3758336 ns, RESULT:
    [ PASSED ] CASE: bothEndStreamOrdersReachClosedExactlyOnce (26656 ns)
    [ PASSED ] CASE: initialEndStreamHalfClosesTheInitiatingSide (19494 ns)
    [ PASSED ] CASE: clientAndServerAllocateCorrectMonotonicParity (22495 ns)
    [ PASSED ] CASE: peerParityReuseAndDecreasingIdsFailConnection (39183 ns)
    [ PASSED ] CASE: localAndPeerConcurrencyLimitsAreIndependentAndCapacityReturns (47784 ns)
    [ PASSED ] CASE: invalidHalfClosedDirectionsAndUnknownStreamsFailClosed (48051 ns)
    [ PASSED ] CASE: readerTerminationClosesAndUnregistersEveryActiveStream (118035 ns)
    [ PASSED ] CASE: racingAdmissionNeverExceedsConfiguredBoundOrDuplicatesIds (837122 ns)
    [ PASSED ] CASE: racingEndDirectionsCompleteAndCleanupExactlyOnce (1387124 ns)
    TCS: Http2StreamResetManagerTest, time elapsed: 2798522 ns, RESULT:
    [ PASSED ] CASE: rstCodecPreservesKnownAndExtensionCodes (82981 ns)
    [ PASSED ] CASE: localCancelQueuesResetAndReleasesOnlyItsStream (108579 ns)
    [ PASSED ] CASE: peerResetCancelsQueuedDataPermitsAndWakesOwnerOnce (99296 ns)
    [ PASSED ] CASE: resetWakesBlockedServerBodyWithoutClosingConnection (111209 ns)
    [ PASSED ] CASE: racingLocalAndPeerResetCompletesEveryStreamExactlyOnce (1438981 ns)
    [ PASSED ] CASE: queuePressureIsAtomicAndCleanupCreditStaysBoundedForRetry (103835 ns)
    TCS: Http2WriteSchedulerTest, time elapsed: 3825810 ns, RESULT:
    [ PASSED ] CASE: controlPrecedesDataAndPartialWritesDrainGracefully (111644 ns)
    [ PASSED ] CASE: controlBurstIsBoundedAndDataStreamsRotateFairly (190666 ns)
    [ PASSED ] CASE: queueCountAndBytesAreHardAndCancellationReleasesCapacity (66073 ns)
    [ PASSED ] CASE: concurrentProducersStillUseExactlyOneWriter (942031 ns)
    [ PASSED ] CASE: abortInterruptsActiveWriteAndFailsEveryTicket (60269 ns)
    [ PASSED ] CASE: transportFailureFansOutAndTicketWaitHonorsCancellation (53508 ns)
    [ PASSED ] CASE: reservedDataConsumesFlowOnlyWhenTheWriterClaimsIt (29453 ns)
    [ PASSED ] CASE: serverDataEventTransfersItsPermitBeforeWriterClaim (30609 ns)
    [ PASSED ] CASE: cancellingQueuedReservedDataReturnsAllFlowCapacity (25027 ns)
    [ PASSED ] CASE: admittedHeaderBatchSurvivesResetDuringPartialFirstWrite (65309 ns)
    [ PASSED ] CASE: unstartedEncodedHeaderBatchIsIrrevocableAfterAdmission (39245 ns)
    [ PASSED ] CASE: largeHeaderBatchRemainsContiguousPastControlBurstLimit (84892 ns)
    [ PASSED ] CASE: failedHeaderBatchAdmissionTerminatesScheduler (32934 ns)
    [ PASSED ] CASE: concurrentHeaderBatchesStayContiguousOnTheWire (842279 ns)
Summary: TOTAL: 175
    PASSED: 175, SKIPPED: 0, ERROR: 0
    FAILED: 0
--------------------------------------------------------------------------------------------------
TP: wirestack.internal.tls_engine, time elapsed: 24063180032 ns, RESULT:
    TCS: TlsConnectionTest, time elapsed: 16307781 ns, RESULT:
    [ PASSED ] CASE: handshakeTransfersOwnershipAndPlaintextIoUsesTheEngine (2089265 ns)
    [ PASSED ] CASE: oneReadAndOneWriteMayOverlapButSecondReadFailsImmediately (1912273 ns)
    [ PASSED ] CASE: handshakeFailureAbortsTransportAndReleasesEngineExactlyOnce (240367 ns)
    [ PASSED ] CASE: expiredHandshakeDeadlineStillConsumesAndAbortsBothInputs (74973 ns)
    [ PASSED ] CASE: ioFailureAbortsAndRepeatedTerminalCallsDoNotReleaseTwice (445946 ns)
    [ PASSED ] CASE: unsupportedHalfCloseDoesNotMutateAnOpenConnection (399666 ns)
    [ PASSED ] CASE: concurrentCloseAndAbortReleaseUnderlyingResourcesOnce (7626006 ns)
    [ PASSED ] CASE: gracefulCloseSendsAndProcessesCloseNotifyBeforeReleasingResources (120400 ns)
    [ PASSED ] CASE: tcpEofDuringGracefulCloseRetainsTruncationAndStillReleasesEverything (227620 ns)
    [ PASSED ] CASE: expiredCloseBudgetStillClosesTransportAndReleasesEngine (122417 ns)
    [ PASSED ] CASE: abortNeverAttemptsTlsShutdownAndRetainsLocalAbortEvidence (66518 ns)
    [ PASSED ] CASE: tcpEofDuringApplicationReadRetainsTruncationBeforeAbort (440950 ns)
    [ PASSED ] CASE: peerCloseNotifyProducesEofEvidenceAndRejectsNewApplicationWrites (550535 ns)
    TCS: Net06TlsTransportCleanupGateTest, time elapsed: 1508187 ns, RESULT:
    [ PASSED ] CASE: failedHandshakesDisposeEngineAndTransportExactlyOnce (1307402 ns)
    TCS: TlsContextTest, time elapsed: 3860903 ns, RESULT:
    [ PASSED ] CASE: linuxCapabilitiesAreExplicitAndNeverInferredFromProviderNames (27597 ns)
    [ PASSED ] CASE: defaultSystemTrustFailsAtBuildUntilLinuxAdapterIsAvailable (81557 ns)
    [ PASSED ] CASE: modernClientContextIsImmutableAndConcurrentShareable (395363 ns)
    [ PASSED ] CASE: strictTls13RejectsAnyTls12Override (130094 ns)
    [ PASSED ] CASE: missingTls13AndHttp2CapabilitiesFailBeforeHandshake (134037 ns)
    [ PASSED ] CASE: alpnRejectsEmptyAndDuplicateProtocolNames (422452 ns)
    [ PASSED ] CASE: serverRequiresServerIdentityAndMtlSTrustAtBuildTime (879876 ns)
    [ PASSED ] CASE: clientIdentityCapabilityIsValidatedAtBuildTime (795391 ns)
    TCS: TlsEnginePumpTest, time elapsed: 242068853 ns, RESULT:
    [ PASSED ] CASE: awsLcClientEngineProducesAClientHelloWithoutSocketIo (30066599 ns)
    [ PASSED ] CASE: strictTls13PolicyIsAcceptedByTheNativeEngine (121834 ns)
    [ PASSED ] CASE: LinuxSystemTrustLoadsExplicitlyAndSniStaysSeparateFromReferenceIdentity (15414096 ns)
    [ PASSED ] CASE: customRootChainIsLoadedIntoARealAwsLcClientEngine (424193 ns)
    [ PASSED ] CASE: spkiPinPolicyConfiguresTheNativeVerificationPathBeforeHandshake (163450 ns)
    [ PASSED ] CASE: matchingSpkiPinCompletesARealClientServerHandshake (11158104 ns)
    [ PASSED ] CASE: matchingSpkiPinDoesNotBypassReferenceIdentityVerification (10087951 ns)
    [ PASSED ] CASE: realAwsLcEnginesExchangeCloseNotifyInBothDirections (11077243 ns)
    [ PASSED ] CASE: handshakeInfoReportsNegotiatedAlpnPeerChainAndVerificationEvidence (15947515 ns)
    [ PASSED ] CASE: tls13TicketResumesAcrossFreshEnginesWithoutEarlyData (21350847 ns)
    [ PASSED ] CASE: tls12TicketResumesAcrossFreshEngines (14906059 ns)
    [ PASSED ] CASE: sniSelectsTheCompleteImmutableContextAndItsCertificate (12763159 ns)
    [ PASSED ] CASE: sniSelectorRejectsMissingAndUnknownNamesWithStableEvidence (19044395 ns)
    [ PASSED ] CASE: noSharedAlpnFailsTheHandshakeInsteadOfSilentlySelectingNothing (8290053 ns)
    [ PASSED ] CASE: requiredMutualTlsUsesClientIdentityAndReturnsServerVerificationEvidence (11165763 ns)
    [ PASSED ] CASE: requiredMutualTlsRejectsMissingClientIdentityButOptionalAllowsIt (12287406 ns)
    [ PASSED ] CASE: mismatchedSpkiPinFailsARealClientServerHandshake (9510588 ns)
    [ PASSED ] CASE: externalSignerCompletesARealHandshakeOutsideTheNativeCallback (17287932 ns)
    [ PASSED ] CASE: externalSignerExceptionFailsClosedWithoutCrossingTheCAbi (8272461 ns)
    [ PASSED ] CASE: cancellationBeforeSignerInvocationFailsThePendingNativeOperation (8358584 ns)
    [ PASSED ] CASE: pumpHandlesWantReadWriteAndPartialIoWithBoundedBuffers (51036 ns)
    [ PASSED ] CASE: wantWriteWithoutCiphertextFailsInsteadOfSpinning (76231 ns)
    [ PASSED ] CASE: eofDuringWantReadRetainsTlsHandshakeEvidence (69331 ns)
    [ PASSED ] CASE: preCancellationStopsBeforeCallingProviderOrTransport (74745 ns)
    [ PASSED ] CASE: expiredDeadlineStopsBeforeCallingProviderOrTransport (76514 ns)
    TCS: LocalIdentityTest, time elapsed: 4712824 ns, RESULT:
    [ PASSED ] CASE: pkcs8InputIsExactBoundedAndZeroizable (525693 ns)
    [ PASSED ] CASE: pkcs8FileAdapterReadsOneBoundedRegularFile (514047 ns)
    [ PASSED ] CASE: localIdentityValidatesLeafKeyMatchAndHasStablePublicIdentity (1511372 ns)
    [ PASSED ] CASE: mismatchedCertificateAndPrivateKeyFailAtIdentityBuild (758324 ns)
    [ PASSED ] CASE: externalSignerAndSystemHandleShareOneOpaqueKeyContract (392465 ns)
    [ PASSED ] CASE: duplicateSignerAlgorithmsAndMismatchedSpkiFailAtBuild (375295 ns)
    TCS: M3028TlsFuzzTest, time elapsed: 23792563072 ns, RESULT:
    [ PASSED ] CASE: recordMutationsHaveDeterministicTypedTerminals (9413498947 ns)
    [ PASSED ] CASE: handshakeMutationsHaveDeterministicTypedTerminals (9383145291 ns)
    [ PASSED ] CASE: certificateAdapterMutationsHaveDeterministicTypedTerminals (4995221824 ns)
    TCS: TlsProviderSubstitutionTest, time elapsed: 1112293 ns, RESULT:
    [ PASSED ] CASE: testProviderUsesTheProductionFactoryContract (439899 ns)
    [ PASSED ] CASE: objectsFromDifferentProviderInstancesCannotMix (213622 ns)
    [ PASSED ] CASE: activeEngineRetainsProviderUntilItCloses (20654 ns)
    TCS: TlsSessionStoreTest, time elapsed: 396627 ns, RESULT:
    [ PASSED ] CASE: boundedLruExpiryAndSingleUseAreDeterministic (34662 ns)
    [ PASSED ] CASE: everySecurityPartitionDimensionPreventsReuse (51839 ns)
Summary: TOTAL: 61
    PASSED: 61, SKIPPED: 0, ERROR: 0
    FAILED: 0
--------------------------------------------------------------------------------------------------
TP: wirestack.internal.connector, time elapsed: 12826065 ns, RESULT:
    TCS: AttemptPlanTest, time elapsed: 1539197 ns, RESULT:
    [ PASSED ] CASE: alternatesFamiliesAndPreservesFamilyOrder (301139 ns)
    [ PASSED ] CASE: firstFamilyControlsPreferenceAndDuplicatesAreRemoved (44334 ns)
    [ PASSED ] CASE: distinctIpv6ZonesAreNotDeduplicated (25079 ns)
    [ PASSED ] CASE: rejectsEmptyCandidatesAndNegativeDelay (49679 ns)
    TCS: HappyEyeballsConnectorTest, time elapsed: 9863315 ns, RESULT:
    [ PASSED ] CASE: emitsCompleteDnsAttemptAndConnectedLifecycle (228097 ns)
    [ PASSED ] CASE: blackholedFirstCandidateIsCancelledAndJoinedBeforeReturn (7962159 ns)
    [ PASSED ] CASE: ipv6FirstSuccessSkipsLaterIpv4Attempt (140943 ns)
    [ PASSED ] CASE: simultaneousSuccessKeepsOneWinnerAndAbortsEveryLoser (148964 ns)
    [ PASSED ] CASE: allFailuresAreJoinedAndRetainedAsDiagnostics (96053 ns)
    [ PASSED ] CASE: preCancelledParentStartsNeitherDnsNorAttempts (47480 ns)
    [ PASSED ] CASE: parentCancellationAfterSuccessPreventsWinnerPublication (120134 ns)
    [ PASSED ] CASE: deadlineAtSuccessBoundaryPreventsWinnerPublication (125360 ns)
    TCS: ConnectionRouteTest, time elapsed: 1261965 ns, RESULT:
    [ PASSED ] CASE: directRouteRetainsItsLocalOriginResolver (86227 ns)
    [ PASSED ] CASE: explicitProxySeparatesOriginAndProxyDns (40677 ns)
    [ PASSED ] CASE: typedIpTargetsNeverCarryResolvers (87169 ns)
    [ PASSED ] CASE: rejectsDelegatedDnsWithoutAnOwningProxyAndInvalidConnectTargets (63527 ns)
    [ PASSED ] CASE: networkAndTlsParametersAreBoundedAndOwned (412481 ns)
Summary: TOTAL: 17
    PASSED: 17, SKIPPED: 0, ERROR: 0
    FAILED: 0
--------------------------------------------------------------------------------------------------
TP: wirestack.internal.trust, time elapsed: 37479226 ns, RESULT:
    TCS: HostnameVerifierTest, time elapsed: 1528238 ns, RESULT:
    [ PASSED ] CASE: exactDnsAndAsciiIdnaALabelMatchCaseInsensitively (245115 ns)
    [ PASSED ] CASE: wildcardMatchesExactlyOneLeftmostLabelOnly (59540 ns)
    [ PASSED ] CASE: invalidOrOverbroadWildcardsAreRejectedAtCertificateBoundary (52870 ns)
    [ PASSED ] CASE: dnsAndIpReferenceIdentitiesNeverCrossMatch (48376 ns)
    [ PASSED ] CASE: subjectAlternativeNameCountIsHardBounded (64717 ns)
    TCS: M3028HostnameFuzzTest, time elapsed: 34188329 ns, RESULT:
    [ PASSED ] CASE: hostnameMutationsHaveDeterministicTypedTerminals (33981164 ns)
    TCS: TrustPolicyTest, time elapsed: 1614529 ns, RESULT:
    [ PASSED ] CASE: nativeX509ParserAcceptsOneExactDerObjectAndRejectsTrailingBytes (433665 ns)
    [ PASSED ] CASE: certificateAndChainLimitsFailBeforeUnboundedParsingOrCopying (257679 ns)
    [ PASSED ] CASE: everyTrustPolicyHasAStableContentIdentityAndNoTrustAllState (388042 ns)
    [ PASSED ] CASE: pinAlgorithmAndScopeAreExplicitAndMalformedPinsFail (28757 ns)
Summary: TOTAL: 10
    PASSED: 10, SKIPPED: 0, ERROR: 0
    FAILED: 0
--------------------------------------------------------------------------------------------------
TP: wirestack.internal.http1, time elapsed: 1494839701 ns, RESULT:
    TCS: HttpAutomaticHttpsClientTest, time elapsed: 8254450 ns, RESULT:
    [ PASSED ] CASE: h2NegotiationMultiplexesTenRequestsOnOneTlsConnection (4776741 ns)
    [ PASSED ] CASE: http11NegotiationFallsBackAndReusesTheAdoptedConnection (2462269 ns)
    TCS: Http1ChunkedCodecTest, time elapsed: 1659188 ns, RESULT:
    [ PASSED ] CASE: decoderStreamsDataExtensionsTrailersAndRemainder (79291 ns)
    [ PASSED ] CASE: decoderHandlesEveryBoundaryOneByteAtATime (53112 ns)
    [ PASSED ] CASE: encoderProducesCanonicalChunksAndBoundedTrailers (57507 ns)
    [ PASSED ] CASE: rejectsInvalidSizeExtensionAndTerminators (71656 ns)
    [ PASSED ] CASE: enforcesBodyChunkLineAndTrailerBounds (53723 ns)
    [ PASSED ] CASE: streamingResponseKeepsEachChunkBoundedWithoutALifetimeCeiling (147589 ns)
    [ PASSED ] CASE: rejectsForbiddenOrFoldedTrailers (117522 ns)
    [ PASSED ] CASE: eofAndPostCompletionUseFailClosedStates (82410 ns)
    [ PASSED ] CASE: decodeBatchesOwnDataAndRemainingBytes (35732 ns)
    TCS: Http1ClientConnectionTest, time elapsed: 21854712 ns, RESULT:
    [ PASSED ] CASE: expectContinueWaitsForApprovalBeforeOpeningBody (993042 ns)
    [ PASSED ] CASE: finalRejectionBeforeContinueNeverOpensRequestBody (537903 ns)
    [ PASSED ] CASE: continueWaitTimeoutSendsBodyUnderTheOriginalBudget (17946067 ns)
    [ PASSED ] CASE: serializesRequestsUntilBodyEofThenReusesConnection (726619 ns)
    [ PASSED ] CASE: earlyBodyCloseClosesInsteadOfReturningConnectionForReuse (442842 ns)
    [ PASSED ] CASE: connectionCloseResponseIsNeverReusableAfterEof (451591 ns)
    TCS: Http1CleartextClientTest, time elapsed: 2806310 ns, RESULT:
    [ PASSED ] CASE: resolvesConnectsAndReusesOnlyAfterBodyCompletion (2388430 ns)
    [ PASSED ] CASE: rejectsHttpsBeforeDnsOrPoolMutation (103552 ns)
    TCS: Http1ConnectionPoolTest, time elapsed: 3883133 ns, RESULT:
    [ PASSED ] CASE: emitsSecretFreeAcquireAndReleaseLifecycle (878591 ns)
    [ PASSED ] CASE: reusesOnlyTheSameCompleteKey (846623 ns)
    [ PASSED ] CASE: enforcesTotalPerKeyIdleAndWaiterBounds (459478 ns)
    [ PASSED ] CASE: activeWaitHonorsCancellationAndReleasesWaiterSlot (270419 ns)
    [ PASSED ] CASE: evictsExpiredAndClosedConnectionsInsteadOfReusingThem (456177 ns)
    [ PASSED ] CASE: failedCreationRollsBackItsCapacityReservation (250232 ns)
    TCS: Http1HeadParserTest, time elapsed: 3404826 ns, RESULT:
    [ PASSED ] CASE: requestParsesIncrementallyAndReturnsBodyRemainder (314869 ns)
    [ PASSED ] CASE: oneFeedRetainsBytesAfterTheHead (139821 ns)
    [ PASSED ] CASE: responseParsesStatusReasonHeadersAndFraming (213265 ns)
    [ PASSED ] CASE: acceptsOriginAbsoluteAuthorityAndAsteriskFormsOnlyWhereValid (533953 ns)
    [ PASSED ] CASE: rejectsBareLfObsFoldAndInvalidHeaderSyntax (195661 ns)
    [ PASSED ] CASE: requiresOneValidHostAndMatchingAbsoluteAuthority (481210 ns)
    [ PASSED ] CASE: rejectsInvalidTargetVersionAndBoundViolations (273343 ns)
    [ PASSED ] CASE: completedParserCannotBeReused (150139 ns)
    TCS: Http2Streams1BenchmarkTest, time elapsed: 28211796 ns, RESULT:
    [ PASSED ] CASE: benchmarkOneConcurrentStream (27936631 ns)
    TCS: Http2Streams10BenchmarkTest, time elapsed: 100813271 ns, RESULT:
    [ PASSED ] CASE: benchmarkTenConcurrentStreams (100531164 ns)
    TCS: Http2Streams100BenchmarkTest, time elapsed: 1040159717 ns, RESULT:
    [ PASSED ] CASE: benchmarkHundredConcurrentStreams (1039907736 ns)
    TCS: Http1HundredConnectionBaselineTest, time elapsed: 32900541 ns, RESULT:
    [ PASSED ] CASE: benchmarkHundredConcurrentConnections (32626885 ns)
    TCS: Http2ConnectionPoolTest, time elapsed: 2854442 ns, RESULT:
    [ PASSED ] CASE: alpnPrefersH2AndFallsBackOnlyToHttp11 (24436 ns)
    [ PASSED ] CASE: oneConnectionIsSharedUntilPeerStreamCapacityIsFull (318051 ns)
    [ PASSED ] CASE: concurrentFirstUseDoesNotCreateAConnectionStampede (644824 ns)
    [ PASSED ] CASE: newConnectionIsPublishedOnlyAfterItsFirstStreamIsAdmitted (76871 ns)
    [ PASSED ] CASE: completeSecurityKeyPreventsCrossContextReuse (100426 ns)
    [ PASSED ] CASE: drainingConnectionRetainsExistingStreamButReceivesNoNewLease (98405 ns)
    [ PASSED ] CASE: drainingConnectionWaitsForNonLocalOwnersBeforeDiscard (94515 ns)
    [ PASSED ] CASE: fullBoundedPoolHonorsOneCallerDeadline (88481 ns)
    [ PASSED ] CASE: poolCloseAbortsEverySharedConnectionExactlyOnce (81084 ns)
    TCS: Http1FramingTest, time elapsed: 1472933 ns, RESULT:
    [ PASSED ] CASE: requestUsesOneSharedEmptyLengthOrChunkedDecision (81746 ns)
    [ PASSED ] CASE: identicalContentLengthsAreAcceptedAcrossFieldsAndLists (42162 ns)
    [ PASSED ] CASE: conflictingOrInvalidContentLengthsAreRejected (193576 ns)
    [ PASSED ] CASE: contentLengthAndTransferEncodingNeverCoexist (57495 ns)
    [ PASSED ] CASE: ambiguousTransferEncodingIsRejected (147871 ns)
    [ PASSED ] CASE: responseHandlesHeadStatusesConnectAndCloseDelimiting (68942 ns)
    [ PASSED ] CASE: bodylessAndSuccessfulConnectResponsesRejectFramingFields (59321 ns)
    TCS: HttpConnectionPoolKeyTest, time elapsed: 341603 ns, RESULT:
    [ PASSED ] CASE: canonicalOriginProducesStableEqualityAndHash (14493 ns)
    [ PASSED ] CASE: everySecurityAndRouteDimensionPartitionsReuse (29552 ns)
    [ PASSED ] CASE: refusesIncompletePartitionIdentities (13413 ns)
    TCS: Http1ProxyClientPipelineTest, time elapsed: 4050529 ns, RESULT:
    [ PASSED ] CASE: dynamicConnectCredentialsNeverReuseAnAuthenticatedTunnel (2456295 ns)
    [ PASSED ] CASE: rejectedConnectDrainsClosesAndReturnsStructuredNonRetryableFailure (1287180 ns)
    TCS: Http1RequestWriterTest, time elapsed: 2146944 ns, RESULT:
    [ PASSED ] CASE: twoStageWriterDoesNotOpenBodyBeforeExplicitCommit (414051 ns)
    [ PASSED ] CASE: writesFixedBodyThroughPartialTransportOperations (327339 ns)
    [ PASSED ] CASE: streamsUnknownLengthBodyAsCanonicalChunks (341515 ns)
    [ PASSED ] CASE: rejectsDeclaredMismatchBeforeWritingAnything (90774 ns)
    [ PASSED ] CASE: prematureBodyEofRetainsPartialCommitEvidence (317869 ns)
    [ PASSED ] CASE: emptyFramingProbesSourceInsteadOfDroppingUnexpectedBytes (91948 ns)
    TCS: Http1ResponseReaderTest, time elapsed: 5189966 ns, RESULT:
    [ PASSED ] CASE: explicitUpgradeTransfersOnlyAMatching101Protocol (419880 ns)
    [ PASSED ] CASE: mismatchedUpgradeResponseFailsClosed (403906 ns)
    [ PASSED ] CASE: explicitConnectTransfersBufferedTunnelBytesAndTransportOwnership (349034 ns)
    [ PASSED ] CASE: failedConnectRemainsAnHttpResponseAndClosesAfterBody (379209 ns)
    [ PASSED ] CASE: readsInterimAndFixedResponseWithoutBufferingTheBody (325184 ns)
    [ PASSED ] CASE: received4xxAnd5xxRemainHttpResponses (541462 ns)
    [ PASSED ] CASE: decodesChunkedResponseAndPublishesTrailerAtEof (345123 ns)
    [ PASSED ] CASE: closeDelimitedBodyCompletesOnlyAtTransportEof (253771 ns)
    [ PASSED ] CASE: chunkedStreamingResponseMayExceedThePerSegmentBodyBound (306775 ns)
    [ PASSED ] CASE: prematureFixedBodyEofAbandonsResponseExactlyOnce (273433 ns)
    [ PASSED ] CASE: rejectsImplicitUpgradeAndConnectTransportTransfer (585581 ns)
    TCS: Http1SerializerTest, time elapsed: 1178677 ns, RESULT:
    [ PASSED ] CASE: clientRequestAddsHostAndUsesOriginForm (66352 ns)
    [ PASSED ] CASE: forwardProxyRequestUsesAbsoluteFormAndOriginHost (72000 ns)
    [ PASSED ] CASE: requestPreservesOrderedMultipleFieldsAndLengthFraming (57689 ns)
    [ PASSED ] CASE: requestRejectsMissingDuplicateOrMismatchedHost (65074 ns)
    [ PASSED ] CASE: responseSerializesStatusAndUsesSharedFraming (35208 ns)
    [ PASSED ] CASE: responseRejectsInjectionAndForbiddenBodyFraming (44093 ns)
    [ PASSED ] CASE: writerHandlesPartialTransportWritesUnderOneContext (85276 ns)
    [ PASSED ] CASE: serializedBytesAreDefensiveCopies (51791 ns)
    TCS: Http1ServerConnectionTest, time elapsed: 5540170 ns, RESULT:
    [ PASSED ] CASE: serializesTwoKeepAliveExchanges (2682055 ns)
    [ PASSED ] CASE: unreadRequestBodyForcesConnectionCloseAfterResponse (481352 ns)
    [ PASSED ] CASE: handlerFailureProducesBounded500AndCloses (459923 ns)
    [ PASSED ] CASE: rejectedHandoffReleasesSessionOwnershipExactlyOnce (770893 ns)
    [ PASSED ] CASE: selectedUpgradeOfferTransfersBufferedSessionBytes (570233 ns)
    TCS: Http1ServerRequestReaderTest, time elapsed: 17232609 ns, RESULT:
    [ PASSED ] CASE: streamsFixedRequestBodyWithoutReadingPastItsLength (341709 ns)
    [ PASSED ] CASE: decodesChunkedRequestAndPublishesTrailer (588020 ns)
    [ PASSED ] CASE: sendsContinueOnlyWhenHandlerStartsReadingTheBody (15150902 ns)
    [ PASSED ] CASE: rejectingWithoutReadingNeverSendsContinue (663043 ns)
    TCS: Http1ServerTest, time elapsed: 29022979 ns, RESULT:
    [ PASSED ] CASE: shutdownAbortsConnectionBlockedInsideTlsHandshake (8694616 ns)
    [ PASSED ] CASE: acceptSideTlsHookOwnsConnectionAndClosesAfterShutdown (438940 ns)
    [ PASSED ] CASE: gracefulShutdownStopsAcceptAfterCompletedConnection (420839 ns)
    [ PASSED ] CASE: expiredShutdownAbortsBlockedConnectionAndReturnsBoundedly (8822886 ns)
    [ PASSED ] CASE: connectionLimitPreventsSecondAcceptUntilCapacityReturns (9955181 ns)
    TCS: Http1ServerResponseWriterTest, time elapsed: 1885145 ns, RESULT:
    [ PASSED ] CASE: writesFixedResponseThroughPartialTransportOperations (302606 ns)
    [ PASSED ] CASE: streamsChunkedResponseAndTrailer (319634 ns)
    [ PASSED ] CASE: chunkedStreamingResponseMayExceedThePerSegmentBodyBound (306343 ns)
    [ PASSED ] CASE: headResponseNeverTransfersRepresentationBytes (64858 ns)
    [ PASSED ] CASE: closeDelimitedResponseRequiresConnectionClose (243374 ns)
    [ PASSED ] CASE: rejectsKnownLengthMismatchBeforeCommittingHead (63052 ns)
    TCS: Http1SmugglingCorpusTest, time elapsed: 72791369 ns, RESULT:
    [ PASSED ] CASE: clientAndServerFramingRejectTheSameAmbiguousHeaderCorpus (1756497 ns)
    [ PASSED ] CASE: identicalLengthsAndOneFinalChunkedCodingRemainUnambiguous (547447 ns)
    [ PASSED ] CASE: rejectsWhitespaceTargetAndProxyDifferentialCorpus (502954 ns)
    [ PASSED ] CASE: rejectsMalformedChunkAndTrailerCorpusAtInputOrEof (136465 ns)
    [ PASSED ] CASE: everyAcceptedSingleByteMutationHasACanonicalReparse (63376708 ns)
    [ PASSED ] CASE: chunkedMutationsHaveDeterministicBoundedTerminals (2180193 ns)
    [ PASSED ] CASE: validHeadParsesAtEveryTransportSplitBoundary (3469234 ns)
    TCS: Http1HttpsClientTest, time elapsed: 1620333 ns, RESULT:
    [ PASSED ] CASE: partitionsHandshakesAndReusesHttpsAfterBodyCompletion (1458654 ns)
    TCS: Http1TlsServerTest, time elapsed: 103410743 ns, RESULT:
    [ PASSED ] CASE: alpnServerRejectsAClientWithNoSharedHttpProtocol (45839936 ns)
    [ PASSED ] CASE: automaticClientOffersH2FirstAndFallsBackToServerHttp11 (17223930 ns)
    [ PASSED ] CASE: requiredMutualTlsCarriesAuthenticatedHttp1Exchange (20033893 ns)
    [ PASSED ] CASE: realAwsLcHandshakeCarriesOneHttp1Exchange (19505579 ns)
Summary: TOTAL: 118
    PASSED: 115, SKIPPED: 3, ERROR: 0
    FAILED: 0
--------------------------------------------------------------------------------------------------
Project tests finished, time elapsed: 41350685626 ns, RESULT:
TP: wirestack.*, time elapsed: 41350619004 ns, RESULT:
    PASSED:
    TP: wirestack.internal.platform.linux, time elapsed: 10007381 ns
    TP: wirestack.internal.common, time elapsed: 8936535 ns
    TP: wirestack.internal.transport, time elapsed: 192006456 ns
    TP: wirestack.internal.trust, time elapsed: 37479226 ns
    TP: wirestack.internal.http2, time elapsed: 2507954125 ns
    TP: wirestack.internal.resolver, time elapsed: 41028000 ns
    TP: wirestack.internal.tls_engine, time elapsed: 24063180032 ns
    TP: wirestack.internal.connector, time elapsed: 12826065 ns
    TP: wirestack.tls, time elapsed: 93357572 ns
    TP: wirestack.internal.http1, time elapsed: 1494839701 ns
    TP: wirestack.internal.transport_stdnet, time elapsed: 198825540 ns
    TP: wirestack.net, time elapsed: 1537279358 ns
    TP: wirestack.http, time elapsed: 10989188413 ns
Summary: TOTAL: 777
    PASSED: 754, SKIPPED: 23, ERROR: 0
    FAILED: 0
--------------------------------------------------------------------------------------------------
cjpm test success
