1956275 close(3)                        = 0
1956275 close(3)                        = 0
1956275 close(3)                        = 0
1956275 close(3)                        = 0
1956275 close(3)                        = 0
1956275 close(3)                        = 0
1956275 close(3)                        = 0
1956275 close(3)                        = 0
1956275 close(3)                        = 0
1956275 close(3)                        = 0
1956275 close(3)                        = 0
1956275 close(3)                        = 0
1956275 close(3)                        = 0
1956275 socket(AF_INET6, SOCK_STREAM|SOCK_CLOEXEC|SOCK_NONBLOCK, IPPROTO_IP) = 3
1956275 socket(AF_INET6, SOCK_DGRAM|SOCK_CLOEXEC|SOCK_NONBLOCK, IPPROTO_IP) = 5
1956275 accept4(3, 0x562e8d6704f0, [120], SOCK_CLOEXEC|SOCK_NONBLOCK) = -1 EAGAIN (Resource temporarily unavailable)
1956275 accept4(3, {sa_family=AF_INET6, sin6_port=htons(46876), sin6_flowinfo=htonl(0), inet_pton(AF_INET6, "::1", &sin6_addr), sin6_scope_id=0}, [120 => 28], SOCK_CLOEXEC|SOCK_NONBLOCK) = 6
1956275 recvfrom(6, "\0\1\2\3\4\5\6\7\10\t\n\v\f\r\16\17\20\21\22\23\24\25\26\27\30\31\32\33\34\35\36\37"..., 16384, 0, NULL, NULL) = 16384
1956275 recvfrom(6, "EFGHIJKLMNOPQRSTUVWXYZ[\\]^_`abcd"..., 16384, 0, NULL, NULL) = 1994
1956275 recvfrom(6, "789:;<=>?@ABCDEFGHIJKLMNOPQRSTUV"..., 14390, 0, NULL, NULL) = 14390
1956275 sendto(6, "\0\1\2\3\4\5\6\7\10\t\n\v\f\r\16\17\20\21\22\23\24\25\26\27\30\31\32\33\34\35\36\37"..., 16384, MSG_NOSIGNAL, NULL, 0) = 16384
1956275 sendto(6, "EFGHIJKLMNOPQRSTUVWXYZ[\\]^_`abcd"..., 16384, MSG_NOSIGNAL, NULL, 0) = 16384
1956275 close(6)                        = 0
1956275 close(3)                        = 0
1956275 socket(AF_INET6, SOCK_STREAM|SOCK_CLOEXEC|SOCK_NONBLOCK, IPPROTO_IP) = 3
1956275 sendto(3, "\0\1\2\3\4\5\6\7\10\t\n\v\f\r\16\17\20\21\22\23\24\25\26\27\30\31\32\33\34\35\36\37"..., 16384, MSG_NOSIGNAL, NULL, 0) = 16384
1956275 sendto(3, "EFGHIJKLMNOPQRSTUVWXYZ[\\]^_`abcd"..., 16384, MSG_NOSIGNAL, NULL, 0) = 16384
1956275 recvfrom(3, "\0\1\2\3\4\5\6\7\10\t\n\v\f\r\16\17\20\21\22\23\24\25\26\27\30\31\32\33\34\35\36\37"..., 16384, 0, NULL, NULL) = 16384
1956275 recvfrom(3, "EFGHIJKLMNOPQRSTUVWXYZ[\\]^_`abcd"..., 16384, 0, NULL, NULL) = 16384
1956275 recvfrom(3, "", 1, 0, NULL, NULL) = 0
1956275 sendto(3, "after", 5, MSG_NOSIGNAL, NULL, 0) = 5
1956275 close(3)                        = 0
1956275 recvfrom(5, 0x562e8d64e6e0, 5, 0, 0x562e8d6704f0, [120]) = -1 EAGAIN (Resource temporarily unavailable)
1956275 recvfrom(5, "", 5, 0, {sa_family=AF_INET6, sin6_port=htons(48564), sin6_flowinfo=htonl(0), inet_pton(AF_INET6, "::1", &sin6_addr), sin6_scope_id=0}, [120 => 28]) = 0
1956275 recvfrom(5, "\1\2\3\4\5", 5, 0, {sa_family=AF_INET6, sin6_port=htons(48564), sin6_flowinfo=htonl(0), inet_pton(AF_INET6, "::1", &sin6_addr), sin6_scope_id=0}, [120 => 28]) = 5
1956275 recvfrom(5, "\t\n\v\f", 5, 0, {sa_family=AF_INET6, sin6_port=htons(48564), sin6_flowinfo=htonl(0), inet_pton(AF_INET6, "::1", &sin6_addr), sin6_scope_id=0}, [120 => 28]) = 4
1956275 sendto(5, "AB", 2, 0, {sa_family=AF_INET6, sin6_port=htons(48564), sin6_flowinfo=htonl(0), inet_pton(AF_INET6, "::1", &sin6_addr), sin6_scope_id=0}, 28) = 2
1956275 recvfrom(5, 0x562e8d64e6e0, 5, 0, 0x562e8d672830, [120]) = -1 EAGAIN (Resource temporarily unavailable)
1956275 recvfrom(5, 0x562e8d64e6e0, 5, 0, 0x562e8d672830, [120]) = -1 EAGAIN (Resource temporarily unavailable)
1956275 recvfrom(5, "D", 5, 0, {sa_family=AF_INET6, sin6_port=htons(48564), sin6_flowinfo=htonl(0), inet_pton(AF_INET6, "::1", &sin6_addr), sin6_scope_id=0}, [120 => 28]) = 1
1956275 sendto(5, "\0\1\2\3\4\5\6\7\10\t\n\v\f\r\16\17\20\21\22\23\24\25\26\27\30\31\32\33\34\35\36\37"..., 65507, 0, {sa_family=AF_INET6, sin6_port=htons(48564), sin6_flowinfo=htonl(0), inet_pton(AF_INET6, "::1", &sin6_addr), sin6_scope_id=0}, 28) = 65507
1956275 recvfrom(5, 0x562e8d64e6e0, 65508, 0, 0x562e8d672830, [120]) = -1 EAGAIN (Resource temporarily unavailable)
1956275 recvfrom(5, "\0\1\2\3\4\5\6\7\10\t\n\v\f\r\16\17\20\21\22\23\24\25\26\27\30\31\32\33\34\35\36\37"..., 65508, 0, {sa_family=AF_INET6, sin6_port=htons(48564), sin6_flowinfo=htonl(0), inet_pton(AF_INET6, "::1", &sin6_addr), sin6_scope_id=0}, [120 => 28]) = 65507
1956275 recvfrom(5, 0x562e8d64e6e0, 5, 0, 0x562e8d672830, [120]) = -1 EAGAIN (Resource temporarily unavailable)
1956275 close(5)                        = 0
1956275 socket(AF_INET6, SOCK_STREAM|SOCK_CLOEXEC|SOCK_NONBLOCK, IPPROTO_IP) = 3
1956275 socket(AF_INET6, SOCK_DGRAM|SOCK_CLOEXEC|SOCK_NONBLOCK, IPPROTO_IP) = 5
1956275 close(5)                        = 0
1956275 close(3)                        = 0
1956275 socket(AF_INET6, SOCK_STREAM|SOCK_CLOEXEC|SOCK_NONBLOCK, IPPROTO_IP) = 3
1956275 socket(AF_INET6, SOCK_DGRAM|SOCK_CLOEXEC|SOCK_NONBLOCK, IPPROTO_IP) = 5
1956275 close(5)                        = 0
1956275 close(3)                        = 0
1956275 socket(AF_INET6, SOCK_STREAM|SOCK_CLOEXEC|SOCK_NONBLOCK, IPPROTO_IP) = 3
1956275 socket(AF_INET6, SOCK_DGRAM|SOCK_CLOEXEC|SOCK_NONBLOCK, IPPROTO_IP) = 5
1956275 close(5)                        = 0
1956275 close(3)                        = 0
1956275 socket(AF_INET6, SOCK_STREAM|SOCK_CLOEXEC|SOCK_NONBLOCK, IPPROTO_IP) = 3
1956275 socket(AF_INET6, SOCK_DGRAM|SOCK_CLOEXEC|SOCK_NONBLOCK, IPPROTO_IP) = 5
1956275 close(5)                        = 0
1956275 close(3)                        = 0
1956275 socket(AF_INET6, SOCK_STREAM|SOCK_CLOEXEC|SOCK_NONBLOCK, IPPROTO_IP) = 3
1956275 socket(AF_INET6, SOCK_DGRAM|SOCK_CLOEXEC|SOCK_NONBLOCK, IPPROTO_IP) = 5
1956275 close(5)                        = 0
1956275 close(3)                        = 0
1956275 socket(AF_INET6, SOCK_STREAM|SOCK_CLOEXEC|SOCK_NONBLOCK, IPPROTO_IP) = 3
1956275 socket(AF_INET6, SOCK_DGRAM|SOCK_CLOEXEC|SOCK_NONBLOCK, IPPROTO_IP) = 5
1956275 close(5)                        = 0
1956275 close(3)                        = 0
1956275 socket(AF_INET6, SOCK_STREAM|SOCK_CLOEXEC|SOCK_NONBLOCK, IPPROTO_IP) = 3
1956275 socket(AF_INET6, SOCK_DGRAM|SOCK_CLOEXEC|SOCK_NONBLOCK, IPPROTO_IP) = 5
1956275 close(5)                        = 0
1956275 close(3)                        = 0
1956275 socket(AF_INET6, SOCK_STREAM|SOCK_CLOEXEC|SOCK_NONBLOCK, IPPROTO_IP) = 3
1956275 socket(AF_INET6, SOCK_DGRAM|SOCK_CLOEXEC|SOCK_NONBLOCK, IPPROTO_IP) = 5
1956275 close(5)                        = 0
1956275 close(3)                        = 0
1956275 socket(AF_INET6, SOCK_STREAM|SOCK_CLOEXEC|SOCK_NONBLOCK, IPPROTO_IP) = 3
1956275 socket(AF_INET6, SOCK_DGRAM|SOCK_CLOEXEC|SOCK_NONBLOCK, IPPROTO_IP) = 5
1956275 close(5)                        = 0
1956275 close(3)                        = 0
1956275 socket(AF_INET6, SOCK_STREAM|SOCK_CLOEXEC|SOCK_NONBLOCK, IPPROTO_IP) = 3
1956275 socket(AF_INET6, SOCK_DGRAM|SOCK_CLOEXEC|SOCK_NONBLOCK, IPPROTO_IP) = 5
1956275 close(5)                        = 0
1956275 close(3)                        = 0
1956275 socket(AF_INET6, SOCK_STREAM|SOCK_CLOEXEC|SOCK_NONBLOCK, IPPROTO_IP) = 3
1956275 socket(AF_INET6, SOCK_DGRAM|SOCK_CLOEXEC|SOCK_NONBLOCK, IPPROTO_IP) = 5
1956275 close(5)                        = 0
1956275 close(3)                        = 0
1956275 socket(AF_INET6, SOCK_STREAM|SOCK_CLOEXEC|SOCK_NONBLOCK, IPPROTO_IP) = 3
1956275 socket(AF_INET6, SOCK_DGRAM|SOCK_CLOEXEC|SOCK_NONBLOCK, IPPROTO_IP) = 5
1956275 close(5)                        = 0
1956275 close(3)                        = 0
1956275 socket(AF_INET6, SOCK_STREAM|SOCK_CLOEXEC|SOCK_NONBLOCK, IPPROTO_IP) = 3
1956275 socket(AF_INET6, SOCK_DGRAM|SOCK_CLOEXEC|SOCK_NONBLOCK, IPPROTO_IP) = 5
1956275 close(5)                        = 0
1956275 close(3)                        = 0
1956275 socket(AF_INET6, SOCK_STREAM|SOCK_CLOEXEC|SOCK_NONBLOCK, IPPROTO_IP) = 3
1956275 socket(AF_INET6, SOCK_DGRAM|SOCK_CLOEXEC|SOCK_NONBLOCK, IPPROTO_IP) = 5
1956275 close(5)                        = 0
1956275 close(3)                        = 0
1956275 socket(AF_INET6, SOCK_STREAM|SOCK_CLOEXEC|SOCK_NONBLOCK, IPPROTO_IP) = 3
1956275 socket(AF_INET6, SOCK_DGRAM|SOCK_CLOEXEC|SOCK_NONBLOCK, IPPROTO_IP) = 5
1956275 close(5)                        = 0
1956275 close(3)                        = 0
1956275 socket(AF_INET6, SOCK_STREAM|SOCK_CLOEXEC|SOCK_NONBLOCK, IPPROTO_IP) = 3
1956275 socket(AF_INET6, SOCK_DGRAM|SOCK_CLOEXEC|SOCK_NONBLOCK, IPPROTO_IP) = 5
1956275 close(5)                        = 0
1956275 close(3)                        = 0
1956275 socket(AF_INET6, SOCK_STREAM|SOCK_CLOEXEC|SOCK_NONBLOCK, IPPROTO_IP) = 3
1956275 socket(AF_INET6, SOCK_DGRAM|SOCK_CLOEXEC|SOCK_NONBLOCK, IPPROTO_IP) = 5
1956275 close(5)                        = 0
1956275 close(3)                        = 0
1956275 socket(AF_INET6, SOCK_STREAM|SOCK_CLOEXEC|SOCK_NONBLOCK, IPPROTO_IP) = 3
1956275 socket(AF_INET6, SOCK_DGRAM|SOCK_CLOEXEC|SOCK_NONBLOCK, IPPROTO_IP) = 5
1956275 close(5)                        = 0
1956275 close(3)                        = 0
1956275 socket(AF_INET6, SOCK_STREAM|SOCK_CLOEXEC|SOCK_NONBLOCK, IPPROTO_IP) = 3
1956275 socket(AF_INET6, SOCK_DGRAM|SOCK_CLOEXEC|SOCK_NONBLOCK, IPPROTO_IP) = 5
1956275 close(5)                        = 0
1956275 close(3)                        = 0
1956275 socket(AF_INET6, SOCK_STREAM|SOCK_CLOEXEC|SOCK_NONBLOCK, IPPROTO_IP) = 3
1956275 socket(AF_INET6, SOCK_DGRAM|SOCK_CLOEXEC|SOCK_NONBLOCK, IPPROTO_IP) = 5
1956275 close(5)                        = 0
1956275 close(3)                        = 0
1956275 socket(AF_INET6, SOCK_STREAM|SOCK_CLOEXEC|SOCK_NONBLOCK, IPPROTO_IP) = 3
1956275 socket(AF_INET6, SOCK_DGRAM|SOCK_CLOEXEC|SOCK_NONBLOCK, IPPROTO_IP) = 5
1956275 close(5)                        = 0
1956275 close(3)                        = 0
1956275 socket(AF_INET6, SOCK_STREAM|SOCK_CLOEXEC|SOCK_NONBLOCK, IPPROTO_IP) = 3
1956275 socket(AF_INET6, SOCK_DGRAM|SOCK_CLOEXEC|SOCK_NONBLOCK, IPPROTO_IP) = 5
1956275 close(5)                        = 0
1956275 close(3)                        = 0
1956275 socket(AF_INET6, SOCK_STREAM|SOCK_CLOEXEC|SOCK_NONBLOCK, IPPROTO_IP) = 3
1956275 socket(AF_INET6, SOCK_DGRAM|SOCK_CLOEXEC|SOCK_NONBLOCK, IPPROTO_IP) = 5
1956275 close(5)                        = 0
1956275 close(3)                        = 0
1956275 socket(AF_INET6, SOCK_STREAM|SOCK_CLOEXEC|SOCK_NONBLOCK, IPPROTO_IP) = 3
1956275 socket(AF_INET6, SOCK_DGRAM|SOCK_CLOEXEC|SOCK_NONBLOCK, IPPROTO_IP) = 5
1956275 close(5)                        = 0
1956275 close(3)                        = 0
1956275 socket(AF_INET6, SOCK_STREAM|SOCK_CLOEXEC|SOCK_NONBLOCK, IPPROTO_IP) = 3
1956275 socket(AF_INET6, SOCK_DGRAM|SOCK_CLOEXEC|SOCK_NONBLOCK, IPPROTO_IP) = 5
1956275 close(5)                        = 0
1956275 close(3)                        = 0
1956275 socket(AF_INET6, SOCK_STREAM|SOCK_CLOEXEC|SOCK_NONBLOCK, IPPROTO_IP) = 3
1956275 socket(AF_INET6, SOCK_DGRAM|SOCK_CLOEXEC|SOCK_NONBLOCK, IPPROTO_IP) = 5
1956275 close(5)                        = 0
1956275 close(3)                        = 0
1956275 socket(AF_INET6, SOCK_STREAM|SOCK_CLOEXEC|SOCK_NONBLOCK, IPPROTO_IP) = 3
1956275 socket(AF_INET6, SOCK_DGRAM|SOCK_CLOEXEC|SOCK_NONBLOCK, IPPROTO_IP) = 5
1956275 close(5)                        = 0
1956275 close(3)                        = 0
1956275 socket(AF_INET6, SOCK_STREAM|SOCK_CLOEXEC|SOCK_NONBLOCK, IPPROTO_IP) = 3
1956275 socket(AF_INET6, SOCK_DGRAM|SOCK_CLOEXEC|SOCK_NONBLOCK, IPPROTO_IP) = 5
1956275 close(5)                        = 0
1956275 close(3)                        = 0
1956275 socket(AF_INET6, SOCK_STREAM|SOCK_CLOEXEC|SOCK_NONBLOCK, IPPROTO_IP) = 3
1956275 socket(AF_INET6, SOCK_DGRAM|SOCK_CLOEXEC|SOCK_NONBLOCK, IPPROTO_IP) = 5
1956275 close(5)                        = 0
1956275 close(3)                        = 0
1956275 socket(AF_INET6, SOCK_STREAM|SOCK_CLOEXEC|SOCK_NONBLOCK, IPPROTO_IP) = 3
1956275 socket(AF_INET6, SOCK_DGRAM|SOCK_CLOEXEC|SOCK_NONBLOCK, IPPROTO_IP) = 5
1956275 close(5)                        = 0
1956275 close(3)                        = 0
1956275 socket(AF_INET6, SOCK_STREAM|SOCK_CLOEXEC|SOCK_NONBLOCK, IPPROTO_IP) = 3
1956275 socket(AF_INET6, SOCK_DGRAM|SOCK_CLOEXEC|SOCK_NONBLOCK, IPPROTO_IP) = 5
1956275 close(5)                        = 0
1956275 close(3)                        = 0
1956275 socket(AF_INET6, SOCK_STREAM|SOCK_CLOEXEC|SOCK_NONBLOCK, IPPROTO_IP) = 3
1956275 socket(AF_INET6, SOCK_DGRAM|SOCK_CLOEXEC|SOCK_NONBLOCK, IPPROTO_IP) = 5
1956275 close(5)                        = 0
1956275 close(3)                        = 0
1956275 socket(AF_INET6, SOCK_STREAM|SOCK_CLOEXEC|SOCK_NONBLOCK, IPPROTO_IP) = 3
1956275 socket(AF_INET6, SOCK_DGRAM|SOCK_CLOEXEC|SOCK_NONBLOCK, IPPROTO_IP) = 5
1956275 close(5)                        = 0
1956275 close(3)                        = 0
1956275 socket(AF_INET6, SOCK_STREAM|SOCK_CLOEXEC|SOCK_NONBLOCK, IPPROTO_IP) = 3
1956275 socket(AF_INET6, SOCK_DGRAM|SOCK_CLOEXEC|SOCK_NONBLOCK, IPPROTO_IP) = 5
1956275 close(5)                        = 0
1956275 close(3)                        = 0
1956275 socket(AF_INET6, SOCK_STREAM|SOCK_CLOEXEC|SOCK_NONBLOCK, IPPROTO_IP) = 3
1956275 socket(AF_INET6, SOCK_DGRAM|SOCK_CLOEXEC|SOCK_NONBLOCK, IPPROTO_IP) = 5
1956275 close(5)                        = 0
1956275 close(3)                        = 0
1956275 socket(AF_INET6, SOCK_STREAM|SOCK_CLOEXEC|SOCK_NONBLOCK, IPPROTO_IP) = 3
1956275 socket(AF_INET6, SOCK_DGRAM|SOCK_CLOEXEC|SOCK_NONBLOCK, IPPROTO_IP) = 5
1956275 close(5)                        = 0
1956275 close(3)                        = 0
1956275 socket(AF_INET6, SOCK_STREAM|SOCK_CLOEXEC|SOCK_NONBLOCK, IPPROTO_IP) = 3
1956275 socket(AF_INET6, SOCK_DGRAM|SOCK_CLOEXEC|SOCK_NONBLOCK, IPPROTO_IP) = 5
1956275 close(5)                        = 0
1956275 close(3)                        = 0
1956275 socket(AF_INET6, SOCK_STREAM|SOCK_CLOEXEC|SOCK_NONBLOCK, IPPROTO_IP) = 3
1956275 socket(AF_INET6, SOCK_DGRAM|SOCK_CLOEXEC|SOCK_NONBLOCK, IPPROTO_IP) = 5
1956275 close(5)                        = 0
1956275 close(3)                        = 0
1956275 socket(AF_INET6, SOCK_STREAM|SOCK_CLOEXEC|SOCK_NONBLOCK, IPPROTO_IP) = 3
1956275 socket(AF_INET6, SOCK_DGRAM|SOCK_CLOEXEC|SOCK_NONBLOCK, IPPROTO_IP) = 5
1956275 close(5)                        = 0
1956275 close(3)                        = 0
1956275 socket(AF_INET6, SOCK_STREAM|SOCK_CLOEXEC|SOCK_NONBLOCK, IPPROTO_IP) = 3
1956275 socket(AF_INET6, SOCK_DGRAM|SOCK_CLOEXEC|SOCK_NONBLOCK, IPPROTO_IP) = 5
1956275 close(5)                        = 0
1956275 close(3)                        = 0
1956275 socket(AF_INET6, SOCK_STREAM|SOCK_CLOEXEC|SOCK_NONBLOCK, IPPROTO_IP) = 3
1956275 socket(AF_INET6, SOCK_DGRAM|SOCK_CLOEXEC|SOCK_NONBLOCK, IPPROTO_IP) = 5
1956275 close(5)                        = 0
1956275 close(3)                        = 0
1956275 socket(AF_INET6, SOCK_STREAM|SOCK_CLOEXEC|SOCK_NONBLOCK, IPPROTO_IP) = 3
1956275 socket(AF_INET6, SOCK_DGRAM|SOCK_CLOEXEC|SOCK_NONBLOCK, IPPROTO_IP) = 5
1956275 close(5)                        = 0
1956275 close(3)                        = 0
1956275 socket(AF_INET6, SOCK_STREAM|SOCK_CLOEXEC|SOCK_NONBLOCK, IPPROTO_IP) = 3
1956275 socket(AF_INET6, SOCK_DGRAM|SOCK_CLOEXEC|SOCK_NONBLOCK, IPPROTO_IP) = 5
1956275 close(5)                        = 0
1956275 close(3)                        = 0
1956275 socket(AF_INET6, SOCK_STREAM|SOCK_CLOEXEC|SOCK_NONBLOCK, IPPROTO_IP) = 3
1956275 socket(AF_INET6, SOCK_DGRAM|SOCK_CLOEXEC|SOCK_NONBLOCK, IPPROTO_IP) = 5
1956275 close(5)                        = 0
1956275 close(3)                        = 0
1956275 socket(AF_INET6, SOCK_STREAM|SOCK_CLOEXEC|SOCK_NONBLOCK, IPPROTO_IP) = 3
1956275 socket(AF_INET6, SOCK_DGRAM|SOCK_CLOEXEC|SOCK_NONBLOCK, IPPROTO_IP) = 5
1956275 close(5)                        = 0
1956275 close(3)                        = 0
1956275 socket(AF_INET6, SOCK_STREAM|SOCK_CLOEXEC|SOCK_NONBLOCK, IPPROTO_IP) = 3
1956275 socket(AF_INET6, SOCK_DGRAM|SOCK_CLOEXEC|SOCK_NONBLOCK, IPPROTO_IP) = 5
1956275 close(5)                        = 0
1956275 close(3)                        = 0
1956275 socket(AF_INET6, SOCK_STREAM|SOCK_CLOEXEC|SOCK_NONBLOCK, IPPROTO_IP) = 3
1956275 socket(AF_INET6, SOCK_DGRAM|SOCK_CLOEXEC|SOCK_NONBLOCK, IPPROTO_IP) = 5
1956275 close(5)                        = 0
1956275 close(3)                        = 0
1956275 socket(AF_INET6, SOCK_STREAM|SOCK_CLOEXEC|SOCK_NONBLOCK, IPPROTO_IP) = 3
1956275 socket(AF_INET6, SOCK_DGRAM|SOCK_CLOEXEC|SOCK_NONBLOCK, IPPROTO_IP) = 5
1956275 close(5)                        = 0
1956275 close(3)                        = 0
1956275 socket(AF_INET6, SOCK_STREAM|SOCK_CLOEXEC|SOCK_NONBLOCK, IPPROTO_IP) = 3
1956275 socket(AF_INET6, SOCK_DGRAM|SOCK_CLOEXEC|SOCK_NONBLOCK, IPPROTO_IP) = 5
1956275 close(5)                        = 0
1956275 close(3)                        = 0
1956275 socket(AF_INET6, SOCK_STREAM|SOCK_CLOEXEC|SOCK_NONBLOCK, IPPROTO_IP) = 3
1956275 socket(AF_INET6, SOCK_DGRAM|SOCK_CLOEXEC|SOCK_NONBLOCK, IPPROTO_IP) = 5
1956275 close(5)                        = 0
1956275 close(3)                        = 0
1956275 socket(AF_INET6, SOCK_STREAM|SOCK_CLOEXEC|SOCK_NONBLOCK, IPPROTO_IP) = 3
1956275 socket(AF_INET6, SOCK_DGRAM|SOCK_CLOEXEC|SOCK_NONBLOCK, IPPROTO_IP) = 5
1956275 close(5)                        = 0
1956275 close(3)                        = 0
1956275 socket(AF_INET6, SOCK_STREAM|SOCK_CLOEXEC|SOCK_NONBLOCK, IPPROTO_IP) = 3
1956275 socket(AF_INET6, SOCK_DGRAM|SOCK_CLOEXEC|SOCK_NONBLOCK, IPPROTO_IP) = 5
1956275 close(5)                        = 0
1956275 close(3)                        = 0
1956275 socket(AF_INET6, SOCK_STREAM|SOCK_CLOEXEC|SOCK_NONBLOCK, IPPROTO_IP) = 3
1956275 socket(AF_INET6, SOCK_DGRAM|SOCK_CLOEXEC|SOCK_NONBLOCK, IPPROTO_IP) = 5
1956275 close(5)                        = 0
1956275 close(3)                        = 0
1956275 socket(AF_INET6, SOCK_STREAM|SOCK_CLOEXEC|SOCK_NONBLOCK, IPPROTO_IP) = 3
1956275 socket(AF_INET6, SOCK_DGRAM|SOCK_CLOEXEC|SOCK_NONBLOCK, IPPROTO_IP) = 5
1956275 close(5)                        = 0
1956275 close(3)                        = 0
1956275 socket(AF_INET6, SOCK_STREAM|SOCK_CLOEXEC|SOCK_NONBLOCK, IPPROTO_IP) = 3
1956275 socket(AF_INET6, SOCK_DGRAM|SOCK_CLOEXEC|SOCK_NONBLOCK, IPPROTO_IP) = 5
1956275 close(5)                        = 0
1956275 close(3)                        = 0
1956275 socket(AF_INET6, SOCK_STREAM|SOCK_CLOEXEC|SOCK_NONBLOCK, IPPROTO_IP) = 3
1956275 socket(AF_INET6, SOCK_DGRAM|SOCK_CLOEXEC|SOCK_NONBLOCK, IPPROTO_IP) = 5
1956275 close(5)                        = 0
1956275 close(3)                        = 0
1956275 socket(AF_INET6, SOCK_STREAM|SOCK_CLOEXEC|SOCK_NONBLOCK, IPPROTO_IP) = 3
1956275 socket(AF_INET6, SOCK_DGRAM|SOCK_CLOEXEC|SOCK_NONBLOCK, IPPROTO_IP) = 5
1956275 close(5)                        = 0
1956275 close(3)                        = 0
1956275 socket(AF_INET6, SOCK_STREAM|SOCK_CLOEXEC|SOCK_NONBLOCK, IPPROTO_IP) = 3
1956275 socket(AF_INET6, SOCK_DGRAM|SOCK_CLOEXEC|SOCK_NONBLOCK, IPPROTO_IP) = 5
1956275 close(5)                        = 0
1956275 close(3)                        = 0
1956275 socket(AF_INET6, SOCK_STREAM|SOCK_CLOEXEC|SOCK_NONBLOCK, IPPROTO_IP) = 3
1956275 socket(AF_INET6, SOCK_DGRAM|SOCK_CLOEXEC|SOCK_NONBLOCK, IPPROTO_IP) = 5
1956275 close(5)                        = 0
1956275 close(3)                        = 0
1956275 socket(AF_INET6, SOCK_STREAM|SOCK_CLOEXEC|SOCK_NONBLOCK, IPPROTO_IP) = 3
1956275 socket(AF_INET6, SOCK_DGRAM|SOCK_CLOEXEC|SOCK_NONBLOCK, IPPROTO_IP) = 5
1956275 close(5)                        = 0
1956275 close(3)                        = 0
1956275 socket(AF_INET6, SOCK_STREAM|SOCK_CLOEXEC|SOCK_NONBLOCK, IPPROTO_IP) = 3
1956275 socket(AF_INET6, SOCK_DGRAM|SOCK_CLOEXEC|SOCK_NONBLOCK, IPPROTO_IP) = 5
1956275 close(5)                        = 0
1956275 close(3)                        = 0
1956275 socket(AF_INET6, SOCK_STREAM|SOCK_CLOEXEC|SOCK_NONBLOCK, IPPROTO_IP) = 3
1956275 socket(AF_INET6, SOCK_DGRAM|SOCK_CLOEXEC|SOCK_NONBLOCK, IPPROTO_IP) = 5
1956275 close(5)                        = 0
1956275 close(3)                        = 0
1956275 socket(AF_INET6, SOCK_STREAM|SOCK_CLOEXEC|SOCK_NONBLOCK, IPPROTO_IP) = 3
1956275 socket(AF_INET6, SOCK_DGRAM|SOCK_CLOEXEC|SOCK_NONBLOCK, IPPROTO_IP) = 5
1956275 close(5)                        = 0
1956275 close(3)                        = 0
1956275 socket(AF_INET6, SOCK_STREAM|SOCK_CLOEXEC|SOCK_NONBLOCK, IPPROTO_IP) = 3
1956275 socket(AF_INET6, SOCK_DGRAM|SOCK_CLOEXEC|SOCK_NONBLOCK, IPPROTO_IP) = 5
1956275 close(5)                        = 0
1956275 close(3)                        = 0
1956275 socket(AF_INET6, SOCK_DGRAM|SOCK_CLOEXEC|SOCK_NONBLOCK, IPPROTO_IP) = 3
1956289 recvfrom(3, 0x562e8d6744c0, 2, 0, 0x7ff3e80212a0, [120]) = -1 EAGAIN (Resource temporarily unavailable)
1956275 sendto(3, "live", 4, 0, {sa_family=AF_INET6, sin6_port=htons(48564), sin6_flowinfo=htonl(0), inet_pton(AF_INET6, "::1", &sin6_addr), sin6_scope_id=0}, 28) = 4
1956289 close(3)                        = 0
1956289 socket(AF_INET6, SOCK_DGRAM|SOCK_CLOEXEC|SOCK_NONBLOCK, IPPROTO_IP) = 3
1956275 recvfrom(3, 0x7ff3e8023420, 2, 0, 0x562e8d6744c0, [120]) = -1 EAGAIN (Resource temporarily unavailable)
1956275 close(3)                        = 0
1956288 +++ exited with 0 +++
1956281 +++ exited with 0 +++
1956280 +++ exited with 0 +++
1956279 +++ exited with 0 +++
1956275 close(4)                        = 0
1956327 +++ exited with 0 +++
1956289 +++ exited with 0 +++
1956275 +++ exited with 0 +++
