--------------------------------------------------------------------------------------------------
TP: wirestack.net, time elapsed: 1577793499 ns, RESULT:
    TCS: DnsClientWireTest, time elapsed: 965324353 ns, RESULT:
    [ PASSED ] CASE: publicQueryAndLookupUseRealUdpAndRetainAbsoluteCacheExpiry (2892777 ns)
    [ PASSED ] CASE: publicQueryEncodesEveryModeledRecordType (11103161 ns)
    [ PASSED ] CASE: wrongSourceIdAndQuestionAreIgnoredBeforeValidUdpResponse (1199753 ns)
    [ PASSED ] CASE: validatedTruncationFallsBackToExactTcpFrame (1466109 ns)
    [ PASSED ] CASE: activeCancellationRetainsNameserverWithoutRetry (60628478 ns)
    [ PASSED ] CASE: silentDnsAttemptsLeaveBudgetForServerAndPassFailover (503687177 ns)
    [ PASSED ] CASE: exhaustedResponseCodesRetainTheLastRespondingNameserver (1953210 ns)
    [ PASSED ] CASE: unsupportedResponseCodeRetainsRespondingNameserver (1135013 ns)
    [ PASSED ] CASE: dnsTransportFailuresRetainSelectedNameserver (253835244 ns)
    [ PASSED ] CASE: tcpResponseCannotRemainTruncated (1616309 ns)
    [ PASSED ] CASE: malformedMatchingResponseAndUnrelatedSectionsCannotPoisonCache (3941733 ns)
    [ PASSED ] CASE: cnameTraversalUsesAnswerOwnersAndRejectsConflictingTargets (1953381 ns)
    [ PASSED ] CASE: fullResultCapacityDoesNotQueryAnotherFamily (60557558 ns)
    [ PASSED ] CASE: rfc2308CacheRetainsNxdomainVersusNodataWithoutNewPackets (4385338 ns)
    [ PASSED ] CASE: zeroTtlNeverCreatesAPositiveCacheEntry (1847768 ns)
    [ PASSED ] CASE: callerCancellationAndClientCloseWakeActiveNativeReceive (3126833 ns)
    [ PASSED ] CASE: anyFamilyRetainsAddressesWhenTheOtherFamilyFails (7895192 ns)
    [ PASSED ] CASE: crossFamilyConflictsRetainTheLivePeerAlongsideCachedResults (5746522 ns)
    [ PASSED ] CASE: nxdomainInvalidatesVisitedTargetsAndOtherCachedAliases (17393593 ns)
    [ PASSED ] CASE: everyNxdomainInvalidatesPreviouslyCachedAddresses (7951006 ns)
    [ PASSED ] CASE: noncacheableNxdomainStopsOtherFamilyQueries (2619933 ns)
    [ PASSED ] CASE: nameWideNegativeOverridesEarlierFamilyFailure (2118296 ns)
    [ PASSED ] CASE: boundedAdmissionRejectsExcessAndCloseWakesQueuedCallers (1002063 ns)
    TCS: DnsResolverPolicyTest, time elapsed: 284844184 ns, RESULT:
    [ PASSED ] CASE: fromSystemParsesTabsCommentsLastSearchAndClampedNdots (293944 ns)
    [ PASSED ] CASE: directConfigRejectsUnsupportedNameserverZonesBeforeQueries (29600 ns)
    [ PASSED ] CASE: numericNameserverZonesUseCanonicalEndpointIdentity (32177 ns)
    [ PASSED ] CASE: systemNameserversRetainOnlySupportedNumericZones (267525 ns)
    [ PASSED ] CASE: equivalentNameserverScopesDoNotConsumeTheServerLimit (186695 ns)
    [ PASSED ] CASE: configOwnsInputArraysAndReturnsDefensiveCopies (39849 ns)
    [ PASSED ] CASE: adoptedClientRequiresMatchingConfigurationWithoutTakingRejectedOwnership (167383 ns)
    [ PASSED ] CASE: systemFilesFailClosedWhenMissingOversizedOrNonregular (14285360 ns)
    [ PASSED ] CASE: ipv4LiteralsBypassHostsSearchAndNameservers (60331379 ns)
    [ PASSED ] CASE: hostsSnapshotRetainsOnlyUsableIpv6Zones (360938 ns)
    [ PASSED ] CASE: hostsAliasesFilterFamiliesAndRemainSnapshotted (447110 ns)
    [ PASSED ] CASE: trailingRootSkipsSearchWhileNdotsSelectsSearchOrAbsoluteFirst (3351353 ns)
    [ PASSED ] CASE: exactHostsEntryWinsBeforeSearchSuffixDns (200872128 ns)
    [ PASSED ] CASE: cancelledExpiredAndClosedCallsRetainPublicResolveClassifications (473457 ns)
    [ PASSED ] CASE: connectUsesHostsMappingForANativeListenerExchange (837352 ns)
    [ PASSED ] CASE: resolverConnectCarriesOneAbsoluteDeadlineIntoNativeTcpAdmission (646843 ns)
    TCS: DnsWireParserTest, time elapsed: 36526399 ns, RESULT:
    [ PASSED ] CASE: decodesCompressedTargetsBinaryTxtSoaAndUnknownData (211889 ns)
    [ PASSED ] CASE: recordOrderMakesAnswerAuthorityAndAdditionalBoundariesExplicit (70583 ns)
    [ PASSED ] CASE: summariesAndRecordsOwnParserAndConstructorInputs (77573 ns)
    [ PASSED ] CASE: publicSummaryRejectsCountsBeyondWireAndCombinedRecordBounds (33770615 ns)
    [ PASSED ] CASE: parserPreservesQuestionIdentityAndRejectsIncompleteRecords (69295 ns)
    [ PASSED ] CASE: asciiNameProfileRejectsAmbiguousLabels (71073 ns)
    [ PASSED ] CASE: compressionLoopsForwardPointersAndOutOfRangePointersAreRejected (42673 ns)
    [ PASSED ] CASE: expandedNameAndSectionCountsRespectConfiguredBounds (49361 ns)
    [ PASSED ] CASE: completeParserRejectsTrailingAndTruncatedSectionBytes (37208 ns)
    [ PASSED ] CASE: typedRdataLengthsAndTxtSegmentsAreExact (58750 ns)
    [ PASSED ] CASE: compressedRdataNamesCannotConsumeNeighboringRecordBytes (106839 ns)
    [ PASSED ] CASE: srvTargetCompressionIsRejectedEvenWhenPointerIsInBounds (31401 ns)
    [ PASSED ] CASE: summaryConstructorRejectsSectionMetadataThatCouldBlurBoundaries (15648 ns)
    [ PASSED ] CASE: additionalOwnerMayReferenceAuthorityNameserverTarget (42912 ns)
    [ PASSED ] CASE: additionalOwnerMayReferenceSecondLegacyMailboxName (67164 ns)
    TCS: DnsWireFuzzTest, time elapsed: 122858384 ns, RESULT:
    [ PASSED ] CASE: wireMutationsRejectMalformedMessagesOrRetainOwnedSections (122636632 ns)
    TCS: M8002TcpListenerTest, time elapsed: 61533075 ns, RESULT:
    [ PASSED ] CASE: bindRejectsInvalidBacklogAndStoppedContextsWithStructuredErrors (73110 ns)
    [ PASSED ] CASE: bindFailureRetainsPublicCoordinatesAndCause (211781 ns)
    [ PASSED ] CASE: cancelledAndExpiredAcceptsLeaveListenerReusable (29388523 ns)
    [ PASSED ] CASE: acceptedStreamTransfersExactDataInBothDirections (234785 ns)
    [ PASSED ] CASE: overlappingAcceptIsRejectedWithoutCreatingAPendingQueue (30038375 ns)
    [ PASSED ] CASE: stoppedCloseAdmissionHasNoNativeEffectAndListenerRemainsUsable (270805 ns)
    [ PASSED ] CASE: gracefulAndAbortTerminalOwnersAreStableAndWakeAccept (221823 ns)
    TCS: M8002UdpSocketTest, time elapsed: 34210961 ns, RESULT:
    [ PASSED ] CASE: datagramBoundariesAndOwnedPayloadSurviveScratchReuse (189989 ns)
    [ PASSED ] CASE: exactCapacityAndTruncationDiscardOnlyTheCurrentDatagramTail (157791 ns)
    [ PASSED ] CASE: connectedSocketSelectsNativePeerAndFiltersOtherSenders (245423 ns)
    [ PASSED ] CASE: invalidAndUnsupportedInputsLeaveSocketReusable (1633458 ns)
    [ PASSED ] CASE: cancellationDeadlineCloseAndAbortRetainDistinctState (30597304 ns)
    TCS: M8007TlsDeadlineCleanupTest, time elapsed: 32840694 ns, RESULT:
    [ PASSED ] CASE: closeDeadlineReleasesAnExistingNativeTcpReadWithoutPeerAssistance (32098415 ns)
    TCS: NetworkFoundationContractTest, time elapsed: 38522759 ns, RESULT:
    [ PASSED ] CASE: unixEndpointFormsAreDistinctAndOwned (23762 ns)
    [ PASSED ] CASE: unixEndpointRejectsUnboundedNames (52083 ns)
    [ PASSED ] CASE: rawSocketCapabilityBoundaryRequiresDomainSpecificProtocol (46122 ns)
    [ PASSED ] CASE: cancelledConnectFailsBeforeSocketCreation (57909 ns)
    [ PASSED ] CASE: tcpStreamCancellationDistinguishesUntouchedFromAbortedDelegate (84451 ns)
    [ PASSED ] CASE: tcpStreamGracefulCloseIsRetainedAndIdempotent (17970 ns)
    [ PASSED ] CASE: tcpStreamTerminalCloseSkipsStoppedContextsAndCallerClock (56405 ns)
    [ PASSED ] CASE: tcpStreamNonterminalStoppedCloseAdmissionStillRejects (42365 ns)
    [ PASSED ] CASE: tcpStreamCloseNormalizesContextFailureWithoutTakingOwnership (59090 ns)
    [ PASSED ] CASE: tcpStreamAbortRetainsItsCauseAndConnectionFacts (72311 ns)
    [ PASSED ] CASE: tcpStreamDirectionalShutdownPublishesOnlySuccessfulTransitions (47243 ns)
    [ PASSED ] CASE: tcpStreamReadShutdownRejectsEveryReadPathWithoutLosingWrites (77821 ns)
    [ PASSED ] CASE: tcpStreamWriteShutdownRejectsEveryWritePathWithoutLosingReads (49902 ns)
    [ PASSED ] CASE: tcpStreamEmptyOperationsRemainImmediateAfterDirectionalShutdown (18302 ns)
    [ PASSED ] CASE: tcpStreamReadExactAddsCapturedEndpointsToUnexpectedEof (27904 ns)
    [ PASSED ] CASE: tcpStreamReadKeepsPeerEofGraceful (15629 ns)
    [ PASSED ] CASE: tcpStreamReadExactMergesCapturedAndStructuredEndpointMetadata (37198 ns)
    [ PASSED ] CASE: tcpStreamIoConflictsRetainCapturedEndpointsWithoutClosing (84920 ns)
    [ PASSED ] CASE: tcpStreamDirectionalShutdownDoesNotPromoteWokenIoToFailure (100832 ns)
    [ PASSED ] CASE: tcpStreamFinalShutdownRemainsGracefulWhenItWakesIo (57750 ns)
    [ PASSED ] CASE: tcpStreamFailuresRetainOriginalErrorAndReleaseDelegate (63830 ns)
    [ PASSED ] CASE: tcpStreamRetainsNativeCancellationOwnership (1287143 ns)
    [ PASSED ] CASE: tcpStreamNormalizesUnexpectedDelegateFailures (222847 ns)
    [ PASSED ] CASE: tcpStreamPrecancelledIoCannotClaimAnotherClosesOwnership (94774 ns)
    [ PASSED ] CASE: tcpStreamCancellationOwnershipSurvivesOtherObservers (64469 ns)
    [ PASSED ] CASE: tcpStreamAbortCannotRelabelClaimedGracefulNativeClose (23575 ns)
    [ PASSED ] CASE: tcpStreamAbortOwnershipSurvivesCompetingIoAndLateCloseFailure (47003 ns)
    [ PASSED ] CASE: tcpStreamCancellationBoundsCloseWaitAndLateSuccessRemainsGraceful (125620 ns)
    [ PASSED ] CASE: tcpStreamJoiningBackgroundCloseWaitsForCompletion (28993566 ns)
    [ PASSED ] CASE: tcpStreamDeadlineBoundsCloseWaitAndLateSuccessRemainsGraceful (85813 ns)
    [ PASSED ] CASE: tcpStreamLateCloseFailurePublishesFailedWithoutReplacingCallerCancellation (134355 ns)
    [ PASSED ] CASE: tcpStreamAbortRemainsTerminalWhenDetachedCloseFailsLate (113948 ns)
    [ PASSED ] CASE: tcpStreamCloseKeepsGracefulCauseWhenItWakesARead (63833 ns)
    [ PASSED ] CASE: unsafeOptionValueIsBoundedAndOwnedWithoutApplyingIt (78061 ns)
    [ PASSED ] CASE: datagramResultEnforcesTheIpv4PayloadBound (1590211 ns)
    [ PASSED ] CASE: datagramResultSurvivesReceiveBufferReuse (20633 ns)
Summary: TOTAL: 104
    PASSED: 104, SKIPPED: 0, ERROR: 0
    FAILED: 0
--------------------------------------------------------------------------------------------------
Project tests finished, time elapsed: 1583350954 ns, RESULT:
TP: wirestack.*, time elapsed: 1583299932 ns, RESULT:
    PASSED:
    TP: wirestack.net, time elapsed: 1577793499 ns
Summary: TOTAL: 104
    PASSED: 104, SKIPPED: 0, ERROR: 0
    FAILED: 0
--------------------------------------------------------------------------------------------------
cjpm test success
