M7-022 Linux release soak: FAIL: SOAK_ALREADY_RUNNING: another invocation is active
M0-016 validation: PASS
architecture guard: PASS
{"schema_version": 1, "source_task": "M9-003", "status": "PASS", "native": "NOT_RUN", "rows": 86, "socket_objects": ["TcpListener", "TcpStream", "UdpSocket", "UnixDatagramSocket", "UnixListener", "UnixStream"], "capability_fields": ["ancillaryData", "broadcast", "closeOnExec", "connectedDatagramSend", "halfClose", "multicast", "nonBlocking", "raw", "zeroLengthDatagramSend"], "native_scenarios": ["internet-ipv4", "internet-ipv6", "unix-pathname", "unix-abstract", "capability-contract", "dns-basic", "dns-connect", "socket-options", "http-option-connector", "invalid-option-admission", "active-send-control", "udp-disconnect", "udp-broadcast", "udp-multicast-ipv4", "udp-multicast-ipv6", "udp-membership-errors", "udp-active-receive", "udp-active-send"], "description_digest": {"domain": "text-utf8-lf-v1", "sha256": "ce464427b1871c4cdd4f92e0db7c38f702a77b6c166f334a9b642fc2b4b3fb04"}, "inventory_sha256": "0bf9cc089fc9000308fe9453d228500db72fca09b07d4d06d95a4e8e646e703d"}
{"artifacts": {"api": "docs/api/generated/api-surface.json", "coverage": "docs/api/generated/coverage.json", "docs": "docs/api/generated/docs.json", "markdown": "docs/api/generated/markdown"}, "cjdoc": {"path": "<cjdoc>", "version": "0.7.2"}, "combined": {"apiEntries": 1507, "apiSha256": "4789339649a29bfcf5b7c8f778c2b7fb19154d27d817d93ed690b7147032072f", "coverage": {"parameters": {"documented": 739, "percent": 100, "total": 739}, "symbols": {"documented": 1507, "percent": 100, "total": 1507}}, "coverageSha256": "7d831ca1fd53279034966d0ce876c4b7c0d3add158b41b21e0ae69c6f9432ec4", "declarations": 2486, "docsSha256": "0817d05c3769bed3b47906d17fd95334e85b4f10ec824d9408ebd87ddd33372c", "markdownSha256": "988b54088600cbe0a4c63d442b309d59a3f11ecb93cf3db6b5ced6bd4f632518", "package": "combined", "status": "PASS"}, "commands": [{"kind": "check", "package": "wirestack", "returncode": 0, "status": "PASS", "stderr": "documentation coverage: symbols 662/662 (100%), parameters 262/262 (100%)\n", "stderr_truncated": false, "stdout": "", "stdout_truncated": false}, {"kind": "generate", "package": "wirestack", "returncode": 0, "status": "PASS", "stderr": "", "stderr_truncated": false, "stdout": "generated <staging>/wirestack/output\n", "stdout_truncated": false}, {"kind": "check", "package": "wirestack.http", "returncode": 0, "status": "PASS", "stderr": "documentation coverage: symbols 1065/1065 (100%), parameters 483/483 (100%)\n", "stderr_truncated": false, "stdout": "", "stdout_truncated": false}, {"kind": "generate", "package": "wirestack.http", "returncode": 0, "status": "PASS", "stderr": "", "stderr_truncated": false, "stdout": "generated <staging>/wirestack-http/output\n", "stdout_truncated": false}, {"kind": "check", "package": "wirestack.tls", "returncode": 0, "status": "PASS", "stderr": "documentation coverage: symbols 838/838 (100%), parameters 326/326 (100%)\n", "stderr_truncated": false, "stdout": "", "stdout_truncated": false}, {"kind": "generate", "package": "wirestack.tls", "returncode": 0, "status": "PASS", "stderr": "", "stderr_truncated": false, "stdout": "generated <staging>/wirestack-tls/output\n", "stdout_truncated": false}, {"kind": "check", "package": "wirestack.net", "returncode": 0, "status": "PASS", "stderr": "documentation coverage: symbols 928/928 (100%), parameters 454/454 (100%)\n", "stderr_truncated": false, "stdout": "", "stdout_truncated": false}, {"kind": "generate", "package": "wirestack.net", "returncode": 0, "status": "PASS", "stderr": "", "stderr_truncated": false, "stdout": "generated <staging>/wirestack-net/output\n", "stdout_truncated": false}, {"kind": "check", "package": "combined", "returncode": 0, "status": "PASS", "stderr": "documentation coverage: symbols 1507/1507 (100%), parameters 739/739 (100%)\n", "stderr_truncated": false, "stdout": "", "stdout_truncated": false}, {"kind": "generate", "package": "combined", "returncode": 0, "status": "PASS", "stderr": "", "stderr_truncated": false, "stdout": "generated <staging>/combined/output\n", "stdout_truncated": false}], "expectedCjdoc": "0.7.2", "generatedAtUtc": "2026-09-26T15:09:07.605588Z", "issues": [], "layers": [{"apiEntries": 662, "apiSha256": "18ef8b0e5e6dd34daae0b7bfc98e0c0c370f7237eb07e72e432c76a13726a88e", "coverage": {"parameters": {"documented": 262, "percent": 100, "total": 262}, "symbols": {"documented": 662, "percent": 100, "total": 662}}, "coverageSha256": "a33481d03da902371e26245f67bb94f450d89ef66b9c0ad36bac6970eaf207b4", "declarations": 808, "docsSha256": "df3c07c4f0458a36021e9f7928e3e0fdbde27785c527e9d40ac60e00094f1014", "markdownSha256": "3055a19762b460c1f977ca0ed29a1154c7af8cda9d232351ef2bba0e2b409b45", "package": "wirestack", "status": "PASS"}, {"apiEntries": 1065, "apiSha256": "8d605ec1ccfbfc0ece970e1f6cf0cd417752366e863c5e38dfeb1817262af271", "coverage": {"parameters": {"documented": 483, "percent": 100, "total": 483}, "symbols": {"documented": 1065, "percent": 100, "total": 1065}}, "coverageSha256": "9985a9ec1ae0dc408cc27e5a3b9ffd58782cc331046e39ba8ef58b6eba5a86c7", "declarations": 1733, "docsSha256": "39e5e92a2904d0b4dccdec819830acb17871a7100fd957d9fceacbf1683c0eb4", "markdownSha256": "b90982339ea708b7f7715aac927745b2581b6855195119690f6e0f5582139392", "package": "wirestack.http", "status": "PASS"}, {"apiEntries": 838, "apiSha256": "3de4d04409af0f532e8a5ccb3cf2790eafbcecbc9e2d8b92144e2e2db31fcdc0", "coverage": {"parameters": {"documented": 326, "percent": 100, "total": 326}, "symbols": {"documented": 838, "percent": 100, "total": 838}}, "coverageSha256": "9911e669daf6b58625ce5c52ba3482cd983ccf34a95439d3d47d87113d5757c1", "declarations": 1014, "docsSha256": "9f261ea3c18964b0dfa3d252e0d00bc0f1e37f0788b8679e97f7cce31d4ed15b", "markdownSha256": "f11ae8b6080dd249c5c33562a00732f7bbd35c67e423c0bcfc39ae9935b07646", "package": "wirestack.tls", "status": "PASS"}, {"apiEntries": 928, "apiSha256": "d5afbef40cb68d6ea7957388d850921fd1c68546f7f63f4ec39204cfd12ed612", "coverage": {"parameters": {"documented": 454, "percent": 100, "total": 454}, "symbols": {"documented": 928, "percent": 100, "total": 928}}, "coverageSha256": "bf7bb485ae00bcac5812283883bb3988c9d5a6a749d692567130be2f85a2bac4", "declarations": 1355, "docsSha256": "dc3a1867b73d09f47c24a01563d61a9009a746e68c592e8ff641e9b30b451b71", "markdownSha256": "c665cef542630b9fbda37c53b17bfede25aa487c50b010430c1047257d4e1bfe", "package": "wirestack.net", "status": "PASS"}], "platform": {"libc": "glibc", "machine": "x86_64", "system": "Linux"}, "schemaVersion": 1, "sourceSha256": {"src/byte_span.cj": "4b38c6d184e172a56f0c39308294cbd2485ff683aba4f27028abe07c2b4661c4", "src/cancellation.cj": "c023b65acab9740096dc1ec9a770cf59d7361b2fec3dcdeebb3cc6033d78034d", "src/common.cj": "7a6d9bf1bd56bb9c5209152b2482dee044027f8d348233dcd6cc7b87d1c866e3", "src/deadline.cj": "15c5fd0c7f2dcfb4be7150359990c7c35cde11aa3332f80a9efe9f79e431a7c4", "src/hostname_verifier.cj": "a0d06b89cf163b91339e5690bf1d15d8e94bd4912c2792b35e0cdd09d4e34989", "src/http/cancellation.cj": "8ff94be6a771af4c56dab7dc982fca0a16e6df1da4d1a14303dfc179f9225537", "src/http/client.cj": "97131a36c964f68cbc6697a87a4fd5fe81a5a0d146dee3355b4386a47f97c628", "src/http/cookie.cj": "5326d61b5121e75e56750a29c960dc97e9b7fc34ba10f62236e3b19adbaee1d8", "src/http/duplex.cj": "e81f52f4efbc0b728a1891d67bc0f3a6292af471d16d992b65e2055e44ffac24", "src/http/error.cj": "d88c54a157e02063ab4048c197631daba3642a9618672841e4b98d3a25d275ad", "src/http/file_handler.cj": "2706ddeadba5c448a9bdf9ed1b604d5fe56c527b001d28ecb3b558b93728df74", "src/http/hooks.cj": "0b6016a645fd69bbb8743e5abfed22b4c325286a450587b4ff87b722ef04f2ed", "src/http/multipart.cj": "506c82b691fa280fc147fa7d6f73aa5ed7b1045f5fa1122bd7c667a62aead36e", "src/http/package.cj": "edae278034e8047e77649badec506b86ff2e6f3fc530d3eaf68394f77ff43ca0", "src/http/proxy.cj": "9576c9b153192c93943911557e8cce25f567e5ad0357074189437cc17af6fe1d", "src/http/redirect.cj": "bb7e2d00e2373436d05b8d4d7a19650768b943afd4ecbe737a49c352ca57be1f", "src/http/resolver.cj": "8c44e5ff6961122d6483c22546a26dab02e8414b88d5e18b954ddcf0b3ff29e4", "src/http/retry.cj": "e889370833f2d5b7df07d4cd13aa3068ab6262e1c2252728cbcc99c788b4199b", "src/http/server.cj": "52ede5995cf2b5ac64948b36334eadd9782cdcaa26e4c2bf3914a85e25cdb529", "src/http/tls.cj": "b232989ad8c4e73d4480dcae4ce40aae55fbedf9ce13b5922cc61b8a6e8a1e62", "src/http/upgrade.cj": "3bf29c0ad5b9fd19f5b2d994d36abcf76cbcc7d22d46c18991378aab705e0f73", "src/http/websocket.cj": "1eafd0d9f728592adea31d4397a8173c98d6ad3551ab4ed84d3b77623b787ba7", "src/http/websocket_handshake.cj": "db5d899be8d22022db1e7aed502ad36c3cc5e52d6dbae8dce53112f797276d59", "src/http_body.cj": "49b72ad2517213133eb693a190061050b655edb02df01eaa414db216c60fc4fe", "src/http_contract.cj": "39d7fe3885f50211393d9e03dc478b7370566bf7b7b3d3f20d0a5d3de3dc9259", "src/http_message.cj": "4033d25f42135e43f498f11d2b459512dcb7c45bce6e91efaa85b18a053e8ef1", "src/http_model.cj": "993ad73017a4da224b98f851e1e39d46fe6016502044b934f7ab191fb0da5a8c", "src/http_push.cj": "5dde5a1ff4cee87c947c1867e56fe0e7b9d2a38e2ca91a597f5a8deb4c2fc20f", "src/http_url.cj": "074cc811771e49030292b278252947af9f29476f67e9fd53f6a82ac473690955", "src/net/datagram_socket_core.cj": "007a873cf52ccc3587db5c1c58d8b69cbb991585b09085c0abc861ca647709ce", "src/net/dns_client.cj": "a63095f98489b93b83f76cebc878678391d338f9080e15cf2ea7277ff6562622", "src/net/dns_resolver.cj": "65b410bda4ed26d315848f68bdd70b432101153b12e3c5d6dcccd8bea14ec183", "src/net/dns_wire.cj": "08b6bfb5fb7b46502a2a897f44a251765947359408398bcb93442504de28bde0", "src/net/package.cj": "0d3e24838561ca302dea58edb365b6ee691db069878e1a22b4ec4c8b64627b77", "src/net/socket_options.cj": "a268a95b1ce57dd3c0c67f79f82e450f117d12b98a76848fd2e775e983b47dd4", "src/net/tcp_listener.cj": "77559ccaa15ff2b38d3cf4bd0e0ebb91b885844104287b06fadc331f36d363f8", "src/net/udp_socket.cj": "c3e928c9c5de18102bdb413eb7829b2f6de06cb2ab86511278e42812835f47a2", "src/net/unix_datagram_socket.cj": "7447856c277d45d943087e3285fd0ade950cf7047fbf232052e1cd9d0a730511", "src/net/unix_listener.cj": "aa964800977f95ff67a6351a91c16d950324bbe0c50d7b01c5f1484f06e01967", "src/net/unix_stream.cj": "399aeac5d19f6457e2342fd7b1af3a76943f00db50a21c1474bed3b3141acb8b", "src/network_error.cj": "4e272f9b9887804f0de87ec032d442a69b49803da66bffa005b7f0282aadc5e5", "src/network_event.cj": "55d93c151752e76c80c441e4bfc639f7d6da77e89ed582bae2ba6a43cdcc3084", "src/operation_context.cj": "523a1c1efaab2f3e6ba0755386460ea504a2caa8ef1453a18134f950c6e1234d", "src/package.cj": "f9035aacfa24f06fe88eda3f16a5cbcf5dbf482b2d86776ea27e09e4861e93d7", "src/private_key_contract.cj": "cb03bb9badc0552c2ac66dbb6bf4842559b5ea17b2aa77284e817a78d63c6e84", "src/resolver.cj": "7b2129a0e3fd4be72ad2dd6adaf0053d5de23a08214157c931d38d7627154b23", "src/tls/facade.cj": "e7d4d1be6695abeb50c9ca8490817f2ef56b9a812f5be58cf9717ec4d3992077", "src/tls/identity.cj": "055c4232b9e44ff3cc768a09f023cd7a19174f5ce0d4dc263ca675af90660d19", "src/tls/package.cj": "5afa752de915ccff3866a81b9dbd0e6d3da1df01e1ecfa7180eb42709694d2b9", "src/tls_contract.cj": "1cbeb94013b9a2b946dd731b335554340862388feadf354162a2f2320bb6dac1", "src/transport.cj": "6781aa3bf538523e02c4807eebff7ac37a773e5dc9bdb427e6a56ace3a0b7033", "src/trust.cj": "f64b49d84a58e034e3976089211f7b645b42e5bc51dbc353f2e0bcec14d17aba"}, "status": "PASS", "targetCfg": {"arch": "x86_64", "env": "gnu", "os": "Linux"}, "taskId": "M7-033"}
The valid serial compilation order is:
    wirestack -> wirestack.internal -> wirestack.internal.identity -> wirestack.internal.platform -> wirestack.internal.platform.android -> wirestack.internal.platform.apple -> wirestack.internal.platform.harmony -> wirestack.internal.platform.linux -> wirestack.internal.platform.windows -> wirestack.internal.common -> wirestack.internal.http_files -> wirestack.internal.http_model -> wirestack.internal.transport -> wirestack.internal.trust -> wirestack.internal.http2 -> wirestack.internal.resolver -> wirestack.internal.tls_engine -> wirestack.internal.connector -> wirestack.tls -> wirestack.internal.http1 -> wirestack.internal.transport_stdnet -> wirestack.net -> wirestack.http
cjpm check success
cjpm build success
--------------------------------------------------------------------------------------------------
TP: wirestack.internal.platform.linux, time elapsed: 18606690 ns, RESULT:
    TCS: LinuxSystemTrustAdapterTest, time elapsed: 18606690 ns, RESULT:
    [ PASSED ] CASE: frozenSearchOrderCoversGlibcAndMuslLayouts (259860 ns)
    [ PASSED ] CASE: currentLinuxHostSelectsOneExplicitUsableSource (16190074 ns)
    [ PASSED ] CASE: missingCandidatesFailWithoutProviderDefaultFallback (51587 ns)
    [ PASSED ] CASE: directoryCandidateRequiresReadableHashedCertificateEntry (266009 ns)
    [ PASSED ] CASE: sourceIdentityChangesWhenSameSizeTrustContentChanges (269957 ns)
Summary: TOTAL: 5
    PASSED: 5, SKIPPED: 0, ERROR: 0
    FAILED: 0
--------------------------------------------------------------------------------------------------
TP: wirestack.internal.common, time elapsed: 3068759 ns, RESULT:
    TCS: EndpointTest, time elapsed: 1775659 ns, RESULT:
    [ PASSED ] CASE: acceptsTypedIpv4AndIpv6WithoutDns (233618 ns)
    [ PASSED ] CASE: addressOwnsAnImmutableOctetSnapshot (25251 ns)
    [ PASSED ] CASE: rejectsWrongLengthsAndIpv4Zones (63994 ns)
    [ PASSED ] CASE: ipv6ZoneAndPortBoundariesRemainTypedIdentity (42647 ns)
    [ PASSED ] CASE: rejectsEmptyAndOversizedIpv6Zones (50676 ns)
    TCS: HostNameTest, time elapsed: 1154545 ns, RESULT:
    [ PASSED ] CASE: canonicalizesAsciiCaseAndOneRootDot (82263 ns)
    [ PASSED ] CASE: rejectsAmbiguousOrInvalidDnsNames (189489 ns)
    [ PASSED ] CASE: acceptsAsciiALabelAndExactDnsLengthBoundaries (126685 ns)
    [ PASSED ] CASE: rejectsOneByteBeyondLabelAndHostLimits (64116 ns)
Summary: TOTAL: 9
    PASSED: 9, SKIPPED: 0, ERROR: 0
    FAILED: 0
--------------------------------------------------------------------------------------------------
TP: wirestack.internal.http1, time elapsed: 1301470566 ns, RESULT:
    TCS: HttpAutomaticHttpsClientTest, time elapsed: 5103855 ns, RESULT:
    [ PASSED ] CASE: h2NegotiationMultiplexesTenRequestsOnOneTlsConnection (2770381 ns)
    [ PASSED ] CASE: http11NegotiationFallsBackAndReusesTheAdoptedConnection (1511322 ns)
    TCS: Http1ChunkedCodecTest, time elapsed: 1537029 ns, RESULT:
    [ PASSED ] CASE: decoderStreamsDataExtensionsTrailersAndRemainder (74937 ns)
    [ PASSED ] CASE: decoderHandlesEveryBoundaryOneByteAtATime (52175 ns)
    [ PASSED ] CASE: encoderProducesCanonicalChunksAndBoundedTrailers (54813 ns)
    [ PASSED ] CASE: rejectsInvalidSizeExtensionAndTerminators (67213 ns)
    [ PASSED ] CASE: enforcesBodyChunkLineAndTrailerBounds (53207 ns)
    [ PASSED ] CASE: streamingResponseKeepsEachChunkBoundedWithoutALifetimeCeiling (117505 ns)
    [ PASSED ] CASE: rejectsForbiddenOrFoldedTrailers (63925 ns)
    [ PASSED ] CASE: eofAndPostCompletionUseFailClosedStates (44283 ns)
    [ PASSED ] CASE: decodeBatchesOwnDataAndRemainingBytes (40631 ns)
    TCS: Http1ClientConnectionTest, time elapsed: 15496564 ns, RESULT:
    [ PASSED ] CASE: expectContinueWaitsForApprovalBeforeOpeningBody (1010795 ns)
    [ PASSED ] CASE: finalRejectionBeforeContinueNeverOpensRequestBody (541394 ns)
    [ PASSED ] CASE: continueWaitTimeoutSendsBodyUnderTheOriginalBudget (11377779 ns)
    [ PASSED ] CASE: serializesRequestsUntilBodyEofThenReusesConnection (738732 ns)
    [ PASSED ] CASE: earlyBodyCloseClosesInsteadOfReturningConnectionForReuse (430422 ns)
    [ PASSED ] CASE: connectionCloseResponseIsNeverReusableAfterEof (555015 ns)
    TCS: Http1CleartextClientTest, time elapsed: 1802044 ns, RESULT:
    [ PASSED ] CASE: resolvesConnectsAndReusesOnlyAfterBodyCompletion (1322745 ns)
    [ PASSED ] CASE: rejectsHttpsBeforeDnsOrPoolMutation (133893 ns)
    TCS: Http1ConnectionPoolTest, time elapsed: 2876915 ns, RESULT:
    [ PASSED ] CASE: emitsSecretFreeAcquireAndReleaseLifecycle (438580 ns)
    [ PASSED ] CASE: reusesOnlyTheSameCompleteKey (247779 ns)
    [ PASSED ] CASE: enforcesTotalPerKeyIdleAndWaiterBounds (482323 ns)
    [ PASSED ] CASE: activeWaitHonorsCancellationAndReleasesWaiterSlot (272107 ns)
    [ PASSED ] CASE: evictsExpiredAndClosedConnectionsInsteadOfReusingThem (459854 ns)
    [ PASSED ] CASE: failedCreationRollsBackItsCapacityReservation (265097 ns)
    TCS: Http1HeadParserTest, time elapsed: 1914491 ns, RESULT:
    [ PASSED ] CASE: requestParsesIncrementallyAndReturnsBodyRemainder (148047 ns)
    [ PASSED ] CASE: oneFeedRetainsBytesAfterTheHead (74903 ns)
    [ PASSED ] CASE: responseParsesStatusReasonHeadersAndFraming (95407 ns)
    [ PASSED ] CASE: acceptsOriginAbsoluteAuthorityAndAsteriskFormsOnlyWhereValid (232200 ns)
    [ PASSED ] CASE: rejectsBareLfObsFoldAndInvalidHeaderSyntax (113320 ns)
    [ PASSED ] CASE: requiresOneValidHostAndMatchingAbsoluteAuthority (223575 ns)
    [ PASSED ] CASE: rejectsInvalidTargetVersionAndBoundViolations (118885 ns)
    [ PASSED ] CASE: completedParserCannotBeReused (76347 ns)
    TCS: Http2Streams1BenchmarkTest, time elapsed: 9571324 ns, RESULT:
    [ PASSED ] CASE: benchmarkOneConcurrentStream (9250133 ns)
    TCS: Http2Streams10BenchmarkTest, time elapsed: 38304555 ns, RESULT:
    [ PASSED ] CASE: benchmarkTenConcurrentStreams (38006620 ns)
    TCS: Http2Streams100BenchmarkTest, time elapsed: 714878911 ns, RESULT:
    [ PASSED ] CASE: benchmarkHundredConcurrentStreams (714529688 ns)
    TCS: Http1HundredConnectionBaselineTest, time elapsed: 95316950 ns, RESULT:
    [ PASSED ] CASE: benchmarkHundredConcurrentConnections (94912546 ns)
    TCS: Http2ConnectionPoolTest, time elapsed: 20234754 ns, RESULT:
    [ PASSED ] CASE: alpnPrefersH2AndFallsBackOnlyToHttp11 (36369 ns)
    [ PASSED ] CASE: oneConnectionIsSharedUntilPeerStreamCapacityIsFull (339426 ns)
    [ PASSED ] CASE: concurrentFirstUseDoesNotCreateAConnectionStampede (3710209 ns)
    [ PASSED ] CASE: newConnectionIsPublishedOnlyAfterItsFirstStreamIsAdmitted (132096 ns)
    [ PASSED ] CASE: closeRacingUnpublishedAdmissionReleasesConnectionOwners (13484209 ns)
    [ PASSED ] CASE: completeSecurityKeyPreventsCrossContextReuse (168823 ns)
    [ PASSED ] CASE: drainingConnectionRetainsExistingStreamButReceivesNoNewLease (117763 ns)
    [ PASSED ] CASE: drainingConnectionWaitsForNonLocalOwnersBeforeDiscard (114923 ns)
    [ PASSED ] CASE: fullBoundedPoolHonorsOneCallerDeadline (108567 ns)
    [ PASSED ] CASE: poolCloseAbortsEverySharedConnectionExactlyOnce (101152 ns)
    TCS: Http1FramingTest, time elapsed: 5255903 ns, RESULT:
    [ PASSED ] CASE: requestUsesOneSharedEmptyLengthOrChunkedDecision (100333 ns)
    [ PASSED ] CASE: identicalContentLengthsAreAcceptedAcrossFieldsAndLists (88321 ns)
    [ PASSED ] CASE: conflictingOrInvalidContentLengthsAreRejected (214531 ns)
    [ PASSED ] CASE: contentLengthAndTransferEncodingNeverCoexist (105924 ns)
    [ PASSED ] CASE: ambiguousTransferEncodingIsRejected (207208 ns)
    [ PASSED ] CASE: responseHandlesHeadStatusesConnectAndCloseDelimiting (138338 ns)
    [ PASSED ] CASE: bodylessAndSuccessfulConnectResponsesRejectFramingFields (115628 ns)
    TCS: HttpConnectionPoolKeyTest, time elapsed: 722234 ns, RESULT:
    [ PASSED ] CASE: canonicalOriginProducesStableEqualityAndHash (32023 ns)
    [ PASSED ] CASE: everySecurityAndRouteDimensionPartitionsReuse (52525 ns)
    [ PASSED ] CASE: refusesIncompletePartitionIdentities (26169 ns)
    TCS: Http1ProxyClientPipelineTest, time elapsed: 25030807 ns, RESULT:
    [ PASSED ] CASE: dynamicConnectCredentialsNeverReuseAnAuthenticatedTunnel (16702551 ns)
    [ PASSED ] CASE: rejectedConnectDrainsClosesAndReturnsStructuredNonRetryableFailure (7530124 ns)
    TCS: Http1RequestWriterTest, time elapsed: 16911824 ns, RESULT:
    [ PASSED ] CASE: twoStageWriterDoesNotOpenBodyBeforeExplicitCommit (4110791 ns)
    [ PASSED ] CASE: writesFixedBodyThroughPartialTransportOperations (1004456 ns)
    [ PASSED ] CASE: streamsUnknownLengthBodyAsCanonicalChunks (6991144 ns)
    [ PASSED ] CASE: rejectsDeclaredMismatchBeforeWritingAnything (214414 ns)
    [ PASSED ] CASE: fixedBodyLimitRejectsBeforeConsumingOrCommittingRequest (206849 ns)
    [ PASSED ] CASE: prematureBodyEofRetainsPartialCommitEvidence (719869 ns)
    [ PASSED ] CASE: emptyFramingProbesSourceInsteadOfDroppingUnexpectedBytes (180326 ns)
    TCS: Http1ResponseReaderTest, time elapsed: 22783087 ns, RESULT:
    [ PASSED ] CASE: explicitUpgradeTransfersOnlyAMatching101Protocol (1521619 ns)
    [ PASSED ] CASE: mismatchedUpgradeResponseFailsClosed (1031797 ns)
    [ PASSED ] CASE: explicitConnectTransfersBufferedTunnelBytesAndTransportOwnership (990317 ns)
    [ PASSED ] CASE: failedConnectRemainsAnHttpResponseAndClosesAfterBody (2463672 ns)
    [ PASSED ] CASE: readsInterimAndFixedResponseWithoutBufferingTheBody (740073 ns)
    [ PASSED ] CASE: received4xxAnd5xxRemainHttpResponses (1224921 ns)
    [ PASSED ] CASE: decodesChunkedResponseAndPublishesTrailerAtEof (5882845 ns)
    [ PASSED ] CASE: closeDelimitedBodyCompletesOnlyAtTransportEof (588091 ns)
    [ PASSED ] CASE: chunkedStreamingResponseMayExceedThePerSegmentBodyBound (642881 ns)
    [ PASSED ] CASE: prematureFixedBodyEofAbandonsResponseExactlyOnce (3813403 ns)
    [ PASSED ] CASE: rejectsImplicitUpgradeAndConnectTransportTransfer (1123059 ns)
    TCS: Http1SerializerTest, time elapsed: 2499000 ns, RESULT:
    [ PASSED ] CASE: clientRequestAddsHostAndUsesOriginForm (144716 ns)
    [ PASSED ] CASE: forwardProxyRequestUsesAbsoluteFormAndOriginHost (145104 ns)
    [ PASSED ] CASE: requestPreservesOrderedMultipleFieldsAndLengthFraming (121139 ns)
    [ PASSED ] CASE: requestRejectsMissingDuplicateOrMismatchedHost (116232 ns)
    [ PASSED ] CASE: responseSerializesStatusAndUsesSharedFraming (74544 ns)
    [ PASSED ] CASE: responseRejectsInjectionAndForbiddenBodyFraming (86317 ns)
    [ PASSED ] CASE: writerHandlesPartialTransportWritesUnderOneContext (176217 ns)
    [ PASSED ] CASE: serializedBytesAreDefensiveCopies (104912 ns)
    TCS: Http1ServerConnectionTest, time elapsed: 17530073 ns, RESULT:
    [ PASSED ] CASE: serializesTwoKeepAliveExchanges (7742496 ns)
    [ PASSED ] CASE: unreadRequestBodyForcesConnectionCloseAfterResponse (1489399 ns)
    [ PASSED ] CASE: handlerFailureProducesBounded500AndCloses (4056351 ns)
    [ PASSED ] CASE: rejectedHandoffReleasesSessionOwnershipExactlyOnce (1642864 ns)
    [ PASSED ] CASE: selectedUpgradeOfferTransfersBufferedSessionBytes (1138321 ns)
    TCS: Http1ServerRequestReaderTest, time elapsed: 25596579 ns, RESULT:
    [ PASSED ] CASE: streamsFixedRequestBodyWithoutReadingPastItsLength (2529277 ns)
    [ PASSED ] CASE: rejectsOversizedFixedRequestBeforeReadingItsBody (922848 ns)
    [ PASSED ] CASE: decodesChunkedRequestAndPublishesTrailer (2696128 ns)
    [ PASSED ] CASE: sendsContinueOnlyWhenHandlerStartsReadingTheBody (16793413 ns)
    [ PASSED ] CASE: rejectingWithoutReadingNeverSendsContinue (1024821 ns)
    TCS: Http1ServerTest, time elapsed: 28086016 ns, RESULT:
    [ PASSED ] CASE: shutdownAbortsConnectionBlockedInsideTlsHandshake (7265765 ns)
    [ PASSED ] CASE: acceptSideTlsHookOwnsConnectionAndClosesAfterShutdown (1580109 ns)
    [ PASSED ] CASE: gracefulShutdownStopsAcceptAfterCompletedConnection (1595348 ns)
    [ PASSED ] CASE: expiredShutdownAbortsBlockedConnectionAndReturnsBoundedly (6084500 ns)
    [ PASSED ] CASE: connectionLimitPreventsSecondAcceptUntilCapacityReturns (10142877 ns)
    TCS: Http1ServerResponseWriterTest, time elapsed: 4745333 ns, RESULT:
    [ PASSED ] CASE: writesFixedResponseThroughPartialTransportOperations (638422 ns)
    [ PASSED ] CASE: streamsChunkedResponseAndTrailer (662003 ns)
    [ PASSED ] CASE: chunkedStreamingResponseMayExceedThePerSegmentBodyBound (1255365 ns)
    [ PASSED ] CASE: headResponseNeverTransfersRepresentationBytes (146744 ns)
    [ PASSED ] CASE: closeDelimitedResponseRequiresConnectionClose (535060 ns)
    [ PASSED ] CASE: rejectsKnownLengthMismatchBeforeCommittingHead (151056 ns)
    TCS: Http1SmugglingCorpusTest, time elapsed: 130812124 ns, RESULT:
    [ PASSED ] CASE: clientAndServerFramingRejectTheSameAmbiguousHeaderCorpus (3368277 ns)
    [ PASSED ] CASE: identicalLengthsAndOneFinalChunkedCodingRemainUnambiguous (1100865 ns)
    [ PASSED ] CASE: rejectsWhitespaceTargetAndProxyDifferentialCorpus (1093695 ns)
    [ PASSED ] CASE: rejectsMalformedChunkAndTrailerCorpusAtInputOrEof (273572 ns)
    [ PASSED ] CASE: everyAcceptedSingleByteMutationHasACanonicalReparse (116553898 ns)
    [ PASSED ] CASE: chunkedMutationsHaveDeterministicBoundedTerminals (2533025 ns)
    [ PASSED ] CASE: validHeadParsesAtEveryTransportSplitBoundary (4278546 ns)
    TCS: Http1HttpsClientTest, time elapsed: 2179556 ns, RESULT:
    [ PASSED ] CASE: partitionsHandshakesAndReusesHttpsAfterBodyCompletion (1282904 ns)
    [ PASSED ] CASE: zeroLengthConnectionCloseDoesNotWaitForTlsPeerShutdown (592443 ns)
    TCS: Http1TlsServerTest, time elapsed: 108977933 ns, RESULT:
    [ PASSED ] CASE: alpnServerRejectsAClientWithNoSharedHttpProtocol (47989384 ns)
    [ PASSED ] CASE: automaticClientOffersH2FirstAndFallsBackToServerHttp11 (18869490 ns)
    [ PASSED ] CASE: requiredMutualTlsCarriesAuthenticatedHttp1Exchange (19962784 ns)
    [ PASSED ] CASE: realAwsLcHandshakeCarriesOneHttp1Exchange (21267205 ns)
Summary: TOTAL: 122
    PASSED: 119, SKIPPED: 3, ERROR: 0
    FAILED: 0
--------------------------------------------------------------------------------------------------
TP: wirestack.internal.resolver, time elapsed: 40862034 ns, RESULT:
    TCS: M2006AppleSystemResolverTest, time elapsed: 11148170 ns, RESULT:
    [ PASSED ] CASE: resolvesLocalhostThroughTheProviderNeutralContract (9559478 ns)
    [ PASSED ] CASE: fixtureReturnsAllCandidatesWithoutInventingTtl (18167 ns)
    [ PASSED ] CASE: fixtureAppliesFamilyAndResultBounds (12490 ns)
    [ PASSED ] CASE: fixtureMapsPosixFailuresAndUnknownCodes (13295 ns)
    [ PASSED ] CASE: fixtureCancellationAndDeadlineReturnBeforeNativeCleanup (13206 ns)
    [ PASSED ] CASE: newResolutionObservesNetworkGenerationChange (11258 ns)
    [ PASSED ] CASE: validatesBoundsAndRejectsUseAfterClose (91251 ns)
    [ PASSED ] CASE: fixtureBoundsAdmissionAndReleasesQueuedWorkAfterClose (11821 ns)
    TCS: M2003BoundedResolverBackendTest, time elapsed: 19947723 ns, RESULT:
    [ PASSED ] CASE: resolvesLocalhostWithBoundedMetricsAndIdempotentClose (8648536 ns)
    [ PASSED ] CASE: appliesIpv4FamilyAndRejectsUseAfterClose (9792032 ns)
    [ PASSED ] CASE: validatesPoolBounds (42641 ns)
    [ PASSED ] CASE: nativeFamilyValidationFailsClosedAndPollingBackoffIsBounded (34349 ns)
    [ PASSED ] CASE: preCancelledContextDoesNotSubmitNativeWork (138128 ns)
    [ PASSED ] CASE: delayedNativeWorkDoesNotStarveCangjieHeartbeat (19147 ns)
    [ PASSED ] CASE: cancellationCompletesPromptlyWhileNativeJobCleansUp (13078 ns)
    [ PASSED ] CASE: deadlineCompletesPromptlyWhileNativeJobCleansUp (10951 ns)
    [ PASSED ] CASE: queueAdmissionIsStrictlyBounded (11092 ns)
    TCS: ResolverContractTest, time elapsed: 453939 ns, RESULT:
    [ PASSED ] CASE: resultOwnsDeduplicatedAddressesAndDoesNotInventTtl (34606 ns)
    [ PASSED ] CASE: staticResolverFiltersFamiliesAndHonorsPreCancellation (47784 ns)
    [ PASSED ] CASE: rejectsEmptyFamilyResultAndInvalidLimits (30224 ns)
    TCS: M2002ResolverPublicContractTest, time elapsed: 737845 ns, RESULT:
    [ PASSED ] CASE: resultOwnsAllTypedCandidatesWithoutInventingTtl (35297 ns)
    [ PASSED ] CASE: staticResolverAppliesFamilyAndResultBounds (28825 ns)
    [ PASSED ] CASE: errorsRetainStablePublicCoordinates (37975 ns)
    [ PASSED ] CASE: cancellationAndDeadlineRemainDistinct (39548 ns)
    [ PASSED ] CASE: constructorsRejectInvalidBoundsAndDiagnostics (41398 ns)
    TCS: M2004WindowsSystemResolverTest, time elapsed: 8256861 ns, RESULT:
    [ PASSED ] CASE: resolvesLocalhostThroughTheProviderNeutralContract (7361289 ns)
    [ PASSED ] CASE: fixtureReturnsAllCandidatesWithoutInventingTtl (18757 ns)
    [ PASSED ] CASE: fixtureAppliesFamilyAndResultBounds (11924 ns)
    [ PASSED ] CASE: fixtureMapsWinsockFailuresAndUnknownCodes (11968 ns)
    [ PASSED ] CASE: fixtureCancellationAndDeadlineReturnBeforeNativeCleanup (11524 ns)
    [ PASSED ] CASE: validatesBoundsAndRejectsUseAfterClose (90524 ns)
Summary: TOTAL: 31
    PASSED: 31, SKIPPED: 0, ERROR: 0
    FAILED: 0
--------------------------------------------------------------------------------------------------
TP: wirestack.internal.http2, time elapsed: 2746153196 ns, RESULT:
    TCS: Http2ClientConnectionTest, time elapsed: 153331243 ns, RESULT:
    [ PASSED ] CASE: encodedHeaderFailureClosesTheConnection (1039082 ns)
    [ PASSED ] CASE: tenConcurrentRequestsShareOneConnectionAndMapOutOfOrderResponses (2092601 ns)
    [ PASSED ] CASE: claimedStreamsPublishInitialHeadersInStreamIdOrder (1159025 ns)
    [ PASSED ] CASE: cancelledUnpublishedStreamDoesNotBlockNextClaim (660455 ns)
    [ PASSED ] CASE: declaredLengthDoesNotReleaseStreamBeforeWireEndStream (601992 ns)
    [ PASSED ] CASE: streamsRequestBodyThroughFlowControlledDataAndEndsLocallyOnce (979836 ns)
    [ PASSED ] CASE: peerResetFailsOnlyItsStreamAndConnectionRemainsUsable (1195148 ns)
    [ PASSED ] CASE: peerGoAwayDrainsConnectionWithoutFailingAcceptedStream (769812 ns)
    [ PASSED ] CASE: connectedStreamOutlivesHandshakeCancellationAndUsesOperationContexts (680255 ns)
    [ PASSED ] CASE: contextlessHalfCloseDoesNotWaitForBlockedConnectionWriter (1691653 ns)
    [ PASSED ] CASE: halfCloseOrdersEndAfterAdmittedFlowControlledWrite (7312903 ns)
    [ PASSED ] CASE: gracefulCloseOrdersEndAfterAdmittedFlowControlledWrite (9938311 ns)
    [ PASSED ] CASE: gracefulCloseDeadlineStopsAdmittedFlowControlledWrite (110040998 ns)
    [ PASSED ] CASE: queuedHalfCloseCancellationDoesNotWaitForConnectionWriter (9650550 ns)
    [ PASSED ] CASE: rejectedConnectReturnsFullResponseAndClosesRequestDirection (1003199 ns)
    [ PASSED ] CASE: enabledPushAttachesBoundedCallerDrivenResponses (1086806 ns)
    TCS: Http2ClientMappingTest, time elapsed: 3203688 ns, RESULT:
    [ PASSED ] CASE: requestMapsOrderedPseudoFieldsAuthorityAndSensitiveHeaders (106779 ns)
    [ PASSED ] CASE: connectUsesOnlyMethodAndAuthorityPseudoFields (70415 ns)
    [ PASSED ] CASE: connectStreamMappingKeepsBothDataDirectionsOpen (94317 ns)
    [ PASSED ] CASE: requestRejectsAuthorityFramingAndConnectionAmbiguity (277964 ns)
    [ PASSED ] CASE: requestHeaderListHonorsHttp2BoundsBeforeHpackMutation (58885 ns)
    [ PASSED ] CASE: requestBodyProvesEofBeforeOneTerminalTrailerBlock (123423 ns)
    [ PASSED ] CASE: requestBodyRejectsPrematureEofAndConfiguredOverflow (122862 ns)
    [ PASSED ] CASE: responseMapsInformationalFinalDataAndTrailersInOrder (108295 ns)
    [ PASSED ] CASE: responseRejectsPseudoOrderCaseAndConnectionFieldsAsStreamErrors (60967 ns)
    [ PASSED ] CASE: responseRejectsInvalidStatusAndTooManyInformationalHeads (160840 ns)
    [ PASSED ] CASE: responseContentLengthMustMatchExactlyAtEndStream (112183 ns)
    [ PASSED ] CASE: streamingResponseMayExceedTheConfiguredRequestBodyBound (24089 ns)
    [ PASSED ] CASE: bodylessAndConnectResponseRulesAreExplicit (114549 ns)
    [ PASSED ] CASE: responseTrailersRequireFinalEndStreamAndRegularAllowedFields (100125 ns)
    [ PASSED ] CASE: promisedRequestValidationPrecedesApplicationPolicy (146742 ns)
    TCS: Http2ClientPushOwnershipTest, time elapsed: 846639 ns, RESULT:
    [ PASSED ] CASE: resetLostOfferIsClosedAndNextOfferRemainsDeliverable (149086 ns)
    [ PASSED ] CASE: parentCancellationStopsTransferredStalledBodyWithoutCancellingIndependentSibling (210470 ns)
    [ PASSED ] CASE: expiredParentAbsoluteDeadlineStillGovernsTransferredBodyAfterHeaders (128093 ns)
    TCS: Http2ConformanceTest, time elapsed: 5805110 ns, RESULT:
    [ PASSED ] CASE: invalidFrameOrderMatrixFailsAtConnectionScope (225057 ns)
    [ PASSED ] CASE: continuationSequenceCompletesOnlyOnEndHeaders (122194 ns)
    [ PASSED ] CASE: rstStreamAndGoAwayRaceCompletesOwnerOnceAndCleansRegistrations (5025821 ns)
    TCS: Http2ConnectionStateMachineTest, time elapsed: 5900767 ns, RESULT:
    [ PASSED ] CASE: clientStartEmitsMagicAndSettingsThenPeerSettingsOpens (39773 ns)
    [ PASSED ] CASE: serverConsumesIncrementalMagicBeforeItsFirstSettings (43093 ns)
    [ PASSED ] CASE: invalidOrIncompletePrefaceFailsOnceWithProtocolEvidence (53295 ns)
    [ PASSED ] CASE: firstPeerFrameMustBeNonAcknowledgementSettings (40005 ns)
    [ PASSED ] CASE: openConnectionAppliesSettingsAndCompletesHeaderBlocks (40197 ns)
    [ PASSED ] CASE: peerGoAwayDrainsAndMayOnlyNarrowItsBoundary (59171 ns)
    [ PASSED ] CASE: localDrainUsesProcessedPeerBoundaryAndNeverIncreases (47312 ns)
    [ PASSED ] CASE: racingFinishTransitionsAndPublishesCompletionExactlyOnce (4621010 ns)
    TCS: Http2DeterministicFuzzTest, time elapsed: 11405817 ns, RESULT:
    [ PASSED ] CASE: frameParserDeterministicMutationCorpusStaysBounded (7057196 ns)
    [ PASSED ] CASE: hpackDecoderDeterministicMutationCorpusFailsClosed (3644367 ns)
    [ PASSED ] CASE: protocolLimitBoundaryMutationsRejectOversizedInputs (55316 ns)
    TCS: Http2FlowControllerTest, time elapsed: 2429923664 ns, RESULT:
    [ PASSED ] CASE: windowUpdateCodecIgnoresReservedBitAndRejectsZeroByScope (39068 ns)
    [ PASSED ] CASE: reservationsRespectConnectionStreamAndPeerFrameCredit (46272 ns)
    [ PASSED ] CASE: settingsShrinkPausesReservedDataAndCancellationReleasesIt (44609 ns)
    [ PASSED ] CASE: streamWindowUpdateWakesAReservedPermitAfterSettingsShrink (34926 ns)
    [ PASSED ] CASE: concurrentTryReserveNeverOvercommitsOneStream (218963 ns)
    [ PASSED ] CASE: receiveCreditReturnsOnlyAfterApplicationConsumption (73842 ns)
    [ PASSED ] CASE: smallReceiveReadsCoalesceWindowUpdates (117135 ns)
    [ PASSED ] CASE: stalledConnectionCreditFlushesOnceWithoutChangingSmallReadCoalescing (28045 ns)
    [ PASSED ] CASE: leastRecentlyServedStreamsReceiveCreditBeforeThePreviousOwner (2427584453 ns)
    [ PASSED ] CASE: connectionSendWindowIsSharedAcrossStreams (49269 ns)
    [ PASSED ] CASE: connectionAndStreamWindowViolationsHaveCorrectScope (33251 ns)
    [ PASSED ] CASE: settingsAndWindowOverflowFailAtomically (37118 ns)
    [ PASSED ] CASE: streamCleanupCancelsPermitsAndRestoresOnlyConnectionReceiveCredit (29980 ns)
    [ PASSED ] CASE: dataAccountingUsesTheEntireFramePayload (16176 ns)
    TCS: Http2FrameCodecTest, time elapsed: 828828 ns, RESULT:
    [ PASSED ] CASE: everyRequiredFrameEnvelopeRoundTrips (74267 ns)
    [ PASSED ] CASE: parserAcceptsEverySingleByteBoundaryAndMultipleFrames (37320 ns)
    [ PASSED ] CASE: incompleteInputStaysBoundedUntilCompletion (15337 ns)
    [ PASSED ] CASE: oversizedFrameFailsBeforePayloadBufferingAndParserBecomesTerminal (25673 ns)
    [ PASSED ] CASE: reservedBitIsIgnoredOnReadAndClearedOnWrite (13195 ns)
    [ PASSED ] CASE: unknownFramesAndFlagsRoundTripWithoutInterpretation (14930 ns)
    [ PASSED ] CASE: transportWriterHandlesRepeatedPartialWrites (26131 ns)
    TCS: Http2FrameModelTest, time elapsed: 644184 ns, RESULT:
    [ PASSED ] CASE: frameAndErrorCodesRoundTripIncludingExtensions (21515 ns)
    [ PASSED ] CASE: streamIdentifierIgnoresReservedBitAndKeepsThirtyOneBits (13707 ns)
    [ PASSED ] CASE: limitsAreExplicitAndFrameSizeIsBounded (23582 ns)
    [ PASSED ] CASE: fixedFrameShapesAndStreamScopesAreValidated (26591 ns)
    [ PASSED ] CASE: settingsRejectInvalidProtocolValuesButRetainExtensions (20786 ns)
    [ PASSED ] CASE: unknownFlagsAndFramesRemainForwardCompatible (8771 ns)
    TCS: Http2GoAwayManagerTest, time elapsed: 4790298 ns, RESULT:
    [ PASSED ] CASE: peerBoundaryRetiresOnlyDefinitelyUnprocessedStreams (104184 ns)
    [ PASSED ] CASE: narrowingBoundaryWakesEachNewlyExcludedOwnerExactlyOnce (53670 ns)
    [ PASSED ] CASE: localDrainQueuesGoAwayAndStopsAdmissionBeforeWriterRuns (71323 ns)
    [ PASSED ] CASE: fabricatedReceiveResultCannotDrainAnOpenCoordinator (36387 ns)
    [ PASSED ] CASE: racingAdmissionAndGoAwayNeverLeavesAnExcludedStreamActive (3986640 ns)
    TCS: Http2HeaderBlockAssemblerTest, time elapsed: 709955 ns, RESULT:
    [ PASSED ] CASE: sameStreamContinuationsAssembleInExactOrder (23283 ns)
    [ PASSED ] CASE: continuationWithoutStartWrongStreamAndInterleavingFailConnection (29991 ns)
    [ PASSED ] CASE: paddingAndPriorityOverheadAreExcludedFromHeaderBytes (14276 ns)
    [ PASSED ] CASE: pushPromiseRetainsPromisedStreamAndFragmentOnly (18227 ns)
    [ PASSED ] CASE: invalidPaddingPriorityAndSelfDependencyFailClosed (27401 ns)
    [ PASSED ] CASE: accumulatedCompressedBytesHaveOneHardLimit (19364 ns)
    TCS: Http2ConnectionHealthTest, time elapsed: 673212 ns, RESULT:
    [ PASSED ] CASE: pingCodecAndConnectionAckPreserveOpaqueBytes (40936 ns)
    [ PASSED ] CASE: idleProbeIsSingleOutstandingAndMatchingAckRestoresHealth (116674 ns)
    [ PASSED ] CASE: ordinaryActivityDefersIdleProbeWithoutAllocatingATimer (40024 ns)
    TCS: Http2ConnectionCloserTest, time elapsed: 1329498 ns, RESULT:
    [ PASSED ] CASE: gracefulCloseSendsGoAwayWaitsForStreamAndClosesTransportOnce (115708 ns)
    [ PASSED ] CASE: expiredCloseAbortsActiveStreamsWithoutStartingGracefulIo (65308 ns)
    [ PASSED ] CASE: racingShorterDeadlineUpgradesInFlightGracefulCloseToOneAbort (109878 ns)
    [ PASSED ] CASE: concurrentGracefulCallersShareOneTerminalResultAndTransportClose (175648 ns)
    [ PASSED ] CASE: failedGracefulTransportCloseFallsBackToOneAbort (104262 ns)
    TCS: HpackBlockTest, time elapsed: 1584557 ns, RESULT:
    [ PASSED ] CASE: rfcRequestBlocksDecodeWithSharedDynamicState (51712 ns)
    [ PASSED ] CASE: encoderMatchesFirstRfcHuffmanRequestExample (66413 ns)
    [ PASSED ] CASE: literalModesPreserveNeverIndexedAndOnlyIncrementalMutatesTable (133917 ns)
    [ PASSED ] CASE: tableSizeUpdateMustLeadBlockAndRespectAllowedMaximum (37431 ns)
    [ PASSED ] CASE: headerCountListAndCompressedLimitsFailClosed (387100 ns)
    [ PASSED ] CASE: peerCapacityUpdateIsEmittedBeforeHeaders (27405 ns)
    TCS: HpackCoreTest, time elapsed: 1087961 ns, RESULT:
    [ PASSED ] CASE: rfcIntegerVectorsEncodeAndDecodeExactly (20940 ns)
    [ PASSED ] CASE: integerRejectsTruncationOverflowAndInvalidPrefix (34867 ns)
    [ PASSED ] CASE: rawStringRoundTripsAndOwnsItsBytes (23479 ns)
    [ PASSED ] CASE: stringLengthLimitAndTruncationFailBeforeCopy (37091 ns)
    [ PASSED ] CASE: staticTableMatchesRfcBoundariesAndRepresentativeEntries (33505 ns)
    [ PASSED ] CASE: everyStaticEntryHasBoundedRfcAccounting (86910 ns)
    TCS: HpackDynamicTableTest, time elapsed: 1255317 ns, RESULT:
    [ PASSED ] CASE: newestEntryUsesIndexSixtyTwoAndOlderEntriesShift (17691 ns)
    [ PASSED ] CASE: exactRfcAccountingEvictsOldestEntriesFirst (26130 ns)
    [ PASSED ] CASE: oversizedEntryClearsTheEntireTableWithoutInsertion (16402 ns)
    [ PASSED ] CASE: capacityShrinkEvictsImmediatelyAndPeerLimitIsHard (26372 ns)
    [ PASSED ] CASE: withoutIndexingNeverIndexedAndSensitiveNeverEnterState (24503 ns)
    [ PASSED ] CASE: staticAndDynamicSearchReturnCanonicalLowestIndexes (142181 ns)
    [ PASSED ] CASE: zeroCapacityRetainsNoEntries (15228 ns)
    TCS: HpackHuffmanTest, time elapsed: 1478456 ns, RESULT:
    [ PASSED ] CASE: rfcRequestExamplesEncodeAndDecodeExactly (80698 ns)
    [ PASSED ] CASE: everyOctetRoundTripsWithinAnExplicitBound (527470 ns)
    [ PASSED ] CASE: huffmanStringLiteralUsesFlagAndSharedBounds (36748 ns)
    [ PASSED ] CASE: eosInvalidPaddingAndTruncatedPrefixFailClosed (38960 ns)
    [ PASSED ] CASE: decodedAndEncodedOutputLimitsApplyBeforeGrowth (65846 ns)
    TCS: Http2ConnectionReaderTest, time elapsed: 4738521 ns, RESULT:
    [ PASSED ] CASE: oneReaderDecodesEveryByteBoundaryAndDispatchesInWireOrder (592297 ns)
    [ PASSED ] CASE: serverConsumesMagicAndFirstFrameFromTheSameRead (414562 ns)
    [ PASSED ] CASE: eofDuringPrefaceOrFrameFailsAndWakesEveryStream (1057775 ns)
    [ PASSED ] CASE: invalidTransportProgressAndHandlerFailureBecomeTerminal (839011 ns)
    [ PASSED ] CASE: readerLoopCanOnlyBeClaimedOnce (434123 ns)
    [ PASSED ] CASE: terminationRegistryIsBoundedRemovableAndExactlyOnce (323379 ns)
    [ PASSED ] CASE: readerRegistryReservesOneListenerBeyondTheStreamLimit (40590 ns)
    TCS: Http2ServerMappingTest, time elapsed: 11896521 ns, RESULT:
    [ PASSED ] CASE: requestHeadMapsPseudoFieldsHostAndContentLength (96797 ns)
    [ PASSED ] CASE: connectAndOptionsTargetsAreMappedStrictly (141121 ns)
    [ PASSED ] CASE: requestRejectsPseudoOrderCaseConnectionAndAuthorityAmbiguity (180264 ns)
    [ PASSED ] CASE: paddedDataReturnsAllFlowCreditAndPublishesTrailers (165097 ns)
    [ PASSED ] CASE: requestQueueIsBoundedBeforeFlowAccountingMutates (115888 ns)
    [ PASSED ] CASE: terminalLengthMismatchDoesNotConsumeFlowWindow (90859 ns)
    [ PASSED ] CASE: responseHeadersBodyFlowAndTrailersMapInOrder (858537 ns)
    [ PASSED ] CASE: streamingResponseMayExceedTheConfiguredRequestBodyBound (1193401 ns)
    [ PASSED ] CASE: responseRulesCloseBodiesOnEveryTerminalOrFailurePath (106830 ns)
    [ PASSED ] CASE: handlerRunsOnceAndReleasesRequestOwnership (139580 ns)
    [ PASSED ] CASE: invalidDuplexResponseReleasesPreServeHandoffExactlyOnce (7178357 ns)
    TCS: Http2ServerPushLifecycleTest, time elapsed: 90984436 ns, RESULT:
    [ PASSED ] CASE: largePushDoesNotDelayParentHeadersUntilPushCreditReturns (53670243 ns)
    [ PASSED ] CASE: cancelledPushReleasesItsWorkerSlotForTheNextParent (25115288 ns)
    [ PASSED ] CASE: crossOriginPushIsRejectedAndItsResponseIsClosedBeforeAnyOffer (786782 ns)
    [ PASSED ] CASE: parentResetWhileWaitingForPushSlotIsRevalidatedBeforeReservation (4849329 ns)
    [ PASSED ] CASE: resetOfBlockedPushDoesNotBlockReaderOrReleaseWorkerSlotEarly (3239500 ns)
    [ PASSED ] CASE: blockingHeaderOnlyBodyCloseDoesNotDelayInboundReset (1341448 ns)
    [ PASSED ] CASE: duplexHandlerReturnAbortsBothStreamDirections (714102 ns)
    TCS: Http2SettingsTest, time elapsed: 1110696 ns, RESULT:
    [ PASSED ] CASE: codecPreservesKnownUnknownAndRepeatedSettingsInOrder (17720 ns)
    [ PASSED ] CASE: peerBatchAppliesAtomicallyAndReturnsAckAndWindowDelta (18809 ns)
    [ PASSED ] CASE: invalidPeerBatchLeavesEffectiveStateUnchanged (24054 ns)
    [ PASSED ] CASE: localBatchesAreAcknowledgedInFifoOrder (17483 ns)
    [ PASSED ] CASE: unexpectedAckAndPendingBatchOverflowFailClosed (21719 ns)
    [ PASSED ] CASE: advertisedResourceValuesAreCappedByLocalPolicy (16708 ns)
    [ PASSED ] CASE: settingsFrameLengthAndAckPayloadAreRejectedByFrameLayer (27401 ns)
    [ PASSED ] CASE: peerDefaultsAreRfcValuesCappedSeparatelyFromLocalAdvertisement (27062 ns)
    [ PASSED ] CASE: clientPushAdvertisementUsesItsOwnFiniteAdmissionBound (12314 ns)
    [ PASSED ] CASE: serverEnablePushSettingIsRejectedInBothDirections (23416 ns)
    TCS: Http2StreamLifecycleTest, time elapsed: 2995045 ns, RESULT:
    [ PASSED ] CASE: bothEndStreamOrdersReachClosedExactlyOnce (16261 ns)
    [ PASSED ] CASE: initialEndStreamHalfClosesTheInitiatingSide (13399 ns)
    [ PASSED ] CASE: clientAndServerAllocateCorrectMonotonicParity (17842 ns)
    [ PASSED ] CASE: peerParityReuseAndDecreasingIdsFailConnection (31450 ns)
    [ PASSED ] CASE: localAndPeerConcurrencyLimitsAreIndependentAndCapacityReturns (36323 ns)
    [ PASSED ] CASE: invalidHalfClosedDirectionsAndUnknownStreamsFailClosed (43216 ns)
    [ PASSED ] CASE: readerTerminationClosesAndUnregistersEveryActiveStream (43564 ns)
    [ PASSED ] CASE: racingAdmissionNeverExceedsConfiguredBoundOrDuplicatesIds (609121 ns)
    [ PASSED ] CASE: racingEndDirectionsCompleteAndCleanupExactlyOnce (1285569 ns)
    TCS: Http2StreamResetManagerTest, time elapsed: 2659504 ns, RESULT:
    [ PASSED ] CASE: rstCodecPreservesKnownAndExtensionCodes (58049 ns)
    [ PASSED ] CASE: localCancelQueuesResetAndReleasesOnlyItsStream (91884 ns)
    [ PASSED ] CASE: peerResetCancelsQueuedDataPermitsAndWakesOwnerOnce (111819 ns)
    [ PASSED ] CASE: resetWakesBlockedServerBodyWithoutClosingConnection (127011 ns)
    [ PASSED ] CASE: racingLocalAndPeerResetCompletesEveryStreamExactlyOnce (1425596 ns)
    [ PASSED ] CASE: queuePressureIsAtomicAndCleanupCreditStaysBoundedForRetry (78539 ns)
    TCS: Http2WriteSchedulerTest, time elapsed: 4753500 ns, RESULT:
    [ PASSED ] CASE: controlPrecedesDataAndPartialWritesDrainGracefully (66066 ns)
    [ PASSED ] CASE: controlBurstIsBoundedAndDataStreamsRotateFairly (193213 ns)
    [ PASSED ] CASE: queueCountAndBytesAreHardAndCancellationReleasesCapacity (94185 ns)
    [ PASSED ] CASE: concurrentProducersStillUseExactlyOneWriter (1443319 ns)
    [ PASSED ] CASE: abortInterruptsActiveWriteAndFailsEveryTicket (87915 ns)
    [ PASSED ] CASE: transportFailureFansOutAndTicketWaitHonorsCancellation (82821 ns)
    [ PASSED ] CASE: reservedDataConsumesFlowOnlyWhenTheWriterClaimsIt (51096 ns)
    [ PASSED ] CASE: serverDataEventTransfersItsPermitBeforeWriterClaim (39136 ns)
    [ PASSED ] CASE: cancellingQueuedReservedDataReturnsAllFlowCapacity (38301 ns)
    [ PASSED ] CASE: admittedHeaderBatchSurvivesResetDuringPartialFirstWrite (92648 ns)
    [ PASSED ] CASE: unstartedEncodedHeaderBatchIsIrrevocableAfterAdmission (38050 ns)
    [ PASSED ] CASE: largeHeaderBatchRemainsContiguousPastControlBurstLimit (86503 ns)
    [ PASSED ] CASE: failedHeaderBatchAdmissionTerminatesScheduler (34875 ns)
    [ PASSED ] CASE: concurrentHeaderBatchesStayContiguousOnTheWire (789205 ns)
Summary: TOTAL: 182
    PASSED: 182, SKIPPED: 0, ERROR: 0
    FAILED: 0
--------------------------------------------------------------------------------------------------
TP: wirestack.internal.transport_stdnet, time elapsed: 419265303 ns, RESULT:
    TCS: StdNetTransportListenerTest, time elapsed: 91417580 ns, RESULT:
    [ PASSED ] CASE: listenerRejectsOutOfRangeBacklogBeforeBinding (227565 ns)
    [ PASSED ] CASE: listenerPreCancelledAndExpiredAcceptsFailFast (204493 ns)
    [ PASSED ] CASE: listenerDeadlineBoundsBlockedAcceptAndListenerRemainsUsable (38797623 ns)
    [ PASSED ] CASE: listenerCancellationWakesActiveAcceptAndListenerRemainsUsable (40215755 ns)
    [ PASSED ] CASE: listenerCloseWakesActiveAcceptWithStructuredErrorAndIsIdempotent (10915759 ns)
    TCS: M123TransportDiagnosticsTest, time elapsed: 633396 ns, RESULT:
    [ PASSED ] CASE: stdNetReportsRuntimeEndpointsAndCapabilitiesWithoutGuessingIoBackend (273777 ns)
    [ PASSED ] CASE: deterministicTransportUsesTheSameProviderNeutralContract (41110 ns)
    TCS: M127BackgroundFastPathTest, time elapsed: 24154173 ns, RESULT:
    [ PASSED ] CASE: backgroundAndObservedPathsTransferEquivalentData (182883 ns)
    [ PASSED ] CASE: backgroundPeerCloseRemainsEof (153206 ns)
    [ PASSED ] CASE: backgroundLocalCloseRaceRemainsClosed (1221973 ns)
    [ PASSED ] CASE: backgroundStillRejectsConcurrentReaders (1226534 ns)
    [ PASSED ] CASE: cancellableAndDeadlineContextsRetainGenericChecks (155409 ns)
    [ PASSED ] CASE: deadlineTimeoutIsClearedBeforeBackgroundRead (20394055 ns)
    TCS: M9002OptionExecutionTest, time elapsed: 210206785 ns, RESULT:
    [ PASSED ] CASE: unqualifiedTargetsAllowEmptyOptionsAndRejectExplicitOptions (37727 ns)
    [ PASSED ] CASE: unqualifiedTargetsSkipOptionDefaults (20214 ns)
    [ PASSED ] CASE: factoriesCloseTheirSocketAtEveryExecutorFailurePosition (429478 ns)
    [ PASSED ] CASE: acceptedFailureClosesOnlyAcceptedSocketAndListenerContinues (746222 ns)
    [ PASSED ] CASE: cancellationBetweenOptionsRetainsEarlierKernelEffectWithoutAbort (209496 ns)
    [ PASSED ] CASE: tcpReadAndControlExcludeEachOtherWithoutStoppingRead (20441606 ns)
    [ PASSED ] CASE: udpControlExcludesSendReceiveConnectAndOtherControl (20328506 ns)
    [ PASSED ] CASE: closeRacingControlRetainsCloseRatherThanLaterAbort (40410544 ns)
    [ PASSED ] CASE: blockedAcceptRejectsQueryAndRemainsUsable (10063921 ns)
    [ PASSED ] CASE: queryControlExcludesListenerAcceptAndTcpIo (40201927 ns)
    [ PASSED ] CASE: udpReceiveAndQueryControlExcludeEachOther (30419610 ns)
    [ PASSED ] CASE: blockedTcpWriteRejectsControlAndCompletesAfterPeerReads (23144946 ns)
    [ PASSED ] CASE: listenerCloseDuringAcceptedOptionsPreventsPublication (20353082 ns)
    [ PASSED ] CASE: runtimeFailurePreservesExactlyTheSuccessfulPrefix (540093 ns)
    [ PASSED ] CASE: acceptedOptionPolicyDoesNotRetainCallerArray (159739 ns)
    TCS: M9003UdpLifecycleAdapterTest, time elapsed: 21825772 ns, RESULT:
    [ PASSED ] CASE: disconnectRejectsActiveReceiveAndCancellationOwnsTheTerminalClose (11199666 ns)
    [ PASSED ] CASE: closeDuringBlockedReceiveCompletesOnceWithClosedState (10180940 ns)
    TCS: Net06CancellationGateTest, time elapsed: 5681339 ns, RESULT:
    [ PASSED ] CASE: cancelledReadsReleaseSocketsWaitersAndTasks (5414904 ns)
    TCS: StdNetTransportTest, time elapsed: 62913218 ns, RESULT:
    [ PASSED ] CASE: writeSomeIsPartialAndReusesBoundedConnectionStaging (291693 ns)
    [ PASSED ] CASE: wholeArrayReadAndWriteBypassStagingForATypicalTlsRecord (2116217 ns)
    [ PASSED ] CASE: subrangesRetainBoundedStagingAndCopyAccounting (214074 ns)
    [ PASSED ] CASE: connectsByResolvedIpAndTransfersBothDirections (221256 ns)
    [ PASSED ] CASE: emptyOperationsAreImmediate (159728 ns)
    [ PASSED ] CASE: unsupportedHalfClosePreservesBothDirections (283934 ns)
    [ PASSED ] CASE: cancellationAbortRemainsNativeOwnerAfterLaterClose (1215894 ns)
    [ PASSED ] CASE: listenerCloseWakesBlockedAcceptAsClosed (1109347 ns)
    [ PASSED ] CASE: cancellingOneAcceptLeavesListenerReusable (29109704 ns)
    [ PASSED ] CASE: preCancelledConnectDoesNotCreateASocket (53039 ns)
    [ PASSED ] CASE: peerGracefulCloseIsReportedAsEof (183786 ns)
    [ PASSED ] CASE: deadlineBoundsBlockedReadWithoutClosingConnection (20332871 ns)
    [ PASSED ] CASE: localCloseMapsBlockedReadWithStableEvidence (1315932 ns)
    [ PASSED ] CASE: explicitAbortWakesBlockedReadWithStableEvidence (1206958 ns)
    [ PASSED ] CASE: gracefulNativeCloseRemainsGracefulAfterLaterAbort (267255 ns)
    [ PASSED ] CASE: explicitAbortRemainsNativeOwnerAfterLaterClose (258969 ns)
    [ PASSED ] CASE: unknownConnectFailureMapsWithoutMessageOrNativeCode (160902 ns)
    [ PASSED ] CASE: concurrentReadsFailWithoutDisturbingTheActiveRead (1256378 ns)
    [ PASSED ] CASE: happyEyeballsComposesWithTheDefaultStdNetFactory (330655 ns)
Summary: TOTAL: 67
    PASSED: 50, SKIPPED: 17, ERROR: 0
    FAILED: 0
--------------------------------------------------------------------------------------------------
TP: wirestack.internal.transport, time elapsed: 191426615 ns, RESULT:
    TCS: ByteSpanTest, time elapsed: 1322295 ns, RESULT:
    [ PASSED ] CASE: defaultsCoverWholeArrayAndEmptyArray (180642 ns)
    [ PASSED ] CASE: sliceAndAdvanceKeepTheOriginalArray (18135 ns)
    [ PASSED ] CASE: mutableViewWritesThroughAndConvertsWithoutCopying (17292 ns)
    [ PASSED ] CASE: permitsBoundaryEmptyRanges (15167 ns)
    [ PASSED ] CASE: rejectsEveryOutOfRangeShape (85009 ns)
    TCS: CancellationTest, time elapsed: 40625648 ns, RESULT:
    [ PASSED ] CASE: cancelIsOneWayAndCallbacksRunExactlyOnce (140204 ns)
    [ PASSED ] CASE: unregisterIsIdempotentAndPreventsPendingCallback (18844 ns)
    [ PASSED ] CASE: alreadyCancelledRegistrationRunsSynchronouslyOnce (16804 ns)
    [ PASSED ] CASE: noneTokenRemainsUsableAndNotCancelled (13808 ns)
    [ PASSED ] CASE: oneFailingCallbackDoesNotBlockOtherWaiters (33640 ns)
    [ PASSED ] CASE: concurrentCancelClaimsEveryCallbackExactlyOnce (17404687 ns)
    [ PASSED ] CASE: registrationRacingCancellationStillRunsExactlyOnce (20188066 ns)
    [ PASSED ] CASE: unregisterRacingCancellationIsAtMostOnce (1487756 ns)
    [ PASSED ] CASE: callbackMayReenterCancellationAndRegistrationWithoutDeadlock (34768 ns)
    TCS: OperationCompletionTest, time elapsed: 27203393 ns, RESULT:
    [ PASSED ] CASE: completionCleansEveryResourceBeforeTheWinnerCallback (29602 ns)
    [ PASSED ] CASE: unregisterAndLateRegistrationHaveExplicitTerminalSemantics (20454 ns)
    [ PASSED ] CASE: cleanupCapacityIsPositiveAndHardBounded (45591 ns)
    [ PASSED ] CASE: cleanupFailuresAndReentrancyCannotBlockTerminalProgress (48305 ns)
    [ PASSED ] CASE: winnerExceptionDoesNotReopenTheCompletion (33588 ns)
    [ PASSED ] CASE: cleanupCountPropertyHoldsAcrossEveryConfiguredOccupancy (376747 ns)
    [ PASSED ] CASE: concurrentTerminalCallersHaveOneWinner (3250577 ns)
    [ PASSED ] CASE: registrationRacingCompletionIsAlwaysCleanedOnce (20822105 ns)
    [ PASSED ] CASE: unregisterRacingCompletionRunsCleanupAtMostOnce (1300750 ns)
    TCS: DeadlineTest, time elapsed: 560567 ns, RESULT:
    [ PASSED ] CASE: remainingUsesTheInjectedMonotonicClock (17063 ns)
    [ PASSED ] CASE: remainingClampsAtZeroAfterExpiry (9567 ns)
    [ PASSED ] CASE: childCanShortenButNeverExtendParent (15650 ns)
    [ PASSED ] CASE: zeroAndExpiredChildrenCannotExtendTheParent (10439 ns)
    [ PASSED ] CASE: rejectsNegativeDurations (20481 ns)
    TCS: TransportLifecycleTest, time elapsed: 4583086 ns, RESULT:
    [ PASSED ] CASE: connectingAndAcceptedPathsReachOpenOnlyInOrder (15435 ns)
    [ PASSED ] CASE: halfCloseIsDirectionalIdempotentAndConvergesOnClosing (47031 ns)
    [ PASSED ] CASE: gracefulCloseIsIdempotentAndCompletesOnlyFromClosing (20769 ns)
    [ PASSED ] CASE: abortAndFailReachEveryNonTerminalStateWithoutOverwritingTerminalEvidence (64037 ns)
    [ PASSED ] CASE: illegalTransitionsHaveStableCodesAndDoNotMutateState (123506 ns)
    [ PASSED ] CASE: closingAndTerminalStatesRejectDataOperationsWithClosedCode (75781 ns)
    [ PASSED ] CASE: operationClaimsAllowDuplexButRejectSameDirectionConcurrency (25410 ns)
    [ PASSED ] CASE: everyTerminalModeReleasesRegisteredResourcesExactlyOnce (29741 ns)
    [ PASSED ] CASE: racingTerminalTransitionsRetainOneWinnerAndOneCleanup (3082481 ns)
    [ PASSED ] CASE: terminalCleanupMayReenterAndItsRegistryRemainsBounded (41234 ns)
    TCS: M124TransportRaceTest, time elapsed: 35513351 ns, RESULT:
    [ PASSED ] CASE: readCloseReleasesBlockedOperationAndDrainsWaiter (5160537 ns)
    [ PASSED ] CASE: writeAbortReleasesBlockedOperationAndDrainsWaiter (9825181 ns)
    [ PASSED ] CASE: successAndCancelOrderingsCompleteOnceWithoutDataLeak (19850652 ns)
    TCS: MemoryTransportListenerTest, time elapsed: 49981704 ns, RESULT:
    [ PASSED ] CASE: rejectsInvalidListenerAndSchedulerBounds (35585 ns)
    [ PASSED ] CASE: listenerDeliversConnectionsInFifoOrderAndBoundsBacklog (99105 ns)
    [ PASSED ] CASE: schedulerDefersDeliveryAndReleasesFailedReservations (69350 ns)
    [ PASSED ] CASE: schedulerRunsMultipleConnectionsInStableFifoOrder (39109 ns)
    [ PASSED ] CASE: cancellationWakesAcceptWithoutClosingListener (9102353 ns)
    [ PASSED ] CASE: deadlineBoundsBlockedAcceptWithoutClosingListener (29803275 ns)
    [ PASSED ] CASE: closeWakesAcceptAndAbortsOwnedConnectionsIdempotently (9845000 ns)
    TCS: MemoryTransportTest, time elapsed: 1371673 ns, RESULT:
    [ PASSED ] CASE: pairTransfersPartialDataInBothDirections (32502 ns)
    [ PASSED ] CASE: emptyBuffersReturnZeroWithoutProducingEofOrPeerData (18178 ns)
    [ PASSED ] CASE: writeShutdownProducesPeerEofAfterBufferedData (20253 ns)
    [ PASSED ] CASE: readShutdownMakesPeerWritesFailAsBrokenPipe (29180 ns)
    [ PASSED ] CASE: cancelledBeforeOperationHasNoDataSideEffect (25302 ns)
    [ PASSED ] CASE: closeAndAbortAreIdempotentAndTerminal (24424 ns)
    [ PASSED ] CASE: cancellationWakesABlockedRead (36997 ns)
    [ PASSED ] CASE: closeWakesABlockedLocalRead (32058 ns)
    [ PASSED ] CASE: writeShutdownWakesABlockedLocalWrite (30025 ns)
    [ PASSED ] CASE: boundedBackpressureResumesAfterPeerReads (111965 ns)
    [ PASSED ] CASE: expiredDeadlineFailsBeforeAnyWrite (22948 ns)
    TCS: NetworkErrorTest, time elapsed: 479752 ns, RESULT:
    [ PASSED ] CASE: retainsStableClassificationAndEndpointEvidence (24773 ns)
    [ PASSED ] CASE: retainsLocalEndpointCauseAndOptionalDefaults (26658 ns)
    [ PASSED ] CASE: caughtErrorRetainsUnixEndpointBytesNativeCodeAndCause (20440 ns)
    [ PASSED ] CASE: pathnameRejectsNulWhileAbstractRetainsIt (18753 ns)
    TCS: OperationContextTest, time elapsed: 658730 ns, RESULT:
    [ PASSED ] CASE: backgroundHasNoDeadlineCancellationOrTrace (10182 ns)
    [ PASSED ] CASE: derivedContextsRetainEventSinkAndSinkFailuresAreIsolated (35716 ns)
    [ PASSED ] CASE: derivedContextRetainsCancellationAndTrace (14947 ns)
    [ PASSED ] CASE: derivationHelpersChangeOnlyTheirNamedField (29265 ns)
    [ PASSED ] CASE: earlierDeadlineCannotBeExtended (9969 ns)
    [ PASSED ] CASE: traceIdentifiersAreBoundedAndNonEmpty (21818 ns)
    TCS: ScriptedTransportTest, time elapsed: 27327850 ns, RESULT:
    [ PASSED ] CASE: rejectsUnboundedOrInvalidScripts (54378 ns)
    [ PASSED ] CASE: shortReadAndWriteStepsAreConsumedInOrder (38559 ns)
    [ PASSED ] CASE: emptyIoDoesNotConsumeScriptAndEofIsExplicit (26466 ns)
    [ PASSED ] CASE: resetTerminatesTransportAtInjectedPhase (39008 ns)
    [ PASSED ] CASE: failurePreservesCoordinatesWithoutTerminatingTransport (39107 ns)
    [ PASSED ] CASE: virtualWaiterReleasesBlockedOperationsInFifoOrder (16445054 ns)
    [ PASSED ] CASE: cancellationWinsAReleaseRaceAndCleansWaiter (9866730 ns)
    TCS: TransportHelperTest, time elapsed: 884820 ns, RESULT:
    [ PASSED ] CASE: writeAllHandlesPartialWritesAndEmptyInput (24537 ns)
    [ PASSED ] CASE: readExactHandlesPartialReads (14683 ns)
    [ PASSED ] CASE: readExactClassifiesPrematureEof (20159 ns)
    [ PASSED ] CASE: emptyHelpersDoNotCallTransport (13731 ns)
    [ PASSED ] CASE: invalidProgressFailsOnceWithoutSpinning (53998 ns)
    [ PASSED ] CASE: cancellationAfterPartialProgressPropagatesWithoutRestart (57899 ns)
    [ PASSED ] CASE: absoluteDeadlineExpiresAcrossPartialRetries (29596 ns)
Summary: TOTAL: 83
    PASSED: 83, SKIPPED: 0, ERROR: 0
    FAILED: 0
--------------------------------------------------------------------------------------------------
TP: wirestack.internal.trust, time elapsed: 39647472 ns, RESULT:
    TCS: HostnameVerifierTest, time elapsed: 2153441 ns, RESULT:
    [ PASSED ] CASE: exactDnsAndAsciiIdnaALabelMatchCaseInsensitively (294073 ns)
    [ PASSED ] CASE: wildcardMatchesExactlyOneLeftmostLabelOnly (134998 ns)
    [ PASSED ] CASE: invalidOrOverbroadWildcardsAreRejectedAtCertificateBoundary (106233 ns)
    [ PASSED ] CASE: dnsAndIpReferenceIdentitiesNeverCrossMatch (103021 ns)
    [ PASSED ] CASE: subjectAlternativeNameCountIsHardBounded (142372 ns)
    TCS: M3028HostnameFuzzTest, time elapsed: 35158068 ns, RESULT:
    [ PASSED ] CASE: hostnameMutationsHaveDeterministicTypedTerminals (34841959 ns)
    TCS: TrustPolicyTest, time elapsed: 2074616 ns, RESULT:
    [ PASSED ] CASE: nativeX509ParserAcceptsOneExactDerObjectAndRejectsTrailingBytes (601951 ns)
    [ PASSED ] CASE: certificateAndChainLimitsFailBeforeUnboundedParsingOrCopying (352970 ns)
    [ PASSED ] CASE: everyTrustPolicyHasAStableContentIdentityAndNoTrustAllState (423263 ns)
    [ PASSED ] CASE: pinAlgorithmAndScopeAreExplicitAndMalformedPinsFail (30325 ns)
Summary: TOTAL: 10
    PASSED: 10, SKIPPED: 0, ERROR: 0
    FAILED: 0
--------------------------------------------------------------------------------------------------
TP: wirestack.internal.connector, time elapsed: 13318399 ns, RESULT:
    TCS: AttemptPlanTest, time elapsed: 1930819 ns, RESULT:
    [ PASSED ] CASE: alternatesFamiliesAndPreservesFamilyOrder (374470 ns)
    [ PASSED ] CASE: firstFamilyControlsPreferenceAndDuplicatesAreRemoved (61312 ns)
    [ PASSED ] CASE: distinctIpv6ZonesAreNotDeduplicated (42789 ns)
    [ PASSED ] CASE: rejectsEmptyCandidatesAndNegativeDelay (37529 ns)
    TCS: HappyEyeballsConnectorTest, time elapsed: 9876775 ns, RESULT:
    [ PASSED ] CASE: emitsCompleteDnsAttemptAndConnectedLifecycle (293290 ns)
    [ PASSED ] CASE: blackholedFirstCandidateIsCancelledAndJoinedBeforeReturn (7408685 ns)
    [ PASSED ] CASE: ipv6FirstSuccessSkipsLaterIpv4Attempt (197484 ns)
    [ PASSED ] CASE: simultaneousSuccessKeepsOneWinnerAndAbortsEveryLoser (262595 ns)
    [ PASSED ] CASE: allFailuresAreJoinedAndRetainedAsDiagnostics (130294 ns)
    [ PASSED ] CASE: preCancelledParentStartsNeitherDnsNorAttempts (34430 ns)
    [ PASSED ] CASE: parentCancellationAfterSuccessPreventsWinnerPublication (113436 ns)
    [ PASSED ] CASE: deadlineAtSuccessBoundaryPreventsWinnerPublication (155326 ns)
    TCS: ConnectionRouteTest, time elapsed: 1291688 ns, RESULT:
    [ PASSED ] CASE: directRouteRetainsItsLocalOriginResolver (131622 ns)
    [ PASSED ] CASE: explicitProxySeparatesOriginAndProxyDns (42292 ns)
    [ PASSED ] CASE: typedIpTargetsNeverCarryResolvers (65544 ns)
    [ PASSED ] CASE: rejectsDelegatedDnsWithoutAnOwningProxyAndInvalidConnectTargets (50577 ns)
    [ PASSED ] CASE: networkAndTlsParametersAreBoundedAndOwned (417896 ns)
Summary: TOTAL: 17
    PASSED: 17, SKIPPED: 0, ERROR: 0
    FAILED: 0
--------------------------------------------------------------------------------------------------
TP: wirestack.internal.tls_engine, time elapsed: 24503619199 ns, RESULT:
    TCS: TlsConnectionTest, time elapsed: 100513860 ns, RESULT:
    [ PASSED ] CASE: handshakeTransfersOwnershipAndPlaintextIoUsesTheEngine (2556832 ns)
    [ PASSED ] CASE: oneReadAndOneWriteMayOverlapButSecondReadFailsImmediately (1977726 ns)
    [ PASSED ] CASE: handshakeFailureAbortsTransportAndReleasesEngineExactlyOnce (86429 ns)
    [ PASSED ] CASE: expiredHandshakeDeadlineStillConsumesAndAbortsBothInputs (78656 ns)
    [ PASSED ] CASE: ioFailureAbortsAndRepeatedTerminalCallsDoNotReleaseTwice (461877 ns)
    [ PASSED ] CASE: unsupportedHalfCloseDoesNotMutateAnOpenConnection (125171 ns)
    [ PASSED ] CASE: concurrentCloseAndAbortReleaseUnderlyingResourcesOnce (8147062 ns)
    [ PASSED ] CASE: gracefulCloseSendsAndProcessesCloseNotifyBeforeReleasingResources (130711 ns)
    [ PASSED ] CASE: tcpEofDuringGracefulCloseRetainsTruncationAndStillReleasesEverything (145194 ns)
    [ PASSED ] CASE: expiredCloseBudgetStillClosesTransportAndReleasesEngine (130003 ns)
    [ PASSED ] CASE: abortNeverAttemptsTlsShutdownAndRetainsLocalAbortEvidence (78360 ns)
    [ PASSED ] CASE: cancelledCloseReleasesEngineWhenImmediateAbortCallbackThrows (180900 ns)
    [ PASSED ] CASE: tcpEofDuringApplicationReadRetainsTruncationBeforeAbort (471044 ns)
    [ PASSED ] CASE: peerCloseNotifyProducesEofEvidenceAndRejectsNewApplicationWrites (491553 ns)
    [ PASSED ] CASE: closeDeadlineExpiresWhileAnExistingBackgroundReadOwnsPumpAdmission (22255072 ns)
    [ PASSED ] CASE: closeCancellationInterruptsAnExistingBackgroundReadWithinTheBound (773284 ns)
    [ PASSED ] CASE: closeCancellationDoesNotWaitBehindAnExistingCiphertextWrite (533270 ns)
    [ PASSED ] CASE: peerWaitingGracefulCloseStaysBoundedByTheCallerBudget (58437140 ns)
    [ PASSED ] CASE: peerWaitingGracefulCloseCompletesWithinItsBudget (167656 ns)
    TCS: Net06TlsTransportCleanupGateTest, time elapsed: 2772932 ns, RESULT:
    [ PASSED ] CASE: failedHandshakesDisposeEngineAndTransportExactlyOnce (2407888 ns)
    TCS: TlsContextTest, time elapsed: 4605399 ns, RESULT:
    [ PASSED ] CASE: linuxCapabilitiesAreExplicitAndNeverInferredFromProviderNames (79512 ns)
    [ PASSED ] CASE: defaultSystemTrustFailsAtBuildUntilLinuxAdapterIsAvailable (155555 ns)
    [ PASSED ] CASE: modernClientContextIsImmutableAndConcurrentShareable (701752 ns)
    [ PASSED ] CASE: strictTls13RejectsAnyTls12Override (161722 ns)
    [ PASSED ] CASE: missingTls13AndHttp2CapabilitiesFailBeforeHandshake (159200 ns)
    [ PASSED ] CASE: alpnRejectsEmptyAndDuplicateProtocolNames (358484 ns)
    [ PASSED ] CASE: serverRequiresServerIdentityAndMtlSTrustAtBuildTime (894327 ns)
    [ PASSED ] CASE: clientIdentityCapabilityIsValidatedAtBuildTime (806637 ns)
    TCS: TlsEnginePumpTest, time elapsed: 273433291 ns, RESULT:
    [ PASSED ] CASE: awsLcClientEngineProducesAClientHelloWithoutSocketIo (31404712 ns)
    [ PASSED ] CASE: strictTls13PolicyIsAcceptedByTheNativeEngine (129470 ns)
    [ PASSED ] CASE: LinuxSystemTrustLoadsExplicitlyAndSniStaysSeparateFromReferenceIdentity (16168221 ns)
    [ PASSED ] CASE: customRootChainIsLoadedIntoARealAwsLcClientEngine (394634 ns)
    [ PASSED ] CASE: spkiPinPolicyConfiguresTheNativeVerificationPathBeforeHandshake (162273 ns)
    [ PASSED ] CASE: matchingSpkiPinCompletesARealClientServerHandshake (11427534 ns)
    [ PASSED ] CASE: matchingSpkiPinDoesNotBypassReferenceIdentityVerification (10249138 ns)
    [ PASSED ] CASE: realAwsLcEnginesExchangeCloseNotifyInBothDirections (11276241 ns)
    [ PASSED ] CASE: handshakeInfoReportsNegotiatedAlpnPeerChainAndVerificationEvidence (11051315 ns)
    [ PASSED ] CASE: tls13TicketResumesAcrossFreshEnginesWithoutEarlyData (12420593 ns)
    [ PASSED ] CASE: tls12TicketResumesAcrossFreshEngines (12611109 ns)
    [ PASSED ] CASE: sniSelectsTheCompleteImmutableContextAndItsCertificate (13450366 ns)
    [ PASSED ] CASE: sniSelectorRejectsMissingAndUnknownNamesWithStableEvidence (21435752 ns)
    [ PASSED ] CASE: noSharedAlpnFailsTheHandshakeInsteadOfSilentlySelectingNothing (8820626 ns)
    [ PASSED ] CASE: requiredMutualTlsUsesClientIdentityAndReturnsServerVerificationEvidence (10950904 ns)
    [ PASSED ] CASE: requiredMutualTlsRejectsMissingClientIdentityButOptionalAllowsIt (12056711 ns)
    [ PASSED ] CASE: mismatchedSpkiPinFailsARealClientServerHandshake (9918599 ns)
    [ PASSED ] CASE: externalSignerCompletesARealHandshakeOutsideTheNativeCallback (16716094 ns)
    [ PASSED ] CASE: externalSignerExceptionFailsClosedWithoutCrossingTheCAbi (8707862 ns)
    [ PASSED ] CASE: cancellationBeforeSignerInvocationFailsThePendingNativeOperation (8342009 ns)
    [ PASSED ] CASE: tls12ContextVersionsPartitionRealClientAndServerSessions (20144662 ns)
    [ PASSED ] CASE: tls13ContextVersionsPartitionRealClientAndServerTickets (20262506 ns)
    [ PASSED ] CASE: pumpHandlesWantReadWriteAndPartialIoWithBoundedBuffers (64753 ns)
    [ PASSED ] CASE: wantWriteWithoutCiphertextFailsInsteadOfSpinning (80078 ns)
    [ PASSED ] CASE: eofDuringWantReadRetainsTlsHandshakeEvidence (78189 ns)
    [ PASSED ] CASE: preCancellationStopsBeforeCallingProviderOrTransport (85088 ns)
    [ PASSED ] CASE: expiredDeadlineStopsBeforeCallingProviderOrTransport (71063 ns)
    TCS: LocalIdentityTest, time elapsed: 5160832 ns, RESULT:
    [ PASSED ] CASE: pkcs8InputIsExactBoundedAndZeroizable (549579 ns)
    [ PASSED ] CASE: pkcs8FileAdapterReadsOneBoundedRegularFile (571943 ns)
    [ PASSED ] CASE: localIdentityValidatesLeafKeyMatchAndHasStablePublicIdentity (1723535 ns)
    [ PASSED ] CASE: mismatchedCertificateAndPrivateKeyFailAtIdentityBuild (747486 ns)
    [ PASSED ] CASE: externalSignerAndSystemHandleShareOneOpaqueKeyContract (390291 ns)
    [ PASSED ] CASE: duplicateSignerAlgorithmsAndMismatchedSpkiFailAtBuild (455977 ns)
    TCS: M3028TlsFuzzTest, time elapsed: 24113599268 ns, RESULT:
    [ PASSED ] CASE: recordMutationsHaveDeterministicTypedTerminals (9497000799 ns)
    [ PASSED ] CASE: handshakeMutationsHaveDeterministicTypedTerminals (9459256681 ns)
    [ PASSED ] CASE: certificateAdapterMutationsHaveDeterministicTypedTerminals (5156607733 ns)
    TCS: TlsM8006ContextTest, time elapsed: 1412117 ns, RESULT:
    [ PASSED ] CASE: sessionPartitionsRetainOnlyTheMatchingContextVersion (32161 ns)
    [ PASSED ] CASE: decryptorRequiresProviderCapabilityAndRsaExternalIdentity (976854 ns)
    [ PASSED ] CASE: keyLogSinkRequiresExplicitProviderCapability (50989 ns)
    TCS: TlsProviderSubstitutionTest, time elapsed: 969915 ns, RESULT:
    [ PASSED ] CASE: testProviderUsesTheProductionFactoryContract (221682 ns)
    [ PASSED ] CASE: objectsFromDifferentProviderInstancesCannotMix (343257 ns)
    [ PASSED ] CASE: activeEngineRetainsProviderUntilItCloses (23364 ns)
    TCS: TlsSessionStoreTest, time elapsed: 311802 ns, RESULT:
    [ PASSED ] CASE: boundedLruExpiryAndSingleUseAreDeterministic (25916 ns)
    [ PASSED ] CASE: everySecurityPartitionDimensionPreventsReuse (41454 ns)
Summary: TOTAL: 72
    PASSED: 72, SKIPPED: 0, ERROR: 0
    FAILED: 0
--------------------------------------------------------------------------------------------------
TP: wirestack.tls, time elapsed: 91482850 ns, RESULT:
    TCS: PublicTlsFacadeTest, time elapsed: 68140384 ns, RESULT:
    [ PASSED ] CASE: clientBuilderRejectsReversedVersionRangeBeforeTransportIo (37025335 ns)
    [ PASSED ] CASE: serverBuilderRequiresAnIdentityBeforeTransportIo (7426035 ns)
    [ PASSED ] CASE: clientBuilderCopiesAlpnAndPublishesProviderNeutralCapabilities (7402021 ns)
    [ PASSED ] CASE: preCancelledHandshakeConsumesAndAbortsTheTransport (15103107 ns)
    TCS: TlsM8006ContractTest, time elapsed: 7968754 ns, RESULT:
    [ PASSED ] CASE: externalDecryptionRequestIsStrictlyRawRsaBoundedAndOwned (49173 ns)
    [ PASSED ] CASE: keyLogLineAcceptsOnlyBoundedNssShapeAndOwnsSecrets (63284 ns)
    [ PASSED ] CASE: clientContextRejectsExternalDecryptionBeforeHandshake (7442598 ns)
    TCS: TlsRuntimeTest, time elapsed: 15200559 ns, RESULT:
    [ PASSED ] CASE: reportsHandleFreeLinuxProviderAndBuildIdentity (7524358 ns)
    [ PASSED ] CASE: returnsDefensiveCopiesOfRuntimeInventories (7324598 ns)
Summary: TOTAL: 9
    PASSED: 9, SKIPPED: 0, ERROR: 0
    FAILED: 0
--------------------------------------------------------------------------------------------------
TP: wirestack.net, time elapsed: 1569714787 ns, RESULT:
    TCS: DnsClientWireTest, time elapsed: 983474396 ns, RESULT:
    [ PASSED ] CASE: publicQueryAndLookupUseRealUdpAndRetainAbsoluteCacheExpiry (2819855 ns)
    [ PASSED ] CASE: publicQueryEncodesEveryModeledRecordType (11029080 ns)
    [ PASSED ] CASE: wrongSourceIdAndQuestionAreIgnoredBeforeValidUdpResponse (3375655 ns)
    [ PASSED ] CASE: validatedTruncationFallsBackToExactTcpFrame (1303297 ns)
    [ PASSED ] CASE: activeCancellationRetainsNameserverWithoutRetry (60700922 ns)
    [ PASSED ] CASE: silentDnsAttemptsLeaveBudgetForServerAndPassFailover (507101786 ns)
    [ PASSED ] CASE: exhaustedResponseCodesRetainTheLastRespondingNameserver (5666629 ns)
    [ PASSED ] CASE: unsupportedResponseCodeRetainsRespondingNameserver (4162342 ns)
    [ PASSED ] CASE: dnsTransportFailuresRetainSelectedNameserver (255974014 ns)
    [ PASSED ] CASE: tcpResponseCannotRemainTruncated (2234487 ns)
    [ PASSED ] CASE: malformedMatchingResponseAndUnrelatedSectionsCannotPoisonCache (6460984 ns)
    [ PASSED ] CASE: cnameTraversalUsesAnswerOwnersAndRejectsConflictingTargets (2698043 ns)
    [ PASSED ] CASE: fullResultCapacityDoesNotQueryAnotherFamily (60683633 ns)
    [ PASSED ] CASE: rfc2308CacheRetainsNxdomainVersusNodataWithoutNewPackets (5113268 ns)
    [ PASSED ] CASE: zeroTtlNeverCreatesAPositiveCacheEntry (3115229 ns)
    [ PASSED ] CASE: callerCancellationAndClientCloseWakeActiveNativeReceive (2413324 ns)
    [ PASSED ] CASE: anyFamilyRetainsAddressesWhenTheOtherFamilyFails (4698982 ns)
    [ PASSED ] CASE: crossFamilyConflictsRetainTheLivePeerAlongsideCachedResults (4867755 ns)
    [ PASSED ] CASE: nxdomainInvalidatesVisitedTargetsAndOtherCachedAliases (20179180 ns)
    [ PASSED ] CASE: everyNxdomainInvalidatesPreviouslyCachedAddresses (6594373 ns)
    [ PASSED ] CASE: noncacheableNxdomainStopsOtherFamilyQueries (2489199 ns)
    [ PASSED ] CASE: nameWideNegativeOverridesEarlierFamilyFailure (2793532 ns)
    [ PASSED ] CASE: boundedAdmissionRejectsExcessAndCloseWakesQueuedCallers (1141803 ns)
    TCS: DnsResolverPolicyTest, time elapsed: 285055901 ns, RESULT:
    [ PASSED ] CASE: fromSystemParsesTabsCommentsLastSearchAndClampedNdots (354208 ns)
    [ PASSED ] CASE: directConfigRejectsUnsupportedNameserverZonesBeforeQueries (34591 ns)
    [ PASSED ] CASE: numericNameserverZonesUseCanonicalEndpointIdentity (48830 ns)
    [ PASSED ] CASE: systemNameserversRetainOnlySupportedNumericZones (303556 ns)
    [ PASSED ] CASE: equivalentNameserverScopesDoNotConsumeTheServerLimit (245017 ns)
    [ PASSED ] CASE: configOwnsInputArraysAndReturnsDefensiveCopies (59715 ns)
    [ PASSED ] CASE: adoptedClientRequiresMatchingConfigurationWithoutTakingRejectedOwnership (158515 ns)
    [ PASSED ] CASE: systemFilesFailClosedWhenMissingOversizedOrNonregular (13459845 ns)
    [ PASSED ] CASE: ipv4LiteralsBypassHostsSearchAndNameservers (60308270 ns)
    [ PASSED ] CASE: hostsSnapshotRetainsOnlyUsableIpv6Zones (470890 ns)
    [ PASSED ] CASE: hostsAliasesFilterFamiliesAndRemainSnapshotted (651370 ns)
    [ PASSED ] CASE: trailingRootSkipsSearchWhileNdotsSelectsSearchOrAbsoluteFirst (3864191 ns)
    [ PASSED ] CASE: exactHostsEntryWinsBeforeSearchSuffixDns (201008983 ns)
    [ PASSED ] CASE: cancelledExpiredAndClosedCallsRetainPublicResolveClassifications (303890 ns)
    [ PASSED ] CASE: connectUsesHostsMappingForANativeListenerExchange (713345 ns)
    [ PASSED ] CASE: resolverConnectCarriesOneAbsoluteDeadlineIntoNativeTcpAdmission (440401 ns)
    TCS: DnsWireParserTest, time elapsed: 28376356 ns, RESULT:
    [ PASSED ] CASE: decodesCompressedTargetsBinaryTxtSoaAndUnknownData (170724 ns)
    [ PASSED ] CASE: recordOrderMakesAnswerAuthorityAndAdditionalBoundariesExplicit (46329 ns)
    [ PASSED ] CASE: summariesAndRecordsOwnParserAndConstructorInputs (34939 ns)
    [ PASSED ] CASE: publicSummaryRejectsCountsBeyondWireAndCombinedRecordBounds (25973347 ns)
    [ PASSED ] CASE: parserPreservesQuestionIdentityAndRejectsIncompleteRecords (75046 ns)
    [ PASSED ] CASE: asciiNameProfileRejectsAmbiguousLabels (74515 ns)
    [ PASSED ] CASE: compressionLoopsForwardPointersAndOutOfRangePointersAreRejected (49456 ns)
    [ PASSED ] CASE: expandedNameAndSectionCountsRespectConfiguredBounds (58170 ns)
    [ PASSED ] CASE: completeParserRejectsTrailingAndTruncatedSectionBytes (34821 ns)
    [ PASSED ] CASE: typedRdataLengthsAndTxtSegmentsAreExact (55063 ns)
    [ PASSED ] CASE: compressedRdataNamesCannotConsumeNeighboringRecordBytes (47464 ns)
    [ PASSED ] CASE: srvTargetCompressionIsRejectedEvenWhenPointerIsInBounds (31249 ns)
    [ PASSED ] CASE: summaryConstructorRejectsSectionMetadataThatCouldBlurBoundaries (13973 ns)
    [ PASSED ] CASE: additionalOwnerMayReferenceAuthorityNameserverTarget (41803 ns)
    [ PASSED ] CASE: additionalOwnerMayReferenceSecondLegacyMailboxName (55916 ns)
    TCS: DnsWireFuzzTest, time elapsed: 118570261 ns, RESULT:
    [ PASSED ] CASE: wireMutationsRejectMalformedMessagesOrRetainOwnedSections (118340436 ns)
    TCS: M8002TcpListenerTest, time elapsed: 54650661 ns, RESULT:
    [ PASSED ] CASE: bindRejectsInvalidBacklogAndStoppedContextsWithStructuredErrors (75010 ns)
    [ PASSED ] CASE: bindFailureRetainsPublicCoordinatesAndCause (117658 ns)
    [ PASSED ] CASE: cancelledAndExpiredAcceptsLeaveListenerReusable (22249059 ns)
    [ PASSED ] CASE: acceptedStreamTransfersExactDataInBothDirections (255185 ns)
    [ PASSED ] CASE: overlappingAcceptIsRejectedWithoutCreatingAPendingQueue (30008933 ns)
    [ PASSED ] CASE: stoppedCloseAdmissionHasNoNativeEffectAndListenerRemainsUsable (359972 ns)
    [ PASSED ] CASE: gracefulAndAbortTerminalOwnersAreStableAndWakeAccept (223744 ns)
    TCS: M8002UdpSocketTest, time elapsed: 25319733 ns, RESULT:
    [ PASSED ] CASE: capabilitiesReflectQualifiedBroadcastAndMembershipOperations (92583 ns)
    [ PASSED ] CASE: datagramBoundariesAndOwnedPayloadSurviveScratchReuse (200528 ns)
    [ PASSED ] CASE: exactCapacityAndTruncationDiscardOnlyTheCurrentDatagramTail (152005 ns)
    [ PASSED ] CASE: connectedSocketSelectsNativePeerAndFiltersOtherSenders (223758 ns)
    [ PASSED ] CASE: invalidAndUnsupportedInputsLeaveSocketReusable (3172202 ns)
    [ PASSED ] CASE: cancellationDeadlineCloseAndAbortRetainDistinctState (20348574 ns)
    TCS: M8007TlsDeadlineCleanupTest, time elapsed: 31587171 ns, RESULT:
    [ PASSED ] CASE: closeDeadlineReleasesAnExistingNativeTcpReadWithoutPeerAssistance (31363673 ns)
    TCS: M9002SocketOptionTest, time elapsed: 2933403 ns, RESULT:
    [ PASSED ] CASE: udpReadsEffectiveBuffersAndAppliesIpv4Controls (118270 ns)
    [ PASSED ] CASE: udpBroadcastCapabilityRequiresQualifiedIpv4Support (48271 ns)
    [ PASSED ] CASE: ipv6ControlsRejectIpv4OptionsAndPostBindMutation (103686 ns)
    [ PASSED ] CASE: wholeListValidationPrecedesAnyMutation (93428 ns)
    [ PASSED ] CASE: nativeFailureRetainsEarlierEffectsAndSkipsLaterOptions (142343 ns)
    [ PASSED ] CASE: cancelledControlDoesNotAbortHealthySocket (97129 ns)
    [ PASSED ] CASE: acceptedOptionsOverrideDefaultsBeforePublication (260333 ns)
    [ PASSED ] CASE: reusePortAllowsTwoNativeListeners (79193 ns)
    [ PASSED ] CASE: bufferExtremesAreClampedAndInvalidDomainsDoNotMutate (83901 ns)
    [ PASSED ] CASE: optionKindsRejectWrongTargetsFamiliesAndCreationStages (533763 ns)
    [ PASSED ] CASE: ipv6OnlyChangesRealDualStackBindBehavior (290505 ns)
    TCS: M9003UdpLifecycleTest, time elapsed: 852772 ns, RESULT:
    [ PASSED ] CASE: disconnectRetainsBindAndRestoresExplicitSendTo (195317 ns)
    [ PASSED ] CASE: cancelledDisconnectDoesNotChangeTheSelectedPeer (83412 ns)
    [ PASSED ] CASE: multicastMembershipIsFamilyCheckedKeyedAndBounded (230973 ns)
    TCS: NetworkFoundationContractTest, time elapsed: 37931557 ns, RESULT:
    [ PASSED ] CASE: unixEndpointFormsAreDistinctAndOwned (13238 ns)
    [ PASSED ] CASE: unixEndpointRejectsUnboundedNames (15164 ns)
    [ PASSED ] CASE: rawSocketCapabilityBoundaryRequiresDomainSpecificProtocol (27612 ns)
    [ PASSED ] CASE: cancelledConnectFailsBeforeSocketCreation (26296 ns)
    [ PASSED ] CASE: tcpStreamCancellationDistinguishesUntouchedFromAbortedDelegate (55763 ns)
    [ PASSED ] CASE: tcpStreamGracefulCloseIsRetainedAndIdempotent (16005 ns)
    [ PASSED ] CASE: tcpStreamTerminalCloseSkipsStoppedContextsAndCallerClock (55491 ns)
    [ PASSED ] CASE: tcpStreamNonterminalStoppedCloseAdmissionStillRejects (48209 ns)
    [ PASSED ] CASE: tcpStreamCloseNormalizesContextFailureWithoutTakingOwnership (34334 ns)
    [ PASSED ] CASE: tcpStreamAbortRetainsItsCauseAndConnectionFacts (73606 ns)
    [ PASSED ] CASE: tcpStreamDirectionalShutdownPublishesOnlySuccessfulTransitions (41604 ns)
    [ PASSED ] CASE: tcpStreamReadShutdownRejectsEveryReadPathWithoutLosingWrites (56784 ns)
    [ PASSED ] CASE: tcpStreamWriteShutdownRejectsEveryWritePathWithoutLosingReads (56525 ns)
    [ PASSED ] CASE: tcpStreamEmptyOperationsRemainImmediateAfterDirectionalShutdown (18152 ns)
    [ PASSED ] CASE: tcpStreamReadExactAddsCapturedEndpointsToUnexpectedEof (31201 ns)
    [ PASSED ] CASE: tcpStreamReadKeepsPeerEofGraceful (16223 ns)
    [ PASSED ] CASE: tcpStreamReadExactMergesCapturedAndStructuredEndpointMetadata (35874 ns)
    [ PASSED ] CASE: tcpStreamIoConflictsRetainCapturedEndpointsWithoutClosing (87949 ns)
    [ PASSED ] CASE: tcpStreamDirectionalShutdownDoesNotPromoteWokenIoToFailure (75770 ns)
    [ PASSED ] CASE: tcpStreamFinalShutdownRemainsGracefulWhenItWakesIo (44633 ns)
    [ PASSED ] CASE: tcpStreamFailuresRetainOriginalErrorAndReleaseDelegate (62184 ns)
    [ PASSED ] CASE: tcpStreamRetainsNativeCancellationOwnership (1184313 ns)
    [ PASSED ] CASE: tcpStreamNormalizesUnexpectedDelegateFailures (147707 ns)
    [ PASSED ] CASE: tcpStreamPrecancelledIoCannotClaimAnotherClosesOwnership (93459 ns)
    [ PASSED ] CASE: tcpStreamCancellationOwnershipSurvivesOtherObservers (69825 ns)
    [ PASSED ] CASE: tcpStreamAbortCannotRelabelClaimedGracefulNativeClose (27745 ns)
    [ PASSED ] CASE: tcpStreamAbortOwnershipSurvivesCompetingIoAndLateCloseFailure (44648 ns)
    [ PASSED ] CASE: tcpStreamCancellationBoundsCloseWaitAndLateSuccessRemainsGraceful (69407 ns)
    [ PASSED ] CASE: tcpStreamJoiningBackgroundCloseWaitsForCompletion (28723249 ns)
    [ PASSED ] CASE: tcpStreamDeadlineBoundsCloseWaitAndLateSuccessRemainsGraceful (92906 ns)
    [ PASSED ] CASE: tcpStreamLateCloseFailurePublishesFailedWithoutReplacingCallerCancellation (109866 ns)
    [ PASSED ] CASE: tcpStreamAbortRemainsTerminalWhenDetachedCloseFailsLate (104779 ns)
    [ PASSED ] CASE: tcpStreamCloseKeepsGracefulCauseWhenItWakesARead (42514 ns)
    [ PASSED ] CASE: unsafeOptionValueIsBoundedAndOwnedWithoutApplyingIt (218990 ns)
    [ PASSED ] CASE: datagramResultEnforcesTheIpv4PayloadBound (2407444 ns)
    [ PASSED ] CASE: datagramResultSurvivesReceiveBufferReuse (15436 ns)
Summary: TOTAL: 119
    PASSED: 119, SKIPPED: 0, ERROR: 0
    FAILED: 0
--------------------------------------------------------------------------------------------------
TP: wirestack.http, time elapsed: 11081379383 ns, RESULT:
    TCS: RequestBodyTest, time elapsed: 1970469 ns, RESULT:
    [ PASSED ] CASE: byteBodiesOwnInputAndReplayWithIndependentOffsets (350737 ns)
    [ PASSED ] CASE: emptyAndUtf8StringBodiesHaveExactLengths (28683 ns)
    [ PASSED ] CASE: oneShotBodyCanOnlyBeClaimedOnce (59680 ns)
    [ PASSED ] CASE: factoryMustReturnTheDeclaredLengthAndMismatchIsClosed (29196 ns)
    [ PASSED ] CASE: closedStreamRejectsFurtherReads (32575 ns)
    [ PASSED ] CASE: fileBodyStreamsAndReopensWithoutEagerReads (148539 ns)
    [ PASSED ] CASE: fileBodyRejectsOversizeAndChangesBeforeOpen (97739 ns)
    TCS: HttpClientExtensionsTest, time elapsed: 45284855 ns, RESULT:
    [ PASSED ] CASE: nativeCookiesAndServiceHooksSurviveThrowingPoolObservers (33896281 ns)
    [ PASSED ] CASE: mismatchedUpgradePairingsNeverOpenConnections (151173 ns)
    [ PASSED ] CASE: unavailableServerPushClosesTheOwnedResponse (10710954 ns)
    TCS: HttpCookieJarTest, time elapsed: 233528520 ns, RESULT:
    [ PASSED ] CASE: cookieSerializesStandardMetadataWithoutInventingBrowserPolicy (34515 ns)
    [ PASSED ] CASE: hostOnlyAndDomainCookiesDoNotLeakAcrossDnsBoundaries (223254 ns)
    [ PASSED ] CASE: bundledPublicSuffixRulesProtectRegistrableBoundariesByDefault (704467 ns)
    [ PASSED ] CASE: defaultPathAndPathMatchUseDirectoryAndSlashBoundaries (111110 ns)
    [ PASSED ] CASE: maxAgeTakesPrecedenceAndNonPositiveValuesDeleteTheIdentity (151136 ns)
    [ PASSED ] CASE: secureMetadataControlsTransportAndHttpOnlyDoesNotChangeWireSelection (51076 ns)
    [ PASSED ] CASE: valuedSecureAttributeCannotLeakCookiesToCleartext (55271 ns)
    [ PASSED ] CASE: cleartextOriginsCannotCreateOrOverlaySecureCookies (325095 ns)
    [ PASSED ] CASE: cleartextQuotaFloodCannotEvictSecureIdentityAndInstallReplacement (164397 ns)
    [ PASSED ] CASE: allSecureQuotaRejectsCleartextInsertionsFromBothStorageEntrypoints (101538 ns)
    [ PASSED ] CASE: rejectsHeaderInjectionAndInvalidCookieOctetsBeforeStorage (92002 ns)
    [ PASSED ] CASE: capacityHeaderBoundsAndReplacementRemainDeterministic (79854 ns)
    [ PASSED ] CASE: removalClearAndSnapshotsExposeOnlyLiveImmutableCookies (68685 ns)
    [ PASSED ] CASE: concurrentStoresAndReadsRemainRaceFreeAndBounded (1250462 ns)
    [ PASSED ] CASE: boundedSetCookieMutationsPreserveScopeAndHeaderSafety (228483710 ns)
    TCS: Http1DeterministicFuzzTest, time elapsed: 7405258 ns, RESULT:
    [ PASSED ] CASE: acceptedUrlMutationsRoundTripToOneCanonicalIdentity (4104050 ns)
    [ PASSED ] CASE: acceptedNoProxyMutationsRemainDeterministicAcrossTargets (2675020 ns)
    [ PASSED ] CASE: proxyAuthorizationMutationCannotInjectBeforeDnsOrConnect (190464 ns)
    TCS: HttpErrorTest, time elapsed: 414856 ns, RESULT:
    [ PASSED ] CASE: publicGetMapsInvalidUrlWithoutNetworkSideEffects (124364 ns)
    [ PASSED ] CASE: classifierProvidesStableHttpFailureCodes (37352 ns)
    TCS: HttpFacadeTest, time elapsed: 668326123 ns, RESULT:
    [ PASSED ] CASE: requestCancellationOutlivesCompletedParentWhileTransferredPushStalls (53622705 ns)
    [ PASSED ] CASE: cancellationWrapperPreservesProtocolCompletionPolicy (28518 ns)
    [ PASSED ] CASE: typedCancellationHandlesAreScopedIdempotentAndStopBeforeNetworkIo (2802598 ns)
    [ PASSED ] CASE: publicHttp1ConnectionHandleCancelsBodyAndLeavesClientReusable (7077571 ns)
    [ PASSED ] CASE: publicHttp2StreamAndConnectionHandlesRespectTheirScopes (81912874 ns)
    [ PASSED ] CASE: publicHttp2SlowStreamCannotStarveOneTenOrHundredSiblings (142195178 ns)
    [ PASSED ] CASE: tlsHttp2StreamLimitIsAppliedAcrossConcurrentPublicRequests (26010470 ns)
    [ PASSED ] CASE: tlsFacadeNegotiatesHttp2AndMapsBodyTrailersAndResponse (35924872 ns)
    [ PASSED ] CASE: explicitResolverConnectsPublicClientAndServer (1790866 ns)
    [ PASSED ] CASE: defaultSystemResolverConnectsPublicClientAndServer (263071667 ns)
    [ PASSED ] CASE: clientFollowsOriginRelativeRedirectEndToEnd (3779374 ns)
    [ PASSED ] CASE: clientRetriesOneTemporaryDnsFailureWithinTheSameDeadline (3037403 ns)
    [ PASSED ] CASE: forwardProxyUsesAbsoluteFormIndependentDnsAndHookCredentials (3068017 ns)
    [ PASSED ] CASE: serverBuilderRequiresEndpointAndHandler (41104 ns)
    [ PASSED ] CASE: tlsServerConfigFailsClosedBeforeBinding (281108 ns)
    [ PASSED ] CASE: followedHttp2RedirectClosesUnclaimedPushBeforeClientTeardown (40446373 ns)
    TCS: Http2ConcurrentResponseBodyTest, time elapsed: 24689917 ns, RESULT:
    [ PASSED ] CASE: twoPublicHttp2BodiesCompleteIndependently (24403546 ns)
    TCS: FileHandlerTest, time elapsed: 11747437 ns, RESULT:
    [ PASSED ] CASE: confinedDownloadRejectsTraversalAndSymlinkWhileOpenBodyOutlivesHandler (4382089 ns)
    [ PASSED ] CASE: uploadPublishesOneCompleteBinaryFileAndNeverPublishesRejectedMultipart (6636778 ns)
    [ PASSED ] CASE: uploadCommitChecksContextAfterDurabilityBeforePublication (210992 ns)
    TCS: HttpMessageTest, time elapsed: 922359 ns, RESULT:
    [ PASSED ] CASE: requestFactoriesProduceImmutableProtocolNeutralModels (48169 ns)
    [ PASSED ] CASE: responseEofCompletesObserverExactlyOnce (19548 ns)
    [ PASSED ] CASE: earlyCloseAbandonsObserverExactlyOnce (24530 ns)
    [ PASSED ] CASE: readFailureClosesAndAbandonsTheBody (30013 ns)
    [ PASSED ] CASE: emptyDestinationDoesNotMistakeNoProgressForEof (11940 ns)
    [ PASSED ] CASE: boundedDrainCompletesOnlyWhenEofIsProven (19544 ns)
    [ PASSED ] CASE: invalidSourceProgressFailsClosed (19122 ns)
    [ PASSED ] CASE: responseRejectsInvalidStatusAndReason (27018 ns)
    TCS: MultipartTest, time elapsed: 3887740815 ns, RESULT:
    [ PASSED ] CASE: writerStreamsExactBinaryFramingAndReplaysIndependently (197474 ns)
    [ PASSED ] CASE: boundarySeparatorsRoundtripThroughContentTypeAndBody (888422 ns)
    [ PASSED ] CASE: readerPreservesBinaryWhenEveryDelimiterIsSplitAcrossReads (402868 ns)
    [ PASSED ] CASE: closingPartDiscardsOnlyThatPartAndReleasesNextPart (438000 ns)
    [ PASSED ] CASE: malformedAndConfiguredLimitsCloseOwnedSource (106366 ns)
    [ PASSED ] CASE: partCountLimitRejectsBeforeParsingUnboundedAdditionalMetadata (138761 ns)
    [ PASSED ] CASE: boundedDeterministicWireMutationsAreChunkIndependent (3882007604 ns)
    [ PASSED ] CASE: deterministicMutationHarnessEnforcesSmallLimitsAndOwnedClosure (2691172 ns)
    TCS: HttpModelTest, time elapsed: 2023375 ns, RESULT:
    [ PASSED ] CASE: methodSupportsStandardAndExtensionTokens (21769 ns)
    [ PASSED ] CASE: headersPreserveOrderAndMultipleValues (45344 ns)
    [ PASSED ] CASE: headersOwnTheirInputAndOutputArrays (28617 ns)
    [ PASSED ] CASE: builderSetAndRemoveUseCaseInsensitiveNames (60287 ns)
    [ PASSED ] CASE: rejectsInjectionAndInvalidNames (60672 ns)
    [ PASSED ] CASE: enforcesCountLineAndTotalLimits (39556 ns)
    [ PASSED ] CASE: urlNormalizesSchemeHostAndDefaultTarget (33702 ns)
    [ PASSED ] CASE: urlPreservesExplicitPortPathAndQuery (42861 ns)
    [ PASSED ] CASE: urlRequiresBracketedIpv6AndKeepsQueryOnlyTargetValid (25403 ns)
    [ PASSED ] CASE: urlRejectsAmbiguousAndUnsafeInputs (140931 ns)
    [ PASSED ] CASE: trailerRejectsRoutingAndFramingFields (188989 ns)
    TCS: HttpProxyPolicyTest, time elapsed: 1085076 ns, RESULT:
    [ PASSED ] CASE: noProxyMatchesDnsBoundariesAndOptionalPorts (152873 ns)
    [ PASSED ] CASE: noProxyMatchesTypedIpLiteralsExactlyAndWildcardExplicitly (96248 ns)
    [ PASSED ] CASE: endpointsRetainDnsIpv4AndIpv6RouteIdentity (30776 ns)
    [ PASSED ] CASE: routeSelectionUsesNoProxyWithoutCallingAuthorizationHook (81134 ns)
    [ PASSED ] CASE: rejectsAmbiguousNoProxyPatternsAndEndpointPorts (49543 ns)
    TCS: HttpRedirectPolicyTest, time elapsed: 1359060 ns, RESULT:
    [ PASSED ] CASE: rewritesPostOn302AndRemovesBodyHeaders (135306 ns)
    [ PASSED ] CASE: noFollowPreservesRedirectResponse (52122 ns)
    [ PASSED ] CASE: stripsSensitiveHeadersOnlyAcrossOrigins (118182 ns)
    [ PASSED ] CASE: rejectsDowngradeLimitAndOneShotReplay (227089 ns)
    [ PASSED ] CASE: resolvesSchemeRelativeAndQueryOnlyLocations (71225 ns)
    [ PASSED ] CASE: resolvesRelativePathsAndRemovesDotSegments (93827 ns)
    TCS: HttpRetryPolicyTest, time elapsed: 555711 ns, RESULT:
    [ PASSED ] CASE: retriesOnlyIdempotentReplayableStructuredFailures (53885 ns)
    [ PASSED ] CASE: explicitSafetyAllowsPostButDisabledAndOneShotFailClosed (41414 ns)
    [ PASSED ] CASE: cancellationDeadlineUnknownAndNeverAreNotRetried (36522 ns)
    [ PASSED ] CASE: goAwayRetriesOnlyDefinitelyUnprocessedSafeReplayableRequests (52247 ns)
    TCS: Http1SseStreamingProfileTest, time elapsed: 3008279434 ns, RESULT:
    [ PASSED ] CASE: http1StreamsWithoutLifetimeAccumulationAndCancels (3007997167 ns)
    TCS: Http2SseStreamingProfileTest, time elapsed: 3032662465 ns, RESULT:
    [ PASSED ] CASE: http2StreamsWithoutLifetimeAccumulationAndPreservesSibling (3032306060 ns)
    TCS: M2005SystemResolverTest, time elapsed: 9268366 ns, RESULT:
    [ PASSED ] CASE: resolvesLocalhostThroughThePublicContract (8384790 ns)
    [ PASSED ] CASE: fixtureReturnsAllCandidatesAndDoesNotInventTtl (14512 ns)
    [ PASSED ] CASE: fixtureAppliesFamilyAndResultBounds (8712 ns)
    [ PASSED ] CASE: fixtureMapsStableErrorsAndRetainsNativeEvidence (8501 ns)
    [ PASSED ] CASE: fixtureCancellationAndDeadlineReturnBeforeNativeCleanup (11722 ns)
    [ PASSED ] CASE: validatesBoundsAndRejectsUseAfterClose (80726 ns)
    TCS: WebSocketHandshakeTest, time elapsed: 28515298 ns, RESULT:
    [ PASSED ] CASE: nativeHttp1UpgradeTransfersFramesAndClosesSession (3161988 ns)
    [ PASSED ] CASE: nativeHttp2ExtendedConnectKeepsSiblingRequestsUsable (25053847 ns)
    TCS: WebSocketConnectionTest, time elapsed: 113018860 ns, RESULT:
    [ PASSED ] CASE: fragmentedUtf8AndAutomaticPongSurviveOneByteTransportReads (132259 ns)
    [ PASSED ] CASE: preCancelledSendPerformsNoIoAndLeavesUntouchedSessionHealthy (63593 ns)
    [ PASSED ] CASE: fragmentedMessageBoundRejectsBeforeWritingAndPreservesProgression (84082 ns)
    [ PASSED ] CASE: roleMaskingAndNonCanonicalLengthFailClosedWithProtocolStatus (169157 ns)
    [ PASSED ] CASE: fragmentedTextRejectsInvalidContinuationAtTheMessageBoundary (77069 ns)
    [ PASSED ] CASE: gracefulCloseEchoesStatusAndCompletesBothOwners (114797 ns)
    [ PASSED ] CASE: handshakeCryptoMatchesRfcVectorAndReturnsCanonicalFreshKeyShape (32193 ns)
    [ PASSED ] CASE: framePayloadIsOwnedAndCloseInputIsStrict (27073 ns)
    [ PASSED ] CASE: boundedDeterministicWireMutationsAreSplitInvariantAndFailClosed (111357599 ns)
Summary: TOTAL: 114
    PASSED: 111, SKIPPED: 3, ERROR: 0
    FAILED: 0
--------------------------------------------------------------------------------------------------
Project tests finished, time elapsed: 42173808326 ns, RESULT:
TP: wirestack.*, time elapsed: 42173740402 ns, RESULT:
    PASSED:
    TP: wirestack.internal.platform.linux, time elapsed: 18606690 ns
    TP: wirestack.internal.common, time elapsed: 3068759 ns
    TP: wirestack.internal.transport, time elapsed: 191426615 ns
    TP: wirestack.internal.trust, time elapsed: 39647472 ns
    TP: wirestack.internal.http2, time elapsed: 2746153196 ns
    TP: wirestack.internal.resolver, time elapsed: 40862034 ns
    TP: wirestack.internal.tls_engine, time elapsed: 24503619199 ns
    TP: wirestack.internal.connector, time elapsed: 13318399 ns
    TP: wirestack.tls, time elapsed: 91482850 ns
    TP: wirestack.internal.http1, time elapsed: 1301470566 ns
    TP: wirestack.internal.transport_stdnet, time elapsed: 419265303 ns
    TP: wirestack.net, time elapsed: 1569714787 ns
    TP: wirestack.http, time elapsed: 11081379383 ns
Summary: TOTAL: 840
    PASSED: 817, SKIPPED: 23, ERROR: 0
    FAILED: 0
--------------------------------------------------------------------------------------------------
cjpm test success
