M7-022 Linux release soak: FAIL: SOAK_ALREADY_RUNNING: another invocation is active
M0-016 validation: PASS
architecture guard: PASS
{"schema_version": 1, "source_task": "M9-003", "status": "PASS", "native": "NOT_RUN", "rows": 86, "socket_objects": ["TcpListener", "TcpStream", "UdpSocket", "UnixDatagramSocket", "UnixListener", "UnixStream"], "capability_fields": ["ancillaryData", "broadcast", "closeOnExec", "connectedDatagramSend", "halfClose", "multicast", "nonBlocking", "raw", "zeroLengthDatagramSend"], "native_scenarios": ["internet-ipv4", "internet-ipv6", "unix-pathname", "unix-abstract", "capability-contract", "dns-basic", "dns-connect", "socket-options", "http-option-connector", "invalid-option-admission", "active-send-control", "udp-disconnect", "udp-broadcast", "udp-multicast-ipv4", "udp-multicast-ipv6", "udp-membership-errors", "udp-active-receive", "udp-active-send"], "description_digest": {"domain": "text-utf8-lf-v1", "sha256": "07a4d9dd7acbbfdd533521c83b16e260924813ea7f320375a9599871c7ad0106"}, "inventory_sha256": "0bf9cc089fc9000308fe9453d228500db72fca09b07d4d06d95a4e8e646e703d"}
{"artifacts": {"api": "docs/api/generated/api-surface.json", "coverage": "docs/api/generated/coverage.json", "docs": "docs/api/generated/docs.json", "markdown": "docs/api/generated/markdown"}, "cjdoc": {"path": "<cjdoc>", "version": "0.7.2"}, "combined": {"apiEntries": 1507, "apiSha256": "4789339649a29bfcf5b7c8f778c2b7fb19154d27d817d93ed690b7147032072f", "coverage": {"parameters": {"documented": 739, "percent": 100, "total": 739}, "symbols": {"documented": 1507, "percent": 100, "total": 1507}}, "coverageSha256": "7d831ca1fd53279034966d0ce876c4b7c0d3add158b41b21e0ae69c6f9432ec4", "declarations": 2485, "docsSha256": "045f7dd55850d1cf0a81ef8708f452f58f5deb79ea8470ae20e45406f636c4fa", "markdownSha256": "988b54088600cbe0a4c63d442b309d59a3f11ecb93cf3db6b5ced6bd4f632518", "package": "combined", "status": "PASS"}, "commands": [{"kind": "check", "package": "wirestack", "returncode": 0, "status": "PASS", "stderr": "documentation coverage: symbols 662/662 (100%), parameters 262/262 (100%)\n", "stderr_truncated": false, "stdout": "", "stdout_truncated": false}, {"kind": "generate", "package": "wirestack", "returncode": 0, "status": "PASS", "stderr": "", "stderr_truncated": false, "stdout": "generated <staging>/wirestack/output\n", "stdout_truncated": false}, {"kind": "check", "package": "wirestack.http", "returncode": 0, "status": "PASS", "stderr": "documentation coverage: symbols 1065/1065 (100%), parameters 483/483 (100%)\n", "stderr_truncated": false, "stdout": "", "stdout_truncated": false}, {"kind": "generate", "package": "wirestack.http", "returncode": 0, "status": "PASS", "stderr": "", "stderr_truncated": false, "stdout": "generated <staging>/wirestack-http/output\n", "stdout_truncated": false}, {"kind": "check", "package": "wirestack.tls", "returncode": 0, "status": "PASS", "stderr": "documentation coverage: symbols 838/838 (100%), parameters 326/326 (100%)\n", "stderr_truncated": false, "stdout": "", "stdout_truncated": false}, {"kind": "generate", "package": "wirestack.tls", "returncode": 0, "status": "PASS", "stderr": "", "stderr_truncated": false, "stdout": "generated <staging>/wirestack-tls/output\n", "stdout_truncated": false}, {"kind": "check", "package": "wirestack.net", "returncode": 0, "status": "PASS", "stderr": "documentation coverage: symbols 928/928 (100%), parameters 454/454 (100%)\n", "stderr_truncated": false, "stdout": "", "stdout_truncated": false}, {"kind": "generate", "package": "wirestack.net", "returncode": 0, "status": "PASS", "stderr": "", "stderr_truncated": false, "stdout": "generated <staging>/wirestack-net/output\n", "stdout_truncated": false}, {"kind": "check", "package": "combined", "returncode": 0, "status": "PASS", "stderr": "documentation coverage: symbols 1507/1507 (100%), parameters 739/739 (100%)\n", "stderr_truncated": false, "stdout": "", "stdout_truncated": false}, {"kind": "generate", "package": "combined", "returncode": 0, "status": "PASS", "stderr": "", "stderr_truncated": false, "stdout": "generated <staging>/combined/output\n", "stdout_truncated": false}], "expectedCjdoc": "0.7.2", "generatedAtUtc": "2026-09-23T07:48:38.103325Z", "issues": [], "layers": [{"apiEntries": 662, "apiSha256": "18ef8b0e5e6dd34daae0b7bfc98e0c0c370f7237eb07e72e432c76a13726a88e", "coverage": {"parameters": {"documented": 262, "percent": 100, "total": 262}, "symbols": {"documented": 662, "percent": 100, "total": 662}}, "coverageSha256": "a33481d03da902371e26245f67bb94f450d89ef66b9c0ad36bac6970eaf207b4", "declarations": 808, "docsSha256": "df3c07c4f0458a36021e9f7928e3e0fdbde27785c527e9d40ac60e00094f1014", "markdownSha256": "3055a19762b460c1f977ca0ed29a1154c7af8cda9d232351ef2bba0e2b409b45", "package": "wirestack", "status": "PASS"}, {"apiEntries": 1065, "apiSha256": "8d605ec1ccfbfc0ece970e1f6cf0cd417752366e863c5e38dfeb1817262af271", "coverage": {"parameters": {"documented": 483, "percent": 100, "total": 483}, "symbols": {"documented": 1065, "percent": 100, "total": 1065}}, "coverageSha256": "9985a9ec1ae0dc408cc27e5a3b9ffd58782cc331046e39ba8ef58b6eba5a86c7", "declarations": 1733, "docsSha256": "39e5e92a2904d0b4dccdec819830acb17871a7100fd957d9fceacbf1683c0eb4", "markdownSha256": "b90982339ea708b7f7715aac927745b2581b6855195119690f6e0f5582139392", "package": "wirestack.http", "status": "PASS"}, {"apiEntries": 838, "apiSha256": "3de4d04409af0f532e8a5ccb3cf2790eafbcecbc9e2d8b92144e2e2db31fcdc0", "coverage": {"parameters": {"documented": 326, "percent": 100, "total": 326}, "symbols": {"documented": 838, "percent": 100, "total": 838}}, "coverageSha256": "9911e669daf6b58625ce5c52ba3482cd983ccf34a95439d3d47d87113d5757c1", "declarations": 1014, "docsSha256": "9f261ea3c18964b0dfa3d252e0d00bc0f1e37f0788b8679e97f7cce31d4ed15b", "markdownSha256": "f11ae8b6080dd249c5c33562a00732f7bbd35c67e423c0bcfc39ae9935b07646", "package": "wirestack.tls", "status": "PASS"}, {"apiEntries": 928, "apiSha256": "d5afbef40cb68d6ea7957388d850921fd1c68546f7f63f4ec39204cfd12ed612", "coverage": {"parameters": {"documented": 454, "percent": 100, "total": 454}, "symbols": {"documented": 928, "percent": 100, "total": 928}}, "coverageSha256": "bf7bb485ae00bcac5812283883bb3988c9d5a6a749d692567130be2f85a2bac4", "declarations": 1354, "docsSha256": "13a8c703e4330c8746be1f368a8d8dcd18269ed65d031ee33181c2ce03de40aa", "markdownSha256": "c665cef542630b9fbda37c53b17bfede25aa487c50b010430c1047257d4e1bfe", "package": "wirestack.net", "status": "PASS"}], "platform": {"libc": "glibc", "machine": "x86_64", "system": "Linux"}, "schemaVersion": 1, "sourceSha256": {"src/byte_span.cj": "4b38c6d184e172a56f0c39308294cbd2485ff683aba4f27028abe07c2b4661c4", "src/cancellation.cj": "c023b65acab9740096dc1ec9a770cf59d7361b2fec3dcdeebb3cc6033d78034d", "src/common.cj": "7a6d9bf1bd56bb9c5209152b2482dee044027f8d348233dcd6cc7b87d1c866e3", "src/deadline.cj": "15c5fd0c7f2dcfb4be7150359990c7c35cde11aa3332f80a9efe9f79e431a7c4", "src/hostname_verifier.cj": "a0d06b89cf163b91339e5690bf1d15d8e94bd4912c2792b35e0cdd09d4e34989", "src/http/cancellation.cj": "8ff94be6a771af4c56dab7dc982fca0a16e6df1da4d1a14303dfc179f9225537", "src/http/client.cj": "97131a36c964f68cbc6697a87a4fd5fe81a5a0d146dee3355b4386a47f97c628", "src/http/cookie.cj": "5326d61b5121e75e56750a29c960dc97e9b7fc34ba10f62236e3b19adbaee1d8", "src/http/duplex.cj": "e81f52f4efbc0b728a1891d67bc0f3a6292af471d16d992b65e2055e44ffac24", "src/http/error.cj": "d88c54a157e02063ab4048c197631daba3642a9618672841e4b98d3a25d275ad", "src/http/file_handler.cj": "2706ddeadba5c448a9bdf9ed1b604d5fe56c527b001d28ecb3b558b93728df74", "src/http/hooks.cj": "0b6016a645fd69bbb8743e5abfed22b4c325286a450587b4ff87b722ef04f2ed", "src/http/multipart.cj": "506c82b691fa280fc147fa7d6f73aa5ed7b1045f5fa1122bd7c667a62aead36e", "src/http/package.cj": "edae278034e8047e77649badec506b86ff2e6f3fc530d3eaf68394f77ff43ca0", "src/http/proxy.cj": "9576c9b153192c93943911557e8cce25f567e5ad0357074189437cc17af6fe1d", "src/http/redirect.cj": "bb7e2d00e2373436d05b8d4d7a19650768b943afd4ecbe737a49c352ca57be1f", "src/http/resolver.cj": "8c44e5ff6961122d6483c22546a26dab02e8414b88d5e18b954ddcf0b3ff29e4", "src/http/retry.cj": "e889370833f2d5b7df07d4cd13aa3068ab6262e1c2252728cbcc99c788b4199b", "src/http/server.cj": "52ede5995cf2b5ac64948b36334eadd9782cdcaa26e4c2bf3914a85e25cdb529", "src/http/tls.cj": "b232989ad8c4e73d4480dcae4ce40aae55fbedf9ce13b5922cc61b8a6e8a1e62", "src/http/upgrade.cj": "3bf29c0ad5b9fd19f5b2d994d36abcf76cbcc7d22d46c18991378aab705e0f73", "src/http/websocket.cj": "1eafd0d9f728592adea31d4397a8173c98d6ad3551ab4ed84d3b77623b787ba7", "src/http/websocket_handshake.cj": "db5d899be8d22022db1e7aed502ad36c3cc5e52d6dbae8dce53112f797276d59", "src/http_body.cj": "49b72ad2517213133eb693a190061050b655edb02df01eaa414db216c60fc4fe", "src/http_contract.cj": "39d7fe3885f50211393d9e03dc478b7370566bf7b7b3d3f20d0a5d3de3dc9259", "src/http_message.cj": "4033d25f42135e43f498f11d2b459512dcb7c45bce6e91efaa85b18a053e8ef1", "src/http_model.cj": "993ad73017a4da224b98f851e1e39d46fe6016502044b934f7ab191fb0da5a8c", "src/http_push.cj": "5dde5a1ff4cee87c947c1867e56fe0e7b9d2a38e2ca91a597f5a8deb4c2fc20f", "src/http_url.cj": "074cc811771e49030292b278252947af9f29476f67e9fd53f6a82ac473690955", "src/net/datagram_socket_core.cj": "007a873cf52ccc3587db5c1c58d8b69cbb991585b09085c0abc861ca647709ce", "src/net/dns_client.cj": "a63095f98489b93b83f76cebc878678391d338f9080e15cf2ea7277ff6562622", "src/net/dns_resolver.cj": "65b410bda4ed26d315848f68bdd70b432101153b12e3c5d6dcccd8bea14ec183", "src/net/dns_wire.cj": "08b6bfb5fb7b46502a2a897f44a251765947359408398bcb93442504de28bde0", "src/net/package.cj": "0d3e24838561ca302dea58edb365b6ee691db069878e1a22b4ec4c8b64627b77", "src/net/socket_options.cj": "a268a95b1ce57dd3c0c67f79f82e450f117d12b98a76848fd2e775e983b47dd4", "src/net/tcp_listener.cj": "77559ccaa15ff2b38d3cf4bd0e0ebb91b885844104287b06fadc331f36d363f8", "src/net/udp_socket.cj": "8ba007e60142163060d47a5c937521930a492da53acb51e75687477bd1a9c29a", "src/net/unix_datagram_socket.cj": "7447856c277d45d943087e3285fd0ade950cf7047fbf232052e1cd9d0a730511", "src/net/unix_listener.cj": "aa964800977f95ff67a6351a91c16d950324bbe0c50d7b01c5f1484f06e01967", "src/net/unix_stream.cj": "399aeac5d19f6457e2342fd7b1af3a76943f00db50a21c1474bed3b3141acb8b", "src/network_error.cj": "4e272f9b9887804f0de87ec032d442a69b49803da66bffa005b7f0282aadc5e5", "src/network_event.cj": "55d93c151752e76c80c441e4bfc639f7d6da77e89ed582bae2ba6a43cdcc3084", "src/operation_context.cj": "523a1c1efaab2f3e6ba0755386460ea504a2caa8ef1453a18134f950c6e1234d", "src/package.cj": "f9035aacfa24f06fe88eda3f16a5cbcf5dbf482b2d86776ea27e09e4861e93d7", "src/private_key_contract.cj": "cb03bb9badc0552c2ac66dbb6bf4842559b5ea17b2aa77284e817a78d63c6e84", "src/resolver.cj": "7b2129a0e3fd4be72ad2dd6adaf0053d5de23a08214157c931d38d7627154b23", "src/tls/facade.cj": "e7d4d1be6695abeb50c9ca8490817f2ef56b9a812f5be58cf9717ec4d3992077", "src/tls/identity.cj": "055c4232b9e44ff3cc768a09f023cd7a19174f5ce0d4dc263ca675af90660d19", "src/tls/package.cj": "5afa752de915ccff3866a81b9dbd0e6d3da1df01e1ecfa7180eb42709694d2b9", "src/tls_contract.cj": "1cbeb94013b9a2b946dd731b335554340862388feadf354162a2f2320bb6dac1", "src/transport.cj": "6781aa3bf538523e02c4807eebff7ac37a773e5dc9bdb427e6a56ace3a0b7033", "src/trust.cj": "f64b49d84a58e034e3976089211f7b645b42e5bc51dbc353f2e0bcec14d17aba"}, "status": "PASS", "targetCfg": {"arch": "x86_64", "env": "gnu", "os": "Linux"}, "taskId": "M7-033"}
The valid serial compilation order is:
    wirestack -> wirestack.internal -> wirestack.internal.identity -> wirestack.internal.platform -> wirestack.internal.platform.android -> wirestack.internal.platform.apple -> wirestack.internal.platform.harmony -> wirestack.internal.platform.linux -> wirestack.internal.platform.windows -> wirestack.internal.common -> wirestack.internal.http_files -> wirestack.internal.http_model -> wirestack.internal.transport -> wirestack.internal.trust -> wirestack.internal.http2 -> wirestack.internal.resolver -> wirestack.internal.tls_engine -> wirestack.internal.connector -> wirestack.tls -> wirestack.internal.http1 -> wirestack.internal.transport_stdnet -> wirestack.net -> wirestack.http
cjpm check success
cjpm build success
--------------------------------------------------------------------------------------------------
TP: wirestack.internal.http1, time elapsed: 981363066 ns, RESULT:
    TCS: HttpAutomaticHttpsClientTest, time elapsed: 5786855 ns, RESULT:
    [ PASSED ] CASE: h2NegotiationMultiplexesTenRequestsOnOneTlsConnection (2873792 ns)
    [ PASSED ] CASE: http11NegotiationFallsBackAndReusesTheAdoptedConnection (1527536 ns)
    TCS: Http1ChunkedCodecTest, time elapsed: 1859329 ns, RESULT:
    [ PASSED ] CASE: decoderStreamsDataExtensionsTrailersAndRemainder (77673 ns)
    [ PASSED ] CASE: decoderHandlesEveryBoundaryOneByteAtATime (56986 ns)
    [ PASSED ] CASE: encoderProducesCanonicalChunksAndBoundedTrailers (55228 ns)
    [ PASSED ] CASE: rejectsInvalidSizeExtensionAndTerminators (120299 ns)
    [ PASSED ] CASE: enforcesBodyChunkLineAndTrailerBounds (55604 ns)
    [ PASSED ] CASE: streamingResponseKeepsEachChunkBoundedWithoutALifetimeCeiling (134631 ns)
    [ PASSED ] CASE: rejectsForbiddenOrFoldedTrailers (97976 ns)
    [ PASSED ] CASE: eofAndPostCompletionUseFailClosedStates (65080 ns)
    [ PASSED ] CASE: decodeBatchesOwnDataAndRemainingBytes (54827 ns)
    TCS: Http1ClientConnectionTest, time elapsed: 24187554 ns, RESULT:
    [ PASSED ] CASE: expectContinueWaitsForApprovalBeforeOpeningBody (1309920 ns)
    [ PASSED ] CASE: finalRejectionBeforeContinueNeverOpensRequestBody (749836 ns)
    [ PASSED ] CASE: continueWaitTimeoutSendsBodyUnderTheOriginalBudget (19208057 ns)
    [ PASSED ] CASE: serializesRequestsUntilBodyEofThenReusesConnection (803498 ns)
    [ PASSED ] CASE: earlyBodyCloseClosesInsteadOfReturningConnectionForReuse (462780 ns)
    [ PASSED ] CASE: connectionCloseResponseIsNeverReusableAfterEof (523745 ns)
    TCS: Http1CleartextClientTest, time elapsed: 1776110 ns, RESULT:
    [ PASSED ] CASE: resolvesConnectsAndReusesOnlyAfterBodyCompletion (1343496 ns)
    [ PASSED ] CASE: rejectsHttpsBeforeDnsOrPoolMutation (122768 ns)
    TCS: Http1ConnectionPoolTest, time elapsed: 3932857 ns, RESULT:
    [ PASSED ] CASE: emitsSecretFreeAcquireAndReleaseLifecycle (476964 ns)
    [ PASSED ] CASE: reusesOnlyTheSameCompleteKey (739665 ns)
    [ PASSED ] CASE: enforcesTotalPerKeyIdleAndWaiterBounds (548935 ns)
    [ PASSED ] CASE: activeWaitHonorsCancellationAndReleasesWaiterSlot (400263 ns)
    [ PASSED ] CASE: evictsExpiredAndClosedConnectionsInsteadOfReusingThem (523470 ns)
    [ PASSED ] CASE: failedCreationRollsBackItsCapacityReservation (324539 ns)
    TCS: Http1HeadParserTest, time elapsed: 3893888 ns, RESULT:
    [ PASSED ] CASE: requestParsesIncrementallyAndReturnsBodyRemainder (275490 ns)
    [ PASSED ] CASE: oneFeedRetainsBytesAfterTheHead (135654 ns)
    [ PASSED ] CASE: responseParsesStatusReasonHeadersAndFraming (220231 ns)
    [ PASSED ] CASE: acceptsOriginAbsoluteAuthorityAndAsteriskFormsOnlyWhereValid (343411 ns)
    [ PASSED ] CASE: rejectsBareLfObsFoldAndInvalidHeaderSyntax (410608 ns)
    [ PASSED ] CASE: requiresOneValidHostAndMatchingAbsoluteAuthority (322272 ns)
    [ PASSED ] CASE: rejectsInvalidTargetVersionAndBoundViolations (206797 ns)
    [ PASSED ] CASE: completedParserCannotBeReused (151100 ns)
    TCS: Http2Streams1BenchmarkTest, time elapsed: 8723703 ns, RESULT:
    [ PASSED ] CASE: benchmarkOneConcurrentStream (8410170 ns)
    TCS: Http2Streams10BenchmarkTest, time elapsed: 45786451 ns, RESULT:
    [ PASSED ] CASE: benchmarkTenConcurrentStreams (45529213 ns)
    TCS: Http2Streams100BenchmarkTest, time elapsed: 508191339 ns, RESULT:
    [ PASSED ] CASE: benchmarkHundredConcurrentStreams (507916109 ns)
    TCS: Http1HundredConnectionBaselineTest, time elapsed: 38577108 ns, RESULT:
    [ PASSED ] CASE: benchmarkHundredConcurrentConnections (38248760 ns)
    TCS: Http2ConnectionPoolTest, time elapsed: 7418491 ns, RESULT:
    [ PASSED ] CASE: alpnPrefersH2AndFallsBackOnlyToHttp11 (45999 ns)
    [ PASSED ] CASE: oneConnectionIsSharedUntilPeerStreamCapacityIsFull (276519 ns)
    [ PASSED ] CASE: concurrentFirstUseDoesNotCreateAConnectionStampede (811284 ns)
    [ PASSED ] CASE: newConnectionIsPublishedOnlyAfterItsFirstStreamIsAdmitted (96297 ns)
    [ PASSED ] CASE: closeRacingUnpublishedAdmissionReleasesConnectionOwners (4238215 ns)
    [ PASSED ] CASE: completeSecurityKeyPreventsCrossContextReuse (159616 ns)
    [ PASSED ] CASE: drainingConnectionRetainsExistingStreamButReceivesNoNewLease (67159 ns)
    [ PASSED ] CASE: drainingConnectionWaitsForNonLocalOwnersBeforeDiscard (66906 ns)
    [ PASSED ] CASE: fullBoundedPoolHonorsOneCallerDeadline (105600 ns)
    [ PASSED ] CASE: poolCloseAbortsEverySharedConnectionExactlyOnce (87852 ns)
    TCS: Http1FramingTest, time elapsed: 1148737 ns, RESULT:
    [ PASSED ] CASE: requestUsesOneSharedEmptyLengthOrChunkedDecision (61725 ns)
    [ PASSED ] CASE: identicalContentLengthsAreAcceptedAcrossFieldsAndLists (35553 ns)
    [ PASSED ] CASE: conflictingOrInvalidContentLengthsAreRejected (98825 ns)
    [ PASSED ] CASE: contentLengthAndTransferEncodingNeverCoexist (36527 ns)
    [ PASSED ] CASE: ambiguousTransferEncodingIsRejected (92277 ns)
    [ PASSED ] CASE: responseHandlesHeadStatusesConnectAndCloseDelimiting (66475 ns)
    [ PASSED ] CASE: bodylessAndSuccessfulConnectResponsesRejectFramingFields (60842 ns)
    TCS: HttpConnectionPoolKeyTest, time elapsed: 370700 ns, RESULT:
    [ PASSED ] CASE: canonicalOriginProducesStableEqualityAndHash (15546 ns)
    [ PASSED ] CASE: everySecurityAndRouteDimensionPartitionsReuse (29255 ns)
    [ PASSED ] CASE: refusesIncompletePartitionIdentities (13939 ns)
    TCS: Http1ProxyClientPipelineTest, time elapsed: 5089417 ns, RESULT:
    [ PASSED ] CASE: dynamicConnectCredentialsNeverReuseAnAuthenticatedTunnel (2637172 ns)
    [ PASSED ] CASE: rejectedConnectDrainsClosesAndReturnsStructuredNonRetryableFailure (1777059 ns)
    TCS: Http1RequestWriterTest, time elapsed: 5230854 ns, RESULT:
    [ PASSED ] CASE: twoStageWriterDoesNotOpenBodyBeforeExplicitCommit (1321290 ns)
    [ PASSED ] CASE: writesFixedBodyThroughPartialTransportOperations (456540 ns)
    [ PASSED ] CASE: streamsUnknownLengthBodyAsCanonicalChunks (523038 ns)
    [ PASSED ] CASE: rejectsDeclaredMismatchBeforeWritingAnything (106379 ns)
    [ PASSED ] CASE: fixedBodyLimitRejectsBeforeConsumingOrCommittingRequest (123600 ns)
    [ PASSED ] CASE: prematureBodyEofRetainsPartialCommitEvidence (1080202 ns)
    [ PASSED ] CASE: emptyFramingProbesSourceInsteadOfDroppingUnexpectedBytes (145271 ns)
    TCS: Http1ResponseReaderTest, time elapsed: 9058704 ns, RESULT:
    [ PASSED ] CASE: explicitUpgradeTransfersOnlyAMatching101Protocol (766694 ns)
    [ PASSED ] CASE: mismatchedUpgradeResponseFailsClosed (510696 ns)
    [ PASSED ] CASE: explicitConnectTransfersBufferedTunnelBytesAndTransportOwnership (509163 ns)
    [ PASSED ] CASE: failedConnectRemainsAnHttpResponseAndClosesAfterBody (526026 ns)
    [ PASSED ] CASE: readsInterimAndFixedResponseWithoutBufferingTheBody (829945 ns)
    [ PASSED ] CASE: received4xxAnd5xxRemainHttpResponses (590797 ns)
    [ PASSED ] CASE: decodesChunkedResponseAndPublishesTrailerAtEof (371893 ns)
    [ PASSED ] CASE: closeDelimitedBodyCompletesOnlyAtTransportEof (934638 ns)
    [ PASSED ] CASE: chunkedStreamingResponseMayExceedThePerSegmentBodyBound (678731 ns)
    [ PASSED ] CASE: prematureFixedBodyEofAbandonsResponseExactlyOnce (1017088 ns)
    [ PASSED ] CASE: rejectsImplicitUpgradeAndConnectTransportTransfer (717270 ns)
    TCS: Http1SerializerTest, time elapsed: 2125080 ns, RESULT:
    [ PASSED ] CASE: clientRequestAddsHostAndUsesOriginForm (147011 ns)
    [ PASSED ] CASE: forwardProxyRequestUsesAbsoluteFormAndOriginHost (142659 ns)
    [ PASSED ] CASE: requestPreservesOrderedMultipleFieldsAndLengthFraming (128652 ns)
    [ PASSED ] CASE: requestRejectsMissingDuplicateOrMismatchedHost (121861 ns)
    [ PASSED ] CASE: responseSerializesStatusAndUsesSharedFraming (79254 ns)
    [ PASSED ] CASE: responseRejectsInjectionAndForbiddenBodyFraming (93118 ns)
    [ PASSED ] CASE: writerHandlesPartialTransportWritesUnderOneContext (181891 ns)
    [ PASSED ] CASE: serializedBytesAreDefensiveCopies (116978 ns)
    TCS: Http1ServerConnectionTest, time elapsed: 7825938 ns, RESULT:
    [ PASSED ] CASE: serializesTwoKeepAliveExchanges (2236655 ns)
    [ PASSED ] CASE: unreadRequestBodyForcesConnectionCloseAfterResponse (928856 ns)
    [ PASSED ] CASE: handlerFailureProducesBounded500AndCloses (739637 ns)
    [ PASSED ] CASE: rejectedHandoffReleasesSessionOwnershipExactlyOnce (1713649 ns)
    [ PASSED ] CASE: selectedUpgradeOfferTransfersBufferedSessionBytes (1165719 ns)
    TCS: Http1ServerRequestReaderTest, time elapsed: 11454169 ns, RESULT:
    [ PASSED ] CASE: streamsFixedRequestBodyWithoutReadingPastItsLength (807608 ns)
    [ PASSED ] CASE: rejectsOversizedFixedRequestBeforeReadingItsBody (838488 ns)
    [ PASSED ] CASE: decodesChunkedRequestAndPublishesTrailer (826400 ns)
    [ PASSED ] CASE: sendsContinueOnlyWhenHandlerStartsReadingTheBody (7055062 ns)
    [ PASSED ] CASE: rejectingWithoutReadingNeverSendsContinue (466759 ns)
    TCS: Http1ServerTest, time elapsed: 29330333 ns, RESULT:
    [ PASSED ] CASE: shutdownAbortsConnectionBlockedInsideTlsHandshake (9014766 ns)
    [ PASSED ] CASE: acceptSideTlsHookOwnsConnectionAndClosesAfterShutdown (701130 ns)
    [ PASSED ] CASE: gracefulShutdownStopsAcceptAfterCompletedConnection (636139 ns)
    [ PASSED ] CASE: expiredShutdownAbortsBlockedConnectionAndReturnsBoundedly (7738454 ns)
    [ PASSED ] CASE: connectionLimitPreventsSecondAcceptUntilCapacityReturns (9797201 ns)
    TCS: Http1ServerResponseWriterTest, time elapsed: 3596369 ns, RESULT:
    [ PASSED ] CASE: writesFixedResponseThroughPartialTransportOperations (378963 ns)
    [ PASSED ] CASE: streamsChunkedResponseAndTrailer (583977 ns)
    [ PASSED ] CASE: chunkedStreamingResponseMayExceedThePerSegmentBodyBound (925482 ns)
    [ PASSED ] CASE: headResponseNeverTransfersRepresentationBytes (116578 ns)
    [ PASSED ] CASE: closeDelimitedResponseRequiresConnectionClose (312900 ns)
    [ PASSED ] CASE: rejectsKnownLengthMismatchBeforeCommittingHead (122198 ns)
    TCS: Http1SmugglingCorpusTest, time elapsed: 87392178 ns, RESULT:
    [ PASSED ] CASE: clientAndServerFramingRejectTheSameAmbiguousHeaderCorpus (1814496 ns)
    [ PASSED ] CASE: identicalLengthsAndOneFinalChunkedCodingRemainUnambiguous (521129 ns)
    [ PASSED ] CASE: rejectsWhitespaceTargetAndProxyDifferentialCorpus (557507 ns)
    [ PASSED ] CASE: rejectsMalformedChunkAndTrailerCorpusAtInputOrEof (215040 ns)
    [ PASSED ] CASE: everyAcceptedSingleByteMutationHasACanonicalReparse (75553180 ns)
    [ PASSED ] CASE: chunkedMutationsHaveDeterministicBoundedTerminals (2760369 ns)
    [ PASSED ] CASE: validHeadParsesAtEveryTransportSplitBoundary (4670313 ns)
    TCS: Http1HttpsClientTest, time elapsed: 3035753 ns, RESULT:
    [ PASSED ] CASE: partitionsHandshakesAndReusesHttpsAfterBodyCompletion (1866374 ns)
    [ PASSED ] CASE: zeroLengthConnectionCloseDoesNotWaitForTlsPeerShutdown (810585 ns)
    TCS: Http1TlsServerTest, time elapsed: 162135659 ns, RESULT:
    [ PASSED ] CASE: alpnServerRejectsAClientWithNoSharedHttpProtocol (64062334 ns)
    [ PASSED ] CASE: automaticClientOffersH2FirstAndFallsBackToServerHttp11 (28845382 ns)
    [ PASSED ] CASE: requiredMutualTlsCarriesAuthenticatedHttp1Exchange (31591298 ns)
    [ PASSED ] CASE: realAwsLcHandshakeCarriesOneHttp1Exchange (36368272 ns)
Summary: TOTAL: 122
    PASSED: 119, SKIPPED: 3, ERROR: 0
    FAILED: 0
--------------------------------------------------------------------------------------------------
TP: wirestack.internal.platform.linux, time elapsed: 12723698 ns, RESULT:
    TCS: LinuxSystemTrustAdapterTest, time elapsed: 12723698 ns, RESULT:
    [ PASSED ] CASE: frozenSearchOrderCoversGlibcAndMuslLayouts (262048 ns)
    [ PASSED ] CASE: currentLinuxHostSelectsOneExplicitUsableSource (10446919 ns)
    [ PASSED ] CASE: missingCandidatesFailWithoutProviderDefaultFallback (46883 ns)
    [ PASSED ] CASE: directoryCandidateRequiresReadableHashedCertificateEntry (271216 ns)
    [ PASSED ] CASE: sourceIdentityChangesWhenSameSizeTrustContentChanges (282973 ns)
Summary: TOTAL: 5
    PASSED: 5, SKIPPED: 0, ERROR: 0
    FAILED: 0
--------------------------------------------------------------------------------------------------
TP: wirestack.tls, time elapsed: 118636657 ns, RESULT:
    TCS: PublicTlsFacadeTest, time elapsed: 86323443 ns, RESULT:
    [ PASSED ] CASE: clientBuilderRejectsReversedVersionRangeBeforeTransportIo (46340151 ns)
    [ PASSED ] CASE: serverBuilderRequiresAnIdentityBeforeTransportIo (10033648 ns)
    [ PASSED ] CASE: clientBuilderCopiesAlpnAndPublishesProviderNeutralCapabilities (9488151 ns)
    [ PASSED ] CASE: preCancelledHandshakeConsumesAndAbortsTheTransport (18300394 ns)
    TCS: TlsM8006ContractTest, time elapsed: 10806943 ns, RESULT:
    [ PASSED ] CASE: externalDecryptionRequestIsStrictlyRawRsaBoundedAndOwned (82307 ns)
    [ PASSED ] CASE: keyLogLineAcceptsOnlyBoundedNssShapeAndOwnsSecrets (72198 ns)
    [ PASSED ] CASE: clientContextRejectsExternalDecryptionBeforeHandshake (10006067 ns)
    TCS: TlsRuntimeTest, time elapsed: 21253160 ns, RESULT:
    [ PASSED ] CASE: reportsHandleFreeLinuxProviderAndBuildIdentity (10494567 ns)
    [ PASSED ] CASE: returnsDefensiveCopiesOfRuntimeInventories (10195999 ns)
Summary: TOTAL: 9
    PASSED: 9, SKIPPED: 0, ERROR: 0
    FAILED: 0
--------------------------------------------------------------------------------------------------
TP: wirestack.internal.transport, time elapsed: 212367276 ns, RESULT:
    TCS: ByteSpanTest, time elapsed: 2193872 ns, RESULT:
    [ PASSED ] CASE: defaultsCoverWholeArrayAndEmptyArray (249720 ns)
    [ PASSED ] CASE: sliceAndAdvanceKeepTheOriginalArray (33909 ns)
    [ PASSED ] CASE: mutableViewWritesThroughAndConvertsWithoutCopying (29401 ns)
    [ PASSED ] CASE: permitsBoundaryEmptyRanges (41713 ns)
    [ PASSED ] CASE: rejectsEveryOutOfRangeShape (171956 ns)
    TCS: CancellationTest, time elapsed: 47579306 ns, RESULT:
    [ PASSED ] CASE: cancelIsOneWayAndCallbacksRunExactlyOnce (170601 ns)
    [ PASSED ] CASE: unregisterIsIdempotentAndPreventsPendingCallback (21379 ns)
    [ PASSED ] CASE: alreadyCancelledRegistrationRunsSynchronouslyOnce (21745 ns)
    [ PASSED ] CASE: noneTokenRemainsUsableAndNotCancelled (14768 ns)
    [ PASSED ] CASE: oneFailingCallbackDoesNotBlockOtherWaiters (33023 ns)
    [ PASSED ] CASE: concurrentCancelClaimsEveryCallbackExactlyOnce (19560562 ns)
    [ PASSED ] CASE: registrationRacingCancellationStillRunsExactlyOnce (24347648 ns)
    [ PASSED ] CASE: unregisterRacingCancellationIsAtMostOnce (1822228 ns)
    [ PASSED ] CASE: callbackMayReenterCancellationAndRegistrationWithoutDeadlock (48136 ns)
    TCS: OperationCompletionTest, time elapsed: 33933329 ns, RESULT:
    [ PASSED ] CASE: completionCleansEveryResourceBeforeTheWinnerCallback (40872 ns)
    [ PASSED ] CASE: unregisterAndLateRegistrationHaveExplicitTerminalSemantics (30278 ns)
    [ PASSED ] CASE: cleanupCapacityIsPositiveAndHardBounded (63758 ns)
    [ PASSED ] CASE: cleanupFailuresAndReentrancyCannotBlockTerminalProgress (36448 ns)
    [ PASSED ] CASE: winnerExceptionDoesNotReopenTheCompletion (37530 ns)
    [ PASSED ] CASE: cleanupCountPropertyHoldsAcrossEveryConfiguredOccupancy (299508 ns)
    [ PASSED ] CASE: concurrentTerminalCallersHaveOneWinner (4202628 ns)
    [ PASSED ] CASE: registrationRacingCompletionIsAlwaysCleanedOnce (26359903 ns)
    [ PASSED ] CASE: unregisterRacingCompletionRunsCleanupAtMostOnce (1312762 ns)
    TCS: DeadlineTest, time elapsed: 831418 ns, RESULT:
    [ PASSED ] CASE: remainingUsesTheInjectedMonotonicClock (26855 ns)
    [ PASSED ] CASE: remainingClampsAtZeroAfterExpiry (20075 ns)
    [ PASSED ] CASE: childCanShortenButNeverExtendParent (29069 ns)
    [ PASSED ] CASE: zeroAndExpiredChildrenCannotExtendTheParent (14189 ns)
    [ PASSED ] CASE: rejectsNegativeDurations (34033 ns)
    TCS: TransportLifecycleTest, time elapsed: 5497369 ns, RESULT:
    [ PASSED ] CASE: connectingAndAcceptedPathsReachOpenOnlyInOrder (40370 ns)
    [ PASSED ] CASE: halfCloseIsDirectionalIdempotentAndConvergesOnClosing (80388 ns)
    [ PASSED ] CASE: gracefulCloseIsIdempotentAndCompletesOnlyFromClosing (22420 ns)
    [ PASSED ] CASE: abortAndFailReachEveryNonTerminalStateWithoutOverwritingTerminalEvidence (149562 ns)
    [ PASSED ] CASE: illegalTransitionsHaveStableCodesAndDoNotMutateState (289890 ns)
    [ PASSED ] CASE: closingAndTerminalStatesRejectDataOperationsWithClosedCode (131317 ns)
    [ PASSED ] CASE: operationClaimsAllowDuplexButRejectSameDirectionConcurrency (27718 ns)
    [ PASSED ] CASE: everyTerminalModeReleasesRegisteredResourcesExactlyOnce (32496 ns)
    [ PASSED ] CASE: racingTerminalTransitionsRetainOneWinnerAndOneCleanup (3400117 ns)
    [ PASSED ] CASE: terminalCleanupMayReenterAndItsRegistryRemainsBounded (32143 ns)
    TCS: M124TransportRaceTest, time elapsed: 39784307 ns, RESULT:
    [ PASSED ] CASE: readCloseReleasesBlockedOperationAndDrainsWaiter (9379927 ns)
    [ PASSED ] CASE: writeAbortReleasesBlockedOperationAndDrainsWaiter (10080476 ns)
    [ PASSED ] CASE: successAndCancelOrderingsCompleteOnceWithoutDataLeak (19401575 ns)
    TCS: MemoryTransportListenerTest, time elapsed: 50163378 ns, RESULT:
    [ PASSED ] CASE: rejectsInvalidListenerAndSchedulerBounds (40593 ns)
    [ PASSED ] CASE: listenerDeliversConnectionsInFifoOrderAndBoundsBacklog (111450 ns)
    [ PASSED ] CASE: schedulerDefersDeliveryAndReleasesFailedReservations (69921 ns)
    [ PASSED ] CASE: schedulerRunsMultipleConnectionsInStableFifoOrder (80514 ns)
    [ PASSED ] CASE: cancellationWakesAcceptWithoutClosingListener (8904132 ns)
    [ PASSED ] CASE: deadlineBoundsBlockedAcceptWithoutClosingListener (29896820 ns)
    [ PASSED ] CASE: closeWakesAcceptAndAbortsOwnedConnectionsIdempotently (9941170 ns)
    TCS: MemoryTransportTest, time elapsed: 2187136 ns, RESULT:
    [ PASSED ] CASE: pairTransfersPartialDataInBothDirections (51730 ns)
    [ PASSED ] CASE: emptyBuffersReturnZeroWithoutProducingEofOrPeerData (28111 ns)
    [ PASSED ] CASE: writeShutdownProducesPeerEofAfterBufferedData (34342 ns)
    [ PASSED ] CASE: readShutdownMakesPeerWritesFailAsBrokenPipe (50279 ns)
    [ PASSED ] CASE: cancelledBeforeOperationHasNoDataSideEffect (41813 ns)
    [ PASSED ] CASE: closeAndAbortAreIdempotentAndTerminal (40808 ns)
    [ PASSED ] CASE: cancellationWakesABlockedRead (58491 ns)
    [ PASSED ] CASE: closeWakesABlockedLocalRead (63349 ns)
    [ PASSED ] CASE: writeShutdownWakesABlockedLocalWrite (48201 ns)
    [ PASSED ] CASE: boundedBackpressureResumesAfterPeerReads (146742 ns)
    [ PASSED ] CASE: expiredDeadlineFailsBeforeAnyWrite (35788 ns)
    TCS: NetworkErrorTest, time elapsed: 741869 ns, RESULT:
    [ PASSED ] CASE: retainsStableClassificationAndEndpointEvidence (37877 ns)
    [ PASSED ] CASE: retainsLocalEndpointCauseAndOptionalDefaults (31996 ns)
    [ PASSED ] CASE: caughtErrorRetainsUnixEndpointBytesNativeCodeAndCause (35807 ns)
    [ PASSED ] CASE: pathnameRejectsNulWhileAbstractRetainsIt (26298 ns)
    TCS: OperationContextTest, time elapsed: 1097035 ns, RESULT:
    [ PASSED ] CASE: backgroundHasNoDeadlineCancellationOrTrace (14779 ns)
    [ PASSED ] CASE: derivedContextsRetainEventSinkAndSinkFailuresAreIsolated (46116 ns)
    [ PASSED ] CASE: derivedContextRetainsCancellationAndTrace (22938 ns)
    [ PASSED ] CASE: derivationHelpersChangeOnlyTheirNamedField (47017 ns)
    [ PASSED ] CASE: earlierDeadlineCannotBeExtended (29520 ns)
    [ PASSED ] CASE: traceIdentifiersAreBoundedAndNonEmpty (54442 ns)
    TCS: ScriptedTransportTest, time elapsed: 25609030 ns, RESULT:
    [ PASSED ] CASE: rejectsUnboundedOrInvalidScripts (121751 ns)
    [ PASSED ] CASE: shortReadAndWriteStepsAreConsumedInOrder (97638 ns)
    [ PASSED ] CASE: emptyIoDoesNotConsumeScriptAndEofIsExplicit (52170 ns)
    [ PASSED ] CASE: resetTerminatesTransportAtInjectedPhase (76972 ns)
    [ PASSED ] CASE: failurePreservesCoordinatesWithoutTerminatingTransport (66606 ns)
    [ PASSED ] CASE: virtualWaiterReleasesBlockedOperationsInFifoOrder (14053214 ns)
    [ PASSED ] CASE: cancellationWinsAReleaseRaceAndCleansWaiter (9803207 ns)
    TCS: TransportHelperTest, time elapsed: 1452144 ns, RESULT:
    [ PASSED ] CASE: writeAllHandlesPartialWritesAndEmptyInput (36422 ns)
    [ PASSED ] CASE: readExactHandlesPartialReads (24785 ns)
    [ PASSED ] CASE: readExactClassifiesPrematureEof (32216 ns)
    [ PASSED ] CASE: emptyHelpersDoNotCallTransport (17158 ns)
    [ PASSED ] CASE: invalidProgressFailsOnceWithoutSpinning (78763 ns)
    [ PASSED ] CASE: cancellationAfterPartialProgressPropagatesWithoutRestart (59336 ns)
    [ PASSED ] CASE: absoluteDeadlineExpiresAcrossPartialRetries (49937 ns)
Summary: TOTAL: 83
    PASSED: 83, SKIPPED: 0, ERROR: 0
    FAILED: 0
--------------------------------------------------------------------------------------------------
TP: wirestack.internal.resolver, time elapsed: 41476001 ns, RESULT:
    TCS: M2006AppleSystemResolverTest, time elapsed: 12180014 ns, RESULT:
    [ PASSED ] CASE: resolvesLocalhostThroughTheProviderNeutralContract (9365296 ns)
    [ PASSED ] CASE: fixtureReturnsAllCandidatesWithoutInventingTtl (41008 ns)
    [ PASSED ] CASE: fixtureAppliesFamilyAndResultBounds (25522 ns)
    [ PASSED ] CASE: fixtureMapsPosixFailuresAndUnknownCodes (28193 ns)
    [ PASSED ] CASE: fixtureCancellationAndDeadlineReturnBeforeNativeCleanup (29229 ns)
    [ PASSED ] CASE: newResolutionObservesNetworkGenerationChange (23774 ns)
    [ PASSED ] CASE: validatesBoundsAndRejectsUseAfterClose (164626 ns)
    [ PASSED ] CASE: fixtureBoundsAdmissionAndReleasesQueuedWorkAfterClose (31084 ns)
    TCS: M2003BoundedResolverBackendTest, time elapsed: 18882426 ns, RESULT:
    [ PASSED ] CASE: resolvesLocalhostWithBoundedMetricsAndIdempotentClose (7387043 ns)
    [ PASSED ] CASE: appliesIpv4FamilyAndRejectsUseAfterClose (9673978 ns)
    [ PASSED ] CASE: validatesPoolBounds (48105 ns)
    [ PASSED ] CASE: nativeFamilyValidationFailsClosedAndPollingBackoffIsBounded (44407 ns)
    [ PASSED ] CASE: preCancelledContextDoesNotSubmitNativeWork (160934 ns)
    [ PASSED ] CASE: delayedNativeWorkDoesNotStarveCangjieHeartbeat (18663 ns)
    [ PASSED ] CASE: cancellationCompletesPromptlyWhileNativeJobCleansUp (13100 ns)
    [ PASSED ] CASE: deadlineCompletesPromptlyWhileNativeJobCleansUp (14897 ns)
    [ PASSED ] CASE: queueAdmissionIsStrictlyBounded (12884 ns)
    TCS: ResolverContractTest, time elapsed: 829987 ns, RESULT:
    [ PASSED ] CASE: resultOwnsDeduplicatedAddressesAndDoesNotInventTtl (59296 ns)
    [ PASSED ] CASE: staticResolverFiltersFamiliesAndHonorsPreCancellation (101348 ns)
    [ PASSED ] CASE: rejectsEmptyFamilyResultAndInvalidLimits (59965 ns)
    TCS: M2002ResolverPublicContractTest, time elapsed: 1050764 ns, RESULT:
    [ PASSED ] CASE: resultOwnsAllTypedCandidatesWithoutInventingTtl (83339 ns)
    [ PASSED ] CASE: staticResolverAppliesFamilyAndResultBounds (53054 ns)
    [ PASSED ] CASE: errorsRetainStablePublicCoordinates (50415 ns)
    [ PASSED ] CASE: cancellationAndDeadlineRemainDistinct (52677 ns)
    [ PASSED ] CASE: constructorsRejectInvalidBoundsAndDiagnostics (38763 ns)
    TCS: M2004WindowsSystemResolverTest, time elapsed: 8006024 ns, RESULT:
    [ PASSED ] CASE: resolvesLocalhostThroughTheProviderNeutralContract (6400698 ns)
    [ PASSED ] CASE: fixtureReturnsAllCandidatesWithoutInventingTtl (35788 ns)
    [ PASSED ] CASE: fixtureAppliesFamilyAndResultBounds (29413 ns)
    [ PASSED ] CASE: fixtureMapsWinsockFailuresAndUnknownCodes (21441 ns)
    [ PASSED ] CASE: fixtureCancellationAndDeadlineReturnBeforeNativeCleanup (21719 ns)
    [ PASSED ] CASE: validatesBoundsAndRejectsUseAfterClose (273344 ns)
Summary: TOTAL: 31
    PASSED: 31, SKIPPED: 0, ERROR: 0
    FAILED: 0
--------------------------------------------------------------------------------------------------
TP: wirestack.internal.tls_engine, time elapsed: 34535115814 ns, RESULT:
    TCS: TlsConnectionTest, time elapsed: 110393410 ns, RESULT:
    [ PASSED ] CASE: handshakeTransfersOwnershipAndPlaintextIoUsesTheEngine (1295692 ns)
    [ PASSED ] CASE: oneReadAndOneWriteMayOverlapButSecondReadFailsImmediately (2156537 ns)
    [ PASSED ] CASE: handshakeFailureAbortsTransportAndReleasesEngineExactlyOnce (230704 ns)
    [ PASSED ] CASE: expiredHandshakeDeadlineStillConsumesAndAbortsBothInputs (178626 ns)
    [ PASSED ] CASE: ioFailureAbortsAndRepeatedTerminalCallsDoNotReleaseTwice (773522 ns)
    [ PASSED ] CASE: unsupportedHalfCloseDoesNotMutateAnOpenConnection (222696 ns)
    [ PASSED ] CASE: concurrentCloseAndAbortReleaseUnderlyingResourcesOnce (8951617 ns)
    [ PASSED ] CASE: gracefulCloseSendsAndProcessesCloseNotifyBeforeReleasingResources (154752 ns)
    [ PASSED ] CASE: tcpEofDuringGracefulCloseRetainsTruncationAndStillReleasesEverything (159449 ns)
    [ PASSED ] CASE: expiredCloseBudgetStillClosesTransportAndReleasesEngine (162461 ns)
    [ PASSED ] CASE: abortNeverAttemptsTlsShutdownAndRetainsLocalAbortEvidence (75869 ns)
    [ PASSED ] CASE: cancelledCloseReleasesEngineWhenImmediateAbortCallbackThrows (206663 ns)
    [ PASSED ] CASE: tcpEofDuringApplicationReadRetainsTruncationBeforeAbort (569573 ns)
    [ PASSED ] CASE: peerCloseNotifyProducesEofEvidenceAndRejectsNewApplicationWrites (641117 ns)
    [ PASSED ] CASE: closeDeadlineExpiresWhileAnExistingBackgroundReadOwnsPumpAdmission (30052390 ns)
    [ PASSED ] CASE: closeCancellationInterruptsAnExistingBackgroundReadWithinTheBound (1236137 ns)
    [ PASSED ] CASE: closeCancellationDoesNotWaitBehindAnExistingCiphertextWrite (687345 ns)
    [ PASSED ] CASE: peerWaitingGracefulCloseStaysBoundedByTheCallerBudget (57503161 ns)
    [ PASSED ] CASE: peerWaitingGracefulCloseCompletesWithinItsBudget (156696 ns)
    TCS: Net06TlsTransportCleanupGateTest, time elapsed: 1747150 ns, RESULT:
    [ PASSED ] CASE: failedHandshakesDisposeEngineAndTransportExactlyOnce (1490016 ns)
    TCS: TlsContextTest, time elapsed: 4444266 ns, RESULT:
    [ PASSED ] CASE: linuxCapabilitiesAreExplicitAndNeverInferredFromProviderNames (43909 ns)
    [ PASSED ] CASE: defaultSystemTrustFailsAtBuildUntilLinuxAdapterIsAvailable (200627 ns)
    [ PASSED ] CASE: modernClientContextIsImmutableAndConcurrentShareable (380910 ns)
    [ PASSED ] CASE: strictTls13RejectsAnyTls12Override (143290 ns)
    [ PASSED ] CASE: missingTls13AndHttp2CapabilitiesFailBeforeHandshake (146284 ns)
    [ PASSED ] CASE: alpnRejectsEmptyAndDuplicateProtocolNames (410332 ns)
    [ PASSED ] CASE: serverRequiresServerIdentityAndMtlSTrustAtBuildTime (1051585 ns)
    [ PASSED ] CASE: clientIdentityCapabilityIsValidatedAtBuildTime (807499 ns)
    TCS: TlsEnginePumpTest, time elapsed: 335940629 ns, RESULT:
    [ PASSED ] CASE: awsLcClientEngineProducesAClientHelloWithoutSocketIo (34971208 ns)
    [ PASSED ] CASE: strictTls13PolicyIsAcceptedByTheNativeEngine (246091 ns)
    [ PASSED ] CASE: LinuxSystemTrustLoadsExplicitlyAndSniStaysSeparateFromReferenceIdentity (17656639 ns)
    [ PASSED ] CASE: customRootChainIsLoadedIntoARealAwsLcClientEngine (486077 ns)
    [ PASSED ] CASE: spkiPinPolicyConfiguresTheNativeVerificationPathBeforeHandshake (265505 ns)
    [ PASSED ] CASE: matchingSpkiPinCompletesARealClientServerHandshake (13581178 ns)
    [ PASSED ] CASE: matchingSpkiPinDoesNotBypassReferenceIdentityVerification (10552145 ns)
    [ PASSED ] CASE: realAwsLcEnginesExchangeCloseNotifyInBothDirections (12297406 ns)
    [ PASSED ] CASE: handshakeInfoReportsNegotiatedAlpnPeerChainAndVerificationEvidence (13270542 ns)
    [ PASSED ] CASE: tls13TicketResumesAcrossFreshEnginesWithoutEarlyData (15050439 ns)
    [ PASSED ] CASE: tls12TicketResumesAcrossFreshEngines (14449781 ns)
    [ PASSED ] CASE: sniSelectsTheCompleteImmutableContextAndItsCertificate (14732255 ns)
    [ PASSED ] CASE: sniSelectorRejectsMissingAndUnknownNamesWithStableEvidence (20723155 ns)
    [ PASSED ] CASE: noSharedAlpnFailsTheHandshakeInsteadOfSilentlySelectingNothing (8458926 ns)
    [ PASSED ] CASE: requiredMutualTlsUsesClientIdentityAndReturnsServerVerificationEvidence (13887154 ns)
    [ PASSED ] CASE: requiredMutualTlsRejectsMissingClientIdentityButOptionalAllowsIt (15237089 ns)
    [ PASSED ] CASE: mismatchedSpkiPinFailsARealClientServerHandshake (11237444 ns)
    [ PASSED ] CASE: externalSignerCompletesARealHandshakeOutsideTheNativeCallback (32771768 ns)
    [ PASSED ] CASE: externalSignerExceptionFailsClosedWithoutCrossingTheCAbi (12259069 ns)
    [ PASSED ] CASE: cancellationBeforeSignerInvocationFailsThePendingNativeOperation (11827669 ns)
    [ PASSED ] CASE: tls12ContextVersionsPartitionRealClientAndServerSessions (24403024 ns)
    [ PASSED ] CASE: tls13ContextVersionsPartitionRealClientAndServerTickets (28955548 ns)
    [ PASSED ] CASE: pumpHandlesWantReadWriteAndPartialIoWithBoundedBuffers (248588 ns)
    [ PASSED ] CASE: wantWriteWithoutCiphertextFailsInsteadOfSpinning (290728 ns)
    [ PASSED ] CASE: eofDuringWantReadRetainsTlsHandshakeEvidence (259799 ns)
    [ PASSED ] CASE: preCancellationStopsBeforeCallingProviderOrTransport (241192 ns)
    [ PASSED ] CASE: expiredDeadlineStopsBeforeCallingProviderOrTransport (68860 ns)
    TCS: LocalIdentityTest, time elapsed: 6084148 ns, RESULT:
    [ PASSED ] CASE: pkcs8InputIsExactBoundedAndZeroizable (656519 ns)
    [ PASSED ] CASE: pkcs8FileAdapterReadsOneBoundedRegularFile (591605 ns)
    [ PASSED ] CASE: localIdentityValidatesLeafKeyMatchAndHasStablePublicIdentity (1793938 ns)
    [ PASSED ] CASE: mismatchedCertificateAndPrivateKeyFailAtIdentityBuild (991892 ns)
    [ PASSED ] CASE: externalSignerAndSystemHandleShareOneOpaqueKeyContract (417092 ns)
    [ PASSED ] CASE: duplicateSignerAlgorithmsAndMismatchedSpkiFailAtBuild (561116 ns)
    TCS: M3028TlsFuzzTest, time elapsed: 34073105069 ns, RESULT:
    [ PASSED ] CASE: recordMutationsHaveDeterministicTypedTerminals (11680158211 ns)
    [ PASSED ] CASE: handshakeMutationsHaveDeterministicTypedTerminals (14163187464 ns)
    [ PASSED ] CASE: certificateAdapterMutationsHaveDeterministicTypedTerminals (8228638750 ns)
    TCS: TlsM8006ContextTest, time elapsed: 1488275 ns, RESULT:
    [ PASSED ] CASE: sessionPartitionsRetainOnlyTheMatchingContextVersion (32881 ns)
    [ PASSED ] CASE: decryptorRequiresProviderCapabilityAndRsaExternalIdentity (1033439 ns)
    [ PASSED ] CASE: keyLogSinkRequiresExplicitProviderCapability (50098 ns)
    TCS: TlsProviderSubstitutionTest, time elapsed: 776245 ns, RESULT:
    [ PASSED ] CASE: testProviderUsesTheProductionFactoryContract (221990 ns)
    [ PASSED ] CASE: objectsFromDifferentProviderInstancesCannotMix (212830 ns)
    [ PASSED ] CASE: activeEngineRetainsProviderUntilItCloses (16111 ns)
    TCS: TlsSessionStoreTest, time elapsed: 288959 ns, RESULT:
    [ PASSED ] CASE: boundedLruExpiryAndSingleUseAreDeterministic (24136 ns)
    [ PASSED ] CASE: everySecurityPartitionDimensionPreventsReuse (41628 ns)
Summary: TOTAL: 72
    PASSED: 72, SKIPPED: 0, ERROR: 0
    FAILED: 0
--------------------------------------------------------------------------------------------------
TP: wirestack.net, time elapsed: 1614534444 ns, RESULT:
    TCS: DnsClientWireTest, time elapsed: 977199402 ns, RESULT:
    [ PASSED ] CASE: publicQueryAndLookupUseRealUdpAndRetainAbsoluteCacheExpiry (4431624 ns)
    [ PASSED ] CASE: publicQueryEncodesEveryModeledRecordType (13166382 ns)
    [ PASSED ] CASE: wrongSourceIdAndQuestionAreIgnoredBeforeValidUdpResponse (1881215 ns)
    [ PASSED ] CASE: validatedTruncationFallsBackToExactTcpFrame (2049747 ns)
    [ PASSED ] CASE: activeCancellationRetainsNameserverWithoutRetry (60735081 ns)
    [ PASSED ] CASE: silentDnsAttemptsLeaveBudgetForServerAndPassFailover (504357021 ns)
    [ PASSED ] CASE: exhaustedResponseCodesRetainTheLastRespondingNameserver (2585228 ns)
    [ PASSED ] CASE: unsupportedResponseCodeRetainsRespondingNameserver (1021243 ns)
    [ PASSED ] CASE: dnsTransportFailuresRetainSelectedNameserver (252816528 ns)
    [ PASSED ] CASE: tcpResponseCannotRemainTruncated (3037699 ns)
    [ PASSED ] CASE: malformedMatchingResponseAndUnrelatedSectionsCannotPoisonCache (5529419 ns)
    [ PASSED ] CASE: cnameTraversalUsesAnswerOwnersAndRejectsConflictingTargets (1965246 ns)
    [ PASSED ] CASE: fullResultCapacityDoesNotQueryAnotherFamily (60496579 ns)
    [ PASSED ] CASE: rfc2308CacheRetainsNxdomainVersusNodataWithoutNewPackets (3069722 ns)
    [ PASSED ] CASE: zeroTtlNeverCreatesAPositiveCacheEntry (2309482 ns)
    [ PASSED ] CASE: callerCancellationAndClientCloseWakeActiveNativeReceive (3183411 ns)
    [ PASSED ] CASE: anyFamilyRetainsAddressesWhenTheOtherFamilyFails (11375981 ns)
    [ PASSED ] CASE: crossFamilyConflictsRetainTheLivePeerAlongsideCachedResults (4251042 ns)
    [ PASSED ] CASE: nxdomainInvalidatesVisitedTargetsAndOtherCachedAliases (19053619 ns)
    [ PASSED ] CASE: everyNxdomainInvalidatesPreviouslyCachedAddresses (7349413 ns)
    [ PASSED ] CASE: noncacheableNxdomainStopsOtherFamilyQueries (2106441 ns)
    [ PASSED ] CASE: nameWideNegativeOverridesEarlierFamilyFailure (3322210 ns)
    [ PASSED ] CASE: boundedAdmissionRejectsExcessAndCloseWakesQueuedCallers (1002004 ns)
    TCS: DnsResolverPolicyTest, time elapsed: 294714792 ns, RESULT:
    [ PASSED ] CASE: fromSystemParsesTabsCommentsLastSearchAndClampedNdots (336734 ns)
    [ PASSED ] CASE: directConfigRejectsUnsupportedNameserverZonesBeforeQueries (47977 ns)
    [ PASSED ] CASE: numericNameserverZonesUseCanonicalEndpointIdentity (64250 ns)
    [ PASSED ] CASE: systemNameserversRetainOnlySupportedNumericZones (462534 ns)
    [ PASSED ] CASE: equivalentNameserverScopesDoNotConsumeTheServerLimit (227444 ns)
    [ PASSED ] CASE: configOwnsInputArraysAndReturnsDefensiveCopies (54955 ns)
    [ PASSED ] CASE: adoptedClientRequiresMatchingConfigurationWithoutTakingRejectedOwnership (270674 ns)
    [ PASSED ] CASE: systemFilesFailClosedWhenMissingOversizedOrNonregular (18951019 ns)
    [ PASSED ] CASE: ipv4LiteralsBypassHostsSearchAndNameservers (60602656 ns)
    [ PASSED ] CASE: hostsSnapshotRetainsOnlyUsableIpv6Zones (609916 ns)
    [ PASSED ] CASE: hostsAliasesFilterFamiliesAndRemainSnapshotted (1169044 ns)
    [ PASSED ] CASE: trailingRootSkipsSearchWhileNdotsSelectsSearchOrAbsoluteFirst (6391240 ns)
    [ PASSED ] CASE: exactHostsEntryWinsBeforeSearchSuffixDns (200621736 ns)
    [ PASSED ] CASE: cancelledExpiredAndClosedCallsRetainPublicResolveClassifications (358548 ns)
    [ PASSED ] CASE: connectUsesHostsMappingForANativeListenerExchange (688540 ns)
    [ PASSED ] CASE: resolverConnectCarriesOneAbsoluteDeadlineIntoNativeTcpAdmission (596185 ns)
    TCS: DnsWireParserTest, time elapsed: 29919811 ns, RESULT:
    [ PASSED ] CASE: decodesCompressedTargetsBinaryTxtSoaAndUnknownData (134849 ns)
    [ PASSED ] CASE: recordOrderMakesAnswerAuthorityAndAdditionalBoundariesExplicit (53437 ns)
    [ PASSED ] CASE: summariesAndRecordsOwnParserAndConstructorInputs (44404 ns)
    [ PASSED ] CASE: publicSummaryRejectsCountsBeyondWireAndCombinedRecordBounds (26563963 ns)
    [ PASSED ] CASE: parserPreservesQuestionIdentityAndRejectsIncompleteRecords (131298 ns)
    [ PASSED ] CASE: asciiNameProfileRejectsAmbiguousLabels (218606 ns)
    [ PASSED ] CASE: compressionLoopsForwardPointersAndOutOfRangePointersAreRejected (106103 ns)
    [ PASSED ] CASE: expandedNameAndSectionCountsRespectConfiguredBounds (109864 ns)
    [ PASSED ] CASE: completeParserRejectsTrailingAndTruncatedSectionBytes (67707 ns)
    [ PASSED ] CASE: typedRdataLengthsAndTxtSegmentsAreExact (79045 ns)
    [ PASSED ] CASE: compressedRdataNamesCannotConsumeNeighboringRecordBytes (88952 ns)
    [ PASSED ] CASE: srvTargetCompressionIsRejectedEvenWhenPointerIsInBounds (35412 ns)
    [ PASSED ] CASE: summaryConstructorRejectsSectionMetadataThatCouldBlurBoundaries (18203 ns)
    [ PASSED ] CASE: additionalOwnerMayReferenceAuthorityNameserverTarget (55777 ns)
    [ PASSED ] CASE: additionalOwnerMayReferenceSecondLegacyMailboxName (67868 ns)
    TCS: DnsWireFuzzTest, time elapsed: 140477075 ns, RESULT:
    [ PASSED ] CASE: wireMutationsRejectMalformedMessagesOrRetainOwnedSections (140242151 ns)
    TCS: M8002TcpListenerTest, time elapsed: 60480568 ns, RESULT:
    [ PASSED ] CASE: bindRejectsInvalidBacklogAndStoppedContextsWithStructuredErrors (79345 ns)
    [ PASSED ] CASE: bindFailureRetainsPublicCoordinatesAndCause (203968 ns)
    [ PASSED ] CASE: cancelledAndExpiredAcceptsLeaveListenerReusable (28501133 ns)
    [ PASSED ] CASE: acceptedStreamTransfersExactDataInBothDirections (227945 ns)
    [ PASSED ] CASE: overlappingAcceptIsRejectedWithoutCreatingAPendingQueue (29906215 ns)
    [ PASSED ] CASE: stoppedCloseAdmissionHasNoNativeEffectAndListenerRemainsUsable (237462 ns)
    [ PASSED ] CASE: gracefulAndAbortTerminalOwnersAreStableAndWakeAccept (154960 ns)
    TCS: M8002UdpSocketTest, time elapsed: 32457682 ns, RESULT:
    [ PASSED ] CASE: capabilitiesReflectQualifiedBroadcastAndMembershipOperations (57084 ns)
    [ PASSED ] CASE: datagramBoundariesAndOwnedPayloadSurviveScratchReuse (152541 ns)
    [ PASSED ] CASE: exactCapacityAndTruncationDiscardOnlyTheCurrentDatagramTail (122277 ns)
    [ PASSED ] CASE: connectedSocketSelectsNativePeerAndFiltersOtherSenders (180326 ns)
    [ PASSED ] CASE: invalidAndUnsupportedInputsLeaveSocketReusable (846490 ns)
    [ PASSED ] CASE: cancellationDeadlineCloseAndAbortRetainDistinctState (30317542 ns)
    TCS: M8007TlsDeadlineCleanupTest, time elapsed: 31990608 ns, RESULT:
    [ PASSED ] CASE: closeDeadlineReleasesAnExistingNativeTcpReadWithoutPeerAssistance (31720294 ns)
    TCS: M9002SocketOptionTest, time elapsed: 3640667 ns, RESULT:
    [ PASSED ] CASE: udpReadsEffectiveBuffersAndAppliesIpv4Controls (264542 ns)
    [ PASSED ] CASE: ipv6ControlsRejectIpv4OptionsAndPostBindMutation (187277 ns)
    [ PASSED ] CASE: wholeListValidationPrecedesAnyMutation (141563 ns)
    [ PASSED ] CASE: nativeFailureRetainsEarlierEffectsAndSkipsLaterOptions (165963 ns)
    [ PASSED ] CASE: cancelledControlDoesNotAbortHealthySocket (124129 ns)
    [ PASSED ] CASE: acceptedOptionsOverrideDefaultsBeforePublication (258344 ns)
    [ PASSED ] CASE: reusePortAllowsTwoNativeListeners (141932 ns)
    [ PASSED ] CASE: bufferExtremesAreClampedAndInvalidDomainsDoNotMutate (124535 ns)
    [ PASSED ] CASE: optionKindsRejectWrongTargetsFamiliesAndCreationStages (692401 ns)
    [ PASSED ] CASE: ipv6OnlyChangesRealDualStackBindBehavior (214273 ns)
    TCS: M9003UdpLifecycleTest, time elapsed: 882063 ns, RESULT:
    [ PASSED ] CASE: disconnectRetainsBindAndRestoresExplicitSendTo (223042 ns)
    [ PASSED ] CASE: cancelledDisconnectDoesNotChangeTheSelectedPeer (92078 ns)
    [ PASSED ] CASE: multicastMembershipIsFamilyCheckedKeyedAndBounded (231841 ns)
    TCS: NetworkFoundationContractTest, time elapsed: 41701205 ns, RESULT:
    [ PASSED ] CASE: unixEndpointFormsAreDistinctAndOwned (13201 ns)
    [ PASSED ] CASE: unixEndpointRejectsUnboundedNames (28412 ns)
    [ PASSED ] CASE: rawSocketCapabilityBoundaryRequiresDomainSpecificProtocol (51858 ns)
    [ PASSED ] CASE: cancelledConnectFailsBeforeSocketCreation (40465 ns)
    [ PASSED ] CASE: tcpStreamCancellationDistinguishesUntouchedFromAbortedDelegate (81061 ns)
    [ PASSED ] CASE: tcpStreamGracefulCloseIsRetainedAndIdempotent (23101 ns)
    [ PASSED ] CASE: tcpStreamTerminalCloseSkipsStoppedContextsAndCallerClock (84310 ns)
    [ PASSED ] CASE: tcpStreamNonterminalStoppedCloseAdmissionStillRejects (106606 ns)
    [ PASSED ] CASE: tcpStreamCloseNormalizesContextFailureWithoutTakingOwnership (82883 ns)
    [ PASSED ] CASE: tcpStreamAbortRetainsItsCauseAndConnectionFacts (145003 ns)
    [ PASSED ] CASE: tcpStreamDirectionalShutdownPublishesOnlySuccessfulTransitions (140138 ns)
    [ PASSED ] CASE: tcpStreamReadShutdownRejectsEveryReadPathWithoutLosingWrites (100989 ns)
    [ PASSED ] CASE: tcpStreamWriteShutdownRejectsEveryWritePathWithoutLosingReads (107908 ns)
    [ PASSED ] CASE: tcpStreamEmptyOperationsRemainImmediateAfterDirectionalShutdown (35221 ns)
    [ PASSED ] CASE: tcpStreamReadExactAddsCapturedEndpointsToUnexpectedEof (52075 ns)
    [ PASSED ] CASE: tcpStreamReadKeepsPeerEofGraceful (33353 ns)
    [ PASSED ] CASE: tcpStreamReadExactMergesCapturedAndStructuredEndpointMetadata (64163 ns)
    [ PASSED ] CASE: tcpStreamIoConflictsRetainCapturedEndpointsWithoutClosing (177530 ns)
    [ PASSED ] CASE: tcpStreamDirectionalShutdownDoesNotPromoteWokenIoToFailure (139853 ns)
    [ PASSED ] CASE: tcpStreamFinalShutdownRemainsGracefulWhenItWakesIo (53700 ns)
    [ PASSED ] CASE: tcpStreamFailuresRetainOriginalErrorAndReleaseDelegate (141425 ns)
    [ PASSED ] CASE: tcpStreamRetainsNativeCancellationOwnership (1355251 ns)
    [ PASSED ] CASE: tcpStreamNormalizesUnexpectedDelegateFailures (231081 ns)
    [ PASSED ] CASE: tcpStreamPrecancelledIoCannotClaimAnotherClosesOwnership (140543 ns)
    [ PASSED ] CASE: tcpStreamCancellationOwnershipSurvivesOtherObservers (107512 ns)
    [ PASSED ] CASE: tcpStreamAbortCannotRelabelClaimedGracefulNativeClose (34913 ns)
    [ PASSED ] CASE: tcpStreamAbortOwnershipSurvivesCompetingIoAndLateCloseFailure (65927 ns)
    [ PASSED ] CASE: tcpStreamCancellationBoundsCloseWaitAndLateSuccessRemainsGraceful (82145 ns)
    [ PASSED ] CASE: tcpStreamJoiningBackgroundCloseWaitsForCompletion (28532345 ns)
    [ PASSED ] CASE: tcpStreamDeadlineBoundsCloseWaitAndLateSuccessRemainsGraceful (86423 ns)
    [ PASSED ] CASE: tcpStreamLateCloseFailurePublishesFailedWithoutReplacingCallerCancellation (88882 ns)
    [ PASSED ] CASE: tcpStreamAbortRemainsTerminalWhenDetachedCloseFailsLate (107290 ns)
    [ PASSED ] CASE: tcpStreamCloseKeepsGracefulCauseWhenItWakesARead (56012 ns)
    [ PASSED ] CASE: unsafeOptionValueIsBoundedAndOwnedWithoutApplyingIt (185990 ns)
    [ PASSED ] CASE: datagramResultEnforcesTheIpv4PayloadBound (3288748 ns)
    [ PASSED ] CASE: datagramResultSurvivesReceiveBufferReuse (25573 ns)
Summary: TOTAL: 118
    PASSED: 118, SKIPPED: 0, ERROR: 0
    FAILED: 0
--------------------------------------------------------------------------------------------------
TP: wirestack.internal.trust, time elapsed: 47959170 ns, RESULT:
    TCS: HostnameVerifierTest, time elapsed: 2081584 ns, RESULT:
    [ PASSED ] CASE: exactDnsAndAsciiIdnaALabelMatchCaseInsensitively (300706 ns)
    [ PASSED ] CASE: wildcardMatchesExactlyOneLeftmostLabelOnly (89110 ns)
    [ PASSED ] CASE: invalidOrOverbroadWildcardsAreRejectedAtCertificateBoundary (89187 ns)
    [ PASSED ] CASE: dnsAndIpReferenceIdentitiesNeverCrossMatch (69640 ns)
    [ PASSED ] CASE: subjectAlternativeNameCountIsHardBounded (115187 ns)
    TCS: M3028HostnameFuzzTest, time elapsed: 44077896 ns, RESULT:
    [ PASSED ] CASE: hostnameMutationsHaveDeterministicTypedTerminals (43830045 ns)
    TCS: TrustPolicyTest, time elapsed: 1597145 ns, RESULT:
    [ PASSED ] CASE: nativeX509ParserAcceptsOneExactDerObjectAndRejectsTrailingBytes (443313 ns)
    [ PASSED ] CASE: certificateAndChainLimitsFailBeforeUnboundedParsingOrCopying (261326 ns)
    [ PASSED ] CASE: everyTrustPolicyHasAStableContentIdentityAndNoTrustAllState (360041 ns)
    [ PASSED ] CASE: pinAlgorithmAndScopeAreExplicitAndMalformedPinsFail (21059 ns)
Summary: TOTAL: 10
    PASSED: 10, SKIPPED: 0, ERROR: 0
    FAILED: 0
--------------------------------------------------------------------------------------------------
TP: wirestack.http, time elapsed: 12339587177 ns, RESULT:
    TCS: RequestBodyTest, time elapsed: 2026221 ns, RESULT:
    [ PASSED ] CASE: byteBodiesOwnInputAndReplayWithIndependentOffsets (292577 ns)
    [ PASSED ] CASE: emptyAndUtf8StringBodiesHaveExactLengths (33927 ns)
    [ PASSED ] CASE: oneShotBodyCanOnlyBeClaimedOnce (67064 ns)
    [ PASSED ] CASE: factoryMustReturnTheDeclaredLengthAndMismatchIsClosed (30404 ns)
    [ PASSED ] CASE: closedStreamRejectsFurtherReads (40256 ns)
    [ PASSED ] CASE: fileBodyStreamsAndReopensWithoutEagerReads (194375 ns)
    [ PASSED ] CASE: fileBodyRejectsOversizeAndChangesBeforeOpen (108390 ns)
    TCS: HttpClientExtensionsTest, time elapsed: 36998731 ns, RESULT:
    [ PASSED ] CASE: nativeCookiesAndServiceHooksSurviveThrowingPoolObservers (34074800 ns)
    [ PASSED ] CASE: mismatchedUpgradePairingsNeverOpenConnections (160763 ns)
    [ PASSED ] CASE: unavailableServerPushClosesTheOwnedResponse (2260725 ns)
    TCS: HttpCookieJarTest, time elapsed: 290549823 ns, RESULT:
    [ PASSED ] CASE: cookieSerializesStandardMetadataWithoutInventingBrowserPolicy (33130 ns)
    [ PASSED ] CASE: hostOnlyAndDomainCookiesDoNotLeakAcrossDnsBoundaries (219663 ns)
    [ PASSED ] CASE: bundledPublicSuffixRulesProtectRegistrableBoundariesByDefault (702265 ns)
    [ PASSED ] CASE: defaultPathAndPathMatchUseDirectoryAndSlashBoundaries (155803 ns)
    [ PASSED ] CASE: maxAgeTakesPrecedenceAndNonPositiveValuesDeleteTheIdentity (240400 ns)
    [ PASSED ] CASE: secureMetadataControlsTransportAndHttpOnlyDoesNotChangeWireSelection (58607 ns)
    [ PASSED ] CASE: valuedSecureAttributeCannotLeakCookiesToCleartext (58535 ns)
    [ PASSED ] CASE: cleartextOriginsCannotCreateOrOverlaySecureCookies (694030 ns)
    [ PASSED ] CASE: cleartextQuotaFloodCannotEvictSecureIdentityAndInstallReplacement (176515 ns)
    [ PASSED ] CASE: allSecureQuotaRejectsCleartextInsertionsFromBothStorageEntrypoints (211498 ns)
    [ PASSED ] CASE: rejectsHeaderInjectionAndInvalidCookieOctetsBeforeStorage (158295 ns)
    [ PASSED ] CASE: capacityHeaderBoundsAndReplacementRemainDeterministic (86526 ns)
    [ PASSED ] CASE: removalClearAndSnapshotsExposeOnlyLiveImmutableCookies (122060 ns)
    [ PASSED ] CASE: concurrentStoresAndReadsRemainRaceFreeAndBounded (1440183 ns)
    [ PASSED ] CASE: boundedSetCookieMutationsPreserveScopeAndHeaderSafety (284285825 ns)
    TCS: Http1DeterministicFuzzTest, time elapsed: 10657731 ns, RESULT:
    [ PASSED ] CASE: acceptedUrlMutationsRoundTripToOneCanonicalIdentity (4901358 ns)
    [ PASSED ] CASE: acceptedNoProxyMutationsRemainDeterministicAcrossTargets (4779422 ns)
    [ PASSED ] CASE: proxyAuthorizationMutationCannotInjectBeforeDnsOrConnect (200075 ns)
    TCS: HttpErrorTest, time elapsed: 713809 ns, RESULT:
    [ PASSED ] CASE: publicGetMapsInvalidUrlWithoutNetworkSideEffects (305190 ns)
    [ PASSED ] CASE: classifierProvidesStableHttpFailureCodes (56159 ns)
    TCS: HttpFacadeTest, time elapsed: 806159596 ns, RESULT:
    [ PASSED ] CASE: requestCancellationOutlivesCompletedParentWhileTransferredPushStalls (69128101 ns)
    [ PASSED ] CASE: cancellationWrapperPreservesProtocolCompletionPolicy (44782 ns)
    [ PASSED ] CASE: typedCancellationHandlesAreScopedIdempotentAndStopBeforeNetworkIo (2942639 ns)
    [ PASSED ] CASE: publicHttp1ConnectionHandleCancelsBodyAndLeavesClientReusable (9106154 ns)
    [ PASSED ] CASE: publicHttp2StreamAndConnectionHandlesRespectTheirScopes (87014950 ns)
    [ PASSED ] CASE: publicHttp2SlowStreamCannotStarveOneTenOrHundredSiblings (241000713 ns)
    [ PASSED ] CASE: tlsHttp2StreamLimitIsAppliedAcrossConcurrentPublicRequests (31907925 ns)
    [ PASSED ] CASE: tlsFacadeNegotiatesHttp2AndMapsBodyTrailersAndResponse (40722857 ns)
    [ PASSED ] CASE: explicitResolverConnectsPublicClientAndServer (1934867 ns)
    [ PASSED ] CASE: defaultSystemResolverConnectsPublicClientAndServer (262325981 ns)
    [ PASSED ] CASE: clientFollowsOriginRelativeRedirectEndToEnd (3099657 ns)
    [ PASSED ] CASE: clientRetriesOneTemporaryDnsFailureWithinTheSameDeadline (6375847 ns)
    [ PASSED ] CASE: forwardProxyUsesAbsoluteFormIndependentDnsAndHookCredentials (2502439 ns)
    [ PASSED ] CASE: serverBuilderRequiresEndpointAndHandler (38445 ns)
    [ PASSED ] CASE: tlsServerConfigFailsClosedBeforeBinding (191997 ns)
    [ PASSED ] CASE: followedHttp2RedirectClosesUnclaimedPushBeforeClientTeardown (44011423 ns)
    TCS: Http2ConcurrentResponseBodyTest, time elapsed: 41152610 ns, RESULT:
    [ PASSED ] CASE: twoPublicHttp2BodiesCompleteIndependently (40842081 ns)
    TCS: FileHandlerTest, time elapsed: 18636229 ns, RESULT:
    [ PASSED ] CASE: confinedDownloadRejectsTraversalAndSymlinkWhileOpenBodyOutlivesHandler (5165660 ns)
    [ PASSED ] CASE: uploadPublishesOneCompleteBinaryFileAndNeverPublishesRejectedMultipart (12247769 ns)
    [ PASSED ] CASE: uploadCommitChecksContextAfterDurabilityBeforePublication (375650 ns)
    TCS: HttpMessageTest, time elapsed: 1800957 ns, RESULT:
    [ PASSED ] CASE: requestFactoriesProduceImmutableProtocolNeutralModels (79483 ns)
    [ PASSED ] CASE: responseEofCompletesObserverExactlyOnce (35407 ns)
    [ PASSED ] CASE: earlyCloseAbandonsObserverExactlyOnce (49677 ns)
    [ PASSED ] CASE: readFailureClosesAndAbandonsTheBody (37369 ns)
    [ PASSED ] CASE: emptyDestinationDoesNotMistakeNoProgressForEof (29984 ns)
    [ PASSED ] CASE: boundedDrainCompletesOnlyWhenEofIsProven (60286 ns)
    [ PASSED ] CASE: invalidSourceProgressFailsClosed (31703 ns)
    [ PASSED ] CASE: responseRejectsInvalidStatusAndReason (57298 ns)
    TCS: MultipartTest, time elapsed: 4905631759 ns, RESULT:
    [ PASSED ] CASE: writerStreamsExactBinaryFramingAndReplaysIndependently (404440 ns)
    [ PASSED ] CASE: boundarySeparatorsRoundtripThroughContentTypeAndBody (1764146 ns)
    [ PASSED ] CASE: readerPreservesBinaryWhenEveryDelimiterIsSplitAcrossReads (832678 ns)
    [ PASSED ] CASE: closingPartDiscardsOnlyThatPartAndReleasesNextPart (902254 ns)
    [ PASSED ] CASE: malformedAndConfiguredLimitsCloseOwnedSource (201930 ns)
    [ PASSED ] CASE: partCountLimitRejectsBeforeParsingUnboundedAdditionalMetadata (279584 ns)
    [ PASSED ] CASE: boundedDeterministicWireMutationsAreChunkIndependent (4894733323 ns)
    [ PASSED ] CASE: deterministicMutationHarnessEnforcesSmallLimitsAndOwnedClosure (5112742 ns)
    TCS: HttpModelTest, time elapsed: 1938461 ns, RESULT:
    [ PASSED ] CASE: methodSupportsStandardAndExtensionTokens (27811 ns)
    [ PASSED ] CASE: headersPreserveOrderAndMultipleValues (40884 ns)
    [ PASSED ] CASE: headersOwnTheirInputAndOutputArrays (19853 ns)
    [ PASSED ] CASE: builderSetAndRemoveUseCaseInsensitiveNames (37679 ns)
    [ PASSED ] CASE: rejectsInjectionAndInvalidNames (62642 ns)
    [ PASSED ] CASE: enforcesCountLineAndTotalLimits (37426 ns)
    [ PASSED ] CASE: urlNormalizesSchemeHostAndDefaultTarget (33418 ns)
    [ PASSED ] CASE: urlPreservesExplicitPortPathAndQuery (75356 ns)
    [ PASSED ] CASE: urlRequiresBracketedIpv6AndKeepsQueryOnlyTargetValid (17412 ns)
    [ PASSED ] CASE: urlRejectsAmbiguousAndUnsafeInputs (82972 ns)
    [ PASSED ] CASE: trailerRejectsRoutingAndFramingFields (110321 ns)
    TCS: HttpProxyPolicyTest, time elapsed: 775330 ns, RESULT:
    [ PASSED ] CASE: noProxyMatchesDnsBoundariesAndOptionalPorts (128721 ns)
    [ PASSED ] CASE: noProxyMatchesTypedIpLiteralsExactlyAndWildcardExplicitly (57414 ns)
    [ PASSED ] CASE: endpointsRetainDnsIpv4AndIpv6RouteIdentity (21562 ns)
    [ PASSED ] CASE: routeSelectionUsesNoProxyWithoutCallingAuthorizationHook (49857 ns)
    [ PASSED ] CASE: rejectsAmbiguousNoProxyPatternsAndEndpointPorts (32544 ns)
    TCS: HttpRedirectPolicyTest, time elapsed: 1444260 ns, RESULT:
    [ PASSED ] CASE: rewritesPostOn302AndRemovesBodyHeaders (87671 ns)
    [ PASSED ] CASE: noFollowPreservesRedirectResponse (42553 ns)
    [ PASSED ] CASE: stripsSensitiveHeadersOnlyAcrossOrigins (124344 ns)
    [ PASSED ] CASE: rejectsDowngradeLimitAndOneShotReplay (228264 ns)
    [ PASSED ] CASE: resolvesSchemeRelativeAndQueryOnlyLocations (71093 ns)
    [ PASSED ] CASE: resolvesRelativePathsAndRemovesDotSegments (204112 ns)
    TCS: HttpRetryPolicyTest, time elapsed: 625494 ns, RESULT:
    [ PASSED ] CASE: retriesOnlyIdempotentReplayableStructuredFailures (55074 ns)
    [ PASSED ] CASE: explicitSafetyAllowsPostButDisabledAndOneShotFailClosed (50837 ns)
    [ PASSED ] CASE: cancellationDeadlineUnknownAndNeverAreNotRetried (38500 ns)
    [ PASSED ] CASE: goAwayRetriesOnlyDefinitelyUnprocessedSafeReplayableRequests (46818 ns)
    TCS: Http1SseStreamingProfileTest, time elapsed: 3008906155 ns, RESULT:
    [ PASSED ] CASE: http1StreamsWithoutLifetimeAccumulationAndCancels (3008611898 ns)
    TCS: Http2SseStreamingProfileTest, time elapsed: 3040293426 ns, RESULT:
    [ PASSED ] CASE: http2StreamsWithoutLifetimeAccumulationAndPreservesSibling (3039466480 ns)
    TCS: M2005SystemResolverTest, time elapsed: 8996573 ns, RESULT:
    [ PASSED ] CASE: resolvesLocalhostThroughThePublicContract (7687308 ns)
    [ PASSED ] CASE: fixtureReturnsAllCandidatesAndDoesNotInventTtl (22676 ns)
    [ PASSED ] CASE: fixtureAppliesFamilyAndResultBounds (11808 ns)
    [ PASSED ] CASE: fixtureMapsStableErrorsAndRetainsNativeEvidence (15573 ns)
    [ PASSED ] CASE: fixtureCancellationAndDeadlineReturnBeforeNativeCleanup (11100 ns)
    [ PASSED ] CASE: validatesBoundsAndRejectsUseAfterClose (121951 ns)
    TCS: WebSocketHandshakeTest, time elapsed: 33641037 ns, RESULT:
    [ PASSED ] CASE: nativeHttp1UpgradeTransfersFramesAndClosesSession (4324997 ns)
    [ PASSED ] CASE: nativeHttp2ExtendedConnectKeepsSiblingRequestsUsable (28753137 ns)
    TCS: WebSocketConnectionTest, time elapsed: 125698288 ns, RESULT:
    [ PASSED ] CASE: fragmentedUtf8AndAutomaticPongSurviveOneByteTransportReads (192973 ns)
    [ PASSED ] CASE: preCancelledSendPerformsNoIoAndLeavesUntouchedSessionHealthy (75196 ns)
    [ PASSED ] CASE: fragmentedMessageBoundRejectsBeforeWritingAndPreservesProgression (132451 ns)
    [ PASSED ] CASE: roleMaskingAndNonCanonicalLengthFailClosedWithProtocolStatus (158846 ns)
    [ PASSED ] CASE: fragmentedTextRejectsInvalidContinuationAtTheMessageBoundary (73785 ns)
    [ PASSED ] CASE: gracefulCloseEchoesStatusAndCompletesBothOwners (130644 ns)
    [ PASSED ] CASE: handshakeCryptoMatchesRfcVectorAndReturnsCanonicalFreshKeyShape (69540 ns)
    [ PASSED ] CASE: framePayloadIsOwnedAndCloseInputIsStrict (68362 ns)
    [ PASSED ] CASE: boundedDeterministicWireMutationsAreSplitInvariantAndFailClosed (123638801 ns)
Summary: TOTAL: 114
    PASSED: 111, SKIPPED: 3, ERROR: 0
    FAILED: 0
--------------------------------------------------------------------------------------------------
TP: wirestack.internal.transport_stdnet, time elapsed: 434900886 ns, RESULT:
    TCS: StdNetTransportListenerTest, time elapsed: 91879922 ns, RESULT:
    [ PASSED ] CASE: listenerRejectsOutOfRangeBacklogBeforeBinding (261750 ns)
    [ PASSED ] CASE: listenerPreCancelledAndExpiredAcceptsFailFast (174264 ns)
    [ PASSED ] CASE: listenerDeadlineBoundsBlockedAcceptAndListenerRemainsUsable (38711804 ns)
    [ PASSED ] CASE: listenerCancellationWakesActiveAcceptAndListenerRemainsUsable (40094884 ns)
    [ PASSED ] CASE: listenerCloseWakesActiveAcceptWithStructuredErrorAndIsIdempotent (10987252 ns)
    TCS: M123TransportDiagnosticsTest, time elapsed: 1017056 ns, RESULT:
    [ PASSED ] CASE: stdNetReportsRuntimeEndpointsAndCapabilitiesWithoutGuessingIoBackend (397051 ns)
    [ PASSED ] CASE: deterministicTransportUsesTheSameProviderNeutralContract (45821 ns)
    TCS: M127BackgroundFastPathTest, time elapsed: 34102618 ns, RESULT:
    [ PASSED ] CASE: backgroundAndObservedPathsTransferEquivalentData (200930 ns)
    [ PASSED ] CASE: backgroundPeerCloseRemainsEof (125924 ns)
    [ PASSED ] CASE: backgroundLocalCloseRaceRemainsClosed (1214804 ns)
    [ PASSED ] CASE: backgroundStillRejectsConcurrentReaders (1217593 ns)
    [ PASSED ] CASE: cancellableAndDeadlineContextsRetainGenericChecks (200942 ns)
    [ PASSED ] CASE: deadlineTimeoutIsClearedBeforeBackgroundRead (30284931 ns)
    TCS: M9002OptionExecutionTest, time elapsed: 209517402 ns, RESULT:
    [ PASSED ] CASE: factoriesCloseTheirSocketAtEveryExecutorFailurePosition (465759 ns)
    [ PASSED ] CASE: acceptedFailureClosesOnlyAcceptedSocketAndListenerContinues (706510 ns)
    [ PASSED ] CASE: cancellationBetweenOptionsRetainsEarlierKernelEffectWithoutAbort (201303 ns)
    [ PASSED ] CASE: tcpReadAndControlExcludeEachOtherWithoutStoppingRead (20370918 ns)
    [ PASSED ] CASE: udpControlExcludesSendReceiveConnectAndOtherControl (20291493 ns)
    [ PASSED ] CASE: closeRacingControlRetainsCloseRatherThanLaterAbort (40614866 ns)
    [ PASSED ] CASE: blockedAcceptRejectsQueryAndRemainsUsable (10102575 ns)
    [ PASSED ] CASE: queryControlExcludesListenerAcceptAndTcpIo (40367321 ns)
    [ PASSED ] CASE: udpReceiveAndQueryControlExcludeEachOther (30455973 ns)
    [ PASSED ] CASE: blockedTcpWriteRejectsControlAndCompletesAfterPeerReads (22149460 ns)
    [ PASSED ] CASE: listenerCloseDuringAcceptedOptionsPreventsPublication (20470732 ns)
    [ PASSED ] CASE: runtimeFailurePreservesExactlyTheSuccessfulPrefix (654091 ns)
    [ PASSED ] CASE: acceptedOptionPolicyDoesNotRetainCallerArray (277523 ns)
    TCS: M9003UdpLifecycleAdapterTest, time elapsed: 22039226 ns, RESULT:
    [ PASSED ] CASE: disconnectRejectsActiveReceiveAndCancellationOwnsTheTerminalClose (11285946 ns)
    [ PASSED ] CASE: closeDuringBlockedReceiveCompletesOnceWithClosedState (10256729 ns)
    TCS: Net06CancellationGateTest, time elapsed: 7477984 ns, RESULT:
    [ PASSED ] CASE: cancelledReadsReleaseSocketsWaitersAndTasks (7063869 ns)
    TCS: StdNetTransportTest, time elapsed: 65940068 ns, RESULT:
    [ PASSED ] CASE: writeSomeIsPartialAndReusesBoundedConnectionStaging (337148 ns)
    [ PASSED ] CASE: wholeArrayReadAndWriteBypassStagingForATypicalTlsRecord (3972938 ns)
    [ PASSED ] CASE: subrangesRetainBoundedStagingAndCopyAccounting (239781 ns)
    [ PASSED ] CASE: connectsByResolvedIpAndTransfersBothDirections (226230 ns)
    [ PASSED ] CASE: emptyOperationsAreImmediate (152268 ns)
    [ PASSED ] CASE: unsupportedHalfClosePreservesBothDirections (252066 ns)
    [ PASSED ] CASE: cancellationAbortRemainsNativeOwnerAfterLaterClose (1254483 ns)
    [ PASSED ] CASE: listenerCloseWakesBlockedAcceptAsClosed (1079022 ns)
    [ PASSED ] CASE: cancellingOneAcceptLeavesListenerReusable (29218025 ns)
    [ PASSED ] CASE: preCancelledConnectDoesNotCreateASocket (47233 ns)
    [ PASSED ] CASE: peerGracefulCloseIsReportedAsEof (157323 ns)
    [ PASSED ] CASE: deadlineBoundsBlockedReadWithoutClosingConnection (20667576 ns)
    [ PASSED ] CASE: localCloseMapsBlockedReadWithStableEvidence (1236357 ns)
    [ PASSED ] CASE: explicitAbortWakesBlockedReadWithStableEvidence (1196136 ns)
    [ PASSED ] CASE: gracefulNativeCloseRemainsGracefulAfterLaterAbort (170758 ns)
    [ PASSED ] CASE: explicitAbortRemainsNativeOwnerAfterLaterClose (232189 ns)
    [ PASSED ] CASE: unknownConnectFailureMapsWithoutMessageOrNativeCode (499040 ns)
    [ PASSED ] CASE: concurrentReadsFailWithoutDisturbingTheActiveRead (1287897 ns)
    [ PASSED ] CASE: happyEyeballsComposesWithTheDefaultStdNetFactory (376226 ns)
Summary: TOTAL: 65
    PASSED: 48, SKIPPED: 17, ERROR: 0
    FAILED: 0
--------------------------------------------------------------------------------------------------
TP: wirestack.internal.common, time elapsed: 3389630 ns, RESULT:
    TCS: EndpointTest, time elapsed: 2215790 ns, RESULT:
    [ PASSED ] CASE: acceptsTypedIpv4AndIpv6WithoutDns (259501 ns)
    [ PASSED ] CASE: addressOwnsAnImmutableOctetSnapshot (64428 ns)
    [ PASSED ] CASE: rejectsWrongLengthsAndIpv4Zones (94229 ns)
    [ PASSED ] CASE: ipv6ZoneAndPortBoundariesRemainTypedIdentity (33441 ns)
    [ PASSED ] CASE: rejectsEmptyAndOversizedIpv6Zones (38300 ns)
    TCS: HostNameTest, time elapsed: 1004242 ns, RESULT:
    [ PASSED ] CASE: canonicalizesAsciiCaseAndOneRootDot (58738 ns)
    [ PASSED ] CASE: rejectsAmbiguousOrInvalidDnsNames (142497 ns)
    [ PASSED ] CASE: acceptsAsciiALabelAndExactDnsLengthBoundaries (91800 ns)
    [ PASSED ] CASE: rejectsOneByteBeyondLabelAndHostLimits (49826 ns)
Summary: TOTAL: 9
    PASSED: 9, SKIPPED: 0, ERROR: 0
    FAILED: 0
--------------------------------------------------------------------------------------------------
TP: wirestack.internal.http2, time elapsed: 3075721817 ns, RESULT:
    TCS: Http2ClientConnectionTest, time elapsed: 154040880 ns, RESULT:
    [ PASSED ] CASE: encodedHeaderFailureClosesTheConnection (1157802 ns)
    [ PASSED ] CASE: tenConcurrentRequestsShareOneConnectionAndMapOutOfOrderResponses (2245581 ns)
    [ PASSED ] CASE: claimedStreamsPublishInitialHeadersInStreamIdOrder (1534006 ns)
    [ PASSED ] CASE: cancelledUnpublishedStreamDoesNotBlockNextClaim (948969 ns)
    [ PASSED ] CASE: declaredLengthDoesNotReleaseStreamBeforeWireEndStream (1261403 ns)
    [ PASSED ] CASE: streamsRequestBodyThroughFlowControlledDataAndEndsLocallyOnce (1218253 ns)
    [ PASSED ] CASE: peerResetFailsOnlyItsStreamAndConnectionRemainsUsable (1290691 ns)
    [ PASSED ] CASE: peerGoAwayDrainsConnectionWithoutFailingAcceptedStream (1746247 ns)
    [ PASSED ] CASE: connectedStreamOutlivesHandshakeCancellationAndUsesOperationContexts (1097503 ns)
    [ PASSED ] CASE: contextlessHalfCloseDoesNotWaitForBlockedConnectionWriter (1111261 ns)
    [ PASSED ] CASE: halfCloseOrdersEndAfterAdmittedFlowControlledWrite (3563745 ns)
    [ PASSED ] CASE: gracefulCloseOrdersEndAfterAdmittedFlowControlledWrite (9881545 ns)
    [ PASSED ] CASE: gracefulCloseDeadlineStopsAdmittedFlowControlledWrite (109907444 ns)
    [ PASSED ] CASE: queuedHalfCloseCancellationDoesNotWaitForConnectionWriter (10241449 ns)
    [ PASSED ] CASE: rejectedConnectReturnsFullResponseAndClosesRequestDirection (933251 ns)
    [ PASSED ] CASE: enabledPushAttachesBoundedCallerDrivenResponses (1501151 ns)
    TCS: Http2ClientMappingTest, time elapsed: 6047594 ns, RESULT:
    [ PASSED ] CASE: requestMapsOrderedPseudoFieldsAuthorityAndSensitiveHeaders (181012 ns)
    [ PASSED ] CASE: connectUsesOnlyMethodAndAuthorityPseudoFields (483132 ns)
    [ PASSED ] CASE: connectStreamMappingKeepsBothDataDirectionsOpen (217165 ns)
    [ PASSED ] CASE: requestRejectsAuthorityFramingAndConnectionAmbiguity (389480 ns)
    [ PASSED ] CASE: requestHeaderListHonorsHttp2BoundsBeforeHpackMutation (138893 ns)
    [ PASSED ] CASE: requestBodyProvesEofBeforeOneTerminalTrailerBlock (242060 ns)
    [ PASSED ] CASE: requestBodyRejectsPrematureEofAndConfiguredOverflow (182300 ns)
    [ PASSED ] CASE: responseMapsInformationalFinalDataAndTrailersInOrder (217416 ns)
    [ PASSED ] CASE: responseRejectsPseudoOrderCaseAndConnectionFieldsAsStreamErrors (140092 ns)
    [ PASSED ] CASE: responseRejectsInvalidStatusAndTooManyInformationalHeads (352842 ns)
    [ PASSED ] CASE: responseContentLengthMustMatchExactlyAtEndStream (243302 ns)
    [ PASSED ] CASE: streamingResponseMayExceedTheConfiguredRequestBodyBound (53213 ns)
    [ PASSED ] CASE: bodylessAndConnectResponseRulesAreExplicit (236027 ns)
    [ PASSED ] CASE: responseTrailersRequireFinalEndStreamAndRegularAllowedFields (211524 ns)
    [ PASSED ] CASE: promisedRequestValidationPrecedesApplicationPolicy (313421 ns)
    TCS: Http2ClientPushOwnershipTest, time elapsed: 1307727 ns, RESULT:
    [ PASSED ] CASE: resetLostOfferIsClosedAndNextOfferRemainsDeliverable (322273 ns)
    [ PASSED ] CASE: parentCancellationStopsTransferredStalledBodyWithoutCancellingIndependentSibling (287535 ns)
    [ PASSED ] CASE: expiredParentAbsoluteDeadlineStillGovernsTransferredBodyAfterHeaders (139287 ns)
    TCS: Http2ConformanceTest, time elapsed: 8138131 ns, RESULT:
    [ PASSED ] CASE: invalidFrameOrderMatrixFailsAtConnectionScope (562791 ns)
    [ PASSED ] CASE: continuationSequenceCompletesOnlyOnEndHeaders (214694 ns)
    [ PASSED ] CASE: rstStreamAndGoAwayRaceCompletesOwnerOnceAndCleansRegistrations (6475171 ns)
    TCS: Http2ConnectionStateMachineTest, time elapsed: 6278128 ns, RESULT:
    [ PASSED ] CASE: clientStartEmitsMagicAndSettingsThenPeerSettingsOpens (40556 ns)
    [ PASSED ] CASE: serverConsumesIncrementalMagicBeforeItsFirstSettings (46625 ns)
    [ PASSED ] CASE: invalidOrIncompletePrefaceFailsOnceWithProtocolEvidence (57224 ns)
    [ PASSED ] CASE: firstPeerFrameMustBeNonAcknowledgementSettings (42855 ns)
    [ PASSED ] CASE: openConnectionAppliesSettingsAndCompletesHeaderBlocks (45882 ns)
    [ PASSED ] CASE: peerGoAwayDrainsAndMayOnlyNarrowItsBoundary (62196 ns)
    [ PASSED ] CASE: localDrainUsesProcessedPeerBoundaryAndNeverIncreases (49710 ns)
    [ PASSED ] CASE: racingFinishTransitionsAndPublishesCompletionExactlyOnce (4936950 ns)
    TCS: Http2DeterministicFuzzTest, time elapsed: 10551268 ns, RESULT:
    [ PASSED ] CASE: frameParserDeterministicMutationCorpusStaysBounded (7747481 ns)
    [ PASSED ] CASE: hpackDecoderDeterministicMutationCorpusFailsClosed (2180900 ns)
    [ PASSED ] CASE: protocolLimitBoundaryMutationsRejectOversizedInputs (93122 ns)
    TCS: Http2FlowControllerTest, time elapsed: 2733904309 ns, RESULT:
    [ PASSED ] CASE: windowUpdateCodecIgnoresReservedBitAndRejectsZeroByScope (34413 ns)
    [ PASSED ] CASE: reservationsRespectConnectionStreamAndPeerFrameCredit (52407 ns)
    [ PASSED ] CASE: settingsShrinkPausesReservedDataAndCancellationReleasesIt (49335 ns)
    [ PASSED ] CASE: streamWindowUpdateWakesAReservedPermitAfterSettingsShrink (33709 ns)
    [ PASSED ] CASE: concurrentTryReserveNeverOvercommitsOneStream (609420 ns)
    [ PASSED ] CASE: receiveCreditReturnsOnlyAfterApplicationConsumption (130072 ns)
    [ PASSED ] CASE: smallReceiveReadsCoalesceWindowUpdates (202887 ns)
    [ PASSED ] CASE: stalledConnectionCreditFlushesOnceWithoutChangingSmallReadCoalescing (40369 ns)
    [ PASSED ] CASE: leastRecentlyServedStreamsReceiveCreditBeforeThePreviousOwner (2730714876 ns)
    [ PASSED ] CASE: connectionSendWindowIsSharedAcrossStreams (34064 ns)
    [ PASSED ] CASE: connectionAndStreamWindowViolationsHaveCorrectScope (43964 ns)
    [ PASSED ] CASE: settingsAndWindowOverflowFailAtomically (37362 ns)
    [ PASSED ] CASE: streamCleanupCancelsPermitsAndRestoresOnlyConnectionReceiveCredit (34648 ns)
    [ PASSED ] CASE: dataAccountingUsesTheEntireFramePayload (16321 ns)
    TCS: Http2FrameCodecTest, time elapsed: 839013 ns, RESULT:
    [ PASSED ] CASE: everyRequiredFrameEnvelopeRoundTrips (60926 ns)
    [ PASSED ] CASE: parserAcceptsEverySingleByteBoundaryAndMultipleFrames (44605 ns)
    [ PASSED ] CASE: incompleteInputStaysBoundedUntilCompletion (15415 ns)
    [ PASSED ] CASE: oversizedFrameFailsBeforePayloadBufferingAndParserBecomesTerminal (25713 ns)
    [ PASSED ] CASE: reservedBitIsIgnoredOnReadAndClearedOnWrite (13332 ns)
    [ PASSED ] CASE: unknownFramesAndFlagsRoundTripWithoutInterpretation (14659 ns)
    [ PASSED ] CASE: transportWriterHandlesRepeatedPartialWrites (29789 ns)
    TCS: Http2FrameModelTest, time elapsed: 634599 ns, RESULT:
    [ PASSED ] CASE: frameAndErrorCodesRoundTripIncludingExtensions (20377 ns)
    [ PASSED ] CASE: streamIdentifierIgnoresReservedBitAndKeepsThirtyOneBits (8209 ns)
    [ PASSED ] CASE: limitsAreExplicitAndFrameSizeIsBounded (19968 ns)
    [ PASSED ] CASE: fixedFrameShapesAndStreamScopesAreValidated (26927 ns)
    [ PASSED ] CASE: settingsRejectInvalidProtocolValuesButRetainExtensions (20166 ns)
    [ PASSED ] CASE: unknownFlagsAndFramesRemainForwardCompatible (8472 ns)
    TCS: Http2GoAwayManagerTest, time elapsed: 5164447 ns, RESULT:
    [ PASSED ] CASE: peerBoundaryRetiresOnlyDefinitelyUnprocessedStreams (117103 ns)
    [ PASSED ] CASE: narrowingBoundaryWakesEachNewlyExcludedOwnerExactlyOnce (54102 ns)
    [ PASSED ] CASE: localDrainQueuesGoAwayAndStopsAdmissionBeforeWriterRuns (45774 ns)
    [ PASSED ] CASE: fabricatedReceiveResultCannotDrainAnOpenCoordinator (35534 ns)
    [ PASSED ] CASE: racingAdmissionAndGoAwayNeverLeavesAnExcludedStreamActive (4311915 ns)
    TCS: Http2HeaderBlockAssemblerTest, time elapsed: 688299 ns, RESULT:
    [ PASSED ] CASE: sameStreamContinuationsAssembleInExactOrder (22796 ns)
    [ PASSED ] CASE: continuationWithoutStartWrongStreamAndInterleavingFailConnection (29612 ns)
    [ PASSED ] CASE: paddingAndPriorityOverheadAreExcludedFromHeaderBytes (13941 ns)
    [ PASSED ] CASE: pushPromiseRetainsPromisedStreamAndFragmentOnly (14423 ns)
    [ PASSED ] CASE: invalidPaddingPriorityAndSelfDependencyFailClosed (30660 ns)
    [ PASSED ] CASE: accumulatedCompressedBytesHaveOneHardLimit (17270 ns)
    TCS: Http2ConnectionHealthTest, time elapsed: 563813 ns, RESULT:
    [ PASSED ] CASE: pingCodecAndConnectionAckPreserveOpaqueBytes (28252 ns)
    [ PASSED ] CASE: idleProbeIsSingleOutstandingAndMatchingAckRestoresHealth (119250 ns)
    [ PASSED ] CASE: ordinaryActivityDefersIdleProbeWithoutAllocatingATimer (25156 ns)
    TCS: Http2ConnectionCloserTest, time elapsed: 970604 ns, RESULT:
    [ PASSED ] CASE: gracefulCloseSendsGoAwayWaitsForStreamAndClosesTransportOnce (101513 ns)
    [ PASSED ] CASE: expiredCloseAbortsActiveStreamsWithoutStartingGracefulIo (39614 ns)
    [ PASSED ] CASE: racingShorterDeadlineUpgradesInFlightGracefulCloseToOneAbort (85106 ns)
    [ PASSED ] CASE: concurrentGracefulCallersShareOneTerminalResultAndTransportClose (108989 ns)
    [ PASSED ] CASE: failedGracefulTransportCloseFallsBackToOneAbort (65307 ns)
    TCS: HpackBlockTest, time elapsed: 1022534 ns, RESULT:
    [ PASSED ] CASE: rfcRequestBlocksDecodeWithSharedDynamicState (31344 ns)
    [ PASSED ] CASE: encoderMatchesFirstRfcHuffmanRequestExample (40066 ns)
    [ PASSED ] CASE: literalModesPreserveNeverIndexedAndOnlyIncrementalMutatesTable (77495 ns)
    [ PASSED ] CASE: tableSizeUpdateMustLeadBlockAndRespectAllowedMaximum (27917 ns)
    [ PASSED ] CASE: headerCountListAndCompressedLimitsFailClosed (224058 ns)
    [ PASSED ] CASE: peerCapacityUpdateIsEmittedBeforeHeaders (18399 ns)
    TCS: HpackCoreTest, time elapsed: 796762 ns, RESULT:
    [ PASSED ] CASE: rfcIntegerVectorsEncodeAndDecodeExactly (20239 ns)
    [ PASSED ] CASE: integerRejectsTruncationOverflowAndInvalidPrefix (33852 ns)
    [ PASSED ] CASE: rawStringRoundTripsAndOwnsItsBytes (55986 ns)
    [ PASSED ] CASE: stringLengthLimitAndTruncationFailBeforeCopy (31534 ns)
    [ PASSED ] CASE: staticTableMatchesRfcBoundariesAndRepresentativeEntries (23447 ns)
    [ PASSED ] CASE: everyStaticEntryHasBoundedRfcAccounting (48949 ns)
    TCS: HpackDynamicTableTest, time elapsed: 937507 ns, RESULT:
    [ PASSED ] CASE: newestEntryUsesIndexSixtyTwoAndOlderEntriesShift (16691 ns)
    [ PASSED ] CASE: exactRfcAccountingEvictsOldestEntriesFirst (21190 ns)
    [ PASSED ] CASE: oversizedEntryClearsTheEntireTableWithoutInsertion (11816 ns)
    [ PASSED ] CASE: capacityShrinkEvictsImmediatelyAndPeerLimitIsHard (19264 ns)
    [ PASSED ] CASE: withoutIndexingNeverIndexedAndSensitiveNeverEnterState (16847 ns)
    [ PASSED ] CASE: staticAndDynamicSearchReturnCanonicalLowestIndexes (104802 ns)
    [ PASSED ] CASE: zeroCapacityRetainsNoEntries (25433 ns)
    TCS: HpackHuffmanTest, time elapsed: 1569803 ns, RESULT:
    [ PASSED ] CASE: rfcRequestExamplesEncodeAndDecodeExactly (98434 ns)
    [ PASSED ] CASE: everyOctetRoundTripsWithinAnExplicitBound (421322 ns)
    [ PASSED ] CASE: huffmanStringLiteralUsesFlagAndSharedBounds (62342 ns)
    [ PASSED ] CASE: eosInvalidPaddingAndTruncatedPrefixFailClosed (42505 ns)
    [ PASSED ] CASE: decodedAndEncodedOutputLimitsApplyBeforeGrowth (51373 ns)
    TCS: Http2ConnectionReaderTest, time elapsed: 3015659 ns, RESULT:
    [ PASSED ] CASE: oneReaderDecodesEveryByteBoundaryAndDispatchesInWireOrder (429297 ns)
    [ PASSED ] CASE: serverConsumesMagicAndFirstFrameFromTheSameRead (279381 ns)
    [ PASSED ] CASE: eofDuringPrefaceOrFrameFailsAndWakesEveryStream (610242 ns)
    [ PASSED ] CASE: invalidTransportProgressAndHandlerFailureBecomeTerminal (468984 ns)
    [ PASSED ] CASE: readerLoopCanOnlyBeClaimedOnce (221547 ns)
    [ PASSED ] CASE: terminationRegistryIsBoundedRemovableAndExactlyOnce (240271 ns)
    [ PASSED ] CASE: readerRegistryReservesOneListenerBeyondTheStreamLimit (25641 ns)
    TCS: Http2ServerMappingTest, time elapsed: 12215211 ns, RESULT:
    [ PASSED ] CASE: requestHeadMapsPseudoFieldsHostAndContentLength (105011 ns)
    [ PASSED ] CASE: connectAndOptionsTargetsAreMappedStrictly (172402 ns)
    [ PASSED ] CASE: requestRejectsPseudoOrderCaseConnectionAndAuthorityAmbiguity (243703 ns)
    [ PASSED ] CASE: paddedDataReturnsAllFlowCreditAndPublishesTrailers (218293 ns)
    [ PASSED ] CASE: requestQueueIsBoundedBeforeFlowAccountingMutates (141764 ns)
    [ PASSED ] CASE: terminalLengthMismatchDoesNotConsumeFlowWindow (110208 ns)
    [ PASSED ] CASE: responseHeadersBodyFlowAndTrailersMapInOrder (1033396 ns)
    [ PASSED ] CASE: streamingResponseMayExceedTheConfiguredRequestBodyBound (1462294 ns)
    [ PASSED ] CASE: responseRulesCloseBodiesOnEveryTerminalOrFailurePath (144944 ns)
    [ PASSED ] CASE: handlerRunsOnceAndReleasesRequestOwnership (164813 ns)
    [ PASSED ] CASE: invalidDuplexResponseReleasesPreServeHandoffExactlyOnce (6611172 ns)
    TCS: Http2ServerPushLifecycleTest, time elapsed: 111052040 ns, RESULT:
    [ PASSED ] CASE: largePushDoesNotDelayParentHeadersUntilPushCreditReturns (60700465 ns)
    [ PASSED ] CASE: cancelledPushReleasesItsWorkerSlotForTheNextParent (36091771 ns)
    [ PASSED ] CASE: crossOriginPushIsRejectedAndItsResponseIsClosedBeforeAnyOffer (1249858 ns)
    [ PASSED ] CASE: parentResetWhileWaitingForPushSlotIsRevalidatedBeforeReservation (5801701 ns)
    [ PASSED ] CASE: resetOfBlockedPushDoesNotBlockReaderOrReleaseWorkerSlotEarly (3305259 ns)
    [ PASSED ] CASE: blockingHeaderOnlyBodyCloseDoesNotDelayInboundReset (1156269 ns)
    [ PASSED ] CASE: duplexHandlerReturnAbortsBothStreamDirections (1115352 ns)
    TCS: Http2SettingsTest, time elapsed: 1135556 ns, RESULT:
    [ PASSED ] CASE: codecPreservesKnownUnknownAndRepeatedSettingsInOrder (20904 ns)
    [ PASSED ] CASE: peerBatchAppliesAtomicallyAndReturnsAckAndWindowDelta (18150 ns)
    [ PASSED ] CASE: invalidPeerBatchLeavesEffectiveStateUnchanged (23979 ns)
    [ PASSED ] CASE: localBatchesAreAcknowledgedInFifoOrder (21012 ns)
    [ PASSED ] CASE: unexpectedAckAndPendingBatchOverflowFailClosed (21098 ns)
    [ PASSED ] CASE: advertisedResourceValuesAreCappedByLocalPolicy (16361 ns)
    [ PASSED ] CASE: settingsFrameLengthAndAckPayloadAreRejectedByFrameLayer (27168 ns)
    [ PASSED ] CASE: peerDefaultsAreRfcValuesCappedSeparatelyFromLocalAdvertisement (26248 ns)
    [ PASSED ] CASE: clientPushAdvertisementUsesItsOwnFiniteAdmissionBound (12399 ns)
    [ PASSED ] CASE: serverEnablePushSettingIsRejectedInBothDirections (26811 ns)
    TCS: Http2StreamLifecycleTest, time elapsed: 2664179 ns, RESULT:
    [ PASSED ] CASE: bothEndStreamOrdersReachClosedExactlyOnce (32430 ns)
    [ PASSED ] CASE: initialEndStreamHalfClosesTheInitiatingSide (16779 ns)
    [ PASSED ] CASE: clientAndServerAllocateCorrectMonotonicParity (14497 ns)
    [ PASSED ] CASE: peerParityReuseAndDecreasingIdsFailConnection (32598 ns)
    [ PASSED ] CASE: localAndPeerConcurrencyLimitsAreIndependentAndCapacityReturns (42162 ns)
    [ PASSED ] CASE: invalidHalfClosedDirectionsAndUnknownStreamsFailClosed (40466 ns)
    [ PASSED ] CASE: readerTerminationClosesAndUnregistersEveryActiveStream (38411 ns)
    [ PASSED ] CASE: racingAdmissionNeverExceedsConfiguredBoundOrDuplicatesIds (736692 ns)
    [ PASSED ] CASE: racingEndDirectionsCompleteAndCleanupExactlyOnce (762962 ns)
    TCS: Http2StreamResetManagerTest, time elapsed: 4344209 ns, RESULT:
    [ PASSED ] CASE: rstCodecPreservesKnownAndExtensionCodes (58544 ns)
    [ PASSED ] CASE: localCancelQueuesResetAndReleasesOnlyItsStream (140141 ns)
    [ PASSED ] CASE: peerResetCancelsQueuedDataPermitsAndWakesOwnerOnce (85697 ns)
    [ PASSED ] CASE: resetWakesBlockedServerBodyWithoutClosingConnection (145210 ns)
    [ PASSED ] CASE: racingLocalAndPeerResetCompletesEveryStreamExactlyOnce (2600339 ns)
    [ PASSED ] CASE: queuePressureIsAtomicAndCleanupCreditStaysBoundedForRetry (187653 ns)
    TCS: Http2WriteSchedulerTest, time elapsed: 5517822 ns, RESULT:
    [ PASSED ] CASE: controlPrecedesDataAndPartialWritesDrainGracefully (141166 ns)
    [ PASSED ] CASE: controlBurstIsBoundedAndDataStreamsRotateFairly (431069 ns)
    [ PASSED ] CASE: queueCountAndBytesAreHardAndCancellationReleasesCapacity (115663 ns)
    [ PASSED ] CASE: concurrentProducersStillUseExactlyOneWriter (862991 ns)
    [ PASSED ] CASE: abortInterruptsActiveWriteAndFailsEveryTicket (102571 ns)
    [ PASSED ] CASE: transportFailureFansOutAndTicketWaitHonorsCancellation (100102 ns)
    [ PASSED ] CASE: reservedDataConsumesFlowOnlyWhenTheWriterClaimsIt (60701 ns)
    [ PASSED ] CASE: serverDataEventTransfersItsPermitBeforeWriterClaim (49482 ns)
    [ PASSED ] CASE: cancellingQueuedReservedDataReturnsAllFlowCapacity (53207 ns)
    [ PASSED ] CASE: admittedHeaderBatchSurvivesResetDuringPartialFirstWrite (116504 ns)
    [ PASSED ] CASE: unstartedEncodedHeaderBatchIsIrrevocableAfterAdmission (63171 ns)
    [ PASSED ] CASE: largeHeaderBatchRemainsContiguousPastControlBurstLimit (192356 ns)
    [ PASSED ] CASE: failedHeaderBatchAdmissionTerminatesScheduler (57724 ns)
    [ PASSED ] CASE: concurrentHeaderBatchesStayContiguousOnTheWire (1083182 ns)
Summary: TOTAL: 182
    PASSED: 182, SKIPPED: 0, ERROR: 0
    FAILED: 0
--------------------------------------------------------------------------------------------------
TP: wirestack.internal.connector, time elapsed: 13963129 ns, RESULT:
    TCS: AttemptPlanTest, time elapsed: 1769170 ns, RESULT:
    [ PASSED ] CASE: alternatesFamiliesAndPreservesFamilyOrder (315702 ns)
    [ PASSED ] CASE: firstFamilyControlsPreferenceAndDuplicatesAreRemoved (88341 ns)
    [ PASSED ] CASE: distinctIpv6ZonesAreNotDeduplicated (33037 ns)
    [ PASSED ] CASE: rejectsEmptyCandidatesAndNegativeDelay (61625 ns)
    TCS: HappyEyeballsConnectorTest, time elapsed: 9756660 ns, RESULT:
    [ PASSED ] CASE: emitsCompleteDnsAttemptAndConnectedLifecycle (393750 ns)
    [ PASSED ] CASE: blackholedFirstCandidateIsCancelledAndJoinedBeforeReturn (7407687 ns)
    [ PASSED ] CASE: ipv6FirstSuccessSkipsLaterIpv4Attempt (106837 ns)
    [ PASSED ] CASE: simultaneousSuccessKeepsOneWinnerAndAbortsEveryLoser (124986 ns)
    [ PASSED ] CASE: allFailuresAreJoinedAndRetainedAsDiagnostics (93451 ns)
    [ PASSED ] CASE: preCancelledParentStartsNeitherDnsNorAttempts (55734 ns)
    [ PASSED ] CASE: parentCancellationAfterSuccessPreventsWinnerPublication (164063 ns)
    [ PASSED ] CASE: deadlineAtSuccessBoundaryPreventsWinnerPublication (153432 ns)
    TCS: ConnectionRouteTest, time elapsed: 2178257 ns, RESULT:
    [ PASSED ] CASE: directRouteRetainsItsLocalOriginResolver (151051 ns)
    [ PASSED ] CASE: explicitProxySeparatesOriginAndProxyDns (67753 ns)
    [ PASSED ] CASE: typedIpTargetsNeverCarryResolvers (96479 ns)
    [ PASSED ] CASE: rejectsDelegatedDnsWithoutAnOwningProxyAndInvalidConnectTargets (95017 ns)
    [ PASSED ] CASE: networkAndTlsParametersAreBoundedAndOwned (821118 ns)
Summary: TOTAL: 17
    PASSED: 17, SKIPPED: 0, ERROR: 0
    FAILED: 0
--------------------------------------------------------------------------------------------------
Project tests finished, time elapsed: 53587468245 ns, RESULT:
TP: wirestack.*, time elapsed: 53587373007 ns, RESULT:
    PASSED:
    TP: wirestack.internal.platform.linux, time elapsed: 12723698 ns
    TP: wirestack.internal.common, time elapsed: 3389630 ns
    TP: wirestack.internal.transport, time elapsed: 212367276 ns
    TP: wirestack.internal.trust, time elapsed: 47959170 ns
    TP: wirestack.internal.http2, time elapsed: 3075721817 ns
    TP: wirestack.internal.resolver, time elapsed: 41476001 ns
    TP: wirestack.internal.tls_engine, time elapsed: 34535115814 ns
    TP: wirestack.internal.connector, time elapsed: 13963129 ns
    TP: wirestack.tls, time elapsed: 118636657 ns
    TP: wirestack.internal.http1, time elapsed: 981363066 ns
    TP: wirestack.internal.transport_stdnet, time elapsed: 434900886 ns
    TP: wirestack.net, time elapsed: 1614534444 ns
    TP: wirestack.http, time elapsed: 12339587177 ns
Summary: TOTAL: 837
    PASSED: 814, SKIPPED: 23, ERROR: 0
    FAILED: 0
--------------------------------------------------------------------------------------------------
cjpm test success
