--------------------------------------------------------------------------------------------------
TP: wirestack.net, time elapsed: 19810155 ns, RESULT:
    TCS: M9003UdpLifecycleTest, time elapsed: 3326383 ns, RESULT:
    [ PASSED ] CASE: disconnectRetainsBindAndRestoresExplicitSendTo (1186607 ns)
    [ PASSED ] CASE: cancelledDisconnectDoesNotChangeTheSelectedPeer (304508 ns)
    [ PASSED ] CASE: multicastMembershipIsFamilyCheckedKeyedAndBounded (553269 ns)
Summary: TOTAL: 118
    PASSED: 3, SKIPPED: 115, ERROR: 0
    FAILED: 0
--------------------------------------------------------------------------------------------------
TP: wirestack.internal.transport_stdnet, time elapsed: 34345186 ns, RESULT:
    TCS: M9003UdpLifecycleAdapterTest, time elapsed: 24119550 ns, RESULT:
    [ PASSED ] CASE: disconnectRejectsActiveReceiveAndCancellationOwnsTheTerminalClose (12046273 ns)
    [ PASSED ] CASE: closeDuringBlockedReceiveCompletesOnceWithClosedState (10948538 ns)
Summary: TOTAL: 65
    PASSED: 2, SKIPPED: 63, ERROR: 0
    FAILED: 0
--------------------------------------------------------------------------------------------------
Project tests finished, time elapsed: 68489352 ns, RESULT:
TP: wirestack.*, time elapsed: 68402625 ns, RESULT:
    PASSED:
    TP: wirestack.internal.transport_stdnet, time elapsed: 34345186 ns
    TP: wirestack.net, time elapsed: 19810155 ns
Summary: TOTAL: 183
    PASSED: 5, SKIPPED: 178, ERROR: 0
    FAILED: 0
--------------------------------------------------------------------------------------------------
cjpm test success
