M7-022 Linux release soak: FAIL: SOAK_ALREADY_RUNNING: another invocation is active
M0-016 validation: PASS
architecture guard: PASS
{"artifacts": {"api": "docs/api/generated/api-surface.json", "coverage": "docs/api/generated/coverage.json", "docs": "docs/api/generated/docs.json", "markdown": "docs/api/generated/markdown"}, "cjdoc": {"path": "/home/elliot/playground/Wirestack-pr-worktrees/M8-004-recovery-tools/cjdoc/bin/cjdoc", "version": "0.7.2"}, "combined": {"apiEntries": 1443, "apiSha256": "7e1d3132d21ef1b2b3b3dba705320d06ee99006582f4b960f9ab63c2361de360", "coverage": {"parameters": {"documented": 689, "percent": 100, "total": 689}, "symbols": {"documented": 1443, "percent": 100, "total": 1443}}, "coverageSha256": "eb40c0dff77ae8e69a252f05d5b64771a1485b66a58058f7e66756898ff279d4", "declarations": 2383, "docsSha256": "fb1a2c3e3a86324b5766ffe5f8b6991705c497f1ccd324462a6348dc2a46f1a0", "markdownSha256": "988b54088600cbe0a4c63d442b309d59a3f11ecb93cf3db6b5ced6bd4f632518", "package": "combined", "status": "PASS"}, "commands": [{"kind": "check", "package": "wirestack", "returncode": 0, "status": "PASS", "stderr": "documentation coverage: symbols 646/646 (100%), parameters 253/253 (100%)\n", "stderr_truncated": false, "stdout": "", "stdout_truncated": false}, {"kind": "generate", "package": "wirestack", "returncode": 0, "status": "PASS", "stderr": "", "stderr_truncated": false, "stdout": "generated /tmp/wirestack-m7-033-utt8lt3g/wirestack/output\n", "stdout_truncated": false}, {"kind": "check", "package": "wirestack.http", "returncode": 0, "status": "PASS", "stderr": "documentation coverage: symbols 1048/1048 (100%), parameters 473/473 (100%)\n", "stderr_truncated": false, "stdout": "", "stdout_truncated": false}, {"kind": "generate", "package": "wirestack.http", "returncode": 0, "status": "PASS", "stderr": "", "stderr_truncated": false, "stdout": "generated /tmp/wirestack-m7-033-utt8lt3g/wirestack-http/output\n", "stdout_truncated": false}, {"kind": "check", "package": "wirestack.tls", "returncode": 0, "status": "PASS", "stderr": "documentation coverage: symbols 800/800 (100%), parameters 298/298 (100%)\n", "stderr_truncated": false, "stdout": "", "stdout_truncated": false}, {"kind": "generate", "package": "wirestack.tls", "returncode": 0, "status": "PASS", "stderr": "", "stderr_truncated": false, "stdout": "generated /tmp/wirestack-m7-033-utt8lt3g/wirestack-tls/output\n", "stdout_truncated": false}, {"kind": "check", "package": "wirestack.net", "returncode": 0, "status": "PASS", "stderr": "documentation coverage: symbols 887/887 (100%), parameters 424/424 (100%)\n", "stderr_truncated": false, "stdout": "", "stdout_truncated": false}, {"kind": "generate", "package": "wirestack.net", "returncode": 0, "status": "PASS", "stderr": "", "stderr_truncated": false, "stdout": "generated /tmp/wirestack-m7-033-utt8lt3g/wirestack-net/output\n", "stdout_truncated": false}, {"kind": "check", "package": "combined", "returncode": 0, "status": "PASS", "stderr": "documentation coverage: symbols 1443/1443 (100%), parameters 689/689 (100%)\n", "stderr_truncated": false, "stdout": "", "stdout_truncated": false}, {"kind": "generate", "package": "combined", "returncode": 0, "status": "PASS", "stderr": "", "stderr_truncated": false, "stdout": "generated /tmp/wirestack-m7-033-utt8lt3g/combined/output\n", "stdout_truncated": false}], "expectedCjdoc": "0.7.2", "generatedAtUtc": "2026-09-13T13:45:42.251484Z", "issues": [], "layers": [{"apiEntries": 646, "apiSha256": "69378f9dd90fca54576bed883abea3d309535b09546b422ee5dd93737fd72374", "coverage": {"parameters": {"documented": 253, "percent": 100, "total": 253}, "symbols": {"documented": 646, "percent": 100, "total": 646}}, "coverageSha256": "38c008ed140aa4cc6fb436c854610699a0c9ea71cd233ec71d7ca12b63fdbc28", "declarations": 789, "docsSha256": "66eec7d03245ce99b8a0821a39e9765bc8030cd5cc8c00e68392f6372155f79b", "markdownSha256": "3055a19762b460c1f977ca0ed29a1154c7af8cda9d232351ef2bba0e2b409b45", "package": "wirestack", "status": "PASS"}, {"apiEntries": 1048, "apiSha256": "79421833f69c509b6805251a5f20a48b7216faf94b5c397f2a0942a9aff37a59", "coverage": {"parameters": {"documented": 473, "percent": 100, "total": 473}, "symbols": {"documented": 1048, "percent": 100, "total": 1048}}, "coverageSha256": "f322c080ee70a400b3807aa26879ce64b9357d927cd342af6460e2ae50f46ca7", "declarations": 1689, "docsSha256": "d770d732b941fd318e305a4af647954707added482b16ccf75bf1f543467e380", "markdownSha256": "b90982339ea708b7f7715aac927745b2581b6855195119690f6e0f5582139392", "package": "wirestack.http", "status": "PASS"}, {"apiEntries": 800, "apiSha256": "4afa53d04ea7a23f835be0261fb852cfff645148731570fcdacce8972fc652c8", "coverage": {"parameters": {"documented": 298, "percent": 100, "total": 298}, "symbols": {"documented": 800, "percent": 100, "total": 800}}, "coverageSha256": "1277bdbb3a54bcd4f2263c20a0420046ff2d7e320970035eba67c2f04d457eb6", "declarations": 971, "docsSha256": "a4b6b2eb2fbc3e98cd30ab4aa1701326c79dc4a501a2eb701a96e824ec48feca", "markdownSha256": "f11ae8b6080dd249c5c33562a00732f7bbd35c67e423c0bcfc39ae9935b07646", "package": "wirestack.tls", "status": "PASS"}, {"apiEntries": 887, "apiSha256": "4455b181ac56385d5a90c87e89d00a79c1a6cba4c1be65477590546af59c590f", "coverage": {"parameters": {"documented": 424, "percent": 100, "total": 424}, "symbols": {"documented": 887, "percent": 100, "total": 887}}, "coverageSha256": "28526d2cdda06c477c23509da56bd0cbbabbb346afe9afe5e03fcaefe2a4cdf2", "declarations": 1301, "docsSha256": "ba853352adfb121b5bbacf1c8f0ff93e7f778df3e328e1332484b59cab690f67", "markdownSha256": "c665cef542630b9fbda37c53b17bfede25aa487c50b010430c1047257d4e1bfe", "package": "wirestack.net", "status": "PASS"}], "platform": {"libc": "glibc", "machine": "x86_64", "system": "Linux"}, "schemaVersion": 1, "sourceSha256": {"src/byte_span.cj": "4b38c6d184e172a56f0c39308294cbd2485ff683aba4f27028abe07c2b4661c4", "src/cancellation.cj": "c023b65acab9740096dc1ec9a770cf59d7361b2fec3dcdeebb3cc6033d78034d", "src/common.cj": "7a6d9bf1bd56bb9c5209152b2482dee044027f8d348233dcd6cc7b87d1c866e3", "src/deadline.cj": "15c5fd0c7f2dcfb4be7150359990c7c35cde11aa3332f80a9efe9f79e431a7c4", "src/hostname_verifier.cj": "a0d06b89cf163b91339e5690bf1d15d8e94bd4912c2792b35e0cdd09d4e34989", "src/http/cancellation.cj": "bcef35b28607bfcac9aaa92f258b2f5021c6af8b1d321e4cd823b6d0a2f4f3b9", "src/http/client.cj": "97131a36c964f68cbc6697a87a4fd5fe81a5a0d146dee3355b4386a47f97c628", "src/http/cookie.cj": "18c49a032503562bbfb71e021f7d5d2dab9290fc629e71f096a7cb80127c06e5", "src/http/duplex.cj": "e81f52f4efbc0b728a1891d67bc0f3a6292af471d16d992b65e2055e44ffac24", "src/http/error.cj": "d88c54a157e02063ab4048c197631daba3642a9618672841e4b98d3a25d275ad", "src/http/file_handler.cj": "2706ddeadba5c448a9bdf9ed1b604d5fe56c527b001d28ecb3b558b93728df74", "src/http/hooks.cj": "0b6016a645fd69bbb8743e5abfed22b4c325286a450587b4ff87b722ef04f2ed", "src/http/multipart.cj": "5ca596c560f7edc794038a5449fee926a80e51bbdcac888c87feb97d27785c6f", "src/http/package.cj": "edae278034e8047e77649badec506b86ff2e6f3fc530d3eaf68394f77ff43ca0", "src/http/proxy.cj": "9576c9b153192c93943911557e8cce25f567e5ad0357074189437cc17af6fe1d", "src/http/redirect.cj": "e7e9f07fa0bb79299e46c1320b32daf238e702b66fcb8e1368439723d74d96b4", "src/http/resolver.cj": "8c44e5ff6961122d6483c22546a26dab02e8414b88d5e18b954ddcf0b3ff29e4", "src/http/retry.cj": "e889370833f2d5b7df07d4cd13aa3068ab6262e1c2252728cbcc99c788b4199b", "src/http/server.cj": "52ede5995cf2b5ac64948b36334eadd9782cdcaa26e4c2bf3914a85e25cdb529", "src/http/tls.cj": "b232989ad8c4e73d4480dcae4ce40aae55fbedf9ce13b5922cc61b8a6e8a1e62", "src/http/upgrade.cj": "3bf29c0ad5b9fd19f5b2d994d36abcf76cbcc7d22d46c18991378aab705e0f73", "src/http/websocket.cj": "1eafd0d9f728592adea31d4397a8173c98d6ad3551ab4ed84d3b77623b787ba7", "src/http/websocket_handshake.cj": "db5d899be8d22022db1e7aed502ad36c3cc5e52d6dbae8dce53112f797276d59", "src/http_body.cj": "49b72ad2517213133eb693a190061050b655edb02df01eaa414db216c60fc4fe", "src/http_contract.cj": "39d7fe3885f50211393d9e03dc478b7370566bf7b7b3d3f20d0a5d3de3dc9259", "src/http_message.cj": "4033d25f42135e43f498f11d2b459512dcb7c45bce6e91efaa85b18a053e8ef1", "src/http_model.cj": "993ad73017a4da224b98f851e1e39d46fe6016502044b934f7ab191fb0da5a8c", "src/http_push.cj": "5dde5a1ff4cee87c947c1867e56fe0e7b9d2a38e2ca91a597f5a8deb4c2fc20f", "src/http_url.cj": "074cc811771e49030292b278252947af9f29476f67e9fd53f6a82ac473690955", "src/net/datagram_socket_core.cj": "2095e7d3a02c805c3018badf7045b0d76a42a56e101a2e08867f32b676c34ae6", "src/net/dns_client.cj": "a63095f98489b93b83f76cebc878678391d338f9080e15cf2ea7277ff6562622", "src/net/dns_resolver.cj": "65b410bda4ed26d315848f68bdd70b432101153b12e3c5d6dcccd8bea14ec183", "src/net/dns_wire.cj": "08b6bfb5fb7b46502a2a897f44a251765947359408398bcb93442504de28bde0", "src/net/package.cj": "05ee39721856fab3dc82dc4a83baaa0adfd9bb8af4fb38e0af41d4f5cb4430cc", "src/net/tcp_listener.cj": "7735311cd3aa657a3be9a37216cb5a1b404854932ab66480ea78b9f42a2b2b1f", "src/net/udp_socket.cj": "a59cba97d797a3800338f6a8594bfcd0f93456fc926421b2f9bce81149c9546b", "src/net/unix_datagram_socket.cj": "7447856c277d45d943087e3285fd0ade950cf7047fbf232052e1cd9d0a730511", "src/net/unix_listener.cj": "aa964800977f95ff67a6351a91c16d950324bbe0c50d7b01c5f1484f06e01967", "src/net/unix_stream.cj": "399aeac5d19f6457e2342fd7b1af3a76943f00db50a21c1474bed3b3141acb8b", "src/network_error.cj": "4e272f9b9887804f0de87ec032d442a69b49803da66bffa005b7f0282aadc5e5", "src/network_event.cj": "55d93c151752e76c80c441e4bfc639f7d6da77e89ed582bae2ba6a43cdcc3084", "src/operation_context.cj": "523a1c1efaab2f3e6ba0755386460ea504a2caa8ef1453a18134f950c6e1234d", "src/package.cj": "f9035aacfa24f06fe88eda3f16a5cbcf5dbf482b2d86776ea27e09e4861e93d7", "src/private_key_contract.cj": "cb03bb9badc0552c2ac66dbb6bf4842559b5ea17b2aa77284e817a78d63c6e84", "src/resolver.cj": "7b2129a0e3fd4be72ad2dd6adaf0053d5de23a08214157c931d38d7627154b23", "src/tls/facade.cj": "7cdea5920f34d68eb670f0ac701bc9003eb9a0b1823d7c27ccc5d2941692bccd", "src/tls/identity.cj": "763b6b5f60e3afaed998a21ea7d1ca2f7db8d016255e670cab5fb96c2dfbd714", "src/tls/package.cj": "dd45ea5dbcb3846376a1621faf38bdf31e4509e99efb2fbe36b4a9bdb1f3c819", "src/tls_contract.cj": "e8d453029bd16914b5f3c7c3b4b44a5e2e16b69233a27f8b06c633b056a54267", "src/transport.cj": "6781aa3bf538523e02c4807eebff7ac37a773e5dc9bdb427e6a56ace3a0b7033", "src/trust.cj": "f64b49d84a58e034e3976089211f7b645b42e5bc51dbc353f2e0bcec14d17aba"}, "status": "PASS", "targetCfg": {"arch": "x86_64", "env": "gnu", "os": "Linux"}, "taskId": "M7-033"}
The valid serial compilation order is:
    wirestack -> wirestack.internal -> wirestack.internal.identity -> wirestack.internal.platform -> wirestack.internal.platform.android -> wirestack.internal.platform.apple -> wirestack.internal.platform.harmony -> wirestack.internal.platform.linux -> wirestack.internal.platform.windows -> wirestack.internal.common -> wirestack.internal.http_files -> wirestack.internal.http_model -> wirestack.internal.transport -> wirestack.internal.trust -> wirestack.internal.http2 -> wirestack.internal.resolver -> wirestack.internal.tls_engine -> wirestack.internal.connector -> wirestack.tls -> wirestack.internal.http1 -> wirestack.internal.transport_stdnet -> wirestack.net -> wirestack.http
cjpm check success
cjpm build success
--------------------------------------------------------------------------------------------------
TP: wirestack.internal.platform.linux, time elapsed: 12111061 ns, RESULT:
    TCS: LinuxSystemTrustAdapterTest, time elapsed: 12111061 ns, RESULT:
    [ PASSED ] CASE: frozenSearchOrderCoversGlibcAndMuslLayouts (278488 ns)
    [ PASSED ] CASE: currentLinuxHostSelectsOneExplicitUsableSource (9897071 ns)
    [ PASSED ] CASE: missingCandidatesFailWithoutProviderDefaultFallback (53520 ns)
    [ PASSED ] CASE: directoryCandidateRequiresReadableHashedCertificateEntry (265860 ns)
    [ PASSED ] CASE: sourceIdentityChangesWhenSameSizeTrustContentChanges (260402 ns)
Summary: TOTAL: 5
    PASSED: 5, SKIPPED: 0, ERROR: 0
    FAILED: 0
--------------------------------------------------------------------------------------------------
TP: wirestack.internal.http2, time elapsed: 2562319436 ns, RESULT:
    TCS: Http2ClientConnectionTest, time elapsed: 18582284 ns, RESULT:
    [ PASSED ] CASE: encodedHeaderFailureClosesTheConnection (941540 ns)
    [ PASSED ] CASE: tenConcurrentRequestsShareOneConnectionAndMapOutOfOrderResponses (1926938 ns)
    [ PASSED ] CASE: claimedStreamsPublishInitialHeadersInStreamIdOrder (2242422 ns)
    [ PASSED ] CASE: cancelledUnpublishedStreamDoesNotBlockNextClaim (1648497 ns)
    [ PASSED ] CASE: declaredLengthDoesNotReleaseStreamBeforeWireEndStream (561660 ns)
    [ PASSED ] CASE: streamsRequestBodyThroughFlowControlledDataAndEndsLocallyOnce (905963 ns)
    [ PASSED ] CASE: peerResetFailsOnlyItsStreamAndConnectionRemainsUsable (1698965 ns)
    [ PASSED ] CASE: peerGoAwayDrainsConnectionWithoutFailingAcceptedStream (700965 ns)
    [ PASSED ] CASE: connectedStreamOutlivesHandshakeCancellationAndUsesOperationContexts (1548820 ns)
    [ PASSED ] CASE: rejectedConnectReturnsFullResponseAndClosesRequestDirection (1476944 ns)
    [ PASSED ] CASE: enabledPushAttachesBoundedCallerDrivenResponses (3081816 ns)
    TCS: Http2ClientMappingTest, time elapsed: 2992091 ns, RESULT:
    [ PASSED ] CASE: requestMapsOrderedPseudoFieldsAuthorityAndSensitiveHeaders (94885 ns)
    [ PASSED ] CASE: connectUsesOnlyMethodAndAuthorityPseudoFields (54993 ns)
    [ PASSED ] CASE: connectStreamMappingKeepsBothDataDirectionsOpen (88325 ns)
    [ PASSED ] CASE: requestRejectsAuthorityFramingAndConnectionAmbiguity (234618 ns)
    [ PASSED ] CASE: requestHeaderListHonorsHttp2BoundsBeforeHpackMutation (59667 ns)
    [ PASSED ] CASE: requestBodyProvesEofBeforeOneTerminalTrailerBlock (106767 ns)
    [ PASSED ] CASE: requestBodyRejectsPrematureEofAndConfiguredOverflow (105133 ns)
    [ PASSED ] CASE: responseMapsInformationalFinalDataAndTrailersInOrder (95560 ns)
    [ PASSED ] CASE: responseRejectsPseudoOrderCaseAndConnectionFieldsAsStreamErrors (76264 ns)
    [ PASSED ] CASE: responseRejectsInvalidStatusAndTooManyInformationalHeads (153292 ns)
    [ PASSED ] CASE: responseContentLengthMustMatchExactlyAtEndStream (108850 ns)
    [ PASSED ] CASE: streamingResponseMayExceedTheConfiguredRequestBodyBound (23016 ns)
    [ PASSED ] CASE: bodylessAndConnectResponseRulesAreExplicit (108837 ns)
    [ PASSED ] CASE: responseTrailersRequireFinalEndStreamAndRegularAllowedFields (100170 ns)
    [ PASSED ] CASE: promisedRequestValidationPrecedesApplicationPolicy (141325 ns)
    TCS: Http2ClientPushOwnershipTest, time elapsed: 273706 ns, RESULT:
    [ PASSED ] CASE: resetLostOfferIsClosedAndNextOfferRemainsDeliverable (133879 ns)
    TCS: Http2ConformanceTest, time elapsed: 5358492 ns, RESULT:
    [ PASSED ] CASE: invalidFrameOrderMatrixFailsAtConnectionScope (219680 ns)
    [ PASSED ] CASE: continuationSequenceCompletesOnlyOnEndHeaders (108990 ns)
    [ PASSED ] CASE: rstStreamAndGoAwayRaceCompletesOwnerOnceAndCleansRegistrations (4609892 ns)
    TCS: Http2ConnectionStateMachineTest, time elapsed: 4493847 ns, RESULT:
    [ PASSED ] CASE: clientStartEmitsMagicAndSettingsThenPeerSettingsOpens (35877 ns)
    [ PASSED ] CASE: serverConsumesIncrementalMagicBeforeItsFirstSettings (43334 ns)
    [ PASSED ] CASE: invalidOrIncompletePrefaceFailsOnceWithProtocolEvidence (49505 ns)
    [ PASSED ] CASE: firstPeerFrameMustBeNonAcknowledgementSettings (39165 ns)
    [ PASSED ] CASE: openConnectionAppliesSettingsAndCompletesHeaderBlocks (37294 ns)
    [ PASSED ] CASE: peerGoAwayDrainsAndMayOnlyNarrowItsBoundary (57038 ns)
    [ PASSED ] CASE: localDrainUsesProcessedPeerBoundaryAndNeverIncreases (52030 ns)
    [ PASSED ] CASE: racingFinishTransitionsAndPublishesCompletionExactlyOnce (3348058 ns)
    TCS: Http2DeterministicFuzzTest, time elapsed: 59350769 ns, RESULT:
    [ PASSED ] CASE: frameParserDeterministicMutationCorpusStaysBounded (5398718 ns)
    [ PASSED ] CASE: hpackDecoderDeterministicMutationCorpusFailsClosed (53329314 ns)
    [ PASSED ] CASE: protocolLimitBoundaryMutationsRejectOversizedInputs (63935 ns)
    TCS: Http2FlowControllerTest, time elapsed: 2300482883 ns, RESULT:
    [ PASSED ] CASE: windowUpdateCodecIgnoresReservedBitAndRejectsZeroByScope (33676 ns)
    [ PASSED ] CASE: reservationsRespectConnectionStreamAndPeerFrameCredit (49947 ns)
    [ PASSED ] CASE: settingsShrinkPausesReservedDataAndCancellationReleasesIt (47662 ns)
    [ PASSED ] CASE: streamWindowUpdateWakesAReservedPermitAfterSettingsShrink (36597 ns)
    [ PASSED ] CASE: concurrentTryReserveNeverOvercommitsOneStream (278997 ns)
    [ PASSED ] CASE: receiveCreditReturnsOnlyAfterApplicationConsumption (45822 ns)
    [ PASSED ] CASE: smallReceiveReadsCoalesceWindowUpdates (184168 ns)
    [ PASSED ] CASE: stalledConnectionCreditFlushesOnceWithoutChangingSmallReadCoalescing (31699 ns)
    [ PASSED ] CASE: leastRecentlyServedStreamsReceiveCreditBeforeThePreviousOwner (2298035428 ns)
    [ PASSED ] CASE: connectionSendWindowIsSharedAcrossStreams (36575 ns)
    [ PASSED ] CASE: connectionAndStreamWindowViolationsHaveCorrectScope (45824 ns)
    [ PASSED ] CASE: settingsAndWindowOverflowFailAtomically (33292 ns)
    [ PASSED ] CASE: streamCleanupCancelsPermitsAndRestoresOnlyConnectionReceiveCredit (28087 ns)
    [ PASSED ] CASE: dataAccountingUsesTheEntireFramePayload (16626 ns)
    TCS: Http2FrameCodecTest, time elapsed: 803508 ns, RESULT:
    [ PASSED ] CASE: everyRequiredFrameEnvelopeRoundTrips (59325 ns)
    [ PASSED ] CASE: parserAcceptsEverySingleByteBoundaryAndMultipleFrames (42941 ns)
    [ PASSED ] CASE: incompleteInputStaysBoundedUntilCompletion (15621 ns)
    [ PASSED ] CASE: oversizedFrameFailsBeforePayloadBufferingAndParserBecomesTerminal (22566 ns)
    [ PASSED ] CASE: reservedBitIsIgnoredOnReadAndClearedOnWrite (14142 ns)
    [ PASSED ] CASE: unknownFramesAndFlagsRoundTripWithoutInterpretation (18685 ns)
    [ PASSED ] CASE: transportWriterHandlesRepeatedPartialWrites (23387 ns)
    TCS: Http2FrameModelTest, time elapsed: 635705 ns, RESULT:
    [ PASSED ] CASE: frameAndErrorCodesRoundTripIncludingExtensions (25345 ns)
    [ PASSED ] CASE: streamIdentifierIgnoresReservedBitAndKeepsThirtyOneBits (8638 ns)
    [ PASSED ] CASE: limitsAreExplicitAndFrameSizeIsBounded (19660 ns)
    [ PASSED ] CASE: fixedFrameShapesAndStreamScopesAreValidated (42216 ns)
    [ PASSED ] CASE: settingsRejectInvalidProtocolValuesButRetainExtensions (20888 ns)
    [ PASSED ] CASE: unknownFlagsAndFramesRemainForwardCompatible (8753 ns)
    TCS: Http2GoAwayManagerTest, time elapsed: 3053706 ns, RESULT:
    [ PASSED ] CASE: peerBoundaryRetiresOnlyDefinitelyUnprocessedStreams (99227 ns)
    [ PASSED ] CASE: narrowingBoundaryWakesEachNewlyExcludedOwnerExactlyOnce (55196 ns)
    [ PASSED ] CASE: localDrainQueuesGoAwayAndStopsAdmissionBeforeWriterRuns (49241 ns)
    [ PASSED ] CASE: fabricatedReceiveResultCannotDrainAnOpenCoordinator (40271 ns)
    [ PASSED ] CASE: racingAdmissionAndGoAwayNeverLeavesAnExcludedStreamActive (2340829 ns)
    TCS: Http2HeaderBlockAssemblerTest, time elapsed: 668679 ns, RESULT:
    [ PASSED ] CASE: sameStreamContinuationsAssembleInExactOrder (19289 ns)
    [ PASSED ] CASE: continuationWithoutStartWrongStreamAndInterleavingFailConnection (29804 ns)
    [ PASSED ] CASE: paddingAndPriorityOverheadAreExcludedFromHeaderBytes (14443 ns)
    [ PASSED ] CASE: pushPromiseRetainsPromisedStreamAndFragmentOnly (14357 ns)
    [ PASSED ] CASE: invalidPaddingPriorityAndSelfDependencyFailClosed (31610 ns)
    [ PASSED ] CASE: accumulatedCompressedBytesHaveOneHardLimit (18483 ns)
    TCS: Http2ConnectionHealthTest, time elapsed: 414855 ns, RESULT:
    [ PASSED ] CASE: pingCodecAndConnectionAckPreserveOpaqueBytes (28466 ns)
    [ PASSED ] CASE: idleProbeIsSingleOutstandingAndMatchingAckRestoresHealth (86415 ns)
    [ PASSED ] CASE: ordinaryActivityDefersIdleProbeWithoutAllocatingATimer (15770 ns)
    TCS: Http2ConnectionCloserTest, time elapsed: 758342 ns, RESULT:
    [ PASSED ] CASE: gracefulCloseSendsGoAwayWaitsForStreamAndClosesTransportOnce (70122 ns)
    [ PASSED ] CASE: expiredCloseAbortsActiveStreamsWithoutStartingGracefulIo (37614 ns)
    [ PASSED ] CASE: racingShorterDeadlineUpgradesInFlightGracefulCloseToOneAbort (67191 ns)
    [ PASSED ] CASE: concurrentGracefulCallersShareOneTerminalResultAndTransportClose (66197 ns)
    [ PASSED ] CASE: failedGracefulTransportCloseFallsBackToOneAbort (59895 ns)
    TCS: HpackBlockTest, time elapsed: 1676927 ns, RESULT:
    [ PASSED ] CASE: rfcRequestBlocksDecodeWithSharedDynamicState (35119 ns)
    [ PASSED ] CASE: encoderMatchesFirstRfcHuffmanRequestExample (41340 ns)
    [ PASSED ] CASE: literalModesPreserveNeverIndexedAndOnlyIncrementalMutatesTable (795260 ns)
    [ PASSED ] CASE: tableSizeUpdateMustLeadBlockAndRespectAllowedMaximum (24121 ns)
    [ PASSED ] CASE: headerCountListAndCompressedLimitsFailClosed (226245 ns)
    [ PASSED ] CASE: peerCapacityUpdateIsEmittedBeforeHeaders (17607 ns)
    TCS: HpackCoreTest, time elapsed: 702691 ns, RESULT:
    [ PASSED ] CASE: rfcIntegerVectorsEncodeAndDecodeExactly (17491 ns)
    [ PASSED ] CASE: integerRejectsTruncationOverflowAndInvalidPrefix (21832 ns)
    [ PASSED ] CASE: rawStringRoundTripsAndOwnsItsBytes (14476 ns)
    [ PASSED ] CASE: stringLengthLimitAndTruncationFailBeforeCopy (76449 ns)
    [ PASSED ] CASE: staticTableMatchesRfcBoundariesAndRepresentativeEntries (20546 ns)
    [ PASSED ] CASE: everyStaticEntryHasBoundedRfcAccounting (51058 ns)
    TCS: HpackDynamicTableTest, time elapsed: 775139 ns, RESULT:
    [ PASSED ] CASE: newestEntryUsesIndexSixtyTwoAndOlderEntriesShift (11877 ns)
    [ PASSED ] CASE: exactRfcAccountingEvictsOldestEntriesFirst (18823 ns)
    [ PASSED ] CASE: oversizedEntryClearsTheEntireTableWithoutInsertion (10047 ns)
    [ PASSED ] CASE: capacityShrinkEvictsImmediatelyAndPeerLimitIsHard (17153 ns)
    [ PASSED ] CASE: withoutIndexingNeverIndexedAndSensitiveNeverEnterState (18661 ns)
    [ PASSED ] CASE: staticAndDynamicSearchReturnCanonicalLowestIndexes (93542 ns)
    [ PASSED ] CASE: zeroCapacityRetainsNoEntries (9738 ns)
    TCS: HpackHuffmanTest, time elapsed: 39391960 ns, RESULT:
    [ PASSED ] CASE: rfcRequestExamplesEncodeAndDecodeExactly (2201595 ns)
    [ PASSED ] CASE: everyOctetRoundTripsWithinAnExplicitBound (34399143 ns)
    [ PASSED ] CASE: huffmanStringLiteralUsesFlagAndSharedBounds (906638 ns)
    [ PASSED ] CASE: eosInvalidPaddingAndTruncatedPrefixFailClosed (411177 ns)
    [ PASSED ] CASE: decodedAndEncodedOutputLimitsApplyBeforeGrowth (853859 ns)
    TCS: Http2ConnectionReaderTest, time elapsed: 3061165 ns, RESULT:
    [ PASSED ] CASE: oneReaderDecodesEveryByteBoundaryAndDispatchesInWireOrder (394707 ns)
    [ PASSED ] CASE: serverConsumesMagicAndFirstFrameFromTheSameRead (266100 ns)
    [ PASSED ] CASE: eofDuringPrefaceOrFrameFailsAndWakesEveryStream (648431 ns)
    [ PASSED ] CASE: invalidTransportProgressAndHandlerFailureBecomeTerminal (485569 ns)
    [ PASSED ] CASE: readerLoopCanOnlyBeClaimedOnce (250399 ns)
    [ PASSED ] CASE: terminationRegistryIsBoundedRemovableAndExactlyOnce (223899 ns)
    [ PASSED ] CASE: readerRegistryReservesOneListenerBeyondTheStreamLimit (31192 ns)
    TCS: Http2ServerMappingTest, time elapsed: 7334832 ns, RESULT:
    [ PASSED ] CASE: requestHeadMapsPseudoFieldsHostAndContentLength (77103 ns)
    [ PASSED ] CASE: connectAndOptionsTargetsAreMappedStrictly (98200 ns)
    [ PASSED ] CASE: requestRejectsPseudoOrderCaseConnectionAndAuthorityAmbiguity (131890 ns)
    [ PASSED ] CASE: paddedDataReturnsAllFlowCreditAndPublishesTrailers (123563 ns)
    [ PASSED ] CASE: requestQueueIsBoundedBeforeFlowAccountingMutates (88632 ns)
    [ PASSED ] CASE: terminalLengthMismatchDoesNotConsumeFlowWindow (68135 ns)
    [ PASSED ] CASE: responseHeadersBodyFlowAndTrailersMapInOrder (816385 ns)
    [ PASSED ] CASE: streamingResponseMayExceedTheConfiguredRequestBodyBound (668956 ns)
    [ PASSED ] CASE: responseRulesCloseBodiesOnEveryTerminalOrFailurePath (79814 ns)
    [ PASSED ] CASE: handlerRunsOnceAndReleasesRequestOwnership (111855 ns)
    [ PASSED ] CASE: invalidDuplexResponseReleasesPreServeHandoffExactlyOnce (3994965 ns)
    TCS: Http2ServerPushLifecycleTest, time elapsed: 98870634 ns, RESULT:
    [ PASSED ] CASE: largePushDoesNotDelayParentHeadersUntilPushCreditReturns (48293151 ns)
    [ PASSED ] CASE: cancelledPushReleasesItsWorkerSlotForTheNextParent (28220642 ns)
    [ PASSED ] CASE: crossOriginPushIsRejectedAndItsResponseIsClosedBeforeAnyOffer (1700224 ns)
    [ PASSED ] CASE: parentResetWhileWaitingForPushSlotIsRevalidatedBeforeReservation (5920657 ns)
    [ PASSED ] CASE: resetOfBlockedPushDoesNotBlockReaderOrReleaseWorkerSlotEarly (8946302 ns)
    [ PASSED ] CASE: blockingHeaderOnlyBodyCloseDoesNotDelayInboundReset (3172175 ns)
    [ PASSED ] CASE: duplexHandlerReturnAbortsBothStreamDirections (1376882 ns)
    TCS: Http2SettingsTest, time elapsed: 1551333 ns, RESULT:
    [ PASSED ] CASE: codecPreservesKnownUnknownAndRepeatedSettingsInOrder (29057 ns)
    [ PASSED ] CASE: peerBatchAppliesAtomicallyAndReturnsAckAndWindowDelta (19456 ns)
    [ PASSED ] CASE: invalidPeerBatchLeavesEffectiveStateUnchanged (38136 ns)
    [ PASSED ] CASE: localBatchesAreAcknowledgedInFifoOrder (28640 ns)
    [ PASSED ] CASE: unexpectedAckAndPendingBatchOverflowFailClosed (31692 ns)
    [ PASSED ] CASE: advertisedResourceValuesAreCappedByLocalPolicy (24501 ns)
    [ PASSED ] CASE: settingsFrameLengthAndAckPayloadAreRejectedByFrameLayer (48896 ns)
    [ PASSED ] CASE: peerDefaultsAreRfcValuesCappedSeparatelyFromLocalAdvertisement (45221 ns)
    [ PASSED ] CASE: clientPushAdvertisementUsesItsOwnFiniteAdmissionBound (19366 ns)
    [ PASSED ] CASE: serverEnablePushSettingIsRejectedInBothDirections (39451 ns)
    TCS: Http2StreamLifecycleTest, time elapsed: 2955789 ns, RESULT:
    [ PASSED ] CASE: bothEndStreamOrdersReachClosedExactlyOnce (23050 ns)
    [ PASSED ] CASE: initialEndStreamHalfClosesTheInitiatingSide (22814 ns)
    [ PASSED ] CASE: clientAndServerAllocateCorrectMonotonicParity (22104 ns)
    [ PASSED ] CASE: peerParityReuseAndDecreasingIdsFailConnection (62031 ns)
    [ PASSED ] CASE: localAndPeerConcurrencyLimitsAreIndependentAndCapacityReturns (66435 ns)
    [ PASSED ] CASE: invalidHalfClosedDirectionsAndUnknownStreamsFailClosed (67095 ns)
    [ PASSED ] CASE: readerTerminationClosesAndUnregistersEveryActiveStream (61203 ns)
    [ PASSED ] CASE: racingAdmissionNeverExceedsConfiguredBoundOrDuplicatesIds (497488 ns)
    [ PASSED ] CASE: racingEndDirectionsCompleteAndCleanupExactlyOnce (994048 ns)
    TCS: Http2StreamResetManagerTest, time elapsed: 2788594 ns, RESULT:
    [ PASSED ] CASE: rstCodecPreservesKnownAndExtensionCodes (50096 ns)
    [ PASSED ] CASE: localCancelQueuesResetAndReleasesOnlyItsStream (82074 ns)
    [ PASSED ] CASE: peerResetCancelsQueuedDataPermitsAndWakesOwnerOnce (112336 ns)
    [ PASSED ] CASE: resetWakesBlockedServerBodyWithoutClosingConnection (129354 ns)
    [ PASSED ] CASE: racingLocalAndPeerResetCompletesEveryStreamExactlyOnce (1537961 ns)
    [ PASSED ] CASE: queuePressureIsAtomicAndCleanupCreditStaysBoundedForRetry (120592 ns)
    TCS: Http2WriteSchedulerTest, time elapsed: 3494760 ns, RESULT:
    [ PASSED ] CASE: controlPrecedesDataAndPartialWritesDrainGracefully (107476 ns)
    [ PASSED ] CASE: controlBurstIsBoundedAndDataStreamsRotateFairly (336970 ns)
    [ PASSED ] CASE: queueCountAndBytesAreHardAndCancellationReleasesCapacity (61374 ns)
    [ PASSED ] CASE: concurrentProducersStillUseExactlyOneWriter (809805 ns)
    [ PASSED ] CASE: abortInterruptsActiveWriteAndFailsEveryTicket (68398 ns)
    [ PASSED ] CASE: transportFailureFansOutAndTicketWaitHonorsCancellation (55728 ns)
    [ PASSED ] CASE: reservedDataConsumesFlowOnlyWhenTheWriterClaimsIt (33973 ns)
    [ PASSED ] CASE: serverDataEventTransfersItsPermitBeforeWriterClaim (26793 ns)
    [ PASSED ] CASE: cancellingQueuedReservedDataReturnsAllFlowCapacity (28084 ns)
    [ PASSED ] CASE: admittedHeaderBatchSurvivesResetDuringPartialFirstWrite (61390 ns)
    [ PASSED ] CASE: unstartedEncodedHeaderBatchIsIrrevocableAfterAdmission (35116 ns)
    [ PASSED ] CASE: largeHeaderBatchRemainsContiguousPastControlBurstLimit (84013 ns)
    [ PASSED ] CASE: failedHeaderBatchAdmissionTerminatesScheduler (31228 ns)
    [ PASSED ] CASE: concurrentHeaderBatchesStayContiguousOnTheWire (415539 ns)
Summary: TOTAL: 175
    PASSED: 175, SKIPPED: 0, ERROR: 0
    FAILED: 0
--------------------------------------------------------------------------------------------------
TP: wirestack.internal.http1, time elapsed: 1377273247 ns, RESULT:
    TCS: HttpAutomaticHttpsClientTest, time elapsed: 5554925 ns, RESULT:
    [ PASSED ] CASE: h2NegotiationMultiplexesTenRequestsOnOneTlsConnection (3427437 ns)
    [ PASSED ] CASE: http11NegotiationFallsBackAndReusesTheAdoptedConnection (1290322 ns)
    TCS: Http1ChunkedCodecTest, time elapsed: 2128419 ns, RESULT:
    [ PASSED ] CASE: decoderStreamsDataExtensionsTrailersAndRemainder (130242 ns)
    [ PASSED ] CASE: decoderHandlesEveryBoundaryOneByteAtATime (94183 ns)
    [ PASSED ] CASE: encoderProducesCanonicalChunksAndBoundedTrailers (105414 ns)
    [ PASSED ] CASE: rejectsInvalidSizeExtensionAndTerminators (112399 ns)
    [ PASSED ] CASE: enforcesBodyChunkLineAndTrailerBounds (97700 ns)
    [ PASSED ] CASE: streamingResponseKeepsEachChunkBoundedWithoutALifetimeCeiling (132444 ns)
    [ PASSED ] CASE: rejectsForbiddenOrFoldedTrailers (107237 ns)
    [ PASSED ] CASE: eofAndPostCompletionUseFailClosedStates (75719 ns)
    [ PASSED ] CASE: decodeBatchesOwnDataAndRemainingBytes (61367 ns)
    TCS: Http1ClientConnectionTest, time elapsed: 24519719 ns, RESULT:
    [ PASSED ] CASE: expectContinueWaitsForApprovalBeforeOpeningBody (1736631 ns)
    [ PASSED ] CASE: finalRejectionBeforeContinueNeverOpensRequestBody (587316 ns)
    [ PASSED ] CASE: continueWaitTimeoutSendsBodyUnderTheOriginalBudget (19299434 ns)
    [ PASSED ] CASE: serializesRequestsUntilBodyEofThenReusesConnection (729887 ns)
    [ PASSED ] CASE: earlyBodyCloseClosesInsteadOfReturningConnectionForReuse (672957 ns)
    [ PASSED ] CASE: connectionCloseResponseIsNeverReusableAfterEof (598522 ns)
    TCS: Http1CleartextClientTest, time elapsed: 3116919 ns, RESULT:
    [ PASSED ] CASE: resolvesConnectsAndReusesOnlyAfterBodyCompletion (2763351 ns)
    [ PASSED ] CASE: rejectsHttpsBeforeDnsOrPoolMutation (60621 ns)
    TCS: Http1ConnectionPoolTest, time elapsed: 3813361 ns, RESULT:
    [ PASSED ] CASE: emitsSecretFreeAcquireAndReleaseLifecycle (878398 ns)
    [ PASSED ] CASE: reusesOnlyTheSameCompleteKey (351396 ns)
    [ PASSED ] CASE: enforcesTotalPerKeyIdleAndWaiterBounds (459148 ns)
    [ PASSED ] CASE: activeWaitHonorsCancellationAndReleasesWaiterSlot (353845 ns)
    [ PASSED ] CASE: evictsExpiredAndClosedConnectionsInsteadOfReusingThem (456286 ns)
    [ PASSED ] CASE: failedCreationRollsBackItsCapacityReservation (575461 ns)
    TCS: Http1HeadParserTest, time elapsed: 2696617 ns, RESULT:
    [ PASSED ] CASE: requestParsesIncrementallyAndReturnsBodyRemainder (140002 ns)
    [ PASSED ] CASE: oneFeedRetainsBytesAfterTheHead (73057 ns)
    [ PASSED ] CASE: responseParsesStatusReasonHeadersAndFraming (97588 ns)
    [ PASSED ] CASE: acceptsOriginAbsoluteAuthorityAndAsteriskFormsOnlyWhereValid (529863 ns)
    [ PASSED ] CASE: rejectsBareLfObsFoldAndInvalidHeaderSyntax (237815 ns)
    [ PASSED ] CASE: requiresOneValidHostAndMatchingAbsoluteAuthority (393934 ns)
    [ PASSED ] CASE: rejectsInvalidTargetVersionAndBoundViolations (173822 ns)
    [ PASSED ] CASE: completedParserCannotBeReused (71991 ns)
    TCS: Http2Streams1BenchmarkTest, time elapsed: 15909551 ns, RESULT:
    [ PASSED ] CASE: benchmarkOneConcurrentStream (15671074 ns)
    TCS: Http2Streams10BenchmarkTest, time elapsed: 90510960 ns, RESULT:
    [ PASSED ] CASE: benchmarkTenConcurrentStreams (90269501 ns)
    TCS: Http2Streams100BenchmarkTest, time elapsed: 951899548 ns, RESULT:
    [ PASSED ] CASE: benchmarkHundredConcurrentStreams (951629133 ns)
    TCS: Http1HundredConnectionBaselineTest, time elapsed: 29213440 ns, RESULT:
    [ PASSED ] CASE: benchmarkHundredConcurrentConnections (28990490 ns)
    TCS: Http2ConnectionPoolTest, time elapsed: 2203708 ns, RESULT:
    [ PASSED ] CASE: alpnPrefersH2AndFallsBackOnlyToHttp11 (22433 ns)
    [ PASSED ] CASE: oneConnectionIsSharedUntilPeerStreamCapacityIsFull (178168 ns)
    [ PASSED ] CASE: concurrentFirstUseDoesNotCreateAConnectionStampede (590213 ns)
    [ PASSED ] CASE: newConnectionIsPublishedOnlyAfterItsFirstStreamIsAdmitted (74027 ns)
    [ PASSED ] CASE: completeSecurityKeyPreventsCrossContextReuse (110475 ns)
    [ PASSED ] CASE: drainingConnectionRetainsExistingStreamButReceivesNoNewLease (113756 ns)
    [ PASSED ] CASE: drainingConnectionWaitsForNonLocalOwnersBeforeDiscard (66988 ns)
    [ PASSED ] CASE: fullBoundedPoolHonorsOneCallerDeadline (62709 ns)
    [ PASSED ] CASE: poolCloseAbortsEverySharedConnectionExactlyOnce (62454 ns)
    TCS: Http1FramingTest, time elapsed: 1050901 ns, RESULT:
    [ PASSED ] CASE: requestUsesOneSharedEmptyLengthOrChunkedDecision (52095 ns)
    [ PASSED ] CASE: identicalContentLengthsAreAcceptedAcrossFieldsAndLists (29617 ns)
    [ PASSED ] CASE: conflictingOrInvalidContentLengthsAreRejected (96997 ns)
    [ PASSED ] CASE: contentLengthAndTransferEncodingNeverCoexist (36384 ns)
    [ PASSED ] CASE: ambiguousTransferEncodingIsRejected (92491 ns)
    [ PASSED ] CASE: responseHandlesHeadStatusesConnectAndCloseDelimiting (67726 ns)
    [ PASSED ] CASE: bodylessAndSuccessfulConnectResponsesRejectFramingFields (59994 ns)
    TCS: HttpConnectionPoolKeyTest, time elapsed: 354142 ns, RESULT:
    [ PASSED ] CASE: canonicalOriginProducesStableEqualityAndHash (14823 ns)
    [ PASSED ] CASE: everySecurityAndRouteDimensionPartitionsReuse (25645 ns)
    [ PASSED ] CASE: refusesIncompletePartitionIdentities (17444 ns)
    TCS: Http1ProxyClientPipelineTest, time elapsed: 4761144 ns, RESULT:
    [ PASSED ] CASE: dynamicConnectCredentialsNeverReuseAnAuthenticatedTunnel (3105140 ns)
    [ PASSED ] CASE: rejectedConnectDrainsClosesAndReturnsStructuredNonRetryableFailure (1409906 ns)
    TCS: Http1RequestWriterTest, time elapsed: 2172691 ns, RESULT:
    [ PASSED ] CASE: twoStageWriterDoesNotOpenBodyBeforeExplicitCommit (409757 ns)
    [ PASSED ] CASE: writesFixedBodyThroughPartialTransportOperations (322778 ns)
    [ PASSED ] CASE: streamsUnknownLengthBodyAsCanonicalChunks (338499 ns)
    [ PASSED ] CASE: rejectsDeclaredMismatchBeforeWritingAnything (96574 ns)
    [ PASSED ] CASE: prematureBodyEofRetainsPartialCommitEvidence (315175 ns)
    [ PASSED ] CASE: emptyFramingProbesSourceInsteadOfDroppingUnexpectedBytes (137792 ns)
    TCS: Http1ResponseReaderTest, time elapsed: 5077597 ns, RESULT:
    [ PASSED ] CASE: explicitUpgradeTransfersOnlyAMatching101Protocol (418716 ns)
    [ PASSED ] CASE: mismatchedUpgradeResponseFailsClosed (416243 ns)
    [ PASSED ] CASE: explicitConnectTransfersBufferedTunnelBytesAndTransportOwnership (345995 ns)
    [ PASSED ] CASE: failedConnectRemainsAnHttpResponseAndClosesAfterBody (375649 ns)
    [ PASSED ] CASE: readsInterimAndFixedResponseWithoutBufferingTheBody (324625 ns)
    [ PASSED ] CASE: received4xxAnd5xxRemainHttpResponses (543767 ns)
    [ PASSED ] CASE: decodesChunkedResponseAndPublishesTrailerAtEof (339741 ns)
    [ PASSED ] CASE: closeDelimitedBodyCompletesOnlyAtTransportEof (251234 ns)
    [ PASSED ] CASE: chunkedStreamingResponseMayExceedThePerSegmentBodyBound (298795 ns)
    [ PASSED ] CASE: prematureFixedBodyEofAbandonsResponseExactlyOnce (270410 ns)
    [ PASSED ] CASE: rejectsImplicitUpgradeAndConnectTransportTransfer (522842 ns)
    TCS: Http1SerializerTest, time elapsed: 1207684 ns, RESULT:
    [ PASSED ] CASE: clientRequestAddsHostAndUsesOriginForm (64754 ns)
    [ PASSED ] CASE: forwardProxyRequestUsesAbsoluteFormAndOriginHost (70930 ns)
    [ PASSED ] CASE: requestPreservesOrderedMultipleFieldsAndLengthFraming (57206 ns)
    [ PASSED ] CASE: requestRejectsMissingDuplicateOrMismatchedHost (55375 ns)
    [ PASSED ] CASE: responseSerializesStatusAndUsesSharedFraming (34948 ns)
    [ PASSED ] CASE: responseRejectsInjectionAndForbiddenBodyFraming (78369 ns)
    [ PASSED ] CASE: writerHandlesPartialTransportWritesUnderOneContext (85167 ns)
    [ PASSED ] CASE: serializedBytesAreDefensiveCopies (51144 ns)
    TCS: Http1ServerConnectionTest, time elapsed: 5848659 ns, RESULT:
    [ PASSED ] CASE: serializesTwoKeepAliveExchanges (1543989 ns)
    [ PASSED ] CASE: unreadRequestBodyForcesConnectionCloseAfterResponse (771858 ns)
    [ PASSED ] CASE: handlerFailureProducesBounded500AndCloses (667537 ns)
    [ PASSED ] CASE: rejectedHandoffReleasesSessionOwnershipExactlyOnce (1410153 ns)
    [ PASSED ] CASE: selectedUpgradeOfferTransfersBufferedSessionBytes (775274 ns)
    TCS: Http1ServerRequestReaderTest, time elapsed: 13344710 ns, RESULT:
    [ PASSED ] CASE: streamsFixedRequestBodyWithoutReadingPastItsLength (601688 ns)
    [ PASSED ] CASE: decodesChunkedRequestAndPublishesTrailer (712495 ns)
    [ PASSED ] CASE: sendsContinueOnlyWhenHandlerStartsReadingTheBody (10542896 ns)
    [ PASSED ] CASE: rejectingWithoutReadingNeverSendsContinue (834783 ns)
    TCS: Http1ServerTest, time elapsed: 28632552 ns, RESULT:
    [ PASSED ] CASE: shutdownAbortsConnectionBlockedInsideTlsHandshake (8299337 ns)
    [ PASSED ] CASE: acceptSideTlsHookOwnsConnectionAndClosesAfterShutdown (651289 ns)
    [ PASSED ] CASE: gracefulShutdownStopsAcceptAfterCompletedConnection (1018756 ns)
    [ PASSED ] CASE: expiredShutdownAbortsBlockedConnectionAndReturnsBoundedly (7784606 ns)
    [ PASSED ] CASE: connectionLimitPreventsSecondAcceptUntilCapacityReturns (10025274 ns)
    TCS: Http1ServerResponseWriterTest, time elapsed: 1948507 ns, RESULT:
    [ PASSED ] CASE: writesFixedResponseThroughPartialTransportOperations (317309 ns)
    [ PASSED ] CASE: streamsChunkedResponseAndTrailer (328133 ns)
    [ PASSED ] CASE: chunkedStreamingResponseMayExceedThePerSegmentBodyBound (303712 ns)
    [ PASSED ] CASE: headResponseNeverTransfersRepresentationBytes (71707 ns)
    [ PASSED ] CASE: closeDelimitedResponseRequiresConnectionClose (269187 ns)
    [ PASSED ] CASE: rejectsKnownLengthMismatchBeforeCommittingHead (67461 ns)
    TCS: Http1SmugglingCorpusTest, time elapsed: 72560497 ns, RESULT:
    [ PASSED ] CASE: clientAndServerFramingRejectTheSameAmbiguousHeaderCorpus (1773688 ns)
    [ PASSED ] CASE: identicalLengthsAndOneFinalChunkedCodingRemainUnambiguous (580584 ns)
    [ PASSED ] CASE: rejectsWhitespaceTargetAndProxyDifferentialCorpus (578887 ns)
    [ PASSED ] CASE: rejectsMalformedChunkAndTrailerCorpusAtInputOrEof (152422 ns)
    [ PASSED ] CASE: everyAcceptedSingleByteMutationHasACanonicalReparse (62543545 ns)
    [ PASSED ] CASE: chunkedMutationsHaveDeterministicBoundedTerminals (2580413 ns)
    [ PASSED ] CASE: validHeadParsesAtEveryTransportSplitBoundary (3457829 ns)
    TCS: Http1HttpsClientTest, time elapsed: 1342952 ns, RESULT:
    [ PASSED ] CASE: partitionsHandshakesAndReusesHttpsAfterBodyCompletion (1159844 ns)
    TCS: Http1TlsServerTest, time elapsed: 105194723 ns, RESULT:
    [ PASSED ] CASE: alpnServerRejectsAClientWithNoSharedHttpProtocol (44968642 ns)
    [ PASSED ] CASE: automaticClientOffersH2FirstAndFallsBackToServerHttp11 (21725848 ns)
    [ PASSED ] CASE: requiredMutualTlsCarriesAuthenticatedHttp1Exchange (19770629 ns)
    [ PASSED ] CASE: realAwsLcHandshakeCarriesOneHttp1Exchange (17989506 ns)
Summary: TOTAL: 118
    PASSED: 115, SKIPPED: 3, ERROR: 0
    FAILED: 0
--------------------------------------------------------------------------------------------------
TP: wirestack.internal.resolver, time elapsed: 40577846 ns, RESULT:
    TCS: M2006AppleSystemResolverTest, time elapsed: 11004651 ns, RESULT:
    [ PASSED ] CASE: resolvesLocalhostThroughTheProviderNeutralContract (9592293 ns)
    [ PASSED ] CASE: fixtureReturnsAllCandidatesWithoutInventingTtl (15132 ns)
    [ PASSED ] CASE: fixtureAppliesFamilyAndResultBounds (12878 ns)
    [ PASSED ] CASE: fixtureMapsPosixFailuresAndUnknownCodes (16021 ns)
    [ PASSED ] CASE: fixtureCancellationAndDeadlineReturnBeforeNativeCleanup (11354 ns)
    [ PASSED ] CASE: newResolutionObservesNetworkGenerationChange (12304 ns)
    [ PASSED ] CASE: validatesBoundsAndRejectsUseAfterClose (80202 ns)
    [ PASSED ] CASE: fixtureBoundsAdmissionAndReleasesQueuedWorkAfterClose (13082 ns)
    TCS: M2003BoundedResolverBackendTest, time elapsed: 19926892 ns, RESULT:
    [ PASSED ] CASE: resolvesLocalhostWithBoundedMetricsAndIdempotentClose (8743190 ns)
    [ PASSED ] CASE: appliesIpv4FamilyAndRejectsUseAfterClose (9856594 ns)
    [ PASSED ] CASE: validatesPoolBounds (39165 ns)
    [ PASSED ] CASE: nativeFamilyValidationFailsClosedAndPollingBackoffIsBounded (34728 ns)
    [ PASSED ] CASE: preCancelledContextDoesNotSubmitNativeWork (130114 ns)
    [ PASSED ] CASE: delayedNativeWorkDoesNotStarveCangjieHeartbeat (12895 ns)
    [ PASSED ] CASE: cancellationCompletesPromptlyWhileNativeJobCleansUp (13598 ns)
    [ PASSED ] CASE: deadlineCompletesPromptlyWhileNativeJobCleansUp (12945 ns)
    [ PASSED ] CASE: queueAdmissionIsStrictlyBounded (14619 ns)
    TCS: ResolverContractTest, time elapsed: 431234 ns, RESULT:
    [ PASSED ] CASE: resultOwnsDeduplicatedAddressesAndDoesNotInventTtl (34020 ns)
    [ PASSED ] CASE: staticResolverFiltersFamiliesAndHonorsPreCancellation (45121 ns)
    [ PASSED ] CASE: rejectsEmptyFamilyResultAndInvalidLimits (30123 ns)
    TCS: M2002ResolverPublicContractTest, time elapsed: 681378 ns, RESULT:
    [ PASSED ] CASE: resultOwnsAllTypedCandidatesWithoutInventingTtl (35057 ns)
    [ PASSED ] CASE: staticResolverAppliesFamilyAndResultBounds (29207 ns)
    [ PASSED ] CASE: errorsRetainStablePublicCoordinates (40403 ns)
    [ PASSED ] CASE: cancellationAndDeadlineRemainDistinct (38590 ns)
    [ PASSED ] CASE: constructorsRejectInvalidBoundsAndDiagnostics (29070 ns)
    TCS: M2004WindowsSystemResolverTest, time elapsed: 8241054 ns, RESULT:
    [ PASSED ] CASE: resolvesLocalhostThroughTheProviderNeutralContract (7505882 ns)
    [ PASSED ] CASE: fixtureReturnsAllCandidatesWithoutInventingTtl (18536 ns)
    [ PASSED ] CASE: fixtureAppliesFamilyAndResultBounds (11783 ns)
    [ PASSED ] CASE: fixtureMapsWinsockFailuresAndUnknownCodes (11164 ns)
    [ PASSED ] CASE: fixtureCancellationAndDeadlineReturnBeforeNativeCleanup (13842 ns)
    [ PASSED ] CASE: validatesBoundsAndRejectsUseAfterClose (67094 ns)
Summary: TOTAL: 31
    PASSED: 31, SKIPPED: 0, ERROR: 0
    FAILED: 0
--------------------------------------------------------------------------------------------------
TP: wirestack.http, time elapsed: 6853719655 ns, RESULT:
    TCS: RequestBodyTest, time elapsed: 1803425 ns, RESULT:
    [ PASSED ] CASE: byteBodiesOwnInputAndReplayWithIndependentOffsets (234137 ns)
    [ PASSED ] CASE: emptyAndUtf8StringBodiesHaveExactLengths (37788 ns)
    [ PASSED ] CASE: oneShotBodyCanOnlyBeClaimedOnce (54403 ns)
    [ PASSED ] CASE: factoryMustReturnTheDeclaredLengthAndMismatchIsClosed (31296 ns)
    [ PASSED ] CASE: closedStreamRejectsFurtherReads (76208 ns)
    [ PASSED ] CASE: fileBodyStreamsAndReopensWithoutEagerReads (157527 ns)
    [ PASSED ] CASE: fileBodyRejectsOversizeAndChangesBeforeOpen (114153 ns)
    TCS: HttpClientExtensionsTest, time elapsed: 44562879 ns, RESULT:
    [ PASSED ] CASE: nativeCookiesAndServiceHooksSurviveThrowingPoolObservers (33522870 ns)
    [ PASSED ] CASE: mismatchedUpgradePairingsNeverOpenConnections (158005 ns)
    [ PASSED ] CASE: unavailableServerPushClosesTheOwnedResponse (10371094 ns)
    TCS: HttpCookieJarTest, time elapsed: 3403680 ns, RESULT:
    [ PASSED ] CASE: cookieSerializesStandardMetadataWithoutInventingBrowserPolicy (44459 ns)
    [ PASSED ] CASE: hostOnlyAndDomainCookiesDoNotLeakAcrossDnsBoundaries (179503 ns)
    [ PASSED ] CASE: defaultPathAndPathMatchUseDirectoryAndSlashBoundaries (110015 ns)
    [ PASSED ] CASE: maxAgeTakesPrecedenceAndNonPositiveValuesDeleteTheIdentity (151940 ns)
    [ PASSED ] CASE: secureMetadataControlsTransportAndHttpOnlyDoesNotChangeWireSelection (62446 ns)
    [ PASSED ] CASE: valuedSecureAttributeCannotLeakCookiesToCleartext (63676 ns)
    [ PASSED ] CASE: rejectsHeaderInjectionAndInvalidCookieOctetsBeforeStorage (75644 ns)
    [ PASSED ] CASE: capacityHeaderBoundsAndReplacementRemainDeterministic (87198 ns)
    [ PASSED ] CASE: removalClearAndSnapshotsExposeOnlyLiveImmutableCookies (122817 ns)
    [ PASSED ] CASE: concurrentStoresAndReadsRemainRaceFreeAndBounded (1337947 ns)
    TCS: Http1DeterministicFuzzTest, time elapsed: 8490535 ns, RESULT:
    [ PASSED ] CASE: acceptedUrlMutationsRoundTripToOneCanonicalIdentity (4776987 ns)
    [ PASSED ] CASE: acceptedNoProxyMutationsRemainDeterministicAcrossTargets (3138628 ns)
    [ PASSED ] CASE: proxyAuthorizationMutationCannotInjectBeforeDnsOrConnect (212726 ns)
    TCS: HttpErrorTest, time elapsed: 426046 ns, RESULT:
    [ PASSED ] CASE: publicGetMapsInvalidUrlWithoutNetworkSideEffects (120639 ns)
    [ PASSED ] CASE: classifierProvidesStableHttpFailureCodes (46150 ns)
    TCS: HttpFacadeTest, time elapsed: 663583882 ns, RESULT:
    [ PASSED ] CASE: retainedPushContextObservesCancellationAfterParentCompletion (44376 ns)
    [ PASSED ] CASE: finishedPushLifetimeDetachesCompletedRequestCancellation (33182 ns)
    [ PASSED ] CASE: cancellationWrapperPreservesProtocolCompletionPolicy (39012 ns)
    [ PASSED ] CASE: typedCancellationHandlesAreScopedIdempotentAndStopBeforeNetworkIo (3071781 ns)
    [ PASSED ] CASE: publicHttp1ConnectionHandleCancelsBodyAndLeavesClientReusable (7379129 ns)
    [ PASSED ] CASE: publicHttp2StreamAndConnectionHandlesRespectTheirScopes (106382871 ns)
    [ PASSED ] CASE: publicHttp2SlowStreamCannotStarveOneTenOrHundredSiblings (163054542 ns)
    [ PASSED ] CASE: tlsHttp2StreamLimitIsAppliedAcrossConcurrentPublicRequests (27013479 ns)
    [ PASSED ] CASE: tlsFacadeNegotiatesHttp2AndMapsBodyTrailersAndResponse (39573711 ns)
    [ PASSED ] CASE: explicitResolverConnectsPublicClientAndServer (1805812 ns)
    [ PASSED ] CASE: defaultSystemResolverConnectsPublicClientAndServer (263294126 ns)
    [ PASSED ] CASE: clientFollowsOriginRelativeRedirectEndToEnd (3780021 ns)
    [ PASSED ] CASE: clientRetriesOneTemporaryDnsFailureWithinTheSameDeadline (2869576 ns)
    [ PASSED ] CASE: forwardProxyUsesAbsoluteFormIndependentDnsAndHookCredentials (2952436 ns)
    [ PASSED ] CASE: serverBuilderRequiresEndpointAndHandler (36979 ns)
    [ PASSED ] CASE: tlsServerConfigFailsClosedBeforeBinding (214557 ns)
    [ PASSED ] CASE: followedHttp2RedirectClosesUnclaimedPushBeforeClientTeardown (39095542 ns)
    TCS: Http2ConcurrentResponseBodyTest, time elapsed: 25093796 ns, RESULT:
    [ PASSED ] CASE: twoPublicHttp2BodiesCompleteIndependently (24893415 ns)
    TCS: FileHandlerTest, time elapsed: 10295611 ns, RESULT:
    [ PASSED ] CASE: confinedDownloadRejectsTraversalAndSymlinkWhileOpenBodyOutlivesHandler (4301627 ns)
    [ PASSED ] CASE: uploadPublishesOneCompleteBinaryFileAndNeverPublishesRejectedMultipart (5694369 ns)
    TCS: HttpMessageTest, time elapsed: 1039942 ns, RESULT:
    [ PASSED ] CASE: requestFactoriesProduceImmutableProtocolNeutralModels (58373 ns)
    [ PASSED ] CASE: responseEofCompletesObserverExactlyOnce (26424 ns)
    [ PASSED ] CASE: earlyCloseAbandonsObserverExactlyOnce (28955 ns)
    [ PASSED ] CASE: readFailureClosesAndAbandonsTheBody (25415 ns)
    [ PASSED ] CASE: emptyDestinationDoesNotMistakeNoProgressForEof (17082 ns)
    [ PASSED ] CASE: boundedDrainCompletesOnlyWhenEofIsProven (24834 ns)
    [ PASSED ] CASE: invalidSourceProgressFailsClosed (25085 ns)
    [ PASSED ] CASE: responseRejectsInvalidStatusAndReason (34811 ns)
    TCS: MultipartTest, time elapsed: 2955031 ns, RESULT:
    [ PASSED ] CASE: writerStreamsExactBinaryFramingAndReplaysIndependently (227459 ns)
    [ PASSED ] CASE: boundarySeparatorsRoundtripThroughContentTypeAndBody (899483 ns)
    [ PASSED ] CASE: readerPreservesBinaryWhenEveryDelimiterIsSplitAcrossReads (434273 ns)
    [ PASSED ] CASE: closingPartDiscardsOnlyThatPartAndReleasesNextPart (498559 ns)
    [ PASSED ] CASE: malformedAndConfiguredLimitsCloseOwnedSource (118641 ns)
    [ PASSED ] CASE: partCountLimitRejectsBeforeParsingUnboundedAdditionalMetadata (156278 ns)
    TCS: HttpModelTest, time elapsed: 1589257 ns, RESULT:
    [ PASSED ] CASE: methodSupportsStandardAndExtensionTokens (22766 ns)
    [ PASSED ] CASE: headersPreserveOrderAndMultipleValues (41253 ns)
    [ PASSED ] CASE: headersOwnTheirInputAndOutputArrays (23468 ns)
    [ PASSED ] CASE: builderSetAndRemoveUseCaseInsensitiveNames (43383 ns)
    [ PASSED ] CASE: rejectsInjectionAndInvalidNames (45353 ns)
    [ PASSED ] CASE: enforcesCountLineAndTotalLimits (31095 ns)
    [ PASSED ] CASE: urlNormalizesSchemeHostAndDefaultTarget (31730 ns)
    [ PASSED ] CASE: urlPreservesExplicitPortPathAndQuery (45592 ns)
    [ PASSED ] CASE: urlRequiresBracketedIpv6AndKeepsQueryOnlyTargetValid (23514 ns)
    [ PASSED ] CASE: urlRejectsAmbiguousAndUnsafeInputs (97729 ns)
    [ PASSED ] CASE: trailerRejectsRoutingAndFramingFields (136474 ns)
    TCS: HttpProxyPolicyTest, time elapsed: 826723 ns, RESULT:
    [ PASSED ] CASE: noProxyMatchesDnsBoundariesAndOptionalPorts (106435 ns)
    [ PASSED ] CASE: noProxyMatchesTypedIpLiteralsExactlyAndWildcardExplicitly (73640 ns)
    [ PASSED ] CASE: endpointsRetainDnsIpv4AndIpv6RouteIdentity (25982 ns)
    [ PASSED ] CASE: routeSelectionUsesNoProxyWithoutCallingAuthorizationHook (59436 ns)
    [ PASSED ] CASE: rejectsAmbiguousNoProxyPatternsAndEndpointPorts (45950 ns)
    TCS: HttpRedirectPolicyTest, time elapsed: 1109425 ns, RESULT:
    [ PASSED ] CASE: rewritesPostOn302AndRemovesBodyHeaders (98213 ns)
    [ PASSED ] CASE: stripsSensitiveHeadersOnlyAcrossOrigins (144767 ns)
    [ PASSED ] CASE: rejectsDowngradeLimitAndOneShotReplay (160504 ns)
    [ PASSED ] CASE: resolvesSchemeRelativeAndQueryOnlyLocations (82801 ns)
    [ PASSED ] CASE: resolvesRelativePathsAndRemovesDotSegments (111927 ns)
    TCS: HttpRetryPolicyTest, time elapsed: 634455 ns, RESULT:
    [ PASSED ] CASE: retriesOnlyIdempotentReplayableStructuredFailures (62869 ns)
    [ PASSED ] CASE: explicitSafetyAllowsPostButDisabledAndOneShotFailClosed (51103 ns)
    [ PASSED ] CASE: cancellationDeadlineUnknownAndNeverAreNotRetried (47244 ns)
    [ PASSED ] CASE: goAwayRetriesOnlyDefinitelyUnprocessedSafeReplayableRequests (54773 ns)
    TCS: Http1SseStreamingProfileTest, time elapsed: 3012463703 ns, RESULT:
    [ PASSED ] CASE: http1StreamsWithoutLifetimeAccumulationAndCancels (3012255547 ns)
    TCS: Http2SseStreamingProfileTest, time elapsed: 3026080483 ns, RESULT:
    [ PASSED ] CASE: http2StreamsWithoutLifetimeAccumulationAndPreservesSibling (3025809034 ns)
    TCS: M2005SystemResolverTest, time elapsed: 9438081 ns, RESULT:
    [ PASSED ] CASE: resolvesLocalhostThroughThePublicContract (8688617 ns)
    [ PASSED ] CASE: fixtureReturnsAllCandidatesAndDoesNotInventTtl (13513 ns)
    [ PASSED ] CASE: fixtureAppliesFamilyAndResultBounds (8871 ns)
    [ PASSED ] CASE: fixtureMapsStableErrorsAndRetainsNativeEvidence (12325 ns)
    [ PASSED ] CASE: fixtureCancellationAndDeadlineReturnBeforeNativeCleanup (8207 ns)
    [ PASSED ] CASE: validatesBoundsAndRejectsUseAfterClose (73958 ns)
    TCS: WebSocketHandshakeTest, time elapsed: 35718098 ns, RESULT:
    [ PASSED ] CASE: nativeHttp1UpgradeTransfersFramesAndClosesSession (3320016 ns)
    [ PASSED ] CASE: nativeHttp2ExtendedConnectKeepsSiblingRequestsUsable (32043424 ns)
    TCS: WebSocketConnectionTest, time elapsed: 2118633 ns, RESULT:
    [ PASSED ] CASE: fragmentedUtf8AndAutomaticPongSurviveOneByteTransportReads (203584 ns)
    [ PASSED ] CASE: preCancelledSendPerformsNoIoAndLeavesUntouchedSessionHealthy (96166 ns)
    [ PASSED ] CASE: fragmentedMessageBoundRejectsBeforeWritingAndPreservesProgression (124654 ns)
    [ PASSED ] CASE: roleMaskingAndNonCanonicalLengthFailClosedWithProtocolStatus (222983 ns)
    [ PASSED ] CASE: fragmentedTextRejectsInvalidContinuationAtTheMessageBoundary (111009 ns)
    [ PASSED ] CASE: gracefulCloseEchoesStatusAndCompletesBothOwners (150874 ns)
    [ PASSED ] CASE: handshakeCryptoMatchesRfcVectorAndReturnsCanonicalFreshKeyShape (47593 ns)
    [ PASSED ] CASE: framePayloadIsOwnedAndCloseInputIsStrict (59567 ns)
Summary: TOTAL: 105
    PASSED: 102, SKIPPED: 3, ERROR: 0
    FAILED: 0
--------------------------------------------------------------------------------------------------
TP: wirestack.internal.transport_stdnet, time elapsed: 196645041 ns, RESULT:
    TCS: StdNetTransportListenerTest, time elapsed: 91287230 ns, RESULT:
    [ PASSED ] CASE: listenerRejectsOutOfRangeBacklogBeforeBinding (252042 ns)
    [ PASSED ] CASE: listenerPreCancelledAndExpiredAcceptsFailFast (189057 ns)
    [ PASSED ] CASE: listenerDeadlineBoundsBlockedAcceptAndListenerRemainsUsable (38705409 ns)
    [ PASSED ] CASE: listenerCancellationWakesActiveAcceptAndListenerRemainsUsable (40147875 ns)
    [ PASSED ] CASE: listenerCloseWakesActiveAcceptWithStructuredErrorAndIsIdempotent (10866970 ns)
    TCS: M123TransportDiagnosticsTest, time elapsed: 682367 ns, RESULT:
    [ PASSED ] CASE: stdNetReportsRuntimeEndpointsAndCapabilitiesWithoutGuessingIoBackend (302478 ns)
    [ PASSED ] CASE: deterministicTransportUsesTheSameProviderNeutralContract (55378 ns)
    TCS: M127BackgroundFastPathTest, time elapsed: 34318878 ns, RESULT:
    [ PASSED ] CASE: backgroundAndObservedPathsTransferEquivalentData (184792 ns)
    [ PASSED ] CASE: backgroundPeerCloseRemainsEof (184143 ns)
    [ PASSED ] CASE: backgroundLocalCloseRaceRemainsClosed (1257541 ns)
    [ PASSED ] CASE: backgroundStillRejectsConcurrentReaders (1286065 ns)
    [ PASSED ] CASE: cancellableAndDeadlineContextsRetainGenericChecks (166786 ns)
    [ PASSED ] CASE: deadlineTimeoutIsClearedBeforeBackgroundRead (30329654 ns)
    TCS: Net06CancellationGateTest, time elapsed: 4475656 ns, RESULT:
    [ PASSED ] CASE: cancelledReadsReleaseSocketsWaitersAndTasks (4198630 ns)
    TCS: StdNetTransportTest, time elapsed: 62632694 ns, RESULT:
    [ PASSED ] CASE: writeSomeIsPartialAndReusesBoundedConnectionStaging (436845 ns)
    [ PASSED ] CASE: wholeArrayReadAndWriteBypassStagingForATypicalTlsRecord (2732717 ns)
    [ PASSED ] CASE: subrangesRetainBoundedStagingAndCopyAccounting (189469 ns)
    [ PASSED ] CASE: connectsByResolvedIpAndTransfersBothDirections (159956 ns)
    [ PASSED ] CASE: emptyOperationsAreImmediate (159582 ns)
    [ PASSED ] CASE: unsupportedHalfClosePreservesBothDirections (218149 ns)
    [ PASSED ] CASE: cancellationAbortRemainsNativeOwnerAfterLaterClose (1196975 ns)
    [ PASSED ] CASE: listenerCloseWakesBlockedAcceptAsClosed (1122519 ns)
    [ PASSED ] CASE: cancellingOneAcceptLeavesListenerReusable (29263960 ns)
    [ PASSED ] CASE: preCancelledConnectDoesNotCreateASocket (31712 ns)
    [ PASSED ] CASE: peerGracefulCloseIsReportedAsEof (119037 ns)
    [ PASSED ] CASE: deadlineBoundsBlockedReadWithoutClosingConnection (20286435 ns)
    [ PASSED ] CASE: localCloseMapsBlockedReadWithStableEvidence (1239369 ns)
    [ PASSED ] CASE: explicitAbortWakesBlockedReadWithStableEvidence (1172720 ns)
    [ PASSED ] CASE: gracefulNativeCloseRemainsGracefulAfterLaterAbort (138504 ns)
    [ PASSED ] CASE: explicitAbortRemainsNativeOwnerAfterLaterClose (171537 ns)
    [ PASSED ] CASE: unknownConnectFailureMapsWithoutMessageOrNativeCode (113681 ns)
    [ PASSED ] CASE: concurrentReadsFailWithoutDisturbingTheActiveRead (1167634 ns)
    [ PASSED ] CASE: happyEyeballsComposesWithTheDefaultStdNetFactory (317502 ns)
Summary: TOTAL: 50
    PASSED: 33, SKIPPED: 17, ERROR: 0
    FAILED: 0
--------------------------------------------------------------------------------------------------
TP: wirestack.tls, time elapsed: 86118696 ns, RESULT:
    TCS: PublicTlsFacadeTest, time elapsed: 70375094 ns, RESULT:
    [ PASSED ] CASE: clientBuilderRejectsReversedVersionRangeBeforeTransportIo (37673680 ns)
    [ PASSED ] CASE: serverBuilderRequiresAnIdentityBeforeTransportIo (7628452 ns)
    [ PASSED ] CASE: clientBuilderCopiesAlpnAndPublishesProviderNeutralCapabilities (7597126 ns)
    [ PASSED ] CASE: preCancelledHandshakeConsumesAndAbortsTheTransport (16273395 ns)
    TCS: TlsRuntimeTest, time elapsed: 15658298 ns, RESULT:
    [ PASSED ] CASE: reportsHandleFreeLinuxProviderAndBuildIdentity (7683505 ns)
    [ PASSED ] CASE: returnsDefensiveCopiesOfRuntimeInventories (7594951 ns)
Summary: TOTAL: 6
    PASSED: 6, SKIPPED: 0, ERROR: 0
    FAILED: 0
--------------------------------------------------------------------------------------------------
TP: wirestack.net, time elapsed: 1728380293 ns, RESULT:
    TCS: DnsClientWireTest, time elapsed: 975288201 ns, RESULT:
    [ PASSED ] CASE: publicQueryAndLookupUseRealUdpAndRetainAbsoluteCacheExpiry (2511068 ns)
    [ PASSED ] CASE: publicQueryEncodesEveryModeledRecordType (8592178 ns)
    [ PASSED ] CASE: wrongSourceIdAndQuestionAreIgnoredBeforeValidUdpResponse (1061221 ns)
    [ PASSED ] CASE: validatedTruncationFallsBackToExactTcpFrame (1272137 ns)
    [ PASSED ] CASE: activeCancellationRetainsNameserverWithoutRetry (60494182 ns)
    [ PASSED ] CASE: silentDnsAttemptsLeaveBudgetForServerAndPassFailover (504808324 ns)
    [ PASSED ] CASE: exhaustedResponseCodesRetainTheLastRespondingNameserver (4560119 ns)
    [ PASSED ] CASE: unsupportedResponseCodeRetainsRespondingNameserver (1078987 ns)
    [ PASSED ] CASE: dnsTransportFailuresRetainSelectedNameserver (252413032 ns)
    [ PASSED ] CASE: tcpResponseCannotRemainTruncated (2083648 ns)
    [ PASSED ] CASE: malformedMatchingResponseAndUnrelatedSectionsCannotPoisonCache (5150077 ns)
    [ PASSED ] CASE: cnameTraversalUsesAnswerOwnersAndRejectsConflictingTargets (3582551 ns)
    [ PASSED ] CASE: fullResultCapacityDoesNotQueryAnotherFamily (60446086 ns)
    [ PASSED ] CASE: rfc2308CacheRetainsNxdomainVersusNodataWithoutNewPackets (5333252 ns)
    [ PASSED ] CASE: zeroTtlNeverCreatesAPositiveCacheEntry (3406588 ns)
    [ PASSED ] CASE: callerCancellationAndClientCloseWakeActiveNativeReceive (3320605 ns)
    [ PASSED ] CASE: anyFamilyRetainsAddressesWhenTheOtherFamilyFails (6689390 ns)
    [ PASSED ] CASE: crossFamilyConflictsRetainTheLivePeerAlongsideCachedResults (7092888 ns)
    [ PASSED ] CASE: nxdomainInvalidatesVisitedTargetsAndOtherCachedAliases (26037604 ns)
    [ PASSED ] CASE: everyNxdomainInvalidatesPreviouslyCachedAddresses (4573316 ns)
    [ PASSED ] CASE: noncacheableNxdomainStopsOtherFamilyQueries (1838443 ns)
    [ PASSED ] CASE: nameWideNegativeOverridesEarlierFamilyFailure (2576719 ns)
    [ PASSED ] CASE: boundedAdmissionRejectsExcessAndCloseWakesQueuedCallers (1626550 ns)
    TCS: DnsResolverPolicyTest, time elapsed: 284422410 ns, RESULT:
    [ PASSED ] CASE: fromSystemParsesTabsCommentsLastSearchAndClampedNdots (546943 ns)
    [ PASSED ] CASE: directConfigRejectsUnsupportedNameserverZonesBeforeQueries (47131 ns)
    [ PASSED ] CASE: numericNameserverZonesUseCanonicalEndpointIdentity (51085 ns)
    [ PASSED ] CASE: systemNameserversRetainOnlySupportedNumericZones (317326 ns)
    [ PASSED ] CASE: equivalentNameserverScopesDoNotConsumeTheServerLimit (490579 ns)
    [ PASSED ] CASE: configOwnsInputArraysAndReturnsDefensiveCopies (68310 ns)
    [ PASSED ] CASE: adoptedClientRequiresMatchingConfigurationWithoutTakingRejectedOwnership (157807 ns)
    [ PASSED ] CASE: systemFilesFailClosedWhenMissingOversizedOrNonregular (13729473 ns)
    [ PASSED ] CASE: ipv4LiteralsBypassHostsSearchAndNameservers (60294910 ns)
    [ PASSED ] CASE: hostsSnapshotRetainsOnlyUsableIpv6Zones (358002 ns)
    [ PASSED ] CASE: hostsAliasesFilterFamiliesAndRemainSnapshotted (688709 ns)
    [ PASSED ] CASE: trailingRootSkipsSearchWhileNdotsSelectsSearchOrAbsoluteFirst (3254606 ns)
    [ PASSED ] CASE: exactHostsEntryWinsBeforeSearchSuffixDns (200721257 ns)
    [ PASSED ] CASE: cancelledExpiredAndClosedCallsRetainPublicResolveClassifications (319554 ns)
    [ PASSED ] CASE: connectUsesHostsMappingForANativeListenerExchange (651051 ns)
    [ PASSED ] CASE: resolverConnectCarriesOneAbsoluteDeadlineIntoNativeTcpAdmission (345375 ns)
    TCS: DnsWireParserTest, time elapsed: 237622640 ns, RESULT:
    [ PASSED ] CASE: decodesCompressedTargetsBinaryTxtSoaAndUnknownData (119280 ns)
    [ PASSED ] CASE: recordOrderMakesAnswerAuthorityAndAdditionalBoundariesExplicit (45413 ns)
    [ PASSED ] CASE: summariesAndRecordsOwnParserAndConstructorInputs (39559 ns)
    [ PASSED ] CASE: publicSummaryRejectsCountsBeyondWireAndCombinedRecordBounds (234042093 ns)
    [ PASSED ] CASE: parserPreservesQuestionIdentityAndRejectsIncompleteRecords (121207 ns)
    [ PASSED ] CASE: asciiNameProfileRejectsAmbiguousLabels (109354 ns)
    [ PASSED ] CASE: compressionLoopsForwardPointersAndOutOfRangePointersAreRejected (68294 ns)
    [ PASSED ] CASE: expandedNameAndSectionCountsRespectConfiguredBounds (82200 ns)
    [ PASSED ] CASE: completeParserRejectsTrailingAndTruncatedSectionBytes (70235 ns)
    [ PASSED ] CASE: typedRdataLengthsAndTxtSegmentsAreExact (301761 ns)
    [ PASSED ] CASE: compressedRdataNamesCannotConsumeNeighboringRecordBytes (188128 ns)
    [ PASSED ] CASE: srvTargetCompressionIsRejectedEvenWhenPointerIsInBounds (85304 ns)
    [ PASSED ] CASE: summaryConstructorRejectsSectionMetadataThatCouldBlurBoundaries (20290 ns)
    [ PASSED ] CASE: additionalOwnerMayReferenceAuthorityNameserverTarget (41285 ns)
    [ PASSED ] CASE: additionalOwnerMayReferenceSecondLegacyMailboxName (53673 ns)
    TCS: DnsWireFuzzTest, time elapsed: 99477669 ns, RESULT:
    [ PASSED ] CASE: wireMutationsRejectMalformedMessagesOrRetainOwnedSections (99226540 ns)
    TCS: M8002TcpListenerTest, time elapsed: 46767995 ns, RESULT:
    [ PASSED ] CASE: bindRejectsInvalidBacklogAndStoppedContextsWithStructuredErrors (75005 ns)
    [ PASSED ] CASE: bindFailureRetainsPublicCoordinatesAndCause (105806 ns)
    [ PASSED ] CASE: cancelledAndExpiredAcceptsLeaveListenerReusable (22431231 ns)
    [ PASSED ] CASE: acceptedStreamTransfersExactDataInBothDirections (200287 ns)
    [ PASSED ] CASE: overlappingAcceptIsRejectedWithoutCreatingAPendingQueue (20315651 ns)
    [ PASSED ] CASE: stoppedCloseAdmissionHasNoNativeEffectAndListenerRemainsUsable (872281 ns)
    [ PASSED ] CASE: gracefulAndAbortTerminalOwnersAreStableAndWakeAccept (484350 ns)
    TCS: M8002UdpSocketTest, time elapsed: 44118598 ns, RESULT:
    [ PASSED ] CASE: datagramBoundariesAndOwnedPayloadSurviveScratchReuse (747674 ns)
    [ PASSED ] CASE: exactCapacityAndTruncationDiscardOnlyTheCurrentDatagramTail (657572 ns)
    [ PASSED ] CASE: connectedSocketSelectsNativePeerAndFiltersOtherSenders (1363791 ns)
    [ PASSED ] CASE: invalidAndUnsupportedInputsLeaveSocketReusable (7023416 ns)
    [ PASSED ] CASE: cancellationDeadlineCloseAndAbortRetainDistinctState (30633546 ns)
    TCS: NetworkFoundationContractTest, time elapsed: 39481942 ns, RESULT:
    [ PASSED ] CASE: unixEndpointFormsAreDistinctAndOwned (23217 ns)
    [ PASSED ] CASE: unixEndpointRejectsUnboundedNames (39794 ns)
    [ PASSED ] CASE: rawSocketCapabilityBoundaryRequiresDomainSpecificProtocol (63144 ns)
    [ PASSED ] CASE: cancelledConnectFailsBeforeSocketCreation (64157 ns)
    [ PASSED ] CASE: tcpStreamCancellationDistinguishesUntouchedFromAbortedDelegate (115396 ns)
    [ PASSED ] CASE: tcpStreamGracefulCloseIsRetainedAndIdempotent (32721 ns)
    [ PASSED ] CASE: tcpStreamTerminalCloseSkipsStoppedContextsAndCallerClock (109625 ns)
    [ PASSED ] CASE: tcpStreamNonterminalStoppedCloseAdmissionStillRejects (99836 ns)
    [ PASSED ] CASE: tcpStreamCloseNormalizesContextFailureWithoutTakingOwnership (79098 ns)
    [ PASSED ] CASE: tcpStreamAbortRetainsItsCauseAndConnectionFacts (153110 ns)
    [ PASSED ] CASE: tcpStreamDirectionalShutdownPublishesOnlySuccessfulTransitions (64721 ns)
    [ PASSED ] CASE: tcpStreamReadShutdownRejectsEveryReadPathWithoutLosingWrites (83168 ns)
    [ PASSED ] CASE: tcpStreamWriteShutdownRejectsEveryWritePathWithoutLosingReads (83885 ns)
    [ PASSED ] CASE: tcpStreamEmptyOperationsRemainImmediateAfterDirectionalShutdown (31063 ns)
    [ PASSED ] CASE: tcpStreamReadExactAddsCapturedEndpointsToUnexpectedEof (46761 ns)
    [ PASSED ] CASE: tcpStreamReadKeepsPeerEofGraceful (33115 ns)
    [ PASSED ] CASE: tcpStreamReadExactMergesCapturedAndStructuredEndpointMetadata (72209 ns)
    [ PASSED ] CASE: tcpStreamIoConflictsRetainCapturedEndpointsWithoutClosing (137182 ns)
    [ PASSED ] CASE: tcpStreamDirectionalShutdownDoesNotPromoteWokenIoToFailure (113342 ns)
    [ PASSED ] CASE: tcpStreamFinalShutdownRemainsGracefulWhenItWakesIo (66682 ns)
    [ PASSED ] CASE: tcpStreamFailuresRetainOriginalErrorAndReleaseDelegate (100159 ns)
    [ PASSED ] CASE: tcpStreamRetainsNativeCancellationOwnership (1420374 ns)
    [ PASSED ] CASE: tcpStreamNormalizesUnexpectedDelegateFailures (271110 ns)
    [ PASSED ] CASE: tcpStreamPrecancelledIoCannotClaimAnotherClosesOwnership (120574 ns)
    [ PASSED ] CASE: tcpStreamCancellationOwnershipSurvivesOtherObservers (97443 ns)
    [ PASSED ] CASE: tcpStreamAbortCannotRelabelClaimedGracefulNativeClose (35482 ns)
    [ PASSED ] CASE: tcpStreamAbortOwnershipSurvivesCompetingIoAndLateCloseFailure (95102 ns)
    [ PASSED ] CASE: tcpStreamCancellationBoundsCloseWaitAndLateSuccessRemainsGraceful (125861 ns)
    [ PASSED ] CASE: tcpStreamJoiningBackgroundCloseWaitsForCompletion (27600823 ns)
    [ PASSED ] CASE: tcpStreamDeadlineBoundsCloseWaitAndLateSuccessRemainsGraceful (70216 ns)
    [ PASSED ] CASE: tcpStreamLateCloseFailurePublishesFailedWithoutReplacingCallerCancellation (99624 ns)
    [ PASSED ] CASE: tcpStreamAbortRemainsTerminalWhenDetachedCloseFailsLate (82939 ns)
    [ PASSED ] CASE: tcpStreamCloseKeepsGracefulCauseWhenItWakesARead (57367 ns)
    [ PASSED ] CASE: unsafeOptionValueIsBoundedAndOwnedWithoutApplyingIt (83406 ns)
    [ PASSED ] CASE: datagramResultEnforcesTheIpv4PayloadBound (1976745 ns)
    [ PASSED ] CASE: datagramResultSurvivesReceiveBufferReuse (15808 ns)
Summary: TOTAL: 103
    PASSED: 103, SKIPPED: 0, ERROR: 0
    FAILED: 0
--------------------------------------------------------------------------------------------------
TP: wirestack.internal.common, time elapsed: 3636929 ns, RESULT:
    TCS: EndpointTest, time elapsed: 2036199 ns, RESULT:
    [ PASSED ] CASE: acceptsTypedIpv4AndIpv6WithoutDns (256379 ns)
    [ PASSED ] CASE: addressOwnsAnImmutableOctetSnapshot (28961 ns)
    [ PASSED ] CASE: rejectsWrongLengthsAndIpv4Zones (107569 ns)
    [ PASSED ] CASE: ipv6ZoneAndPortBoundariesRemainTypedIdentity (35173 ns)
    [ PASSED ] CASE: rejectsEmptyAndOversizedIpv6Zones (65829 ns)
    TCS: HostNameTest, time elapsed: 1451598 ns, RESULT:
    [ PASSED ] CASE: canonicalizesAsciiCaseAndOneRootDot (88351 ns)
    [ PASSED ] CASE: rejectsAmbiguousOrInvalidDnsNames (238626 ns)
    [ PASSED ] CASE: acceptsAsciiALabelAndExactDnsLengthBoundaries (165064 ns)
    [ PASSED ] CASE: rejectsOneByteBeyondLabelAndHostLimits (70079 ns)
Summary: TOTAL: 9
    PASSED: 9, SKIPPED: 0, ERROR: 0
    FAILED: 0
--------------------------------------------------------------------------------------------------
TP: wirestack.internal.trust, time elapsed: 46116978 ns, RESULT:
    TCS: HostnameVerifierTest, time elapsed: 2004984 ns, RESULT:
    [ PASSED ] CASE: exactDnsAndAsciiIdnaALabelMatchCaseInsensitively (269829 ns)
    [ PASSED ] CASE: wildcardMatchesExactlyOneLeftmostLabelOnly (71634 ns)
    [ PASSED ] CASE: invalidOrOverbroadWildcardsAreRejectedAtCertificateBoundary (66227 ns)
    [ PASSED ] CASE: dnsAndIpReferenceIdentitiesNeverCrossMatch (89114 ns)
    [ PASSED ] CASE: subjectAlternativeNameCountIsHardBounded (190619 ns)
    TCS: M3028HostnameFuzzTest, time elapsed: 42287630 ns, RESULT:
    [ PASSED ] CASE: hostnameMutationsHaveDeterministicTypedTerminals (42067559 ns)
    TCS: TrustPolicyTest, time elapsed: 1640064 ns, RESULT:
    [ PASSED ] CASE: nativeX509ParserAcceptsOneExactDerObjectAndRejectsTrailingBytes (434570 ns)
    [ PASSED ] CASE: certificateAndChainLimitsFailBeforeUnboundedParsingOrCopying (275315 ns)
    [ PASSED ] CASE: everyTrustPolicyHasAStableContentIdentityAndNoTrustAllState (409188 ns)
    [ PASSED ] CASE: pinAlgorithmAndScopeAreExplicitAndMalformedPinsFail (29929 ns)
Summary: TOTAL: 10
    PASSED: 10, SKIPPED: 0, ERROR: 0
    FAILED: 0
--------------------------------------------------------------------------------------------------
TP: wirestack.internal.tls_engine, time elapsed: 23497390848 ns, RESULT:
    TCS: TlsConnectionTest, time elapsed: 12357900 ns, RESULT:
    [ PASSED ] CASE: handshakeTransfersOwnershipAndPlaintextIoUsesTheEngine (1123138 ns)
    [ PASSED ] CASE: oneReadAndOneWriteMayOverlapButSecondReadFailsImmediately (923817 ns)
    [ PASSED ] CASE: handshakeFailureAbortsTransportAndReleasesEngineExactlyOnce (83044 ns)
    [ PASSED ] CASE: expiredHandshakeDeadlineStillConsumesAndAbortsBothInputs (76950 ns)
    [ PASSED ] CASE: ioFailureAbortsAndRepeatedTerminalCallsDoNotReleaseTwice (441333 ns)
    [ PASSED ] CASE: unsupportedHalfCloseDoesNotMutateAnOpenConnection (115660 ns)
    [ PASSED ] CASE: concurrentCloseAndAbortReleaseUnderlyingResourcesOnce (5813330 ns)
    [ PASSED ] CASE: gracefulCloseSendsAndProcessesCloseNotifyBeforeReleasingResources (168436 ns)
    [ PASSED ] CASE: tcpEofDuringGracefulCloseRetainsTruncationAndStillReleasesEverything (137438 ns)
    [ PASSED ] CASE: expiredCloseBudgetStillClosesTransportAndReleasesEngine (123656 ns)
    [ PASSED ] CASE: abortNeverAttemptsTlsShutdownAndRetainsLocalAbortEvidence (66259 ns)
    [ PASSED ] CASE: tcpEofDuringApplicationReadRetainsTruncationBeforeAbort (550939 ns)
    [ PASSED ] CASE: peerCloseNotifyProducesEofEvidenceAndRejectsNewApplicationWrites (845389 ns)
    TCS: Net06TlsTransportCleanupGateTest, time elapsed: 1645846 ns, RESULT:
    [ PASSED ] CASE: failedHandshakesDisposeEngineAndTransportExactlyOnce (1361578 ns)
    TCS: TlsContextTest, time elapsed: 5274127 ns, RESULT:
    [ PASSED ] CASE: linuxCapabilitiesAreExplicitAndNeverInferredFromProviderNames (17484 ns)
    [ PASSED ] CASE: defaultSystemTrustFailsAtBuildUntilLinuxAdapterIsAvailable (190107 ns)
    [ PASSED ] CASE: modernClientContextIsImmutableAndConcurrentShareable (707224 ns)
    [ PASSED ] CASE: strictTls13RejectsAnyTls12Override (212399 ns)
    [ PASSED ] CASE: missingTls13AndHttp2CapabilitiesFailBeforeHandshake (176982 ns)
    [ PASSED ] CASE: alpnRejectsEmptyAndDuplicateProtocolNames (522339 ns)
    [ PASSED ] CASE: serverRequiresServerIdentityAndMtlSTrustAtBuildTime (1042557 ns)
    [ PASSED ] CASE: clientIdentityCapabilityIsValidatedAtBuildTime (1082968 ns)
    TCS: TlsEnginePumpTest, time elapsed: 235071027 ns, RESULT:
    [ PASSED ] CASE: awsLcClientEngineProducesAClientHelloWithoutSocketIo (29719669 ns)
    [ PASSED ] CASE: strictTls13PolicyIsAcceptedByTheNativeEngine (125949 ns)
    [ PASSED ] CASE: LinuxSystemTrustLoadsExplicitlyAndSniStaysSeparateFromReferenceIdentity (15402988 ns)
    [ PASSED ] CASE: customRootChainIsLoadedIntoARealAwsLcClientEngine (378615 ns)
    [ PASSED ] CASE: spkiPinPolicyConfiguresTheNativeVerificationPathBeforeHandshake (165136 ns)
    [ PASSED ] CASE: matchingSpkiPinCompletesARealClientServerHandshake (10630905 ns)
    [ PASSED ] CASE: matchingSpkiPinDoesNotBypassReferenceIdentityVerification (10240729 ns)
    [ PASSED ] CASE: realAwsLcEnginesExchangeCloseNotifyInBothDirections (11070460 ns)
    [ PASSED ] CASE: handshakeInfoReportsNegotiatedAlpnPeerChainAndVerificationEvidence (10997774 ns)
    [ PASSED ] CASE: tls13TicketResumesAcrossFreshEnginesWithoutEarlyData (12082443 ns)
    [ PASSED ] CASE: tls12TicketResumesAcrossFreshEngines (12549390 ns)
    [ PASSED ] CASE: sniSelectsTheCompleteImmutableContextAndItsCertificate (12294989 ns)
    [ PASSED ] CASE: sniSelectorRejectsMissingAndUnknownNamesWithStableEvidence (18623623 ns)
    [ PASSED ] CASE: noSharedAlpnFailsTheHandshakeInsteadOfSilentlySelectingNothing (10381910 ns)
    [ PASSED ] CASE: requiredMutualTlsUsesClientIdentityAndReturnsServerVerificationEvidence (10964089 ns)
    [ PASSED ] CASE: requiredMutualTlsRejectsMissingClientIdentityButOptionalAllowsIt (11886429 ns)
    [ PASSED ] CASE: mismatchedSpkiPinFailsARealClientServerHandshake (9302029 ns)
    [ PASSED ] CASE: externalSignerCompletesARealHandshakeOutsideTheNativeCallback (26400180 ns)
    [ PASSED ] CASE: externalSignerExceptionFailsClosedWithoutCrossingTheCAbi (8389238 ns)
    [ PASSED ] CASE: cancellationBeforeSignerInvocationFailsThePendingNativeOperation (8993333 ns)
    [ PASSED ] CASE: pumpHandlesWantReadWriteAndPartialIoWithBoundedBuffers (52259 ns)
    [ PASSED ] CASE: wantWriteWithoutCiphertextFailsInsteadOfSpinning (86279 ns)
    [ PASSED ] CASE: eofDuringWantReadRetainsTlsHandshakeEvidence (65675 ns)
    [ PASSED ] CASE: preCancellationStopsBeforeCallingProviderOrTransport (71924 ns)
    [ PASSED ] CASE: expiredDeadlineStopsBeforeCallingProviderOrTransport (85293 ns)
    TCS: LocalIdentityTest, time elapsed: 4606680 ns, RESULT:
    [ PASSED ] CASE: pkcs8InputIsExactBoundedAndZeroizable (509453 ns)
    [ PASSED ] CASE: pkcs8FileAdapterReadsOneBoundedRegularFile (502851 ns)
    [ PASSED ] CASE: localIdentityValidatesLeafKeyMatchAndHasStablePublicIdentity (1474169 ns)
    [ PASSED ] CASE: mismatchedCertificateAndPrivateKeyFailAtIdentityBuild (825147 ns)
    [ PASSED ] CASE: externalSignerAndSystemHandleShareOneOpaqueKeyContract (367954 ns)
    [ PASSED ] CASE: duplicateSignerAlgorithmsAndMismatchedSpkiFailAtBuild (334388 ns)
    TCS: M3028TlsFuzzTest, time elapsed: 23236105396 ns, RESULT:
    [ PASSED ] CASE: recordMutationsHaveDeterministicTypedTerminals (9102580148 ns)
    [ PASSED ] CASE: handshakeMutationsHaveDeterministicTypedTerminals (9196968695 ns)
    [ PASSED ] CASE: certificateAdapterMutationsHaveDeterministicTypedTerminals (4935898881 ns)
    TCS: TlsProviderSubstitutionTest, time elapsed: 1208401 ns, RESULT:
    [ PASSED ] CASE: testProviderUsesTheProductionFactoryContract (368281 ns)
    [ PASSED ] CASE: objectsFromDifferentProviderInstancesCannotMix (364286 ns)
    [ PASSED ] CASE: activeEngineRetainsProviderUntilItCloses (24207 ns)
    TCS: TlsSessionStoreTest, time elapsed: 442924 ns, RESULT:
    [ PASSED ] CASE: boundedLruExpiryAndSingleUseAreDeterministic (39939 ns)
    [ PASSED ] CASE: everySecurityPartitionDimensionPreventsReuse (61014 ns)
Summary: TOTAL: 61
    PASSED: 61, SKIPPED: 0, ERROR: 0
    FAILED: 0
--------------------------------------------------------------------------------------------------
TP: wirestack.internal.transport, time elapsed: 192538626 ns, RESULT:
    TCS: ByteSpanTest, time elapsed: 1348059 ns, RESULT:
    [ PASSED ] CASE: defaultsCoverWholeArrayAndEmptyArray (214977 ns)
    [ PASSED ] CASE: sliceAndAdvanceKeepTheOriginalArray (22928 ns)
    [ PASSED ] CASE: mutableViewWritesThroughAndConvertsWithoutCopying (17933 ns)
    [ PASSED ] CASE: permitsBoundaryEmptyRanges (18194 ns)
    [ PASSED ] CASE: rejectsEveryOutOfRangeShape (79395 ns)
    TCS: CancellationTest, time elapsed: 34116476 ns, RESULT:
    [ PASSED ] CASE: cancelIsOneWayAndCallbacksRunExactlyOnce (100032 ns)
    [ PASSED ] CASE: unregisterIsIdempotentAndPreventsPendingCallback (18601 ns)
    [ PASSED ] CASE: alreadyCancelledRegistrationRunsSynchronouslyOnce (17600 ns)
    [ PASSED ] CASE: noneTokenRemainsUsableAndNotCancelled (13411 ns)
    [ PASSED ] CASE: oneFailingCallbackDoesNotBlockOtherWaiters (29236 ns)
    [ PASSED ] CASE: concurrentCancelClaimsEveryCallbackExactlyOnce (12932235 ns)
    [ PASSED ] CASE: registrationRacingCancellationStillRunsExactlyOnce (18264232 ns)
    [ PASSED ] CASE: unregisterRacingCancellationIsAtMostOnce (1511645 ns)
    [ PASSED ] CASE: callbackMayReenterCancellationAndRegistrationWithoutDeadlock (31306 ns)
    TCS: OperationCompletionTest, time elapsed: 23968497 ns, RESULT:
    [ PASSED ] CASE: completionCleansEveryResourceBeforeTheWinnerCallback (33215 ns)
    [ PASSED ] CASE: unregisterAndLateRegistrationHaveExplicitTerminalSemantics (23381 ns)
    [ PASSED ] CASE: cleanupCapacityIsPositiveAndHardBounded (45707 ns)
    [ PASSED ] CASE: cleanupFailuresAndReentrancyCannotBlockTerminalProgress (30685 ns)
    [ PASSED ] CASE: winnerExceptionDoesNotReopenTheCompletion (23923 ns)
    [ PASSED ] CASE: cleanupCountPropertyHoldsAcrossEveryConfiguredOccupancy (246332 ns)
    [ PASSED ] CASE: concurrentTerminalCallersHaveOneWinner (3085015 ns)
    [ PASSED ] CASE: registrationRacingCompletionIsAlwaysCleanedOnce (17871706 ns)
    [ PASSED ] CASE: unregisterRacingCompletionRunsCleanupAtMostOnce (1523456 ns)
    TCS: DeadlineTest, time elapsed: 576376 ns, RESULT:
    [ PASSED ] CASE: remainingUsesTheInjectedMonotonicClock (19924 ns)
    [ PASSED ] CASE: remainingClampsAtZeroAfterExpiry (9572 ns)
    [ PASSED ] CASE: childCanShortenButNeverExtendParent (13006 ns)
    [ PASSED ] CASE: zeroAndExpiredChildrenCannotExtendTheParent (9925 ns)
    [ PASSED ] CASE: rejectsNegativeDurations (29348 ns)
    TCS: TransportLifecycleTest, time elapsed: 4497114 ns, RESULT:
    [ PASSED ] CASE: connectingAndAcceptedPathsReachOpenOnlyInOrder (11825 ns)
    [ PASSED ] CASE: halfCloseIsDirectionalIdempotentAndConvergesOnClosing (38580 ns)
    [ PASSED ] CASE: gracefulCloseIsIdempotentAndCompletesOnlyFromClosing (17456 ns)
    [ PASSED ] CASE: abortAndFailReachEveryNonTerminalStateWithoutOverwritingTerminalEvidence (63260 ns)
    [ PASSED ] CASE: illegalTransitionsHaveStableCodesAndDoNotMutateState (128626 ns)
    [ PASSED ] CASE: closingAndTerminalStatesRejectDataOperationsWithClosedCode (72185 ns)
    [ PASSED ] CASE: operationClaimsAllowDuplexButRejectSameDirectionConcurrency (22429 ns)
    [ PASSED ] CASE: everyTerminalModeReleasesRegisteredResourcesExactlyOnce (25332 ns)
    [ PASSED ] CASE: racingTerminalTransitionsRetainOneWinnerAndOneCleanup (3165183 ns)
    [ PASSED ] CASE: terminalCleanupMayReenterAndItsRegistryRemainsBounded (38565 ns)
    TCS: M124TransportRaceTest, time elapsed: 35364167 ns, RESULT:
    [ PASSED ] CASE: readCloseReleasesBlockedOperationAndDrainsWaiter (4985670 ns)
    [ PASSED ] CASE: writeAbortReleasesBlockedOperationAndDrainsWaiter (9931507 ns)
    [ PASSED ] CASE: successAndCancelOrderingsCompleteOnceWithoutDataLeak (19980022 ns)
    TCS: MemoryTransportListenerTest, time elapsed: 50461858 ns, RESULT:
    [ PASSED ] CASE: rejectsInvalidListenerAndSchedulerBounds (35567 ns)
    [ PASSED ] CASE: listenerDeliversConnectionsInFifoOrderAndBoundsBacklog (93109 ns)
    [ PASSED ] CASE: schedulerDefersDeliveryAndReleasesFailedReservations (61774 ns)
    [ PASSED ] CASE: schedulerRunsMultipleConnectionsInStableFifoOrder (39363 ns)
    [ PASSED ] CASE: cancellationWakesAcceptWithoutClosingListener (9194479 ns)
    [ PASSED ] CASE: deadlineBoundsBlockedAcceptWithoutClosingListener (30051929 ns)
    [ PASSED ] CASE: closeWakesAcceptAndAbortsOwnedConnectionsIdempotently (9926106 ns)
    TCS: MemoryTransportTest, time elapsed: 3880831 ns, RESULT:
    [ PASSED ] CASE: pairTransfersPartialDataInBothDirections (67602 ns)
    [ PASSED ] CASE: emptyBuffersReturnZeroWithoutProducingEofOrPeerData (57347 ns)
    [ PASSED ] CASE: writeShutdownProducesPeerEofAfterBufferedData (78606 ns)
    [ PASSED ] CASE: readShutdownMakesPeerWritesFailAsBrokenPipe (98374 ns)
    [ PASSED ] CASE: cancelledBeforeOperationHasNoDataSideEffect (82054 ns)
    [ PASSED ] CASE: closeAndAbortAreIdempotentAndTerminal (81481 ns)
    [ PASSED ] CASE: cancellationWakesABlockedRead (123165 ns)
    [ PASSED ] CASE: closeWakesABlockedLocalRead (114453 ns)
    [ PASSED ] CASE: writeShutdownWakesABlockedLocalWrite (70586 ns)
    [ PASSED ] CASE: boundedBackpressureResumesAfterPeerReads (237164 ns)
    [ PASSED ] CASE: expiredDeadlineFailsBeforeAnyWrite (73849 ns)
    TCS: NetworkErrorTest, time elapsed: 1062510 ns, RESULT:
    [ PASSED ] CASE: retainsStableClassificationAndEndpointEvidence (55991 ns)
    [ PASSED ] CASE: retainsLocalEndpointCauseAndOptionalDefaults (49115 ns)
    [ PASSED ] CASE: caughtErrorRetainsUnixEndpointBytesNativeCodeAndCause (47659 ns)
    [ PASSED ] CASE: pathnameRejectsNulWhileAbstractRetainsIt (34312 ns)
    TCS: OperationContextTest, time elapsed: 1693160 ns, RESULT:
    [ PASSED ] CASE: backgroundHasNoDeadlineCancellationOrTrace (22780 ns)
    [ PASSED ] CASE: derivedContextsRetainEventSinkAndSinkFailuresAreIsolated (78741 ns)
    [ PASSED ] CASE: derivedContextRetainsCancellationAndTrace (47574 ns)
    [ PASSED ] CASE: derivationHelpersChangeOnlyTheirNamedField (65975 ns)
    [ PASSED ] CASE: earlierDeadlineCannotBeExtended (30788 ns)
    [ PASSED ] CASE: traceIdentifiersAreBoundedAndNonEmpty (75125 ns)
    TCS: ScriptedTransportTest, time elapsed: 32729238 ns, RESULT:
    [ PASSED ] CASE: rejectsUnboundedOrInvalidScripts (160225 ns)
    [ PASSED ] CASE: shortReadAndWriteStepsAreConsumedInOrder (120645 ns)
    [ PASSED ] CASE: emptyIoDoesNotConsumeScriptAndEofIsExplicit (59999 ns)
    [ PASSED ] CASE: resetTerminatesTransportAtInjectedPhase (88622 ns)
    [ PASSED ] CASE: failurePreservesCoordinatesWithoutTerminatingTransport (79255 ns)
    [ PASSED ] CASE: virtualWaiterReleasesBlockedOperationsInFifoOrder (20765512 ns)
    [ PASSED ] CASE: cancellationWinsAReleaseRaceAndCleansWaiter (9725101 ns)
    TCS: TransportHelperTest, time elapsed: 1496923 ns, RESULT:
    [ PASSED ] CASE: writeAllHandlesPartialWritesAndEmptyInput (37308 ns)
    [ PASSED ] CASE: readExactHandlesPartialReads (25106 ns)
    [ PASSED ] CASE: readExactClassifiesPrematureEof (34760 ns)
    [ PASSED ] CASE: emptyHelpersDoNotCallTransport (25498 ns)
    [ PASSED ] CASE: invalidProgressFailsOnceWithoutSpinning (97077 ns)
    [ PASSED ] CASE: cancellationAfterPartialProgressPropagatesWithoutRestart (63853 ns)
    [ PASSED ] CASE: absoluteDeadlineExpiresAcrossPartialRetries (53887 ns)
Summary: TOTAL: 83
    PASSED: 83, SKIPPED: 0, ERROR: 0
    FAILED: 0
--------------------------------------------------------------------------------------------------
TP: wirestack.internal.connector, time elapsed: 14644696 ns, RESULT:
    TCS: AttemptPlanTest, time elapsed: 2261847 ns, RESULT:
    [ PASSED ] CASE: alternatesFamiliesAndPreservesFamilyOrder (444761 ns)
    [ PASSED ] CASE: firstFamilyControlsPreferenceAndDuplicatesAreRemoved (65118 ns)
    [ PASSED ] CASE: distinctIpv6ZonesAreNotDeduplicated (49277 ns)
    [ PASSED ] CASE: rejectsEmptyCandidatesAndNegativeDelay (72307 ns)
    TCS: HappyEyeballsConnectorTest, time elapsed: 9871395 ns, RESULT:
    [ PASSED ] CASE: emitsCompleteDnsAttemptAndConnectedLifecycle (586750 ns)
    [ PASSED ] CASE: blackholedFirstCandidateIsCancelledAndJoinedBeforeReturn (6465764 ns)
    [ PASSED ] CASE: ipv6FirstSuccessSkipsLaterIpv4Attempt (189777 ns)
    [ PASSED ] CASE: simultaneousSuccessKeepsOneWinnerAndAbortsEveryLoser (244821 ns)
    [ PASSED ] CASE: allFailuresAreJoinedAndRetainedAsDiagnostics (206833 ns)
    [ PASSED ] CASE: preCancelledParentStartsNeitherDnsNorAttempts (69554 ns)
    [ PASSED ] CASE: parentCancellationAfterSuccessPreventsWinnerPublication (193200 ns)
    [ PASSED ] CASE: deadlineAtSuccessBoundaryPreventsWinnerPublication (178319 ns)
    TCS: ConnectionRouteTest, time elapsed: 2184245 ns, RESULT:
    [ PASSED ] CASE: directRouteRetainsItsLocalOriginResolver (151887 ns)
    [ PASSED ] CASE: explicitProxySeparatesOriginAndProxyDns (73379 ns)
    [ PASSED ] CASE: typedIpTargetsNeverCarryResolvers (115670 ns)
    [ PASSED ] CASE: rejectsDelegatedDnsWithoutAnOwningProxyAndInvalidConnectTargets (97069 ns)
    [ PASSED ] CASE: networkAndTlsParametersAreBoundedAndOwned (769369 ns)
Summary: TOTAL: 17
    PASSED: 17, SKIPPED: 0, ERROR: 0
    FAILED: 0
--------------------------------------------------------------------------------------------------
Project tests finished, time elapsed: 36771130798 ns, RESULT:
TP: wirestack.*, time elapsed: 36771046889 ns, RESULT:
    PASSED:
    TP: wirestack.internal.platform.linux, time elapsed: 12111061 ns
    TP: wirestack.internal.common, time elapsed: 3636929 ns
    TP: wirestack.internal.transport, time elapsed: 192538626 ns
    TP: wirestack.internal.trust, time elapsed: 46116978 ns
    TP: wirestack.internal.http2, time elapsed: 2562319436 ns
    TP: wirestack.internal.resolver, time elapsed: 40577846 ns
    TP: wirestack.internal.tls_engine, time elapsed: 23497390848 ns
    TP: wirestack.internal.connector, time elapsed: 14644696 ns
    TP: wirestack.tls, time elapsed: 86118696 ns
    TP: wirestack.internal.http1, time elapsed: 1377273247 ns
    TP: wirestack.internal.transport_stdnet, time elapsed: 196645041 ns
    TP: wirestack.net, time elapsed: 1728380293 ns
    TP: wirestack.http, time elapsed: 6853719655 ns
Summary: TOTAL: 773
    PASSED: 750, SKIPPED: 23, ERROR: 0
    FAILED: 0
--------------------------------------------------------------------------------------------------
cjpm test success
