--------------------------------------------------------------------------------------------------
TP: wirestack.internal.tls_engine, time elapsed: 26479811744 ns, RESULT:
    TCS: TlsConnectionTest, time elapsed: 41690479 ns, RESULT:
    [ PASSED ] CASE: handshakeTransfersOwnershipAndPlaintextIoUsesTheEngine (1114011 ns)
    [ PASSED ] CASE: oneReadAndOneWriteMayOverlapButSecondReadFailsImmediately (1013195 ns)
    [ PASSED ] CASE: handshakeFailureAbortsTransportAndReleasesEngineExactlyOnce (82042 ns)
    [ PASSED ] CASE: expiredHandshakeDeadlineStillConsumesAndAbortsBothInputs (78323 ns)
    [ PASSED ] CASE: ioFailureAbortsAndRepeatedTerminalCallsDoNotReleaseTwice (446515 ns)
    [ PASSED ] CASE: unsupportedHalfCloseDoesNotMutateAnOpenConnection (170037 ns)
    [ PASSED ] CASE: concurrentCloseAndAbortReleaseUnderlyingResourcesOnce (6995836 ns)
    [ PASSED ] CASE: gracefulCloseSendsAndProcessesCloseNotifyBeforeReleasingResources (226615 ns)
    [ PASSED ] CASE: tcpEofDuringGracefulCloseRetainsTruncationAndStillReleasesEverything (242907 ns)
    [ PASSED ] CASE: expiredCloseBudgetStillClosesTransportAndReleasesEngine (228526 ns)
    [ PASSED ] CASE: abortNeverAttemptsTlsShutdownAndRetainsLocalAbortEvidence (122500 ns)
    [ PASSED ] CASE: tcpEofDuringApplicationReadRetainsTruncationBeforeAbort (922294 ns)
    [ PASSED ] CASE: peerCloseNotifyProducesEofEvidenceAndRejectsNewApplicationWrites (1006506 ns)
    [ PASSED ] CASE: closeDeadlineExpiresWhileAnExistingBackgroundReadOwnsPumpAdmission (25113327 ns)
    [ PASSED ] CASE: closeCancellationInterruptsAnExistingBackgroundReadWithinTheBound (684624 ns)
    [ PASSED ] CASE: closeCancellationDoesNotWaitBehindAnExistingCiphertextWrite (522794 ns)
    TCS: Net06TlsTransportCleanupGateTest, time elapsed: 1741471 ns, RESULT:
    [ PASSED ] CASE: failedHandshakesDisposeEngineAndTransportExactlyOnce (1557738 ns)
    TCS: TlsContextTest, time elapsed: 4532978 ns, RESULT:
    [ PASSED ] CASE: linuxCapabilitiesAreExplicitAndNeverInferredFromProviderNames (19410 ns)
    [ PASSED ] CASE: defaultSystemTrustFailsAtBuildUntilLinuxAdapterIsAvailable (73620 ns)
    [ PASSED ] CASE: modernClientContextIsImmutableAndConcurrentShareable (464923 ns)
    [ PASSED ] CASE: strictTls13RejectsAnyTls12Override (132662 ns)
    [ PASSED ] CASE: missingTls13AndHttp2CapabilitiesFailBeforeHandshake (176998 ns)
    [ PASSED ] CASE: alpnRejectsEmptyAndDuplicateProtocolNames (379036 ns)
    [ PASSED ] CASE: serverRequiresServerIdentityAndMtlSTrustAtBuildTime (1177892 ns)
    [ PASSED ] CASE: clientIdentityCapabilityIsValidatedAtBuildTime (815108 ns)
    TCS: TlsEnginePumpTest, time elapsed: 292140961 ns, RESULT:
    [ PASSED ] CASE: awsLcClientEngineProducesAClientHelloWithoutSocketIo (34886511 ns)
    [ PASSED ] CASE: strictTls13PolicyIsAcceptedByTheNativeEngine (131061 ns)
    [ PASSED ] CASE: LinuxSystemTrustLoadsExplicitlyAndSniStaysSeparateFromReferenceIdentity (16124960 ns)
    [ PASSED ] CASE: customRootChainIsLoadedIntoARealAwsLcClientEngine (396143 ns)
    [ PASSED ] CASE: spkiPinPolicyConfiguresTheNativeVerificationPathBeforeHandshake (165883 ns)
    [ PASSED ] CASE: matchingSpkiPinCompletesARealClientServerHandshake (13023821 ns)
    [ PASSED ] CASE: matchingSpkiPinDoesNotBypassReferenceIdentityVerification (12637545 ns)
    [ PASSED ] CASE: realAwsLcEnginesExchangeCloseNotifyInBothDirections (11452864 ns)
    [ PASSED ] CASE: handshakeInfoReportsNegotiatedAlpnPeerChainAndVerificationEvidence (13020897 ns)
    [ PASSED ] CASE: tls13TicketResumesAcrossFreshEnginesWithoutEarlyData (13296149 ns)
    [ PASSED ] CASE: tls12TicketResumesAcrossFreshEngines (12858245 ns)
    [ PASSED ] CASE: sniSelectsTheCompleteImmutableContextAndItsCertificate (12946211 ns)
    [ PASSED ] CASE: sniSelectorRejectsMissingAndUnknownNamesWithStableEvidence (21545216 ns)
    [ PASSED ] CASE: noSharedAlpnFailsTheHandshakeInsteadOfSilentlySelectingNothing (8815083 ns)
    [ PASSED ] CASE: requiredMutualTlsUsesClientIdentityAndReturnsServerVerificationEvidence (11410740 ns)
    [ PASSED ] CASE: requiredMutualTlsRejectsMissingClientIdentityButOptionalAllowsIt (12752461 ns)
    [ PASSED ] CASE: mismatchedSpkiPinFailsARealClientServerHandshake (9924005 ns)
    [ PASSED ] CASE: externalSignerCompletesARealHandshakeOutsideTheNativeCallback (17826632 ns)
    [ PASSED ] CASE: externalSignerExceptionFailsClosedWithoutCrossingTheCAbi (9654516 ns)
    [ PASSED ] CASE: cancellationBeforeSignerInvocationFailsThePendingNativeOperation (10396125 ns)
    [ PASSED ] CASE: tls12ContextVersionsPartitionRealClientAndServerSessions (21977265 ns)
    [ PASSED ] CASE: tls13ContextVersionsPartitionRealClientAndServerTickets (21181974 ns)
    [ PASSED ] CASE: pumpHandlesWantReadWriteAndPartialIoWithBoundedBuffers (61473 ns)
    [ PASSED ] CASE: wantWriteWithoutCiphertextFailsInsteadOfSpinning (84864 ns)
    [ PASSED ] CASE: eofDuringWantReadRetainsTlsHandshakeEvidence (74409 ns)
    [ PASSED ] CASE: preCancellationStopsBeforeCallingProviderOrTransport (83387 ns)
    [ PASSED ] CASE: expiredDeadlineStopsBeforeCallingProviderOrTransport (69803 ns)
    TCS: LocalIdentityTest, time elapsed: 4559132 ns, RESULT:
    [ PASSED ] CASE: pkcs8InputIsExactBoundedAndZeroizable (521395 ns)
    [ PASSED ] CASE: pkcs8FileAdapterReadsOneBoundedRegularFile (487736 ns)
    [ PASSED ] CASE: localIdentityValidatesLeafKeyMatchAndHasStablePublicIdentity (1475348 ns)
    [ PASSED ] CASE: mismatchedCertificateAndPrivateKeyFailAtIdentityBuild (732247 ns)
    [ PASSED ] CASE: externalSignerAndSystemHandleShareOneOpaqueKeyContract (376702 ns)
    [ PASSED ] CASE: duplicateSignerAlgorithmsAndMismatchedSpkiFailAtBuild (342415 ns)
    TCS: M3028TlsFuzzTest, time elapsed: 26131165959 ns, RESULT:
    [ PASSED ] CASE: recordMutationsHaveDeterministicTypedTerminals (10392574022 ns)
    [ PASSED ] CASE: handshakeMutationsHaveDeterministicTypedTerminals (10197321977 ns)
    [ PASSED ] CASE: certificateAdapterMutationsHaveDeterministicTypedTerminals (5540643872 ns)
    TCS: TlsM8006ContextTest, time elapsed: 1479820 ns, RESULT:
    [ PASSED ] CASE: sessionPartitionsRetainOnlyTheMatchingContextVersion (32580 ns)
    [ PASSED ] CASE: decryptorRequiresProviderCapabilityAndRsaExternalIdentity (965655 ns)
    [ PASSED ] CASE: keyLogSinkRequiresExplicitProviderCapability (104254 ns)
    TCS: TlsProviderSubstitutionTest, time elapsed: 1234853 ns, RESULT:
    [ PASSED ] CASE: testProviderUsesTheProductionFactoryContract (392408 ns)
    [ PASSED ] CASE: objectsFromDifferentProviderInstancesCannotMix (368311 ns)
    [ PASSED ] CASE: activeEngineRetainsProviderUntilItCloses (24009 ns)
    TCS: TlsSessionStoreTest, time elapsed: 409090 ns, RESULT:
    [ PASSED ] CASE: boundedLruExpiryAndSingleUseAreDeterministic (38771 ns)
    [ PASSED ] CASE: everySecurityPartitionDimensionPreventsReuse (57326 ns)
Summary: TOTAL: 69
    PASSED: 69, SKIPPED: 0, ERROR: 0
    FAILED: 0
--------------------------------------------------------------------------------------------------
Project tests finished, time elapsed: 26487466109 ns, RESULT:
TP: wirestack.*, time elapsed: 26487324279 ns, RESULT:
    PASSED:
    TP: wirestack.internal.tls_engine, time elapsed: 26479811744 ns
Summary: TOTAL: 69
    PASSED: 69, SKIPPED: 0, ERROR: 0
    FAILED: 0
--------------------------------------------------------------------------------------------------
cjpm test success
