M7-022 Linux release soak: FAIL: SOAK_ALREADY_RUNNING: another invocation is active
M0-016 validation: PASS
architecture guard: PASS
{"schema_version": 1, "source_task": "M9-001", "status": "PASS", "native": "NOT_RUN", "rows": 81, "socket_objects": ["TcpListener", "TcpStream", "UdpSocket", "UnixDatagramSocket", "UnixListener", "UnixStream"], "capability_fields": ["ancillaryData", "broadcast", "closeOnExec", "connectedDatagramSend", "halfClose", "multicast", "nonBlocking", "raw", "zeroLengthDatagramSend"], "native_scenarios": ["internet-ipv4", "internet-ipv6", "unix-pathname", "unix-abstract", "capability-contract", "dns-basic", "dns-connect"], "description_digest": {"domain": "text-utf8-lf-v1", "sha256": "6ceadfa19378c2c2663fcbe05bbf211f47bb605277e873dfd173b7b851a2e112"}, "inventory_sha256": "3d6cd0585422a627ff5cbdbfb3c9fd1668f7644cd0a260fe6b5a2bb172cb564b"}
{"artifacts": {"api": "docs/api/generated/api-surface.json", "coverage": "docs/api/generated/coverage.json", "docs": "docs/api/generated/docs.json", "markdown": "docs/api/generated/markdown"}, "cjdoc": {"path": "<cjdoc>", "version": "0.7.2"}, "combined": {"apiEntries": 1482, "apiSha256": "12e515ad7cdae060b1a719d890af2d77b544d95062b70f859f6685d19a073ec5", "coverage": {"parameters": {"documented": 718, "percent": 100, "total": 718}, "symbols": {"documented": 1482, "percent": 100, "total": 1482}}, "coverageSha256": "09cf0017777f1a456986eb2bb3e9b27f2891ce17e7f3f75d04519c35f61c0230", "declarations": 2451, "docsSha256": "34eed2049b3abbc8714da220d3f863ed7d62c8017c4c32fe8c953eb52955f4a6", "markdownSha256": "988b54088600cbe0a4c63d442b309d59a3f11ecb93cf3db6b5ced6bd4f632518", "package": "combined", "status": "PASS"}, "commands": [{"kind": "check", "package": "wirestack", "returncode": 0, "status": "PASS", "stderr": "documentation coverage: symbols 662/662 (100%), parameters 262/262 (100%)\n", "stderr_truncated": false, "stdout": "", "stdout_truncated": false}, {"kind": "generate", "package": "wirestack", "returncode": 0, "status": "PASS", "stderr": "", "stderr_truncated": false, "stdout": "generated <staging>/wirestack/output\n", "stdout_truncated": false}, {"kind": "check", "package": "wirestack.http", "returncode": 0, "status": "PASS", "stderr": "documentation coverage: symbols 1065/1065 (100%), parameters 483/483 (100%)\n", "stderr_truncated": false, "stdout": "", "stdout_truncated": false}, {"kind": "generate", "package": "wirestack.http", "returncode": 0, "status": "PASS", "stderr": "", "stderr_truncated": false, "stdout": "generated <staging>/wirestack-http/output\n", "stdout_truncated": false}, {"kind": "check", "package": "wirestack.tls", "returncode": 0, "status": "PASS", "stderr": "documentation coverage: symbols 838/838 (100%), parameters 326/326 (100%)\n", "stderr_truncated": false, "stdout": "", "stdout_truncated": false}, {"kind": "generate", "package": "wirestack.tls", "returncode": 0, "status": "PASS", "stderr": "", "stderr_truncated": false, "stdout": "generated <staging>/wirestack-tls/output\n", "stdout_truncated": false}, {"kind": "check", "package": "wirestack.net", "returncode": 0, "status": "PASS", "stderr": "documentation coverage: symbols 903/903 (100%), parameters 433/433 (100%)\n", "stderr_truncated": false, "stdout": "", "stdout_truncated": false}, {"kind": "generate", "package": "wirestack.net", "returncode": 0, "status": "PASS", "stderr": "", "stderr_truncated": false, "stdout": "generated <staging>/wirestack-net/output\n", "stdout_truncated": false}, {"kind": "check", "package": "combined", "returncode": 0, "status": "PASS", "stderr": "documentation coverage: symbols 1482/1482 (100%), parameters 718/718 (100%)\n", "stderr_truncated": false, "stdout": "", "stdout_truncated": false}, {"kind": "generate", "package": "combined", "returncode": 0, "status": "PASS", "stderr": "", "stderr_truncated": false, "stdout": "generated <staging>/combined/output\n", "stdout_truncated": false}], "expectedCjdoc": "0.7.2", "generatedAtUtc": "2026-09-22T06:44:05.212813Z", "issues": [], "layers": [{"apiEntries": 662, "apiSha256": "18ef8b0e5e6dd34daae0b7bfc98e0c0c370f7237eb07e72e432c76a13726a88e", "coverage": {"parameters": {"documented": 262, "percent": 100, "total": 262}, "symbols": {"documented": 662, "percent": 100, "total": 662}}, "coverageSha256": "a33481d03da902371e26245f67bb94f450d89ef66b9c0ad36bac6970eaf207b4", "declarations": 808, "docsSha256": "df3c07c4f0458a36021e9f7928e3e0fdbde27785c527e9d40ac60e00094f1014", "markdownSha256": "3055a19762b460c1f977ca0ed29a1154c7af8cda9d232351ef2bba0e2b409b45", "package": "wirestack", "status": "PASS"}, {"apiEntries": 1065, "apiSha256": "8d605ec1ccfbfc0ece970e1f6cf0cd417752366e863c5e38dfeb1817262af271", "coverage": {"parameters": {"documented": 483, "percent": 100, "total": 483}, "symbols": {"documented": 1065, "percent": 100, "total": 1065}}, "coverageSha256": "9985a9ec1ae0dc408cc27e5a3b9ffd58782cc331046e39ba8ef58b6eba5a86c7", "declarations": 1733, "docsSha256": "39e5e92a2904d0b4dccdec819830acb17871a7100fd957d9fceacbf1683c0eb4", "markdownSha256": "b90982339ea708b7f7715aac927745b2581b6855195119690f6e0f5582139392", "package": "wirestack.http", "status": "PASS"}, {"apiEntries": 838, "apiSha256": "3de4d04409af0f532e8a5ccb3cf2790eafbcecbc9e2d8b92144e2e2db31fcdc0", "coverage": {"parameters": {"documented": 326, "percent": 100, "total": 326}, "symbols": {"documented": 838, "percent": 100, "total": 838}}, "coverageSha256": "9911e669daf6b58625ce5c52ba3482cd983ccf34a95439d3d47d87113d5757c1", "declarations": 1014, "docsSha256": "9f261ea3c18964b0dfa3d252e0d00bc0f1e37f0788b8679e97f7cce31d4ed15b", "markdownSha256": "f11ae8b6080dd249c5c33562a00732f7bbd35c67e423c0bcfc39ae9935b07646", "package": "wirestack.tls", "status": "PASS"}, {"apiEntries": 903, "apiSha256": "d416a008dfaf860110a2f729b1cc0b1d5f56c63ae3071834ec9f8c4ffbf8f823", "coverage": {"parameters": {"documented": 433, "percent": 100, "total": 433}, "symbols": {"documented": 903, "percent": 100, "total": 903}}, "coverageSha256": "6371ebd2d7a1b2ee19d799c9f26f93f4c0d25f2647e34ee6622e4e4a29d4b78a", "declarations": 1320, "docsSha256": "4e8924bcf8f379f98bff99e82722a71a600495ce18784e44cd7056deb34cb6a3", "markdownSha256": "c665cef542630b9fbda37c53b17bfede25aa487c50b010430c1047257d4e1bfe", "package": "wirestack.net", "status": "PASS"}], "platform": {"libc": "glibc", "machine": "x86_64", "system": "Linux"}, "schemaVersion": 1, "sourceSha256": {"src/byte_span.cj": "4b38c6d184e172a56f0c39308294cbd2485ff683aba4f27028abe07c2b4661c4", "src/cancellation.cj": "c023b65acab9740096dc1ec9a770cf59d7361b2fec3dcdeebb3cc6033d78034d", "src/common.cj": "7a6d9bf1bd56bb9c5209152b2482dee044027f8d348233dcd6cc7b87d1c866e3", "src/deadline.cj": "15c5fd0c7f2dcfb4be7150359990c7c35cde11aa3332f80a9efe9f79e431a7c4", "src/hostname_verifier.cj": "a0d06b89cf163b91339e5690bf1d15d8e94bd4912c2792b35e0cdd09d4e34989", "src/http/cancellation.cj": "8ff94be6a771af4c56dab7dc982fca0a16e6df1da4d1a14303dfc179f9225537", "src/http/client.cj": "97131a36c964f68cbc6697a87a4fd5fe81a5a0d146dee3355b4386a47f97c628", "src/http/cookie.cj": "5326d61b5121e75e56750a29c960dc97e9b7fc34ba10f62236e3b19adbaee1d8", "src/http/duplex.cj": "e81f52f4efbc0b728a1891d67bc0f3a6292af471d16d992b65e2055e44ffac24", "src/http/error.cj": "d88c54a157e02063ab4048c197631daba3642a9618672841e4b98d3a25d275ad", "src/http/file_handler.cj": "2706ddeadba5c448a9bdf9ed1b604d5fe56c527b001d28ecb3b558b93728df74", "src/http/hooks.cj": "0b6016a645fd69bbb8743e5abfed22b4c325286a450587b4ff87b722ef04f2ed", "src/http/multipart.cj": "506c82b691fa280fc147fa7d6f73aa5ed7b1045f5fa1122bd7c667a62aead36e", "src/http/package.cj": "edae278034e8047e77649badec506b86ff2e6f3fc530d3eaf68394f77ff43ca0", "src/http/proxy.cj": "9576c9b153192c93943911557e8cce25f567e5ad0357074189437cc17af6fe1d", "src/http/redirect.cj": "bb7e2d00e2373436d05b8d4d7a19650768b943afd4ecbe737a49c352ca57be1f", "src/http/resolver.cj": "8c44e5ff6961122d6483c22546a26dab02e8414b88d5e18b954ddcf0b3ff29e4", "src/http/retry.cj": "e889370833f2d5b7df07d4cd13aa3068ab6262e1c2252728cbcc99c788b4199b", "src/http/server.cj": "52ede5995cf2b5ac64948b36334eadd9782cdcaa26e4c2bf3914a85e25cdb529", "src/http/tls.cj": "b232989ad8c4e73d4480dcae4ce40aae55fbedf9ce13b5922cc61b8a6e8a1e62", "src/http/upgrade.cj": "3bf29c0ad5b9fd19f5b2d994d36abcf76cbcc7d22d46c18991378aab705e0f73", "src/http/websocket.cj": "1eafd0d9f728592adea31d4397a8173c98d6ad3551ab4ed84d3b77623b787ba7", "src/http/websocket_handshake.cj": "db5d899be8d22022db1e7aed502ad36c3cc5e52d6dbae8dce53112f797276d59", "src/http_body.cj": "49b72ad2517213133eb693a190061050b655edb02df01eaa414db216c60fc4fe", "src/http_contract.cj": "39d7fe3885f50211393d9e03dc478b7370566bf7b7b3d3f20d0a5d3de3dc9259", "src/http_message.cj": "4033d25f42135e43f498f11d2b459512dcb7c45bce6e91efaa85b18a053e8ef1", "src/http_model.cj": "993ad73017a4da224b98f851e1e39d46fe6016502044b934f7ab191fb0da5a8c", "src/http_push.cj": "5dde5a1ff4cee87c947c1867e56fe0e7b9d2a38e2ca91a597f5a8deb4c2fc20f", "src/http_url.cj": "074cc811771e49030292b278252947af9f29476f67e9fd53f6a82ac473690955", "src/net/datagram_socket_core.cj": "2095e7d3a02c805c3018badf7045b0d76a42a56e101a2e08867f32b676c34ae6", "src/net/dns_client.cj": "a63095f98489b93b83f76cebc878678391d338f9080e15cf2ea7277ff6562622", "src/net/dns_resolver.cj": "65b410bda4ed26d315848f68bdd70b432101153b12e3c5d6dcccd8bea14ec183", "src/net/dns_wire.cj": "08b6bfb5fb7b46502a2a897f44a251765947359408398bcb93442504de28bde0", "src/net/package.cj": "fc7b15161bae9a6c672d47b5ad92c2ed3d04a8e63c5d636321b3aa3ff4586e0e", "src/net/tcp_listener.cj": "7735311cd3aa657a3be9a37216cb5a1b404854932ab66480ea78b9f42a2b2b1f", "src/net/udp_socket.cj": "447942e90a9b274d1633a34a85d83f82b32641e6f76223faf2178be71a39ff0d", "src/net/unix_datagram_socket.cj": "7447856c277d45d943087e3285fd0ade950cf7047fbf232052e1cd9d0a730511", "src/net/unix_listener.cj": "aa964800977f95ff67a6351a91c16d950324bbe0c50d7b01c5f1484f06e01967", "src/net/unix_stream.cj": "399aeac5d19f6457e2342fd7b1af3a76943f00db50a21c1474bed3b3141acb8b", "src/network_error.cj": "4e272f9b9887804f0de87ec032d442a69b49803da66bffa005b7f0282aadc5e5", "src/network_event.cj": "55d93c151752e76c80c441e4bfc639f7d6da77e89ed582bae2ba6a43cdcc3084", "src/operation_context.cj": "523a1c1efaab2f3e6ba0755386460ea504a2caa8ef1453a18134f950c6e1234d", "src/package.cj": "f9035aacfa24f06fe88eda3f16a5cbcf5dbf482b2d86776ea27e09e4861e93d7", "src/private_key_contract.cj": "cb03bb9badc0552c2ac66dbb6bf4842559b5ea17b2aa77284e817a78d63c6e84", "src/resolver.cj": "7b2129a0e3fd4be72ad2dd6adaf0053d5de23a08214157c931d38d7627154b23", "src/tls/facade.cj": "e7d4d1be6695abeb50c9ca8490817f2ef56b9a812f5be58cf9717ec4d3992077", "src/tls/identity.cj": "055c4232b9e44ff3cc768a09f023cd7a19174f5ce0d4dc263ca675af90660d19", "src/tls/package.cj": "5afa752de915ccff3866a81b9dbd0e6d3da1df01e1ecfa7180eb42709694d2b9", "src/tls_contract.cj": "1cbeb94013b9a2b946dd731b335554340862388feadf354162a2f2320bb6dac1", "src/transport.cj": "6781aa3bf538523e02c4807eebff7ac37a773e5dc9bdb427e6a56ace3a0b7033", "src/trust.cj": "f64b49d84a58e034e3976089211f7b645b42e5bc51dbc353f2e0bcec14d17aba"}, "status": "PASS", "targetCfg": {"arch": "x86_64", "env": "gnu", "os": "Linux"}, "taskId": "M7-033"}
The valid serial compilation order is:
    wirestack -> wirestack.internal -> wirestack.internal.identity -> wirestack.internal.platform -> wirestack.internal.platform.android -> wirestack.internal.platform.apple -> wirestack.internal.platform.harmony -> wirestack.internal.platform.linux -> wirestack.internal.platform.windows -> wirestack.internal.common -> wirestack.internal.http_files -> wirestack.internal.http_model -> wirestack.internal.transport -> wirestack.internal.trust -> wirestack.internal.http2 -> wirestack.internal.resolver -> wirestack.internal.tls_engine -> wirestack.internal.connector -> wirestack.tls -> wirestack.internal.http1 -> wirestack.internal.transport_stdnet -> wirestack.net -> wirestack.http
cjpm check success
cjpm build success
--------------------------------------------------------------------------------------------------
TP: wirestack.internal.platform.linux, time elapsed: 20291541 ns, RESULT:
    TCS: LinuxSystemTrustAdapterTest, time elapsed: 20291541 ns, RESULT:
    [ PASSED ] CASE: frozenSearchOrderCoversGlibcAndMuslLayouts (312623 ns)
    [ PASSED ] CASE: currentLinuxHostSelectsOneExplicitUsableSource (16370648 ns)
    [ PASSED ] CASE: missingCandidatesFailWithoutProviderDefaultFallback (123728 ns)
    [ PASSED ] CASE: directoryCandidateRequiresReadableHashedCertificateEntry (422492 ns)
    [ PASSED ] CASE: sourceIdentityChangesWhenSameSizeTrustContentChanges (639722 ns)
Summary: TOTAL: 5
    PASSED: 5, SKIPPED: 0, ERROR: 0
    FAILED: 0
--------------------------------------------------------------------------------------------------
TP: wirestack.http, time elapsed: 14315138809 ns, RESULT:
    TCS: RequestBodyTest, time elapsed: 2065929 ns, RESULT:
    [ PASSED ] CASE: byteBodiesOwnInputAndReplayWithIndependentOffsets (334304 ns)
    [ PASSED ] CASE: emptyAndUtf8StringBodiesHaveExactLengths (27954 ns)
    [ PASSED ] CASE: oneShotBodyCanOnlyBeClaimedOnce (61679 ns)
    [ PASSED ] CASE: factoryMustReturnTheDeclaredLengthAndMismatchIsClosed (26442 ns)
    [ PASSED ] CASE: closedStreamRejectsFurtherReads (39460 ns)
    [ PASSED ] CASE: fileBodyStreamsAndReopensWithoutEagerReads (190168 ns)
    [ PASSED ] CASE: fileBodyRejectsOversizeAndChangesBeforeOpen (135440 ns)
    TCS: HttpClientExtensionsTest, time elapsed: 54602423 ns, RESULT:
    [ PASSED ] CASE: nativeCookiesAndServiceHooksSurviveThrowingPoolObservers (40209657 ns)
    [ PASSED ] CASE: mismatchedUpgradePairingsNeverOpenConnections (312735 ns)
    [ PASSED ] CASE: unavailableServerPushClosesTheOwnedResponse (13174434 ns)
    TCS: HttpCookieJarTest, time elapsed: 314627523 ns, RESULT:
    [ PASSED ] CASE: cookieSerializesStandardMetadataWithoutInventingBrowserPolicy (60351 ns)
    [ PASSED ] CASE: hostOnlyAndDomainCookiesDoNotLeakAcrossDnsBoundaries (468488 ns)
    [ PASSED ] CASE: bundledPublicSuffixRulesProtectRegistrableBoundariesByDefault (1609590 ns)
    [ PASSED ] CASE: defaultPathAndPathMatchUseDirectoryAndSlashBoundaries (253543 ns)
    [ PASSED ] CASE: maxAgeTakesPrecedenceAndNonPositiveValuesDeleteTheIdentity (384722 ns)
    [ PASSED ] CASE: secureMetadataControlsTransportAndHttpOnlyDoesNotChangeWireSelection (165058 ns)
    [ PASSED ] CASE: valuedSecureAttributeCannotLeakCookiesToCleartext (126658 ns)
    [ PASSED ] CASE: cleartextOriginsCannotCreateOrOverlaySecureCookies (577992 ns)
    [ PASSED ] CASE: cleartextQuotaFloodCannotEvictSecureIdentityAndInstallReplacement (378376 ns)
    [ PASSED ] CASE: allSecureQuotaRejectsCleartextInsertionsFromBothStorageEntrypoints (219174 ns)
    [ PASSED ] CASE: rejectsHeaderInjectionAndInvalidCookieOctetsBeforeStorage (175077 ns)
    [ PASSED ] CASE: capacityHeaderBoundsAndReplacementRemainDeterministic (171995 ns)
    [ PASSED ] CASE: removalClearAndSnapshotsExposeOnlyLiveImmutableCookies (135605 ns)
    [ PASSED ] CASE: concurrentStoresAndReadsRemainRaceFreeAndBounded (2165161 ns)
    [ PASSED ] CASE: boundedSetCookieMutationsPreserveScopeAndHeaderSafety (303928562 ns)
    TCS: Http1DeterministicFuzzTest, time elapsed: 15901556 ns, RESULT:
    [ PASSED ] CASE: acceptedUrlMutationsRoundTripToOneCanonicalIdentity (10654977 ns)
    [ PASSED ] CASE: acceptedNoProxyMutationsRemainDeterministicAcrossTargets (3690626 ns)
    [ PASSED ] CASE: proxyAuthorizationMutationCannotInjectBeforeDnsOrConnect (439308 ns)
    TCS: HttpErrorTest, time elapsed: 845234 ns, RESULT:
    [ PASSED ] CASE: publicGetMapsInvalidUrlWithoutNetworkSideEffects (248109 ns)
    [ PASSED ] CASE: classifierProvidesStableHttpFailureCodes (79347 ns)
    TCS: HttpFacadeTest, time elapsed: 1192859895 ns, RESULT:
    [ PASSED ] CASE: requestCancellationOutlivesCompletedParentWhileTransferredPushStalls (107825563 ns)
    [ PASSED ] CASE: cancellationWrapperPreservesProtocolCompletionPolicy (65638 ns)
    [ PASSED ] CASE: typedCancellationHandlesAreScopedIdempotentAndStopBeforeNetworkIo (3425750 ns)
    [ PASSED ] CASE: publicHttp1ConnectionHandleCancelsBodyAndLeavesClientReusable (13575572 ns)
    [ PASSED ] CASE: publicHttp2StreamAndConnectionHandlesRespectTheirScopes (151383904 ns)
    [ PASSED ] CASE: publicHttp2SlowStreamCannotStarveOneTenOrHundredSiblings (390526484 ns)
    [ PASSED ] CASE: tlsHttp2StreamLimitIsAppliedAcrossConcurrentPublicRequests (88490304 ns)
    [ PASSED ] CASE: tlsFacadeNegotiatesHttp2AndMapsBodyTrailersAndResponse (103750172 ns)
    [ PASSED ] CASE: explicitResolverConnectsPublicClientAndServer (5830794 ns)
    [ PASSED ] CASE: defaultSystemResolverConnectsPublicClientAndServer (271445590 ns)
    [ PASSED ] CASE: clientFollowsOriginRelativeRedirectEndToEnd (3576167 ns)
    [ PASSED ] CASE: clientRetriesOneTemporaryDnsFailureWithinTheSameDeadline (2755982 ns)
    [ PASSED ] CASE: forwardProxyUsesAbsoluteFormIndependentDnsAndHookCredentials (2733912 ns)
    [ PASSED ] CASE: serverBuilderRequiresEndpointAndHandler (37461 ns)
    [ PASSED ] CASE: tlsServerConfigFailsClosedBeforeBinding (204676 ns)
    [ PASSED ] CASE: followedHttp2RedirectClosesUnclaimedPushBeforeClientTeardown (36894532 ns)
    TCS: Http2ConcurrentResponseBodyTest, time elapsed: 45227974 ns, RESULT:
    [ PASSED ] CASE: twoPublicHttp2BodiesCompleteIndependently (44508009 ns)
    TCS: FileHandlerTest, time elapsed: 21211878 ns, RESULT:
    [ PASSED ] CASE: confinedDownloadRejectsTraversalAndSymlinkWhileOpenBodyOutlivesHandler (7430419 ns)
    [ PASSED ] CASE: uploadPublishesOneCompleteBinaryFileAndNeverPublishesRejectedMultipart (12290160 ns)
    [ PASSED ] CASE: uploadCommitChecksContextAfterDurabilityBeforePublication (403314 ns)
    TCS: HttpMessageTest, time elapsed: 1936121 ns, RESULT:
    [ PASSED ] CASE: requestFactoriesProduceImmutableProtocolNeutralModels (115447 ns)
    [ PASSED ] CASE: responseEofCompletesObserverExactlyOnce (48174 ns)
    [ PASSED ] CASE: earlyCloseAbandonsObserverExactlyOnce (56475 ns)
    [ PASSED ] CASE: readFailureClosesAndAbandonsTheBody (41932 ns)
    [ PASSED ] CASE: emptyDestinationDoesNotMistakeNoProgressForEof (26944 ns)
    [ PASSED ] CASE: boundedDrainCompletesOnlyWhenEofIsProven (45813 ns)
    [ PASSED ] CASE: invalidSourceProgressFailsClosed (48161 ns)
    [ PASSED ] CASE: responseRejectsInvalidStatusAndReason (78349 ns)
    TCS: MultipartTest, time elapsed: 6400607197 ns, RESULT:
    [ PASSED ] CASE: writerStreamsExactBinaryFramingAndReplaysIndependently (647392 ns)
    [ PASSED ] CASE: boundarySeparatorsRoundtripThroughContentTypeAndBody (2231393 ns)
    [ PASSED ] CASE: readerPreservesBinaryWhenEveryDelimiterIsSplitAcrossReads (1418896 ns)
    [ PASSED ] CASE: closingPartDiscardsOnlyThatPartAndReleasesNextPart (1101572 ns)
    [ PASSED ] CASE: malformedAndConfiguredLimitsCloseOwnedSource (261361 ns)
    [ PASSED ] CASE: partCountLimitRejectsBeforeParsingUnboundedAdditionalMetadata (337776 ns)
    [ PASSED ] CASE: boundedDeterministicWireMutationsAreChunkIndependent (6387217802 ns)
    [ PASSED ] CASE: deterministicMutationHarnessEnforcesSmallLimitsAndOwnedClosure (4887837 ns)
    TCS: HttpModelTest, time elapsed: 2860233 ns, RESULT:
    [ PASSED ] CASE: methodSupportsStandardAndExtensionTokens (38742 ns)
    [ PASSED ] CASE: headersPreserveOrderAndMultipleValues (85805 ns)
    [ PASSED ] CASE: headersOwnTheirInputAndOutputArrays (39123 ns)
    [ PASSED ] CASE: builderSetAndRemoveUseCaseInsensitiveNames (85519 ns)
    [ PASSED ] CASE: rejectsInjectionAndInvalidNames (79266 ns)
    [ PASSED ] CASE: enforcesCountLineAndTotalLimits (33751 ns)
    [ PASSED ] CASE: urlNormalizesSchemeHostAndDefaultTarget (45578 ns)
    [ PASSED ] CASE: urlPreservesExplicitPortPathAndQuery (48441 ns)
    [ PASSED ] CASE: urlRequiresBracketedIpv6AndKeepsQueryOnlyTargetValid (43787 ns)
    [ PASSED ] CASE: urlRejectsAmbiguousAndUnsafeInputs (260325 ns)
    [ PASSED ] CASE: trailerRejectsRoutingAndFramingFields (313561 ns)
    TCS: HttpProxyPolicyTest, time elapsed: 1535593 ns, RESULT:
    [ PASSED ] CASE: noProxyMatchesDnsBoundariesAndOptionalPorts (267212 ns)
    [ PASSED ] CASE: noProxyMatchesTypedIpLiteralsExactlyAndWildcardExplicitly (159882 ns)
    [ PASSED ] CASE: endpointsRetainDnsIpv4AndIpv6RouteIdentity (47236 ns)
    [ PASSED ] CASE: routeSelectionUsesNoProxyWithoutCallingAuthorizationHook (135798 ns)
    [ PASSED ] CASE: rejectsAmbiguousNoProxyPatternsAndEndpointPorts (71518 ns)
    TCS: HttpRedirectPolicyTest, time elapsed: 2267293 ns, RESULT:
    [ PASSED ] CASE: rewritesPostOn302AndRemovesBodyHeaders (206806 ns)
    [ PASSED ] CASE: noFollowPreservesRedirectResponse (83516 ns)
    [ PASSED ] CASE: stripsSensitiveHeadersOnlyAcrossOrigins (305119 ns)
    [ PASSED ] CASE: rejectsDowngradeLimitAndOneShotReplay (356214 ns)
    [ PASSED ] CASE: resolvesSchemeRelativeAndQueryOnlyLocations (89291 ns)
    [ PASSED ] CASE: resolvesRelativePathsAndRemovesDotSegments (250240 ns)
    TCS: HttpRetryPolicyTest, time elapsed: 1305515 ns, RESULT:
    [ PASSED ] CASE: retriesOnlyIdempotentReplayableStructuredFailures (130858 ns)
    [ PASSED ] CASE: explicitSafetyAllowsPostButDisabledAndOneShotFailClosed (122913 ns)
    [ PASSED ] CASE: cancellationDeadlineUnknownAndNeverAreNotRetried (80092 ns)
    [ PASSED ] CASE: goAwayRetriesOnlyDefinitelyUnprocessedSafeReplayableRequests (120641 ns)
    TCS: Http1SseStreamingProfileTest, time elapsed: 3010310873 ns, RESULT:
    [ PASSED ] CASE: http1StreamsWithoutLifetimeAccumulationAndCancels (3009866035 ns)
    TCS: Http2SseStreamingProfileTest, time elapsed: 3048227775 ns, RESULT:
    [ PASSED ] CASE: http2StreamsWithoutLifetimeAccumulationAndPreservesSibling (3047838622 ns)
    TCS: M2005SystemResolverTest, time elapsed: 9437900 ns, RESULT:
    [ PASSED ] CASE: resolvesLocalhostThroughThePublicContract (8402210 ns)
    [ PASSED ] CASE: fixtureReturnsAllCandidatesAndDoesNotInventTtl (19588 ns)
    [ PASSED ] CASE: fixtureAppliesFamilyAndResultBounds (14754 ns)
    [ PASSED ] CASE: fixtureMapsStableErrorsAndRetainsNativeEvidence (9776 ns)
    [ PASSED ] CASE: fixtureCancellationAndDeadlineReturnBeforeNativeCleanup (9515 ns)
    [ PASSED ] CASE: validatesBoundsAndRejectsUseAfterClose (118293 ns)
    TCS: WebSocketHandshakeTest, time elapsed: 44616996 ns, RESULT:
    [ PASSED ] CASE: nativeHttp1UpgradeTransfersFramesAndClosesSession (5008892 ns)
    [ PASSED ] CASE: nativeHttp2ExtendedConnectKeepsSiblingRequestsUsable (39014732 ns)
    TCS: WebSocketConnectionTest, time elapsed: 140465916 ns, RESULT:
    [ PASSED ] CASE: fragmentedUtf8AndAutomaticPongSurviveOneByteTransportReads (304961 ns)
    [ PASSED ] CASE: preCancelledSendPerformsNoIoAndLeavesUntouchedSessionHealthy (113246 ns)
    [ PASSED ] CASE: fragmentedMessageBoundRejectsBeforeWritingAndPreservesProgression (148104 ns)
    [ PASSED ] CASE: roleMaskingAndNonCanonicalLengthFailClosedWithProtocolStatus (330686 ns)
    [ PASSED ] CASE: fragmentedTextRejectsInvalidContinuationAtTheMessageBoundary (239875 ns)
    [ PASSED ] CASE: gracefulCloseEchoesStatusAndCompletesBothOwners (466313 ns)
    [ PASSED ] CASE: handshakeCryptoMatchesRfcVectorAndReturnsCanonicalFreshKeyShape (90715 ns)
    [ PASSED ] CASE: framePayloadIsOwnedAndCloseInputIsStrict (115117 ns)
    [ PASSED ] CASE: boundedDeterministicWireMutationsAreSplitInvariantAndFailClosed (136169327 ns)
Summary: TOTAL: 114
    PASSED: 111, SKIPPED: 3, ERROR: 0
    FAILED: 0
--------------------------------------------------------------------------------------------------
TP: wirestack.tls, time elapsed: 142088791 ns, RESULT:
    TCS: PublicTlsFacadeTest, time elapsed: 106760748 ns, RESULT:
    [ PASSED ] CASE: clientBuilderRejectsReversedVersionRangeBeforeTransportIo (59443701 ns)
    [ PASSED ] CASE: serverBuilderRequiresAnIdentityBeforeTransportIo (11515252 ns)
    [ PASSED ] CASE: clientBuilderCopiesAlpnAndPublishesProviderNeutralCapabilities (13551992 ns)
    [ PASSED ] CASE: preCancelledHandshakeConsumesAndAbortsTheTransport (20087738 ns)
    TCS: TlsM8006ContractTest, time elapsed: 11458535 ns, RESULT:
    [ PASSED ] CASE: externalDecryptionRequestIsStrictlyRawRsaBoundedAndOwned (103781 ns)
    [ PASSED ] CASE: keyLogLineAcceptsOnlyBoundedNssShapeAndOwnsSecrets (136203 ns)
    [ PASSED ] CASE: clientContextRejectsExternalDecryptionBeforeHandshake (10361925 ns)
    TCS: TlsRuntimeTest, time elapsed: 23488811 ns, RESULT:
    [ PASSED ] CASE: reportsHandleFreeLinuxProviderAndBuildIdentity (9767866 ns)
    [ PASSED ] CASE: returnsDefensiveCopiesOfRuntimeInventories (12970851 ns)
Summary: TOTAL: 9
    PASSED: 9, SKIPPED: 0, ERROR: 0
    FAILED: 0
--------------------------------------------------------------------------------------------------
TP: wirestack.internal.resolver, time elapsed: 41347977 ns, RESULT:
    TCS: M2006AppleSystemResolverTest, time elapsed: 12626164 ns, RESULT:
    [ PASSED ] CASE: resolvesLocalhostThroughTheProviderNeutralContract (9534316 ns)
    [ PASSED ] CASE: fixtureReturnsAllCandidatesWithoutInventingTtl (42580 ns)
    [ PASSED ] CASE: fixtureAppliesFamilyAndResultBounds (28133 ns)
    [ PASSED ] CASE: fixtureMapsPosixFailuresAndUnknownCodes (32347 ns)
    [ PASSED ] CASE: fixtureCancellationAndDeadlineReturnBeforeNativeCleanup (13811 ns)
    [ PASSED ] CASE: newResolutionObservesNetworkGenerationChange (16697 ns)
    [ PASSED ] CASE: validatesBoundsAndRejectsUseAfterClose (133853 ns)
    [ PASSED ] CASE: fixtureBoundsAdmissionAndReleasesQueuedWorkAfterClose (17896 ns)
    TCS: M2003BoundedResolverBackendTest, time elapsed: 18571287 ns, RESULT:
    [ PASSED ] CASE: resolvesLocalhostWithBoundedMetricsAndIdempotentClose (7037929 ns)
    [ PASSED ] CASE: appliesIpv4FamilyAndRejectsUseAfterClose (9660619 ns)
    [ PASSED ] CASE: validatesPoolBounds (46576 ns)
    [ PASSED ] CASE: nativeFamilyValidationFailsClosedAndPollingBackoffIsBounded (41041 ns)
    [ PASSED ] CASE: preCancelledContextDoesNotSubmitNativeWork (205296 ns)
    [ PASSED ] CASE: delayedNativeWorkDoesNotStarveCangjieHeartbeat (19087 ns)
    [ PASSED ] CASE: cancellationCompletesPromptlyWhileNativeJobCleansUp (13437 ns)
    [ PASSED ] CASE: deadlineCompletesPromptlyWhileNativeJobCleansUp (15843 ns)
    [ PASSED ] CASE: queueAdmissionIsStrictlyBounded (12504 ns)
    TCS: ResolverContractTest, time elapsed: 753989 ns, RESULT:
    [ PASSED ] CASE: resultOwnsDeduplicatedAddressesAndDoesNotInventTtl (57718 ns)
    [ PASSED ] CASE: staticResolverFiltersFamiliesAndHonorsPreCancellation (111269 ns)
    [ PASSED ] CASE: rejectsEmptyFamilyResultAndInvalidLimits (47623 ns)
    TCS: M2002ResolverPublicContractTest, time elapsed: 926149 ns, RESULT:
    [ PASSED ] CASE: resultOwnsAllTypedCandidatesWithoutInventingTtl (50847 ns)
    [ PASSED ] CASE: staticResolverAppliesFamilyAndResultBounds (38043 ns)
    [ PASSED ] CASE: errorsRetainStablePublicCoordinates (56525 ns)
    [ PASSED ] CASE: cancellationAndDeadlineRemainDistinct (60808 ns)
    [ PASSED ] CASE: constructorsRejectInvalidBoundsAndDiagnostics (40829 ns)
    TCS: M2004WindowsSystemResolverTest, time elapsed: 8052734 ns, RESULT:
    [ PASSED ] CASE: resolvesLocalhostThroughTheProviderNeutralContract (6548294 ns)
    [ PASSED ] CASE: fixtureReturnsAllCandidatesWithoutInventingTtl (37748 ns)
    [ PASSED ] CASE: fixtureAppliesFamilyAndResultBounds (21932 ns)
    [ PASSED ] CASE: fixtureMapsWinsockFailuresAndUnknownCodes (32598 ns)
    [ PASSED ] CASE: fixtureCancellationAndDeadlineReturnBeforeNativeCleanup (23714 ns)
    [ PASSED ] CASE: validatesBoundsAndRejectsUseAfterClose (147123 ns)
Summary: TOTAL: 31
    PASSED: 31, SKIPPED: 0, ERROR: 0
    FAILED: 0
--------------------------------------------------------------------------------------------------
TP: wirestack.internal.trust, time elapsed: 69752499 ns, RESULT:
    TCS: HostnameVerifierTest, time elapsed: 2445276 ns, RESULT:
    [ PASSED ] CASE: exactDnsAndAsciiIdnaALabelMatchCaseInsensitively (354205 ns)
    [ PASSED ] CASE: wildcardMatchesExactlyOneLeftmostLabelOnly (93716 ns)
    [ PASSED ] CASE: invalidOrOverbroadWildcardsAreRejectedAtCertificateBoundary (95852 ns)
    [ PASSED ] CASE: dnsAndIpReferenceIdentitiesNeverCrossMatch (89853 ns)
    [ PASSED ] CASE: subjectAlternativeNameCountIsHardBounded (121551 ns)
    TCS: M3028HostnameFuzzTest, time elapsed: 64327452 ns, RESULT:
    [ PASSED ] CASE: hostnameMutationsHaveDeterministicTypedTerminals (63884984 ns)
    TCS: TrustPolicyTest, time elapsed: 2668750 ns, RESULT:
    [ PASSED ] CASE: nativeX509ParserAcceptsOneExactDerObjectAndRejectsTrailingBytes (707013 ns)
    [ PASSED ] CASE: certificateAndChainLimitsFailBeforeUnboundedParsingOrCopying (477735 ns)
    [ PASSED ] CASE: everyTrustPolicyHasAStableContentIdentityAndNoTrustAllState (559292 ns)
    [ PASSED ] CASE: pinAlgorithmAndScopeAreExplicitAndMalformedPinsFail (51955 ns)
Summary: TOTAL: 10
    PASSED: 10, SKIPPED: 0, ERROR: 0
    FAILED: 0
--------------------------------------------------------------------------------------------------
TP: wirestack.internal.http1, time elapsed: 1227181061 ns, RESULT:
    TCS: HttpAutomaticHttpsClientTest, time elapsed: 7774604 ns, RESULT:
    [ PASSED ] CASE: h2NegotiationMultiplexesTenRequestsOnOneTlsConnection (3890841 ns)
    [ PASSED ] CASE: http11NegotiationFallsBackAndReusesTheAdoptedConnection (2440360 ns)
    TCS: Http1ChunkedCodecTest, time elapsed: 1942039 ns, RESULT:
    [ PASSED ] CASE: decoderStreamsDataExtensionsTrailersAndRemainder (80162 ns)
    [ PASSED ] CASE: decoderHandlesEveryBoundaryOneByteAtATime (66256 ns)
    [ PASSED ] CASE: encoderProducesCanonicalChunksAndBoundedTrailers (62062 ns)
    [ PASSED ] CASE: rejectsInvalidSizeExtensionAndTerminators (120590 ns)
    [ PASSED ] CASE: enforcesBodyChunkLineAndTrailerBounds (103620 ns)
    [ PASSED ] CASE: streamingResponseKeepsEachChunkBoundedWithoutALifetimeCeiling (177828 ns)
    [ PASSED ] CASE: rejectsForbiddenOrFoldedTrailers (76497 ns)
    [ PASSED ] CASE: eofAndPostCompletionUseFailClosedStates (50735 ns)
    [ PASSED ] CASE: decodeBatchesOwnDataAndRemainingBytes (44253 ns)
    TCS: Http1ClientConnectionTest, time elapsed: 24404315 ns, RESULT:
    [ PASSED ] CASE: expectContinueWaitsForApprovalBeforeOpeningBody (1217815 ns)
    [ PASSED ] CASE: finalRejectionBeforeContinueNeverOpensRequestBody (1090604 ns)
    [ PASSED ] CASE: continueWaitTimeoutSendsBodyUnderTheOriginalBudget (17838910 ns)
    [ PASSED ] CASE: serializesRequestsUntilBodyEofThenReusesConnection (829122 ns)
    [ PASSED ] CASE: earlyBodyCloseClosesInsteadOfReturningConnectionForReuse (1097534 ns)
    [ PASSED ] CASE: connectionCloseResponseIsNeverReusableAfterEof (1082548 ns)
    TCS: Http1CleartextClientTest, time elapsed: 4679348 ns, RESULT:
    [ PASSED ] CASE: resolvesConnectsAndReusesOnlyAfterBodyCompletion (2880589 ns)
    [ PASSED ] CASE: rejectsHttpsBeforeDnsOrPoolMutation (431872 ns)
    TCS: Http1ConnectionPoolTest, time elapsed: 6327331 ns, RESULT:
    [ PASSED ] CASE: emitsSecretFreeAcquireAndReleaseLifecycle (991433 ns)
    [ PASSED ] CASE: reusesOnlyTheSameCompleteKey (514020 ns)
    [ PASSED ] CASE: enforcesTotalPerKeyIdleAndWaiterBounds (547632 ns)
    [ PASSED ] CASE: activeWaitHonorsCancellationAndReleasesWaiterSlot (342734 ns)
    [ PASSED ] CASE: evictsExpiredAndClosedConnectionsInsteadOfReusingThem (1748736 ns)
    [ PASSED ] CASE: failedCreationRollsBackItsCapacityReservation (322946 ns)
    TCS: Http1HeadParserTest, time elapsed: 3683501 ns, RESULT:
    [ PASSED ] CASE: requestParsesIncrementallyAndReturnsBodyRemainder (383627 ns)
    [ PASSED ] CASE: oneFeedRetainsBytesAfterTheHead (162204 ns)
    [ PASSED ] CASE: responseParsesStatusReasonHeadersAndFraming (237021 ns)
    [ PASSED ] CASE: acceptsOriginAbsoluteAuthorityAndAsteriskFormsOnlyWhereValid (290337 ns)
    [ PASSED ] CASE: rejectsBareLfObsFoldAndInvalidHeaderSyntax (269898 ns)
    [ PASSED ] CASE: requiresOneValidHostAndMatchingAbsoluteAuthority (566650 ns)
    [ PASSED ] CASE: rejectsInvalidTargetVersionAndBoundViolations (299237 ns)
    [ PASSED ] CASE: completedParserCannotBeReused (103905 ns)
    TCS: Http2Streams1BenchmarkTest, time elapsed: 13668317 ns, RESULT:
    [ PASSED ] CASE: benchmarkOneConcurrentStream (13260909 ns)
    TCS: Http2Streams10BenchmarkTest, time elapsed: 51782149 ns, RESULT:
    [ PASSED ] CASE: benchmarkTenConcurrentStreams (51375969 ns)
    TCS: Http2Streams100BenchmarkTest, time elapsed: 640637429 ns, RESULT:
    [ PASSED ] CASE: benchmarkHundredConcurrentStreams (640217078 ns)
    TCS: Http1HundredConnectionBaselineTest, time elapsed: 57967478 ns, RESULT:
    [ PASSED ] CASE: benchmarkHundredConcurrentConnections (57576878 ns)
    TCS: Http2ConnectionPoolTest, time elapsed: 11209658 ns, RESULT:
    [ PASSED ] CASE: alpnPrefersH2AndFallsBackOnlyToHttp11 (60669 ns)
    [ PASSED ] CASE: oneConnectionIsSharedUntilPeerStreamCapacityIsFull (426955 ns)
    [ PASSED ] CASE: concurrentFirstUseDoesNotCreateAConnectionStampede (1008324 ns)
    [ PASSED ] CASE: newConnectionIsPublishedOnlyAfterItsFirstStreamIsAdmitted (121577 ns)
    [ PASSED ] CASE: closeRacingUnpublishedAdmissionReleasesConnectionOwners (6943264 ns)
    [ PASSED ] CASE: completeSecurityKeyPreventsCrossContextReuse (196828 ns)
    [ PASSED ] CASE: drainingConnectionRetainsExistingStreamButReceivesNoNewLease (126532 ns)
    [ PASSED ] CASE: drainingConnectionWaitsForNonLocalOwnersBeforeDiscard (127710 ns)
    [ PASSED ] CASE: fullBoundedPoolHonorsOneCallerDeadline (107848 ns)
    [ PASSED ] CASE: poolCloseAbortsEverySharedConnectionExactlyOnce (102498 ns)
    TCS: Http1FramingTest, time elapsed: 2119981 ns, RESULT:
    [ PASSED ] CASE: requestUsesOneSharedEmptyLengthOrChunkedDecision (108952 ns)
    [ PASSED ] CASE: identicalContentLengthsAreAcceptedAcrossFieldsAndLists (56788 ns)
    [ PASSED ] CASE: conflictingOrInvalidContentLengthsAreRejected (203415 ns)
    [ PASSED ] CASE: contentLengthAndTransferEncodingNeverCoexist (70408 ns)
    [ PASSED ] CASE: ambiguousTransferEncodingIsRejected (194487 ns)
    [ PASSED ] CASE: responseHandlesHeadStatusesConnectAndCloseDelimiting (140005 ns)
    [ PASSED ] CASE: bodylessAndSuccessfulConnectResponsesRejectFramingFields (119639 ns)
    TCS: HttpConnectionPoolKeyTest, time elapsed: 705644 ns, RESULT:
    [ PASSED ] CASE: canonicalOriginProducesStableEqualityAndHash (31456 ns)
    [ PASSED ] CASE: everySecurityAndRouteDimensionPartitionsReuse (56621 ns)
    [ PASSED ] CASE: refusesIncompletePartitionIdentities (33220 ns)
    TCS: Http1ProxyClientPipelineTest, time elapsed: 9101204 ns, RESULT:
    [ PASSED ] CASE: dynamicConnectCredentialsNeverReuseAnAuthenticatedTunnel (5522896 ns)
    [ PASSED ] CASE: rejectedConnectDrainsClosesAndReturnsStructuredNonRetryableFailure (2627102 ns)
    TCS: Http1RequestWriterTest, time elapsed: 4849429 ns, RESULT:
    [ PASSED ] CASE: twoStageWriterDoesNotOpenBodyBeforeExplicitCommit (848420 ns)
    [ PASSED ] CASE: writesFixedBodyThroughPartialTransportOperations (706104 ns)
    [ PASSED ] CASE: streamsUnknownLengthBodyAsCanonicalChunks (660244 ns)
    [ PASSED ] CASE: rejectsDeclaredMismatchBeforeWritingAnything (175478 ns)
    [ PASSED ] CASE: fixedBodyLimitRejectsBeforeConsumingOrCommittingRequest (204532 ns)
    [ PASSED ] CASE: prematureBodyEofRetainsPartialCommitEvidence (668356 ns)
    [ PASSED ] CASE: emptyFramingProbesSourceInsteadOfDroppingUnexpectedBytes (176752 ns)
    TCS: Http1ResponseReaderTest, time elapsed: 10630612 ns, RESULT:
    [ PASSED ] CASE: explicitUpgradeTransfersOnlyAMatching101Protocol (896881 ns)
    [ PASSED ] CASE: mismatchedUpgradeResponseFailsClosed (1097395 ns)
    [ PASSED ] CASE: explicitConnectTransfersBufferedTunnelBytesAndTransportOwnership (1305885 ns)
    [ PASSED ] CASE: failedConnectRemainsAnHttpResponseAndClosesAfterBody (1198117 ns)
    [ PASSED ] CASE: readsInterimAndFixedResponseWithoutBufferingTheBody (417952 ns)
    [ PASSED ] CASE: received4xxAnd5xxRemainHttpResponses (685864 ns)
    [ PASSED ] CASE: decodesChunkedResponseAndPublishesTrailerAtEof (436393 ns)
    [ PASSED ] CASE: closeDelimitedBodyCompletesOnlyAtTransportEof (310510 ns)
    [ PASSED ] CASE: chunkedStreamingResponseMayExceedThePerSegmentBodyBound (638213 ns)
    [ PASSED ] CASE: prematureFixedBodyEofAbandonsResponseExactlyOnce (342106 ns)
    [ PASSED ] CASE: rejectsImplicitUpgradeAndConnectTransportTransfer (622926 ns)
    TCS: Http1SerializerTest, time elapsed: 1896081 ns, RESULT:
    [ PASSED ] CASE: clientRequestAddsHostAndUsesOriginForm (106554 ns)
    [ PASSED ] CASE: forwardProxyRequestUsesAbsoluteFormAndOriginHost (86629 ns)
    [ PASSED ] CASE: requestPreservesOrderedMultipleFieldsAndLengthFraming (165164 ns)
    [ PASSED ] CASE: requestRejectsMissingDuplicateOrMismatchedHost (73222 ns)
    [ PASSED ] CASE: responseSerializesStatusAndUsesSharedFraming (46961 ns)
    [ PASSED ] CASE: responseRejectsInjectionAndForbiddenBodyFraming (74627 ns)
    [ PASSED ] CASE: writerHandlesPartialTransportWritesUnderOneContext (176930 ns)
    [ PASSED ] CASE: serializedBytesAreDefensiveCopies (80984 ns)
    TCS: Http1ServerConnectionTest, time elapsed: 8996524 ns, RESULT:
    [ PASSED ] CASE: serializesTwoKeepAliveExchanges (3295353 ns)
    [ PASSED ] CASE: unreadRequestBodyForcesConnectionCloseAfterResponse (782422 ns)
    [ PASSED ] CASE: handlerFailureProducesBounded500AndCloses (1113530 ns)
    [ PASSED ] CASE: rejectedHandoffReleasesSessionOwnershipExactlyOnce (1655084 ns)
    [ PASSED ] CASE: selectedUpgradeOfferTransfersBufferedSessionBytes (915408 ns)
    TCS: Http1ServerRequestReaderTest, time elapsed: 13529134 ns, RESULT:
    [ PASSED ] CASE: streamsFixedRequestBodyWithoutReadingPastItsLength (1215881 ns)
    [ PASSED ] CASE: rejectsOversizedFixedRequestBeforeReadingItsBody (1409240 ns)
    [ PASSED ] CASE: decodesChunkedRequestAndPublishesTrailer (909449 ns)
    [ PASSED ] CASE: sendsContinueOnlyWhenHandlerStartsReadingTheBody (7834947 ns)
    [ PASSED ] CASE: rejectingWithoutReadingNeverSendsContinue (579541 ns)
    TCS: Http1ServerTest, time elapsed: 29423590 ns, RESULT:
    [ PASSED ] CASE: shutdownAbortsConnectionBlockedInsideTlsHandshake (8586802 ns)
    [ PASSED ] CASE: acceptSideTlsHookOwnsConnectionAndClosesAfterShutdown (892248 ns)
    [ PASSED ] CASE: gracefulShutdownStopsAcceptAfterCompletedConnection (1041213 ns)
    [ PASSED ] CASE: expiredShutdownAbortsBlockedConnectionAndReturnsBoundedly (7358362 ns)
    [ PASSED ] CASE: connectionLimitPreventsSecondAcceptUntilCapacityReturns (9902682 ns)
    TCS: Http1ServerResponseWriterTest, time elapsed: 4770952 ns, RESULT:
    [ PASSED ] CASE: writesFixedResponseThroughPartialTransportOperations (606129 ns)
    [ PASSED ] CASE: streamsChunkedResponseAndTrailer (529661 ns)
    [ PASSED ] CASE: chunkedStreamingResponseMayExceedThePerSegmentBodyBound (685968 ns)
    [ PASSED ] CASE: headResponseNeverTransfersRepresentationBytes (182668 ns)
    [ PASSED ] CASE: closeDelimitedResponseRequiresConnectionClose (451939 ns)
    [ PASSED ] CASE: rejectsKnownLengthMismatchBeforeCommittingHead (88647 ns)
    TCS: Http1SmugglingCorpusTest, time elapsed: 111214932 ns, RESULT:
    [ PASSED ] CASE: clientAndServerFramingRejectTheSameAmbiguousHeaderCorpus (2162662 ns)
    [ PASSED ] CASE: identicalLengthsAndOneFinalChunkedCodingRemainUnambiguous (907825 ns)
    [ PASSED ] CASE: rejectsWhitespaceTargetAndProxyDifferentialCorpus (1278615 ns)
    [ PASSED ] CASE: rejectsMalformedChunkAndTrailerCorpusAtInputOrEof (297954 ns)
    [ PASSED ] CASE: everyAcceptedSingleByteMutationHasACanonicalReparse (94368201 ns)
    [ PASSED ] CASE: chunkedMutationsHaveDeterministicBoundedTerminals (4300687 ns)
    [ PASSED ] CASE: validHeadParsesAtEveryTransportSplitBoundary (6045669 ns)
    TCS: Http1HttpsClientTest, time elapsed: 4117304 ns, RESULT:
    [ PASSED ] CASE: partitionsHandshakesAndReusesHttpsAfterBodyCompletion (2528152 ns)
    [ PASSED ] CASE: zeroLengthConnectionCloseDoesNotWaitForTlsPeerShutdown (976666 ns)
    TCS: Http1TlsServerTest, time elapsed: 197698063 ns, RESULT:
    [ PASSED ] CASE: alpnServerRejectsAClientWithNoSharedHttpProtocol (94806998 ns)
    [ PASSED ] CASE: automaticClientOffersH2FirstAndFallsBackToServerHttp11 (33252873 ns)
    [ PASSED ] CASE: requiredMutualTlsCarriesAuthenticatedHttp1Exchange (36022900 ns)
    [ PASSED ] CASE: realAwsLcHandshakeCarriesOneHttp1Exchange (31970595 ns)
Summary: TOTAL: 122
    PASSED: 119, SKIPPED: 3, ERROR: 0
    FAILED: 0
--------------------------------------------------------------------------------------------------
TP: wirestack.internal.connector, time elapsed: 15292929 ns, RESULT:
    TCS: AttemptPlanTest, time elapsed: 2365710 ns, RESULT:
    [ PASSED ] CASE: alternatesFamiliesAndPreservesFamilyOrder (409276 ns)
    [ PASSED ] CASE: firstFamilyControlsPreferenceAndDuplicatesAreRemoved (65338 ns)
    [ PASSED ] CASE: distinctIpv6ZonesAreNotDeduplicated (50293 ns)
    [ PASSED ] CASE: rejectsEmptyCandidatesAndNegativeDelay (70901 ns)
    TCS: HappyEyeballsConnectorTest, time elapsed: 10323816 ns, RESULT:
    [ PASSED ] CASE: emitsCompleteDnsAttemptAndConnectedLifecycle (286144 ns)
    [ PASSED ] CASE: blackholedFirstCandidateIsCancelledAndJoinedBeforeReturn (7016491 ns)
    [ PASSED ] CASE: ipv6FirstSuccessSkipsLaterIpv4Attempt (299857 ns)
    [ PASSED ] CASE: simultaneousSuccessKeepsOneWinnerAndAbortsEveryLoser (203156 ns)
    [ PASSED ] CASE: allFailuresAreJoinedAndRetainedAsDiagnostics (140624 ns)
    [ PASSED ] CASE: preCancelledParentStartsNeitherDnsNorAttempts (61976 ns)
    [ PASSED ] CASE: parentCancellationAfterSuccessPreventsWinnerPublication (190429 ns)
    [ PASSED ] CASE: deadlineAtSuccessBoundaryPreventsWinnerPublication (149012 ns)
    TCS: ConnectionRouteTest, time elapsed: 2314485 ns, RESULT:
    [ PASSED ] CASE: directRouteRetainsItsLocalOriginResolver (145412 ns)
    [ PASSED ] CASE: explicitProxySeparatesOriginAndProxyDns (75431 ns)
    [ PASSED ] CASE: typedIpTargetsNeverCarryResolvers (106522 ns)
    [ PASSED ] CASE: rejectsDelegatedDnsWithoutAnOwningProxyAndInvalidConnectTargets (96378 ns)
    [ PASSED ] CASE: networkAndTlsParametersAreBoundedAndOwned (917865 ns)
Summary: TOTAL: 17
    PASSED: 17, SKIPPED: 0, ERROR: 0
    FAILED: 0
--------------------------------------------------------------------------------------------------
TP: wirestack.net, time elapsed: 1664758119 ns, RESULT:
    TCS: DnsClientWireTest, time elapsed: 1035810663 ns, RESULT:
    [ PASSED ] CASE: publicQueryAndLookupUseRealUdpAndRetainAbsoluteCacheExpiry (4003532 ns)
    [ PASSED ] CASE: publicQueryEncodesEveryModeledRecordType (13751781 ns)
    [ PASSED ] CASE: wrongSourceIdAndQuestionAreIgnoredBeforeValidUdpResponse (1727564 ns)
    [ PASSED ] CASE: validatedTruncationFallsBackToExactTcpFrame (1536858 ns)
    [ PASSED ] CASE: activeCancellationRetainsNameserverWithoutRetry (60665630 ns)
    [ PASSED ] CASE: silentDnsAttemptsLeaveBudgetForServerAndPassFailover (507593953 ns)
    [ PASSED ] CASE: exhaustedResponseCodesRetainTheLastRespondingNameserver (3848314 ns)
    [ PASSED ] CASE: unsupportedResponseCodeRetainsRespondingNameserver (1323218 ns)
    [ PASSED ] CASE: dnsTransportFailuresRetainSelectedNameserver (254721273 ns)
    [ PASSED ] CASE: tcpResponseCannotRemainTruncated (2454531 ns)
    [ PASSED ] CASE: malformedMatchingResponseAndUnrelatedSectionsCannotPoisonCache (7336806 ns)
    [ PASSED ] CASE: cnameTraversalUsesAnswerOwnersAndRejectsConflictingTargets (6242875 ns)
    [ PASSED ] CASE: fullResultCapacityDoesNotQueryAnotherFamily (53487283 ns)
    [ PASSED ] CASE: rfc2308CacheRetainsNxdomainVersusNodataWithoutNewPackets (10776430 ns)
    [ PASSED ] CASE: zeroTtlNeverCreatesAPositiveCacheEntry (9190546 ns)
    [ PASSED ] CASE: callerCancellationAndClientCloseWakeActiveNativeReceive (4980482 ns)
    [ PASSED ] CASE: anyFamilyRetainsAddressesWhenTheOtherFamilyFails (10647752 ns)
    [ PASSED ] CASE: crossFamilyConflictsRetainTheLivePeerAlongsideCachedResults (11028792 ns)
    [ PASSED ] CASE: nxdomainInvalidatesVisitedTargetsAndOtherCachedAliases (35458502 ns)
    [ PASSED ] CASE: everyNxdomainInvalidatesPreviouslyCachedAddresses (11091813 ns)
    [ PASSED ] CASE: noncacheableNxdomainStopsOtherFamilyQueries (4313160 ns)
    [ PASSED ] CASE: nameWideNegativeOverridesEarlierFamilyFailure (4349806 ns)
    [ PASSED ] CASE: boundedAdmissionRejectsExcessAndCloseWakesQueuedCallers (2242265 ns)
    TCS: DnsResolverPolicyTest, time elapsed: 302632532 ns, RESULT:
    [ PASSED ] CASE: fromSystemParsesTabsCommentsLastSearchAndClampedNdots (777510 ns)
    [ PASSED ] CASE: directConfigRejectsUnsupportedNameserverZonesBeforeQueries (65215 ns)
    [ PASSED ] CASE: numericNameserverZonesUseCanonicalEndpointIdentity (44686 ns)
    [ PASSED ] CASE: systemNameserversRetainOnlySupportedNumericZones (754343 ns)
    [ PASSED ] CASE: equivalentNameserverScopesDoNotConsumeTheServerLimit (612708 ns)
    [ PASSED ] CASE: configOwnsInputArraysAndReturnsDefensiveCopies (56446 ns)
    [ PASSED ] CASE: adoptedClientRequiresMatchingConfigurationWithoutTakingRejectedOwnership (219310 ns)
    [ PASSED ] CASE: systemFilesFailClosedWhenMissingOversizedOrNonregular (26470015 ns)
    [ PASSED ] CASE: ipv4LiteralsBypassHostsSearchAndNameservers (60331974 ns)
    [ PASSED ] CASE: hostsSnapshotRetainsOnlyUsableIpv6Zones (806210 ns)
    [ PASSED ] CASE: hostsAliasesFilterFamiliesAndRemainSnapshotted (1035812 ns)
    [ PASSED ] CASE: trailingRootSkipsSearchWhileNdotsSelectsSearchOrAbsoluteFirst (5368794 ns)
    [ PASSED ] CASE: exactHostsEntryWinsBeforeSearchSuffixDns (200802051 ns)
    [ PASSED ] CASE: cancelledExpiredAndClosedCallsRetainPublicResolveClassifications (450387 ns)
    [ PASSED ] CASE: connectUsesHostsMappingForANativeListenerExchange (823209 ns)
    [ PASSED ] CASE: resolverConnectCarriesOneAbsoluteDeadlineIntoNativeTcpAdmission (592854 ns)
    TCS: DnsWireParserTest, time elapsed: 27901465 ns, RESULT:
    [ PASSED ] CASE: decodesCompressedTargetsBinaryTxtSoaAndUnknownData (243803 ns)
    [ PASSED ] CASE: recordOrderMakesAnswerAuthorityAndAdditionalBoundariesExplicit (105910 ns)
    [ PASSED ] CASE: summariesAndRecordsOwnParserAndConstructorInputs (71073 ns)
    [ PASSED ] CASE: publicSummaryRejectsCountsBeyondWireAndCombinedRecordBounds (23922424 ns)
    [ PASSED ] CASE: parserPreservesQuestionIdentityAndRejectsIncompleteRecords (134855 ns)
    [ PASSED ] CASE: asciiNameProfileRejectsAmbiguousLabels (141775 ns)
    [ PASSED ] CASE: compressionLoopsForwardPointersAndOutOfRangePointersAreRejected (107166 ns)
    [ PASSED ] CASE: expandedNameAndSectionCountsRespectConfiguredBounds (123148 ns)
    [ PASSED ] CASE: completeParserRejectsTrailingAndTruncatedSectionBytes (91113 ns)
    [ PASSED ] CASE: typedRdataLengthsAndTxtSegmentsAreExact (132959 ns)
    [ PASSED ] CASE: compressedRdataNamesCannotConsumeNeighboringRecordBytes (125400 ns)
    [ PASSED ] CASE: srvTargetCompressionIsRejectedEvenWhenPointerIsInBounds (83233 ns)
    [ PASSED ] CASE: summaryConstructorRejectsSectionMetadataThatCouldBlurBoundaries (27224 ns)
    [ PASSED ] CASE: additionalOwnerMayReferenceAuthorityNameserverTarget (85524 ns)
    [ PASSED ] CASE: additionalOwnerMayReferenceSecondLegacyMailboxName (123379 ns)
    TCS: DnsWireFuzzTest, time elapsed: 138988648 ns, RESULT:
    [ PASSED ] CASE: wireMutationsRejectMalformedMessagesOrRetainOwnedSections (138662072 ns)
    TCS: M8002TcpListenerTest, time elapsed: 54066387 ns, RESULT:
    [ PASSED ] CASE: bindRejectsInvalidBacklogAndStoppedContextsWithStructuredErrors (134157 ns)
    [ PASSED ] CASE: bindFailureRetainsPublicCoordinatesAndCause (150338 ns)
    [ PASSED ] CASE: cancelledAndExpiredAcceptsLeaveListenerReusable (21730819 ns)
    [ PASSED ] CASE: acceptedStreamTransfersExactDataInBothDirections (261658 ns)
    [ PASSED ] CASE: overlappingAcceptIsRejectedWithoutCreatingAPendingQueue (29939094 ns)
    [ PASSED ] CASE: stoppedCloseAdmissionHasNoNativeEffectAndListenerRemainsUsable (245670 ns)
    [ PASSED ] CASE: gracefulAndAbortTerminalOwnersAreStableAndWakeAccept (156598 ns)
    TCS: M8002UdpSocketTest, time elapsed: 33816790 ns, RESULT:
    [ PASSED ] CASE: unavailableOptionOperationsAreNotAdvertised (79531 ns)
    [ PASSED ] CASE: datagramBoundariesAndOwnedPayloadSurviveScratchReuse (182804 ns)
    [ PASSED ] CASE: exactCapacityAndTruncationDiscardOnlyTheCurrentDatagramTail (149728 ns)
    [ PASSED ] CASE: connectedSocketSelectsNativePeerAndFiltersOtherSenders (276850 ns)
    [ PASSED ] CASE: invalidAndUnsupportedInputsLeaveSocketReusable (1636177 ns)
    [ PASSED ] CASE: cancellationDeadlineCloseAndAbortRetainDistinctState (30419726 ns)
    TCS: M8007TlsDeadlineCleanupTest, time elapsed: 31871319 ns, RESULT:
    [ PASSED ] CASE: closeDeadlineReleasesAnExistingNativeTcpReadWithoutPeerAssistance (31537949 ns)
    TCS: NetworkFoundationContractTest, time elapsed: 38607463 ns, RESULT:
    [ PASSED ] CASE: unixEndpointFormsAreDistinctAndOwned (13705 ns)
    [ PASSED ] CASE: unixEndpointRejectsUnboundedNames (18157 ns)
    [ PASSED ] CASE: rawSocketCapabilityBoundaryRequiresDomainSpecificProtocol (29326 ns)
    [ PASSED ] CASE: cancelledConnectFailsBeforeSocketCreation (32226 ns)
    [ PASSED ] CASE: tcpStreamCancellationDistinguishesUntouchedFromAbortedDelegate (53342 ns)
    [ PASSED ] CASE: tcpStreamGracefulCloseIsRetainedAndIdempotent (17404 ns)
    [ PASSED ] CASE: tcpStreamTerminalCloseSkipsStoppedContextsAndCallerClock (56034 ns)
    [ PASSED ] CASE: tcpStreamNonterminalStoppedCloseAdmissionStillRejects (47450 ns)
    [ PASSED ] CASE: tcpStreamCloseNormalizesContextFailureWithoutTakingOwnership (44238 ns)
    [ PASSED ] CASE: tcpStreamAbortRetainsItsCauseAndConnectionFacts (69880 ns)
    [ PASSED ] CASE: tcpStreamDirectionalShutdownPublishesOnlySuccessfulTransitions (39618 ns)
    [ PASSED ] CASE: tcpStreamReadShutdownRejectsEveryReadPathWithoutLosingWrites (52961 ns)
    [ PASSED ] CASE: tcpStreamWriteShutdownRejectsEveryWritePathWithoutLosingReads (65592 ns)
    [ PASSED ] CASE: tcpStreamEmptyOperationsRemainImmediateAfterDirectionalShutdown (21895 ns)
    [ PASSED ] CASE: tcpStreamReadExactAddsCapturedEndpointsToUnexpectedEof (31524 ns)
    [ PASSED ] CASE: tcpStreamReadKeepsPeerEofGraceful (16498 ns)
    [ PASSED ] CASE: tcpStreamReadExactMergesCapturedAndStructuredEndpointMetadata (40293 ns)
    [ PASSED ] CASE: tcpStreamIoConflictsRetainCapturedEndpointsWithoutClosing (86576 ns)
    [ PASSED ] CASE: tcpStreamDirectionalShutdownDoesNotPromoteWokenIoToFailure (63833 ns)
    [ PASSED ] CASE: tcpStreamFinalShutdownRemainsGracefulWhenItWakesIo (34381 ns)
    [ PASSED ] CASE: tcpStreamFailuresRetainOriginalErrorAndReleaseDelegate (58607 ns)
    [ PASSED ] CASE: tcpStreamRetainsNativeCancellationOwnership (1245231 ns)
    [ PASSED ] CASE: tcpStreamNormalizesUnexpectedDelegateFailures (144012 ns)
    [ PASSED ] CASE: tcpStreamPrecancelledIoCannotClaimAnotherClosesOwnership (93421 ns)
    [ PASSED ] CASE: tcpStreamCancellationOwnershipSurvivesOtherObservers (64795 ns)
    [ PASSED ] CASE: tcpStreamAbortCannotRelabelClaimedGracefulNativeClose (30784 ns)
    [ PASSED ] CASE: tcpStreamAbortOwnershipSurvivesCompetingIoAndLateCloseFailure (64283 ns)
    [ PASSED ] CASE: tcpStreamCancellationBoundsCloseWaitAndLateSuccessRemainsGraceful (70021 ns)
    [ PASSED ] CASE: tcpStreamJoiningBackgroundCloseWaitsForCompletion (27966133 ns)
    [ PASSED ] CASE: tcpStreamDeadlineBoundsCloseWaitAndLateSuccessRemainsGraceful (100106 ns)
    [ PASSED ] CASE: tcpStreamLateCloseFailurePublishesFailedWithoutReplacingCallerCancellation (130721 ns)
    [ PASSED ] CASE: tcpStreamAbortRemainsTerminalWhenDetachedCloseFailsLate (122139 ns)
    [ PASSED ] CASE: tcpStreamCloseKeepsGracefulCauseWhenItWakesARead (105022 ns)
    [ PASSED ] CASE: unsafeOptionValueIsBoundedAndOwnedWithoutApplyingIt (146933 ns)
    [ PASSED ] CASE: datagramResultEnforcesTheIpv4PayloadBound (2789121 ns)
    [ PASSED ] CASE: datagramResultSurvivesReceiveBufferReuse (43980 ns)
Summary: TOTAL: 105
    PASSED: 105, SKIPPED: 0, ERROR: 0
    FAILED: 0
--------------------------------------------------------------------------------------------------
TP: wirestack.internal.transport, time elapsed: 211503429 ns, RESULT:
    TCS: ByteSpanTest, time elapsed: 2288743 ns, RESULT:
    [ PASSED ] CASE: defaultsCoverWholeArrayAndEmptyArray (310079 ns)
    [ PASSED ] CASE: sliceAndAdvanceKeepTheOriginalArray (26107 ns)
    [ PASSED ] CASE: mutableViewWritesThroughAndConvertsWithoutCopying (21703 ns)
    [ PASSED ] CASE: permitsBoundaryEmptyRanges (22900 ns)
    [ PASSED ] CASE: rejectsEveryOutOfRangeShape (121619 ns)
    TCS: CancellationTest, time elapsed: 50883505 ns, RESULT:
    [ PASSED ] CASE: cancelIsOneWayAndCallbacksRunExactlyOnce (142701 ns)
    [ PASSED ] CASE: unregisterIsIdempotentAndPreventsPendingCallback (30174 ns)
    [ PASSED ] CASE: alreadyCancelledRegistrationRunsSynchronouslyOnce (26727 ns)
    [ PASSED ] CASE: noneTokenRemainsUsableAndNotCancelled (21115 ns)
    [ PASSED ] CASE: oneFailingCallbackDoesNotBlockOtherWaiters (46898 ns)
    [ PASSED ] CASE: concurrentCancelClaimsEveryCallbackExactlyOnce (23671427 ns)
    [ PASSED ] CASE: registrationRacingCancellationStillRunsExactlyOnce (23194652 ns)
    [ PASSED ] CASE: unregisterRacingCancellationIsAtMostOnce (1831777 ns)
    [ PASSED ] CASE: callbackMayReenterCancellationAndRegistrationWithoutDeadlock (43933 ns)
    TCS: OperationCompletionTest, time elapsed: 35914848 ns, RESULT:
    [ PASSED ] CASE: completionCleansEveryResourceBeforeTheWinnerCallback (42636 ns)
    [ PASSED ] CASE: unregisterAndLateRegistrationHaveExplicitTerminalSemantics (33128 ns)
    [ PASSED ] CASE: cleanupCapacityIsPositiveAndHardBounded (60817 ns)
    [ PASSED ] CASE: cleanupFailuresAndReentrancyCannotBlockTerminalProgress (52828 ns)
    [ PASSED ] CASE: winnerExceptionDoesNotReopenTheCompletion (49673 ns)
    [ PASSED ] CASE: cleanupCountPropertyHoldsAcrossEveryConfiguredOccupancy (519632 ns)
    [ PASSED ] CASE: concurrentTerminalCallersHaveOneWinner (3514135 ns)
    [ PASSED ] CASE: registrationRacingCompletionIsAlwaysCleanedOnce (28120224 ns)
    [ PASSED ] CASE: unregisterRacingCompletionRunsCleanupAtMostOnce (1500205 ns)
    TCS: DeadlineTest, time elapsed: 898109 ns, RESULT:
    [ PASSED ] CASE: remainingUsesTheInjectedMonotonicClock (36598 ns)
    [ PASSED ] CASE: remainingClampsAtZeroAfterExpiry (22997 ns)
    [ PASSED ] CASE: childCanShortenButNeverExtendParent (18367 ns)
    [ PASSED ] CASE: zeroAndExpiredChildrenCannotExtendTheParent (12599 ns)
    [ PASSED ] CASE: rejectsNegativeDurations (34220 ns)
    TCS: TransportLifecycleTest, time elapsed: 4932012 ns, RESULT:
    [ PASSED ] CASE: connectingAndAcceptedPathsReachOpenOnlyInOrder (16835 ns)
    [ PASSED ] CASE: halfCloseIsDirectionalIdempotentAndConvergesOnClosing (49633 ns)
    [ PASSED ] CASE: gracefulCloseIsIdempotentAndCompletesOnlyFromClosing (21753 ns)
    [ PASSED ] CASE: abortAndFailReachEveryNonTerminalStateWithoutOverwritingTerminalEvidence (74593 ns)
    [ PASSED ] CASE: illegalTransitionsHaveStableCodesAndDoNotMutateState (134694 ns)
    [ PASSED ] CASE: closingAndTerminalStatesRejectDataOperationsWithClosedCode (103623 ns)
    [ PASSED ] CASE: operationClaimsAllowDuplexButRejectSameDirectionConcurrency (26472 ns)
    [ PASSED ] CASE: everyTerminalModeReleasesRegisteredResourcesExactlyOnce (31251 ns)
    [ PASSED ] CASE: racingTerminalTransitionsRetainOneWinnerAndOneCleanup (3248534 ns)
    [ PASSED ] CASE: terminalCleanupMayReenterAndItsRegistryRemainsBounded (43290 ns)
    TCS: M124TransportRaceTest, time elapsed: 34567169 ns, RESULT:
    [ PASSED ] CASE: readCloseReleasesBlockedOperationAndDrainsWaiter (4192487 ns)
    [ PASSED ] CASE: writeAbortReleasesBlockedOperationAndDrainsWaiter (9798577 ns)
    [ PASSED ] CASE: successAndCancelOrderingsCompleteOnceWithoutDataLeak (19831631 ns)
    TCS: MemoryTransportListenerTest, time elapsed: 50124044 ns, RESULT:
    [ PASSED ] CASE: rejectsInvalidListenerAndSchedulerBounds (37736 ns)
    [ PASSED ] CASE: listenerDeliversConnectionsInFifoOrderAndBoundsBacklog (105477 ns)
    [ PASSED ] CASE: schedulerDefersDeliveryAndReleasesFailedReservations (70876 ns)
    [ PASSED ] CASE: schedulerRunsMultipleConnectionsInStableFifoOrder (74583 ns)
    [ PASSED ] CASE: cancellationWakesAcceptWithoutClosingListener (8969571 ns)
    [ PASSED ] CASE: deadlineBoundsBlockedAcceptWithoutClosingListener (29783624 ns)
    [ PASSED ] CASE: closeWakesAcceptAndAbortsOwnedConnectionsIdempotently (9927194 ns)
    TCS: MemoryTransportTest, time elapsed: 2408324 ns, RESULT:
    [ PASSED ] CASE: pairTransfersPartialDataInBothDirections (46007 ns)
    [ PASSED ] CASE: emptyBuffersReturnZeroWithoutProducingEofOrPeerData (30005 ns)
    [ PASSED ] CASE: writeShutdownProducesPeerEofAfterBufferedData (33886 ns)
    [ PASSED ] CASE: readShutdownMakesPeerWritesFailAsBrokenPipe (43080 ns)
    [ PASSED ] CASE: cancelledBeforeOperationHasNoDataSideEffect (59189 ns)
    [ PASSED ] CASE: closeAndAbortAreIdempotentAndTerminal (42188 ns)
    [ PASSED ] CASE: cancellationWakesABlockedRead (80266 ns)
    [ PASSED ] CASE: closeWakesABlockedLocalRead (73625 ns)
    [ PASSED ] CASE: writeShutdownWakesABlockedLocalWrite (53556 ns)
    [ PASSED ] CASE: boundedBackpressureResumesAfterPeerReads (166798 ns)
    [ PASSED ] CASE: expiredDeadlineFailsBeforeAnyWrite (43327 ns)
    TCS: NetworkErrorTest, time elapsed: 772752 ns, RESULT:
    [ PASSED ] CASE: retainsStableClassificationAndEndpointEvidence (37454 ns)
    [ PASSED ] CASE: retainsLocalEndpointCauseAndOptionalDefaults (39104 ns)
    [ PASSED ] CASE: caughtErrorRetainsUnixEndpointBytesNativeCodeAndCause (33284 ns)
    [ PASSED ] CASE: pathnameRejectsNulWhileAbstractRetainsIt (24828 ns)
    TCS: OperationContextTest, time elapsed: 1109834 ns, RESULT:
    [ PASSED ] CASE: backgroundHasNoDeadlineCancellationOrTrace (17071 ns)
    [ PASSED ] CASE: derivedContextsRetainEventSinkAndSinkFailuresAreIsolated (45157 ns)
    [ PASSED ] CASE: derivedContextRetainsCancellationAndTrace (32443 ns)
    [ PASSED ] CASE: derivationHelpersChangeOnlyTheirNamedField (49027 ns)
    [ PASSED ] CASE: earlierDeadlineCannotBeExtended (17150 ns)
    [ PASSED ] CASE: traceIdentifiersAreBoundedAndNonEmpty (41327 ns)
    TCS: ScriptedTransportTest, time elapsed: 25176627 ns, RESULT:
    [ PASSED ] CASE: rejectsUnboundedOrInvalidScripts (78464 ns)
    [ PASSED ] CASE: shortReadAndWriteStepsAreConsumedInOrder (75207 ns)
    [ PASSED ] CASE: emptyIoDoesNotConsumeScriptAndEofIsExplicit (48655 ns)
    [ PASSED ] CASE: resetTerminatesTransportAtInjectedPhase (67262 ns)
    [ PASSED ] CASE: failurePreservesCoordinatesWithoutTerminatingTransport (59832 ns)
    [ PASSED ] CASE: virtualWaiterReleasesBlockedOperationsInFifoOrder (13893040 ns)
    [ PASSED ] CASE: cancellationWinsAReleaseRaceAndCleansWaiter (9585536 ns)
    TCS: TransportHelperTest, time elapsed: 976081 ns, RESULT:
    [ PASSED ] CASE: writeAllHandlesPartialWritesAndEmptyInput (26787 ns)
    [ PASSED ] CASE: readExactHandlesPartialReads (14921 ns)
    [ PASSED ] CASE: readExactClassifiesPrematureEof (24982 ns)
    [ PASSED ] CASE: emptyHelpersDoNotCallTransport (10822 ns)
    [ PASSED ] CASE: invalidProgressFailsOnceWithoutSpinning (54834 ns)
    [ PASSED ] CASE: cancellationAfterPartialProgressPropagatesWithoutRestart (44471 ns)
    [ PASSED ] CASE: absoluteDeadlineExpiresAcrossPartialRetries (31353 ns)
Summary: TOTAL: 83
    PASSED: 83, SKIPPED: 0, ERROR: 0
    FAILED: 0
--------------------------------------------------------------------------------------------------
TP: wirestack.internal.transport_stdnet, time elapsed: 213903009 ns, RESULT:
    TCS: StdNetTransportListenerTest, time elapsed: 91069200 ns, RESULT:
    [ PASSED ] CASE: listenerRejectsOutOfRangeBacklogBeforeBinding (363506 ns)
    [ PASSED ] CASE: listenerPreCancelledAndExpiredAcceptsFailFast (235493 ns)
    [ PASSED ] CASE: listenerDeadlineBoundsBlockedAcceptAndListenerRemainsUsable (37958271 ns)
    [ PASSED ] CASE: listenerCancellationWakesActiveAcceptAndListenerRemainsUsable (39946070 ns)
    [ PASSED ] CASE: listenerCloseWakesActiveAcceptWithStructuredErrorAndIsIdempotent (10850533 ns)
    TCS: M123TransportDiagnosticsTest, time elapsed: 906629 ns, RESULT:
    [ PASSED ] CASE: stdNetReportsRuntimeEndpointsAndCapabilitiesWithoutGuessingIoBackend (366302 ns)
    [ PASSED ] CASE: deterministicTransportUsesTheSameProviderNeutralContract (56856 ns)
    TCS: M127BackgroundFastPathTest, time elapsed: 34833166 ns, RESULT:
    [ PASSED ] CASE: backgroundAndObservedPathsTransferEquivalentData (228381 ns)
    [ PASSED ] CASE: backgroundPeerCloseRemainsEof (156663 ns)
    [ PASSED ] CASE: backgroundLocalCloseRaceRemainsClosed (1265491 ns)
    [ PASSED ] CASE: backgroundStillRejectsConcurrentReaders (1336503 ns)
    [ PASSED ] CASE: cancellableAndDeadlineContextsRetainGenericChecks (181027 ns)
    [ PASSED ] CASE: deadlineTimeoutIsClearedBeforeBackgroundRead (30527483 ns)
    TCS: Net06CancellationGateTest, time elapsed: 6063771 ns, RESULT:
    [ PASSED ] CASE: cancelledReadsReleaseSocketsWaitersAndTasks (5657217 ns)
    TCS: StdNetTransportTest, time elapsed: 77127944 ns, RESULT:
    [ PASSED ] CASE: writeSomeIsPartialAndReusesBoundedConnectionStaging (441304 ns)
    [ PASSED ] CASE: wholeArrayReadAndWriteBypassStagingForATypicalTlsRecord (3780190 ns)
    [ PASSED ] CASE: subrangesRetainBoundedStagingAndCopyAccounting (236447 ns)
    [ PASSED ] CASE: connectsByResolvedIpAndTransfersBothDirections (275456 ns)
    [ PASSED ] CASE: emptyOperationsAreImmediate (154226 ns)
    [ PASSED ] CASE: unsupportedHalfClosePreservesBothDirections (371895 ns)
    [ PASSED ] CASE: cancellationAbortRemainsNativeOwnerAfterLaterClose (1402574 ns)
    [ PASSED ] CASE: listenerCloseWakesBlockedAcceptAsClosed (1325825 ns)
    [ PASSED ] CASE: cancellingOneAcceptLeavesListenerReusable (28851151 ns)
    [ PASSED ] CASE: preCancelledConnectDoesNotCreateASocket (41896 ns)
    [ PASSED ] CASE: peerGracefulCloseIsReportedAsEof (169964 ns)
    [ PASSED ] CASE: deadlineBoundsBlockedReadWithoutClosingConnection (30421387 ns)
    [ PASSED ] CASE: localCloseMapsBlockedReadWithStableEvidence (1813369 ns)
    [ PASSED ] CASE: explicitAbortWakesBlockedReadWithStableEvidence (1364040 ns)
    [ PASSED ] CASE: gracefulNativeCloseRemainsGracefulAfterLaterAbort (171602 ns)
    [ PASSED ] CASE: explicitAbortRemainsNativeOwnerAfterLaterClose (252913 ns)
    [ PASSED ] CASE: unknownConnectFailureMapsWithoutMessageOrNativeCode (130828 ns)
    [ PASSED ] CASE: concurrentReadsFailWithoutDisturbingTheActiveRead (1236523 ns)
    [ PASSED ] CASE: happyEyeballsComposesWithTheDefaultStdNetFactory (317235 ns)
Summary: TOTAL: 50
    PASSED: 33, SKIPPED: 17, ERROR: 0
    FAILED: 0
--------------------------------------------------------------------------------------------------
TP: wirestack.internal.http2, time elapsed: 4189079000 ns, RESULT:
    TCS: Http2ClientConnectionTest, time elapsed: 153612925 ns, RESULT:
    [ PASSED ] CASE: encodedHeaderFailureClosesTheConnection (2188222 ns)
    [ PASSED ] CASE: tenConcurrentRequestsShareOneConnectionAndMapOutOfOrderResponses (3167408 ns)
    [ PASSED ] CASE: claimedStreamsPublishInitialHeadersInStreamIdOrder (1303603 ns)
    [ PASSED ] CASE: cancelledUnpublishedStreamDoesNotBlockNextClaim (1162280 ns)
    [ PASSED ] CASE: declaredLengthDoesNotReleaseStreamBeforeWireEndStream (719017 ns)
    [ PASSED ] CASE: streamsRequestBodyThroughFlowControlledDataAndEndsLocallyOnce (1437997 ns)
    [ PASSED ] CASE: peerResetFailsOnlyItsStreamAndConnectionRemainsUsable (1057623 ns)
    [ PASSED ] CASE: peerGoAwayDrainsConnectionWithoutFailingAcceptedStream (813401 ns)
    [ PASSED ] CASE: connectedStreamOutlivesHandshakeCancellationAndUsesOperationContexts (856205 ns)
    [ PASSED ] CASE: contextlessHalfCloseDoesNotWaitForBlockedConnectionWriter (1550543 ns)
    [ PASSED ] CASE: halfCloseOrdersEndAfterAdmittedFlowControlledWrite (2394111 ns)
    [ PASSED ] CASE: gracefulCloseOrdersEndAfterAdmittedFlowControlledWrite (10168019 ns)
    [ PASSED ] CASE: gracefulCloseDeadlineStopsAdmittedFlowControlledWrite (110070940 ns)
    [ PASSED ] CASE: queuedHalfCloseCancellationDoesNotWaitForConnectionWriter (9446915 ns)
    [ PASSED ] CASE: rejectedConnectReturnsFullResponseAndClosesRequestDirection (1094686 ns)
    [ PASSED ] CASE: enabledPushAttachesBoundedCallerDrivenResponses (1316752 ns)
    TCS: Http2ClientMappingTest, time elapsed: 4159767 ns, RESULT:
    [ PASSED ] CASE: requestMapsOrderedPseudoFieldsAuthorityAndSensitiveHeaders (190345 ns)
    [ PASSED ] CASE: connectUsesOnlyMethodAndAuthorityPseudoFields (98720 ns)
    [ PASSED ] CASE: connectStreamMappingKeepsBothDataDirectionsOpen (193812 ns)
    [ PASSED ] CASE: requestRejectsAuthorityFramingAndConnectionAmbiguity (260736 ns)
    [ PASSED ] CASE: requestHeaderListHonorsHttp2BoundsBeforeHpackMutation (64282 ns)
    [ PASSED ] CASE: requestBodyProvesEofBeforeOneTerminalTrailerBlock (117458 ns)
    [ PASSED ] CASE: requestBodyRejectsPrematureEofAndConfiguredOverflow (114459 ns)
    [ PASSED ] CASE: responseMapsInformationalFinalDataAndTrailersInOrder (109867 ns)
    [ PASSED ] CASE: responseRejectsPseudoOrderCaseAndConnectionFieldsAsStreamErrors (124175 ns)
    [ PASSED ] CASE: responseRejectsInvalidStatusAndTooManyInformationalHeads (167195 ns)
    [ PASSED ] CASE: responseContentLengthMustMatchExactlyAtEndStream (179068 ns)
    [ PASSED ] CASE: streamingResponseMayExceedTheConfiguredRequestBodyBound (32675 ns)
    [ PASSED ] CASE: bodylessAndConnectResponseRulesAreExplicit (199535 ns)
    [ PASSED ] CASE: responseTrailersRequireFinalEndStreamAndRegularAllowedFields (117628 ns)
    [ PASSED ] CASE: promisedRequestValidationPrecedesApplicationPolicy (185486 ns)
    TCS: Http2ClientPushOwnershipTest, time elapsed: 916236 ns, RESULT:
    [ PASSED ] CASE: resetLostOfferIsClosedAndNextOfferRemainsDeliverable (191533 ns)
    [ PASSED ] CASE: parentCancellationStopsTransferredStalledBodyWithoutCancellingIndependentSibling (219543 ns)
    [ PASSED ] CASE: expiredParentAbsoluteDeadlineStillGovernsTransferredBodyAfterHeaders (120439 ns)
    TCS: Http2ConformanceTest, time elapsed: 7560489 ns, RESULT:
    [ PASSED ] CASE: invalidFrameOrderMatrixFailsAtConnectionScope (250113 ns)
    [ PASSED ] CASE: continuationSequenceCompletesOnlyOnEndHeaders (128060 ns)
    [ PASSED ] CASE: rstStreamAndGoAwayRaceCompletesOwnerOnceAndCleansRegistrations (6678054 ns)
    TCS: Http2ConnectionStateMachineTest, time elapsed: 8731277 ns, RESULT:
    [ PASSED ] CASE: clientStartEmitsMagicAndSettingsThenPeerSettingsOpens (62232 ns)
    [ PASSED ] CASE: serverConsumesIncrementalMagicBeforeItsFirstSettings (72365 ns)
    [ PASSED ] CASE: invalidOrIncompletePrefaceFailsOnceWithProtocolEvidence (77112 ns)
    [ PASSED ] CASE: firstPeerFrameMustBeNonAcknowledgementSettings (71642 ns)
    [ PASSED ] CASE: openConnectionAppliesSettingsAndCompletesHeaderBlocks (81703 ns)
    [ PASSED ] CASE: peerGoAwayDrainsAndMayOnlyNarrowItsBoundary (186108 ns)
    [ PASSED ] CASE: localDrainUsesProcessedPeerBoundaryAndNeverIncreases (181543 ns)
    [ PASSED ] CASE: racingFinishTransitionsAndPublishesCompletionExactlyOnce (5918976 ns)
    TCS: Http2DeterministicFuzzTest, time elapsed: 16426532 ns, RESULT:
    [ PASSED ] CASE: frameParserDeterministicMutationCorpusStaysBounded (10960598 ns)
    [ PASSED ] CASE: hpackDecoderDeterministicMutationCorpusFailsClosed (4416339 ns)
    [ PASSED ] CASE: protocolLimitBoundaryMutationsRejectOversizedInputs (108083 ns)
    TCS: Http2FlowControllerTest, time elapsed: 3807488011 ns, RESULT:
    [ PASSED ] CASE: windowUpdateCodecIgnoresReservedBitAndRejectsZeroByScope (53193 ns)
    [ PASSED ] CASE: reservationsRespectConnectionStreamAndPeerFrameCredit (71819 ns)
    [ PASSED ] CASE: settingsShrinkPausesReservedDataAndCancellationReleasesIt (88257 ns)
    [ PASSED ] CASE: streamWindowUpdateWakesAReservedPermitAfterSettingsShrink (74583 ns)
    [ PASSED ] CASE: concurrentTryReserveNeverOvercommitsOneStream (189573 ns)
    [ PASSED ] CASE: receiveCreditReturnsOnlyAfterApplicationConsumption (55154 ns)
    [ PASSED ] CASE: smallReceiveReadsCoalesceWindowUpdates (117671 ns)
    [ PASSED ] CASE: stalledConnectionCreditFlushesOnceWithoutChangingSmallReadCoalescing (23612 ns)
    [ PASSED ] CASE: leastRecentlyServedStreamsReceiveCreditBeforeThePreviousOwner (3804208816 ns)
    [ PASSED ] CASE: connectionSendWindowIsSharedAcrossStreams (52406 ns)
    [ PASSED ] CASE: connectionAndStreamWindowViolationsHaveCorrectScope (59981 ns)
    [ PASSED ] CASE: settingsAndWindowOverflowFailAtomically (75456 ns)
    [ PASSED ] CASE: streamCleanupCancelsPermitsAndRestoresOnlyConnectionReceiveCredit (48823 ns)
    [ PASSED ] CASE: dataAccountingUsesTheEntireFramePayload (29245 ns)
    TCS: Http2FrameCodecTest, time elapsed: 1432052 ns, RESULT:
    [ PASSED ] CASE: everyRequiredFrameEnvelopeRoundTrips (120985 ns)
    [ PASSED ] CASE: parserAcceptsEverySingleByteBoundaryAndMultipleFrames (73893 ns)
    [ PASSED ] CASE: incompleteInputStaysBoundedUntilCompletion (27419 ns)
    [ PASSED ] CASE: oversizedFrameFailsBeforePayloadBufferingAndParserBecomesTerminal (50889 ns)
    [ PASSED ] CASE: reservedBitIsIgnoredOnReadAndClearedOnWrite (25576 ns)
    [ PASSED ] CASE: unknownFramesAndFlagsRoundTripWithoutInterpretation (24481 ns)
    [ PASSED ] CASE: transportWriterHandlesRepeatedPartialWrites (48621 ns)
    TCS: Http2FrameModelTest, time elapsed: 1132284 ns, RESULT:
    [ PASSED ] CASE: frameAndErrorCodesRoundTripIncludingExtensions (34354 ns)
    [ PASSED ] CASE: streamIdentifierIgnoresReservedBitAndKeepsThirtyOneBits (14755 ns)
    [ PASSED ] CASE: limitsAreExplicitAndFrameSizeIsBounded (43653 ns)
    [ PASSED ] CASE: fixedFrameShapesAndStreamScopesAreValidated (52615 ns)
    [ PASSED ] CASE: settingsRejectInvalidProtocolValuesButRetainExtensions (36074 ns)
    [ PASSED ] CASE: unknownFlagsAndFramesRemainForwardCompatible (14754 ns)
    TCS: Http2GoAwayManagerTest, time elapsed: 6055119 ns, RESULT:
    [ PASSED ] CASE: peerBoundaryRetiresOnlyDefinitelyUnprocessedStreams (140553 ns)
    [ PASSED ] CASE: narrowingBoundaryWakesEachNewlyExcludedOwnerExactlyOnce (62976 ns)
    [ PASSED ] CASE: localDrainQueuesGoAwayAndStopsAdmissionBeforeWriterRuns (51976 ns)
    [ PASSED ] CASE: fabricatedReceiveResultCannotDrainAnOpenCoordinator (42754 ns)
    [ PASSED ] CASE: racingAdmissionAndGoAwayNeverLeavesAnExcludedStreamActive (5067808 ns)
    TCS: Http2HeaderBlockAssemblerTest, time elapsed: 1213958 ns, RESULT:
    [ PASSED ] CASE: sameStreamContinuationsAssembleInExactOrder (32937 ns)
    [ PASSED ] CASE: continuationWithoutStartWrongStreamAndInterleavingFailConnection (61731 ns)
    [ PASSED ] CASE: paddingAndPriorityOverheadAreExcludedFromHeaderBytes (26570 ns)
    [ PASSED ] CASE: pushPromiseRetainsPromisedStreamAndFragmentOnly (24633 ns)
    [ PASSED ] CASE: invalidPaddingPriorityAndSelfDependencyFailClosed (57966 ns)
    [ PASSED ] CASE: accumulatedCompressedBytesHaveOneHardLimit (54765 ns)
    TCS: Http2ConnectionHealthTest, time elapsed: 872732 ns, RESULT:
    [ PASSED ] CASE: pingCodecAndConnectionAckPreserveOpaqueBytes (63339 ns)
    [ PASSED ] CASE: idleProbeIsSingleOutstandingAndMatchingAckRestoresHealth (183000 ns)
    [ PASSED ] CASE: ordinaryActivityDefersIdleProbeWithoutAllocatingATimer (41470 ns)
    TCS: Http2ConnectionCloserTest, time elapsed: 1368672 ns, RESULT:
    [ PASSED ] CASE: gracefulCloseSendsGoAwayWaitsForStreamAndClosesTransportOnce (144331 ns)
    [ PASSED ] CASE: expiredCloseAbortsActiveStreamsWithoutStartingGracefulIo (65214 ns)
    [ PASSED ] CASE: racingShorterDeadlineUpgradesInFlightGracefulCloseToOneAbort (104124 ns)
    [ PASSED ] CASE: concurrentGracefulCallersShareOneTerminalResultAndTransportClose (159138 ns)
    [ PASSED ] CASE: failedGracefulTransportCloseFallsBackToOneAbort (133397 ns)
    TCS: HpackBlockTest, time elapsed: 1883668 ns, RESULT:
    [ PASSED ] CASE: rfcRequestBlocksDecodeWithSharedDynamicState (91187 ns)
    [ PASSED ] CASE: encoderMatchesFirstRfcHuffmanRequestExample (108720 ns)
    [ PASSED ] CASE: literalModesPreserveNeverIndexedAndOnlyIncrementalMutatesTable (178396 ns)
    [ PASSED ] CASE: tableSizeUpdateMustLeadBlockAndRespectAllowedMaximum (43418 ns)
    [ PASSED ] CASE: headerCountListAndCompressedLimitsFailClosed (490762 ns)
    [ PASSED ] CASE: peerCapacityUpdateIsEmittedBeforeHeaders (32901 ns)
    TCS: HpackCoreTest, time elapsed: 1339757 ns, RESULT:
    [ PASSED ] CASE: rfcIntegerVectorsEncodeAndDecodeExactly (35041 ns)
    [ PASSED ] CASE: integerRejectsTruncationOverflowAndInvalidPrefix (58865 ns)
    [ PASSED ] CASE: rawStringRoundTripsAndOwnsItsBytes (26157 ns)
    [ PASSED ] CASE: stringLengthLimitAndTruncationFailBeforeCopy (59059 ns)
    [ PASSED ] CASE: staticTableMatchesRfcBoundariesAndRepresentativeEntries (48062 ns)
    [ PASSED ] CASE: everyStaticEntryHasBoundedRfcAccounting (136245 ns)
    TCS: HpackDynamicTableTest, time elapsed: 1363436 ns, RESULT:
    [ PASSED ] CASE: newestEntryUsesIndexSixtyTwoAndOlderEntriesShift (29524 ns)
    [ PASSED ] CASE: exactRfcAccountingEvictsOldestEntriesFirst (39412 ns)
    [ PASSED ] CASE: oversizedEntryClearsTheEntireTableWithoutInsertion (15779 ns)
    [ PASSED ] CASE: capacityShrinkEvictsImmediatelyAndPeerLimitIsHard (29422 ns)
    [ PASSED ] CASE: withoutIndexingNeverIndexedAndSensitiveNeverEnterState (26033 ns)
    [ PASSED ] CASE: staticAndDynamicSearchReturnCanonicalLowestIndexes (117191 ns)
    [ PASSED ] CASE: zeroCapacityRetainsNoEntries (12079 ns)
    TCS: HpackHuffmanTest, time elapsed: 1411738 ns, RESULT:
    [ PASSED ] CASE: rfcRequestExamplesEncodeAndDecodeExactly (117434 ns)
    [ PASSED ] CASE: everyOctetRoundTripsWithinAnExplicitBound (379660 ns)
    [ PASSED ] CASE: huffmanStringLiteralUsesFlagAndSharedBounds (30865 ns)
    [ PASSED ] CASE: eosInvalidPaddingAndTruncatedPrefixFailClosed (50821 ns)
    [ PASSED ] CASE: decodedAndEncodedOutputLimitsApplyBeforeGrowth (67148 ns)
    TCS: Http2ConnectionReaderTest, time elapsed: 9817626 ns, RESULT:
    [ PASSED ] CASE: oneReaderDecodesEveryByteBoundaryAndDispatchesInWireOrder (1241633 ns)
    [ PASSED ] CASE: serverConsumesMagicAndFirstFrameFromTheSameRead (1169613 ns)
    [ PASSED ] CASE: eofDuringPrefaceOrFrameFailsAndWakesEveryStream (2323499 ns)
    [ PASSED ] CASE: invalidTransportProgressAndHandlerFailureBecomeTerminal (1605984 ns)
    [ PASSED ] CASE: readerLoopCanOnlyBeClaimedOnce (996179 ns)
    [ PASSED ] CASE: terminationRegistryIsBoundedRemovableAndExactlyOnce (220049 ns)
    [ PASSED ] CASE: readerRegistryReservesOneListenerBeyondTheStreamLimit (42011 ns)
    TCS: Http2ServerMappingTest, time elapsed: 11315357 ns, RESULT:
    [ PASSED ] CASE: requestHeadMapsPseudoFieldsHostAndContentLength (125065 ns)
    [ PASSED ] CASE: connectAndOptionsTargetsAreMappedStrictly (193638 ns)
    [ PASSED ] CASE: requestRejectsPseudoOrderCaseConnectionAndAuthorityAmbiguity (246110 ns)
    [ PASSED ] CASE: paddedDataReturnsAllFlowCreditAndPublishesTrailers (138284 ns)
    [ PASSED ] CASE: requestQueueIsBoundedBeforeFlowAccountingMutates (137483 ns)
    [ PASSED ] CASE: terminalLengthMismatchDoesNotConsumeFlowWindow (119802 ns)
    [ PASSED ] CASE: responseHeadersBodyFlowAndTrailersMapInOrder (581304 ns)
    [ PASSED ] CASE: streamingResponseMayExceedTheConfiguredRequestBodyBound (960012 ns)
    [ PASSED ] CASE: responseRulesCloseBodiesOnEveryTerminalOrFailurePath (145644 ns)
    [ PASSED ] CASE: handlerRunsOnceAndReleasesRequestOwnership (111628 ns)
    [ PASSED ] CASE: invalidDuplexResponseReleasesPreServeHandoffExactlyOnce (6963760 ns)
    TCS: Http2ServerPushLifecycleTest, time elapsed: 132311212 ns, RESULT:
    [ PASSED ] CASE: largePushDoesNotDelayParentHeadersUntilPushCreditReturns (83426930 ns)
    [ PASSED ] CASE: cancelledPushReleasesItsWorkerSlotForTheNextParent (31571904 ns)
    [ PASSED ] CASE: crossOriginPushIsRejectedAndItsResponseIsClosedBeforeAnyOffer (1424960 ns)
    [ PASSED ] CASE: parentResetWhileWaitingForPushSlotIsRevalidatedBeforeReservation (6069924 ns)
    [ PASSED ] CASE: resetOfBlockedPushDoesNotBlockReaderOrReleaseWorkerSlotEarly (4158137 ns)
    [ PASSED ] CASE: blockingHeaderOnlyBodyCloseDoesNotDelayInboundReset (1511343 ns)
    [ PASSED ] CASE: duplexHandlerReturnAbortsBothStreamDirections (1883416 ns)
    TCS: Http2SettingsTest, time elapsed: 1840054 ns, RESULT:
    [ PASSED ] CASE: codecPreservesKnownUnknownAndRepeatedSettingsInOrder (33752 ns)
    [ PASSED ] CASE: peerBatchAppliesAtomicallyAndReturnsAckAndWindowDelta (32945 ns)
    [ PASSED ] CASE: invalidPeerBatchLeavesEffectiveStateUnchanged (58322 ns)
    [ PASSED ] CASE: localBatchesAreAcknowledgedInFifoOrder (29800 ns)
    [ PASSED ] CASE: unexpectedAckAndPendingBatchOverflowFailClosed (38360 ns)
    [ PASSED ] CASE: advertisedResourceValuesAreCappedByLocalPolicy (37299 ns)
    [ PASSED ] CASE: settingsFrameLengthAndAckPayloadAreRejectedByFrameLayer (33343 ns)
    [ PASSED ] CASE: peerDefaultsAreRfcValuesCappedSeparatelyFromLocalAdvertisement (53431 ns)
    [ PASSED ] CASE: clientPushAdvertisementUsesItsOwnFiniteAdmissionBound (25141 ns)
    [ PASSED ] CASE: serverEnablePushSettingIsRejectedInBothDirections (41009 ns)
    TCS: Http2StreamLifecycleTest, time elapsed: 4056514 ns, RESULT:
    [ PASSED ] CASE: bothEndStreamOrdersReachClosedExactlyOnce (33052 ns)
    [ PASSED ] CASE: initialEndStreamHalfClosesTheInitiatingSide (23224 ns)
    [ PASSED ] CASE: clientAndServerAllocateCorrectMonotonicParity (26159 ns)
    [ PASSED ] CASE: peerParityReuseAndDecreasingIdsFailConnection (66245 ns)
    [ PASSED ] CASE: localAndPeerConcurrencyLimitsAreIndependentAndCapacityReturns (71502 ns)
    [ PASSED ] CASE: invalidHalfClosedDirectionsAndUnknownStreamsFailClosed (90025 ns)
    [ PASSED ] CASE: readerTerminationClosesAndUnregistersEveryActiveStream (106504 ns)
    [ PASSED ] CASE: racingAdmissionNeverExceedsConfiguredBoundOrDuplicatesIds (755454 ns)
    [ PASSED ] CASE: racingEndDirectionsCompleteAndCleanupExactlyOnce (974591 ns)
    TCS: Http2StreamResetManagerTest, time elapsed: 3277258 ns, RESULT:
    [ PASSED ] CASE: rstCodecPreservesKnownAndExtensionCodes (72081 ns)
    [ PASSED ] CASE: localCancelQueuesResetAndReleasesOnlyItsStream (106724 ns)
    [ PASSED ] CASE: peerResetCancelsQueuedDataPermitsAndWakesOwnerOnce (122236 ns)
    [ PASSED ] CASE: resetWakesBlockedServerBodyWithoutClosingConnection (132514 ns)
    [ PASSED ] CASE: racingLocalAndPeerResetCompletesEveryStreamExactlyOnce (1669414 ns)
    [ PASSED ] CASE: queuePressureIsAtomicAndCleanupCreditStaysBoundedForRetry (119517 ns)
    TCS: Http2WriteSchedulerTest, time elapsed: 6354266 ns, RESULT:
    [ PASSED ] CASE: controlPrecedesDataAndPartialWritesDrainGracefully (132172 ns)
    [ PASSED ] CASE: controlBurstIsBoundedAndDataStreamsRotateFairly (454300 ns)
    [ PASSED ] CASE: queueCountAndBytesAreHardAndCancellationReleasesCapacity (101051 ns)
    [ PASSED ] CASE: concurrentProducersStillUseExactlyOneWriter (1035447 ns)
    [ PASSED ] CASE: abortInterruptsActiveWriteAndFailsEveryTicket (132438 ns)
    [ PASSED ] CASE: transportFailureFansOutAndTicketWaitHonorsCancellation (123967 ns)
    [ PASSED ] CASE: reservedDataConsumesFlowOnlyWhenTheWriterClaimsIt (41244 ns)
    [ PASSED ] CASE: serverDataEventTransfersItsPermitBeforeWriterClaim (38276 ns)
    [ PASSED ] CASE: cancellingQueuedReservedDataReturnsAllFlowCapacity (41470 ns)
    [ PASSED ] CASE: admittedHeaderBatchSurvivesResetDuringPartialFirstWrite (144315 ns)
    [ PASSED ] CASE: unstartedEncodedHeaderBatchIsIrrevocableAfterAdmission (74678 ns)
    [ PASSED ] CASE: largeHeaderBatchRemainsContiguousPastControlBurstLimit (110449 ns)
    [ PASSED ] CASE: failedHeaderBatchAdmissionTerminatesScheduler (55118 ns)
    [ PASSED ] CASE: concurrentHeaderBatchesStayContiguousOnTheWire (1371794 ns)
Summary: TOTAL: 182
    PASSED: 182, SKIPPED: 0, ERROR: 0
    FAILED: 0
--------------------------------------------------------------------------------------------------
TP: wirestack.internal.tls_engine, time elapsed: 43498234436 ns, RESULT:
    TCS: TlsConnectionTest, time elapsed: 110694075 ns, RESULT:
    [ PASSED ] CASE: handshakeTransfersOwnershipAndPlaintextIoUsesTheEngine (2242590 ns)
    [ PASSED ] CASE: oneReadAndOneWriteMayOverlapButSecondReadFailsImmediately (1987887 ns)
    [ PASSED ] CASE: handshakeFailureAbortsTransportAndReleasesEngineExactlyOnce (283177 ns)
    [ PASSED ] CASE: expiredHandshakeDeadlineStillConsumesAndAbortsBothInputs (149775 ns)
    [ PASSED ] CASE: ioFailureAbortsAndRepeatedTerminalCallsDoNotReleaseTwice (1071362 ns)
    [ PASSED ] CASE: unsupportedHalfCloseDoesNotMutateAnOpenConnection (260966 ns)
    [ PASSED ] CASE: concurrentCloseAndAbortReleaseUnderlyingResourcesOnce (11944488 ns)
    [ PASSED ] CASE: gracefulCloseSendsAndProcessesCloseNotifyBeforeReleasingResources (277248 ns)
    [ PASSED ] CASE: tcpEofDuringGracefulCloseRetainsTruncationAndStillReleasesEverything (350728 ns)
    [ PASSED ] CASE: expiredCloseBudgetStillClosesTransportAndReleasesEngine (275487 ns)
    [ PASSED ] CASE: abortNeverAttemptsTlsShutdownAndRetainsLocalAbortEvidence (139290 ns)
    [ PASSED ] CASE: cancelledCloseReleasesEngineWhenImmediateAbortCallbackThrows (319650 ns)
    [ PASSED ] CASE: tcpEofDuringApplicationReadRetainsTruncationBeforeAbort (975762 ns)
    [ PASSED ] CASE: peerCloseNotifyProducesEofEvidenceAndRejectsNewApplicationWrites (1065423 ns)
    [ PASSED ] CASE: closeDeadlineExpiresWhileAnExistingBackgroundReadOwnsPumpAdmission (24750226 ns)
    [ PASSED ] CASE: closeCancellationInterruptsAnExistingBackgroundReadWithinTheBound (1308293 ns)
    [ PASSED ] CASE: closeCancellationDoesNotWaitBehindAnExistingCiphertextWrite (726250 ns)
    [ PASSED ] CASE: peerWaitingGracefulCloseStaysBoundedByTheCallerBudget (57051357 ns)
    [ PASSED ] CASE: peerWaitingGracefulCloseCompletesWithinItsBudget (286149 ns)
    TCS: Net06TlsTransportCleanupGateTest, time elapsed: 3622013 ns, RESULT:
    [ PASSED ] CASE: failedHandshakesDisposeEngineAndTransportExactlyOnce (3174457 ns)
    TCS: TlsContextTest, time elapsed: 8932147 ns, RESULT:
    [ PASSED ] CASE: linuxCapabilitiesAreExplicitAndNeverInferredFromProviderNames (99706 ns)
    [ PASSED ] CASE: defaultSystemTrustFailsAtBuildUntilLinuxAdapterIsAvailable (486838 ns)
    [ PASSED ] CASE: modernClientContextIsImmutableAndConcurrentShareable (1152419 ns)
    [ PASSED ] CASE: strictTls13RejectsAnyTls12Override (151035 ns)
    [ PASSED ] CASE: missingTls13AndHttp2CapabilitiesFailBeforeHandshake (144375 ns)
    [ PASSED ] CASE: alpnRejectsEmptyAndDuplicateProtocolNames (708578 ns)
    [ PASSED ] CASE: serverRequiresServerIdentityAndMtlSTrustAtBuildTime (1746214 ns)
    [ PASSED ] CASE: clientIdentityCapabilityIsValidatedAtBuildTime (1637047 ns)
    TCS: TlsEnginePumpTest, time elapsed: 364257763 ns, RESULT:
    [ PASSED ] CASE: awsLcClientEngineProducesAClientHelloWithoutSocketIo (46240642 ns)
    [ PASSED ] CASE: strictTls13PolicyIsAcceptedByTheNativeEngine (248455 ns)
    [ PASSED ] CASE: LinuxSystemTrustLoadsExplicitlyAndSniStaysSeparateFromReferenceIdentity (22534956 ns)
    [ PASSED ] CASE: customRootChainIsLoadedIntoARealAwsLcClientEngine (742578 ns)
    [ PASSED ] CASE: spkiPinPolicyConfiguresTheNativeVerificationPathBeforeHandshake (267464 ns)
    [ PASSED ] CASE: matchingSpkiPinCompletesARealClientServerHandshake (14323784 ns)
    [ PASSED ] CASE: matchingSpkiPinDoesNotBypassReferenceIdentityVerification (13471965 ns)
    [ PASSED ] CASE: realAwsLcEnginesExchangeCloseNotifyInBothDirections (15403781 ns)
    [ PASSED ] CASE: handshakeInfoReportsNegotiatedAlpnPeerChainAndVerificationEvidence (15544849 ns)
    [ PASSED ] CASE: tls13TicketResumesAcrossFreshEnginesWithoutEarlyData (18210112 ns)
    [ PASSED ] CASE: tls12TicketResumesAcrossFreshEngines (14364709 ns)
    [ PASSED ] CASE: sniSelectsTheCompleteImmutableContextAndItsCertificate (14017994 ns)
    [ PASSED ] CASE: sniSelectorRejectsMissingAndUnknownNamesWithStableEvidence (21326458 ns)
    [ PASSED ] CASE: noSharedAlpnFailsTheHandshakeInsteadOfSilentlySelectingNothing (11954155 ns)
    [ PASSED ] CASE: requiredMutualTlsUsesClientIdentityAndReturnsServerVerificationEvidence (14722667 ns)
    [ PASSED ] CASE: requiredMutualTlsRejectsMissingClientIdentityButOptionalAllowsIt (15892550 ns)
    [ PASSED ] CASE: mismatchedSpkiPinFailsARealClientServerHandshake (11627142 ns)
    [ PASSED ] CASE: externalSignerCompletesARealHandshakeOutsideTheNativeCallback (33906215 ns)
    [ PASSED ] CASE: externalSignerExceptionFailsClosedWithoutCrossingTheCAbi (10784353 ns)
    [ PASSED ] CASE: cancellationBeforeSignerInvocationFailsThePendingNativeOperation (15108083 ns)
    [ PASSED ] CASE: tls12ContextVersionsPartitionRealClientAndServerSessions (22579580 ns)
    [ PASSED ] CASE: tls13ContextVersionsPartitionRealClientAndServerTickets (23309550 ns)
    [ PASSED ] CASE: pumpHandlesWantReadWriteAndPartialIoWithBoundedBuffers (91543 ns)
    [ PASSED ] CASE: wantWriteWithoutCiphertextFailsInsteadOfSpinning (182784 ns)
    [ PASSED ] CASE: eofDuringWantReadRetainsTlsHandshakeEvidence (128890 ns)
    [ PASSED ] CASE: preCancellationStopsBeforeCallingProviderOrTransport (143852 ns)
    [ PASSED ] CASE: expiredDeadlineStopsBeforeCallingProviderOrTransport (126504 ns)
    TCS: LocalIdentityTest, time elapsed: 6795091 ns, RESULT:
    [ PASSED ] CASE: pkcs8InputIsExactBoundedAndZeroizable (1064733 ns)
    [ PASSED ] CASE: pkcs8FileAdapterReadsOneBoundedRegularFile (894868 ns)
    [ PASSED ] CASE: localIdentityValidatesLeafKeyMatchAndHasStablePublicIdentity (2302297 ns)
    [ PASSED ] CASE: mismatchedCertificateAndPrivateKeyFailAtIdentityBuild (781878 ns)
    [ PASSED ] CASE: externalSignerAndSystemHandleShareOneOpaqueKeyContract (383964 ns)
    [ PASSED ] CASE: duplicateSignerAlgorithmsAndMismatchedSpkiFailAtBuild (370059 ns)
    TCS: M3028TlsFuzzTest, time elapsed: 42999126335 ns, RESULT:
    [ PASSED ] CASE: recordMutationsHaveDeterministicTypedTerminals (12709752884 ns)
    [ PASSED ] CASE: handshakeMutationsHaveDeterministicTypedTerminals (19895229592 ns)
    [ PASSED ] CASE: certificateAdapterMutationsHaveDeterministicTypedTerminals (10393109405 ns)
    TCS: TlsM8006ContextTest, time elapsed: 2399240 ns, RESULT:
    [ PASSED ] CASE: sessionPartitionsRetainOnlyTheMatchingContextVersion (54879 ns)
    [ PASSED ] CASE: decryptorRequiresProviderCapabilityAndRsaExternalIdentity (1755669 ns)
    [ PASSED ] CASE: keyLogSinkRequiresExplicitProviderCapability (60058 ns)
    TCS: TlsProviderSubstitutionTest, time elapsed: 912397 ns, RESULT:
    [ PASSED ] CASE: testProviderUsesTheProductionFactoryContract (247038 ns)
    [ PASSED ] CASE: objectsFromDifferentProviderInstancesCannotMix (254376 ns)
    [ PASSED ] CASE: activeEngineRetainsProviderUntilItCloses (27590 ns)
    TCS: TlsSessionStoreTest, time elapsed: 470824 ns, RESULT:
    [ PASSED ] CASE: boundedLruExpiryAndSingleUseAreDeterministic (40252 ns)
    [ PASSED ] CASE: everySecurityPartitionDimensionPreventsReuse (63097 ns)
Summary: TOTAL: 72
    PASSED: 72, SKIPPED: 0, ERROR: 0
    FAILED: 0
--------------------------------------------------------------------------------------------------
TP: wirestack.internal.common, time elapsed: 2529104 ns, RESULT:
    TCS: EndpointTest, time elapsed: 1684086 ns, RESULT:
    [ PASSED ] CASE: acceptsTypedIpv4AndIpv6WithoutDns (274422 ns)
    [ PASSED ] CASE: addressOwnsAnImmutableOctetSnapshot (56750 ns)
    [ PASSED ] CASE: rejectsWrongLengthsAndIpv4Zones (46433 ns)
    [ PASSED ] CASE: ipv6ZoneAndPortBoundariesRemainTypedIdentity (21774 ns)
    [ PASSED ] CASE: rejectsEmptyAndOversizedIpv6Zones (32476 ns)
    TCS: HostNameTest, time elapsed: 758225 ns, RESULT:
    [ PASSED ] CASE: canonicalizesAsciiCaseAndOneRootDot (39957 ns)
    [ PASSED ] CASE: rejectsAmbiguousOrInvalidDnsNames (104221 ns)
    [ PASSED ] CASE: acceptsAsciiALabelAndExactDnsLengthBoundaries (64597 ns)
    [ PASSED ] CASE: rejectsOneByteBeyondLabelAndHostLimits (32231 ns)
Summary: TOTAL: 9
    PASSED: 9, SKIPPED: 0, ERROR: 0
    FAILED: 0
--------------------------------------------------------------------------------------------------
Project tests finished, time elapsed: 65792623228 ns, RESULT:
TP: wirestack.*, time elapsed: 65792556215 ns, RESULT:
    PASSED:
    TP: wirestack.internal.platform.linux, time elapsed: 20291541 ns
    TP: wirestack.internal.common, time elapsed: 2529104 ns
    TP: wirestack.internal.transport, time elapsed: 211503429 ns
    TP: wirestack.internal.trust, time elapsed: 69752499 ns
    TP: wirestack.internal.http2, time elapsed: 4189079000 ns
    TP: wirestack.internal.resolver, time elapsed: 41347977 ns
    TP: wirestack.internal.tls_engine, time elapsed: 43498234436 ns
    TP: wirestack.internal.connector, time elapsed: 15292929 ns
    TP: wirestack.tls, time elapsed: 142088791 ns
    TP: wirestack.internal.http1, time elapsed: 1227181061 ns
    TP: wirestack.internal.transport_stdnet, time elapsed: 213903009 ns
    TP: wirestack.net, time elapsed: 1664758119 ns
    TP: wirestack.http, time elapsed: 14315138809 ns
Summary: TOTAL: 809
    PASSED: 786, SKIPPED: 23, ERROR: 0
    FAILED: 0
--------------------------------------------------------------------------------------------------
cjpm test success
