1623806 close(3)                        = 0
1623806 close(3)                        = 0
1623806 close(3)                        = 0
1623806 close(3)                        = 0
1623806 close(3)                        = 0
1623806 close(3)                        = 0
1623806 close(3)                        = 0
1623806 close(3)                        = 0
1623806 close(3)                        = 0
1623806 close(3)                        = 0
1623806 close(3)                        = 0
1623806 close(3)                        = 0
1623806 close(3)                        = 0
1623806 socket(AF_INET, SOCK_STREAM|SOCK_CLOEXEC|SOCK_NONBLOCK, IPPROTO_IP) = 3
1623806 socket(AF_INET, SOCK_DGRAM|SOCK_CLOEXEC|SOCK_NONBLOCK, IPPROTO_IP) = 5
1623806 accept4(3, 0x55adec00b4f0, [120], SOCK_CLOEXEC|SOCK_NONBLOCK) = -1 EAGAIN (Resource temporarily unavailable)
1623806 accept4(3, {sa_family=AF_INET, sin_port=htons(34374), sin_addr=inet_addr("127.0.0.1")}, [120 => 16], SOCK_CLOEXEC|SOCK_NONBLOCK) = 6
1623806 recvfrom(6, "\0\1\2\3\4\5\6\7\10\t\n\v\f\r\16\17\20\21\22\23\24\25\26\27\30\31\32\33\34\35\36\37"..., 16384, 0, NULL, NULL) = 16384
1623806 recvfrom(6, "EFGHIJKLMNOPQRSTUVWXYZ[\\]^_`abcd"..., 16384, 0, NULL, NULL) = 1994
1623806 recvfrom(6, "789:;<=>?@ABCDEFGHIJKLMNOPQRSTUV"..., 14390, 0, NULL, NULL) = 14390
1623806 sendto(6, "\0\1\2\3\4\5\6\7\10\t\n\v\f\r\16\17\20\21\22\23\24\25\26\27\30\31\32\33\34\35\36\37"..., 16384, MSG_NOSIGNAL, NULL, 0) = 16384
1623806 sendto(6, "EFGHIJKLMNOPQRSTUVWXYZ[\\]^_`abcd"..., 16384, MSG_NOSIGNAL, NULL, 0) = 16384
1623806 close(6)                        = 0
1623806 close(3)                        = 0
1623806 socket(AF_INET, SOCK_STREAM|SOCK_CLOEXEC|SOCK_NONBLOCK, IPPROTO_IP) = 3
1623806 sendto(3, "\0\1\2\3\4\5\6\7\10\t\n\v\f\r\16\17\20\21\22\23\24\25\26\27\30\31\32\33\34\35\36\37"..., 16384, MSG_NOSIGNAL, NULL, 0) = 16384
1623806 sendto(3, "EFGHIJKLMNOPQRSTUVWXYZ[\\]^_`abcd"..., 16384, MSG_NOSIGNAL, NULL, 0) = 16384
1623806 recvfrom(3, "\0\1\2\3\4\5\6\7\10\t\n\v\f\r\16\17\20\21\22\23\24\25\26\27\30\31\32\33\34\35\36\37"..., 16384, 0, NULL, NULL) = 16384
1623806 recvfrom(3, "EFGHIJKLMNOPQRSTUVWXYZ[\\]^_`abcd"..., 16384, 0, NULL, NULL) = 16384
1623806 recvfrom(3, "", 1, 0, NULL, NULL) = 0
1623806 sendto(3, "after", 5, MSG_NOSIGNAL, NULL, 0) = 5
1623806 close(3)                        = 0
1623806 recvfrom(5, 0x55adebfe96e0, 5, 0, 0x55adec00b4f0, [120]) = -1 EAGAIN (Resource temporarily unavailable)
1623806 recvfrom(5, "", 5, 0, {sa_family=AF_INET, sin_port=htons(39872), sin_addr=inet_addr("127.0.0.1")}, [120 => 16]) = 0
1623806 recvfrom(5, "\1\2\3\4\5", 5, 0, {sa_family=AF_INET, sin_port=htons(39872), sin_addr=inet_addr("127.0.0.1")}, [120 => 16]) = 5
1623806 recvfrom(5, "\t\n\v\f", 5, 0, {sa_family=AF_INET, sin_port=htons(39872), sin_addr=inet_addr("127.0.0.1")}, [120 => 16]) = 4
1623806 sendto(5, "AB", 2, 0, {sa_family=AF_INET, sin_port=htons(39872), sin_addr=inet_addr("127.0.0.1")}, 16) = 2
1623806 recvfrom(5, 0x55adebfe96e0, 5, 0, 0x55adec00d830, [120]) = -1 EAGAIN (Resource temporarily unavailable)
1623806 recvfrom(5, "D", 5, 0, {sa_family=AF_INET, sin_port=htons(39872), sin_addr=inet_addr("127.0.0.1")}, [120 => 16]) = 1
1623806 sendto(5, "\0\1\2\3\4\5\6\7\10\t\n\v\f\r\16\17\20\21\22\23\24\25\26\27\30\31\32\33\34\35\36\37"..., 65507, 0, {sa_family=AF_INET, sin_port=htons(39872), sin_addr=inet_addr("127.0.0.1")}, 16) = 65507
1623806 recvfrom(5, 0x55adebfe96e0, 65508, 0, 0x55adec00d830, [120]) = -1 EAGAIN (Resource temporarily unavailable)
1623806 recvfrom(5, "\0\1\2\3\4\5\6\7\10\t\n\v\f\r\16\17\20\21\22\23\24\25\26\27\30\31\32\33\34\35\36\37"..., 65508, 0, {sa_family=AF_INET, sin_port=htons(39872), sin_addr=inet_addr("127.0.0.1")}, [120 => 16]) = 65507
1623806 recvfrom(5, 0x55adebfe96e0, 5, 0, 0x55adec00d830, [120]) = -1 EAGAIN (Resource temporarily unavailable)
1623806 close(5)                        = 0
1623806 socket(AF_INET, SOCK_STREAM|SOCK_CLOEXEC|SOCK_NONBLOCK, IPPROTO_IP) = 3
1623806 socket(AF_INET, SOCK_DGRAM|SOCK_CLOEXEC|SOCK_NONBLOCK, IPPROTO_IP) = 5
1623806 close(5)                        = 0
1623806 close(3)                        = 0
1623806 socket(AF_INET, SOCK_STREAM|SOCK_CLOEXEC|SOCK_NONBLOCK, IPPROTO_IP) = 3
1623806 socket(AF_INET, SOCK_DGRAM|SOCK_CLOEXEC|SOCK_NONBLOCK, IPPROTO_IP) = 5
1623806 close(5)                        = 0
1623806 close(3)                        = 0
1623806 socket(AF_INET, SOCK_STREAM|SOCK_CLOEXEC|SOCK_NONBLOCK, IPPROTO_IP) = 3
1623806 socket(AF_INET, SOCK_DGRAM|SOCK_CLOEXEC|SOCK_NONBLOCK, IPPROTO_IP) = 5
1623806 close(5)                        = 0
1623806 close(3)                        = 0
1623806 socket(AF_INET, SOCK_STREAM|SOCK_CLOEXEC|SOCK_NONBLOCK, IPPROTO_IP) = 3
1623806 socket(AF_INET, SOCK_DGRAM|SOCK_CLOEXEC|SOCK_NONBLOCK, IPPROTO_IP) = 5
1623806 close(5)                        = 0
1623806 close(3)                        = 0
1623806 socket(AF_INET, SOCK_STREAM|SOCK_CLOEXEC|SOCK_NONBLOCK, IPPROTO_IP) = 3
1623806 socket(AF_INET, SOCK_DGRAM|SOCK_CLOEXEC|SOCK_NONBLOCK, IPPROTO_IP) = 5
1623806 close(5)                        = 0
1623806 close(3)                        = 0
1623806 socket(AF_INET, SOCK_STREAM|SOCK_CLOEXEC|SOCK_NONBLOCK, IPPROTO_IP) = 3
1623806 socket(AF_INET, SOCK_DGRAM|SOCK_CLOEXEC|SOCK_NONBLOCK, IPPROTO_IP) = 5
1623806 close(5)                        = 0
1623806 close(3)                        = 0
1623806 socket(AF_INET, SOCK_STREAM|SOCK_CLOEXEC|SOCK_NONBLOCK, IPPROTO_IP) = 3
1623806 socket(AF_INET, SOCK_DGRAM|SOCK_CLOEXEC|SOCK_NONBLOCK, IPPROTO_IP) = 5
1623806 close(5)                        = 0
1623806 close(3)                        = 0
1623806 socket(AF_INET, SOCK_STREAM|SOCK_CLOEXEC|SOCK_NONBLOCK, IPPROTO_IP) = 3
1623806 socket(AF_INET, SOCK_DGRAM|SOCK_CLOEXEC|SOCK_NONBLOCK, IPPROTO_IP) = 5
1623806 close(5)                        = 0
1623806 close(3)                        = 0
1623806 socket(AF_INET, SOCK_STREAM|SOCK_CLOEXEC|SOCK_NONBLOCK, IPPROTO_IP) = 3
1623806 socket(AF_INET, SOCK_DGRAM|SOCK_CLOEXEC|SOCK_NONBLOCK, IPPROTO_IP) = 5
1623806 close(5)                        = 0
1623806 close(3)                        = 0
1623806 socket(AF_INET, SOCK_STREAM|SOCK_CLOEXEC|SOCK_NONBLOCK, IPPROTO_IP) = 3
1623806 socket(AF_INET, SOCK_DGRAM|SOCK_CLOEXEC|SOCK_NONBLOCK, IPPROTO_IP) = 5
1623806 close(5)                        = 0
1623806 close(3)                        = 0
1623806 socket(AF_INET, SOCK_STREAM|SOCK_CLOEXEC|SOCK_NONBLOCK, IPPROTO_IP) = 3
1623806 socket(AF_INET, SOCK_DGRAM|SOCK_CLOEXEC|SOCK_NONBLOCK, IPPROTO_IP) = 5
1623806 close(5)                        = 0
1623806 close(3)                        = 0
1623806 socket(AF_INET, SOCK_STREAM|SOCK_CLOEXEC|SOCK_NONBLOCK, IPPROTO_IP) = 3
1623806 socket(AF_INET, SOCK_DGRAM|SOCK_CLOEXEC|SOCK_NONBLOCK, IPPROTO_IP) = 5
1623806 close(5)                        = 0
1623806 close(3)                        = 0
1623806 socket(AF_INET, SOCK_STREAM|SOCK_CLOEXEC|SOCK_NONBLOCK, IPPROTO_IP) = 3
1623806 socket(AF_INET, SOCK_DGRAM|SOCK_CLOEXEC|SOCK_NONBLOCK, IPPROTO_IP) = 5
1623806 close(5)                        = 0
1623806 close(3)                        = 0
1623806 socket(AF_INET, SOCK_STREAM|SOCK_CLOEXEC|SOCK_NONBLOCK, IPPROTO_IP) = 3
1623806 socket(AF_INET, SOCK_DGRAM|SOCK_CLOEXEC|SOCK_NONBLOCK, IPPROTO_IP) = 5
1623806 close(5)                        = 0
1623806 close(3)                        = 0
1623806 socket(AF_INET, SOCK_STREAM|SOCK_CLOEXEC|SOCK_NONBLOCK, IPPROTO_IP) = 3
1623806 socket(AF_INET, SOCK_DGRAM|SOCK_CLOEXEC|SOCK_NONBLOCK, IPPROTO_IP) = 5
1623806 close(5)                        = 0
1623806 close(3)                        = 0
1623806 socket(AF_INET, SOCK_STREAM|SOCK_CLOEXEC|SOCK_NONBLOCK, IPPROTO_IP) = 3
1623806 socket(AF_INET, SOCK_DGRAM|SOCK_CLOEXEC|SOCK_NONBLOCK, IPPROTO_IP) = 5
1623806 close(5)                        = 0
1623806 close(3)                        = 0
1623806 socket(AF_INET, SOCK_STREAM|SOCK_CLOEXEC|SOCK_NONBLOCK, IPPROTO_IP) = 3
1623806 socket(AF_INET, SOCK_DGRAM|SOCK_CLOEXEC|SOCK_NONBLOCK, IPPROTO_IP) = 5
1623806 close(5)                        = 0
1623806 close(3)                        = 0
1623806 socket(AF_INET, SOCK_STREAM|SOCK_CLOEXEC|SOCK_NONBLOCK, IPPROTO_IP) = 3
1623806 socket(AF_INET, SOCK_DGRAM|SOCK_CLOEXEC|SOCK_NONBLOCK, IPPROTO_IP) = 5
1623806 close(5)                        = 0
1623806 close(3)                        = 0
1623806 socket(AF_INET, SOCK_STREAM|SOCK_CLOEXEC|SOCK_NONBLOCK, IPPROTO_IP) = 3
1623806 socket(AF_INET, SOCK_DGRAM|SOCK_CLOEXEC|SOCK_NONBLOCK, IPPROTO_IP) = 5
1623806 close(5)                        = 0
1623806 close(3)                        = 0
1623806 socket(AF_INET, SOCK_STREAM|SOCK_CLOEXEC|SOCK_NONBLOCK, IPPROTO_IP) = 3
1623806 socket(AF_INET, SOCK_DGRAM|SOCK_CLOEXEC|SOCK_NONBLOCK, IPPROTO_IP) = 5
1623806 close(5)                        = 0
1623806 close(3)                        = 0
1623806 socket(AF_INET, SOCK_STREAM|SOCK_CLOEXEC|SOCK_NONBLOCK, IPPROTO_IP) = 3
1623806 socket(AF_INET, SOCK_DGRAM|SOCK_CLOEXEC|SOCK_NONBLOCK, IPPROTO_IP) = 5
1623806 close(5)                        = 0
1623806 close(3)                        = 0
1623806 socket(AF_INET, SOCK_STREAM|SOCK_CLOEXEC|SOCK_NONBLOCK, IPPROTO_IP) = 3
1623806 socket(AF_INET, SOCK_DGRAM|SOCK_CLOEXEC|SOCK_NONBLOCK, IPPROTO_IP) = 5
1623806 close(5)                        = 0
1623806 close(3)                        = 0
1623806 socket(AF_INET, SOCK_STREAM|SOCK_CLOEXEC|SOCK_NONBLOCK, IPPROTO_IP) = 3
1623806 socket(AF_INET, SOCK_DGRAM|SOCK_CLOEXEC|SOCK_NONBLOCK, IPPROTO_IP) = 5
1623806 close(5)                        = 0
1623806 close(3)                        = 0
1623806 socket(AF_INET, SOCK_STREAM|SOCK_CLOEXEC|SOCK_NONBLOCK, IPPROTO_IP) = 3
1623806 socket(AF_INET, SOCK_DGRAM|SOCK_CLOEXEC|SOCK_NONBLOCK, IPPROTO_IP) = 5
1623806 close(5)                        = 0
1623806 close(3)                        = 0
1623806 socket(AF_INET, SOCK_STREAM|SOCK_CLOEXEC|SOCK_NONBLOCK, IPPROTO_IP) = 3
1623806 socket(AF_INET, SOCK_DGRAM|SOCK_CLOEXEC|SOCK_NONBLOCK, IPPROTO_IP) = 5
1623806 close(5)                        = 0
1623806 close(3)                        = 0
1623806 socket(AF_INET, SOCK_STREAM|SOCK_CLOEXEC|SOCK_NONBLOCK, IPPROTO_IP) = 3
1623806 socket(AF_INET, SOCK_DGRAM|SOCK_CLOEXEC|SOCK_NONBLOCK, IPPROTO_IP) = 5
1623806 close(5)                        = 0
1623806 close(3)                        = 0
1623806 socket(AF_INET, SOCK_STREAM|SOCK_CLOEXEC|SOCK_NONBLOCK, IPPROTO_IP) = 3
1623806 socket(AF_INET, SOCK_DGRAM|SOCK_CLOEXEC|SOCK_NONBLOCK, IPPROTO_IP) = 5
1623806 close(5)                        = 0
1623806 close(3)                        = 0
1623806 socket(AF_INET, SOCK_STREAM|SOCK_CLOEXEC|SOCK_NONBLOCK, IPPROTO_IP) = 3
1623806 socket(AF_INET, SOCK_DGRAM|SOCK_CLOEXEC|SOCK_NONBLOCK, IPPROTO_IP) = 5
1623806 close(5)                        = 0
1623806 close(3)                        = 0
1623806 socket(AF_INET, SOCK_STREAM|SOCK_CLOEXEC|SOCK_NONBLOCK, IPPROTO_IP) = 3
1623806 socket(AF_INET, SOCK_DGRAM|SOCK_CLOEXEC|SOCK_NONBLOCK, IPPROTO_IP) = 5
1623806 close(5)                        = 0
1623806 close(3)                        = 0
1623806 socket(AF_INET, SOCK_STREAM|SOCK_CLOEXEC|SOCK_NONBLOCK, IPPROTO_IP) = 3
1623806 socket(AF_INET, SOCK_DGRAM|SOCK_CLOEXEC|SOCK_NONBLOCK, IPPROTO_IP) = 5
1623806 close(5)                        = 0
1623806 close(3)                        = 0
1623806 socket(AF_INET, SOCK_STREAM|SOCK_CLOEXEC|SOCK_NONBLOCK, IPPROTO_IP) = 3
1623806 socket(AF_INET, SOCK_DGRAM|SOCK_CLOEXEC|SOCK_NONBLOCK, IPPROTO_IP) = 5
1623806 close(5)                        = 0
1623806 close(3)                        = 0
1623806 socket(AF_INET, SOCK_STREAM|SOCK_CLOEXEC|SOCK_NONBLOCK, IPPROTO_IP) = 3
1623806 socket(AF_INET, SOCK_DGRAM|SOCK_CLOEXEC|SOCK_NONBLOCK, IPPROTO_IP) = 5
1623806 close(5)                        = 0
1623806 close(3)                        = 0
1623806 socket(AF_INET, SOCK_STREAM|SOCK_CLOEXEC|SOCK_NONBLOCK, IPPROTO_IP) = 3
1623806 socket(AF_INET, SOCK_DGRAM|SOCK_CLOEXEC|SOCK_NONBLOCK, IPPROTO_IP) = 5
1623806 close(5)                        = 0
1623806 close(3)                        = 0
1623806 socket(AF_INET, SOCK_STREAM|SOCK_CLOEXEC|SOCK_NONBLOCK, IPPROTO_IP) = 3
1623806 socket(AF_INET, SOCK_DGRAM|SOCK_CLOEXEC|SOCK_NONBLOCK, IPPROTO_IP) = 5
1623806 close(5)                        = 0
1623806 close(3)                        = 0
1623806 socket(AF_INET, SOCK_STREAM|SOCK_CLOEXEC|SOCK_NONBLOCK, IPPROTO_IP) = 3
1623806 socket(AF_INET, SOCK_DGRAM|SOCK_CLOEXEC|SOCK_NONBLOCK, IPPROTO_IP) = 5
1623806 close(5)                        = 0
1623806 close(3)                        = 0
1623806 socket(AF_INET, SOCK_STREAM|SOCK_CLOEXEC|SOCK_NONBLOCK, IPPROTO_IP) = 3
1623806 socket(AF_INET, SOCK_DGRAM|SOCK_CLOEXEC|SOCK_NONBLOCK, IPPROTO_IP) = 5
1623806 close(5)                        = 0
1623806 close(3)                        = 0
1623806 socket(AF_INET, SOCK_STREAM|SOCK_CLOEXEC|SOCK_NONBLOCK, IPPROTO_IP) = 3
1623806 socket(AF_INET, SOCK_DGRAM|SOCK_CLOEXEC|SOCK_NONBLOCK, IPPROTO_IP) = 5
1623806 close(5)                        = 0
1623806 close(3)                        = 0
1623806 socket(AF_INET, SOCK_STREAM|SOCK_CLOEXEC|SOCK_NONBLOCK, IPPROTO_IP) = 3
1623806 socket(AF_INET, SOCK_DGRAM|SOCK_CLOEXEC|SOCK_NONBLOCK, IPPROTO_IP) = 5
1623806 close(5)                        = 0
1623806 close(3)                        = 0
1623806 socket(AF_INET, SOCK_STREAM|SOCK_CLOEXEC|SOCK_NONBLOCK, IPPROTO_IP) = 3
1623806 socket(AF_INET, SOCK_DGRAM|SOCK_CLOEXEC|SOCK_NONBLOCK, IPPROTO_IP) = 5
1623806 close(5)                        = 0
1623806 close(3)                        = 0
1623806 socket(AF_INET, SOCK_STREAM|SOCK_CLOEXEC|SOCK_NONBLOCK, IPPROTO_IP) = 3
1623806 socket(AF_INET, SOCK_DGRAM|SOCK_CLOEXEC|SOCK_NONBLOCK, IPPROTO_IP) = 5
1623806 close(5)                        = 0
1623806 close(3)                        = 0
1623806 socket(AF_INET, SOCK_STREAM|SOCK_CLOEXEC|SOCK_NONBLOCK, IPPROTO_IP) = 3
1623806 socket(AF_INET, SOCK_DGRAM|SOCK_CLOEXEC|SOCK_NONBLOCK, IPPROTO_IP) = 5
1623806 close(5)                        = 0
1623806 close(3)                        = 0
1623806 socket(AF_INET, SOCK_STREAM|SOCK_CLOEXEC|SOCK_NONBLOCK, IPPROTO_IP) = 3
1623806 socket(AF_INET, SOCK_DGRAM|SOCK_CLOEXEC|SOCK_NONBLOCK, IPPROTO_IP) = 5
1623806 close(5)                        = 0
1623806 close(3)                        = 0
1623806 socket(AF_INET, SOCK_STREAM|SOCK_CLOEXEC|SOCK_NONBLOCK, IPPROTO_IP) = 3
1623806 socket(AF_INET, SOCK_DGRAM|SOCK_CLOEXEC|SOCK_NONBLOCK, IPPROTO_IP) = 5
1623806 close(5)                        = 0
1623806 close(3)                        = 0
1623806 socket(AF_INET, SOCK_STREAM|SOCK_CLOEXEC|SOCK_NONBLOCK, IPPROTO_IP) = 3
1623806 socket(AF_INET, SOCK_DGRAM|SOCK_CLOEXEC|SOCK_NONBLOCK, IPPROTO_IP) = 5
1623806 close(5)                        = 0
1623806 close(3)                        = 0
1623806 socket(AF_INET, SOCK_STREAM|SOCK_CLOEXEC|SOCK_NONBLOCK, IPPROTO_IP) = 3
1623806 socket(AF_INET, SOCK_DGRAM|SOCK_CLOEXEC|SOCK_NONBLOCK, IPPROTO_IP) = 5
1623806 close(5)                        = 0
1623806 close(3)                        = 0
1623806 socket(AF_INET, SOCK_STREAM|SOCK_CLOEXEC|SOCK_NONBLOCK, IPPROTO_IP) = 3
1623806 socket(AF_INET, SOCK_DGRAM|SOCK_CLOEXEC|SOCK_NONBLOCK, IPPROTO_IP) = 5
1623806 close(5)                        = 0
1623806 close(3)                        = 0
1623806 socket(AF_INET, SOCK_STREAM|SOCK_CLOEXEC|SOCK_NONBLOCK, IPPROTO_IP) = 3
1623806 socket(AF_INET, SOCK_DGRAM|SOCK_CLOEXEC|SOCK_NONBLOCK, IPPROTO_IP) = 5
1623806 close(5)                        = 0
1623806 close(3)                        = 0
1623806 socket(AF_INET, SOCK_STREAM|SOCK_CLOEXEC|SOCK_NONBLOCK, IPPROTO_IP) = 3
1623806 socket(AF_INET, SOCK_DGRAM|SOCK_CLOEXEC|SOCK_NONBLOCK, IPPROTO_IP) = 5
1623806 close(5)                        = 0
1623806 close(3)                        = 0
1623806 socket(AF_INET, SOCK_STREAM|SOCK_CLOEXEC|SOCK_NONBLOCK, IPPROTO_IP) = 3
1623806 socket(AF_INET, SOCK_DGRAM|SOCK_CLOEXEC|SOCK_NONBLOCK, IPPROTO_IP) = 5
1623806 close(5)                        = 0
1623806 close(3)                        = 0
1623806 socket(AF_INET, SOCK_STREAM|SOCK_CLOEXEC|SOCK_NONBLOCK, IPPROTO_IP) = 3
1623806 socket(AF_INET, SOCK_DGRAM|SOCK_CLOEXEC|SOCK_NONBLOCK, IPPROTO_IP) = 5
1623806 close(5)                        = 0
1623806 close(3)                        = 0
1623806 socket(AF_INET, SOCK_STREAM|SOCK_CLOEXEC|SOCK_NONBLOCK, IPPROTO_IP) = 3
1623806 socket(AF_INET, SOCK_DGRAM|SOCK_CLOEXEC|SOCK_NONBLOCK, IPPROTO_IP) = 5
1623806 close(5)                        = 0
1623806 close(3)                        = 0
1623806 socket(AF_INET, SOCK_STREAM|SOCK_CLOEXEC|SOCK_NONBLOCK, IPPROTO_IP) = 3
1623806 socket(AF_INET, SOCK_DGRAM|SOCK_CLOEXEC|SOCK_NONBLOCK, IPPROTO_IP) = 5
1623806 close(5)                        = 0
1623806 close(3)                        = 0
1623806 socket(AF_INET, SOCK_STREAM|SOCK_CLOEXEC|SOCK_NONBLOCK, IPPROTO_IP) = 3
1623806 socket(AF_INET, SOCK_DGRAM|SOCK_CLOEXEC|SOCK_NONBLOCK, IPPROTO_IP) = 5
1623806 close(5)                        = 0
1623806 close(3)                        = 0
1623806 socket(AF_INET, SOCK_STREAM|SOCK_CLOEXEC|SOCK_NONBLOCK, IPPROTO_IP) = 3
1623806 socket(AF_INET, SOCK_DGRAM|SOCK_CLOEXEC|SOCK_NONBLOCK, IPPROTO_IP) = 5
1623806 close(5)                        = 0
1623806 close(3)                        = 0
1623806 socket(AF_INET, SOCK_STREAM|SOCK_CLOEXEC|SOCK_NONBLOCK, IPPROTO_IP) = 3
1623806 socket(AF_INET, SOCK_DGRAM|SOCK_CLOEXEC|SOCK_NONBLOCK, IPPROTO_IP) = 5
1623806 close(5)                        = 0
1623806 close(3)                        = 0
1623806 socket(AF_INET, SOCK_STREAM|SOCK_CLOEXEC|SOCK_NONBLOCK, IPPROTO_IP) = 3
1623806 socket(AF_INET, SOCK_DGRAM|SOCK_CLOEXEC|SOCK_NONBLOCK, IPPROTO_IP) = 5
1623806 close(5)                        = 0
1623806 close(3)                        = 0
1623806 socket(AF_INET, SOCK_STREAM|SOCK_CLOEXEC|SOCK_NONBLOCK, IPPROTO_IP) = 3
1623806 socket(AF_INET, SOCK_DGRAM|SOCK_CLOEXEC|SOCK_NONBLOCK, IPPROTO_IP) = 5
1623806 close(5)                        = 0
1623806 close(3)                        = 0
1623806 socket(AF_INET, SOCK_STREAM|SOCK_CLOEXEC|SOCK_NONBLOCK, IPPROTO_IP) = 3
1623806 socket(AF_INET, SOCK_DGRAM|SOCK_CLOEXEC|SOCK_NONBLOCK, IPPROTO_IP) = 5
1623806 close(5)                        = 0
1623806 close(3)                        = 0
1623806 socket(AF_INET, SOCK_STREAM|SOCK_CLOEXEC|SOCK_NONBLOCK, IPPROTO_IP) = 3
1623806 socket(AF_INET, SOCK_DGRAM|SOCK_CLOEXEC|SOCK_NONBLOCK, IPPROTO_IP) = 5
1623806 close(5)                        = 0
1623806 close(3)                        = 0
1623806 socket(AF_INET, SOCK_STREAM|SOCK_CLOEXEC|SOCK_NONBLOCK, IPPROTO_IP) = 3
1623806 socket(AF_INET, SOCK_DGRAM|SOCK_CLOEXEC|SOCK_NONBLOCK, IPPROTO_IP) = 5
1623806 close(5)                        = 0
1623806 close(3)                        = 0
1623806 socket(AF_INET, SOCK_STREAM|SOCK_CLOEXEC|SOCK_NONBLOCK, IPPROTO_IP) = 3
1623806 socket(AF_INET, SOCK_DGRAM|SOCK_CLOEXEC|SOCK_NONBLOCK, IPPROTO_IP) = 5
1623806 close(5)                        = 0
1623806 close(3)                        = 0
1623806 socket(AF_INET, SOCK_STREAM|SOCK_CLOEXEC|SOCK_NONBLOCK, IPPROTO_IP) = 3
1623806 socket(AF_INET, SOCK_DGRAM|SOCK_CLOEXEC|SOCK_NONBLOCK, IPPROTO_IP) = 5
1623806 close(5)                        = 0
1623806 close(3)                        = 0
1623806 socket(AF_INET, SOCK_STREAM|SOCK_CLOEXEC|SOCK_NONBLOCK, IPPROTO_IP) = 3
1623806 socket(AF_INET, SOCK_DGRAM|SOCK_CLOEXEC|SOCK_NONBLOCK, IPPROTO_IP) = 5
1623806 close(5)                        = 0
1623806 close(3)                        = 0
1623806 socket(AF_INET, SOCK_STREAM|SOCK_CLOEXEC|SOCK_NONBLOCK, IPPROTO_IP) = 3
1623806 socket(AF_INET, SOCK_DGRAM|SOCK_CLOEXEC|SOCK_NONBLOCK, IPPROTO_IP) = 5
1623806 close(5)                        = 0
1623806 close(3)                        = 0
1623806 socket(AF_INET, SOCK_DGRAM|SOCK_CLOEXEC|SOCK_NONBLOCK, IPPROTO_IP) = 3
1623811 recvfrom(3, 0x55adec00f4c0, 2, 0, 0x7f8c9c0212a0, [120]) = -1 EAGAIN (Resource temporarily unavailable)
1623806 sendto(3, "live", 4, 0, {sa_family=AF_INET, sin_port=htons(39872), sin_addr=inet_addr("127.0.0.1")}, 16) = 4
1623811 close(3)                        = 0
1623811 socket(AF_INET, SOCK_DGRAM|SOCK_CLOEXEC|SOCK_NONBLOCK, IPPROTO_IP) = 3
1623827 recvfrom(3, 0x7f8c9c023420, 2, 0, 0x7f8c90000980, [120]) = -1 EAGAIN (Resource temporarily unavailable)
1623827 close(3)                        = 0
1623810 +++ exited with 0 +++
1623809 +++ exited with 0 +++
1623808 +++ exited with 0 +++
1623807 +++ exited with 0 +++
1623827 close(4)                        = 0
1623827 +++ exited with 0 +++
1623811 +++ exited with 0 +++
1623806 +++ exited with 0 +++
