M7-022 Linux release soak: FAIL: SOAK_ALREADY_RUNNING: another invocation is active
M0-016 validation: PASS
architecture guard: PASS
{"artifacts": {"api": "docs/api/generated/api-surface.json", "coverage": "docs/api/generated/coverage.json", "docs": "docs/api/generated/docs.json", "markdown": "docs/api/generated/markdown"}, "cjdoc": {"path": "/home/elliot/playground/Wirestack-pr-worktrees/M8-004-recovery-tools/cjdoc/bin/cjdoc", "version": "0.7.2"}, "combined": {"apiEntries": 1481, "apiSha256": "cb8de6f898a5ba5fc54f3f084cf15df9d40b1504f9be408e286802a2370d80cc", "coverage": {"parameters": {"documented": 717, "percent": 100, "total": 717}, "symbols": {"documented": 1481, "percent": 100, "total": 1481}}, "coverageSha256": "4fcb7e38bfcd9a89ac1a8a3c695c14de6d6dc4383905b9fa4a59deeb9f29ee1d", "declarations": 2450, "docsSha256": "7c7955fdf8cf5754cac71ebf6351ea099c59e726216d6a6cdc3b32bdc40bf7d4", "markdownSha256": "988b54088600cbe0a4c63d442b309d59a3f11ecb93cf3db6b5ced6bd4f632518", "package": "combined", "status": "PASS"}, "commands": [{"kind": "check", "package": "wirestack", "returncode": 0, "status": "PASS", "stderr": "documentation coverage: symbols 662/662 (100%), parameters 262/262 (100%)\n", "stderr_truncated": false, "stdout": "", "stdout_truncated": false}, {"kind": "generate", "package": "wirestack", "returncode": 0, "status": "PASS", "stderr": "", "stderr_truncated": false, "stdout": "generated /tmp/wirestack-m7-033-wkokzd47/wirestack/output\n", "stdout_truncated": false}, {"kind": "check", "package": "wirestack.http", "returncode": 0, "status": "PASS", "stderr": "documentation coverage: symbols 1064/1064 (100%), parameters 482/482 (100%)\n", "stderr_truncated": false, "stdout": "", "stdout_truncated": false}, {"kind": "generate", "package": "wirestack.http", "returncode": 0, "status": "PASS", "stderr": "", "stderr_truncated": false, "stdout": "generated /tmp/wirestack-m7-033-wkokzd47/wirestack-http/output\n", "stdout_truncated": false}, {"kind": "check", "package": "wirestack.tls", "returncode": 0, "status": "PASS", "stderr": "documentation coverage: symbols 838/838 (100%), parameters 326/326 (100%)\n", "stderr_truncated": false, "stdout": "", "stdout_truncated": false}, {"kind": "generate", "package": "wirestack.tls", "returncode": 0, "status": "PASS", "stderr": "", "stderr_truncated": false, "stdout": "generated /tmp/wirestack-m7-033-wkokzd47/wirestack-tls/output\n", "stdout_truncated": false}, {"kind": "check", "package": "wirestack.net", "returncode": 0, "status": "PASS", "stderr": "documentation coverage: symbols 903/903 (100%), parameters 433/433 (100%)\n", "stderr_truncated": false, "stdout": "", "stdout_truncated": false}, {"kind": "generate", "package": "wirestack.net", "returncode": 0, "status": "PASS", "stderr": "", "stderr_truncated": false, "stdout": "generated /tmp/wirestack-m7-033-wkokzd47/wirestack-net/output\n", "stdout_truncated": false}, {"kind": "check", "package": "combined", "returncode": 0, "status": "PASS", "stderr": "documentation coverage: symbols 1481/1481 (100%), parameters 717/717 (100%)\n", "stderr_truncated": false, "stdout": "", "stdout_truncated": false}, {"kind": "generate", "package": "combined", "returncode": 0, "status": "PASS", "stderr": "", "stderr_truncated": false, "stdout": "generated /tmp/wirestack-m7-033-wkokzd47/combined/output\n", "stdout_truncated": false}], "expectedCjdoc": "0.7.2", "generatedAtUtc": "2026-09-14T06:54:51.456105Z", "issues": [], "layers": [{"apiEntries": 662, "apiSha256": "18ef8b0e5e6dd34daae0b7bfc98e0c0c370f7237eb07e72e432c76a13726a88e", "coverage": {"parameters": {"documented": 262, "percent": 100, "total": 262}, "symbols": {"documented": 662, "percent": 100, "total": 662}}, "coverageSha256": "a33481d03da902371e26245f67bb94f450d89ef66b9c0ad36bac6970eaf207b4", "declarations": 808, "docsSha256": "df3c07c4f0458a36021e9f7928e3e0fdbde27785c527e9d40ac60e00094f1014", "markdownSha256": "3055a19762b460c1f977ca0ed29a1154c7af8cda9d232351ef2bba0e2b409b45", "package": "wirestack", "status": "PASS"}, {"apiEntries": 1064, "apiSha256": "df063511115594aeb57225f01bb32c12549ec6888a45469c93fd0f19a7229a49", "coverage": {"parameters": {"documented": 482, "percent": 100, "total": 482}, "symbols": {"documented": 1064, "percent": 100, "total": 1064}}, "coverageSha256": "a5043809b426f1ca07c8ae09cfd3230e98484f4d664c61af9e977222ce072dfc", "declarations": 1732, "docsSha256": "7c220e541cac8832664b2ca81fd572a9672e1f111437a759d3eecef581d186af", "markdownSha256": "b90982339ea708b7f7715aac927745b2581b6855195119690f6e0f5582139392", "package": "wirestack.http", "status": "PASS"}, {"apiEntries": 838, "apiSha256": "3de4d04409af0f532e8a5ccb3cf2790eafbcecbc9e2d8b92144e2e2db31fcdc0", "coverage": {"parameters": {"documented": 326, "percent": 100, "total": 326}, "symbols": {"documented": 838, "percent": 100, "total": 838}}, "coverageSha256": "9911e669daf6b58625ce5c52ba3482cd983ccf34a95439d3d47d87113d5757c1", "declarations": 1014, "docsSha256": "9f261ea3c18964b0dfa3d252e0d00bc0f1e37f0788b8679e97f7cce31d4ed15b", "markdownSha256": "f11ae8b6080dd249c5c33562a00732f7bbd35c67e423c0bcfc39ae9935b07646", "package": "wirestack.tls", "status": "PASS"}, {"apiEntries": 903, "apiSha256": "cd4df30531ee0650e00fcd40cfbb9e53492082530725e8a9be73be80110505cd", "coverage": {"parameters": {"documented": 433, "percent": 100, "total": 433}, "symbols": {"documented": 903, "percent": 100, "total": 903}}, "coverageSha256": "6371ebd2d7a1b2ee19d799c9f26f93f4c0d25f2647e34ee6622e4e4a29d4b78a", "declarations": 1320, "docsSha256": "c70598deda76080c81076f9ec59bdcfd7362edc37ddeea322bfc6770e9b54391", "markdownSha256": "c665cef542630b9fbda37c53b17bfede25aa487c50b010430c1047257d4e1bfe", "package": "wirestack.net", "status": "PASS"}], "platform": {"libc": "glibc", "machine": "x86_64", "system": "Linux"}, "schemaVersion": 1, "sourceSha256": {"src/byte_span.cj": "4b38c6d184e172a56f0c39308294cbd2485ff683aba4f27028abe07c2b4661c4", "src/cancellation.cj": "c023b65acab9740096dc1ec9a770cf59d7361b2fec3dcdeebb3cc6033d78034d", "src/common.cj": "7a6d9bf1bd56bb9c5209152b2482dee044027f8d348233dcd6cc7b87d1c866e3", "src/deadline.cj": "15c5fd0c7f2dcfb4be7150359990c7c35cde11aa3332f80a9efe9f79e431a7c4", "src/hostname_verifier.cj": "a0d06b89cf163b91339e5690bf1d15d8e94bd4912c2792b35e0cdd09d4e34989", "src/http/cancellation.cj": "8ff94be6a771af4c56dab7dc982fca0a16e6df1da4d1a14303dfc179f9225537", "src/http/client.cj": "97131a36c964f68cbc6697a87a4fd5fe81a5a0d146dee3355b4386a47f97c628", "src/http/cookie.cj": "5326d61b5121e75e56750a29c960dc97e9b7fc34ba10f62236e3b19adbaee1d8", "src/http/duplex.cj": "e81f52f4efbc0b728a1891d67bc0f3a6292af471d16d992b65e2055e44ffac24", "src/http/error.cj": "d88c54a157e02063ab4048c197631daba3642a9618672841e4b98d3a25d275ad", "src/http/file_handler.cj": "2706ddeadba5c448a9bdf9ed1b604d5fe56c527b001d28ecb3b558b93728df74", "src/http/hooks.cj": "0b6016a645fd69bbb8743e5abfed22b4c325286a450587b4ff87b722ef04f2ed", "src/http/multipart.cj": "506c82b691fa280fc147fa7d6f73aa5ed7b1045f5fa1122bd7c667a62aead36e", "src/http/package.cj": "edae278034e8047e77649badec506b86ff2e6f3fc530d3eaf68394f77ff43ca0", "src/http/proxy.cj": "9576c9b153192c93943911557e8cce25f567e5ad0357074189437cc17af6fe1d", "src/http/redirect.cj": "e7e9f07fa0bb79299e46c1320b32daf238e702b66fcb8e1368439723d74d96b4", "src/http/resolver.cj": "8c44e5ff6961122d6483c22546a26dab02e8414b88d5e18b954ddcf0b3ff29e4", "src/http/retry.cj": "e889370833f2d5b7df07d4cd13aa3068ab6262e1c2252728cbcc99c788b4199b", "src/http/server.cj": "52ede5995cf2b5ac64948b36334eadd9782cdcaa26e4c2bf3914a85e25cdb529", "src/http/tls.cj": "b232989ad8c4e73d4480dcae4ce40aae55fbedf9ce13b5922cc61b8a6e8a1e62", "src/http/upgrade.cj": "3bf29c0ad5b9fd19f5b2d994d36abcf76cbcc7d22d46c18991378aab705e0f73", "src/http/websocket.cj": "1eafd0d9f728592adea31d4397a8173c98d6ad3551ab4ed84d3b77623b787ba7", "src/http/websocket_handshake.cj": "db5d899be8d22022db1e7aed502ad36c3cc5e52d6dbae8dce53112f797276d59", "src/http_body.cj": "49b72ad2517213133eb693a190061050b655edb02df01eaa414db216c60fc4fe", "src/http_contract.cj": "39d7fe3885f50211393d9e03dc478b7370566bf7b7b3d3f20d0a5d3de3dc9259", "src/http_message.cj": "4033d25f42135e43f498f11d2b459512dcb7c45bce6e91efaa85b18a053e8ef1", "src/http_model.cj": "993ad73017a4da224b98f851e1e39d46fe6016502044b934f7ab191fb0da5a8c", "src/http_push.cj": "5dde5a1ff4cee87c947c1867e56fe0e7b9d2a38e2ca91a597f5a8deb4c2fc20f", "src/http_url.cj": "074cc811771e49030292b278252947af9f29476f67e9fd53f6a82ac473690955", "src/net/datagram_socket_core.cj": "2095e7d3a02c805c3018badf7045b0d76a42a56e101a2e08867f32b676c34ae6", "src/net/dns_client.cj": "a63095f98489b93b83f76cebc878678391d338f9080e15cf2ea7277ff6562622", "src/net/dns_resolver.cj": "65b410bda4ed26d315848f68bdd70b432101153b12e3c5d6dcccd8bea14ec183", "src/net/dns_wire.cj": "08b6bfb5fb7b46502a2a897f44a251765947359408398bcb93442504de28bde0", "src/net/package.cj": "05ee39721856fab3dc82dc4a83baaa0adfd9bb8af4fb38e0af41d4f5cb4430cc", "src/net/tcp_listener.cj": "7735311cd3aa657a3be9a37216cb5a1b404854932ab66480ea78b9f42a2b2b1f", "src/net/udp_socket.cj": "a59cba97d797a3800338f6a8594bfcd0f93456fc926421b2f9bce81149c9546b", "src/net/unix_datagram_socket.cj": "7447856c277d45d943087e3285fd0ade950cf7047fbf232052e1cd9d0a730511", "src/net/unix_listener.cj": "aa964800977f95ff67a6351a91c16d950324bbe0c50d7b01c5f1484f06e01967", "src/net/unix_stream.cj": "399aeac5d19f6457e2342fd7b1af3a76943f00db50a21c1474bed3b3141acb8b", "src/network_error.cj": "4e272f9b9887804f0de87ec032d442a69b49803da66bffa005b7f0282aadc5e5", "src/network_event.cj": "55d93c151752e76c80c441e4bfc639f7d6da77e89ed582bae2ba6a43cdcc3084", "src/operation_context.cj": "523a1c1efaab2f3e6ba0755386460ea504a2caa8ef1453a18134f950c6e1234d", "src/package.cj": "f9035aacfa24f06fe88eda3f16a5cbcf5dbf482b2d86776ea27e09e4861e93d7", "src/private_key_contract.cj": "cb03bb9badc0552c2ac66dbb6bf4842559b5ea17b2aa77284e817a78d63c6e84", "src/resolver.cj": "7b2129a0e3fd4be72ad2dd6adaf0053d5de23a08214157c931d38d7627154b23", "src/tls/facade.cj": "e7d4d1be6695abeb50c9ca8490817f2ef56b9a812f5be58cf9717ec4d3992077", "src/tls/identity.cj": "055c4232b9e44ff3cc768a09f023cd7a19174f5ce0d4dc263ca675af90660d19", "src/tls/package.cj": "5afa752de915ccff3866a81b9dbd0e6d3da1df01e1ecfa7180eb42709694d2b9", "src/tls_contract.cj": "1cbeb94013b9a2b946dd731b335554340862388feadf354162a2f2320bb6dac1", "src/transport.cj": "6781aa3bf538523e02c4807eebff7ac37a773e5dc9bdb427e6a56ace3a0b7033", "src/trust.cj": "f64b49d84a58e034e3976089211f7b645b42e5bc51dbc353f2e0bcec14d17aba"}, "status": "PASS", "targetCfg": {"arch": "x86_64", "env": "gnu", "os": "Linux"}, "taskId": "M7-033"}
The valid serial compilation order is:
    wirestack -> wirestack.internal -> wirestack.internal.identity -> wirestack.internal.platform -> wirestack.internal.platform.android -> wirestack.internal.platform.apple -> wirestack.internal.platform.harmony -> wirestack.internal.platform.linux -> wirestack.internal.platform.windows -> wirestack.internal.common -> wirestack.internal.http_files -> wirestack.internal.http_model -> wirestack.internal.transport -> wirestack.internal.trust -> wirestack.internal.http2 -> wirestack.internal.resolver -> wirestack.internal.tls_engine -> wirestack.internal.connector -> wirestack.tls -> wirestack.internal.http1 -> wirestack.internal.transport_stdnet -> wirestack.net -> wirestack.http
cjpm check success
cjpm build success
--------------------------------------------------------------------------------------------------
TP: wirestack.internal.http2, time elapsed: 3899129471 ns, RESULT:
    TCS: Http2ClientConnectionTest, time elapsed: 178933373 ns, RESULT:
    [ PASSED ] CASE: encodedHeaderFailureClosesTheConnection (1881138 ns)
    [ PASSED ] CASE: tenConcurrentRequestsShareOneConnectionAndMapOutOfOrderResponses (3277361 ns)
    [ PASSED ] CASE: claimedStreamsPublishInitialHeadersInStreamIdOrder (3166065 ns)
    [ PASSED ] CASE: cancelledUnpublishedStreamDoesNotBlockNextClaim (2867992 ns)
    [ PASSED ] CASE: declaredLengthDoesNotReleaseStreamBeforeWireEndStream (1331456 ns)
    [ PASSED ] CASE: streamsRequestBodyThroughFlowControlledDataAndEndsLocallyOnce (1420122 ns)
    [ PASSED ] CASE: peerResetFailsOnlyItsStreamAndConnectionRemainsUsable (2878857 ns)
    [ PASSED ] CASE: peerGoAwayDrainsConnectionWithoutFailingAcceptedStream (1155209 ns)
    [ PASSED ] CASE: connectedStreamOutlivesHandshakeCancellationAndUsesOperationContexts (1955732 ns)
    [ PASSED ] CASE: contextlessHalfCloseDoesNotWaitForBlockedConnectionWriter (5572699 ns)
    [ PASSED ] CASE: halfCloseOrdersEndAfterAdmittedFlowControlledWrite (13861217 ns)
    [ PASSED ] CASE: gracefulCloseOrdersEndAfterAdmittedFlowControlledWrite (9152918 ns)
    [ PASSED ] CASE: gracefulCloseDeadlineStopsAdmittedFlowControlledWrite (109127428 ns)
    [ PASSED ] CASE: queuedHalfCloseCancellationDoesNotWaitForConnectionWriter (10038136 ns)
    [ PASSED ] CASE: rejectedConnectReturnsFullResponseAndClosesRequestDirection (1785124 ns)
    [ PASSED ] CASE: enabledPushAttachesBoundedCallerDrivenResponses (4418363 ns)
    TCS: Http2ClientMappingTest, time elapsed: 4620860 ns, RESULT:
    [ PASSED ] CASE: requestMapsOrderedPseudoFieldsAuthorityAndSensitiveHeaders (103512 ns)
    [ PASSED ] CASE: connectUsesOnlyMethodAndAuthorityPseudoFields (92363 ns)
    [ PASSED ] CASE: connectStreamMappingKeepsBothDataDirectionsOpen (120721 ns)
    [ PASSED ] CASE: requestRejectsAuthorityFramingAndConnectionAmbiguity (355060 ns)
    [ PASSED ] CASE: requestHeaderListHonorsHttp2BoundsBeforeHpackMutation (101705 ns)
    [ PASSED ] CASE: requestBodyProvesEofBeforeOneTerminalTrailerBlock (175571 ns)
    [ PASSED ] CASE: requestBodyRejectsPrematureEofAndConfiguredOverflow (208506 ns)
    [ PASSED ] CASE: responseMapsInformationalFinalDataAndTrailersInOrder (158020 ns)
    [ PASSED ] CASE: responseRejectsPseudoOrderCaseAndConnectionFieldsAsStreamErrors (110653 ns)
    [ PASSED ] CASE: responseRejectsInvalidStatusAndTooManyInformationalHeads (255464 ns)
    [ PASSED ] CASE: responseContentLengthMustMatchExactlyAtEndStream (180871 ns)
    [ PASSED ] CASE: streamingResponseMayExceedTheConfiguredRequestBodyBound (39058 ns)
    [ PASSED ] CASE: bodylessAndConnectResponseRulesAreExplicit (181961 ns)
    [ PASSED ] CASE: responseTrailersRequireFinalEndStreamAndRegularAllowedFields (153968 ns)
    [ PASSED ] CASE: promisedRequestValidationPrecedesApplicationPolicy (237122 ns)
    TCS: Http2ClientPushOwnershipTest, time elapsed: 1381037 ns, RESULT:
    [ PASSED ] CASE: resetLostOfferIsClosedAndNextOfferRemainsDeliverable (233669 ns)
    [ PASSED ] CASE: parentCancellationStopsTransferredStalledBodyWithoutCancellingIndependentSibling (341993 ns)
    [ PASSED ] CASE: expiredParentAbsoluteDeadlineStillGovernsTransferredBodyAfterHeaders (276915 ns)
    TCS: Http2ConformanceTest, time elapsed: 6537303 ns, RESULT:
    [ PASSED ] CASE: invalidFrameOrderMatrixFailsAtConnectionScope (313134 ns)
    [ PASSED ] CASE: continuationSequenceCompletesOnlyOnEndHeaders (172562 ns)
    [ PASSED ] CASE: rstStreamAndGoAwayRaceCompletesOwnerOnceAndCleansRegistrations (5501145 ns)
    TCS: Http2ConnectionStateMachineTest, time elapsed: 7359343 ns, RESULT:
    [ PASSED ] CASE: clientStartEmitsMagicAndSettingsThenPeerSettingsOpens (38829 ns)
    [ PASSED ] CASE: serverConsumesIncrementalMagicBeforeItsFirstSettings (52554 ns)
    [ PASSED ] CASE: invalidOrIncompletePrefaceFailsOnceWithProtocolEvidence (54926 ns)
    [ PASSED ] CASE: firstPeerFrameMustBeNonAcknowledgementSettings (65425 ns)
    [ PASSED ] CASE: openConnectionAppliesSettingsAndCompletesHeaderBlocks (56019 ns)
    [ PASSED ] CASE: peerGoAwayDrainsAndMayOnlyNarrowItsBoundary (85387 ns)
    [ PASSED ] CASE: localDrainUsesProcessedPeerBoundaryAndNeverIncreases (49482 ns)
    [ PASSED ] CASE: racingFinishTransitionsAndPublishesCompletionExactlyOnce (5483681 ns)
    TCS: Http2DeterministicFuzzTest, time elapsed: 70236111 ns, RESULT:
    [ PASSED ] CASE: frameParserDeterministicMutationCorpusStaysBounded (7204902 ns)
    [ PASSED ] CASE: hpackDecoderDeterministicMutationCorpusFailsClosed (62178220 ns)
    [ PASSED ] CASE: protocolLimitBoundaryMutationsRejectOversizedInputs (74357 ns)
    TCS: Http2FlowControllerTest, time elapsed: 3369388595 ns, RESULT:
    [ PASSED ] CASE: windowUpdateCodecIgnoresReservedBitAndRejectsZeroByScope (30148 ns)
    [ PASSED ] CASE: reservationsRespectConnectionStreamAndPeerFrameCredit (54556 ns)
    [ PASSED ] CASE: settingsShrinkPausesReservedDataAndCancellationReleasesIt (51446 ns)
    [ PASSED ] CASE: streamWindowUpdateWakesAReservedPermitAfterSettingsShrink (35588 ns)
    [ PASSED ] CASE: concurrentTryReserveNeverOvercommitsOneStream (185933 ns)
    [ PASSED ] CASE: receiveCreditReturnsOnlyAfterApplicationConsumption (56644 ns)
    [ PASSED ] CASE: smallReceiveReadsCoalesceWindowUpdates (106624 ns)
    [ PASSED ] CASE: stalledConnectionCreditFlushesOnceWithoutChangingSmallReadCoalescing (23098 ns)
    [ PASSED ] CASE: leastRecentlyServedStreamsReceiveCreditBeforeThePreviousOwner (3366192645 ns)
    [ PASSED ] CASE: connectionSendWindowIsSharedAcrossStreams (100500 ns)
    [ PASSED ] CASE: connectionAndStreamWindowViolationsHaveCorrectScope (90745 ns)
    [ PASSED ] CASE: settingsAndWindowOverflowFailAtomically (116755 ns)
    [ PASSED ] CASE: streamCleanupCancelsPermitsAndRestoresOnlyConnectionReceiveCredit (58507 ns)
    [ PASSED ] CASE: dataAccountingUsesTheEntireFramePayload (23670 ns)
    TCS: Http2FrameCodecTest, time elapsed: 1063478 ns, RESULT:
    [ PASSED ] CASE: everyRequiredFrameEnvelopeRoundTrips (138437 ns)
    [ PASSED ] CASE: parserAcceptsEverySingleByteBoundaryAndMultipleFrames (75080 ns)
    [ PASSED ] CASE: incompleteInputStaysBoundedUntilCompletion (16514 ns)
    [ PASSED ] CASE: oversizedFrameFailsBeforePayloadBufferingAndParserBecomesTerminal (28083 ns)
    [ PASSED ] CASE: reservedBitIsIgnoredOnReadAndClearedOnWrite (14209 ns)
    [ PASSED ] CASE: unknownFramesAndFlagsRoundTripWithoutInterpretation (15738 ns)
    [ PASSED ] CASE: transportWriterHandlesRepeatedPartialWrites (25680 ns)
    TCS: Http2FrameModelTest, time elapsed: 1094622 ns, RESULT:
    [ PASSED ] CASE: frameAndErrorCodesRoundTripIncludingExtensions (50988 ns)
    [ PASSED ] CASE: streamIdentifierIgnoresReservedBitAndKeepsThirtyOneBits (17396 ns)
    [ PASSED ] CASE: limitsAreExplicitAndFrameSizeIsBounded (35549 ns)
    [ PASSED ] CASE: fixedFrameShapesAndStreamScopesAreValidated (41557 ns)
    [ PASSED ] CASE: settingsRejectInvalidProtocolValuesButRetainExtensions (31739 ns)
    [ PASSED ] CASE: unknownFlagsAndFramesRemainForwardCompatible (16565 ns)
    TCS: Http2GoAwayManagerTest, time elapsed: 6162990 ns, RESULT:
    [ PASSED ] CASE: peerBoundaryRetiresOnlyDefinitelyUnprocessedStreams (122419 ns)
    [ PASSED ] CASE: narrowingBoundaryWakesEachNewlyExcludedOwnerExactlyOnce (78454 ns)
    [ PASSED ] CASE: localDrainQueuesGoAwayAndStopsAdmissionBeforeWriterRuns (49218 ns)
    [ PASSED ] CASE: fabricatedReceiveResultCannotDrainAnOpenCoordinator (37537 ns)
    [ PASSED ] CASE: racingAdmissionAndGoAwayNeverLeavesAnExcludedStreamActive (5248442 ns)
    TCS: Http2HeaderBlockAssemblerTest, time elapsed: 789790 ns, RESULT:
    [ PASSED ] CASE: sameStreamContinuationsAssembleInExactOrder (25201 ns)
    [ PASSED ] CASE: continuationWithoutStartWrongStreamAndInterleavingFailConnection (30355 ns)
    [ PASSED ] CASE: paddingAndPriorityOverheadAreExcludedFromHeaderBytes (14764 ns)
    [ PASSED ] CASE: pushPromiseRetainsPromisedStreamAndFragmentOnly (14968 ns)
    [ PASSED ] CASE: invalidPaddingPriorityAndSelfDependencyFailClosed (29507 ns)
    [ PASSED ] CASE: accumulatedCompressedBytesHaveOneHardLimit (19405 ns)
    TCS: Http2ConnectionHealthTest, time elapsed: 543648 ns, RESULT:
    [ PASSED ] CASE: pingCodecAndConnectionAckPreserveOpaqueBytes (28564 ns)
    [ PASSED ] CASE: idleProbeIsSingleOutstandingAndMatchingAckRestoresHealth (143356 ns)
    [ PASSED ] CASE: ordinaryActivityDefersIdleProbeWithoutAllocatingATimer (23775 ns)
    TCS: Http2ConnectionCloserTest, time elapsed: 1186538 ns, RESULT:
    [ PASSED ] CASE: gracefulCloseSendsGoAwayWaitsForStreamAndClosesTransportOnce (175426 ns)
    [ PASSED ] CASE: expiredCloseAbortsActiveStreamsWithoutStartingGracefulIo (52297 ns)
    [ PASSED ] CASE: racingShorterDeadlineUpgradesInFlightGracefulCloseToOneAbort (57712 ns)
    [ PASSED ] CASE: concurrentGracefulCallersShareOneTerminalResultAndTransportClose (140034 ns)
    [ PASSED ] CASE: failedGracefulTransportCloseFallsBackToOneAbort (122550 ns)
    TCS: HpackBlockTest, time elapsed: 5068897 ns, RESULT:
    [ PASSED ] CASE: rfcRequestBlocksDecodeWithSharedDynamicState (60720 ns)
    [ PASSED ] CASE: encoderMatchesFirstRfcHuffmanRequestExample (69805 ns)
    [ PASSED ] CASE: literalModesPreserveNeverIndexedAndOnlyIncrementalMutatesTable (2070152 ns)
    [ PASSED ] CASE: tableSizeUpdateMustLeadBlockAndRespectAllowedMaximum (230529 ns)
    [ PASSED ] CASE: headerCountListAndCompressedLimitsFailClosed (541657 ns)
    [ PASSED ] CASE: peerCapacityUpdateIsEmittedBeforeHeaders (100819 ns)
    TCS: HpackCoreTest, time elapsed: 1419363 ns, RESULT:
    [ PASSED ] CASE: rfcIntegerVectorsEncodeAndDecodeExactly (26154 ns)
    [ PASSED ] CASE: integerRejectsTruncationOverflowAndInvalidPrefix (43183 ns)
    [ PASSED ] CASE: rawStringRoundTripsAndOwnsItsBytes (42141 ns)
    [ PASSED ] CASE: stringLengthLimitAndTruncationFailBeforeCopy (170357 ns)
    [ PASSED ] CASE: staticTableMatchesRfcBoundariesAndRepresentativeEntries (43438 ns)
    [ PASSED ] CASE: everyStaticEntryHasBoundedRfcAccounting (104430 ns)
    TCS: HpackDynamicTableTest, time elapsed: 1379113 ns, RESULT:
    [ PASSED ] CASE: newestEntryUsesIndexSixtyTwoAndOlderEntriesShift (20855 ns)
    [ PASSED ] CASE: exactRfcAccountingEvictsOldestEntriesFirst (30712 ns)
    [ PASSED ] CASE: oversizedEntryClearsTheEntireTableWithoutInsertion (16995 ns)
    [ PASSED ] CASE: capacityShrinkEvictsImmediatelyAndPeerLimitIsHard (35603 ns)
    [ PASSED ] CASE: withoutIndexingNeverIndexedAndSensitiveNeverEnterState (27023 ns)
    [ PASSED ] CASE: staticAndDynamicSearchReturnCanonicalLowestIndexes (171055 ns)
    [ PASSED ] CASE: zeroCapacityRetainsNoEntries (36208 ns)
    TCS: HpackHuffmanTest, time elapsed: 57446447 ns, RESULT:
    [ PASSED ] CASE: rfcRequestExamplesEncodeAndDecodeExactly (5487762 ns)
    [ PASSED ] CASE: everyOctetRoundTripsWithinAnExplicitBound (48347879 ns)
    [ PASSED ] CASE: huffmanStringLiteralUsesFlagAndSharedBounds (1357279 ns)
    [ PASSED ] CASE: eosInvalidPaddingAndTruncatedPrefixFailClosed (429791 ns)
    [ PASSED ] CASE: decodedAndEncodedOutputLimitsApplyBeforeGrowth (923842 ns)
    TCS: Http2ConnectionReaderTest, time elapsed: 4390727 ns, RESULT:
    [ PASSED ] CASE: oneReaderDecodesEveryByteBoundaryAndDispatchesInWireOrder (443256 ns)
    [ PASSED ] CASE: serverConsumesMagicAndFirstFrameFromTheSameRead (291246 ns)
    [ PASSED ] CASE: eofDuringPrefaceOrFrameFailsAndWakesEveryStream (821346 ns)
    [ PASSED ] CASE: invalidTransportProgressAndHandlerFailureBecomeTerminal (540717 ns)
    [ PASSED ] CASE: readerLoopCanOnlyBeClaimedOnce (339368 ns)
    [ PASSED ] CASE: terminationRegistryIsBoundedRemovableAndExactlyOnce (480341 ns)
    [ PASSED ] CASE: readerRegistryReservesOneListenerBeyondTheStreamLimit (75453 ns)
    TCS: Http2ServerMappingTest, time elapsed: 8176950 ns, RESULT:
    [ PASSED ] CASE: requestHeadMapsPseudoFieldsHostAndContentLength (111399 ns)
    [ PASSED ] CASE: connectAndOptionsTargetsAreMappedStrictly (110033 ns)
    [ PASSED ] CASE: requestRejectsPseudoOrderCaseConnectionAndAuthorityAmbiguity (213186 ns)
    [ PASSED ] CASE: paddedDataReturnsAllFlowCreditAndPublishesTrailers (145298 ns)
    [ PASSED ] CASE: requestQueueIsBoundedBeforeFlowAccountingMutates (97248 ns)
    [ PASSED ] CASE: terminalLengthMismatchDoesNotConsumeFlowWindow (74042 ns)
    [ PASSED ] CASE: responseHeadersBodyFlowAndTrailersMapInOrder (591414 ns)
    [ PASSED ] CASE: streamingResponseMayExceedTheConfiguredRequestBodyBound (737560 ns)
    [ PASSED ] CASE: responseRulesCloseBodiesOnEveryTerminalOrFailurePath (89879 ns)
    [ PASSED ] CASE: handlerRunsOnceAndReleasesRequestOwnership (154925 ns)
    [ PASSED ] CASE: invalidDuplexResponseReleasesPreServeHandoffExactlyOnce (4468823 ns)
    TCS: Http2ServerPushLifecycleTest, time elapsed: 153889144 ns, RESULT:
    [ PASSED ] CASE: largePushDoesNotDelayParentHeadersUntilPushCreditReturns (63654562 ns)
    [ PASSED ] CASE: cancelledPushReleasesItsWorkerSlotForTheNextParent (33824273 ns)
    [ PASSED ] CASE: crossOriginPushIsRejectedAndItsResponseIsClosedBeforeAnyOffer (2424320 ns)
    [ PASSED ] CASE: parentResetWhileWaitingForPushSlotIsRevalidatedBeforeReservation (32833721 ns)
    [ PASSED ] CASE: resetOfBlockedPushDoesNotBlockReaderOrReleaseWorkerSlotEarly (12945981 ns)
    [ PASSED ] CASE: blockingHeaderOnlyBodyCloseDoesNotDelayInboundReset (4621444 ns)
    [ PASSED ] CASE: duplexHandlerReturnAbortsBothStreamDirections (1789344 ns)
    TCS: Http2SettingsTest, time elapsed: 1490773 ns, RESULT:
    [ PASSED ] CASE: codecPreservesKnownUnknownAndRepeatedSettingsInOrder (26569 ns)
    [ PASSED ] CASE: peerBatchAppliesAtomicallyAndReturnsAckAndWindowDelta (31912 ns)
    [ PASSED ] CASE: invalidPeerBatchLeavesEffectiveStateUnchanged (38651 ns)
    [ PASSED ] CASE: localBatchesAreAcknowledgedInFifoOrder (26656 ns)
    [ PASSED ] CASE: unexpectedAckAndPendingBatchOverflowFailClosed (34005 ns)
    [ PASSED ] CASE: advertisedResourceValuesAreCappedByLocalPolicy (25722 ns)
    [ PASSED ] CASE: settingsFrameLengthAndAckPayloadAreRejectedByFrameLayer (55186 ns)
    [ PASSED ] CASE: peerDefaultsAreRfcValuesCappedSeparatelyFromLocalAdvertisement (59415 ns)
    [ PASSED ] CASE: clientPushAdvertisementUsesItsOwnFiniteAdmissionBound (18743 ns)
    [ PASSED ] CASE: serverEnablePushSettingIsRejectedInBothDirections (33015 ns)
    TCS: Http2StreamLifecycleTest, time elapsed: 3174210 ns, RESULT:
    [ PASSED ] CASE: bothEndStreamOrdersReachClosedExactlyOnce (27909 ns)
    [ PASSED ] CASE: initialEndStreamHalfClosesTheInitiatingSide (22302 ns)
    [ PASSED ] CASE: clientAndServerAllocateCorrectMonotonicParity (21088 ns)
    [ PASSED ] CASE: peerParityReuseAndDecreasingIdsFailConnection (40136 ns)
    [ PASSED ] CASE: localAndPeerConcurrencyLimitsAreIndependentAndCapacityReturns (73377 ns)
    [ PASSED ] CASE: invalidHalfClosedDirectionsAndUnknownStreamsFailClosed (86814 ns)
    [ PASSED ] CASE: readerTerminationClosesAndUnregistersEveryActiveStream (55201 ns)
    [ PASSED ] CASE: racingAdmissionNeverExceedsConfiguredBoundOrDuplicatesIds (656108 ns)
    [ PASSED ] CASE: racingEndDirectionsCompleteAndCleanupExactlyOnce (1140867 ns)
    TCS: Http2StreamResetManagerTest, time elapsed: 3070649 ns, RESULT:
    [ PASSED ] CASE: rstCodecPreservesKnownAndExtensionCodes (71643 ns)
    [ PASSED ] CASE: localCancelQueuesResetAndReleasesOnlyItsStream (95697 ns)
    [ PASSED ] CASE: peerResetCancelsQueuedDataPermitsAndWakesOwnerOnce (84742 ns)
    [ PASSED ] CASE: resetWakesBlockedServerBodyWithoutClosingConnection (122041 ns)
    [ PASSED ] CASE: racingLocalAndPeerResetCompletesEveryStreamExactlyOnce (1637676 ns)
    [ PASSED ] CASE: queuePressureIsAtomicAndCleanupCreditStaysBoundedForRetry (134847 ns)
    TCS: Http2WriteSchedulerTest, time elapsed: 7740592 ns, RESULT:
    [ PASSED ] CASE: controlPrecedesDataAndPartialWritesDrainGracefully (135962 ns)
    [ PASSED ] CASE: controlBurstIsBoundedAndDataStreamsRotateFairly (445379 ns)
    [ PASSED ] CASE: queueCountAndBytesAreHardAndCancellationReleasesCapacity (118376 ns)
    [ PASSED ] CASE: concurrentProducersStillUseExactlyOneWriter (1515313 ns)
    [ PASSED ] CASE: abortInterruptsActiveWriteAndFailsEveryTicket (265514 ns)
    [ PASSED ] CASE: transportFailureFansOutAndTicketWaitHonorsCancellation (147537 ns)
    [ PASSED ] CASE: reservedDataConsumesFlowOnlyWhenTheWriterClaimsIt (79153 ns)
    [ PASSED ] CASE: serverDataEventTransfersItsPermitBeforeWriterClaim (122608 ns)
    [ PASSED ] CASE: cancellingQueuedReservedDataReturnsAllFlowCapacity (109692 ns)
    [ PASSED ] CASE: admittedHeaderBatchSurvivesResetDuringPartialFirstWrite (191953 ns)
    [ PASSED ] CASE: unstartedEncodedHeaderBatchIsIrrevocableAfterAdmission (77376 ns)
    [ PASSED ] CASE: largeHeaderBatchRemainsContiguousPastControlBurstLimit (170995 ns)
    [ PASSED ] CASE: failedHeaderBatchAdmissionTerminatesScheduler (62453 ns)
    [ PASSED ] CASE: concurrentHeaderBatchesStayContiguousOnTheWire (1188183 ns)
Summary: TOTAL: 182
    PASSED: 182, SKIPPED: 0, ERROR: 0
    FAILED: 0
--------------------------------------------------------------------------------------------------
TP: wirestack.internal.transport, time elapsed: 211411768 ns, RESULT:
    TCS: ByteSpanTest, time elapsed: 3398111 ns, RESULT:
    [ PASSED ] CASE: defaultsCoverWholeArrayAndEmptyArray (392171 ns)
    [ PASSED ] CASE: sliceAndAdvanceKeepTheOriginalArray (67615 ns)
    [ PASSED ] CASE: mutableViewWritesThroughAndConvertsWithoutCopying (37150 ns)
    [ PASSED ] CASE: permitsBoundaryEmptyRanges (40572 ns)
    [ PASSED ] CASE: rejectsEveryOutOfRangeShape (190338 ns)
    TCS: CancellationTest, time elapsed: 51455186 ns, RESULT:
    [ PASSED ] CASE: cancelIsOneWayAndCallbacksRunExactlyOnce (159934 ns)
    [ PASSED ] CASE: unregisterIsIdempotentAndPreventsPendingCallback (33165 ns)
    [ PASSED ] CASE: alreadyCancelledRegistrationRunsSynchronouslyOnce (28928 ns)
    [ PASSED ] CASE: noneTokenRemainsUsableAndNotCancelled (22640 ns)
    [ PASSED ] CASE: oneFailingCallbackDoesNotBlockOtherWaiters (51070 ns)
    [ PASSED ] CASE: concurrentCancelClaimsEveryCallbackExactlyOnce (21611322 ns)
    [ PASSED ] CASE: registrationRacingCancellationStillRunsExactlyOnce (24849592 ns)
    [ PASSED ] CASE: unregisterRacingCancellationIsAtMostOnce (2391205 ns)
    [ PASSED ] CASE: callbackMayReenterCancellationAndRegistrationWithoutDeadlock (47028 ns)
    TCS: OperationCompletionTest, time elapsed: 33037252 ns, RESULT:
    [ PASSED ] CASE: completionCleansEveryResourceBeforeTheWinnerCallback (51908 ns)
    [ PASSED ] CASE: unregisterAndLateRegistrationHaveExplicitTerminalSemantics (32194 ns)
    [ PASSED ] CASE: cleanupCapacityIsPositiveAndHardBounded (59257 ns)
    [ PASSED ] CASE: cleanupFailuresAndReentrancyCannotBlockTerminalProgress (69285 ns)
    [ PASSED ] CASE: winnerExceptionDoesNotReopenTheCompletion (40435 ns)
    [ PASSED ] CASE: cleanupCountPropertyHoldsAcrossEveryConfiguredOccupancy (452391 ns)
    [ PASSED ] CASE: concurrentTerminalCallersHaveOneWinner (4135382 ns)
    [ PASSED ] CASE: registrationRacingCompletionIsAlwaysCleanedOnce (24666430 ns)
    [ PASSED ] CASE: unregisterRacingCompletionRunsCleanupAtMostOnce (1800123 ns)
    TCS: DeadlineTest, time elapsed: 591256 ns, RESULT:
    [ PASSED ] CASE: remainingUsesTheInjectedMonotonicClock (23840 ns)
    [ PASSED ] CASE: remainingClampsAtZeroAfterExpiry (10975 ns)
    [ PASSED ] CASE: childCanShortenButNeverExtendParent (14441 ns)
    [ PASSED ] CASE: zeroAndExpiredChildrenCannotExtendTheParent (15636 ns)
    [ PASSED ] CASE: rejectsNegativeDurations (26837 ns)
    TCS: TransportLifecycleTest, time elapsed: 5670173 ns, RESULT:
    [ PASSED ] CASE: connectingAndAcceptedPathsReachOpenOnlyInOrder (14015 ns)
    [ PASSED ] CASE: halfCloseIsDirectionalIdempotentAndConvergesOnClosing (41774 ns)
    [ PASSED ] CASE: gracefulCloseIsIdempotentAndCompletesOnlyFromClosing (19966 ns)
    [ PASSED ] CASE: abortAndFailReachEveryNonTerminalStateWithoutOverwritingTerminalEvidence (75092 ns)
    [ PASSED ] CASE: illegalTransitionsHaveStableCodesAndDoNotMutateState (130388 ns)
    [ PASSED ] CASE: closingAndTerminalStatesRejectDataOperationsWithClosedCode (83713 ns)
    [ PASSED ] CASE: operationClaimsAllowDuplexButRejectSameDirectionConcurrency (25391 ns)
    [ PASSED ] CASE: everyTerminalModeReleasesRegisteredResourcesExactlyOnce (29548 ns)
    [ PASSED ] CASE: racingTerminalTransitionsRetainOneWinnerAndOneCleanup (4008024 ns)
    [ PASSED ] CASE: terminalCleanupMayReenterAndItsRegistryRemainsBounded (61494 ns)
    TCS: M124TransportRaceTest, time elapsed: 35411929 ns, RESULT:
    [ PASSED ] CASE: readCloseReleasesBlockedOperationAndDrainsWaiter (5016045 ns)
    [ PASSED ] CASE: writeAbortReleasesBlockedOperationAndDrainsWaiter (9240328 ns)
    [ PASSED ] CASE: successAndCancelOrderingsCompleteOnceWithoutDataLeak (19893550 ns)
    TCS: MemoryTransportListenerTest, time elapsed: 50107134 ns, RESULT:
    [ PASSED ] CASE: rejectsInvalidListenerAndSchedulerBounds (51470 ns)
    [ PASSED ] CASE: listenerDeliversConnectionsInFifoOrderAndBoundsBacklog (170449 ns)
    [ PASSED ] CASE: schedulerDefersDeliveryAndReleasesFailedReservations (117666 ns)
    [ PASSED ] CASE: schedulerRunsMultipleConnectionsInStableFifoOrder (72655 ns)
    [ PASSED ] CASE: cancellationWakesAcceptWithoutClosingListener (8543036 ns)
    [ PASSED ] CASE: deadlineBoundsBlockedAcceptWithoutClosingListener (29859285 ns)
    [ PASSED ] CASE: closeWakesAcceptAndAbortsOwnedConnectionsIdempotently (9670109 ns)
    TCS: MemoryTransportTest, time elapsed: 2025232 ns, RESULT:
    [ PASSED ] CASE: pairTransfersPartialDataInBothDirections (32847 ns)
    [ PASSED ] CASE: emptyBuffersReturnZeroWithoutProducingEofOrPeerData (29114 ns)
    [ PASSED ] CASE: writeShutdownProducesPeerEofAfterBufferedData (31599 ns)
    [ PASSED ] CASE: readShutdownMakesPeerWritesFailAsBrokenPipe (37549 ns)
    [ PASSED ] CASE: cancelledBeforeOperationHasNoDataSideEffect (27952 ns)
    [ PASSED ] CASE: closeAndAbortAreIdempotentAndTerminal (44286 ns)
    [ PASSED ] CASE: cancellationWakesABlockedRead (56169 ns)
    [ PASSED ] CASE: closeWakesABlockedLocalRead (50230 ns)
    [ PASSED ] CASE: writeShutdownWakesABlockedLocalWrite (41185 ns)
    [ PASSED ] CASE: boundedBackpressureResumesAfterPeerReads (180709 ns)
    [ PASSED ] CASE: expiredDeadlineFailsBeforeAnyWrite (68060 ns)
    TCS: NetworkErrorTest, time elapsed: 873419 ns, RESULT:
    [ PASSED ] CASE: retainsStableClassificationAndEndpointEvidence (57391 ns)
    [ PASSED ] CASE: retainsLocalEndpointCauseAndOptionalDefaults (32222 ns)
    [ PASSED ] CASE: caughtErrorRetainsUnixEndpointBytesNativeCodeAndCause (44275 ns)
    [ PASSED ] CASE: pathnameRejectsNulWhileAbstractRetainsIt (36195 ns)
    TCS: OperationContextTest, time elapsed: 1597788 ns, RESULT:
    [ PASSED ] CASE: backgroundHasNoDeadlineCancellationOrTrace (23353 ns)
    [ PASSED ] CASE: derivedContextsRetainEventSinkAndSinkFailuresAreIsolated (71973 ns)
    [ PASSED ] CASE: derivedContextRetainsCancellationAndTrace (63853 ns)
    [ PASSED ] CASE: derivationHelpersChangeOnlyTheirNamedField (118006 ns)
    [ PASSED ] CASE: earlierDeadlineCannotBeExtended (40009 ns)
    [ PASSED ] CASE: traceIdentifiersAreBoundedAndNonEmpty (83848 ns)
    TCS: ScriptedTransportTest, time elapsed: 24997194 ns, RESULT:
    [ PASSED ] CASE: rejectsUnboundedOrInvalidScripts (141900 ns)
    [ PASSED ] CASE: shortReadAndWriteStepsAreConsumedInOrder (110233 ns)
    [ PASSED ] CASE: emptyIoDoesNotConsumeScriptAndEofIsExplicit (66172 ns)
    [ PASSED ] CASE: resetTerminatesTransportAtInjectedPhase (83595 ns)
    [ PASSED ] CASE: failurePreservesCoordinatesWithoutTerminatingTransport (82690 ns)
    [ PASSED ] CASE: virtualWaiterReleasesBlockedOperationsInFifoOrder (13463288 ns)
    [ PASSED ] CASE: cancellationWinsAReleaseRaceAndCleansWaiter (9825625 ns)
    TCS: TransportHelperTest, time elapsed: 861098 ns, RESULT:
    [ PASSED ] CASE: writeAllHandlesPartialWritesAndEmptyInput (25592 ns)
    [ PASSED ] CASE: readExactHandlesPartialReads (15051 ns)
    [ PASSED ] CASE: readExactClassifiesPrematureEof (20630 ns)
    [ PASSED ] CASE: emptyHelpersDoNotCallTransport (10395 ns)
    [ PASSED ] CASE: invalidProgressFailsOnceWithoutSpinning (51115 ns)
    [ PASSED ] CASE: cancellationAfterPartialProgressPropagatesWithoutRestart (37781 ns)
    [ PASSED ] CASE: absoluteDeadlineExpiresAcrossPartialRetries (30386 ns)
Summary: TOTAL: 83
    PASSED: 83, SKIPPED: 0, ERROR: 0
    FAILED: 0
--------------------------------------------------------------------------------------------------
TP: wirestack.internal.connector, time elapsed: 15165950 ns, RESULT:
    TCS: AttemptPlanTest, time elapsed: 2047513 ns, RESULT:
    [ PASSED ] CASE: alternatesFamiliesAndPreservesFamilyOrder (442864 ns)
    [ PASSED ] CASE: firstFamilyControlsPreferenceAndDuplicatesAreRemoved (52328 ns)
    [ PASSED ] CASE: distinctIpv6ZonesAreNotDeduplicated (35294 ns)
    [ PASSED ] CASE: rejectsEmptyCandidatesAndNegativeDelay (55296 ns)
    TCS: HappyEyeballsConnectorTest, time elapsed: 10144622 ns, RESULT:
    [ PASSED ] CASE: emitsCompleteDnsAttemptAndConnectedLifecycle (380832 ns)
    [ PASSED ] CASE: blackholedFirstCandidateIsCancelledAndJoinedBeforeReturn (6999676 ns)
    [ PASSED ] CASE: ipv6FirstSuccessSkipsLaterIpv4Attempt (282351 ns)
    [ PASSED ] CASE: simultaneousSuccessKeepsOneWinnerAndAbortsEveryLoser (229463 ns)
    [ PASSED ] CASE: allFailuresAreJoinedAndRetainedAsDiagnostics (147255 ns)
    [ PASSED ] CASE: preCancelledParentStartsNeitherDnsNorAttempts (78172 ns)
    [ PASSED ] CASE: parentCancellationAfterSuccessPreventsWinnerPublication (174808 ns)
    [ PASSED ] CASE: deadlineAtSuccessBoundaryPreventsWinnerPublication (174555 ns)
    TCS: ConnectionRouteTest, time elapsed: 2646239 ns, RESULT:
    [ PASSED ] CASE: directRouteRetainsItsLocalOriginResolver (204905 ns)
    [ PASSED ] CASE: explicitProxySeparatesOriginAndProxyDns (94671 ns)
    [ PASSED ] CASE: typedIpTargetsNeverCarryResolvers (134013 ns)
    [ PASSED ] CASE: rejectsDelegatedDnsWithoutAnOwningProxyAndInvalidConnectTargets (119715 ns)
    [ PASSED ] CASE: networkAndTlsParametersAreBoundedAndOwned (1024628 ns)
Summary: TOTAL: 17
    PASSED: 17, SKIPPED: 0, ERROR: 0
    FAILED: 0
--------------------------------------------------------------------------------------------------
TP: wirestack.internal.platform.linux, time elapsed: 12625490 ns, RESULT:
    TCS: LinuxSystemTrustAdapterTest, time elapsed: 12625490 ns, RESULT:
    [ PASSED ] CASE: frozenSearchOrderCoversGlibcAndMuslLayouts (214888 ns)
    [ PASSED ] CASE: currentLinuxHostSelectsOneExplicitUsableSource (10136815 ns)
    [ PASSED ] CASE: missingCandidatesFailWithoutProviderDefaultFallback (73618 ns)
    [ PASSED ] CASE: directoryCandidateRequiresReadableHashedCertificateEntry (405977 ns)
    [ PASSED ] CASE: sourceIdentityChangesWhenSameSizeTrustContentChanges (368566 ns)
Summary: TOTAL: 5
    PASSED: 5, SKIPPED: 0, ERROR: 0
    FAILED: 0
--------------------------------------------------------------------------------------------------
TP: wirestack.http, time elapsed: 12064857879 ns, RESULT:
    TCS: RequestBodyTest, time elapsed: 2518304 ns, RESULT:
    [ PASSED ] CASE: byteBodiesOwnInputAndReplayWithIndependentOffsets (289762 ns)
    [ PASSED ] CASE: emptyAndUtf8StringBodiesHaveExactLengths (50124 ns)
    [ PASSED ] CASE: oneShotBodyCanOnlyBeClaimedOnce (126333 ns)
    [ PASSED ] CASE: factoryMustReturnTheDeclaredLengthAndMismatchIsClosed (77989 ns)
    [ PASSED ] CASE: closedStreamRejectsFurtherReads (95439 ns)
    [ PASSED ] CASE: fileBodyStreamsAndReopensWithoutEagerReads (319680 ns)
    [ PASSED ] CASE: fileBodyRejectsOversizeAndChangesBeforeOpen (108448 ns)
    TCS: HttpClientExtensionsTest, time elapsed: 38836754 ns, RESULT:
    [ PASSED ] CASE: nativeCookiesAndServiceHooksSurviveThrowingPoolObservers (35030472 ns)
    [ PASSED ] CASE: mismatchedUpgradePairingsNeverOpenConnections (219307 ns)
    [ PASSED ] CASE: unavailableServerPushClosesTheOwnedResponse (2731731 ns)
    TCS: HttpCookieJarTest, time elapsed: 293130246 ns, RESULT:
    [ PASSED ] CASE: cookieSerializesStandardMetadataWithoutInventingBrowserPolicy (65106 ns)
    [ PASSED ] CASE: hostOnlyAndDomainCookiesDoNotLeakAcrossDnsBoundaries (443790 ns)
    [ PASSED ] CASE: bundledPublicSuffixRulesProtectRegistrableBoundariesByDefault (1278136 ns)
    [ PASSED ] CASE: defaultPathAndPathMatchUseDirectoryAndSlashBoundaries (191410 ns)
    [ PASSED ] CASE: maxAgeTakesPrecedenceAndNonPositiveValuesDeleteTheIdentity (244120 ns)
    [ PASSED ] CASE: secureMetadataControlsTransportAndHttpOnlyDoesNotChangeWireSelection (80226 ns)
    [ PASSED ] CASE: valuedSecureAttributeCannotLeakCookiesToCleartext (113778 ns)
    [ PASSED ] CASE: cleartextOriginsCannotCreateOrOverlaySecureCookies (388788 ns)
    [ PASSED ] CASE: cleartextQuotaFloodCannotEvictSecureIdentityAndInstallReplacement (317981 ns)
    [ PASSED ] CASE: allSecureQuotaRejectsCleartextInsertionsFromBothStorageEntrypoints (274167 ns)
    [ PASSED ] CASE: rejectsHeaderInjectionAndInvalidCookieOctetsBeforeStorage (197491 ns)
    [ PASSED ] CASE: capacityHeaderBoundsAndReplacementRemainDeterministic (189437 ns)
    [ PASSED ] CASE: removalClearAndSnapshotsExposeOnlyLiveImmutableCookies (171058 ns)
    [ PASSED ] CASE: concurrentStoresAndReadsRemainRaceFreeAndBounded (2662583 ns)
    [ PASSED ] CASE: boundedSetCookieMutationsPreserveScopeAndHeaderSafety (283575465 ns)
    TCS: Http1DeterministicFuzzTest, time elapsed: 7927799 ns, RESULT:
    [ PASSED ] CASE: acceptedUrlMutationsRoundTripToOneCanonicalIdentity (4104153 ns)
    [ PASSED ] CASE: acceptedNoProxyMutationsRemainDeterministicAcrossTargets (2995938 ns)
    [ PASSED ] CASE: proxyAuthorizationMutationCannotInjectBeforeDnsOrConnect (202193 ns)
    TCS: HttpErrorTest, time elapsed: 509734 ns, RESULT:
    [ PASSED ] CASE: publicGetMapsInvalidUrlWithoutNetworkSideEffects (162941 ns)
    [ PASSED ] CASE: classifierProvidesStableHttpFailureCodes (34640 ns)
    TCS: HttpFacadeTest, time elapsed: 801642620 ns, RESULT:
    [ PASSED ] CASE: requestCancellationOutlivesCompletedParentWhileTransferredPushStalls (78508239 ns)
    [ PASSED ] CASE: cancellationWrapperPreservesProtocolCompletionPolicy (36127 ns)
    [ PASSED ] CASE: typedCancellationHandlesAreScopedIdempotentAndStopBeforeNetworkIo (2686264 ns)
    [ PASSED ] CASE: publicHttp1ConnectionHandleCancelsBodyAndLeavesClientReusable (7360845 ns)
    [ PASSED ] CASE: publicHttp2StreamAndConnectionHandlesRespectTheirScopes (92398323 ns)
    [ PASSED ] CASE: publicHttp2SlowStreamCannotStarveOneTenOrHundredSiblings (198892920 ns)
    [ PASSED ] CASE: tlsHttp2StreamLimitIsAppliedAcrossConcurrentPublicRequests (38144693 ns)
    [ PASSED ] CASE: tlsFacadeNegotiatesHttp2AndMapsBodyTrailersAndResponse (61523884 ns)
    [ PASSED ] CASE: explicitResolverConnectsPublicClientAndServer (2869608 ns)
    [ PASSED ] CASE: defaultSystemResolverConnectsPublicClientAndServer (272396866 ns)
    [ PASSED ] CASE: clientFollowsOriginRelativeRedirectEndToEnd (2540320 ns)
    [ PASSED ] CASE: clientRetriesOneTemporaryDnsFailureWithinTheSameDeadline (2356311 ns)
    [ PASSED ] CASE: forwardProxyUsesAbsoluteFormIndependentDnsAndHookCredentials (2095173 ns)
    [ PASSED ] CASE: serverBuilderRequiresEndpointAndHandler (29790 ns)
    [ PASSED ] CASE: tlsServerConfigFailsClosedBeforeBinding (186757 ns)
    [ PASSED ] CASE: followedHttp2RedirectClosesUnclaimedPushBeforeClientTeardown (35456330 ns)
    TCS: Http2ConcurrentResponseBodyTest, time elapsed: 29509318 ns, RESULT:
    [ PASSED ] CASE: twoPublicHttp2BodiesCompleteIndependently (29261578 ns)
    TCS: FileHandlerTest, time elapsed: 12290625 ns, RESULT:
    [ PASSED ] CASE: confinedDownloadRejectsTraversalAndSymlinkWhileOpenBodyOutlivesHandler (4612303 ns)
    [ PASSED ] CASE: uploadPublishesOneCompleteBinaryFileAndNeverPublishesRejectedMultipart (6854951 ns)
    [ PASSED ] CASE: uploadCommitChecksContextAfterDurabilityBeforePublication (292031 ns)
    TCS: HttpMessageTest, time elapsed: 1551786 ns, RESULT:
    [ PASSED ] CASE: requestFactoriesProduceImmutableProtocolNeutralModels (90635 ns)
    [ PASSED ] CASE: responseEofCompletesObserverExactlyOnce (38109 ns)
    [ PASSED ] CASE: earlyCloseAbandonsObserverExactlyOnce (42553 ns)
    [ PASSED ] CASE: readFailureClosesAndAbandonsTheBody (39502 ns)
    [ PASSED ] CASE: emptyDestinationDoesNotMistakeNoProgressForEof (18972 ns)
    [ PASSED ] CASE: boundedDrainCompletesOnlyWhenEofIsProven (42833 ns)
    [ PASSED ] CASE: invalidSourceProgressFailsClosed (27341 ns)
    [ PASSED ] CASE: responseRejectsInvalidStatusAndReason (56416 ns)
    TCS: MultipartTest, time elapsed: 4410616793 ns, RESULT:
    [ PASSED ] CASE: writerStreamsExactBinaryFramingAndReplaysIndependently (499617 ns)
    [ PASSED ] CASE: boundarySeparatorsRoundtripThroughContentTypeAndBody (1044697 ns)
    [ PASSED ] CASE: readerPreservesBinaryWhenEveryDelimiterIsSplitAcrossReads (480589 ns)
    [ PASSED ] CASE: closingPartDiscardsOnlyThatPartAndReleasesNextPart (762145 ns)
    [ PASSED ] CASE: malformedAndConfiguredLimitsCloseOwnedSource (163028 ns)
    [ PASSED ] CASE: partCountLimitRejectsBeforeParsingUnboundedAdditionalMetadata (345837 ns)
    [ PASSED ] CASE: boundedDeterministicWireMutationsAreChunkIndependent (4403148327 ns)
    [ PASSED ] CASE: deterministicMutationHarnessEnforcesSmallLimitsAndOwnedClosure (3050329 ns)
    TCS: HttpModelTest, time elapsed: 1392821 ns, RESULT:
    [ PASSED ] CASE: methodSupportsStandardAndExtensionTokens (22232 ns)
    [ PASSED ] CASE: headersPreserveOrderAndMultipleValues (33552 ns)
    [ PASSED ] CASE: headersOwnTheirInputAndOutputArrays (25813 ns)
    [ PASSED ] CASE: builderSetAndRemoveUseCaseInsensitiveNames (36878 ns)
    [ PASSED ] CASE: rejectsInjectionAndInvalidNames (38965 ns)
    [ PASSED ] CASE: enforcesCountLineAndTotalLimits (26251 ns)
    [ PASSED ] CASE: urlNormalizesSchemeHostAndDefaultTarget (23376 ns)
    [ PASSED ] CASE: urlPreservesExplicitPortPathAndQuery (24532 ns)
    [ PASSED ] CASE: urlRequiresBracketedIpv6AndKeepsQueryOnlyTargetValid (16070 ns)
    [ PASSED ] CASE: urlRejectsAmbiguousAndUnsafeInputs (84125 ns)
    [ PASSED ] CASE: trailerRejectsRoutingAndFramingFields (116376 ns)
    TCS: HttpProxyPolicyTest, time elapsed: 716065 ns, RESULT:
    [ PASSED ] CASE: noProxyMatchesDnsBoundariesAndOptionalPorts (89008 ns)
    [ PASSED ] CASE: noProxyMatchesTypedIpLiteralsExactlyAndWildcardExplicitly (56224 ns)
    [ PASSED ] CASE: endpointsRetainDnsIpv4AndIpv6RouteIdentity (20590 ns)
    [ PASSED ] CASE: routeSelectionUsesNoProxyWithoutCallingAuthorizationHook (49064 ns)
    [ PASSED ] CASE: rejectsAmbiguousNoProxyPatternsAndEndpointPorts (34250 ns)
    TCS: HttpRedirectPolicyTest, time elapsed: 1362631 ns, RESULT:
    [ PASSED ] CASE: rewritesPostOn302AndRemovesBodyHeaders (139018 ns)
    [ PASSED ] CASE: stripsSensitiveHeadersOnlyAcrossOrigins (197048 ns)
    [ PASSED ] CASE: rejectsDowngradeLimitAndOneShotReplay (252071 ns)
    [ PASSED ] CASE: resolvesSchemeRelativeAndQueryOnlyLocations (90465 ns)
    [ PASSED ] CASE: resolvesRelativePathsAndRemovesDotSegments (93042 ns)
    TCS: HttpRetryPolicyTest, time elapsed: 534212 ns, RESULT:
    [ PASSED ] CASE: retriesOnlyIdempotentReplayableStructuredFailures (52724 ns)
    [ PASSED ] CASE: explicitSafetyAllowsPostButDisabledAndOneShotFailClosed (44624 ns)
    [ PASSED ] CASE: cancellationDeadlineUnknownAndNeverAreNotRetried (36449 ns)
    [ PASSED ] CASE: goAwayRetriesOnlyDefinitelyUnprocessedSafeReplayableRequests (44255 ns)
    TCS: Http1SseStreamingProfileTest, time elapsed: 3010377216 ns, RESULT:
    [ PASSED ] CASE: http1StreamsWithoutLifetimeAccumulationAndCancels (3010172991 ns)
    TCS: Http2SseStreamingProfileTest, time elapsed: 3037814133 ns, RESULT:
    [ PASSED ] CASE: http2StreamsWithoutLifetimeAccumulationAndPreservesSibling (3037428387 ns)
    TCS: M2005SystemResolverTest, time elapsed: 12536285 ns, RESULT:
    [ PASSED ] CASE: resolvesLocalhostThroughThePublicContract (8446279 ns)
    [ PASSED ] CASE: fixtureReturnsAllCandidatesAndDoesNotInventTtl (54468 ns)
    [ PASSED ] CASE: fixtureAppliesFamilyAndResultBounds (15501 ns)
    [ PASSED ] CASE: fixtureMapsStableErrorsAndRetainsNativeEvidence (13595 ns)
    [ PASSED ] CASE: fixtureCancellationAndDeadlineReturnBeforeNativeCleanup (12602 ns)
    [ PASSED ] CASE: validatesBoundsAndRejectsUseAfterClose (1386887 ns)
    TCS: WebSocketHandshakeTest, time elapsed: 111545410 ns, RESULT:
    [ PASSED ] CASE: nativeHttp1UpgradeTransfersFramesAndClosesSession (12163592 ns)
    [ PASSED ] CASE: nativeHttp2ExtendedConnectKeepsSiblingRequestsUsable (94888554 ns)
    TCS: WebSocketConnectionTest, time elapsed: 287379527 ns, RESULT:
    [ PASSED ] CASE: fragmentedUtf8AndAutomaticPongSurviveOneByteTransportReads (646092 ns)
    [ PASSED ] CASE: preCancelledSendPerformsNoIoAndLeavesUntouchedSessionHealthy (193929 ns)
    [ PASSED ] CASE: fragmentedMessageBoundRejectsBeforeWritingAndPreservesProgression (180516 ns)
    [ PASSED ] CASE: roleMaskingAndNonCanonicalLengthFailClosedWithProtocolStatus (349382 ns)
    [ PASSED ] CASE: fragmentedTextRejectsInvalidContinuationAtTheMessageBoundary (327589 ns)
    [ PASSED ] CASE: gracefulCloseEchoesStatusAndCompletesBothOwners (227186 ns)
    [ PASSED ] CASE: handshakeCryptoMatchesRfcVectorAndReturnsCanonicalFreshKeyShape (94685 ns)
    [ PASSED ] CASE: framePayloadIsOwnedAndCloseInputIsStrict (84823 ns)
    [ PASSED ] CASE: boundedDeterministicWireMutationsAreSplitInvariantAndFailClosed (281416689 ns)
Summary: TOTAL: 113
    PASSED: 110, SKIPPED: 3, ERROR: 0
    FAILED: 0
--------------------------------------------------------------------------------------------------
TP: wirestack.internal.tls_engine, time elapsed: 27767475522 ns, RESULT:
    TCS: TlsConnectionTest, time elapsed: 74782244 ns, RESULT:
    [ PASSED ] CASE: handshakeTransfersOwnershipAndPlaintextIoUsesTheEngine (1621667 ns)
    [ PASSED ] CASE: oneReadAndOneWriteMayOverlapButSecondReadFailsImmediately (4925266 ns)
    [ PASSED ] CASE: handshakeFailureAbortsTransportAndReleasesEngineExactlyOnce (256314 ns)
    [ PASSED ] CASE: expiredHandshakeDeadlineStillConsumesAndAbortsBothInputs (259277 ns)
    [ PASSED ] CASE: ioFailureAbortsAndRepeatedTerminalCallsDoNotReleaseTwice (875224 ns)
    [ PASSED ] CASE: unsupportedHalfCloseDoesNotMutateAnOpenConnection (241416 ns)
    [ PASSED ] CASE: concurrentCloseAndAbortReleaseUnderlyingResourcesOnce (29273959 ns)
    [ PASSED ] CASE: gracefulCloseSendsAndProcessesCloseNotifyBeforeReleasingResources (223075 ns)
    [ PASSED ] CASE: tcpEofDuringGracefulCloseRetainsTruncationAndStillReleasesEverything (227317 ns)
    [ PASSED ] CASE: expiredCloseBudgetStillClosesTransportAndReleasesEngine (195566 ns)
    [ PASSED ] CASE: abortNeverAttemptsTlsShutdownAndRetainsLocalAbortEvidence (98952 ns)
    [ PASSED ] CASE: cancelledCloseReleasesEngineWhenImmediateAbortCallbackThrows (257044 ns)
    [ PASSED ] CASE: tcpEofDuringApplicationReadRetainsTruncationBeforeAbort (727845 ns)
    [ PASSED ] CASE: peerCloseNotifyProducesEofEvidenceAndRejectsNewApplicationWrites (814680 ns)
    [ PASSED ] CASE: closeDeadlineExpiresWhileAnExistingBackgroundReadOwnsPumpAdmission (22876047 ns)
    [ PASSED ] CASE: closeCancellationInterruptsAnExistingBackgroundReadWithinTheBound (1652076 ns)
    [ PASSED ] CASE: closeCancellationDoesNotWaitBehindAnExistingCiphertextWrite (2840881 ns)
    TCS: Net06TlsTransportCleanupGateTest, time elapsed: 9072947 ns, RESULT:
    [ PASSED ] CASE: failedHandshakesDisposeEngineAndTransportExactlyOnce (8313870 ns)
    TCS: TlsContextTest, time elapsed: 13926405 ns, RESULT:
    [ PASSED ] CASE: linuxCapabilitiesAreExplicitAndNeverInferredFromProviderNames (52995 ns)
    [ PASSED ] CASE: defaultSystemTrustFailsAtBuildUntilLinuxAdapterIsAvailable (178520 ns)
    [ PASSED ] CASE: modernClientContextIsImmutableAndConcurrentShareable (3990043 ns)
    [ PASSED ] CASE: strictTls13RejectsAnyTls12Override (2374398 ns)
    [ PASSED ] CASE: missingTls13AndHttp2CapabilitiesFailBeforeHandshake (225102 ns)
    [ PASSED ] CASE: alpnRejectsEmptyAndDuplicateProtocolNames (1052034 ns)
    [ PASSED ] CASE: serverRequiresServerIdentityAndMtlSTrustAtBuildTime (1899105 ns)
    [ PASSED ] CASE: clientIdentityCapabilityIsValidatedAtBuildTime (1428260 ns)
    TCS: TlsEnginePumpTest, time elapsed: 539416061 ns, RESULT:
    [ PASSED ] CASE: awsLcClientEngineProducesAClientHelloWithoutSocketIo (60627018 ns)
    [ PASSED ] CASE: strictTls13PolicyIsAcceptedByTheNativeEngine (207766 ns)
    [ PASSED ] CASE: LinuxSystemTrustLoadsExplicitlyAndSniStaysSeparateFromReferenceIdentity (51829609 ns)
    [ PASSED ] CASE: customRootChainIsLoadedIntoARealAwsLcClientEngine (3572236 ns)
    [ PASSED ] CASE: spkiPinPolicyConfiguresTheNativeVerificationPathBeforeHandshake (702560 ns)
    [ PASSED ] CASE: matchingSpkiPinCompletesARealClientServerHandshake (41222543 ns)
    [ PASSED ] CASE: matchingSpkiPinDoesNotBypassReferenceIdentityVerification (40649178 ns)
    [ PASSED ] CASE: realAwsLcEnginesExchangeCloseNotifyInBothDirections (19549651 ns)
    [ PASSED ] CASE: handshakeInfoReportsNegotiatedAlpnPeerChainAndVerificationEvidence (18294325 ns)
    [ PASSED ] CASE: tls13TicketResumesAcrossFreshEnginesWithoutEarlyData (25128867 ns)
    [ PASSED ] CASE: tls12TicketResumesAcrossFreshEngines (21235190 ns)
    [ PASSED ] CASE: sniSelectsTheCompleteImmutableContextAndItsCertificate (21470100 ns)
    [ PASSED ] CASE: sniSelectorRejectsMissingAndUnknownNamesWithStableEvidence (46032346 ns)
    [ PASSED ] CASE: noSharedAlpnFailsTheHandshakeInsteadOfSilentlySelectingNothing (22020255 ns)
    [ PASSED ] CASE: requiredMutualTlsUsesClientIdentityAndReturnsServerVerificationEvidence (22701201 ns)
    [ PASSED ] CASE: requiredMutualTlsRejectsMissingClientIdentityButOptionalAllowsIt (24571633 ns)
    [ PASSED ] CASE: mismatchedSpkiPinFailsARealClientServerHandshake (13366377 ns)
    [ PASSED ] CASE: externalSignerCompletesARealHandshakeOutsideTheNativeCallback (19295978 ns)
    [ PASSED ] CASE: externalSignerExceptionFailsClosedWithoutCrossingTheCAbi (9348998 ns)
    [ PASSED ] CASE: cancellationBeforeSignerInvocationFailsThePendingNativeOperation (12788348 ns)
    [ PASSED ] CASE: tls12ContextVersionsPartitionRealClientAndServerSessions (27248090 ns)
    [ PASSED ] CASE: tls13ContextVersionsPartitionRealClientAndServerTickets (27019762 ns)
    [ PASSED ] CASE: pumpHandlesWantReadWriteAndPartialIoWithBoundedBuffers (88775 ns)
    [ PASSED ] CASE: wantWriteWithoutCiphertextFailsInsteadOfSpinning (127601 ns)
    [ PASSED ] CASE: eofDuringWantReadRetainsTlsHandshakeEvidence (117190 ns)
    [ PASSED ] CASE: preCancellationStopsBeforeCallingProviderOrTransport (162476 ns)
    [ PASSED ] CASE: expiredDeadlineStopsBeforeCallingProviderOrTransport (111181 ns)
    TCS: LocalIdentityTest, time elapsed: 5835481 ns, RESULT:
    [ PASSED ] CASE: pkcs8InputIsExactBoundedAndZeroizable (941530 ns)
    [ PASSED ] CASE: pkcs8FileAdapterReadsOneBoundedRegularFile (630013 ns)
    [ PASSED ] CASE: localIdentityValidatesLeafKeyMatchAndHasStablePublicIdentity (1689332 ns)
    [ PASSED ] CASE: mismatchedCertificateAndPrivateKeyFailAtIdentityBuild (723271 ns)
    [ PASSED ] CASE: externalSignerAndSystemHandleShareOneOpaqueKeyContract (431328 ns)
    [ PASSED ] CASE: duplicateSignerAlgorithmsAndMismatchedSpkiFailAtBuild (444277 ns)
    TCS: M3028TlsFuzzTest, time elapsed: 27120794799 ns, RESULT:
    [ PASSED ] CASE: recordMutationsHaveDeterministicTypedTerminals (10912617691 ns)
    [ PASSED ] CASE: handshakeMutationsHaveDeterministicTypedTerminals (10262964170 ns)
    [ PASSED ] CASE: certificateAdapterMutationsHaveDeterministicTypedTerminals (5944464272 ns)
    TCS: TlsM8006ContextTest, time elapsed: 1401311 ns, RESULT:
    [ PASSED ] CASE: sessionPartitionsRetainOnlyTheMatchingContextVersion (34497 ns)
    [ PASSED ] CASE: decryptorRequiresProviderCapabilityAndRsaExternalIdentity (969593 ns)
    [ PASSED ] CASE: keyLogSinkRequiresExplicitProviderCapability (50854 ns)
    TCS: TlsProviderSubstitutionTest, time elapsed: 755415 ns, RESULT:
    [ PASSED ] CASE: testProviderUsesTheProductionFactoryContract (230822 ns)
    [ PASSED ] CASE: objectsFromDifferentProviderInstancesCannotMix (211226 ns)
    [ PASSED ] CASE: activeEngineRetainsProviderUntilItCloses (15441 ns)
    TCS: TlsSessionStoreTest, time elapsed: 264918 ns, RESULT:
    [ PASSED ] CASE: boundedLruExpiryAndSingleUseAreDeterministic (23766 ns)
    [ PASSED ] CASE: everySecurityPartitionDimensionPreventsReuse (36514 ns)
Summary: TOTAL: 70
    PASSED: 70, SKIPPED: 0, ERROR: 0
    FAILED: 0
--------------------------------------------------------------------------------------------------
TP: wirestack.internal.http1, time elapsed: 1636595015 ns, RESULT:
    TCS: HttpAutomaticHttpsClientTest, time elapsed: 7095285 ns, RESULT:
    [ PASSED ] CASE: h2NegotiationMultiplexesTenRequestsOnOneTlsConnection (4349896 ns)
    [ PASSED ] CASE: http11NegotiationFallsBackAndReusesTheAdoptedConnection (1767413 ns)
    TCS: Http1ChunkedCodecTest, time elapsed: 2509540 ns, RESULT:
    [ PASSED ] CASE: decoderStreamsDataExtensionsTrailersAndRemainder (144790 ns)
    [ PASSED ] CASE: decoderHandlesEveryBoundaryOneByteAtATime (124349 ns)
    [ PASSED ] CASE: encoderProducesCanonicalChunksAndBoundedTrailers (111058 ns)
    [ PASSED ] CASE: rejectsInvalidSizeExtensionAndTerminators (112397 ns)
    [ PASSED ] CASE: enforcesBodyChunkLineAndTrailerBounds (122609 ns)
    [ PASSED ] CASE: streamingResponseKeepsEachChunkBoundedWithoutALifetimeCeiling (175449 ns)
    [ PASSED ] CASE: rejectsForbiddenOrFoldedTrailers (144739 ns)
    [ PASSED ] CASE: eofAndPostCompletionUseFailClosedStates (184773 ns)
    [ PASSED ] CASE: decodeBatchesOwnDataAndRemainingBytes (84890 ns)
    TCS: Http1ClientConnectionTest, time elapsed: 24278995 ns, RESULT:
    [ PASSED ] CASE: expectContinueWaitsForApprovalBeforeOpeningBody (1843698 ns)
    [ PASSED ] CASE: finalRejectionBeforeContinueNeverOpensRequestBody (543820 ns)
    [ PASSED ] CASE: continueWaitTimeoutSendsBodyUnderTheOriginalBudget (17425451 ns)
    [ PASSED ] CASE: serializesRequestsUntilBodyEofThenReusesConnection (1847993 ns)
    [ PASSED ] CASE: earlyBodyCloseClosesInsteadOfReturningConnectionForReuse (820046 ns)
    [ PASSED ] CASE: connectionCloseResponseIsNeverReusableAfterEof (728436 ns)
    TCS: Http1CleartextClientTest, time elapsed: 2803895 ns, RESULT:
    [ PASSED ] CASE: resolvesConnectsAndReusesOnlyAfterBodyCompletion (2417589 ns)
    [ PASSED ] CASE: rejectsHttpsBeforeDnsOrPoolMutation (70944 ns)
    TCS: Http1ConnectionPoolTest, time elapsed: 2737564 ns, RESULT:
    [ PASSED ] CASE: emitsSecretFreeAcquireAndReleaseLifecycle (262163 ns)
    [ PASSED ] CASE: reusesOnlyTheSameCompleteKey (254861 ns)
    [ PASSED ] CASE: enforcesTotalPerKeyIdleAndWaiterBounds (462733 ns)
    [ PASSED ] CASE: activeWaitHonorsCancellationAndReleasesWaiterSlot (294813 ns)
    [ PASSED ] CASE: evictsExpiredAndClosedConnectionsInsteadOfReusingThem (457257 ns)
    [ PASSED ] CASE: failedCreationRollsBackItsCapacityReservation (316923 ns)
    TCS: Http1HeadParserTest, time elapsed: 2076073 ns, RESULT:
    [ PASSED ] CASE: requestParsesIncrementallyAndReturnsBodyRemainder (153968 ns)
    [ PASSED ] CASE: oneFeedRetainsBytesAfterTheHead (70552 ns)
    [ PASSED ] CASE: responseParsesStatusReasonHeadersAndFraming (174283 ns)
    [ PASSED ] CASE: acceptsOriginAbsoluteAuthorityAndAsteriskFormsOnlyWhereValid (234818 ns)
    [ PASSED ] CASE: rejectsBareLfObsFoldAndInvalidHeaderSyntax (117761 ns)
    [ PASSED ] CASE: requiresOneValidHostAndMatchingAbsoluteAuthority (214444 ns)
    [ PASSED ] CASE: rejectsInvalidTargetVersionAndBoundViolations (124966 ns)
    [ PASSED ] CASE: completedParserCannotBeReused (138913 ns)
    TCS: Http2Streams1BenchmarkTest, time elapsed: 22164176 ns, RESULT:
    [ PASSED ] CASE: benchmarkOneConcurrentStream (21897488 ns)
    TCS: Http2Streams10BenchmarkTest, time elapsed: 101092411 ns, RESULT:
    [ PASSED ] CASE: benchmarkTenConcurrentStreams (100815950 ns)
    TCS: Http2Streams100BenchmarkTest, time elapsed: 1149487112 ns, RESULT:
    [ PASSED ] CASE: benchmarkHundredConcurrentStreams (1149155754 ns)
    TCS: Http1HundredConnectionBaselineTest, time elapsed: 41564204 ns, RESULT:
    [ PASSED ] CASE: benchmarkHundredConcurrentConnections (41223607 ns)
    TCS: Http2ConnectionPoolTest, time elapsed: 6982641 ns, RESULT:
    [ PASSED ] CASE: alpnPrefersH2AndFallsBackOnlyToHttp11 (74511 ns)
    [ PASSED ] CASE: oneConnectionIsSharedUntilPeerStreamCapacityIsFull (309507 ns)
    [ PASSED ] CASE: concurrentFirstUseDoesNotCreateAConnectionStampede (1121029 ns)
    [ PASSED ] CASE: newConnectionIsPublishedOnlyAfterItsFirstStreamIsAdmitted (94146 ns)
    [ PASSED ] CASE: closeRacingUnpublishedAdmissionReleasesConnectionOwners (3638433 ns)
    [ PASSED ] CASE: completeSecurityKeyPreventsCrossContextReuse (98158 ns)
    [ PASSED ] CASE: drainingConnectionRetainsExistingStreamButReceivesNoNewLease (66855 ns)
    [ PASSED ] CASE: drainingConnectionWaitsForNonLocalOwnersBeforeDiscard (66475 ns)
    [ PASSED ] CASE: fullBoundedPoolHonorsOneCallerDeadline (57697 ns)
    [ PASSED ] CASE: poolCloseAbortsEverySharedConnectionExactlyOnce (58078 ns)
    TCS: Http1FramingTest, time elapsed: 1085296 ns, RESULT:
    [ PASSED ] CASE: requestUsesOneSharedEmptyLengthOrChunkedDecision (55200 ns)
    [ PASSED ] CASE: identicalContentLengthsAreAcceptedAcrossFieldsAndLists (26573 ns)
    [ PASSED ] CASE: conflictingOrInvalidContentLengthsAreRejected (97252 ns)
    [ PASSED ] CASE: contentLengthAndTransferEncodingNeverCoexist (34194 ns)
    [ PASSED ] CASE: ambiguousTransferEncodingIsRejected (91631 ns)
    [ PASSED ] CASE: responseHandlesHeadStatusesConnectAndCloseDelimiting (65393 ns)
    [ PASSED ] CASE: bodylessAndSuccessfulConnectResponsesRejectFramingFields (56984 ns)
    TCS: HttpConnectionPoolKeyTest, time elapsed: 347187 ns, RESULT:
    [ PASSED ] CASE: canonicalOriginProducesStableEqualityAndHash (20032 ns)
    [ PASSED ] CASE: everySecurityAndRouteDimensionPartitionsReuse (28314 ns)
    [ PASSED ] CASE: refusesIncompletePartitionIdentities (14389 ns)
    TCS: Http1ProxyClientPipelineTest, time elapsed: 5326789 ns, RESULT:
    [ PASSED ] CASE: dynamicConnectCredentialsNeverReuseAnAuthenticatedTunnel (3274941 ns)
    [ PASSED ] CASE: rejectedConnectDrainsClosesAndReturnsStructuredNonRetryableFailure (1703228 ns)
    TCS: Http1RequestWriterTest, time elapsed: 3869715 ns, RESULT:
    [ PASSED ] CASE: twoStageWriterDoesNotOpenBodyBeforeExplicitCommit (806002 ns)
    [ PASSED ] CASE: writesFixedBodyThroughPartialTransportOperations (628121 ns)
    [ PASSED ] CASE: streamsUnknownLengthBodyAsCanonicalChunks (663145 ns)
    [ PASSED ] CASE: rejectsDeclaredMismatchBeforeWritingAnything (162786 ns)
    [ PASSED ] CASE: prematureBodyEofRetainsPartialCommitEvidence (628648 ns)
    [ PASSED ] CASE: emptyFramingProbesSourceInsteadOfDroppingUnexpectedBytes (144959 ns)
    TCS: Http1ResponseReaderTest, time elapsed: 7002032 ns, RESULT:
    [ PASSED ] CASE: explicitUpgradeTransfersOnlyAMatching101Protocol (856554 ns)
    [ PASSED ] CASE: mismatchedUpgradeResponseFailsClosed (791331 ns)
    [ PASSED ] CASE: explicitConnectTransfersBufferedTunnelBytesAndTransportOwnership (719148 ns)
    [ PASSED ] CASE: failedConnectRemainsAnHttpResponseAndClosesAfterBody (727546 ns)
    [ PASSED ] CASE: readsInterimAndFixedResponseWithoutBufferingTheBody (352627 ns)
    [ PASSED ] CASE: received4xxAnd5xxRemainHttpResponses (561731 ns)
    [ PASSED ] CASE: decodesChunkedResponseAndPublishesTrailerAtEof (352278 ns)
    [ PASSED ] CASE: closeDelimitedBodyCompletesOnlyAtTransportEof (264455 ns)
    [ PASSED ] CASE: chunkedStreamingResponseMayExceedThePerSegmentBodyBound (350297 ns)
    [ PASSED ] CASE: prematureFixedBodyEofAbandonsResponseExactlyOnce (282700 ns)
    [ PASSED ] CASE: rejectsImplicitUpgradeAndConnectTransportTransfer (515474 ns)
    TCS: Http1SerializerTest, time elapsed: 1170990 ns, RESULT:
    [ PASSED ] CASE: clientRequestAddsHostAndUsesOriginForm (68675 ns)
    [ PASSED ] CASE: forwardProxyRequestUsesAbsoluteFormAndOriginHost (71880 ns)
    [ PASSED ] CASE: requestPreservesOrderedMultipleFieldsAndLengthFraming (57992 ns)
    [ PASSED ] CASE: requestRejectsMissingDuplicateOrMismatchedHost (57933 ns)
    [ PASSED ] CASE: responseSerializesStatusAndUsesSharedFraming (35437 ns)
    [ PASSED ] CASE: responseRejectsInjectionAndForbiddenBodyFraming (43866 ns)
    [ PASSED ] CASE: writerHandlesPartialTransportWritesUnderOneContext (90911 ns)
    [ PASSED ] CASE: serializedBytesAreDefensiveCopies (51075 ns)
    TCS: Http1ServerConnectionTest, time elapsed: 7961093 ns, RESULT:
    [ PASSED ] CASE: serializesTwoKeepAliveExchanges (2789373 ns)
    [ PASSED ] CASE: unreadRequestBodyForcesConnectionCloseAfterResponse (1145005 ns)
    [ PASSED ] CASE: handlerFailureProducesBounded500AndCloses (600649 ns)
    [ PASSED ] CASE: rejectedHandoffReleasesSessionOwnershipExactlyOnce (1783383 ns)
    [ PASSED ] CASE: selectedUpgradeOfferTransfersBufferedSessionBytes (934305 ns)
    TCS: Http1ServerRequestReaderTest, time elapsed: 15174084 ns, RESULT:
    [ PASSED ] CASE: streamsFixedRequestBodyWithoutReadingPastItsLength (508310 ns)
    [ PASSED ] CASE: rejectsOversizedFixedRequestBeforeReadingItsBody (694008 ns)
    [ PASSED ] CASE: decodesChunkedRequestAndPublishesTrailer (846428 ns)
    [ PASSED ] CASE: sendsContinueOnlyWhenHandlerStartsReadingTheBody (11982343 ns)
    [ PASSED ] CASE: rejectingWithoutReadingNeverSendsContinue (451972 ns)
    TCS: Http1ServerTest, time elapsed: 29285776 ns, RESULT:
    [ PASSED ] CASE: shutdownAbortsConnectionBlockedInsideTlsHandshake (8957319 ns)
    [ PASSED ] CASE: acceptSideTlsHookOwnsConnectionAndClosesAfterShutdown (867544 ns)
    [ PASSED ] CASE: gracefulShutdownStopsAcceptAfterCompletedConnection (498365 ns)
    [ PASSED ] CASE: expiredShutdownAbortsBlockedConnectionAndReturnsBoundedly (8208722 ns)
    [ PASSED ] CASE: connectionLimitPreventsSecondAcceptUntilCapacityReturns (9934115 ns)
    TCS: Http1ServerResponseWriterTest, time elapsed: 1859661 ns, RESULT:
    [ PASSED ] CASE: writesFixedResponseThroughPartialTransportOperations (298712 ns)
    [ PASSED ] CASE: streamsChunkedResponseAndTrailer (317748 ns)
    [ PASSED ] CASE: chunkedStreamingResponseMayExceedThePerSegmentBodyBound (285364 ns)
    [ PASSED ] CASE: headResponseNeverTransfersRepresentationBytes (63737 ns)
    [ PASSED ] CASE: closeDelimitedResponseRequiresConnectionClose (251416 ns)
    [ PASSED ] CASE: rejectsKnownLengthMismatchBeforeCommittingHead (65642 ns)
    TCS: Http1SmugglingCorpusTest, time elapsed: 83629500 ns, RESULT:
    [ PASSED ] CASE: clientAndServerFramingRejectTheSameAmbiguousHeaderCorpus (1536322 ns)
    [ PASSED ] CASE: identicalLengthsAndOneFinalChunkedCodingRemainUnambiguous (503561 ns)
    [ PASSED ] CASE: rejectsWhitespaceTargetAndProxyDifferentialCorpus (748815 ns)
    [ PASSED ] CASE: rejectsMalformedChunkAndTrailerCorpusAtInputOrEof (226269 ns)
    [ PASSED ] CASE: everyAcceptedSingleByteMutationHasACanonicalReparse (69926963 ns)
    [ PASSED ] CASE: chunkedMutationsHaveDeterministicBoundedTerminals (3517393 ns)
    [ PASSED ] CASE: validHeadParsesAtEveryTransportSplitBoundary (6021473 ns)
    TCS: Http1HttpsClientTest, time elapsed: 2895492 ns, RESULT:
    [ PASSED ] CASE: partitionsHandshakesAndReusesHttpsAfterBodyCompletion (1778572 ns)
    [ PASSED ] CASE: zeroLengthConnectionCloseDoesNotWaitForTlsPeerShutdown (719554 ns)
    TCS: Http1TlsServerTest, time elapsed: 111369605 ns, RESULT:
    [ PASSED ] CASE: alpnServerRejectsAClientWithNoSharedHttpProtocol (47772263 ns)
    [ PASSED ] CASE: automaticClientOffersH2FirstAndFallsBackToServerHttp11 (20029731 ns)
    [ PASSED ] CASE: requiredMutualTlsCarriesAuthenticatedHttp1Exchange (23878319 ns)
    [ PASSED ] CASE: realAwsLcHandshakeCarriesOneHttp1Exchange (18869468 ns)
Summary: TOTAL: 121
    PASSED: 118, SKIPPED: 3, ERROR: 0
    FAILED: 0
--------------------------------------------------------------------------------------------------
TP: wirestack.internal.common, time elapsed: 2157590 ns, RESULT:
    TCS: EndpointTest, time elapsed: 1412208 ns, RESULT:
    [ PASSED ] CASE: acceptsTypedIpv4AndIpv6WithoutDns (238569 ns)
    [ PASSED ] CASE: addressOwnsAnImmutableOctetSnapshot (15990 ns)
    [ PASSED ] CASE: rejectsWrongLengthsAndIpv4Zones (38165 ns)
    [ PASSED ] CASE: ipv6ZoneAndPortBoundariesRemainTypedIdentity (24166 ns)
    [ PASSED ] CASE: rejectsEmptyAndOversizedIpv6Zones (32609 ns)
    TCS: HostNameTest, time elapsed: 676756 ns, RESULT:
    [ PASSED ] CASE: canonicalizesAsciiCaseAndOneRootDot (36444 ns)
    [ PASSED ] CASE: rejectsAmbiguousOrInvalidDnsNames (84546 ns)
    [ PASSED ] CASE: acceptsAsciiALabelAndExactDnsLengthBoundaries (59806 ns)
    [ PASSED ] CASE: rejectsOneByteBeyondLabelAndHostLimits (27035 ns)
Summary: TOTAL: 9
    PASSED: 9, SKIPPED: 0, ERROR: 0
    FAILED: 0
--------------------------------------------------------------------------------------------------
TP: wirestack.internal.transport_stdnet, time elapsed: 192474081 ns, RESULT:
    TCS: StdNetTransportListenerTest, time elapsed: 91392052 ns, RESULT:
    [ PASSED ] CASE: listenerRejectsOutOfRangeBacklogBeforeBinding (276118 ns)
    [ PASSED ] CASE: listenerPreCancelledAndExpiredAcceptsFailFast (173283 ns)
    [ PASSED ] CASE: listenerDeadlineBoundsBlockedAcceptAndListenerRemainsUsable (38549970 ns)
    [ PASSED ] CASE: listenerCancellationWakesActiveAcceptAndListenerRemainsUsable (40286744 ns)
    [ PASSED ] CASE: listenerCloseWakesActiveAcceptWithStructuredErrorAndIsIdempotent (10867170 ns)
    TCS: M123TransportDiagnosticsTest, time elapsed: 729207 ns, RESULT:
    [ PASSED ] CASE: stdNetReportsRuntimeEndpointsAndCapabilitiesWithoutGuessingIoBackend (315908 ns)
    [ PASSED ] CASE: deterministicTransportUsesTheSameProviderNeutralContract (52324 ns)
    TCS: M127BackgroundFastPathTest, time elapsed: 24613054 ns, RESULT:
    [ PASSED ] CASE: backgroundAndObservedPathsTransferEquivalentData (265315 ns)
    [ PASSED ] CASE: backgroundPeerCloseRemainsEof (174313 ns)
    [ PASSED ] CASE: backgroundLocalCloseRaceRemainsClosed (1235635 ns)
    [ PASSED ] CASE: backgroundStillRejectsConcurrentReaders (1287914 ns)
    [ PASSED ] CASE: cancellableAndDeadlineContextsRetainGenericChecks (228382 ns)
    [ PASSED ] CASE: deadlineTimeoutIsClearedBeforeBackgroundRead (20453031 ns)
    TCS: Net06CancellationGateTest, time elapsed: 5997197 ns, RESULT:
    [ PASSED ] CASE: cancelledReadsReleaseSocketsWaitersAndTasks (5665470 ns)
    TCS: StdNetTransportTest, time elapsed: 66564845 ns, RESULT:
    [ PASSED ] CASE: writeSomeIsPartialAndReusesBoundedConnectionStaging (528162 ns)
    [ PASSED ] CASE: wholeArrayReadAndWriteBypassStagingForATypicalTlsRecord (3572771 ns)
    [ PASSED ] CASE: subrangesRetainBoundedStagingAndCopyAccounting (341075 ns)
    [ PASSED ] CASE: connectsByResolvedIpAndTransfersBothDirections (319615 ns)
    [ PASSED ] CASE: emptyOperationsAreImmediate (185097 ns)
    [ PASSED ] CASE: unsupportedHalfClosePreservesBothDirections (330936 ns)
    [ PASSED ] CASE: cancellationAbortRemainsNativeOwnerAfterLaterClose (1274430 ns)
    [ PASSED ] CASE: listenerCloseWakesBlockedAcceptAsClosed (1150721 ns)
    [ PASSED ] CASE: cancellingOneAcceptLeavesListenerReusable (29252494 ns)
    [ PASSED ] CASE: preCancelledConnectDoesNotCreateASocket (73671 ns)
    [ PASSED ] CASE: peerGracefulCloseIsReportedAsEof (223890 ns)
    [ PASSED ] CASE: deadlineBoundsBlockedReadWithoutClosingConnection (20517566 ns)
    [ PASSED ] CASE: localCloseMapsBlockedReadWithStableEvidence (1245372 ns)
    [ PASSED ] CASE: explicitAbortWakesBlockedReadWithStableEvidence (1324934 ns)
    [ PASSED ] CASE: gracefulNativeCloseRemainsGracefulAfterLaterAbort (219095 ns)
    [ PASSED ] CASE: explicitAbortRemainsNativeOwnerAfterLaterClose (259244 ns)
    [ PASSED ] CASE: unknownConnectFailureMapsWithoutMessageOrNativeCode (157919 ns)
    [ PASSED ] CASE: concurrentReadsFailWithoutDisturbingTheActiveRead (1335371 ns)
    [ PASSED ] CASE: happyEyeballsComposesWithTheDefaultStdNetFactory (317962 ns)
Summary: TOTAL: 50
    PASSED: 33, SKIPPED: 17, ERROR: 0
    FAILED: 0
--------------------------------------------------------------------------------------------------
TP: wirestack.internal.resolver, time elapsed: 41130156 ns, RESULT:
    TCS: M2006AppleSystemResolverTest, time elapsed: 11830401 ns, RESULT:
    [ PASSED ] CASE: resolvesLocalhostThroughTheProviderNeutralContract (9529634 ns)
    [ PASSED ] CASE: fixtureReturnsAllCandidatesWithoutInventingTtl (23757 ns)
    [ PASSED ] CASE: fixtureAppliesFamilyAndResultBounds (18563 ns)
    [ PASSED ] CASE: fixtureMapsPosixFailuresAndUnknownCodes (17799 ns)
    [ PASSED ] CASE: fixtureCancellationAndDeadlineReturnBeforeNativeCleanup (15634 ns)
    [ PASSED ] CASE: newResolutionObservesNetworkGenerationChange (31422 ns)
    [ PASSED ] CASE: validatesBoundsAndRejectsUseAfterClose (139344 ns)
    [ PASSED ] CASE: fixtureBoundsAdmissionAndReleasesQueuedWorkAfterClose (24750 ns)
    TCS: M2003BoundedResolverBackendTest, time elapsed: 19652139 ns, RESULT:
    [ PASSED ] CASE: resolvesLocalhostWithBoundedMetricsAndIdempotentClose (7811812 ns)
    [ PASSED ] CASE: appliesIpv4FamilyAndRejectsUseAfterClose (9896775 ns)
    [ PASSED ] CASE: validatesPoolBounds (53594 ns)
    [ PASSED ] CASE: nativeFamilyValidationFailsClosedAndPollingBackoffIsBounded (58659 ns)
    [ PASSED ] CASE: preCancelledContextDoesNotSubmitNativeWork (197327 ns)
    [ PASSED ] CASE: delayedNativeWorkDoesNotStarveCangjieHeartbeat (25899 ns)
    [ PASSED ] CASE: cancellationCompletesPromptlyWhileNativeJobCleansUp (17086 ns)
    [ PASSED ] CASE: deadlineCompletesPromptlyWhileNativeJobCleansUp (18766 ns)
    [ PASSED ] CASE: queueAdmissionIsStrictlyBounded (15300 ns)
    TCS: ResolverContractTest, time elapsed: 686180 ns, RESULT:
    [ PASSED ] CASE: resultOwnsDeduplicatedAddressesAndDoesNotInventTtl (48880 ns)
    [ PASSED ] CASE: staticResolverFiltersFamiliesAndHonorsPreCancellation (86562 ns)
    [ PASSED ] CASE: rejectsEmptyFamilyResultAndInvalidLimits (46277 ns)
    TCS: M2002ResolverPublicContractTest, time elapsed: 956996 ns, RESULT:
    [ PASSED ] CASE: resultOwnsAllTypedCandidatesWithoutInventingTtl (48399 ns)
    [ PASSED ] CASE: staticResolverAppliesFamilyAndResultBounds (40837 ns)
    [ PASSED ] CASE: errorsRetainStablePublicCoordinates (55211 ns)
    [ PASSED ] CASE: cancellationAndDeadlineRemainDistinct (64556 ns)
    [ PASSED ] CASE: constructorsRejectInvalidBoundsAndDiagnostics (44201 ns)
    TCS: M2004WindowsSystemResolverTest, time elapsed: 7540869 ns, RESULT:
    [ PASSED ] CASE: resolvesLocalhostThroughTheProviderNeutralContract (6355438 ns)
    [ PASSED ] CASE: fixtureReturnsAllCandidatesWithoutInventingTtl (23027 ns)
    [ PASSED ] CASE: fixtureAppliesFamilyAndResultBounds (15916 ns)
    [ PASSED ] CASE: fixtureMapsWinsockFailuresAndUnknownCodes (31464 ns)
    [ PASSED ] CASE: fixtureCancellationAndDeadlineReturnBeforeNativeCleanup (16056 ns)
    [ PASSED ] CASE: validatesBoundsAndRejectsUseAfterClose (130953 ns)
Summary: TOTAL: 31
    PASSED: 31, SKIPPED: 0, ERROR: 0
    FAILED: 0
--------------------------------------------------------------------------------------------------
TP: wirestack.net, time elapsed: 1636716493 ns, RESULT:
    TCS: DnsClientWireTest, time elapsed: 968893101 ns, RESULT:
    [ PASSED ] CASE: publicQueryAndLookupUseRealUdpAndRetainAbsoluteCacheExpiry (2717874 ns)
    [ PASSED ] CASE: publicQueryEncodesEveryModeledRecordType (9223176 ns)
    [ PASSED ] CASE: wrongSourceIdAndQuestionAreIgnoredBeforeValidUdpResponse (1156246 ns)
    [ PASSED ] CASE: validatedTruncationFallsBackToExactTcpFrame (1300800 ns)
    [ PASSED ] CASE: activeCancellationRetainsNameserverWithoutRetry (60448516 ns)
    [ PASSED ] CASE: silentDnsAttemptsLeaveBudgetForServerAndPassFailover (504931936 ns)
    [ PASSED ] CASE: exhaustedResponseCodesRetainTheLastRespondingNameserver (4304399 ns)
    [ PASSED ] CASE: unsupportedResponseCodeRetainsRespondingNameserver (2977725 ns)
    [ PASSED ] CASE: dnsTransportFailuresRetainSelectedNameserver (252959152 ns)
    [ PASSED ] CASE: tcpResponseCannotRemainTruncated (1455233 ns)
    [ PASSED ] CASE: malformedMatchingResponseAndUnrelatedSectionsCannotPoisonCache (5030142 ns)
    [ PASSED ] CASE: cnameTraversalUsesAnswerOwnersAndRejectsConflictingTargets (2766833 ns)
    [ PASSED ] CASE: fullResultCapacityDoesNotQueryAnotherFamily (60557325 ns)
    [ PASSED ] CASE: rfc2308CacheRetainsNxdomainVersusNodataWithoutNewPackets (4547038 ns)
    [ PASSED ] CASE: zeroTtlNeverCreatesAPositiveCacheEntry (2075186 ns)
    [ PASSED ] CASE: callerCancellationAndClientCloseWakeActiveNativeReceive (2371362 ns)
    [ PASSED ] CASE: anyFamilyRetainsAddressesWhenTheOtherFamilyFails (4948771 ns)
    [ PASSED ] CASE: crossFamilyConflictsRetainTheLivePeerAlongsideCachedResults (7006661 ns)
    [ PASSED ] CASE: nxdomainInvalidatesVisitedTargetsAndOtherCachedAliases (20527085 ns)
    [ PASSED ] CASE: everyNxdomainInvalidatesPreviouslyCachedAddresses (5961874 ns)
    [ PASSED ] CASE: noncacheableNxdomainStopsOtherFamilyQueries (2472304 ns)
    [ PASSED ] CASE: nameWideNegativeOverridesEarlierFamilyFailure (2277675 ns)
    [ PASSED ] CASE: boundedAdmissionRejectsExcessAndCloseWakesQueuedCallers (1207202 ns)
    TCS: DnsResolverPolicyTest, time elapsed: 287524524 ns, RESULT:
    [ PASSED ] CASE: fromSystemParsesTabsCommentsLastSearchAndClampedNdots (329197 ns)
    [ PASSED ] CASE: directConfigRejectsUnsupportedNameserverZonesBeforeQueries (41172 ns)
    [ PASSED ] CASE: numericNameserverZonesUseCanonicalEndpointIdentity (37572 ns)
    [ PASSED ] CASE: systemNameserversRetainOnlySupportedNumericZones (452212 ns)
    [ PASSED ] CASE: equivalentNameserverScopesDoNotConsumeTheServerLimit (226287 ns)
    [ PASSED ] CASE: configOwnsInputArraysAndReturnsDefensiveCopies (46244 ns)
    [ PASSED ] CASE: adoptedClientRequiresMatchingConfigurationWithoutTakingRejectedOwnership (155583 ns)
    [ PASSED ] CASE: systemFilesFailClosedWhenMissingOversizedOrNonregular (15541330 ns)
    [ PASSED ] CASE: ipv4LiteralsBypassHostsSearchAndNameservers (60429714 ns)
    [ PASSED ] CASE: hostsSnapshotRetainsOnlyUsableIpv6Zones (629280 ns)
    [ PASSED ] CASE: hostsAliasesFilterFamiliesAndRemainSnapshotted (513767 ns)
    [ PASSED ] CASE: trailingRootSkipsSearchWhileNdotsSelectsSearchOrAbsoluteFirst (4933705 ns)
    [ PASSED ] CASE: exactHostsEntryWinsBeforeSearchSuffixDns (200528874 ns)
    [ PASSED ] CASE: cancelledExpiredAndClosedCallsRetainPublicResolveClassifications (354419 ns)
    [ PASSED ] CASE: connectUsesHostsMappingForANativeListenerExchange (557659 ns)
    [ PASSED ] CASE: resolverConnectCarriesOneAbsoluteDeadlineIntoNativeTcpAdmission (336306 ns)
    TCS: DnsWireParserTest, time elapsed: 142462418 ns, RESULT:
    [ PASSED ] CASE: decodesCompressedTargetsBinaryTxtSoaAndUnknownData (115902 ns)
    [ PASSED ] CASE: recordOrderMakesAnswerAuthorityAndAdditionalBoundariesExplicit (47860 ns)
    [ PASSED ] CASE: summariesAndRecordsOwnParserAndConstructorInputs (33443 ns)
    [ PASSED ] CASE: publicSummaryRejectsCountsBeyondWireAndCombinedRecordBounds (140222254 ns)
    [ PASSED ] CASE: parserPreservesQuestionIdentityAndRejectsIncompleteRecords (63624 ns)
    [ PASSED ] CASE: asciiNameProfileRejectsAmbiguousLabels (71038 ns)
    [ PASSED ] CASE: compressionLoopsForwardPointersAndOutOfRangePointersAreRejected (42903 ns)
    [ PASSED ] CASE: expandedNameAndSectionCountsRespectConfiguredBounds (50091 ns)
    [ PASSED ] CASE: completeParserRejectsTrailingAndTruncatedSectionBytes (35915 ns)
    [ PASSED ] CASE: typedRdataLengthsAndTxtSegmentsAreExact (59243 ns)
    [ PASSED ] CASE: compressedRdataNamesCannotConsumeNeighboringRecordBytes (53192 ns)
    [ PASSED ] CASE: srvTargetCompressionIsRejectedEvenWhenPointerIsInBounds (35368 ns)
    [ PASSED ] CASE: summaryConstructorRejectsSectionMetadataThatCouldBlurBoundaries (15316 ns)
    [ PASSED ] CASE: additionalOwnerMayReferenceAuthorityNameserverTarget (37794 ns)
    [ PASSED ] CASE: additionalOwnerMayReferenceSecondLegacyMailboxName (53925 ns)
    TCS: DnsWireFuzzTest, time elapsed: 103588218 ns, RESULT:
    [ PASSED ] CASE: wireMutationsRejectMalformedMessagesOrRetainOwnedSections (103340345 ns)
    TCS: M8002TcpListenerTest, time elapsed: 55187980 ns, RESULT:
    [ PASSED ] CASE: bindRejectsInvalidBacklogAndStoppedContextsWithStructuredErrors (76646 ns)
    [ PASSED ] CASE: bindFailureRetainsPublicCoordinatesAndCause (114894 ns)
    [ PASSED ] CASE: cancelledAndExpiredAcceptsLeaveListenerReusable (23361399 ns)
    [ PASSED ] CASE: acceptedStreamTransfersExactDataInBothDirections (189451 ns)
    [ PASSED ] CASE: overlappingAcceptIsRejectedWithoutCreatingAPendingQueue (30087648 ns)
    [ PASSED ] CASE: stoppedCloseAdmissionHasNoNativeEffectAndListenerRemainsUsable (201687 ns)
    [ PASSED ] CASE: gracefulAndAbortTerminalOwnersAreStableAndWakeAccept (130788 ns)
    TCS: M8002UdpSocketTest, time elapsed: 24665446 ns, RESULT:
    [ PASSED ] CASE: datagramBoundariesAndOwnedPayloadSurviveScratchReuse (215300 ns)
    [ PASSED ] CASE: exactCapacityAndTruncationDiscardOnlyTheCurrentDatagramTail (176989 ns)
    [ PASSED ] CASE: connectedSocketSelectsNativePeerAndFiltersOtherSenders (233871 ns)
    [ PASSED ] CASE: invalidAndUnsupportedInputsLeaveSocketReusable (1739862 ns)
    [ PASSED ] CASE: cancellationDeadlineCloseAndAbortRetainDistinctState (21029324 ns)
    TCS: NetworkFoundationContractTest, time elapsed: 53203065 ns, RESULT:
    [ PASSED ] CASE: unixEndpointFormsAreDistinctAndOwned (407070 ns)
    [ PASSED ] CASE: unixEndpointRejectsUnboundedNames (268840 ns)
    [ PASSED ] CASE: rawSocketCapabilityBoundaryRequiresDomainSpecificProtocol (355483 ns)
    [ PASSED ] CASE: cancelledConnectFailsBeforeSocketCreation (368886 ns)
    [ PASSED ] CASE: tcpStreamCancellationDistinguishesUntouchedFromAbortedDelegate (678251 ns)
    [ PASSED ] CASE: tcpStreamGracefulCloseIsRetainedAndIdempotent (203999 ns)
    [ PASSED ] CASE: tcpStreamTerminalCloseSkipsStoppedContextsAndCallerClock (283688 ns)
    [ PASSED ] CASE: tcpStreamNonterminalStoppedCloseAdmissionStillRejects (223374 ns)
    [ PASSED ] CASE: tcpStreamCloseNormalizesContextFailureWithoutTakingOwnership (169071 ns)
    [ PASSED ] CASE: tcpStreamAbortRetainsItsCauseAndConnectionFacts (408289 ns)
    [ PASSED ] CASE: tcpStreamDirectionalShutdownPublishesOnlySuccessfulTransitions (348202 ns)
    [ PASSED ] CASE: tcpStreamReadShutdownRejectsEveryReadPathWithoutLosingWrites (252251 ns)
    [ PASSED ] CASE: tcpStreamWriteShutdownRejectsEveryWritePathWithoutLosingReads (223800 ns)
    [ PASSED ] CASE: tcpStreamEmptyOperationsRemainImmediateAfterDirectionalShutdown (154095 ns)
    [ PASSED ] CASE: tcpStreamReadExactAddsCapturedEndpointsToUnexpectedEof (138819 ns)
    [ PASSED ] CASE: tcpStreamReadKeepsPeerEofGraceful (98426 ns)
    [ PASSED ] CASE: tcpStreamReadExactMergesCapturedAndStructuredEndpointMetadata (192621 ns)
    [ PASSED ] CASE: tcpStreamIoConflictsRetainCapturedEndpointsWithoutClosing (418601 ns)
    [ PASSED ] CASE: tcpStreamDirectionalShutdownDoesNotPromoteWokenIoToFailure (272430 ns)
    [ PASSED ] CASE: tcpStreamFinalShutdownRemainsGracefulWhenItWakesIo (103725 ns)
    [ PASSED ] CASE: tcpStreamFailuresRetainOriginalErrorAndReleaseDelegate (226785 ns)
    [ PASSED ] CASE: tcpStreamRetainsNativeCancellationOwnership (1632485 ns)
    [ PASSED ] CASE: tcpStreamNormalizesUnexpectedDelegateFailures (583675 ns)
    [ PASSED ] CASE: tcpStreamPrecancelledIoCannotClaimAnotherClosesOwnership (413480 ns)
    [ PASSED ] CASE: tcpStreamCancellationOwnershipSurvivesOtherObservers (147105 ns)
    [ PASSED ] CASE: tcpStreamAbortCannotRelabelClaimedGracefulNativeClose (74304 ns)
    [ PASSED ] CASE: tcpStreamAbortOwnershipSurvivesCompetingIoAndLateCloseFailure (181922 ns)
    [ PASSED ] CASE: tcpStreamCancellationBoundsCloseWaitAndLateSuccessRemainsGraceful (219376 ns)
    [ PASSED ] CASE: tcpStreamJoiningBackgroundCloseWaitsForCompletion (25935844 ns)
    [ PASSED ] CASE: tcpStreamDeadlineBoundsCloseWaitAndLateSuccessRemainsGraceful (64437 ns)
    [ PASSED ] CASE: tcpStreamLateCloseFailurePublishesFailedWithoutReplacingCallerCancellation (78599 ns)
    [ PASSED ] CASE: tcpStreamAbortRemainsTerminalWhenDetachedCloseFailsLate (75946 ns)
    [ PASSED ] CASE: tcpStreamCloseKeepsGracefulCauseWhenItWakesARead (43705 ns)
    [ PASSED ] CASE: unsafeOptionValueIsBoundedAndOwnedWithoutApplyingIt (76096 ns)
    [ PASSED ] CASE: datagramResultEnforcesTheIpv4PayloadBound (1751834 ns)
    [ PASSED ] CASE: datagramResultSurvivesReceiveBufferReuse (15272 ns)
Summary: TOTAL: 103
    PASSED: 103, SKIPPED: 0, ERROR: 0
    FAILED: 0
--------------------------------------------------------------------------------------------------
TP: wirestack.internal.trust, time elapsed: 37939342 ns, RESULT:
    TCS: HostnameVerifierTest, time elapsed: 1499439 ns, RESULT:
    [ PASSED ] CASE: exactDnsAndAsciiIdnaALabelMatchCaseInsensitively (221330 ns)
    [ PASSED ] CASE: wildcardMatchesExactlyOneLeftmostLabelOnly (58069 ns)
    [ PASSED ] CASE: invalidOrOverbroadWildcardsAreRejectedAtCertificateBoundary (51691 ns)
    [ PASSED ] CASE: dnsAndIpReferenceIdentitiesNeverCrossMatch (52843 ns)
    [ PASSED ] CASE: subjectAlternativeNameCountIsHardBounded (128694 ns)
    TCS: M3028HostnameFuzzTest, time elapsed: 34418669 ns, RESULT:
    [ PASSED ] CASE: hostnameMutationsHaveDeterministicTypedTerminals (34169063 ns)
    TCS: TrustPolicyTest, time elapsed: 1833554 ns, RESULT:
    [ PASSED ] CASE: nativeX509ParserAcceptsOneExactDerObjectAndRejectsTrailingBytes (427157 ns)
    [ PASSED ] CASE: certificateAndChainLimitsFailBeforeUnboundedParsingOrCopying (257116 ns)
    [ PASSED ] CASE: everyTrustPolicyHasAStableContentIdentityAndNoTrustAllState (511547 ns)
    [ PASSED ] CASE: pinAlgorithmAndScopeAreExplicitAndMalformedPinsFail (34476 ns)
Summary: TOTAL: 10
    PASSED: 10, SKIPPED: 0, ERROR: 0
    FAILED: 0
--------------------------------------------------------------------------------------------------
TP: wirestack.tls, time elapsed: 120047218 ns, RESULT:
    TCS: PublicTlsFacadeTest, time elapsed: 85143165 ns, RESULT:
    [ PASSED ] CASE: clientBuilderRejectsReversedVersionRangeBeforeTransportIo (47840513 ns)
    [ PASSED ] CASE: serverBuilderRequiresAnIdentityBeforeTransportIo (8255458 ns)
    [ PASSED ] CASE: clientBuilderCopiesAlpnAndPublishesProviderNeutralCapabilities (11169293 ns)
    [ PASSED ] CASE: preCancelledHandshakeConsumesAndAbortsTheTransport (16534866 ns)
    TCS: TlsM8006ContractTest, time elapsed: 11517124 ns, RESULT:
    [ PASSED ] CASE: externalDecryptionRequestIsStrictlyRawRsaBoundedAndOwned (53300 ns)
    [ PASSED ] CASE: keyLogLineAcceptsOnlyBoundedNssShapeAndOwnsSecrets (64749 ns)
    [ PASSED ] CASE: clientContextRejectsExternalDecryptionBeforeHandshake (10925690 ns)
    TCS: TlsRuntimeTest, time elapsed: 23161817 ns, RESULT:
    [ PASSED ] CASE: reportsHandleFreeLinuxProviderAndBuildIdentity (10499752 ns)
    [ PASSED ] CASE: returnsDefensiveCopiesOfRuntimeInventories (11994580 ns)
Summary: TOTAL: 9
    PASSED: 9, SKIPPED: 0, ERROR: 0
    FAILED: 0
--------------------------------------------------------------------------------------------------
Project tests finished, time elapsed: 47820352280 ns, RESULT:
TP: wirestack.*, time elapsed: 47820299164 ns, RESULT:
    PASSED:
    TP: wirestack.internal.platform.linux, time elapsed: 12625490 ns
    TP: wirestack.internal.common, time elapsed: 2157590 ns
    TP: wirestack.internal.transport, time elapsed: 211411768 ns
    TP: wirestack.internal.trust, time elapsed: 37939342 ns
    TP: wirestack.internal.http2, time elapsed: 3899129471 ns
    TP: wirestack.internal.resolver, time elapsed: 41130156 ns
    TP: wirestack.internal.tls_engine, time elapsed: 27767475522 ns
    TP: wirestack.internal.connector, time elapsed: 15165950 ns
    TP: wirestack.tls, time elapsed: 120047218 ns
    TP: wirestack.internal.http1, time elapsed: 1636595015 ns
    TP: wirestack.internal.transport_stdnet, time elapsed: 192474081 ns
    TP: wirestack.net, time elapsed: 1636716493 ns
    TP: wirestack.http, time elapsed: 12064857879 ns
Summary: TOTAL: 803
    PASSED: 780, SKIPPED: 23, ERROR: 0
    FAILED: 0
--------------------------------------------------------------------------------------------------
cjpm test success
