4014697 close(3)                        = 0
4014697 close(3)                        = 0
4014697 close(3)                        = 0
4014697 close(3)                        = 0
4014697 close(3)                        = 0
4014697 close(3)                        = 0
4014697 close(3)                        = 0
4014697 close(3)                        = 0
4014697 close(3)                        = 0
4014697 close(3)                        = 0
4014697 close(3)                        = 0
4014697 close(3)                        = 0
4014697 close(3)                        = 0
4014697 socket(AF_UNIX, SOCK_STREAM|SOCK_CLOEXEC|SOCK_NONBLOCK, 0) = 3
4014697 bind(3, {sa_family=AF_UNIX, sun_path=@"$HOME/.cache/agent-tmp/m9u-ivls4z6c/wirestack-m8-003-peer-pco3qpge-listener\0tail\303\251zzzzzzzzzzzzzzzzzz"}, 110) = 0
4014697 listen(3, 128)                  = 0
4014697 socket(AF_UNIX, SOCK_DGRAM|SOCK_CLOEXEC|SOCK_NONBLOCK, 0) = 5
4014697 bind(5, {sa_family=AF_UNIX, sun_path=@"$HOME/.cache/agent-tmp/m9u-ivls4z6c/wirestack-m8-003-peer-pco3qpge-datagram\0tail\303\251zzzzzzzzzzzzzzzzzz"}, 110) = 0
4014702 accept4(3, {sa_family=AF_UNIX}, [120 => 2], SOCK_CLOEXEC|SOCK_NONBLOCK) = 6
4014702 recvfrom(6, "\0\1\2\3\4\5\6\7\10\t\n\v\f\r\16\17\20\21\22\23\24\25\26\27\30\31\32\33\34\35\36\37"..., 16384, 0, NULL, NULL) = 16384
4014702 recvfrom(6, "EFGHIJKLMNOPQRSTUVWXYZ[\\]^_`abcd"..., 16384, 0, NULL, NULL) = 16384
4014702 sendto(6, "\0\1\2\3\4\5\6\7\10\t\n\v\f\r\16\17\20\21\22\23\24\25\26\27\30\31\32\33\34\35\36\37"..., 16384, MSG_NOSIGNAL, NULL, 0) = 16384
4014702 sendto(6, "EFGHIJKLMNOPQRSTUVWXYZ[\\]^_`abcd"..., 16384, MSG_NOSIGNAL, NULL, 0) = 16384
4014702 close(6)                        = 0
4014702 close(3)                        = 0
4014702 socket(AF_UNIX, SOCK_STREAM|SOCK_CLOEXEC|SOCK_NONBLOCK, 0) = 3
4014702 connect(3, {sa_family=AF_UNIX, sun_path=@"$HOME/.cache/agent-tmp/m9u-ivls4z6c/wirestack-m8-003-peer-pco3qpge-peer-stream\0tail\303\251zzzzzzzzzzzzzzz"}, 110) = 0
4014702 sendto(3, "\0\1\2\3\4\5\6\7\10\t\n\v\f\r\16\17\20\21\22\23\24\25\26\27\30\31\32\33\34\35\36\37"..., 16384, MSG_NOSIGNAL, NULL, 0) = 16384
4014702 sendto(3, "EFGHIJKLMNOPQRSTUVWXYZ[\\]^_`abcd"..., 16384, MSG_NOSIGNAL, NULL, 0) = 16384
4014702 recvfrom(3, "\0\1\2\3\4\5\6\7\10\t\n\v\f\r\16\17\20\21\22\23\24\25\26\27\30\31\32\33\34\35\36\37"..., 16384, 0, NULL, NULL) = 16384
4014702 recvfrom(3, "EFGHIJKLMNOPQRSTUVWXYZ[\\]^_`abcd"..., 16384, 0, NULL, NULL) = 16384
4014702 recvfrom(3, "", 1, 0, NULL, NULL) = 0
4014702 recvfrom(3, "", 1, 0, NULL, NULL) = 0
4014702 sendto(3, "after", 5, MSG_NOSIGNAL, NULL, 0) = 5
4014702 close(3)                        = 0
4014702 socket(AF_UNIX, SOCK_STREAM|SOCK_CLOEXEC|SOCK_NONBLOCK, 0) = 3
4014702 bind(3, {sa_family=AF_UNIX, sun_path=@"$HOME/.cache/agent-tmp/m9u-ivls4z6c/wirestack-m8-003-peer-pco3qpge-write-timeout\0tail\303\251zzzzzzzzzzzzz"}, 110) = 0
4014702 listen(3, 128)                  = 0
4014702 accept4(3, 0x7fa428021360, [120], SOCK_CLOEXEC|SOCK_NONBLOCK) = -1 EAGAIN (Resource temporarily unavailable)
4014703 accept4(3, {sa_family=AF_UNIX}, [120 => 2], SOCK_CLOEXEC|SOCK_NONBLOCK) = 6
4014702 sendto(6, "\0\1\2\3\4\5\6\7\10\t\n\v\f\r\16\17\20\21\22\23\24\25\26\27\30\31\32\33\34\35\36\37"..., 16384, MSG_NOSIGNAL, NULL, 0) = 16384
4014702 sendto(6, "EFGHIJKLMNOPQRSTUVWXYZ[\\]^_`abcd"..., 16384, MSG_NOSIGNAL, NULL, 0) = 16384
4014702 sendto(6, "\212\213\214\215\216\217\220\221\222\223\224\225\226\227\230\231\232\233\234\235\236\237\240\241\242\243\244\245\246\247\250\251"..., 16384, MSG_NOSIGNAL, NULL, 0) = 16384
4014702 sendto(6, "\317\320\321\322\323\324\325\326\327\330\331\332\333\334\335\336\337\340\341\342\343\344\345\346\347\350\351\352\353\354\355\356"..., 16384, MSG_NOSIGNAL, NULL, 0) = 16384
4014702 sendto(6, "\31\32\33\34\35\36\37 !\"#$%&'()*+,-./012345678"..., 16384, MSG_NOSIGNAL, NULL, 0) = 16384
4014702 sendto(6, "^_`abcdefghijklmnopqrstuvwxyz{|}"..., 16384, MSG_NOSIGNAL, NULL, 0) = 16384
4014702 sendto(6, "\243\244\245\246\247\250\251\252\253\254\255\256\257\260\261\262\263\264\265\266\267\270\271\272\273\274\275\276\277\300\301\302"..., 16384, MSG_NOSIGNAL, NULL, 0) = 16384
4014702 sendto(6, "\350\351\352\353\354\355\356\357\360\361\362\363\364\365\366\367\370\371\372\0\1\2\3\4\5\6\7\10\t\n\v\f"..., 16384, MSG_NOSIGNAL, NULL, 0) = 16384
4014702 sendto(6, "23456789:;<=>?@ABCDEFGHIJKLMNOPQ"..., 16384, MSG_NOSIGNAL, NULL, 0) = 16384
4014702 sendto(6, "wxyz{|}~\177\200\201\202\203\204\205\206\207\210\211\212\213\214\215\216\217\220\221\222\223\224\225\226"..., 16384, MSG_NOSIGNAL, NULL, 0) = 16384
4014702 sendto(6, "\274\275\276\277\300\301\302\303\304\305\306\307\310\311\312\313\314\315\316\317\320\321\322\323\324\325\326\327\330\331\332\333"..., 16384, MSG_NOSIGNAL, NULL, 0) = 16384
4014702 sendto(6, "\6\7\10\t\n\v\f\r\16\17\20\21\22\23\24\25\26\27\30\31\32\33\34\35\36\37 !\"#$%"..., 16384, MSG_NOSIGNAL, NULL, 0) = 16384
4014702 sendto(6, "KLMNOPQRSTUVWXYZ[\\]^_`abcdefghij"..., 16384, MSG_NOSIGNAL, NULL, 0) = 16384
4014702 sendto(6, "\220\221\222\223\224\225\226\227\230\231\232\233\234\235\236\237\240\241\242\243\244\245\246\247\250\251\252\253\254\255\256\257"..., 16384, MSG_NOSIGNAL, NULL, 0) = -1 EAGAIN (Resource temporarily unavailable)
4014702 sendto(6, "\220\221\222\223\224\225\226\227\230\231\232\233\234\235\236\237\240\241\242\243\244\245\246\247\250\251\252\253\254\255\256\257"..., 16384, MSG_NOSIGNAL, NULL, 0) = -1 EAGAIN (Resource temporarily unavailable)
4014702 close(6)                        = 0
4014702 close(3)                        = 0
4014702 recvfrom(5, "", 5, 0, {sa_family=AF_UNIX, sun_path=@"$HOME/.cache/agent-tmp/m9u-ivls4z6c/wirestack-m8-003-peer-pco3qpge-peer-datagram\0tail\303\251zzzzzzzzzzzzz"}, [120 => 110]) = 0
4014702 recvfrom(5, "\1\2\3\4\5", 5, 0, {sa_family=AF_UNIX, sun_path=@"$HOME/.cache/agent-tmp/m9u-ivls4z6c/wirestack-m8-003-peer-pco3qpge-peer-datagram\0tail\303\251zzzzzzzzzzzzz"}, [120 => 110]) = 5
4014702 recvfrom(5, "\t\n\v\f", 5, 0, {sa_family=AF_UNIX, sun_path=@"$HOME/.cache/agent-tmp/m9u-ivls4z6c/wirestack-m8-003-peer-pco3qpge-peer-datagram\0tail\303\251zzzzzzzzzzzzz"}, [120 => 110]) = 4
4014702 recvfrom(5, "raw", 5, 0, {sa_family=AF_UNIX, sun_path=@"$HOME/.cache/agent-tmp/m9u-ivls4z6c/wirestack-m8-003-peer-pco3qpge-arbitrary-\377"}, [120 => 88]) = 3
4014702 connect(5, {sa_family=AF_UNIX, sun_path=@"$HOME/.cache/agent-tmp/m9u-ivls4z6c/wirestack-m8-003-peer-pco3qpge-peer-datagram\0tail\303\251zzzzzzzzzzzzz"}, 110) = 0
4014702 sendto(5, "AB", 2, 0, {sa_family=AF_UNIX, sun_path=@"$HOME/.cache/agent-tmp/m9u-ivls4z6c/wirestack-m8-003-peer-pco3qpge-peer-datagram\0tail\303\251zzzzzzzzzzzzz"}, 110) = 2
4014702 recvfrom(5, 0x561b4979a650, 5, 0, 0x7fa428032940, [120]) = -1 EAGAIN (Resource temporarily unavailable)
4014702 recvfrom(5, 0x561b4979a650, 5, 0, 0x7fa428032940, [120]) = -1 EAGAIN (Resource temporarily unavailable)
4014702 recvfrom(5, "D", 5, 0, {sa_family=AF_UNIX, sun_path=@"$HOME/.cache/agent-tmp/m9u-ivls4z6c/wirestack-m8-003-peer-pco3qpge-peer-datagram\0tail\303\251zzzzzzzzzzzzz"}, [120 => 110]) = 1
4014702 sendto(5, "\0\1\2\3\4\5\6\7\10\t\n\v\f\r\16\17\20\21\22\23\24\25\26\27\30\31\32\33\34\35\36\37"..., 65507, 0, {sa_family=AF_UNIX, sun_path=@"$HOME/.cache/agent-tmp/m9u-ivls4z6c/wirestack-m8-003-peer-pco3qpge-peer-datagram\0tail\303\251zzzzzzzzzzzzz"}, 110) = 65507
4014702 recvfrom(5, 0x561b4979a650, 65508, 0, 0x7fa428032940, [120]) = -1 EAGAIN (Resource temporarily unavailable)
4014702 recvfrom(5, "\0\1\2\3\4\5\6\7\10\t\n\v\f\r\16\17\20\21\22\23\24\25\26\27\30\31\32\33\34\35\36\37"..., 65508, 0, {sa_family=AF_UNIX, sun_path=@"$HOME/.cache/agent-tmp/m9u-ivls4z6c/wirestack-m8-003-peer-pco3qpge-peer-datagram\0tail\303\251zzzzzzzzzzzzz"}, [120 => 110]) = 65507
4014702 recvfrom(5, 0x561b4979a650, 5, 0, 0x7fa428032940, [120]) = -1 EAGAIN (Resource temporarily unavailable)
4014702 close(5)                        = 0
4014702 socket(AF_UNIX, SOCK_STREAM|SOCK_CLOEXEC|SOCK_NONBLOCK, 0) = 3
4014702 bind(3, {sa_family=AF_UNIX, sun_path=@"$HOME/.cache/agent-tmp/m9u-ivls4z6c/wirestack-m8-003-peer-pco3qpge-cycle-stream-0\0tail\303\251zzzzzzzzzzzz"}, 110) = 0
4014702 listen(3, 128)                  = 0
4014702 socket(AF_UNIX, SOCK_DGRAM|SOCK_CLOEXEC|SOCK_NONBLOCK, 0) = 5
4014702 bind(5, {sa_family=AF_UNIX, sun_path=@"$HOME/.cache/agent-tmp/m9u-ivls4z6c/wirestack-m8-003-peer-pco3qpge-cycle-datagram-0\0tail\303\251zzzzzzzzzz"}, 110) = 0
4014702 close(5)                        = 0
4014702 close(3)                        = 0
4014702 close(3)                        = 0
4014702 socket(AF_UNIX, SOCK_STREAM|SOCK_CLOEXEC|SOCK_NONBLOCK, 0) = 3
4014702 bind(3, {sa_family=AF_UNIX, sun_path=@"$HOME/.cache/agent-tmp/m9u-ivls4z6c/wirestack-m8-003-peer-pco3qpge-cycle-stream-1\0tail\303\251zzzzzzzzzzzz"}, 110) = 0
4014702 listen(3, 128)                  = 0
4014702 socket(AF_UNIX, SOCK_DGRAM|SOCK_CLOEXEC|SOCK_NONBLOCK, 0) = 5
4014702 bind(5, {sa_family=AF_UNIX, sun_path=@"$HOME/.cache/agent-tmp/m9u-ivls4z6c/wirestack-m8-003-peer-pco3qpge-cycle-datagram-1\0tail\303\251zzzzzzzzzz"}, 110) = 0
4014702 close(5)                        = 0
4014702 close(3)                        = 0
4014702 socket(AF_UNIX, SOCK_STREAM|SOCK_CLOEXEC|SOCK_NONBLOCK, 0) = 3
4014702 bind(3, {sa_family=AF_UNIX, sun_path=@"$HOME/.cache/agent-tmp/m9u-ivls4z6c/wirestack-m8-003-peer-pco3qpge-cycle-stream-2\0tail\303\251zzzzzzzzzzzz"}, 110) = 0
4014702 listen(3, 128)                  = 0
4014702 socket(AF_UNIX, SOCK_DGRAM|SOCK_CLOEXEC|SOCK_NONBLOCK, 0) = 5
4014702 bind(5, {sa_family=AF_UNIX, sun_path=@"$HOME/.cache/agent-tmp/m9u-ivls4z6c/wirestack-m8-003-peer-pco3qpge-cycle-datagram-2\0tail\303\251zzzzzzzzzz"}, 110) = 0
4014702 close(5)                        = 0
4014702 close(3)                        = 0
4014702 socket(AF_UNIX, SOCK_STREAM|SOCK_CLOEXEC|SOCK_NONBLOCK, 0) = 3
4014702 bind(3, {sa_family=AF_UNIX, sun_path=@"$HOME/.cache/agent-tmp/m9u-ivls4z6c/wirestack-m8-003-peer-pco3qpge-cycle-stream-3\0tail\303\251zzzzzzzzzzzz"}, 110) = 0
4014702 listen(3, 128)                  = 0
4014702 socket(AF_UNIX, SOCK_DGRAM|SOCK_CLOEXEC|SOCK_NONBLOCK, 0) = 5
4014702 bind(5, {sa_family=AF_UNIX, sun_path=@"$HOME/.cache/agent-tmp/m9u-ivls4z6c/wirestack-m8-003-peer-pco3qpge-cycle-datagram-3\0tail\303\251zzzzzzzzzz"}, 110) = 0
4014702 close(5)                        = 0
4014702 close(3)                        = 0
4014702 socket(AF_UNIX, SOCK_STREAM|SOCK_CLOEXEC|SOCK_NONBLOCK, 0) = 3
4014702 bind(3, {sa_family=AF_UNIX, sun_path=@"$HOME/.cache/agent-tmp/m9u-ivls4z6c/wirestack-m8-003-peer-pco3qpge-cycle-stream-4\0tail\303\251zzzzzzzzzzzz"}, 110) = 0
4014702 listen(3, 128)                  = 0
4014702 socket(AF_UNIX, SOCK_DGRAM|SOCK_CLOEXEC|SOCK_NONBLOCK, 0) = 5
4014702 bind(5, {sa_family=AF_UNIX, sun_path=@"$HOME/.cache/agent-tmp/m9u-ivls4z6c/wirestack-m8-003-peer-pco3qpge-cycle-datagram-4\0tail\303\251zzzzzzzzzz"}, 110) = 0
4014702 close(5)                        = 0
4014702 close(3)                        = 0
4014702 socket(AF_UNIX, SOCK_STREAM|SOCK_CLOEXEC|SOCK_NONBLOCK, 0) = 3
4014702 bind(3, {sa_family=AF_UNIX, sun_path=@"$HOME/.cache/agent-tmp/m9u-ivls4z6c/wirestack-m8-003-peer-pco3qpge-cycle-stream-5\0tail\303\251zzzzzzzzzzzz"}, 110) = 0
4014702 listen(3, 128)                  = 0
4014702 socket(AF_UNIX, SOCK_DGRAM|SOCK_CLOEXEC|SOCK_NONBLOCK, 0) = 5
4014702 bind(5, {sa_family=AF_UNIX, sun_path=@"$HOME/.cache/agent-tmp/m9u-ivls4z6c/wirestack-m8-003-peer-pco3qpge-cycle-datagram-5\0tail\303\251zzzzzzzzzz"}, 110) = 0
4014702 close(5)                        = 0
4014702 close(3)                        = 0
4014702 socket(AF_UNIX, SOCK_STREAM|SOCK_CLOEXEC|SOCK_NONBLOCK, 0) = 3
4014702 bind(3, {sa_family=AF_UNIX, sun_path=@"$HOME/.cache/agent-tmp/m9u-ivls4z6c/wirestack-m8-003-peer-pco3qpge-cycle-stream-6\0tail\303\251zzzzzzzzzzzz"}, 110) = 0
4014702 listen(3, 128)                  = 0
4014702 socket(AF_UNIX, SOCK_DGRAM|SOCK_CLOEXEC|SOCK_NONBLOCK, 0) = 5
4014702 bind(5, {sa_family=AF_UNIX, sun_path=@"$HOME/.cache/agent-tmp/m9u-ivls4z6c/wirestack-m8-003-peer-pco3qpge-cycle-datagram-6\0tail\303\251zzzzzzzzzz"}, 110) = 0
4014702 close(5)                        = 0
4014702 close(3)                        = 0
4014702 socket(AF_UNIX, SOCK_STREAM|SOCK_CLOEXEC|SOCK_NONBLOCK, 0) = 3
4014702 bind(3, {sa_family=AF_UNIX, sun_path=@"$HOME/.cache/agent-tmp/m9u-ivls4z6c/wirestack-m8-003-peer-pco3qpge-cycle-stream-7\0tail\303\251zzzzzzzzzzzz"}, 110) = 0
4014702 listen(3, 128)                  = 0
4014702 socket(AF_UNIX, SOCK_DGRAM|SOCK_CLOEXEC|SOCK_NONBLOCK, 0) = 5
4014702 bind(5, {sa_family=AF_UNIX, sun_path=@"$HOME/.cache/agent-tmp/m9u-ivls4z6c/wirestack-m8-003-peer-pco3qpge-cycle-datagram-7\0tail\303\251zzzzzzzzzz"}, 110) = 0
4014702 close(5)                        = 0
4014702 close(3)                        = 0
4014702 socket(AF_UNIX, SOCK_STREAM|SOCK_CLOEXEC|SOCK_NONBLOCK, 0) = 3
4014702 bind(3, {sa_family=AF_UNIX, sun_path=@"$HOME/.cache/agent-tmp/m9u-ivls4z6c/wirestack-m8-003-peer-pco3qpge-cycle-stream-8\0tail\303\251zzzzzzzzzzzz"}, 110) = 0
4014702 listen(3, 128)                  = 0
4014702 socket(AF_UNIX, SOCK_DGRAM|SOCK_CLOEXEC|SOCK_NONBLOCK, 0) = 5
4014702 bind(5, {sa_family=AF_UNIX, sun_path=@"$HOME/.cache/agent-tmp/m9u-ivls4z6c/wirestack-m8-003-peer-pco3qpge-cycle-datagram-8\0tail\303\251zzzzzzzzzz"}, 110) = 0
4014702 close(5)                        = 0
4014702 close(3)                        = 0
4014702 socket(AF_UNIX, SOCK_STREAM|SOCK_CLOEXEC|SOCK_NONBLOCK, 0) = 3
4014702 bind(3, {sa_family=AF_UNIX, sun_path=@"$HOME/.cache/agent-tmp/m9u-ivls4z6c/wirestack-m8-003-peer-pco3qpge-cycle-stream-9\0tail\303\251zzzzzzzzzzzz"}, 110) = 0
4014702 listen(3, 128)                  = 0
4014702 socket(AF_UNIX, SOCK_DGRAM|SOCK_CLOEXEC|SOCK_NONBLOCK, 0) = 5
4014702 bind(5, {sa_family=AF_UNIX, sun_path=@"$HOME/.cache/agent-tmp/m9u-ivls4z6c/wirestack-m8-003-peer-pco3qpge-cycle-datagram-9\0tail\303\251zzzzzzzzzz"}, 110) = 0
4014702 close(5)                        = 0
4014702 close(3)                        = 0
4014702 socket(AF_UNIX, SOCK_STREAM|SOCK_CLOEXEC|SOCK_NONBLOCK, 0) = 3
4014702 bind(3, {sa_family=AF_UNIX, sun_path=@"$HOME/.cache/agent-tmp/m9u-ivls4z6c/wirestack-m8-003-peer-pco3qpge-cycle-stream-10\0tail\303\251zzzzzzzzzzz"}, 110) = 0
4014702 listen(3, 128)                  = 0
4014702 socket(AF_UNIX, SOCK_DGRAM|SOCK_CLOEXEC|SOCK_NONBLOCK, 0) = 5
4014702 bind(5, {sa_family=AF_UNIX, sun_path=@"$HOME/.cache/agent-tmp/m9u-ivls4z6c/wirestack-m8-003-peer-pco3qpge-cycle-datagram-10\0tail\303\251zzzzzzzzz"}, 110) = 0
4014702 close(5)                        = 0
4014702 close(3)                        = 0
4014702 socket(AF_UNIX, SOCK_STREAM|SOCK_CLOEXEC|SOCK_NONBLOCK, 0) = 3
4014702 bind(3, {sa_family=AF_UNIX, sun_path=@"$HOME/.cache/agent-tmp/m9u-ivls4z6c/wirestack-m8-003-peer-pco3qpge-cycle-stream-11\0tail\303\251zzzzzzzzzzz"}, 110) = 0
4014702 listen(3, 128)                  = 0
4014702 socket(AF_UNIX, SOCK_DGRAM|SOCK_CLOEXEC|SOCK_NONBLOCK, 0) = 5
4014702 bind(5, {sa_family=AF_UNIX, sun_path=@"$HOME/.cache/agent-tmp/m9u-ivls4z6c/wirestack-m8-003-peer-pco3qpge-cycle-datagram-11\0tail\303\251zzzzzzzzz"}, 110) = 0
4014702 close(5)                        = 0
4014702 close(3)                        = 0
4014702 socket(AF_UNIX, SOCK_STREAM|SOCK_CLOEXEC|SOCK_NONBLOCK, 0) = 3
4014702 bind(3, {sa_family=AF_UNIX, sun_path=@"$HOME/.cache/agent-tmp/m9u-ivls4z6c/wirestack-m8-003-peer-pco3qpge-cycle-stream-12\0tail\303\251zzzzzzzzzzz"}, 110) = 0
4014702 listen(3, 128)                  = 0
4014702 socket(AF_UNIX, SOCK_DGRAM|SOCK_CLOEXEC|SOCK_NONBLOCK, 0) = 5
4014702 bind(5, {sa_family=AF_UNIX, sun_path=@"$HOME/.cache/agent-tmp/m9u-ivls4z6c/wirestack-m8-003-peer-pco3qpge-cycle-datagram-12\0tail\303\251zzzzzzzzz"}, 110) = 0
4014702 close(5)                        = 0
4014702 close(3)                        = 0
4014702 socket(AF_UNIX, SOCK_STREAM|SOCK_CLOEXEC|SOCK_NONBLOCK, 0) = 3
4014702 bind(3, {sa_family=AF_UNIX, sun_path=@"$HOME/.cache/agent-tmp/m9u-ivls4z6c/wirestack-m8-003-peer-pco3qpge-cycle-stream-13\0tail\303\251zzzzzzzzzzz"}, 110) = 0
4014702 listen(3, 128)                  = 0
4014702 socket(AF_UNIX, SOCK_DGRAM|SOCK_CLOEXEC|SOCK_NONBLOCK, 0) = 5
4014702 bind(5, {sa_family=AF_UNIX, sun_path=@"$HOME/.cache/agent-tmp/m9u-ivls4z6c/wirestack-m8-003-peer-pco3qpge-cycle-datagram-13\0tail\303\251zzzzzzzzz"}, 110) = 0
4014702 close(5)                        = 0
4014702 close(3)                        = 0
4014702 socket(AF_UNIX, SOCK_STREAM|SOCK_CLOEXEC|SOCK_NONBLOCK, 0) = 3
4014702 bind(3, {sa_family=AF_UNIX, sun_path=@"$HOME/.cache/agent-tmp/m9u-ivls4z6c/wirestack-m8-003-peer-pco3qpge-cycle-stream-14\0tail\303\251zzzzzzzzzzz"}, 110) = 0
4014702 listen(3, 128)                  = 0
4014702 socket(AF_UNIX, SOCK_DGRAM|SOCK_CLOEXEC|SOCK_NONBLOCK, 0) = 5
4014702 bind(5, {sa_family=AF_UNIX, sun_path=@"$HOME/.cache/agent-tmp/m9u-ivls4z6c/wirestack-m8-003-peer-pco3qpge-cycle-datagram-14\0tail\303\251zzzzzzzzz"}, 110) = 0
4014702 close(5)                        = 0
4014702 close(3)                        = 0
4014702 socket(AF_UNIX, SOCK_STREAM|SOCK_CLOEXEC|SOCK_NONBLOCK, 0) = 3
4014702 bind(3, {sa_family=AF_UNIX, sun_path=@"$HOME/.cache/agent-tmp/m9u-ivls4z6c/wirestack-m8-003-peer-pco3qpge-cycle-stream-15\0tail\303\251zzzzzzzzzzz"}, 110) = 0
4014702 listen(3, 128)                  = 0
4014702 socket(AF_UNIX, SOCK_DGRAM|SOCK_CLOEXEC|SOCK_NONBLOCK, 0) = 5
4014702 bind(5, {sa_family=AF_UNIX, sun_path=@"$HOME/.cache/agent-tmp/m9u-ivls4z6c/wirestack-m8-003-peer-pco3qpge-cycle-datagram-15\0tail\303\251zzzzzzzzz"}, 110) = 0
4014702 close(5)                        = 0
4014702 close(3)                        = 0
4014702 socket(AF_UNIX, SOCK_STREAM|SOCK_CLOEXEC|SOCK_NONBLOCK, 0) = 3
4014702 bind(3, {sa_family=AF_UNIX, sun_path=@"$HOME/.cache/agent-tmp/m9u-ivls4z6c/wirestack-m8-003-peer-pco3qpge-cycle-stream-16\0tail\303\251zzzzzzzzzzz"}, 110) = 0
4014702 listen(3, 128)                  = 0
4014702 socket(AF_UNIX, SOCK_DGRAM|SOCK_CLOEXEC|SOCK_NONBLOCK, 0) = 5
4014702 bind(5, {sa_family=AF_UNIX, sun_path=@"$HOME/.cache/agent-tmp/m9u-ivls4z6c/wirestack-m8-003-peer-pco3qpge-cycle-datagram-16\0tail\303\251zzzzzzzzz"}, 110) = 0
4014702 close(5)                        = 0
4014702 close(3)                        = 0
4014702 socket(AF_UNIX, SOCK_STREAM|SOCK_CLOEXEC|SOCK_NONBLOCK, 0) = 3
4014702 bind(3, {sa_family=AF_UNIX, sun_path=@"$HOME/.cache/agent-tmp/m9u-ivls4z6c/wirestack-m8-003-peer-pco3qpge-cycle-stream-17\0tail\303\251zzzzzzzzzzz"}, 110) = 0
4014702 listen(3, 128)                  = 0
4014702 socket(AF_UNIX, SOCK_DGRAM|SOCK_CLOEXEC|SOCK_NONBLOCK, 0) = 5
4014702 bind(5, {sa_family=AF_UNIX, sun_path=@"$HOME/.cache/agent-tmp/m9u-ivls4z6c/wirestack-m8-003-peer-pco3qpge-cycle-datagram-17\0tail\303\251zzzzzzzzz"}, 110) = 0
4014702 close(5)                        = 0
4014702 close(3)                        = 0
4014702 socket(AF_UNIX, SOCK_STREAM|SOCK_CLOEXEC|SOCK_NONBLOCK, 0) = 3
4014702 bind(3, {sa_family=AF_UNIX, sun_path=@"$HOME/.cache/agent-tmp/m9u-ivls4z6c/wirestack-m8-003-peer-pco3qpge-cycle-stream-18\0tail\303\251zzzzzzzzzzz"}, 110) = 0
4014702 listen(3, 128)                  = 0
4014702 socket(AF_UNIX, SOCK_DGRAM|SOCK_CLOEXEC|SOCK_NONBLOCK, 0) = 5
4014702 bind(5, {sa_family=AF_UNIX, sun_path=@"$HOME/.cache/agent-tmp/m9u-ivls4z6c/wirestack-m8-003-peer-pco3qpge-cycle-datagram-18\0tail\303\251zzzzzzzzz"}, 110) = 0
4014702 close(5)                        = 0
4014702 close(3)                        = 0
4014702 socket(AF_UNIX, SOCK_STREAM|SOCK_CLOEXEC|SOCK_NONBLOCK, 0) = 3
4014702 bind(3, {sa_family=AF_UNIX, sun_path=@"$HOME/.cache/agent-tmp/m9u-ivls4z6c/wirestack-m8-003-peer-pco3qpge-cycle-stream-19\0tail\303\251zzzzzzzzzzz"}, 110) = 0
4014702 listen(3, 128)                  = 0
4014702 socket(AF_UNIX, SOCK_DGRAM|SOCK_CLOEXEC|SOCK_NONBLOCK, 0) = 5
4014702 bind(5, {sa_family=AF_UNIX, sun_path=@"$HOME/.cache/agent-tmp/m9u-ivls4z6c/wirestack-m8-003-peer-pco3qpge-cycle-datagram-19\0tail\303\251zzzzzzzzz"}, 110) = 0
4014702 close(5)                        = 0
4014702 close(3)                        = 0
4014702 socket(AF_UNIX, SOCK_STREAM|SOCK_CLOEXEC|SOCK_NONBLOCK, 0) = 3
4014702 bind(3, {sa_family=AF_UNIX, sun_path=@"$HOME/.cache/agent-tmp/m9u-ivls4z6c/wirestack-m8-003-peer-pco3qpge-cycle-stream-20\0tail\303\251zzzzzzzzzzz"}, 110) = 0
4014702 listen(3, 128)                  = 0
4014702 socket(AF_UNIX, SOCK_DGRAM|SOCK_CLOEXEC|SOCK_NONBLOCK, 0) = 5
4014702 bind(5, {sa_family=AF_UNIX, sun_path=@"$HOME/.cache/agent-tmp/m9u-ivls4z6c/wirestack-m8-003-peer-pco3qpge-cycle-datagram-20\0tail\303\251zzzzzzzzz"}, 110) = 0
4014702 close(5)                        = 0
4014702 close(3)                        = 0
4014702 socket(AF_UNIX, SOCK_STREAM|SOCK_CLOEXEC|SOCK_NONBLOCK, 0) = 3
4014702 bind(3, {sa_family=AF_UNIX, sun_path=@"$HOME/.cache/agent-tmp/m9u-ivls4z6c/wirestack-m8-003-peer-pco3qpge-cycle-stream-21\0tail\303\251zzzzzzzzzzz"}, 110) = 0
4014702 listen(3, 128)                  = 0
4014702 socket(AF_UNIX, SOCK_DGRAM|SOCK_CLOEXEC|SOCK_NONBLOCK, 0) = 5
4014702 bind(5, {sa_family=AF_UNIX, sun_path=@"$HOME/.cache/agent-tmp/m9u-ivls4z6c/wirestack-m8-003-peer-pco3qpge-cycle-datagram-21\0tail\303\251zzzzzzzzz"}, 110) = 0
4014702 close(5)                        = 0
4014702 close(3)                        = 0
4014702 socket(AF_UNIX, SOCK_STREAM|SOCK_CLOEXEC|SOCK_NONBLOCK, 0) = 3
4014702 bind(3, {sa_family=AF_UNIX, sun_path=@"$HOME/.cache/agent-tmp/m9u-ivls4z6c/wirestack-m8-003-peer-pco3qpge-cycle-stream-22\0tail\303\251zzzzzzzzzzz"}, 110) = 0
4014702 listen(3, 128)                  = 0
4014702 socket(AF_UNIX, SOCK_DGRAM|SOCK_CLOEXEC|SOCK_NONBLOCK, 0) = 5
4014702 bind(5, {sa_family=AF_UNIX, sun_path=@"$HOME/.cache/agent-tmp/m9u-ivls4z6c/wirestack-m8-003-peer-pco3qpge-cycle-datagram-22\0tail\303\251zzzzzzzzz"}, 110) = 0
4014702 close(5)                        = 0
4014702 close(3)                        = 0
4014702 socket(AF_UNIX, SOCK_STREAM|SOCK_CLOEXEC|SOCK_NONBLOCK, 0) = 3
4014702 bind(3, {sa_family=AF_UNIX, sun_path=@"$HOME/.cache/agent-tmp/m9u-ivls4z6c/wirestack-m8-003-peer-pco3qpge-cycle-stream-23\0tail\303\251zzzzzzzzzzz"}, 110) = 0
4014702 listen(3, 128)                  = 0
4014702 socket(AF_UNIX, SOCK_DGRAM|SOCK_CLOEXEC|SOCK_NONBLOCK, 0) = 5
4014702 bind(5, {sa_family=AF_UNIX, sun_path=@"$HOME/.cache/agent-tmp/m9u-ivls4z6c/wirestack-m8-003-peer-pco3qpge-cycle-datagram-23\0tail\303\251zzzzzzzzz"}, 110) = 0
4014702 close(5)                        = 0
4014702 close(3)                        = 0
4014702 socket(AF_UNIX, SOCK_STREAM|SOCK_CLOEXEC|SOCK_NONBLOCK, 0) = 3
4014702 bind(3, {sa_family=AF_UNIX, sun_path=@"$HOME/.cache/agent-tmp/m9u-ivls4z6c/wirestack-m8-003-peer-pco3qpge-cycle-stream-24\0tail\303\251zzzzzzzzzzz"}, 110) = 0
4014702 listen(3, 128)                  = 0
4014702 socket(AF_UNIX, SOCK_DGRAM|SOCK_CLOEXEC|SOCK_NONBLOCK, 0) = 5
4014702 bind(5, {sa_family=AF_UNIX, sun_path=@"$HOME/.cache/agent-tmp/m9u-ivls4z6c/wirestack-m8-003-peer-pco3qpge-cycle-datagram-24\0tail\303\251zzzzzzzzz"}, 110) = 0
4014702 close(5)                        = 0
4014702 close(3)                        = 0
4014702 socket(AF_UNIX, SOCK_STREAM|SOCK_CLOEXEC|SOCK_NONBLOCK, 0) = 3
4014702 bind(3, {sa_family=AF_UNIX, sun_path=@"$HOME/.cache/agent-tmp/m9u-ivls4z6c/wirestack-m8-003-peer-pco3qpge-cycle-stream-25\0tail\303\251zzzzzzzzzzz"}, 110) = 0
4014702 listen(3, 128)                  = 0
4014702 socket(AF_UNIX, SOCK_DGRAM|SOCK_CLOEXEC|SOCK_NONBLOCK, 0) = 5
4014702 bind(5, {sa_family=AF_UNIX, sun_path=@"$HOME/.cache/agent-tmp/m9u-ivls4z6c/wirestack-m8-003-peer-pco3qpge-cycle-datagram-25\0tail\303\251zzzzzzzzz"}, 110) = 0
4014702 close(5)                        = 0
4014702 close(3)                        = 0
4014702 socket(AF_UNIX, SOCK_STREAM|SOCK_CLOEXEC|SOCK_NONBLOCK, 0) = 3
4014702 bind(3, {sa_family=AF_UNIX, sun_path=@"$HOME/.cache/agent-tmp/m9u-ivls4z6c/wirestack-m8-003-peer-pco3qpge-cycle-stream-26\0tail\303\251zzzzzzzzzzz"}, 110) = 0
4014702 listen(3, 128)                  = 0
4014702 socket(AF_UNIX, SOCK_DGRAM|SOCK_CLOEXEC|SOCK_NONBLOCK, 0) = 5
4014702 bind(5, {sa_family=AF_UNIX, sun_path=@"$HOME/.cache/agent-tmp/m9u-ivls4z6c/wirestack-m8-003-peer-pco3qpge-cycle-datagram-26\0tail\303\251zzzzzzzzz"}, 110) = 0
4014702 close(5)                        = 0
4014702 close(3)                        = 0
4014702 socket(AF_UNIX, SOCK_STREAM|SOCK_CLOEXEC|SOCK_NONBLOCK, 0) = 3
4014702 bind(3, {sa_family=AF_UNIX, sun_path=@"$HOME/.cache/agent-tmp/m9u-ivls4z6c/wirestack-m8-003-peer-pco3qpge-cycle-stream-27\0tail\303\251zzzzzzzzzzz"}, 110) = 0
4014702 listen(3, 128)                  = 0
4014702 socket(AF_UNIX, SOCK_DGRAM|SOCK_CLOEXEC|SOCK_NONBLOCK, 0) = 5
4014702 bind(5, {sa_family=AF_UNIX, sun_path=@"$HOME/.cache/agent-tmp/m9u-ivls4z6c/wirestack-m8-003-peer-pco3qpge-cycle-datagram-27\0tail\303\251zzzzzzzzz"}, 110) = 0
4014702 close(5)                        = 0
4014702 close(3)                        = 0
4014702 socket(AF_UNIX, SOCK_STREAM|SOCK_CLOEXEC|SOCK_NONBLOCK, 0) = 3
4014702 bind(3, {sa_family=AF_UNIX, sun_path=@"$HOME/.cache/agent-tmp/m9u-ivls4z6c/wirestack-m8-003-peer-pco3qpge-cycle-stream-28\0tail\303\251zzzzzzzzzzz"}, 110) = 0
4014702 listen(3, 128)                  = 0
4014702 socket(AF_UNIX, SOCK_DGRAM|SOCK_CLOEXEC|SOCK_NONBLOCK, 0) = 5
4014702 bind(5, {sa_family=AF_UNIX, sun_path=@"$HOME/.cache/agent-tmp/m9u-ivls4z6c/wirestack-m8-003-peer-pco3qpge-cycle-datagram-28\0tail\303\251zzzzzzzzz"}, 110) = 0
4014702 close(5)                        = 0
4014702 close(3)                        = 0
4014702 socket(AF_UNIX, SOCK_STREAM|SOCK_CLOEXEC|SOCK_NONBLOCK, 0) = 3
4014702 bind(3, {sa_family=AF_UNIX, sun_path=@"$HOME/.cache/agent-tmp/m9u-ivls4z6c/wirestack-m8-003-peer-pco3qpge-cycle-stream-29\0tail\303\251zzzzzzzzzzz"}, 110) = 0
4014702 listen(3, 128)                  = 0
4014702 socket(AF_UNIX, SOCK_DGRAM|SOCK_CLOEXEC|SOCK_NONBLOCK, 0) = 5
4014702 bind(5, {sa_family=AF_UNIX, sun_path=@"$HOME/.cache/agent-tmp/m9u-ivls4z6c/wirestack-m8-003-peer-pco3qpge-cycle-datagram-29\0tail\303\251zzzzzzzzz"}, 110) = 0
4014702 close(5)                        = 0
4014702 close(3)                        = 0
4014702 socket(AF_UNIX, SOCK_STREAM|SOCK_CLOEXEC|SOCK_NONBLOCK, 0) = 3
4014702 bind(3, {sa_family=AF_UNIX, sun_path=@"$HOME/.cache/agent-tmp/m9u-ivls4z6c/wirestack-m8-003-peer-pco3qpge-cycle-stream-30\0tail\303\251zzzzzzzzzzz"}, 110) = 0
4014702 listen(3, 128)                  = 0
4014702 socket(AF_UNIX, SOCK_DGRAM|SOCK_CLOEXEC|SOCK_NONBLOCK, 0) = 5
4014702 bind(5, {sa_family=AF_UNIX, sun_path=@"$HOME/.cache/agent-tmp/m9u-ivls4z6c/wirestack-m8-003-peer-pco3qpge-cycle-datagram-30\0tail\303\251zzzzzzzzz"}, 110) = 0
4014702 close(5)                        = 0
4014702 close(3)                        = 0
4014702 socket(AF_UNIX, SOCK_STREAM|SOCK_CLOEXEC|SOCK_NONBLOCK, 0) = 3
4014702 bind(3, {sa_family=AF_UNIX, sun_path=@"$HOME/.cache/agent-tmp/m9u-ivls4z6c/wirestack-m8-003-peer-pco3qpge-cycle-stream-31\0tail\303\251zzzzzzzzzzz"}, 110) = 0
4014702 listen(3, 128)                  = 0
4014702 socket(AF_UNIX, SOCK_DGRAM|SOCK_CLOEXEC|SOCK_NONBLOCK, 0) = 5
4014702 bind(5, {sa_family=AF_UNIX, sun_path=@"$HOME/.cache/agent-tmp/m9u-ivls4z6c/wirestack-m8-003-peer-pco3qpge-cycle-datagram-31\0tail\303\251zzzzzzzzz"}, 110) = 0
4014702 close(5)                        = 0
4014702 close(3)                        = 0
4014702 socket(AF_UNIX, SOCK_STREAM|SOCK_CLOEXEC|SOCK_NONBLOCK, 0) = 3
4014702 bind(3, {sa_family=AF_UNIX, sun_path=@"$HOME/.cache/agent-tmp/m9u-ivls4z6c/wirestack-m8-003-peer-pco3qpge-cycle-stream-32\0tail\303\251zzzzzzzzzzz"}, 110) = 0
4014702 listen(3, 128)                  = 0
4014702 socket(AF_UNIX, SOCK_DGRAM|SOCK_CLOEXEC|SOCK_NONBLOCK, 0) = 5
4014702 bind(5, {sa_family=AF_UNIX, sun_path=@"$HOME/.cache/agent-tmp/m9u-ivls4z6c/wirestack-m8-003-peer-pco3qpge-cycle-datagram-32\0tail\303\251zzzzzzzzz"}, 110) = 0
4014702 close(5)                        = 0
4014702 close(3)                        = 0
4014702 socket(AF_UNIX, SOCK_STREAM|SOCK_CLOEXEC|SOCK_NONBLOCK, 0) = 3
4014702 bind(3, {sa_family=AF_UNIX, sun_path=@"$HOME/.cache/agent-tmp/m9u-ivls4z6c/wirestack-m8-003-peer-pco3qpge-cycle-stream-33\0tail\303\251zzzzzzzzzzz"}, 110) = 0
4014702 listen(3, 128)                  = 0
4014702 socket(AF_UNIX, SOCK_DGRAM|SOCK_CLOEXEC|SOCK_NONBLOCK, 0) = 5
4014702 bind(5, {sa_family=AF_UNIX, sun_path=@"$HOME/.cache/agent-tmp/m9u-ivls4z6c/wirestack-m8-003-peer-pco3qpge-cycle-datagram-33\0tail\303\251zzzzzzzzz"}, 110) = 0
4014702 close(5)                        = 0
4014702 close(3)                        = 0
4014702 socket(AF_UNIX, SOCK_STREAM|SOCK_CLOEXEC|SOCK_NONBLOCK, 0) = 3
4014702 bind(3, {sa_family=AF_UNIX, sun_path=@"$HOME/.cache/agent-tmp/m9u-ivls4z6c/wirestack-m8-003-peer-pco3qpge-cycle-stream-34\0tail\303\251zzzzzzzzzzz"}, 110) = 0
4014702 listen(3, 128)                  = 0
4014702 socket(AF_UNIX, SOCK_DGRAM|SOCK_CLOEXEC|SOCK_NONBLOCK, 0) = 5
4014702 bind(5, {sa_family=AF_UNIX, sun_path=@"$HOME/.cache/agent-tmp/m9u-ivls4z6c/wirestack-m8-003-peer-pco3qpge-cycle-datagram-34\0tail\303\251zzzzzzzzz"}, 110) = 0
4014702 close(5)                        = 0
4014702 close(3)                        = 0
4014702 socket(AF_UNIX, SOCK_STREAM|SOCK_CLOEXEC|SOCK_NONBLOCK, 0) = 3
4014702 bind(3, {sa_family=AF_UNIX, sun_path=@"$HOME/.cache/agent-tmp/m9u-ivls4z6c/wirestack-m8-003-peer-pco3qpge-cycle-stream-35\0tail\303\251zzzzzzzzzzz"}, 110) = 0
4014702 listen(3, 128)                  = 0
4014702 socket(AF_UNIX, SOCK_DGRAM|SOCK_CLOEXEC|SOCK_NONBLOCK, 0) = 5
4014702 bind(5, {sa_family=AF_UNIX, sun_path=@"$HOME/.cache/agent-tmp/m9u-ivls4z6c/wirestack-m8-003-peer-pco3qpge-cycle-datagram-35\0tail\303\251zzzzzzzzz"}, 110) = 0
4014702 close(5)                        = 0
4014702 close(3)                        = 0
4014702 socket(AF_UNIX, SOCK_STREAM|SOCK_CLOEXEC|SOCK_NONBLOCK, 0) = 3
4014702 bind(3, {sa_family=AF_UNIX, sun_path=@"$HOME/.cache/agent-tmp/m9u-ivls4z6c/wirestack-m8-003-peer-pco3qpge-cycle-stream-36\0tail\303\251zzzzzzzzzzz"}, 110) = 0
4014702 listen(3, 128)                  = 0
4014702 socket(AF_UNIX, SOCK_DGRAM|SOCK_CLOEXEC|SOCK_NONBLOCK, 0) = 5
4014702 bind(5, {sa_family=AF_UNIX, sun_path=@"$HOME/.cache/agent-tmp/m9u-ivls4z6c/wirestack-m8-003-peer-pco3qpge-cycle-datagram-36\0tail\303\251zzzzzzzzz"}, 110) = 0
4014702 close(5)                        = 0
4014702 close(3)                        = 0
4014702 socket(AF_UNIX, SOCK_STREAM|SOCK_CLOEXEC|SOCK_NONBLOCK, 0) = 3
4014702 bind(3, {sa_family=AF_UNIX, sun_path=@"$HOME/.cache/agent-tmp/m9u-ivls4z6c/wirestack-m8-003-peer-pco3qpge-cycle-stream-37\0tail\303\251zzzzzzzzzzz"}, 110) = 0
4014702 listen(3, 128)                  = 0
4014702 socket(AF_UNIX, SOCK_DGRAM|SOCK_CLOEXEC|SOCK_NONBLOCK, 0) = 5
4014702 bind(5, {sa_family=AF_UNIX, sun_path=@"$HOME/.cache/agent-tmp/m9u-ivls4z6c/wirestack-m8-003-peer-pco3qpge-cycle-datagram-37\0tail\303\251zzzzzzzzz"}, 110) = 0
4014702 close(5)                        = 0
4014702 close(3)                        = 0
4014702 socket(AF_UNIX, SOCK_STREAM|SOCK_CLOEXEC|SOCK_NONBLOCK, 0) = 3
4014702 bind(3, {sa_family=AF_UNIX, sun_path=@"$HOME/.cache/agent-tmp/m9u-ivls4z6c/wirestack-m8-003-peer-pco3qpge-cycle-stream-38\0tail\303\251zzzzzzzzzzz"}, 110) = 0
4014702 listen(3, 128)                  = 0
4014702 socket(AF_UNIX, SOCK_DGRAM|SOCK_CLOEXEC|SOCK_NONBLOCK, 0) = 5
4014702 bind(5, {sa_family=AF_UNIX, sun_path=@"$HOME/.cache/agent-tmp/m9u-ivls4z6c/wirestack-m8-003-peer-pco3qpge-cycle-datagram-38\0tail\303\251zzzzzzzzz"}, 110) = 0
4014702 close(5)                        = 0
4014702 close(3)                        = 0
4014702 socket(AF_UNIX, SOCK_STREAM|SOCK_CLOEXEC|SOCK_NONBLOCK, 0) = 3
4014702 bind(3, {sa_family=AF_UNIX, sun_path=@"$HOME/.cache/agent-tmp/m9u-ivls4z6c/wirestack-m8-003-peer-pco3qpge-cycle-stream-39\0tail\303\251zzzzzzzzzzz"}, 110) = 0
4014702 listen(3, 128)                  = 0
4014702 socket(AF_UNIX, SOCK_DGRAM|SOCK_CLOEXEC|SOCK_NONBLOCK, 0) = 5
4014702 bind(5, {sa_family=AF_UNIX, sun_path=@"$HOME/.cache/agent-tmp/m9u-ivls4z6c/wirestack-m8-003-peer-pco3qpge-cycle-datagram-39\0tail\303\251zzzzzzzzz"}, 110) = 0
4014702 close(5)                        = 0
4014702 close(3)                        = 0
4014702 socket(AF_UNIX, SOCK_STREAM|SOCK_CLOEXEC|SOCK_NONBLOCK, 0) = 3
4014702 bind(3, {sa_family=AF_UNIX, sun_path=@"$HOME/.cache/agent-tmp/m9u-ivls4z6c/wirestack-m8-003-peer-pco3qpge-cycle-stream-40\0tail\303\251zzzzzzzzzzz"}, 110) = 0
4014702 listen(3, 128)                  = 0
4014702 socket(AF_UNIX, SOCK_DGRAM|SOCK_CLOEXEC|SOCK_NONBLOCK, 0) = 5
4014702 bind(5, {sa_family=AF_UNIX, sun_path=@"$HOME/.cache/agent-tmp/m9u-ivls4z6c/wirestack-m8-003-peer-pco3qpge-cycle-datagram-40\0tail\303\251zzzzzzzzz"}, 110) = 0
4014702 close(5)                        = 0
4014702 close(3)                        = 0
4014702 socket(AF_UNIX, SOCK_STREAM|SOCK_CLOEXEC|SOCK_NONBLOCK, 0) = 3
4014702 bind(3, {sa_family=AF_UNIX, sun_path=@"$HOME/.cache/agent-tmp/m9u-ivls4z6c/wirestack-m8-003-peer-pco3qpge-cycle-stream-41\0tail\303\251zzzzzzzzzzz"}, 110) = 0
4014702 listen(3, 128)                  = 0
4014702 socket(AF_UNIX, SOCK_DGRAM|SOCK_CLOEXEC|SOCK_NONBLOCK, 0) = 5
4014702 bind(5, {sa_family=AF_UNIX, sun_path=@"$HOME/.cache/agent-tmp/m9u-ivls4z6c/wirestack-m8-003-peer-pco3qpge-cycle-datagram-41\0tail\303\251zzzzzzzzz"}, 110) = 0
4014702 close(5)                        = 0
4014702 close(3)                        = 0
4014702 socket(AF_UNIX, SOCK_STREAM|SOCK_CLOEXEC|SOCK_NONBLOCK, 0) = 3
4014702 bind(3, {sa_family=AF_UNIX, sun_path=@"$HOME/.cache/agent-tmp/m9u-ivls4z6c/wirestack-m8-003-peer-pco3qpge-cycle-stream-42\0tail\303\251zzzzzzzzzzz"}, 110) = 0
4014702 listen(3, 128)                  = 0
4014702 socket(AF_UNIX, SOCK_DGRAM|SOCK_CLOEXEC|SOCK_NONBLOCK, 0) = 5
4014702 bind(5, {sa_family=AF_UNIX, sun_path=@"$HOME/.cache/agent-tmp/m9u-ivls4z6c/wirestack-m8-003-peer-pco3qpge-cycle-datagram-42\0tail\303\251zzzzzzzzz"}, 110) = 0
4014702 close(5)                        = 0
4014702 close(3)                        = 0
4014702 socket(AF_UNIX, SOCK_STREAM|SOCK_CLOEXEC|SOCK_NONBLOCK, 0) = 3
4014702 bind(3, {sa_family=AF_UNIX, sun_path=@"$HOME/.cache/agent-tmp/m9u-ivls4z6c/wirestack-m8-003-peer-pco3qpge-cycle-stream-43\0tail\303\251zzzzzzzzzzz"}, 110) = 0
4014702 listen(3, 128)                  = 0
4014702 socket(AF_UNIX, SOCK_DGRAM|SOCK_CLOEXEC|SOCK_NONBLOCK, 0) = 5
4014702 bind(5, {sa_family=AF_UNIX, sun_path=@"$HOME/.cache/agent-tmp/m9u-ivls4z6c/wirestack-m8-003-peer-pco3qpge-cycle-datagram-43\0tail\303\251zzzzzzzzz"}, 110) = 0
4014702 close(5)                        = 0
4014702 close(3)                        = 0
4014702 socket(AF_UNIX, SOCK_STREAM|SOCK_CLOEXEC|SOCK_NONBLOCK, 0) = 3
4014702 bind(3, {sa_family=AF_UNIX, sun_path=@"$HOME/.cache/agent-tmp/m9u-ivls4z6c/wirestack-m8-003-peer-pco3qpge-cycle-stream-44\0tail\303\251zzzzzzzzzzz"}, 110) = 0
4014702 listen(3, 128)                  = 0
4014702 socket(AF_UNIX, SOCK_DGRAM|SOCK_CLOEXEC|SOCK_NONBLOCK, 0) = 5
4014702 bind(5, {sa_family=AF_UNIX, sun_path=@"$HOME/.cache/agent-tmp/m9u-ivls4z6c/wirestack-m8-003-peer-pco3qpge-cycle-datagram-44\0tail\303\251zzzzzzzzz"}, 110) = 0
4014702 close(5)                        = 0
4014702 close(3)                        = 0
4014702 socket(AF_UNIX, SOCK_STREAM|SOCK_CLOEXEC|SOCK_NONBLOCK, 0) = 3
4014702 bind(3, {sa_family=AF_UNIX, sun_path=@"$HOME/.cache/agent-tmp/m9u-ivls4z6c/wirestack-m8-003-peer-pco3qpge-cycle-stream-45\0tail\303\251zzzzzzzzzzz"}, 110) = 0
4014702 listen(3, 128)                  = 0
4014702 socket(AF_UNIX, SOCK_DGRAM|SOCK_CLOEXEC|SOCK_NONBLOCK, 0) = 5
4014702 bind(5, {sa_family=AF_UNIX, sun_path=@"$HOME/.cache/agent-tmp/m9u-ivls4z6c/wirestack-m8-003-peer-pco3qpge-cycle-datagram-45\0tail\303\251zzzzzzzzz"}, 110) = 0
4014702 close(5)                        = 0
4014702 close(3)                        = 0
4014702 socket(AF_UNIX, SOCK_STREAM|SOCK_CLOEXEC|SOCK_NONBLOCK, 0) = 3
4014702 bind(3, {sa_family=AF_UNIX, sun_path=@"$HOME/.cache/agent-tmp/m9u-ivls4z6c/wirestack-m8-003-peer-pco3qpge-cycle-stream-46\0tail\303\251zzzzzzzzzzz"}, 110) = 0
4014702 listen(3, 128)                  = 0
4014702 socket(AF_UNIX, SOCK_DGRAM|SOCK_CLOEXEC|SOCK_NONBLOCK, 0) = 5
4014702 bind(5, {sa_family=AF_UNIX, sun_path=@"$HOME/.cache/agent-tmp/m9u-ivls4z6c/wirestack-m8-003-peer-pco3qpge-cycle-datagram-46\0tail\303\251zzzzzzzzz"}, 110) = 0
4014702 close(5)                        = 0
4014702 close(3)                        = 0
4014702 socket(AF_UNIX, SOCK_STREAM|SOCK_CLOEXEC|SOCK_NONBLOCK, 0) = 3
4014702 bind(3, {sa_family=AF_UNIX, sun_path=@"$HOME/.cache/agent-tmp/m9u-ivls4z6c/wirestack-m8-003-peer-pco3qpge-cycle-stream-47\0tail\303\251zzzzzzzzzzz"}, 110) = 0
4014702 listen(3, 128)                  = 0
4014702 socket(AF_UNIX, SOCK_DGRAM|SOCK_CLOEXEC|SOCK_NONBLOCK, 0) = 5
4014702 bind(5, {sa_family=AF_UNIX, sun_path=@"$HOME/.cache/agent-tmp/m9u-ivls4z6c/wirestack-m8-003-peer-pco3qpge-cycle-datagram-47\0tail\303\251zzzzzzzzz"}, 110) = 0
4014702 close(5)                        = 0
4014702 close(3)                        = 0
4014702 socket(AF_UNIX, SOCK_STREAM|SOCK_CLOEXEC|SOCK_NONBLOCK, 0) = 3
4014702 bind(3, {sa_family=AF_UNIX, sun_path=@"$HOME/.cache/agent-tmp/m9u-ivls4z6c/wirestack-m8-003-peer-pco3qpge-cycle-stream-48\0tail\303\251zzzzzzzzzzz"}, 110) = 0
4014702 listen(3, 128)                  = 0
4014702 socket(AF_UNIX, SOCK_DGRAM|SOCK_CLOEXEC|SOCK_NONBLOCK, 0) = 5
4014702 bind(5, {sa_family=AF_UNIX, sun_path=@"$HOME/.cache/agent-tmp/m9u-ivls4z6c/wirestack-m8-003-peer-pco3qpge-cycle-datagram-48\0tail\303\251zzzzzzzzz"}, 110) = 0
4014702 close(5)                        = 0
4014702 close(3)                        = 0
4014702 socket(AF_UNIX, SOCK_STREAM|SOCK_CLOEXEC|SOCK_NONBLOCK, 0) = 3
4014702 bind(3, {sa_family=AF_UNIX, sun_path=@"$HOME/.cache/agent-tmp/m9u-ivls4z6c/wirestack-m8-003-peer-pco3qpge-cycle-stream-49\0tail\303\251zzzzzzzzzzz"}, 110) = 0
4014702 listen(3, 128)                  = 0
4014702 socket(AF_UNIX, SOCK_DGRAM|SOCK_CLOEXEC|SOCK_NONBLOCK, 0) = 5
4014702 bind(5, {sa_family=AF_UNIX, sun_path=@"$HOME/.cache/agent-tmp/m9u-ivls4z6c/wirestack-m8-003-peer-pco3qpge-cycle-datagram-49\0tail\303\251zzzzzzzzz"}, 110) = 0
4014702 close(5)                        = 0
4014702 close(3)                        = 0
4014702 socket(AF_UNIX, SOCK_STREAM|SOCK_CLOEXEC|SOCK_NONBLOCK, 0) = 3
4014702 bind(3, {sa_family=AF_UNIX, sun_path=@"$HOME/.cache/agent-tmp/m9u-ivls4z6c/wirestack-m8-003-peer-pco3qpge-cycle-stream-50\0tail\303\251zzzzzzzzzzz"}, 110) = 0
4014702 listen(3, 128)                  = 0
4014702 socket(AF_UNIX, SOCK_DGRAM|SOCK_CLOEXEC|SOCK_NONBLOCK, 0) = 5
4014702 bind(5, {sa_family=AF_UNIX, sun_path=@"$HOME/.cache/agent-tmp/m9u-ivls4z6c/wirestack-m8-003-peer-pco3qpge-cycle-datagram-50\0tail\303\251zzzzzzzzz"}, 110) = 0
4014702 close(5)                        = 0
4014702 close(3)                        = 0
4014702 socket(AF_UNIX, SOCK_STREAM|SOCK_CLOEXEC|SOCK_NONBLOCK, 0) = 3
4014702 bind(3, {sa_family=AF_UNIX, sun_path=@"$HOME/.cache/agent-tmp/m9u-ivls4z6c/wirestack-m8-003-peer-pco3qpge-cycle-stream-51\0tail\303\251zzzzzzzzzzz"}, 110) = 0
4014702 listen(3, 128)                  = 0
4014702 socket(AF_UNIX, SOCK_DGRAM|SOCK_CLOEXEC|SOCK_NONBLOCK, 0) = 5
4014702 bind(5, {sa_family=AF_UNIX, sun_path=@"$HOME/.cache/agent-tmp/m9u-ivls4z6c/wirestack-m8-003-peer-pco3qpge-cycle-datagram-51\0tail\303\251zzzzzzzzz"}, 110) = 0
4014702 close(5)                        = 0
4014702 close(3)                        = 0
4014702 socket(AF_UNIX, SOCK_STREAM|SOCK_CLOEXEC|SOCK_NONBLOCK, 0) = 3
4014702 bind(3, {sa_family=AF_UNIX, sun_path=@"$HOME/.cache/agent-tmp/m9u-ivls4z6c/wirestack-m8-003-peer-pco3qpge-cycle-stream-52\0tail\303\251zzzzzzzzzzz"}, 110) = 0
4014702 listen(3, 128)                  = 0
4014702 socket(AF_UNIX, SOCK_DGRAM|SOCK_CLOEXEC|SOCK_NONBLOCK, 0) = 5
4014702 bind(5, {sa_family=AF_UNIX, sun_path=@"$HOME/.cache/agent-tmp/m9u-ivls4z6c/wirestack-m8-003-peer-pco3qpge-cycle-datagram-52\0tail\303\251zzzzzzzzz"}, 110) = 0
4014702 close(5)                        = 0
4014702 close(3)                        = 0
4014702 socket(AF_UNIX, SOCK_STREAM|SOCK_CLOEXEC|SOCK_NONBLOCK, 0) = 3
4014702 bind(3, {sa_family=AF_UNIX, sun_path=@"$HOME/.cache/agent-tmp/m9u-ivls4z6c/wirestack-m8-003-peer-pco3qpge-cycle-stream-53\0tail\303\251zzzzzzzzzzz"}, 110) = 0
4014702 listen(3, 128)                  = 0
4014702 socket(AF_UNIX, SOCK_DGRAM|SOCK_CLOEXEC|SOCK_NONBLOCK, 0) = 5
4014702 bind(5, {sa_family=AF_UNIX, sun_path=@"$HOME/.cache/agent-tmp/m9u-ivls4z6c/wirestack-m8-003-peer-pco3qpge-cycle-datagram-53\0tail\303\251zzzzzzzzz"}, 110) = 0
4014702 close(5)                        = 0
4014702 close(3)                        = 0
4014702 socket(AF_UNIX, SOCK_STREAM|SOCK_CLOEXEC|SOCK_NONBLOCK, 0) = 3
4014702 bind(3, {sa_family=AF_UNIX, sun_path=@"$HOME/.cache/agent-tmp/m9u-ivls4z6c/wirestack-m8-003-peer-pco3qpge-cycle-stream-54\0tail\303\251zzzzzzzzzzz"}, 110) = 0
4014702 listen(3, 128)                  = 0
4014702 socket(AF_UNIX, SOCK_DGRAM|SOCK_CLOEXEC|SOCK_NONBLOCK, 0) = 5
4014702 bind(5, {sa_family=AF_UNIX, sun_path=@"$HOME/.cache/agent-tmp/m9u-ivls4z6c/wirestack-m8-003-peer-pco3qpge-cycle-datagram-54\0tail\303\251zzzzzzzzz"}, 110) = 0
4014702 close(5)                        = 0
4014702 close(3)                        = 0
4014702 socket(AF_UNIX, SOCK_STREAM|SOCK_CLOEXEC|SOCK_NONBLOCK, 0) = 3
4014702 bind(3, {sa_family=AF_UNIX, sun_path=@"$HOME/.cache/agent-tmp/m9u-ivls4z6c/wirestack-m8-003-peer-pco3qpge-cycle-stream-55\0tail\303\251zzzzzzzzzzz"}, 110) = 0
4014702 listen(3, 128)                  = 0
4014702 socket(AF_UNIX, SOCK_DGRAM|SOCK_CLOEXEC|SOCK_NONBLOCK, 0) = 5
4014702 bind(5, {sa_family=AF_UNIX, sun_path=@"$HOME/.cache/agent-tmp/m9u-ivls4z6c/wirestack-m8-003-peer-pco3qpge-cycle-datagram-55\0tail\303\251zzzzzzzzz"}, 110) = 0
4014702 close(5)                        = 0
4014702 close(3)                        = 0
4014702 socket(AF_UNIX, SOCK_STREAM|SOCK_CLOEXEC|SOCK_NONBLOCK, 0) = 3
4014702 bind(3, {sa_family=AF_UNIX, sun_path=@"$HOME/.cache/agent-tmp/m9u-ivls4z6c/wirestack-m8-003-peer-pco3qpge-cycle-stream-56\0tail\303\251zzzzzzzzzzz"}, 110) = 0
4014702 listen(3, 128)                  = 0
4014702 socket(AF_UNIX, SOCK_DGRAM|SOCK_CLOEXEC|SOCK_NONBLOCK, 0) = 5
4014702 bind(5, {sa_family=AF_UNIX, sun_path=@"$HOME/.cache/agent-tmp/m9u-ivls4z6c/wirestack-m8-003-peer-pco3qpge-cycle-datagram-56\0tail\303\251zzzzzzzzz"}, 110) = 0
4014702 close(5)                        = 0
4014702 close(3)                        = 0
4014702 socket(AF_UNIX, SOCK_STREAM|SOCK_CLOEXEC|SOCK_NONBLOCK, 0) = 3
4014702 bind(3, {sa_family=AF_UNIX, sun_path=@"$HOME/.cache/agent-tmp/m9u-ivls4z6c/wirestack-m8-003-peer-pco3qpge-cycle-stream-57\0tail\303\251zzzzzzzzzzz"}, 110) = 0
4014702 listen(3, 128)                  = 0
4014702 socket(AF_UNIX, SOCK_DGRAM|SOCK_CLOEXEC|SOCK_NONBLOCK, 0) = 5
4014702 bind(5, {sa_family=AF_UNIX, sun_path=@"$HOME/.cache/agent-tmp/m9u-ivls4z6c/wirestack-m8-003-peer-pco3qpge-cycle-datagram-57\0tail\303\251zzzzzzzzz"}, 110) = 0
4014702 close(5)                        = 0
4014702 close(3)                        = 0
4014702 socket(AF_UNIX, SOCK_STREAM|SOCK_CLOEXEC|SOCK_NONBLOCK, 0) = 3
4014702 bind(3, {sa_family=AF_UNIX, sun_path=@"$HOME/.cache/agent-tmp/m9u-ivls4z6c/wirestack-m8-003-peer-pco3qpge-cycle-stream-58\0tail\303\251zzzzzzzzzzz"}, 110) = 0
4014702 listen(3, 128)                  = 0
4014702 socket(AF_UNIX, SOCK_DGRAM|SOCK_CLOEXEC|SOCK_NONBLOCK, 0) = 5
4014702 bind(5, {sa_family=AF_UNIX, sun_path=@"$HOME/.cache/agent-tmp/m9u-ivls4z6c/wirestack-m8-003-peer-pco3qpge-cycle-datagram-58\0tail\303\251zzzzzzzzz"}, 110) = 0
4014702 close(5)                        = 0
4014702 close(3)                        = 0
4014702 socket(AF_UNIX, SOCK_STREAM|SOCK_CLOEXEC|SOCK_NONBLOCK, 0) = 3
4014702 bind(3, {sa_family=AF_UNIX, sun_path=@"$HOME/.cache/agent-tmp/m9u-ivls4z6c/wirestack-m8-003-peer-pco3qpge-cycle-stream-59\0tail\303\251zzzzzzzzzzz"}, 110) = 0
4014702 listen(3, 128)                  = 0
4014702 socket(AF_UNIX, SOCK_DGRAM|SOCK_CLOEXEC|SOCK_NONBLOCK, 0) = 5
4014702 bind(5, {sa_family=AF_UNIX, sun_path=@"$HOME/.cache/agent-tmp/m9u-ivls4z6c/wirestack-m8-003-peer-pco3qpge-cycle-datagram-59\0tail\303\251zzzzzzzzz"}, 110) = 0
4014702 close(5)                        = 0
4014702 close(3)                        = 0
4014702 socket(AF_UNIX, SOCK_STREAM|SOCK_CLOEXEC|SOCK_NONBLOCK, 0) = 3
4014702 bind(3, {sa_family=AF_UNIX, sun_path=@"$HOME/.cache/agent-tmp/m9u-ivls4z6c/wirestack-m8-003-peer-pco3qpge-cycle-stream-60\0tail\303\251zzzzzzzzzzz"}, 110) = 0
4014702 listen(3, 128)                  = 0
4014702 socket(AF_UNIX, SOCK_DGRAM|SOCK_CLOEXEC|SOCK_NONBLOCK, 0) = 5
4014702 bind(5, {sa_family=AF_UNIX, sun_path=@"$HOME/.cache/agent-tmp/m9u-ivls4z6c/wirestack-m8-003-peer-pco3qpge-cycle-datagram-60\0tail\303\251zzzzzzzzz"}, 110) = 0
4014702 close(5)                        = 0
4014702 close(3)                        = 0
4014702 socket(AF_UNIX, SOCK_STREAM|SOCK_CLOEXEC|SOCK_NONBLOCK, 0) = 3
4014702 bind(3, {sa_family=AF_UNIX, sun_path=@"$HOME/.cache/agent-tmp/m9u-ivls4z6c/wirestack-m8-003-peer-pco3qpge-cycle-stream-61\0tail\303\251zzzzzzzzzzz"}, 110) = 0
4014702 listen(3, 128)                  = 0
4014702 socket(AF_UNIX, SOCK_DGRAM|SOCK_CLOEXEC|SOCK_NONBLOCK, 0) = 5
4014702 bind(5, {sa_family=AF_UNIX, sun_path=@"$HOME/.cache/agent-tmp/m9u-ivls4z6c/wirestack-m8-003-peer-pco3qpge-cycle-datagram-61\0tail\303\251zzzzzzzzz"}, 110) = 0
4014702 close(5)                        = 0
4014702 close(3)                        = 0
4014702 socket(AF_UNIX, SOCK_STREAM|SOCK_CLOEXEC|SOCK_NONBLOCK, 0) = 3
4014702 bind(3, {sa_family=AF_UNIX, sun_path=@"$HOME/.cache/agent-tmp/m9u-ivls4z6c/wirestack-m8-003-peer-pco3qpge-cycle-stream-62\0tail\303\251zzzzzzzzzzz"}, 110) = 0
4014702 listen(3, 128)                  = 0
4014702 socket(AF_UNIX, SOCK_DGRAM|SOCK_CLOEXEC|SOCK_NONBLOCK, 0) = 5
4014702 bind(5, {sa_family=AF_UNIX, sun_path=@"$HOME/.cache/agent-tmp/m9u-ivls4z6c/wirestack-m8-003-peer-pco3qpge-cycle-datagram-62\0tail\303\251zzzzzzzzz"}, 110) = 0
4014702 close(5)                        = 0
4014702 close(3)                        = 0
4014702 socket(AF_UNIX, SOCK_STREAM|SOCK_CLOEXEC|SOCK_NONBLOCK, 0) = 3
4014702 bind(3, {sa_family=AF_UNIX, sun_path=@"$HOME/.cache/agent-tmp/m9u-ivls4z6c/wirestack-m8-003-peer-pco3qpge-cycle-stream-63\0tail\303\251zzzzzzzzzzz"}, 110) = 0
4014702 listen(3, 128)                  = 0
4014702 socket(AF_UNIX, SOCK_DGRAM|SOCK_CLOEXEC|SOCK_NONBLOCK, 0) = 5
4014702 bind(5, {sa_family=AF_UNIX, sun_path=@"$HOME/.cache/agent-tmp/m9u-ivls4z6c/wirestack-m8-003-peer-pco3qpge-cycle-datagram-63\0tail\303\251zzzzzzzzz"}, 110) = 0
4014702 close(5)                        = 0
4014702 close(3)                        = 0
4014702 socket(AF_UNIX, SOCK_STREAM|SOCK_CLOEXEC|SOCK_NONBLOCK, 0) = 3
4014702 bind(3, {sa_family=AF_UNIX, sun_path=@"$HOME/.cache/agent-tmp/m9u-ivls4z6c/wirestack-m8-003-peer-pco3qpge-wait-listener\0tail\303\251zzzzzzzzzzzzz"}, 110) = 0
4014702 listen(3, 128)                  = 0
4014703 accept4(3, 0x7fa420000ec0, [120], SOCK_CLOEXEC|SOCK_NONBLOCK) = -1 EAGAIN (Resource temporarily unavailable)
4014702 accept4(3, {sa_family=AF_UNIX}, [120 => 2], SOCK_CLOEXEC|SOCK_NONBLOCK) = 5
4014702 recvfrom(5, "ok", 2, 0, NULL, NULL) = 2
4014702 close(5)                        = 0
4014702 close(3)                        = 0
4014702 socket(AF_UNIX, SOCK_STREAM|SOCK_CLOEXEC|SOCK_NONBLOCK, 0) = 3
4014702 bind(3, {sa_family=AF_UNIX, sun_path=@"$HOME/.cache/agent-tmp/m9u-ivls4z6c/wirestack-m8-003-peer-pco3qpge-wait-stream-cancel\0tail\303\251zzzzzzzz"}, 110) = 0
4014702 listen(3, 128)                  = 0
4014702 accept4(3, 0x7fa420000ec0, [120], SOCK_CLOEXEC|SOCK_NONBLOCK) = -1 EAGAIN (Resource temporarily unavailable)
4014780 accept4(3, {sa_family=AF_UNIX}, [120 => 2], SOCK_CLOEXEC|SOCK_NONBLOCK) = 5
4014703 recvfrom(5, 0x7fa41c000ad0, 1, 0, NULL, NULL) = -1 EAGAIN (Resource temporarily unavailable)
4014702 sendto(5, "live", 4, MSG_NOSIGNAL, NULL, 0) = 4
4014702 close(5)                        = 0
4014702 close(3)                        = 0
4014702 socket(AF_UNIX, SOCK_STREAM|SOCK_CLOEXEC|SOCK_NONBLOCK, 0) = 3
4014702 bind(3, {sa_family=AF_UNIX, sun_path=@"$HOME/.cache/agent-tmp/m9u-ivls4z6c/wirestack-m8-003-peer-pco3qpge-wait-stream-close\0tail\303\251zzzzzzzzz"}, 110) = 0
4014702 listen(3, 128)                  = 0
4014780 accept4(3, {sa_family=AF_UNIX}, [120 => 2], SOCK_CLOEXEC|SOCK_NONBLOCK) = 5
4014703 recvfrom(5, 0x7fa41c000c60, 1, 0, NULL, NULL) = -1 EAGAIN (Resource temporarily unavailable)
4014780 close(5)                        = 0
4014780 close(3)                        = 0
4014780 socket(AF_UNIX, SOCK_DGRAM|SOCK_CLOEXEC|SOCK_NONBLOCK, 0) = 3
4014780 bind(3, {sa_family=AF_UNIX, sun_path=@"$HOME/.cache/agent-tmp/m9u-ivls4z6c/wirestack-m8-003-peer-pco3qpge-wait-cancel\0tail\303\251zzzzzzzzzzzzzzz"}, 110) = 0
4014703 recvfrom(3, 0x7fa41c000c60, 2, 0, 0x7fa420002300, [120]) = -1 EAGAIN (Resource temporarily unavailable)
4014780 sendto(3, "live", 4, 0, {sa_family=AF_UNIX, sun_path=@"$HOME/.cache/agent-tmp/m9u-ivls4z6c/wirestack-m8-003-peer-pco3qpge-peer-datagram\0tail\303\251zzzzzzzzzzzzz"}, 110) = 4
4014780 close(3)                        = 0
4014780 socket(AF_UNIX, SOCK_DGRAM|SOCK_CLOEXEC|SOCK_NONBLOCK, 0) = 3
4014780 bind(3, {sa_family=AF_UNIX, sun_path=@"$HOME/.cache/agent-tmp/m9u-ivls4z6c/wirestack-m8-003-peer-pco3qpge-wait-close\0tail\303\251zzzzzzzzzzzzzzzz"}, 110) = 0
4014703 recvfrom(3, 0x7fa41c000c60, 2, 0, 0x7fa420002300, [120]) = -1 EAGAIN (Resource temporarily unavailable)
4014780 close(3)                        = 0
4014701 +++ exited with 0 +++
4014700 +++ exited with 0 +++
4014699 +++ exited with 0 +++
4014698 +++ exited with 0 +++
4014780 close(4)                        = 0
4014780 +++ exited with 0 +++
4014703 +++ exited with 0 +++
4014702 +++ exited with 0 +++
4014697 +++ exited with 0 +++
