argv=["/usr/bin/readelf", "-d", "<repo-root>/build/m8-008/elf-negative-20260909T190115053970Z/consumer"]
cwd=<repo-root>/build/m8-008/elf-negative-20260909T190115053970Z
timeout_seconds=60
returncode=0
--- stdout ---

Dynamic section at offset 0x2dc0 contains 28 entries:
  Tag        Type                         Name/Value
 0x0000000000000001 (NEEDED)             Shared library: [libm8008_probe.so]
 0x0000000000000001 (NEEDED)             Shared library: [libc.so.6]
 0x000000000000001d (RUNPATH)            Library runpath: [$ORIGIN]
 0x000000000000000c (INIT)               0x1000
 0x000000000000000d (FINI)               0x1150
 0x0000000000000019 (INIT_ARRAY)         0x3db0
 0x000000000000001b (INIT_ARRAYSZ)       8 (bytes)
 0x000000000000001a (FINI_ARRAY)         0x3db8
 0x000000000000001c (FINI_ARRAYSZ)       8 (bytes)
 0x000000006ffffef5 (GNU_HASH)           0x3c8
 0x0000000000000005 (STRTAB)             0x490
 0x0000000000000006 (SYMTAB)             0x3e8
 0x000000000000000a (STRSZ)              174 (bytes)
 0x000000000000000b (SYMENT)             24 (bytes)
 0x0000000000000015 (DEBUG)              0x0
 0x0000000000000003 (PLTGOT)             0x3fe8
 0x0000000000000002 (PLTRELSZ)           24 (bytes)
 0x0000000000000014 (PLTREL)             RELA
 0x0000000000000017 (JMPREL)             0x640
 0x0000000000000007 (RELA)               0x580
 0x0000000000000008 (RELASZ)             192 (bytes)
 0x0000000000000009 (RELAENT)            24 (bytes)
 0x000000006ffffffb (FLAGS_1)            Flags: PIE
 0x000000006ffffffe (VERNEED)            0x550
 0x000000006fffffff (VERNEEDNUM)         1
 0x000000006ffffff0 (VERSYM)             0x53e
 0x000000006ffffff9 (RELACOUNT)          3
 0x0000000000000000 (NULL)               0x0
--- stderr ---
