--------------------------------------------------------------------------------------------------
TP: wirestack.internal.transport_stdnet, time elapsed: 251337548 ns, RESULT:
    TCS: M9002OptionExecutionTest, time elapsed: 240859579 ns, RESULT:
    [ PASSED ] CASE: unqualifiedTargetsAllowEmptyOptionsAndRejectExplicitOptions (410196 ns)
    [ PASSED ] CASE: unqualifiedTargetsSkipOptionDefaults (47849 ns)
    [ PASSED ] CASE: factoriesCloseTheirSocketAtEveryExecutorFailurePosition (966389 ns)
    [ PASSED ] CASE: acceptedFailureClosesOnlyAcceptedSocketAndListenerContinues (1188058 ns)
    [ PASSED ] CASE: cancellationBetweenOptionsRetainsEarlierKernelEffectWithoutAbort (463774 ns)
    [ PASSED ] CASE: tcpReadAndControlExcludeEachOtherWithoutStoppingRead (21078422 ns)
    [ PASSED ] CASE: udpControlExcludesSendReceiveConnectAndOtherControl (20607120 ns)
    [ PASSED ] CASE: closeRacingControlRetainsCloseRatherThanLaterAbort (41200616 ns)
    [ PASSED ] CASE: blockedAcceptRejectsQueryAndRemainsUsable (9956686 ns)
    [ PASSED ] CASE: queryControlExcludesListenerAcceptAndTcpIo (40384430 ns)
    [ PASSED ] CASE: udpReceiveAndQueryControlExcludeEachOther (30518533 ns)
    [ PASSED ] CASE: blockedTcpWriteRejectsControlAndCompletesAfterPeerReads (44111099 ns)
    [ PASSED ] CASE: listenerCloseDuringAcceptedOptionsPreventsPublication (21468788 ns)
    [ PASSED ] CASE: runtimeFailurePreservesExactlyTheSuccessfulPrefix (864286 ns)
    [ PASSED ] CASE: acceptedOptionPolicyDoesNotRetainCallerArray (1659756 ns)
Summary: TOTAL: 65
    PASSED: 15, SKIPPED: 50, ERROR: 0
    FAILED: 0
--------------------------------------------------------------------------------------------------
TP: wirestack.net, time elapsed: 19901192 ns, RESULT:
    TCS: M9002SocketOptionTest, time elapsed: 4892111 ns, RESULT:
    [ PASSED ] CASE: udpReadsEffectiveBuffersAndAppliesIpv4Controls (631302 ns)
    [ PASSED ] CASE: ipv6ControlsRejectIpv4OptionsAndPostBindMutation (250620 ns)
    [ PASSED ] CASE: wholeListValidationPrecedesAnyMutation (153700 ns)
    [ PASSED ] CASE: nativeFailureRetainsEarlierEffectsAndSkipsLaterOptions (341004 ns)
    [ PASSED ] CASE: cancelledControlDoesNotAbortHealthySocket (203229 ns)
    [ PASSED ] CASE: acceptedOptionsOverrideDefaultsBeforePublication (275812 ns)
    [ PASSED ] CASE: reusePortAllowsTwoNativeListeners (112320 ns)
    [ PASSED ] CASE: bufferExtremesAreClampedAndInvalidDomainsDoNotMutate (110574 ns)
    [ PASSED ] CASE: optionKindsRejectWrongTargetsFamiliesAndCreationStages (568619 ns)
    [ PASSED ] CASE: ipv6OnlyChangesRealDualStackBindBehavior (348040 ns)
Summary: TOTAL: 115
    PASSED: 10, SKIPPED: 105, ERROR: 0
    FAILED: 0
--------------------------------------------------------------------------------------------------
Project tests finished, time elapsed: 288495130 ns, RESULT:
TP: wirestack.*, time elapsed: 288405745 ns, RESULT:
    PASSED:
    TP: wirestack.internal.transport_stdnet, time elapsed: 251337548 ns
    TP: wirestack.net, time elapsed: 19901192 ns
Summary: TOTAL: 180
    PASSED: 25, SKIPPED: 155, ERROR: 0
    FAILED: 0
--------------------------------------------------------------------------------------------------
cjpm test success
