--------------------------------------------------------------------------------------------------
TP: wirestack.net, time elapsed: 19393011 ns, RESULT:
    TCS: NetworkFoundationContractTest, time elapsed: 19393011 ns, RESULT:
    [ PASSED ] CASE: unixEndpointFormsAreDistinctAndOwned (297994 ns)
    [ PASSED ] CASE: unixEndpointRejectsUnboundedNames (52518 ns)
    [ PASSED ] CASE: rawSocketCapabilityBoundaryRequiresDomainSpecificProtocol (67682 ns)
    [ PASSED ] CASE: cancelledConnectFailsBeforeSocketCreation (100863 ns)
    [ PASSED ] CASE: tcpStreamCancellationDistinguishesUntouchedFromAbortedDelegate (67849 ns)
    [ PASSED ] CASE: tcpStreamGracefulCloseIsRetainedAndIdempotent (22862 ns)
    [ PASSED ] CASE: tcpStreamStoppedCloseContextsFailBeforeLifecycleAdmission (55152 ns)
    [ PASSED ] CASE: tcpStreamCloseNormalizesContextFailureWithoutTakingOwnership (37828 ns)
    [ PASSED ] CASE: tcpStreamAbortRetainsItsCauseAndConnectionFacts (71118 ns)
    [ PASSED ] CASE: tcpStreamDirectionalShutdownPublishesOnlySuccessfulTransitions (43455 ns)
    [ PASSED ] CASE: tcpStreamReadShutdownRejectsEveryReadPathWithoutLosingWrites (56253 ns)
    [ PASSED ] CASE: tcpStreamWriteShutdownRejectsEveryWritePathWithoutLosingReads (56992 ns)
    [ PASSED ] CASE: tcpStreamEmptyOperationsRemainImmediateAfterDirectionalShutdown (31420 ns)
    [ PASSED ] CASE: tcpStreamReadExactAddsCapturedEndpointsToUnexpectedEof (44468 ns)
    [ PASSED ] CASE: tcpStreamReadKeepsPeerEofGraceful (25742 ns)
    [ PASSED ] CASE: tcpStreamReadExactMergesCapturedAndStructuredEndpointMetadata (58212 ns)
    [ PASSED ] CASE: tcpStreamIoConflictsRetainCapturedEndpointsWithoutClosing (139482 ns)
    [ PASSED ] CASE: tcpStreamDirectionalShutdownDoesNotPromoteWokenIoToFailure (104427 ns)
    [ PASSED ] CASE: tcpStreamFinalShutdownRemainsGracefulWhenItWakesIo (49220 ns)
    [ PASSED ] CASE: tcpStreamFailuresRetainOriginalErrorAndReleaseDelegate (91862 ns)
    [ PASSED ] CASE: tcpStreamRetainsNativeCancellationOwnership (11454701 ns)
    [ PASSED ] CASE: tcpStreamNormalizesUnexpectedDelegateFailures (183041 ns)
    [ PASSED ] CASE: tcpStreamPrecancelledIoCannotClaimAnotherClosesOwnership (125494 ns)
    [ PASSED ] CASE: tcpStreamCancellationOwnershipSurvivesOtherObservers (65143 ns)
    [ PASSED ] CASE: tcpStreamAbortWinsWhileGracefulCloseIsBlocked (38175 ns)
    [ PASSED ] CASE: tcpStreamCancellationBoundsCloseWaitAndLateSuccessRemainsGraceful (78591 ns)
    [ PASSED ] CASE: tcpStreamDeadlineBoundsCloseWaitAndLateSuccessRemainsGraceful (63180 ns)
    [ PASSED ] CASE: tcpStreamLateCloseFailurePublishesFailedWithoutReplacingCallerCancellation (60765 ns)
    [ PASSED ] CASE: tcpStreamAbortRemainsTerminalWhenDetachedCloseFailsLate (51536 ns)
    [ PASSED ] CASE: tcpStreamCloseKeepsGracefulCauseWhenItWakesARead (34072 ns)
    [ PASSED ] CASE: unsafeOptionValueIsBoundedAndOwnedWithoutApplyingIt (68897 ns)
    [ PASSED ] CASE: datagramResultEnforcesTheIpv4PayloadBound (1516026 ns)
    [ PASSED ] CASE: datagramResultSurvivesReceiveBufferReuse (16340 ns)
Summary: TOTAL: 33
    PASSED: 33, SKIPPED: 0, ERROR: 0
    FAILED: 0
--------------------------------------------------------------------------------------------------
Project tests finished, time elapsed: 27075169 ns, RESULT:
TP: wirestack.*, time elapsed: 26979993 ns, RESULT:
    PASSED:
    TP: wirestack.net, time elapsed: 19393011 ns
Summary: TOTAL: 33
    PASSED: 33, SKIPPED: 0, ERROR: 0
    FAILED: 0
--------------------------------------------------------------------------------------------------
cjpm test success
