[33mwarning[0m: unused function:'waitUntilWriteActive'
   [36m==>[0m <repo-root>-pr-worktrees/M8-001-20260909/src/internal/transport_stdnet/package.cj:503:5:
    [36m| [0m
[36m503[0m [36m| [0m      internal func waitUntilWriteActive(timeout: Duration): Bool {[0m
    [36m| [0m [33m_[0m[33m____^[0m
[36m504[0m [36m| [0m[33m|[0m         let expiresAt = MonoTime.now() + timeout[0m
    [36m| [0m[33m|[0m ...[0m
[36m516[0m [36m| [0m[33m|[0m     }[0m
    [36m| [0m[33m|[0m[33m_[0m[33m____^ unused function[0m
    [36m| [0m
    [36m#[0m [0mnote[0m: this warning can be suppressed by setting the compiler option `-Woff unused`

[33mwarning[0m: unused function:'waitUntilAcceptActive'
   [36m==>[0m <repo-root>-pr-worktrees/M8-001-20260909/src/internal/transport_stdnet/package.cj:804:5:
    [36m| [0m
[36m804[0m [36m| [0m      func waitUntilAcceptActive(timeout: Duration): Bool {[0m
    [36m| [0m [33m_[0m[33m____^[0m
[36m805[0m [36m| [0m[33m|[0m         let expiresAt = MonoTime.now() + timeout[0m
    [36m| [0m[33m|[0m ...[0m
[36m813[0m [36m| [0m[33m|[0m     }[0m
    [36m| [0m[33m|[0m[33m_[0m[33m____^ unused function[0m
    [36m| [0m
    [36m#[0m [0mnote[0m: this warning can be suppressed by setting the compiler option `-Woff unused`

2 warnings generated, 2 warnings printed.
[33mwarning[0m: unused function:'forwardOneDatagram'
  [36m==>[0m /tmp/wirestack-m8-001-final-consumer-jym8yui1/src/main.cj:34:1:
   [36m| [0m
[36m34[0m [36m| [0m  func forwardOneDatagram([0m
   [36m| [0m [33m_[0m[33m^[0m
[36m35[0m [36m| [0m[33m|[0m     socket: DatagramSocket,[0m
   [36m| [0m[33m|[0m ...[0m
[36m44[0m [36m| [0m[33m|[0m }[0m
   [36m| [0m[33m|[0m[33m_[0m[33m^ unused function[0m
   [36m| [0m
   [36m#[0m [0mnote[0m: this warning can be suppressed by setting the compiler option `-Woff unused`

1 warning generated, 1 warning printed.
[33mwarning[0m: unused function:'waitUntilWaiters'
   [36m==>[0m <repo-root>-pr-worktrees/M8-001-20260909/src/internal/http1/connection_pool.cj:374:5:
    [36m| [0m
[36m374[0m [36m| [0m      internal func waitUntilWaiters(expected: Int64, timeout: Duration): Bool {[0m
    [36m| [0m [33m_[0m[33m____^[0m
[36m375[0m [36m| [0m[33m|[0m         let expiresAt = MonoTime.now() + timeout[0m
    [36m| [0m[33m|[0m ...[0m
[36m384[0m [36m| [0m[33m|[0m     }[0m
    [36m| [0m[33m|[0m[33m_[0m[33m____^ unused function[0m
    [36m| [0m
    [36m#[0m [0mnote[0m: this warning can be suppressed by setting the compiler option `-Woff unused`

1 warning generated, 1 warning printed.
