1957279 close(3)                        = 0
1957279 close(3)                        = 0
1957279 close(3)                        = 0
1957279 close(3)                        = 0
1957279 close(3)                        = 0
1957279 close(3)                        = 0
1957279 close(3)                        = 0
1957279 close(3)                        = 0
1957279 close(3)                        = 0
1957279 close(3)                        = 0
1957279 close(3)                        = 0
1957279 close(3)                        = 0
1957279 clone3({flags=CLONE_VM|CLONE_FS|CLONE_FILES|CLONE_SIGHAND|CLONE_THREAD|CLONE_SYSVSEM|CLONE_SETTLS|CLONE_PARENT_SETTID|CLONE_CHILD_CLEARTID, child_tid=0x7f9019fffce8, parent_tid=0x7f9019fff990, exit_signal=0, stack=0x7f9018fff000, stack_size=0xfffec0, tls=0x7f9019fff6c0} => {parent_tid=[1957280]}, 88) = 1957280
1957279 clone3({flags=CLONE_VM|CLONE_FS|CLONE_FILES|CLONE_SIGHAND|CLONE_THREAD|CLONE_SYSVSEM|CLONE_SETTLS|CLONE_PARENT_SETTID|CLONE_CHILD_CLEARTID, child_tid=0x7f9018ffece8, parent_tid=0x7f9018ffe990, exit_signal=0, stack=0x7f9017ffe000, stack_size=0xfffec0, tls=0x7f9018ffe6c0} => {parent_tid=[1957281]}, 88) = 1957281
1957279 clone3({flags=CLONE_VM|CLONE_FS|CLONE_FILES|CLONE_SIGHAND|CLONE_THREAD|CLONE_SYSVSEM|CLONE_SETTLS|CLONE_PARENT_SETTID|CLONE_CHILD_CLEARTID, child_tid=0x7f901cfbece8, parent_tid=0x7f901cfbe990, exit_signal=0, stack=0x7f901cebe000, stack_size=0xffec0, tls=0x7f901cfbe6c0} => {parent_tid=[1957282]}, 88) = 1957282
1957279 clone3({flags=CLONE_VM|CLONE_FS|CLONE_FILES|CLONE_SIGHAND|CLONE_THREAD|CLONE_SYSVSEM|CLONE_SETTLS|CLONE_PARENT_SETTID|CLONE_CHILD_CLEARTID, child_tid=0x7f9017dfdce8, parent_tid=0x7f9017dfd990, exit_signal=0, stack=0x7f9016dfd000, stack_size=0xfffec0, tls=0x7f9017dfd6c0} => {parent_tid=[1957288]}, 88) = 1957288
1957279 close(3)                        = 0
1957279 socket(AF_INET, SOCK_STREAM|SOCK_CLOEXEC|SOCK_NONBLOCK, IPPROTO_IP) = 3
1957279 bind(3, {sa_family=AF_INET, sin_port=htons(0), sin_addr=inet_addr("127.0.0.1")}, 16) = 0
1957279 socket(AF_INET, SOCK_DGRAM|SOCK_CLOEXEC|SOCK_NONBLOCK, IPPROTO_IP) = 5
1957279 bind(5, {sa_family=AF_INET, sin_port=htons(0), sin_addr=inet_addr("127.0.0.1")}, 16) = 0
1957279 socket(AF_INET6, SOCK_DGRAM|SOCK_CLOEXEC|SOCK_NONBLOCK, IPPROTO_IP) = 6
1957279 bind(6, {sa_family=AF_INET6, sin6_port=htons(0), sin6_flowinfo=htonl(0), inet_pton(AF_INET6, "::1", &sin6_addr), sin6_scope_id=0}, 28) = 0
1957279 socket(AF_UNIX, SOCK_STREAM|SOCK_CLOEXEC|SOCK_NONBLOCK, 0) = 7
1957279 bind(7, {sa_family=AF_UNIX, sun_path="<scratch>"}, 110) = 0
1957279 socket(AF_UNIX, SOCK_DGRAM|SOCK_CLOEXEC|SOCK_NONBLOCK, 0) = 8
1957279 bind(8, {sa_family=AF_UNIX, sun_path="<scratch>"}, 110) = 0
1957279 accept4(3, 0x556a721a7350, [120], SOCK_CLOEXEC|SOCK_NONBLOCK) = -1 EAGAIN (Resource temporarily unavailable)
1957279 clone3({flags=CLONE_VM|CLONE_FS|CLONE_FILES|CLONE_SIGHAND|CLONE_THREAD|CLONE_SYSVSEM|CLONE_SETTLS|CLONE_PARENT_SETTID|CLONE_CHILD_CLEARTID, child_tid=0x7f9016dfcce8, parent_tid=0x7f9016dfc990, exit_signal=0, stack=0x7f9016cfc000, stack_size=0xffec0, tls=0x7f9016dfc6c0} => {parent_tid=[1957291]}, 88) = 1957291
1957279 accept4(3, {sa_family=AF_INET, sin_port=htons(35090), sin_addr=inet_addr("127.0.0.1")}, [120 => 16], SOCK_CLOEXEC|SOCK_NONBLOCK) = 9
1957279 accept4(7, {sa_family=AF_UNIX}, [120 => 2], SOCK_CLOEXEC|SOCK_NONBLOCK) = 10
1957279 socket(AF_INET, SOCK_STREAM|SOCK_CLOEXEC|SOCK_NONBLOCK, IPPROTO_IP) = 11
1957279 connect(11, {sa_family=AF_INET, sin_port=htons(48975), sin_addr=inet_addr("127.0.0.1")}, 16) = -1 EINPROGRESS (Operation now in progress)
1957279 socket(AF_UNIX, SOCK_STREAM|SOCK_CLOEXEC|SOCK_NONBLOCK, 0) = 12
1957279 connect(12, {sa_family=AF_UNIX, sun_path="<scratch>"}, 110) = 0
1957279 recvfrom(9, "\1", 1, 0, NULL, NULL) = 1
1957279 sendto(9, "\1", 1, MSG_NOSIGNAL, NULL, 0) = 1
1957279 recvfrom(10, "\1", 1, 0, NULL, NULL) = 1
1957279 sendto(10, "\1", 1, MSG_NOSIGNAL, NULL, 0) = 1
1957279 sendto(11, "\1", 1, MSG_NOSIGNAL, NULL, 0) = 1
1957279 recvfrom(11, 0x7f901d639b28, 1, 0, NULL, NULL) = -1 EAGAIN (Resource temporarily unavailable)
1957279 recvfrom(11, "\1", 1, 0, NULL, NULL) = 1
1957279 sendto(12, "\1", 1, MSG_NOSIGNAL, NULL, 0) = 1
1957279 recvfrom(12, "\1", 1, 0, NULL, NULL) = 1
1957279 connect(5, {sa_family=AF_INET, sin_port=htons(35934), sin_addr=inet_addr("127.0.0.1")}, 16) = 0
1957279 connect(6, {sa_family=AF_INET6, sin6_port=htons(42579), sin6_flowinfo=htonl(0), inet_pton(AF_INET6, "::1", &sin6_addr), sin6_scope_id=0}, 28) = 0
1957279 sendto(5, "\1", 1, 0, {sa_family=AF_INET, sin_port=htons(35934), sin_addr=inet_addr("127.0.0.1")}, 16) = 1
1957279 recvfrom(5, 0x556a721255c0, 2, 0, 0x556a721ead40, [120]) = -1 EAGAIN (Resource temporarily unavailable)
1957279 recvfrom(5, "\1", 2, 0, {sa_family=AF_INET, sin_port=htons(35934), sin_addr=inet_addr("127.0.0.1")}, [120 => 16]) = 1
1957279 sendto(6, "\1", 1, 0, {sa_family=AF_INET6, sin6_port=htons(42579), sin6_flowinfo=htonl(0), inet_pton(AF_INET6, "::1", &sin6_addr), sin6_scope_id=0}, 28) = 1
1957279 recvfrom(6, "\1", 2, 0, {sa_family=AF_INET6, sin6_port=htons(42579), sin6_flowinfo=htonl(0), inet_pton(AF_INET6, "::1", &sin6_addr), sin6_scope_id=0}, [120 => 28]) = 1
1957279 sendto(8, "\1", 1, 0, {sa_family=AF_UNIX, sun_path="<scratch>"}, 110) = 1
1957279 recvfrom(8, "\1", 2, 0, {sa_family=AF_UNIX, sun_path="<scratch>"}, [120 => 77]) = 1
1957279 connect(8, {sa_family=AF_UNIX, sun_path="<scratch>"}, 110) = 0
1957279 sendto(9, "\2", 1, MSG_NOSIGNAL, NULL, 0) = 1
1957279 recvfrom(9, "\2", 1, 0, NULL, NULL) = 1
1957279 sendto(10, "\2", 1, MSG_NOSIGNAL, NULL, 0) = 1
1957279 recvfrom(10, "\2", 1, 0, NULL, NULL) = 1
1957279 sendto(11, "\2", 1, MSG_NOSIGNAL, NULL, 0) = 1
1957279 recvfrom(11, "\2", 1, 0, NULL, NULL) = 1
1957279 sendto(12, "\2", 1, MSG_NOSIGNAL, NULL, 0) = 1
1957279 recvfrom(12, "\2", 1, 0, NULL, NULL) = 1
1957279 sendto(5, "\2", 1, 0, {sa_family=AF_INET, sin_port=htons(35934), sin_addr=inet_addr("127.0.0.1")}, 16) = 1
1957279 recvfrom(5, "\2", 2, 0, {sa_family=AF_INET, sin_port=htons(35934), sin_addr=inet_addr("127.0.0.1")}, [120 => 16]) = 1
1957279 sendto(6, "\2", 1, 0, {sa_family=AF_INET6, sin6_port=htons(42579), sin6_flowinfo=htonl(0), inet_pton(AF_INET6, "::1", &sin6_addr), sin6_scope_id=0}, 28) = 1
1957279 recvfrom(6, "\2", 2, 0, {sa_family=AF_INET6, sin6_port=htons(42579), sin6_flowinfo=htonl(0), inet_pton(AF_INET6, "::1", &sin6_addr), sin6_scope_id=0}, [120 => 28]) = 1
1957279 sendto(8, "\2", 1, 0, {sa_family=AF_UNIX, sun_path="<scratch>"}, 110) = 1
1957279 recvfrom(8, "\2", 2, 0, {sa_family=AF_UNIX, sun_path="<scratch>"}, [120 => 77]) = 1
1957279 close(9)                        = 0
1957279 close(11)                       = 0
1957279 close(10)                       = 0
1957279 close(12)                       = 0
1957279 close(3)                        = 0
1957279 close(5)                        = 0
1957279 close(6)                        = 0
1957279 close(7)                        = 0
1957279 close(8)                        = 0
1957288 +++ exited with 0 +++
1957282 +++ exited with 0 +++
1957281 +++ exited with 0 +++
1957280 +++ exited with 0 +++
1957279 close(4)                        = 0
1957291 +++ exited with 0 +++
1957279 +++ exited with 0 +++
