M7-022 Linux release soak: FAIL: SOAK_ALREADY_RUNNING: another invocation is active
M0-016 validation: PASS
architecture guard: PASS
{"artifacts": {"api": "docs/api/generated/api-surface.json", "coverage": "docs/api/generated/coverage.json", "docs": "docs/api/generated/docs.json", "markdown": "docs/api/generated/markdown"}, "cjdoc": {"path": "/home/elliot/playground/Wirestack-pr-worktrees/M8-004-recovery-tools/cjdoc/bin/cjdoc", "version": "0.7.2"}, "combined": {"apiEntries": 1443, "apiSha256": "7e1d3132d21ef1b2b3b3dba705320d06ee99006582f4b960f9ab63c2361de360", "coverage": {"parameters": {"documented": 689, "percent": 100, "total": 689}, "symbols": {"documented": 1443, "percent": 100, "total": 1443}}, "coverageSha256": "eb40c0dff77ae8e69a252f05d5b64771a1485b66a58058f7e66756898ff279d4", "declarations": 2395, "docsSha256": "b30330a71adfbc86c6fbae56782c59c21e371f567f43de1aeed96064dcce25d0", "markdownSha256": "988b54088600cbe0a4c63d442b309d59a3f11ecb93cf3db6b5ced6bd4f632518", "package": "combined", "status": "PASS"}, "commands": [{"kind": "check", "package": "wirestack", "returncode": 0, "status": "PASS", "stderr": "documentation coverage: symbols 646/646 (100%), parameters 253/253 (100%)\n", "stderr_truncated": false, "stdout": "", "stdout_truncated": false}, {"kind": "generate", "package": "wirestack", "returncode": 0, "status": "PASS", "stderr": "", "stderr_truncated": false, "stdout": "generated /tmp/wirestack-m7-033-ct0jp0gr/wirestack/output\n", "stdout_truncated": false}, {"kind": "check", "package": "wirestack.http", "returncode": 0, "status": "PASS", "stderr": "documentation coverage: symbols 1048/1048 (100%), parameters 473/473 (100%)\n", "stderr_truncated": false, "stdout": "", "stdout_truncated": false}, {"kind": "generate", "package": "wirestack.http", "returncode": 0, "status": "PASS", "stderr": "", "stderr_truncated": false, "stdout": "generated /tmp/wirestack-m7-033-ct0jp0gr/wirestack-http/output\n", "stdout_truncated": false}, {"kind": "check", "package": "wirestack.tls", "returncode": 0, "status": "PASS", "stderr": "documentation coverage: symbols 800/800 (100%), parameters 298/298 (100%)\n", "stderr_truncated": false, "stdout": "", "stdout_truncated": false}, {"kind": "generate", "package": "wirestack.tls", "returncode": 0, "status": "PASS", "stderr": "", "stderr_truncated": false, "stdout": "generated /tmp/wirestack-m7-033-ct0jp0gr/wirestack-tls/output\n", "stdout_truncated": false}, {"kind": "check", "package": "wirestack.net", "returncode": 0, "status": "PASS", "stderr": "documentation coverage: symbols 887/887 (100%), parameters 424/424 (100%)\n", "stderr_truncated": false, "stdout": "", "stdout_truncated": false}, {"kind": "generate", "package": "wirestack.net", "returncode": 0, "status": "PASS", "stderr": "", "stderr_truncated": false, "stdout": "generated /tmp/wirestack-m7-033-ct0jp0gr/wirestack-net/output\n", "stdout_truncated": false}, {"kind": "check", "package": "combined", "returncode": 0, "status": "PASS", "stderr": "documentation coverage: symbols 1443/1443 (100%), parameters 689/689 (100%)\n", "stderr_truncated": false, "stdout": "", "stdout_truncated": false}, {"kind": "generate", "package": "combined", "returncode": 0, "status": "PASS", "stderr": "", "stderr_truncated": false, "stdout": "generated /tmp/wirestack-m7-033-ct0jp0gr/combined/output\n", "stdout_truncated": false}], "expectedCjdoc": "0.7.2", "generatedAtUtc": "2026-09-13T16:34:16.909404Z", "issues": [], "layers": [{"apiEntries": 646, "apiSha256": "69378f9dd90fca54576bed883abea3d309535b09546b422ee5dd93737fd72374", "coverage": {"parameters": {"documented": 253, "percent": 100, "total": 253}, "symbols": {"documented": 646, "percent": 100, "total": 646}}, "coverageSha256": "38c008ed140aa4cc6fb436c854610699a0c9ea71cd233ec71d7ca12b63fdbc28", "declarations": 789, "docsSha256": "66eec7d03245ce99b8a0821a39e9765bc8030cd5cc8c00e68392f6372155f79b", "markdownSha256": "3055a19762b460c1f977ca0ed29a1154c7af8cda9d232351ef2bba0e2b409b45", "package": "wirestack", "status": "PASS"}, {"apiEntries": 1048, "apiSha256": "79421833f69c509b6805251a5f20a48b7216faf94b5c397f2a0942a9aff37a59", "coverage": {"parameters": {"documented": 473, "percent": 100, "total": 473}, "symbols": {"documented": 1048, "percent": 100, "total": 1048}}, "coverageSha256": "f322c080ee70a400b3807aa26879ce64b9357d927cd342af6460e2ae50f46ca7", "declarations": 1701, "docsSha256": "ee8522300dcd8f060945e3089c8a117b12c7421a8590c047aee3a702d233447a", "markdownSha256": "b90982339ea708b7f7715aac927745b2581b6855195119690f6e0f5582139392", "package": "wirestack.http", "status": "PASS"}, {"apiEntries": 800, "apiSha256": "4afa53d04ea7a23f835be0261fb852cfff645148731570fcdacce8972fc652c8", "coverage": {"parameters": {"documented": 298, "percent": 100, "total": 298}, "symbols": {"documented": 800, "percent": 100, "total": 800}}, "coverageSha256": "1277bdbb3a54bcd4f2263c20a0420046ff2d7e320970035eba67c2f04d457eb6", "declarations": 971, "docsSha256": "a4b6b2eb2fbc3e98cd30ab4aa1701326c79dc4a501a2eb701a96e824ec48feca", "markdownSha256": "f11ae8b6080dd249c5c33562a00732f7bbd35c67e423c0bcfc39ae9935b07646", "package": "wirestack.tls", "status": "PASS"}, {"apiEntries": 887, "apiSha256": "4455b181ac56385d5a90c87e89d00a79c1a6cba4c1be65477590546af59c590f", "coverage": {"parameters": {"documented": 424, "percent": 100, "total": 424}, "symbols": {"documented": 887, "percent": 100, "total": 887}}, "coverageSha256": "28526d2cdda06c477c23509da56bd0cbbabbb346afe9afe5e03fcaefe2a4cdf2", "declarations": 1301, "docsSha256": "ba853352adfb121b5bbacf1c8f0ff93e7f778df3e328e1332484b59cab690f67", "markdownSha256": "c665cef542630b9fbda37c53b17bfede25aa487c50b010430c1047257d4e1bfe", "package": "wirestack.net", "status": "PASS"}], "platform": {"libc": "glibc", "machine": "x86_64", "system": "Linux"}, "schemaVersion": 1, "sourceSha256": {"src/byte_span.cj": "4b38c6d184e172a56f0c39308294cbd2485ff683aba4f27028abe07c2b4661c4", "src/cancellation.cj": "c023b65acab9740096dc1ec9a770cf59d7361b2fec3dcdeebb3cc6033d78034d", "src/common.cj": "7a6d9bf1bd56bb9c5209152b2482dee044027f8d348233dcd6cc7b87d1c866e3", "src/deadline.cj": "15c5fd0c7f2dcfb4be7150359990c7c35cde11aa3332f80a9efe9f79e431a7c4", "src/hostname_verifier.cj": "a0d06b89cf163b91339e5690bf1d15d8e94bd4912c2792b35e0cdd09d4e34989", "src/http/cancellation.cj": "bcef35b28607bfcac9aaa92f258b2f5021c6af8b1d321e4cd823b6d0a2f4f3b9", "src/http/client.cj": "97131a36c964f68cbc6697a87a4fd5fe81a5a0d146dee3355b4386a47f97c628", "src/http/cookie.cj": "01f8138ed8e334f8ac967a5f2ec7fbff6f8ba350616b9f3c62d071c71d727c05", "src/http/duplex.cj": "e81f52f4efbc0b728a1891d67bc0f3a6292af471d16d992b65e2055e44ffac24", "src/http/error.cj": "d88c54a157e02063ab4048c197631daba3642a9618672841e4b98d3a25d275ad", "src/http/file_handler.cj": "2706ddeadba5c448a9bdf9ed1b604d5fe56c527b001d28ecb3b558b93728df74", "src/http/hooks.cj": "0b6016a645fd69bbb8743e5abfed22b4c325286a450587b4ff87b722ef04f2ed", "src/http/multipart.cj": "506c82b691fa280fc147fa7d6f73aa5ed7b1045f5fa1122bd7c667a62aead36e", "src/http/package.cj": "edae278034e8047e77649badec506b86ff2e6f3fc530d3eaf68394f77ff43ca0", "src/http/proxy.cj": "9576c9b153192c93943911557e8cce25f567e5ad0357074189437cc17af6fe1d", "src/http/public_suffix.cj": "80ce1558065a38c6e8261a0dffb21a8f044985e4d25d0d5629a0ac48994e9bef", "src/http/public_suffix_data.cj": "2539ddb03630b0bd9f063bd92ffad87c188de80ce31030638ae7c02b12c3a8d4", "src/http/redirect.cj": "e7e9f07fa0bb79299e46c1320b32daf238e702b66fcb8e1368439723d74d96b4", "src/http/resolver.cj": "8c44e5ff6961122d6483c22546a26dab02e8414b88d5e18b954ddcf0b3ff29e4", "src/http/retry.cj": "e889370833f2d5b7df07d4cd13aa3068ab6262e1c2252728cbcc99c788b4199b", "src/http/server.cj": "52ede5995cf2b5ac64948b36334eadd9782cdcaa26e4c2bf3914a85e25cdb529", "src/http/tls.cj": "b232989ad8c4e73d4480dcae4ce40aae55fbedf9ce13b5922cc61b8a6e8a1e62", "src/http/upgrade.cj": "3bf29c0ad5b9fd19f5b2d994d36abcf76cbcc7d22d46c18991378aab705e0f73", "src/http/websocket.cj": "1eafd0d9f728592adea31d4397a8173c98d6ad3551ab4ed84d3b77623b787ba7", "src/http/websocket_handshake.cj": "db5d899be8d22022db1e7aed502ad36c3cc5e52d6dbae8dce53112f797276d59", "src/http_body.cj": "49b72ad2517213133eb693a190061050b655edb02df01eaa414db216c60fc4fe", "src/http_contract.cj": "39d7fe3885f50211393d9e03dc478b7370566bf7b7b3d3f20d0a5d3de3dc9259", "src/http_message.cj": "4033d25f42135e43f498f11d2b459512dcb7c45bce6e91efaa85b18a053e8ef1", "src/http_model.cj": "993ad73017a4da224b98f851e1e39d46fe6016502044b934f7ab191fb0da5a8c", "src/http_push.cj": "5dde5a1ff4cee87c947c1867e56fe0e7b9d2a38e2ca91a597f5a8deb4c2fc20f", "src/http_url.cj": "074cc811771e49030292b278252947af9f29476f67e9fd53f6a82ac473690955", "src/net/datagram_socket_core.cj": "2095e7d3a02c805c3018badf7045b0d76a42a56e101a2e08867f32b676c34ae6", "src/net/dns_client.cj": "a63095f98489b93b83f76cebc878678391d338f9080e15cf2ea7277ff6562622", "src/net/dns_resolver.cj": "65b410bda4ed26d315848f68bdd70b432101153b12e3c5d6dcccd8bea14ec183", "src/net/dns_wire.cj": "08b6bfb5fb7b46502a2a897f44a251765947359408398bcb93442504de28bde0", "src/net/package.cj": "05ee39721856fab3dc82dc4a83baaa0adfd9bb8af4fb38e0af41d4f5cb4430cc", "src/net/tcp_listener.cj": "7735311cd3aa657a3be9a37216cb5a1b404854932ab66480ea78b9f42a2b2b1f", "src/net/udp_socket.cj": "a59cba97d797a3800338f6a8594bfcd0f93456fc926421b2f9bce81149c9546b", "src/net/unix_datagram_socket.cj": "7447856c277d45d943087e3285fd0ade950cf7047fbf232052e1cd9d0a730511", "src/net/unix_listener.cj": "aa964800977f95ff67a6351a91c16d950324bbe0c50d7b01c5f1484f06e01967", "src/net/unix_stream.cj": "399aeac5d19f6457e2342fd7b1af3a76943f00db50a21c1474bed3b3141acb8b", "src/network_error.cj": "4e272f9b9887804f0de87ec032d442a69b49803da66bffa005b7f0282aadc5e5", "src/network_event.cj": "55d93c151752e76c80c441e4bfc639f7d6da77e89ed582bae2ba6a43cdcc3084", "src/operation_context.cj": "523a1c1efaab2f3e6ba0755386460ea504a2caa8ef1453a18134f950c6e1234d", "src/package.cj": "f9035aacfa24f06fe88eda3f16a5cbcf5dbf482b2d86776ea27e09e4861e93d7", "src/private_key_contract.cj": "cb03bb9badc0552c2ac66dbb6bf4842559b5ea17b2aa77284e817a78d63c6e84", "src/resolver.cj": "7b2129a0e3fd4be72ad2dd6adaf0053d5de23a08214157c931d38d7627154b23", "src/tls/facade.cj": "7cdea5920f34d68eb670f0ac701bc9003eb9a0b1823d7c27ccc5d2941692bccd", "src/tls/identity.cj": "763b6b5f60e3afaed998a21ea7d1ca2f7db8d016255e670cab5fb96c2dfbd714", "src/tls/package.cj": "dd45ea5dbcb3846376a1621faf38bdf31e4509e99efb2fbe36b4a9bdb1f3c819", "src/tls_contract.cj": "e8d453029bd16914b5f3c7c3b4b44a5e2e16b69233a27f8b06c633b056a54267", "src/transport.cj": "6781aa3bf538523e02c4807eebff7ac37a773e5dc9bdb427e6a56ace3a0b7033", "src/trust.cj": "f64b49d84a58e034e3976089211f7b645b42e5bc51dbc353f2e0bcec14d17aba"}, "status": "PASS", "targetCfg": {"arch": "x86_64", "env": "gnu", "os": "Linux"}, "taskId": "M7-033"}
The valid serial compilation order is:
    wirestack -> wirestack.internal -> wirestack.internal.identity -> wirestack.internal.platform -> wirestack.internal.platform.android -> wirestack.internal.platform.apple -> wirestack.internal.platform.harmony -> wirestack.internal.platform.linux -> wirestack.internal.platform.windows -> wirestack.internal.common -> wirestack.internal.http_files -> wirestack.internal.http_model -> wirestack.internal.transport -> wirestack.internal.trust -> wirestack.internal.http2 -> wirestack.internal.resolver -> wirestack.internal.tls_engine -> wirestack.internal.connector -> wirestack.tls -> wirestack.internal.http1 -> wirestack.internal.transport_stdnet -> wirestack.net -> wirestack.http
cjpm check success
cjpm build success
--------------------------------------------------------------------------------------------------
TP: wirestack.internal.http2, time elapsed: 2653412782 ns, RESULT:
    TCS: Http2ClientConnectionTest, time elapsed: 19853388 ns, RESULT:
    [ PASSED ] CASE: encodedHeaderFailureClosesTheConnection (910952 ns)
    [ PASSED ] CASE: tenConcurrentRequestsShareOneConnectionAndMapOutOfOrderResponses (2253770 ns)
    [ PASSED ] CASE: claimedStreamsPublishInitialHeadersInStreamIdOrder (2995328 ns)
    [ PASSED ] CASE: cancelledUnpublishedStreamDoesNotBlockNextClaim (1671355 ns)
    [ PASSED ] CASE: declaredLengthDoesNotReleaseStreamBeforeWireEndStream (582764 ns)
    [ PASSED ] CASE: streamsRequestBodyThroughFlowControlledDataAndEndsLocallyOnce (865570 ns)
    [ PASSED ] CASE: peerResetFailsOnlyItsStreamAndConnectionRemainsUsable (1661387 ns)
    [ PASSED ] CASE: peerGoAwayDrainsConnectionWithoutFailingAcceptedStream (607318 ns)
    [ PASSED ] CASE: connectedStreamOutlivesHandshakeCancellationAndUsesOperationContexts (1603425 ns)
    [ PASSED ] CASE: rejectedConnectReturnsFullResponseAndClosesRequestDirection (1541206 ns)
    [ PASSED ] CASE: enabledPushAttachesBoundedCallerDrivenResponses (3284920 ns)
    TCS: Http2ClientMappingTest, time elapsed: 3514647 ns, RESULT:
    [ PASSED ] CASE: requestMapsOrderedPseudoFieldsAuthorityAndSensitiveHeaders (93695 ns)
    [ PASSED ] CASE: connectUsesOnlyMethodAndAuthorityPseudoFields (56284 ns)
    [ PASSED ] CASE: connectStreamMappingKeepsBothDataDirectionsOpen (88971 ns)
    [ PASSED ] CASE: requestRejectsAuthorityFramingAndConnectionAmbiguity (240976 ns)
    [ PASSED ] CASE: requestHeaderListHonorsHttp2BoundsBeforeHpackMutation (78346 ns)
    [ PASSED ] CASE: requestBodyProvesEofBeforeOneTerminalTrailerBlock (107850 ns)
    [ PASSED ] CASE: requestBodyRejectsPrematureEofAndConfiguredOverflow (102698 ns)
    [ PASSED ] CASE: responseMapsInformationalFinalDataAndTrailersInOrder (104791 ns)
    [ PASSED ] CASE: responseRejectsPseudoOrderCaseAndConnectionFieldsAsStreamErrors (58881 ns)
    [ PASSED ] CASE: responseRejectsInvalidStatusAndTooManyInformationalHeads (159262 ns)
    [ PASSED ] CASE: responseContentLengthMustMatchExactlyAtEndStream (198582 ns)
    [ PASSED ] CASE: streamingResponseMayExceedTheConfiguredRequestBodyBound (27060 ns)
    [ PASSED ] CASE: bodylessAndConnectResponseRulesAreExplicit (200642 ns)
    [ PASSED ] CASE: responseTrailersRequireFinalEndStreamAndRegularAllowedFields (181070 ns)
    [ PASSED ] CASE: promisedRequestValidationPrecedesApplicationPolicy (224062 ns)
    TCS: Http2ClientPushOwnershipTest, time elapsed: 1431432 ns, RESULT:
    [ PASSED ] CASE: resetLostOfferIsClosedAndNextOfferRemainsDeliverable (271687 ns)
    [ PASSED ] CASE: parentCancellationStopsTransferredStalledBodyWithoutCancellingIndependentSibling (357276 ns)
    [ PASSED ] CASE: expiredParentAbsoluteDeadlineStillGovernsTransferredBodyAfterHeaders (252185 ns)
    TCS: Http2ConformanceTest, time elapsed: 6737571 ns, RESULT:
    [ PASSED ] CASE: invalidFrameOrderMatrixFailsAtConnectionScope (561914 ns)
    [ PASSED ] CASE: continuationSequenceCompletesOnlyOnEndHeaders (184651 ns)
    [ PASSED ] CASE: rstStreamAndGoAwayRaceCompletesOwnerOnceAndCleansRegistrations (5370816 ns)
    TCS: Http2ConnectionStateMachineTest, time elapsed: 6233520 ns, RESULT:
    [ PASSED ] CASE: clientStartEmitsMagicAndSettingsThenPeerSettingsOpens (38655 ns)
    [ PASSED ] CASE: serverConsumesIncrementalMagicBeforeItsFirstSettings (40496 ns)
    [ PASSED ] CASE: invalidOrIncompletePrefaceFailsOnceWithProtocolEvidence (61311 ns)
    [ PASSED ] CASE: firstPeerFrameMustBeNonAcknowledgementSettings (41098 ns)
    [ PASSED ] CASE: openConnectionAppliesSettingsAndCompletesHeaderBlocks (40868 ns)
    [ PASSED ] CASE: peerGoAwayDrainsAndMayOnlyNarrowItsBoundary (56445 ns)
    [ PASSED ] CASE: localDrainUsesProcessedPeerBoundaryAndNeverIncreases (47326 ns)
    [ PASSED ] CASE: racingFinishTransitionsAndPublishesCompletionExactlyOnce (4987556 ns)
    TCS: Http2DeterministicFuzzTest, time elapsed: 62006900 ns, RESULT:
    [ PASSED ] CASE: frameParserDeterministicMutationCorpusStaysBounded (4465060 ns)
    [ PASSED ] CASE: hpackDecoderDeterministicMutationCorpusFailsClosed (56709850 ns)
    [ PASSED ] CASE: protocolLimitBoundaryMutationsRejectOversizedInputs (102454 ns)
    TCS: Http2FlowControllerTest, time elapsed: 2362922526 ns, RESULT:
    [ PASSED ] CASE: windowUpdateCodecIgnoresReservedBitAndRejectsZeroByScope (63551 ns)
    [ PASSED ] CASE: reservationsRespectConnectionStreamAndPeerFrameCredit (87146 ns)
    [ PASSED ] CASE: settingsShrinkPausesReservedDataAndCancellationReleasesIt (85291 ns)
    [ PASSED ] CASE: streamWindowUpdateWakesAReservedPermitAfterSettingsShrink (54145 ns)
    [ PASSED ] CASE: concurrentTryReserveNeverOvercommitsOneStream (153522 ns)
    [ PASSED ] CASE: receiveCreditReturnsOnlyAfterApplicationConsumption (76259 ns)
    [ PASSED ] CASE: smallReceiveReadsCoalesceWindowUpdates (226138 ns)
    [ PASSED ] CASE: stalledConnectionCreditFlushesOnceWithoutChangingSmallReadCoalescing (30711 ns)
    [ PASSED ] CASE: leastRecentlyServedStreamsReceiveCreditBeforeThePreviousOwner (2359886658 ns)
    [ PASSED ] CASE: connectionSendWindowIsSharedAcrossStreams (45693 ns)
    [ PASSED ] CASE: connectionAndStreamWindowViolationsHaveCorrectScope (48747 ns)
    [ PASSED ] CASE: settingsAndWindowOverflowFailAtomically (44370 ns)
    [ PASSED ] CASE: streamCleanupCancelsPermitsAndRestoresOnlyConnectionReceiveCredit (39813 ns)
    [ PASSED ] CASE: dataAccountingUsesTheEntireFramePayload (21271 ns)
    TCS: Http2FrameCodecTest, time elapsed: 1084334 ns, RESULT:
    [ PASSED ] CASE: everyRequiredFrameEnvelopeRoundTrips (99240 ns)
    [ PASSED ] CASE: parserAcceptsEverySingleByteBoundaryAndMultipleFrames (59358 ns)
    [ PASSED ] CASE: incompleteInputStaysBoundedUntilCompletion (20127 ns)
    [ PASSED ] CASE: oversizedFrameFailsBeforePayloadBufferingAndParserBecomesTerminal (29785 ns)
    [ PASSED ] CASE: reservedBitIsIgnoredOnReadAndClearedOnWrite (21908 ns)
    [ PASSED ] CASE: unknownFramesAndFlagsRoundTripWithoutInterpretation (20741 ns)
    [ PASSED ] CASE: transportWriterHandlesRepeatedPartialWrites (32978 ns)
    TCS: Http2FrameModelTest, time elapsed: 844275 ns, RESULT:
    [ PASSED ] CASE: frameAndErrorCodesRoundTripIncludingExtensions (27931 ns)
    [ PASSED ] CASE: streamIdentifierIgnoresReservedBitAndKeepsThirtyOneBits (10690 ns)
    [ PASSED ] CASE: limitsAreExplicitAndFrameSizeIsBounded (26487 ns)
    [ PASSED ] CASE: fixedFrameShapesAndStreamScopesAreValidated (38169 ns)
    [ PASSED ] CASE: settingsRejectInvalidProtocolValuesButRetainExtensions (29398 ns)
    [ PASSED ] CASE: unknownFlagsAndFramesRemainForwardCompatible (11065 ns)
    TCS: Http2GoAwayManagerTest, time elapsed: 5043993 ns, RESULT:
    [ PASSED ] CASE: peerBoundaryRetiresOnlyDefinitelyUnprocessedStreams (140732 ns)
    [ PASSED ] CASE: narrowingBoundaryWakesEachNewlyExcludedOwnerExactlyOnce (80335 ns)
    [ PASSED ] CASE: localDrainQueuesGoAwayAndStopsAdmissionBeforeWriterRuns (61710 ns)
    [ PASSED ] CASE: fabricatedReceiveResultCannotDrainAnOpenCoordinator (49697 ns)
    [ PASSED ] CASE: racingAdmissionAndGoAwayNeverLeavesAnExcludedStreamActive (4046779 ns)
    TCS: Http2HeaderBlockAssemblerTest, time elapsed: 980401 ns, RESULT:
    [ PASSED ] CASE: sameStreamContinuationsAssembleInExactOrder (31079 ns)
    [ PASSED ] CASE: continuationWithoutStartWrongStreamAndInterleavingFailConnection (47087 ns)
    [ PASSED ] CASE: paddingAndPriorityOverheadAreExcludedFromHeaderBytes (19706 ns)
    [ PASSED ] CASE: pushPromiseRetainsPromisedStreamAndFragmentOnly (18622 ns)
    [ PASSED ] CASE: invalidPaddingPriorityAndSelfDependencyFailClosed (43973 ns)
    [ PASSED ] CASE: accumulatedCompressedBytesHaveOneHardLimit (24859 ns)
    TCS: Http2ConnectionHealthTest, time elapsed: 624864 ns, RESULT:
    [ PASSED ] CASE: pingCodecAndConnectionAckPreserveOpaqueBytes (39631 ns)
    [ PASSED ] CASE: idleProbeIsSingleOutstandingAndMatchingAckRestoresHealth (130259 ns)
    [ PASSED ] CASE: ordinaryActivityDefersIdleProbeWithoutAllocatingATimer (26820 ns)
    TCS: Http2ConnectionCloserTest, time elapsed: 1204150 ns, RESULT:
    [ PASSED ] CASE: gracefulCloseSendsGoAwayWaitsForStreamAndClosesTransportOnce (98830 ns)
    [ PASSED ] CASE: expiredCloseAbortsActiveStreamsWithoutStartingGracefulIo (60905 ns)
    [ PASSED ] CASE: racingShorterDeadlineUpgradesInFlightGracefulCloseToOneAbort (84847 ns)
    [ PASSED ] CASE: concurrentGracefulCallersShareOneTerminalResultAndTransportClose (177506 ns)
    [ PASSED ] CASE: failedGracefulTransportCloseFallsBackToOneAbort (91554 ns)
    TCS: HpackBlockTest, time elapsed: 3468414 ns, RESULT:
    [ PASSED ] CASE: rfcRequestBlocksDecodeWithSharedDynamicState (58243 ns)
    [ PASSED ] CASE: encoderMatchesFirstRfcHuffmanRequestExample (72924 ns)
    [ PASSED ] CASE: literalModesPreserveNeverIndexedAndOnlyIncrementalMutatesTable (2476645 ns)
    [ PASSED ] CASE: tableSizeUpdateMustLeadBlockAndRespectAllowedMaximum (23553 ns)
    [ PASSED ] CASE: headerCountListAndCompressedLimitsFailClosed (219491 ns)
    [ PASSED ] CASE: peerCapacityUpdateIsEmittedBeforeHeaders (20778 ns)
    TCS: HpackCoreTest, time elapsed: 691287 ns, RESULT:
    [ PASSED ] CASE: rfcIntegerVectorsEncodeAndDecodeExactly (12938 ns)
    [ PASSED ] CASE: integerRejectsTruncationOverflowAndInvalidPrefix (25475 ns)
    [ PASSED ] CASE: rawStringRoundTripsAndOwnsItsBytes (14038 ns)
    [ PASSED ] CASE: stringLengthLimitAndTruncationFailBeforeCopy (72239 ns)
    [ PASSED ] CASE: staticTableMatchesRfcBoundariesAndRepresentativeEntries (19767 ns)
    [ PASSED ] CASE: everyStaticEntryHasBoundedRfcAccounting (48839 ns)
    TCS: HpackDynamicTableTest, time elapsed: 757676 ns, RESULT:
    [ PASSED ] CASE: newestEntryUsesIndexSixtyTwoAndOlderEntriesShift (10779 ns)
    [ PASSED ] CASE: exactRfcAccountingEvictsOldestEntriesFirst (23217 ns)
    [ PASSED ] CASE: oversizedEntryClearsTheEntireTableWithoutInsertion (9969 ns)
    [ PASSED ] CASE: capacityShrinkEvictsImmediatelyAndPeerLimitIsHard (16531 ns)
    [ PASSED ] CASE: withoutIndexingNeverIndexedAndSensitiveNeverEnterState (14470 ns)
    [ PASSED ] CASE: staticAndDynamicSearchReturnCanonicalLowestIndexes (99372 ns)
    [ PASSED ] CASE: zeroCapacityRetainsNoEntries (9093 ns)
    TCS: HpackHuffmanTest, time elapsed: 43613070 ns, RESULT:
    [ PASSED ] CASE: rfcRequestExamplesEncodeAndDecodeExactly (2056565 ns)
    [ PASSED ] CASE: everyOctetRoundTripsWithinAnExplicitBound (39219517 ns)
    [ PASSED ] CASE: huffmanStringLiteralUsesFlagAndSharedBounds (732232 ns)
    [ PASSED ] CASE: eosInvalidPaddingAndTruncatedPrefixFailClosed (324056 ns)
    [ PASSED ] CASE: decodedAndEncodedOutputLimitsApplyBeforeGrowth (704316 ns)
    TCS: Http2ConnectionReaderTest, time elapsed: 2905265 ns, RESULT:
    [ PASSED ] CASE: oneReaderDecodesEveryByteBoundaryAndDispatchesInWireOrder (376033 ns)
    [ PASSED ] CASE: serverConsumesMagicAndFirstFrameFromTheSameRead (249380 ns)
    [ PASSED ] CASE: eofDuringPrefaceOrFrameFailsAndWakesEveryStream (611644 ns)
    [ PASSED ] CASE: invalidTransportProgressAndHandlerFailureBecomeTerminal (477538 ns)
    [ PASSED ] CASE: readerLoopCanOnlyBeClaimedOnce (241470 ns)
    [ PASSED ] CASE: terminationRegistryIsBoundedRemovableAndExactlyOnce (215790 ns)
    [ PASSED ] CASE: readerRegistryReservesOneListenerBeyondTheStreamLimit (32953 ns)
    TCS: Http2ServerMappingTest, time elapsed: 11859780 ns, RESULT:
    [ PASSED ] CASE: requestHeadMapsPseudoFieldsHostAndContentLength (97201 ns)
    [ PASSED ] CASE: connectAndOptionsTargetsAreMappedStrictly (129118 ns)
    [ PASSED ] CASE: requestRejectsPseudoOrderCaseConnectionAndAuthorityAmbiguity (177081 ns)
    [ PASSED ] CASE: paddedDataReturnsAllFlowCreditAndPublishesTrailers (161773 ns)
    [ PASSED ] CASE: requestQueueIsBoundedBeforeFlowAccountingMutates (102680 ns)
    [ PASSED ] CASE: terminalLengthMismatchDoesNotConsumeFlowWindow (87912 ns)
    [ PASSED ] CASE: responseHeadersBodyFlowAndTrailersMapInOrder (943709 ns)
    [ PASSED ] CASE: streamingResponseMayExceedTheConfiguredRequestBodyBound (1251537 ns)
    [ PASSED ] CASE: responseRulesCloseBodiesOnEveryTerminalOrFailurePath (105696 ns)
    [ PASSED ] CASE: handlerRunsOnceAndReleasesRequestOwnership (136780 ns)
    [ PASSED ] CASE: invalidDuplexResponseReleasesPreServeHandoffExactlyOnce (7368570 ns)
    TCS: Http2ServerPushLifecycleTest, time elapsed: 104667626 ns, RESULT:
    [ PASSED ] CASE: largePushDoesNotDelayParentHeadersUntilPushCreditReturns (46508194 ns)
    [ PASSED ] CASE: cancelledPushReleasesItsWorkerSlotForTheNextParent (32826903 ns)
    [ PASSED ] CASE: crossOriginPushIsRejectedAndItsResponseIsClosedBeforeAnyOffer (1848150 ns)
    [ PASSED ] CASE: parentResetWhileWaitingForPushSlotIsRevalidatedBeforeReservation (6819439 ns)
    [ PASSED ] CASE: resetOfBlockedPushDoesNotBlockReaderOrReleaseWorkerSlotEarly (9650887 ns)
    [ PASSED ] CASE: blockingHeaderOnlyBodyCloseDoesNotDelayInboundReset (4142537 ns)
    [ PASSED ] CASE: duplexHandlerReturnAbortsBothStreamDirections (1645053 ns)
    TCS: Http2SettingsTest, time elapsed: 1328561 ns, RESULT:
    [ PASSED ] CASE: codecPreservesKnownUnknownAndRepeatedSettingsInOrder (22498 ns)
    [ PASSED ] CASE: peerBatchAppliesAtomicallyAndReturnsAckAndWindowDelta (23083 ns)
    [ PASSED ] CASE: invalidPeerBatchLeavesEffectiveStateUnchanged (27456 ns)
    [ PASSED ] CASE: localBatchesAreAcknowledgedInFifoOrder (21626 ns)
    [ PASSED ] CASE: unexpectedAckAndPendingBatchOverflowFailClosed (26221 ns)
    [ PASSED ] CASE: advertisedResourceValuesAreCappedByLocalPolicy (20273 ns)
    [ PASSED ] CASE: settingsFrameLengthAndAckPayloadAreRejectedByFrameLayer (33514 ns)
    [ PASSED ] CASE: peerDefaultsAreRfcValuesCappedSeparatelyFromLocalAdvertisement (37706 ns)
    [ PASSED ] CASE: clientPushAdvertisementUsesItsOwnFiniteAdmissionBound (23502 ns)
    [ PASSED ] CASE: serverEnablePushSettingIsRejectedInBothDirections (42826 ns)
    TCS: Http2StreamLifecycleTest, time elapsed: 2466794 ns, RESULT:
    [ PASSED ] CASE: bothEndStreamOrdersReachClosedExactlyOnce (24072 ns)
    [ PASSED ] CASE: initialEndStreamHalfClosesTheInitiatingSide (17527 ns)
    [ PASSED ] CASE: clientAndServerAllocateCorrectMonotonicParity (20331 ns)
    [ PASSED ] CASE: peerParityReuseAndDecreasingIdsFailConnection (70541 ns)
    [ PASSED ] CASE: localAndPeerConcurrencyLimitsAreIndependentAndCapacityReturns (44403 ns)
    [ PASSED ] CASE: invalidHalfClosedDirectionsAndUnknownStreamsFailClosed (42602 ns)
    [ PASSED ] CASE: readerTerminationClosesAndUnregistersEveryActiveStream (47947 ns)
    [ PASSED ] CASE: racingAdmissionNeverExceedsConfiguredBoundOrDuplicatesIds (538884 ns)
    [ PASSED ] CASE: racingEndDirectionsCompleteAndCleanupExactlyOnce (702478 ns)
    TCS: Http2StreamResetManagerTest, time elapsed: 2366119 ns, RESULT:
    [ PASSED ] CASE: rstCodecPreservesKnownAndExtensionCodes (51075 ns)
    [ PASSED ] CASE: localCancelQueuesResetAndReleasesOnlyItsStream (66885 ns)
    [ PASSED ] CASE: peerResetCancelsQueuedDataPermitsAndWakesOwnerOnce (72353 ns)
    [ PASSED ] CASE: resetWakesBlockedServerBodyWithoutClosingConnection (85294 ns)
    [ PASSED ] CASE: racingLocalAndPeerResetCompletesEveryStreamExactlyOnce (1362717 ns)
    [ PASSED ] CASE: queuePressureIsAtomicAndCleanupCreditStaysBoundedForRetry (83521 ns)
    TCS: Http2WriteSchedulerTest, time elapsed: 4645403 ns, RESULT:
    [ PASSED ] CASE: controlPrecedesDataAndPartialWritesDrainGracefully (73918 ns)
    [ PASSED ] CASE: controlBurstIsBoundedAndDataStreamsRotateFairly (226174 ns)
    [ PASSED ] CASE: queueCountAndBytesAreHardAndCancellationReleasesCapacity (70304 ns)
    [ PASSED ] CASE: concurrentProducersStillUseExactlyOneWriter (906009 ns)
    [ PASSED ] CASE: abortInterruptsActiveWriteAndFailsEveryTicket (126067 ns)
    [ PASSED ] CASE: transportFailureFansOutAndTicketWaitHonorsCancellation (111109 ns)
    [ PASSED ] CASE: reservedDataConsumesFlowOnlyWhenTheWriterClaimsIt (68705 ns)
    [ PASSED ] CASE: serverDataEventTransfersItsPermitBeforeWriterClaim (83411 ns)
    [ PASSED ] CASE: cancellingQueuedReservedDataReturnsAllFlowCapacity (49764 ns)
    [ PASSED ] CASE: admittedHeaderBatchSurvivesResetDuringPartialFirstWrite (141040 ns)
    [ PASSED ] CASE: unstartedEncodedHeaderBatchIsIrrevocableAfterAdmission (95820 ns)
    [ PASSED ] CASE: largeHeaderBatchRemainsContiguousPastControlBurstLimit (238532 ns)
    [ PASSED ] CASE: failedHeaderBatchAdmissionTerminatesScheduler (74119 ns)
    [ PASSED ] CASE: concurrentHeaderBatchesStayContiguousOnTheWire (512980 ns)
Summary: TOTAL: 177
    PASSED: 177, SKIPPED: 0, ERROR: 0
    FAILED: 0
--------------------------------------------------------------------------------------------------
TP: wirestack.internal.platform.linux, time elapsed: 10123159 ns, RESULT:
    TCS: LinuxSystemTrustAdapterTest, time elapsed: 10123159 ns, RESULT:
    [ PASSED ] CASE: frozenSearchOrderCoversGlibcAndMuslLayouts (187855 ns)
    [ PASSED ] CASE: currentLinuxHostSelectsOneExplicitUsableSource (7925920 ns)
    [ PASSED ] CASE: missingCandidatesFailWithoutProviderDefaultFallback (43549 ns)
    [ PASSED ] CASE: directoryCandidateRequiresReadableHashedCertificateEntry (319994 ns)
    [ PASSED ] CASE: sourceIdentityChangesWhenSameSizeTrustContentChanges (377829 ns)
Summary: TOTAL: 5
    PASSED: 5, SKIPPED: 0, ERROR: 0
    FAILED: 0
--------------------------------------------------------------------------------------------------
TP: wirestack.internal.transport_stdnet, time elapsed: 190583199 ns, RESULT:
    TCS: StdNetTransportListenerTest, time elapsed: 91776992 ns, RESULT:
    [ PASSED ] CASE: listenerRejectsOutOfRangeBacklogBeforeBinding (270126 ns)
    [ PASSED ] CASE: listenerPreCancelledAndExpiredAcceptsFailFast (158481 ns)
    [ PASSED ] CASE: listenerDeadlineBoundsBlockedAcceptAndListenerRemainsUsable (39087785 ns)
    [ PASSED ] CASE: listenerCancellationWakesActiveAcceptAndListenerRemainsUsable (40147091 ns)
    [ PASSED ] CASE: listenerCloseWakesActiveAcceptWithStructuredErrorAndIsIdempotent (10876479 ns)
    TCS: M123TransportDiagnosticsTest, time elapsed: 813807 ns, RESULT:
    [ PASSED ] CASE: stdNetReportsRuntimeEndpointsAndCapabilitiesWithoutGuessingIoBackend (346770 ns)
    [ PASSED ] CASE: deterministicTransportUsesTheSameProviderNeutralContract (70913 ns)
    TCS: M127BackgroundFastPathTest, time elapsed: 24871287 ns, RESULT:
    [ PASSED ] CASE: backgroundAndObservedPathsTransferEquivalentData (258902 ns)
    [ PASSED ] CASE: backgroundPeerCloseRemainsEof (262523 ns)
    [ PASSED ] CASE: backgroundLocalCloseRaceRemainsClosed (1316672 ns)
    [ PASSED ] CASE: backgroundStillRejectsConcurrentReaders (1339561 ns)
    [ PASSED ] CASE: cancellableAndDeadlineContextsRetainGenericChecks (212340 ns)
    [ PASSED ] CASE: deadlineTimeoutIsClearedBeforeBackgroundRead (20407832 ns)
    TCS: Net06CancellationGateTest, time elapsed: 5886163 ns, RESULT:
    [ PASSED ] CASE: cancelledReadsReleaseSocketsWaitersAndTasks (5488383 ns)
    TCS: StdNetTransportTest, time elapsed: 64341596 ns, RESULT:
    [ PASSED ] CASE: writeSomeIsPartialAndReusesBoundedConnectionStaging (536310 ns)
    [ PASSED ] CASE: wholeArrayReadAndWriteBypassStagingForATypicalTlsRecord (2586186 ns)
    [ PASSED ] CASE: subrangesRetainBoundedStagingAndCopyAccounting (255505 ns)
    [ PASSED ] CASE: connectsByResolvedIpAndTransfersBothDirections (251468 ns)
    [ PASSED ] CASE: emptyOperationsAreImmediate (207215 ns)
    [ PASSED ] CASE: unsupportedHalfClosePreservesBothDirections (311809 ns)
    [ PASSED ] CASE: cancellationAbortRemainsNativeOwnerAfterLaterClose (1286536 ns)
    [ PASSED ] CASE: listenerCloseWakesBlockedAcceptAsClosed (1182866 ns)
    [ PASSED ] CASE: cancellingOneAcceptLeavesListenerReusable (29025397 ns)
    [ PASSED ] CASE: preCancelledConnectDoesNotCreateASocket (61985 ns)
    [ PASSED ] CASE: peerGracefulCloseIsReportedAsEof (209985 ns)
    [ PASSED ] CASE: deadlineBoundsBlockedReadWithoutClosingConnection (20371039 ns)
    [ PASSED ] CASE: localCloseMapsBlockedReadWithStableEvidence (1326466 ns)
    [ PASSED ] CASE: explicitAbortWakesBlockedReadWithStableEvidence (1235089 ns)
    [ PASSED ] CASE: gracefulNativeCloseRemainsGracefulAfterLaterAbort (187075 ns)
    [ PASSED ] CASE: explicitAbortRemainsNativeOwnerAfterLaterClose (234808 ns)
    [ PASSED ] CASE: unknownConnectFailureMapsWithoutMessageOrNativeCode (148825 ns)
    [ PASSED ] CASE: concurrentReadsFailWithoutDisturbingTheActiveRead (1304864 ns)
    [ PASSED ] CASE: happyEyeballsComposesWithTheDefaultStdNetFactory (311491 ns)
Summary: TOTAL: 50
    PASSED: 33, SKIPPED: 17, ERROR: 0
    FAILED: 0
--------------------------------------------------------------------------------------------------
TP: wirestack.http, time elapsed: 11197146803 ns, RESULT:
    TCS: RequestBodyTest, time elapsed: 2301874 ns, RESULT:
    [ PASSED ] CASE: byteBodiesOwnInputAndReplayWithIndependentOffsets (307793 ns)
    [ PASSED ] CASE: emptyAndUtf8StringBodiesHaveExactLengths (38145 ns)
    [ PASSED ] CASE: oneShotBodyCanOnlyBeClaimedOnce (72973 ns)
    [ PASSED ] CASE: factoryMustReturnTheDeclaredLengthAndMismatchIsClosed (45247 ns)
    [ PASSED ] CASE: closedStreamRejectsFurtherReads (39450 ns)
    [ PASSED ] CASE: fileBodyStreamsAndReopensWithoutEagerReads (203818 ns)
    [ PASSED ] CASE: fileBodyRejectsOversizeAndChangesBeforeOpen (133173 ns)
    TCS: HttpClientExtensionsTest, time elapsed: 40795702 ns, RESULT:
    [ PASSED ] CASE: nativeCookiesAndServiceHooksSurviveThrowingPoolObservers (35624009 ns)
    [ PASSED ] CASE: mismatchedUpgradePairingsNeverOpenConnections (268577 ns)
    [ PASSED ] CASE: unavailableServerPushClosesTheOwnedResponse (4109730 ns)
    TCS: HttpCookieJarTest, time elapsed: 199051417 ns, RESULT:
    [ PASSED ] CASE: cookieSerializesStandardMetadataWithoutInventingBrowserPolicy (62295 ns)
    [ PASSED ] CASE: hostOnlyAndDomainCookiesDoNotLeakAcrossDnsBoundaries (301498 ns)
    [ PASSED ] CASE: bundledPublicSuffixRulesProtectRegistrableBoundariesByDefault (700429 ns)
    [ PASSED ] CASE: defaultPathAndPathMatchUseDirectoryAndSlashBoundaries (170947 ns)
    [ PASSED ] CASE: maxAgeTakesPrecedenceAndNonPositiveValuesDeleteTheIdentity (180487 ns)
    [ PASSED ] CASE: secureMetadataControlsTransportAndHttpOnlyDoesNotChangeWireSelection (74114 ns)
    [ PASSED ] CASE: valuedSecureAttributeCannotLeakCookiesToCleartext (68836 ns)
    [ PASSED ] CASE: cleartextOriginsCannotCreateOrOverlaySecureCookies (292707 ns)
    [ PASSED ] CASE: rejectsHeaderInjectionAndInvalidCookieOctetsBeforeStorage (110576 ns)
    [ PASSED ] CASE: capacityHeaderBoundsAndReplacementRemainDeterministic (100360 ns)
    [ PASSED ] CASE: removalClearAndSnapshotsExposeOnlyLiveImmutableCookies (99373 ns)
    [ PASSED ] CASE: concurrentStoresAndReadsRemainRaceFreeAndBounded (1856554 ns)
    [ PASSED ] CASE: boundedSetCookieMutationsPreserveScopeAndHeaderSafety (193106719 ns)
    TCS: Http1DeterministicFuzzTest, time elapsed: 7810928 ns, RESULT:
    [ PASSED ] CASE: acceptedUrlMutationsRoundTripToOneCanonicalIdentity (4433537 ns)
    [ PASSED ] CASE: acceptedNoProxyMutationsRemainDeterministicAcrossTargets (2719286 ns)
    [ PASSED ] CASE: proxyAuthorizationMutationCannotInjectBeforeDnsOrConnect (189993 ns)
    TCS: HttpErrorTest, time elapsed: 479055 ns, RESULT:
    [ PASSED ] CASE: publicGetMapsInvalidUrlWithoutNetworkSideEffects (142510 ns)
    [ PASSED ] CASE: classifierProvidesStableHttpFailureCodes (46767 ns)
    TCS: HttpFacadeTest, time elapsed: 633165098 ns, RESULT:
    [ PASSED ] CASE: retainedPushContextObservesCancellationAfterParentCompletion (52730 ns)
    [ PASSED ] CASE: finishedPushLifetimeDetachesCompletedRequestCancellation (36365 ns)
    [ PASSED ] CASE: cancellationWrapperPreservesProtocolCompletionPolicy (33972 ns)
    [ PASSED ] CASE: typedCancellationHandlesAreScopedIdempotentAndStopBeforeNetworkIo (3908753 ns)
    [ PASSED ] CASE: publicHttp1ConnectionHandleCancelsBodyAndLeavesClientReusable (7468839 ns)
    [ PASSED ] CASE: publicHttp2StreamAndConnectionHandlesRespectTheirScopes (93310097 ns)
    [ PASSED ] CASE: publicHttp2SlowStreamCannotStarveOneTenOrHundredSiblings (141332395 ns)
    [ PASSED ] CASE: tlsHttp2StreamLimitIsAppliedAcrossConcurrentPublicRequests (27379912 ns)
    [ PASSED ] CASE: tlsFacadeNegotiatesHttp2AndMapsBodyTrailersAndResponse (40002434 ns)
    [ PASSED ] CASE: explicitResolverConnectsPublicClientAndServer (1861380 ns)
    [ PASSED ] CASE: defaultSystemResolverConnectsPublicClientAndServer (272887645 ns)
    [ PASSED ] CASE: clientFollowsOriginRelativeRedirectEndToEnd (4031327 ns)
    [ PASSED ] CASE: clientRetriesOneTemporaryDnsFailureWithinTheSameDeadline (2497199 ns)
    [ PASSED ] CASE: forwardProxyUsesAbsoluteFormIndependentDnsAndHookCredentials (2683564 ns)
    [ PASSED ] CASE: serverBuilderRequiresEndpointAndHandler (43805 ns)
    [ PASSED ] CASE: tlsServerConfigFailsClosedBeforeBinding (193838 ns)
    [ PASSED ] CASE: followedHttp2RedirectClosesUnclaimedPushBeforeClientTeardown (32563772 ns)
    TCS: Http2ConcurrentResponseBodyTest, time elapsed: 29293734 ns, RESULT:
    [ PASSED ] CASE: twoPublicHttp2BodiesCompleteIndependently (29066925 ns)
    TCS: FileHandlerTest, time elapsed: 12996655 ns, RESULT:
    [ PASSED ] CASE: confinedDownloadRejectsTraversalAndSymlinkWhileOpenBodyOutlivesHandler (4610301 ns)
    [ PASSED ] CASE: uploadPublishesOneCompleteBinaryFileAndNeverPublishesRejectedMultipart (7967646 ns)
    TCS: HttpMessageTest, time elapsed: 1543743 ns, RESULT:
    [ PASSED ] CASE: requestFactoriesProduceImmutableProtocolNeutralModels (70709 ns)
    [ PASSED ] CASE: responseEofCompletesObserverExactlyOnce (37383 ns)
    [ PASSED ] CASE: earlyCloseAbandonsObserverExactlyOnce (40335 ns)
    [ PASSED ] CASE: readFailureClosesAndAbandonsTheBody (33566 ns)
    [ PASSED ] CASE: emptyDestinationDoesNotMistakeNoProgressForEof (20207 ns)
    [ PASSED ] CASE: boundedDrainCompletesOnlyWhenEofIsProven (32899 ns)
    [ PASSED ] CASE: invalidSourceProgressFailsClosed (30783 ns)
    [ PASSED ] CASE: responseRejectsInvalidStatusAndReason (47215 ns)
    TCS: MultipartTest, time elapsed: 4075346109 ns, RESULT:
    [ PASSED ] CASE: writerStreamsExactBinaryFramingAndReplaysIndependently (419800 ns)
    [ PASSED ] CASE: boundarySeparatorsRoundtripThroughContentTypeAndBody (1374735 ns)
    [ PASSED ] CASE: readerPreservesBinaryWhenEveryDelimiterIsSplitAcrossReads (793675 ns)
    [ PASSED ] CASE: closingPartDiscardsOnlyThatPartAndReleasesNextPart (699130 ns)
    [ PASSED ] CASE: malformedAndConfiguredLimitsCloseOwnedSource (145763 ns)
    [ PASSED ] CASE: partCountLimitRejectsBeforeParsingUnboundedAdditionalMetadata (173927 ns)
    [ PASSED ] CASE: boundedDeterministicWireMutationsAreChunkIndependent (4067831761 ns)
    [ PASSED ] CASE: deterministicMutationHarnessEnforcesSmallLimitsAndOwnedClosure (2671358 ns)
    TCS: HttpModelTest, time elapsed: 1479795 ns, RESULT:
    [ PASSED ] CASE: methodSupportsStandardAndExtensionTokens (21159 ns)
    [ PASSED ] CASE: headersPreserveOrderAndMultipleValues (38230 ns)
    [ PASSED ] CASE: headersOwnTheirInputAndOutputArrays (18515 ns)
    [ PASSED ] CASE: builderSetAndRemoveUseCaseInsensitiveNames (34554 ns)
    [ PASSED ] CASE: rejectsInjectionAndInvalidNames (49179 ns)
    [ PASSED ] CASE: enforcesCountLineAndTotalLimits (26646 ns)
    [ PASSED ] CASE: urlNormalizesSchemeHostAndDefaultTarget (22954 ns)
    [ PASSED ] CASE: urlPreservesExplicitPortPathAndQuery (21349 ns)
    [ PASSED ] CASE: urlRequiresBracketedIpv6AndKeepsQueryOnlyTargetValid (16970 ns)
    [ PASSED ] CASE: urlRejectsAmbiguousAndUnsafeInputs (87401 ns)
    [ PASSED ] CASE: trailerRejectsRoutingAndFramingFields (172645 ns)
    TCS: HttpProxyPolicyTest, time elapsed: 705336 ns, RESULT:
    [ PASSED ] CASE: noProxyMatchesDnsBoundariesAndOptionalPorts (99953 ns)
    [ PASSED ] CASE: noProxyMatchesTypedIpLiteralsExactlyAndWildcardExplicitly (57986 ns)
    [ PASSED ] CASE: endpointsRetainDnsIpv4AndIpv6RouteIdentity (24501 ns)
    [ PASSED ] CASE: routeSelectionUsesNoProxyWithoutCallingAuthorizationHook (50866 ns)
    [ PASSED ] CASE: rejectsAmbiguousNoProxyPatternsAndEndpointPorts (33249 ns)
    TCS: HttpRedirectPolicyTest, time elapsed: 967754 ns, RESULT:
    [ PASSED ] CASE: rewritesPostOn302AndRemovesBodyHeaders (88080 ns)
    [ PASSED ] CASE: stripsSensitiveHeadersOnlyAcrossOrigins (116075 ns)
    [ PASSED ] CASE: rejectsDowngradeLimitAndOneShotReplay (138870 ns)
    [ PASSED ] CASE: resolvesSchemeRelativeAndQueryOnlyLocations (72093 ns)
    [ PASSED ] CASE: resolvesRelativePathsAndRemovesDotSegments (91879 ns)
    TCS: HttpRetryPolicyTest, time elapsed: 561288 ns, RESULT:
    [ PASSED ] CASE: retriesOnlyIdempotentReplayableStructuredFailures (55197 ns)
    [ PASSED ] CASE: explicitSafetyAllowsPostButDisabledAndOneShotFailClosed (45929 ns)
    [ PASSED ] CASE: cancellationDeadlineUnknownAndNeverAreNotRetried (48375 ns)
    [ PASSED ] CASE: goAwayRetriesOnlyDefinitelyUnprocessedSafeReplayableRequests (47671 ns)
    TCS: Http1SseStreamingProfileTest, time elapsed: 3007683410 ns, RESULT:
    [ PASSED ] CASE: http1StreamsWithoutLifetimeAccumulationAndCancels (3007464730 ns)
    TCS: Http2SseStreamingProfileTest, time elapsed: 3025212234 ns, RESULT:
    [ PASSED ] CASE: http2StreamsWithoutLifetimeAccumulationAndPreservesSibling (3024930103 ns)
    TCS: M2005SystemResolverTest, time elapsed: 9985573 ns, RESULT:
    [ PASSED ] CASE: resolvesLocalhostThroughThePublicContract (8409326 ns)
    [ PASSED ] CASE: fixtureReturnsAllCandidatesAndDoesNotInventTtl (25193 ns)
    [ PASSED ] CASE: fixtureAppliesFamilyAndResultBounds (20986 ns)
    [ PASSED ] CASE: fixtureMapsStableErrorsAndRetainsNativeEvidence (19275 ns)
    [ PASSED ] CASE: fixtureCancellationAndDeadlineReturnBeforeNativeCleanup (30641 ns)
    [ PASSED ] CASE: validatesBoundsAndRejectsUseAfterClose (163416 ns)
    TCS: WebSocketHandshakeTest, time elapsed: 41146395 ns, RESULT:
    [ PASSED ] CASE: nativeHttp1UpgradeTransfersFramesAndClosesSession (4136094 ns)
    [ PASSED ] CASE: nativeHttp2ExtendedConnectKeepsSiblingRequestsUsable (36565558 ns)
    TCS: WebSocketConnectionTest, time elapsed: 103867738 ns, RESULT:
    [ PASSED ] CASE: fragmentedUtf8AndAutomaticPongSurviveOneByteTransportReads (154663 ns)
    [ PASSED ] CASE: preCancelledSendPerformsNoIoAndLeavesUntouchedSessionHealthy (114032 ns)
    [ PASSED ] CASE: fragmentedMessageBoundRejectsBeforeWritingAndPreservesProgression (90903 ns)
    [ PASSED ] CASE: roleMaskingAndNonCanonicalLengthFailClosedWithProtocolStatus (163907 ns)
    [ PASSED ] CASE: fragmentedTextRejectsInvalidContinuationAtTheMessageBoundary (80236 ns)
    [ PASSED ] CASE: gracefulCloseEchoesStatusAndCompletesBothOwners (148462 ns)
    [ PASSED ] CASE: handshakeCryptoMatchesRfcVectorAndReturnsCanonicalFreshKeyShape (56783 ns)
    [ PASSED ] CASE: framePayloadIsOwnedAndCloseInputIsStrict (56624 ns)
    [ PASSED ] CASE: boundedDeterministicWireMutationsAreSplitInvariantAndFailClosed (101822864 ns)
Summary: TOTAL: 111
    PASSED: 108, SKIPPED: 3, ERROR: 0
    FAILED: 0
--------------------------------------------------------------------------------------------------
TP: wirestack.internal.tls_engine, time elapsed: 24043674540 ns, RESULT:
    TCS: TlsConnectionTest, time elapsed: 12638373 ns, RESULT:
    [ PASSED ] CASE: handshakeTransfersOwnershipAndPlaintextIoUsesTheEngine (1147887 ns)
    [ PASSED ] CASE: oneReadAndOneWriteMayOverlapButSecondReadFailsImmediately (917507 ns)
    [ PASSED ] CASE: handshakeFailureAbortsTransportAndReleasesEngineExactlyOnce (76864 ns)
    [ PASSED ] CASE: expiredHandshakeDeadlineStillConsumesAndAbortsBothInputs (74566 ns)
    [ PASSED ] CASE: ioFailureAbortsAndRepeatedTerminalCallsDoNotReleaseTwice (451033 ns)
    [ PASSED ] CASE: unsupportedHalfCloseDoesNotMutateAnOpenConnection (126081 ns)
    [ PASSED ] CASE: concurrentCloseAndAbortReleaseUnderlyingResourcesOnce (6624408 ns)
    [ PASSED ] CASE: gracefulCloseSendsAndProcessesCloseNotifyBeforeReleasingResources (131175 ns)
    [ PASSED ] CASE: tcpEofDuringGracefulCloseRetainsTruncationAndStillReleasesEverything (130784 ns)
    [ PASSED ] CASE: expiredCloseBudgetStillClosesTransportAndReleasesEngine (120964 ns)
    [ PASSED ] CASE: abortNeverAttemptsTlsShutdownAndRetainsLocalAbortEvidence (65340 ns)
    [ PASSED ] CASE: tcpEofDuringApplicationReadRetainsTruncationBeforeAbort (462196 ns)
    [ PASSED ] CASE: peerCloseNotifyProducesEofEvidenceAndRejectsNewApplicationWrites (485482 ns)
    TCS: Net06TlsTransportCleanupGateTest, time elapsed: 1537410 ns, RESULT:
    [ PASSED ] CASE: failedHandshakesDisposeEngineAndTransportExactlyOnce (1343780 ns)
    TCS: TlsContextTest, time elapsed: 3870350 ns, RESULT:
    [ PASSED ] CASE: linuxCapabilitiesAreExplicitAndNeverInferredFromProviderNames (22694 ns)
    [ PASSED ] CASE: defaultSystemTrustFailsAtBuildUntilLinuxAdapterIsAvailable (77143 ns)
    [ PASSED ] CASE: modernClientContextIsImmutableAndConcurrentShareable (460162 ns)
    [ PASSED ] CASE: strictTls13RejectsAnyTls12Override (144606 ns)
    [ PASSED ] CASE: missingTls13AndHttp2CapabilitiesFailBeforeHandshake (229744 ns)
    [ PASSED ] CASE: alpnRejectsEmptyAndDuplicateProtocolNames (267550 ns)
    [ PASSED ] CASE: serverRequiresServerIdentityAndMtlSTrustAtBuildTime (895649 ns)
    [ PASSED ] CASE: clientIdentityCapabilityIsValidatedAtBuildTime (793788 ns)
    TCS: TlsEnginePumpTest, time elapsed: 241348672 ns, RESULT:
    [ PASSED ] CASE: awsLcClientEngineProducesAClientHelloWithoutSocketIo (31167380 ns)
    [ PASSED ] CASE: strictTls13PolicyIsAcceptedByTheNativeEngine (115429 ns)
    [ PASSED ] CASE: LinuxSystemTrustLoadsExplicitlyAndSniStaysSeparateFromReferenceIdentity (15485941 ns)
    [ PASSED ] CASE: customRootChainIsLoadedIntoARealAwsLcClientEngine (519067 ns)
    [ PASSED ] CASE: spkiPinPolicyConfiguresTheNativeVerificationPathBeforeHandshake (159672 ns)
    [ PASSED ] CASE: matchingSpkiPinCompletesARealClientServerHandshake (11487533 ns)
    [ PASSED ] CASE: matchingSpkiPinDoesNotBypassReferenceIdentityVerification (10070316 ns)
    [ PASSED ] CASE: realAwsLcEnginesExchangeCloseNotifyInBothDirections (10838956 ns)
    [ PASSED ] CASE: handshakeInfoReportsNegotiatedAlpnPeerChainAndVerificationEvidence (11638130 ns)
    [ PASSED ] CASE: tls13TicketResumesAcrossFreshEnginesWithoutEarlyData (13110947 ns)
    [ PASSED ] CASE: tls12TicketResumesAcrossFreshEngines (13330245 ns)
    [ PASSED ] CASE: sniSelectsTheCompleteImmutableContextAndItsCertificate (12461040 ns)
    [ PASSED ] CASE: sniSelectorRejectsMissingAndUnknownNamesWithStableEvidence (17985201 ns)
    [ PASSED ] CASE: noSharedAlpnFailsTheHandshakeInsteadOfSilentlySelectingNothing (9469828 ns)
    [ PASSED ] CASE: requiredMutualTlsUsesClientIdentityAndReturnsServerVerificationEvidence (11039056 ns)
    [ PASSED ] CASE: requiredMutualTlsRejectsMissingClientIdentityButOptionalAllowsIt (13072765 ns)
    [ PASSED ] CASE: mismatchedSpkiPinFailsARealClientServerHandshake (9574940 ns)
    [ PASSED ] CASE: externalSignerCompletesARealHandshakeOutsideTheNativeCallback (29013668 ns)
    [ PASSED ] CASE: externalSignerExceptionFailsClosedWithoutCrossingTheCAbi (8292406 ns)
    [ PASSED ] CASE: cancellationBeforeSignerInvocationFailsThePendingNativeOperation (8276510 ns)
    [ PASSED ] CASE: pumpHandlesWantReadWriteAndPartialIoWithBoundedBuffers (41963 ns)
    [ PASSED ] CASE: wantWriteWithoutCiphertextFailsInsteadOfSpinning (93196 ns)
    [ PASSED ] CASE: eofDuringWantReadRetainsTlsHandshakeEvidence (66881 ns)
    [ PASSED ] CASE: preCancellationStopsBeforeCallingProviderOrTransport (67341 ns)
    [ PASSED ] CASE: expiredDeadlineStopsBeforeCallingProviderOrTransport (82719 ns)
    TCS: LocalIdentityTest, time elapsed: 5518053 ns, RESULT:
    [ PASSED ] CASE: pkcs8InputIsExactBoundedAndZeroizable (504708 ns)
    [ PASSED ] CASE: pkcs8FileAdapterReadsOneBoundedRegularFile (506353 ns)
    [ PASSED ] CASE: localIdentityValidatesLeafKeyMatchAndHasStablePublicIdentity (1526840 ns)
    [ PASSED ] CASE: mismatchedCertificateAndPrivateKeyFailAtIdentityBuild (736885 ns)
    [ PASSED ] CASE: externalSignerAndSystemHandleShareOneOpaqueKeyContract (681002 ns)
    [ PASSED ] CASE: duplicateSignerAlgorithmsAndMismatchedSpkiFailAtBuild (825015 ns)
    TCS: M3028TlsFuzzTest, time elapsed: 23776472252 ns, RESULT:
    [ PASSED ] CASE: recordMutationsHaveDeterministicTypedTerminals (9420798435 ns)
    [ PASSED ] CASE: handshakeMutationsHaveDeterministicTypedTerminals (9322484012 ns)
    [ PASSED ] CASE: certificateAdapterMutationsHaveDeterministicTypedTerminals (5032453371 ns)
    TCS: TlsProviderSubstitutionTest, time elapsed: 1066579 ns, RESULT:
    [ PASSED ] CASE: testProviderUsesTheProductionFactoryContract (285379 ns)
    [ PASSED ] CASE: objectsFromDifferentProviderInstancesCannotMix (289081 ns)
    [ PASSED ] CASE: activeEngineRetainsProviderUntilItCloses (22730 ns)
    TCS: TlsSessionStoreTest, time elapsed: 454244 ns, RESULT:
    [ PASSED ] CASE: boundedLruExpiryAndSingleUseAreDeterministic (52715 ns)
    [ PASSED ] CASE: everySecurityPartitionDimensionPreventsReuse (54194 ns)
Summary: TOTAL: 61
    PASSED: 61, SKIPPED: 0, ERROR: 0
    FAILED: 0
--------------------------------------------------------------------------------------------------
TP: wirestack.internal.connector, time elapsed: 13400616 ns, RESULT:
    TCS: AttemptPlanTest, time elapsed: 1467790 ns, RESULT:
    [ PASSED ] CASE: alternatesFamiliesAndPreservesFamilyOrder (223926 ns)
    [ PASSED ] CASE: firstFamilyControlsPreferenceAndDuplicatesAreRemoved (53374 ns)
    [ PASSED ] CASE: distinctIpv6ZonesAreNotDeduplicated (33952 ns)
    [ PASSED ] CASE: rejectsEmptyCandidatesAndNegativeDelay (102470 ns)
    TCS: HappyEyeballsConnectorTest, time elapsed: 10109635 ns, RESULT:
    [ PASSED ] CASE: emitsCompleteDnsAttemptAndConnectedLifecycle (304668 ns)
    [ PASSED ] CASE: blackholedFirstCandidateIsCancelledAndJoinedBeforeReturn (7975644 ns)
    [ PASSED ] CASE: ipv6FirstSuccessSkipsLaterIpv4Attempt (138316 ns)
    [ PASSED ] CASE: simultaneousSuccessKeepsOneWinnerAndAbortsEveryLoser (159696 ns)
    [ PASSED ] CASE: allFailuresAreJoinedAndRetainedAsDiagnostics (103566 ns)
    [ PASSED ] CASE: preCancelledParentStartsNeitherDnsNorAttempts (46633 ns)
    [ PASSED ] CASE: parentCancellationAfterSuccessPreventsWinnerPublication (124563 ns)
    [ PASSED ] CASE: deadlineAtSuccessBoundaryPreventsWinnerPublication (122678 ns)
    TCS: ConnectionRouteTest, time elapsed: 1601794 ns, RESULT:
    [ PASSED ] CASE: directRouteRetainsItsLocalOriginResolver (124620 ns)
    [ PASSED ] CASE: explicitProxySeparatesOriginAndProxyDns (46156 ns)
    [ PASSED ] CASE: typedIpTargetsNeverCarryResolvers (80898 ns)
    [ PASSED ] CASE: rejectsDelegatedDnsWithoutAnOwningProxyAndInvalidConnectTargets (82077 ns)
    [ PASSED ] CASE: networkAndTlsParametersAreBoundedAndOwned (578466 ns)
Summary: TOTAL: 17
    PASSED: 17, SKIPPED: 0, ERROR: 0
    FAILED: 0
--------------------------------------------------------------------------------------------------
TP: wirestack.internal.common, time elapsed: 2122968 ns, RESULT:
    TCS: EndpointTest, time elapsed: 1401820 ns, RESULT:
    [ PASSED ] CASE: acceptsTypedIpv4AndIpv6WithoutDns (255259 ns)
    [ PASSED ] CASE: addressOwnsAnImmutableOctetSnapshot (16688 ns)
    [ PASSED ] CASE: rejectsWrongLengthsAndIpv4Zones (41990 ns)
    [ PASSED ] CASE: ipv6ZoneAndPortBoundariesRemainTypedIdentity (16281 ns)
    [ PASSED ] CASE: rejectsEmptyAndOversizedIpv6Zones (26796 ns)
    TCS: HostNameTest, time elapsed: 644570 ns, RESULT:
    [ PASSED ] CASE: canonicalizesAsciiCaseAndOneRootDot (35604 ns)
    [ PASSED ] CASE: rejectsAmbiguousOrInvalidDnsNames (86970 ns)
    [ PASSED ] CASE: acceptsAsciiALabelAndExactDnsLengthBoundaries (53747 ns)
    [ PASSED ] CASE: rejectsOneByteBeyondLabelAndHostLimits (28078 ns)
Summary: TOTAL: 9
    PASSED: 9, SKIPPED: 0, ERROR: 0
    FAILED: 0
--------------------------------------------------------------------------------------------------
TP: wirestack.internal.http1, time elapsed: 1419375007 ns, RESULT:
    TCS: HttpAutomaticHttpsClientTest, time elapsed: 4452623 ns, RESULT:
    [ PASSED ] CASE: h2NegotiationMultiplexesTenRequestsOnOneTlsConnection (2428046 ns)
    [ PASSED ] CASE: http11NegotiationFallsBackAndReusesTheAdoptedConnection (1240564 ns)
    TCS: Http1ChunkedCodecTest, time elapsed: 1437293 ns, RESULT:
    [ PASSED ] CASE: decoderStreamsDataExtensionsTrailersAndRemainder (70451 ns)
    [ PASSED ] CASE: decoderHandlesEveryBoundaryOneByteAtATime (57906 ns)
    [ PASSED ] CASE: encoderProducesCanonicalChunksAndBoundedTrailers (56517 ns)
    [ PASSED ] CASE: rejectsInvalidSizeExtensionAndTerminators (66119 ns)
    [ PASSED ] CASE: enforcesBodyChunkLineAndTrailerBounds (53806 ns)
    [ PASSED ] CASE: streamingResponseKeepsEachChunkBoundedWithoutALifetimeCeiling (109056 ns)
    [ PASSED ] CASE: rejectsForbiddenOrFoldedTrailers (70015 ns)
    [ PASSED ] CASE: eofAndPostCompletionUseFailClosedStates (47686 ns)
    [ PASSED ] CASE: decodeBatchesOwnDataAndRemainingBytes (36544 ns)
    TCS: Http1ClientConnectionTest, time elapsed: 16263301 ns, RESULT:
    [ PASSED ] CASE: expectContinueWaitsForApprovalBeforeOpeningBody (772525 ns)
    [ PASSED ] CASE: finalRejectionBeforeContinueNeverOpensRequestBody (532306 ns)
    [ PASSED ] CASE: continueWaitTimeoutSendsBodyUnderTheOriginalBudget (12436279 ns)
    [ PASSED ] CASE: serializesRequestsUntilBodyEofThenReusesConnection (906556 ns)
    [ PASSED ] CASE: earlyBodyCloseClosesInsteadOfReturningConnectionForReuse (437121 ns)
    [ PASSED ] CASE: connectionCloseResponseIsNeverReusableAfterEof (469325 ns)
    TCS: Http1CleartextClientTest, time elapsed: 1524929 ns, RESULT:
    [ PASSED ] CASE: resolvesConnectsAndReusesOnlyAfterBodyCompletion (1220977 ns)
    [ PASSED ] CASE: rejectsHttpsBeforeDnsOrPoolMutation (64957 ns)
    TCS: Http1ConnectionPoolTest, time elapsed: 2894627 ns, RESULT:
    [ PASSED ] CASE: emitsSecretFreeAcquireAndReleaseLifecycle (388294 ns)
    [ PASSED ] CASE: reusesOnlyTheSameCompleteKey (247197 ns)
    [ PASSED ] CASE: enforcesTotalPerKeyIdleAndWaiterBounds (643278 ns)
    [ PASSED ] CASE: activeWaitHonorsCancellationAndReleasesWaiterSlot (268199 ns)
    [ PASSED ] CASE: evictsExpiredAndClosedConnectionsInsteadOfReusingThem (456402 ns)
    [ PASSED ] CASE: failedCreationRollsBackItsCapacityReservation (244593 ns)
    TCS: Http1HeadParserTest, time elapsed: 1846229 ns, RESULT:
    [ PASSED ] CASE: requestParsesIncrementallyAndReturnsBodyRemainder (144461 ns)
    [ PASSED ] CASE: oneFeedRetainsBytesAfterTheHead (69005 ns)
    [ PASSED ] CASE: responseParsesStatusReasonHeadersAndFraming (95351 ns)
    [ PASSED ] CASE: acceptsOriginAbsoluteAuthorityAndAsteriskFormsOnlyWhereValid (223654 ns)
    [ PASSED ] CASE: rejectsBareLfObsFoldAndInvalidHeaderSyntax (118365 ns)
    [ PASSED ] CASE: requiresOneValidHostAndMatchingAbsoluteAuthority (212067 ns)
    [ PASSED ] CASE: rejectsInvalidTargetVersionAndBoundViolations (109668 ns)
    [ PASSED ] CASE: completedParserCannotBeReused (68013 ns)
    TCS: Http2Streams1BenchmarkTest, time elapsed: 13474919 ns, RESULT:
    [ PASSED ] CASE: benchmarkOneConcurrentStream (13270694 ns)
    TCS: Http2Streams10BenchmarkTest, time elapsed: 88411007 ns, RESULT:
    [ PASSED ] CASE: benchmarkTenConcurrentStreams (88165561 ns)
    TCS: Http2Streams100BenchmarkTest, time elapsed: 975949643 ns, RESULT:
    [ PASSED ] CASE: benchmarkHundredConcurrentStreams (975699686 ns)
    TCS: Http1HundredConnectionBaselineTest, time elapsed: 39281680 ns, RESULT:
    [ PASSED ] CASE: benchmarkHundredConcurrentConnections (39029799 ns)
    TCS: Http2ConnectionPoolTest, time elapsed: 2050300 ns, RESULT:
    [ PASSED ] CASE: alpnPrefersH2AndFallsBackOnlyToHttp11 (27137 ns)
    [ PASSED ] CASE: oneConnectionIsSharedUntilPeerStreamCapacityIsFull (184460 ns)
    [ PASSED ] CASE: concurrentFirstUseDoesNotCreateAConnectionStampede (574037 ns)
    [ PASSED ] CASE: newConnectionIsPublishedOnlyAfterItsFirstStreamIsAdmitted (63488 ns)
    [ PASSED ] CASE: completeSecurityKeyPreventsCrossContextReuse (60383 ns)
    [ PASSED ] CASE: drainingConnectionRetainsExistingStreamButReceivesNoNewLease (59676 ns)
    [ PASSED ] CASE: drainingConnectionWaitsForNonLocalOwnersBeforeDiscard (74676 ns)
    [ PASSED ] CASE: fullBoundedPoolHonorsOneCallerDeadline (58748 ns)
    [ PASSED ] CASE: poolCloseAbortsEverySharedConnectionExactlyOnce (50018 ns)
    TCS: Http1FramingTest, time elapsed: 1230066 ns, RESULT:
    [ PASSED ] CASE: requestUsesOneSharedEmptyLengthOrChunkedDecision (92716 ns)
    [ PASSED ] CASE: identicalContentLengthsAreAcceptedAcrossFieldsAndLists (47996 ns)
    [ PASSED ] CASE: conflictingOrInvalidContentLengthsAreRejected (129338 ns)
    [ PASSED ] CASE: contentLengthAndTransferEncodingNeverCoexist (36224 ns)
    [ PASSED ] CASE: ambiguousTransferEncodingIsRejected (91464 ns)
    [ PASSED ] CASE: responseHandlesHeadStatusesConnectAndCloseDelimiting (70207 ns)
    [ PASSED ] CASE: bodylessAndSuccessfulConnectResponsesRejectFramingFields (61585 ns)
    TCS: HttpConnectionPoolKeyTest, time elapsed: 356831 ns, RESULT:
    [ PASSED ] CASE: canonicalOriginProducesStableEqualityAndHash (14686 ns)
    [ PASSED ] CASE: everySecurityAndRouteDimensionPartitionsReuse (29639 ns)
    [ PASSED ] CASE: refusesIncompletePartitionIdentities (13842 ns)
    TCS: Http1ProxyClientPipelineTest, time elapsed: 5948481 ns, RESULT:
    [ PASSED ] CASE: dynamicConnectCredentialsNeverReuseAnAuthenticatedTunnel (3888823 ns)
    [ PASSED ] CASE: rejectedConnectDrainsClosesAndReturnsStructuredNonRetryableFailure (1742880 ns)
    TCS: Http1RequestWriterTest, time elapsed: 4844922 ns, RESULT:
    [ PASSED ] CASE: twoStageWriterDoesNotOpenBodyBeforeExplicitCommit (843264 ns)
    [ PASSED ] CASE: writesFixedBodyThroughPartialTransportOperations (675186 ns)
    [ PASSED ] CASE: streamsUnknownLengthBodyAsCanonicalChunks (715400 ns)
    [ PASSED ] CASE: rejectsDeclaredMismatchBeforeWritingAnything (175277 ns)
    [ PASSED ] CASE: prematureBodyEofRetainsPartialCommitEvidence (1304164 ns)
    [ PASSED ] CASE: emptyFramingProbesSourceInsteadOfDroppingUnexpectedBytes (255588 ns)
    TCS: Http1ResponseReaderTest, time elapsed: 6194022 ns, RESULT:
    [ PASSED ] CASE: explicitUpgradeTransfersOnlyAMatching101Protocol (445577 ns)
    [ PASSED ] CASE: mismatchedUpgradeResponseFailsClosed (592285 ns)
    [ PASSED ] CASE: explicitConnectTransfersBufferedTunnelBytesAndTransportOwnership (350804 ns)
    [ PASSED ] CASE: failedConnectRemainsAnHttpResponseAndClosesAfterBody (408244 ns)
    [ PASSED ] CASE: readsInterimAndFixedResponseWithoutBufferingTheBody (326094 ns)
    [ PASSED ] CASE: received4xxAnd5xxRemainHttpResponses (1275443 ns)
    [ PASSED ] CASE: decodesChunkedResponseAndPublishesTrailerAtEof (344627 ns)
    [ PASSED ] CASE: closeDelimitedBodyCompletesOnlyAtTransportEof (256089 ns)
    [ PASSED ] CASE: chunkedStreamingResponseMayExceedThePerSegmentBodyBound (325375 ns)
    [ PASSED ] CASE: prematureFixedBodyEofAbandonsResponseExactlyOnce (279759 ns)
    [ PASSED ] CASE: rejectsImplicitUpgradeAndConnectTransportTransfer (519122 ns)
    TCS: Http1SerializerTest, time elapsed: 1134907 ns, RESULT:
    [ PASSED ] CASE: clientRequestAddsHostAndUsesOriginForm (67861 ns)
    [ PASSED ] CASE: forwardProxyRequestUsesAbsoluteFormAndOriginHost (70261 ns)
    [ PASSED ] CASE: requestPreservesOrderedMultipleFieldsAndLengthFraming (57024 ns)
    [ PASSED ] CASE: requestRejectsMissingDuplicateOrMismatchedHost (60392 ns)
    [ PASSED ] CASE: responseSerializesStatusAndUsesSharedFraming (34363 ns)
    [ PASSED ] CASE: responseRejectsInjectionAndForbiddenBodyFraming (43155 ns)
    [ PASSED ] CASE: writerHandlesPartialTransportWritesUnderOneContext (83636 ns)
    [ PASSED ] CASE: serializedBytesAreDefensiveCopies (54991 ns)
    TCS: Http1ServerConnectionTest, time elapsed: 5930841 ns, RESULT:
    [ PASSED ] CASE: serializesTwoKeepAliveExchanges (1993458 ns)
    [ PASSED ] CASE: unreadRequestBodyForcesConnectionCloseAfterResponse (794359 ns)
    [ PASSED ] CASE: handlerFailureProducesBounded500AndCloses (1306286 ns)
    [ PASSED ] CASE: rejectedHandoffReleasesSessionOwnershipExactlyOnce (750591 ns)
    [ PASSED ] CASE: selectedUpgradeOfferTransfersBufferedSessionBytes (515485 ns)
    TCS: Http1ServerRequestReaderTest, time elapsed: 8730427 ns, RESULT:
    [ PASSED ] CASE: streamsFixedRequestBodyWithoutReadingPastItsLength (367003 ns)
    [ PASSED ] CASE: decodesChunkedRequestAndPublishesTrailer (572926 ns)
    [ PASSED ] CASE: sendsContinueOnlyWhenHandlerStartsReadingTheBody (6828274 ns)
    [ PASSED ] CASE: rejectingWithoutReadingNeverSendsContinue (494419 ns)
    TCS: Http1ServerTest, time elapsed: 29223678 ns, RESULT:
    [ PASSED ] CASE: shutdownAbortsConnectionBlockedInsideTlsHandshake (8967269 ns)
    [ PASSED ] CASE: acceptSideTlsHookOwnsConnectionAndClosesAfterShutdown (714059 ns)
    [ PASSED ] CASE: gracefulShutdownStopsAcceptAfterCompletedConnection (429694 ns)
    [ PASSED ] CASE: expiredShutdownAbortsBlockedConnectionAndReturnsBoundedly (8573435 ns)
    [ PASSED ] CASE: connectionLimitPreventsSecondAcceptUntilCapacityReturns (9938574 ns)
    TCS: Http1ServerResponseWriterTest, time elapsed: 3215631 ns, RESULT:
    [ PASSED ] CASE: writesFixedResponseThroughPartialTransportOperations (528562 ns)
    [ PASSED ] CASE: streamsChunkedResponseAndTrailer (593949 ns)
    [ PASSED ] CASE: chunkedStreamingResponseMayExceedThePerSegmentBodyBound (521026 ns)
    [ PASSED ] CASE: headResponseNeverTransfersRepresentationBytes (111588 ns)
    [ PASSED ] CASE: closeDelimitedResponseRequiresConnectionClose (499982 ns)
    [ PASSED ] CASE: rejectsKnownLengthMismatchBeforeCommittingHead (107322 ns)
    TCS: Http1SmugglingCorpusTest, time elapsed: 74941474 ns, RESULT:
    [ PASSED ] CASE: clientAndServerFramingRejectTheSameAmbiguousHeaderCorpus (3056996 ns)
    [ PASSED ] CASE: identicalLengthsAndOneFinalChunkedCodingRemainUnambiguous (502929 ns)
    [ PASSED ] CASE: rejectsWhitespaceTargetAndProxyDifferentialCorpus (531479 ns)
    [ PASSED ] CASE: rejectsMalformedChunkAndTrailerCorpusAtInputOrEof (134380 ns)
    [ PASSED ] CASE: everyAcceptedSingleByteMutationHasACanonicalReparse (62506819 ns)
    [ PASSED ] CASE: chunkedMutationsHaveDeterministicBoundedTerminals (3843216 ns)
    [ PASSED ] CASE: validHeadParsesAtEveryTransportSplitBoundary (3492235 ns)
    TCS: Http1HttpsClientTest, time elapsed: 2149748 ns, RESULT:
    [ PASSED ] CASE: partitionsHandshakesAndReusesHttpsAfterBodyCompletion (1975885 ns)
    TCS: Http1TlsServerTest, time elapsed: 125766551 ns, RESULT:
    [ PASSED ] CASE: alpnServerRejectsAClientWithNoSharedHttpProtocol (58143778 ns)
    [ PASSED ] CASE: automaticClientOffersH2FirstAndFallsBackToServerHttp11 (16795953 ns)
    [ PASSED ] CASE: requiredMutualTlsCarriesAuthenticatedHttp1Exchange (22883784 ns)
    [ PASSED ] CASE: realAwsLcHandshakeCarriesOneHttp1Exchange (27116234 ns)
Summary: TOTAL: 118
    PASSED: 115, SKIPPED: 3, ERROR: 0
    FAILED: 0
--------------------------------------------------------------------------------------------------
TP: wirestack.internal.transport, time elapsed: 191125524 ns, RESULT:
    TCS: ByteSpanTest, time elapsed: 1751455 ns, RESULT:
    [ PASSED ] CASE: defaultsCoverWholeArrayAndEmptyArray (245195 ns)
    [ PASSED ] CASE: sliceAndAdvanceKeepTheOriginalArray (24914 ns)
    [ PASSED ] CASE: mutableViewWritesThroughAndConvertsWithoutCopying (22565 ns)
    [ PASSED ] CASE: permitsBoundaryEmptyRanges (22373 ns)
    [ PASSED ] CASE: rejectsEveryOutOfRangeShape (95487 ns)
    TCS: CancellationTest, time elapsed: 41180258 ns, RESULT:
    [ PASSED ] CASE: cancelIsOneWayAndCallbacksRunExactlyOnce (99737 ns)
    [ PASSED ] CASE: unregisterIsIdempotentAndPreventsPendingCallback (24530 ns)
    [ PASSED ] CASE: alreadyCancelledRegistrationRunsSynchronouslyOnce (22058 ns)
    [ PASSED ] CASE: noneTokenRemainsUsableAndNotCancelled (17918 ns)
    [ PASSED ] CASE: oneFailingCallbackDoesNotBlockOtherWaiters (39600 ns)
    [ PASSED ] CASE: concurrentCancelClaimsEveryCallbackExactlyOnce (19503945 ns)
    [ PASSED ] CASE: registrationRacingCancellationStillRunsExactlyOnce (18569942 ns)
    [ PASSED ] CASE: unregisterRacingCancellationIsAtMostOnce (1505811 ns)
    [ PASSED ] CASE: callbackMayReenterCancellationAndRegistrationWithoutDeadlock (38806 ns)
    TCS: OperationCompletionTest, time elapsed: 26416192 ns, RESULT:
    [ PASSED ] CASE: completionCleansEveryResourceBeforeTheWinnerCallback (34830 ns)
    [ PASSED ] CASE: unregisterAndLateRegistrationHaveExplicitTerminalSemantics (31378 ns)
    [ PASSED ] CASE: cleanupCapacityIsPositiveAndHardBounded (49586 ns)
    [ PASSED ] CASE: cleanupFailuresAndReentrancyCannotBlockTerminalProgress (42527 ns)
    [ PASSED ] CASE: winnerExceptionDoesNotReopenTheCompletion (35439 ns)
    [ PASSED ] CASE: cleanupCountPropertyHoldsAcrossEveryConfiguredOccupancy (385395 ns)
    [ PASSED ] CASE: concurrentTerminalCallersHaveOneWinner (3380291 ns)
    [ PASSED ] CASE: registrationRacingCompletionIsAlwaysCleanedOnce (19866500 ns)
    [ PASSED ] CASE: unregisterRacingCompletionRunsCleanupAtMostOnce (1235291 ns)
    TCS: DeadlineTest, time elapsed: 715693 ns, RESULT:
    [ PASSED ] CASE: remainingUsesTheInjectedMonotonicClock (22237 ns)
    [ PASSED ] CASE: remainingClampsAtZeroAfterExpiry (12823 ns)
    [ PASSED ] CASE: childCanShortenButNeverExtendParent (17805 ns)
    [ PASSED ] CASE: zeroAndExpiredChildrenCannotExtendTheParent (17595 ns)
    [ PASSED ] CASE: rejectsNegativeDurations (30092 ns)
    TCS: TransportLifecycleTest, time elapsed: 4636063 ns, RESULT:
    [ PASSED ] CASE: connectingAndAcceptedPathsReachOpenOnlyInOrder (16611 ns)
    [ PASSED ] CASE: halfCloseIsDirectionalIdempotentAndConvergesOnClosing (52601 ns)
    [ PASSED ] CASE: gracefulCloseIsIdempotentAndCompletesOnlyFromClosing (24766 ns)
    [ PASSED ] CASE: abortAndFailReachEveryNonTerminalStateWithoutOverwritingTerminalEvidence (99977 ns)
    [ PASSED ] CASE: illegalTransitionsHaveStableCodesAndDoNotMutateState (175630 ns)
    [ PASSED ] CASE: closingAndTerminalStatesRejectDataOperationsWithClosedCode (109829 ns)
    [ PASSED ] CASE: operationClaimsAllowDuplexButRejectSameDirectionConcurrency (32544 ns)
    [ PASSED ] CASE: everyTerminalModeReleasesRegisteredResourcesExactlyOnce (37221 ns)
    [ PASSED ] CASE: racingTerminalTransitionsRetainOneWinnerAndOneCleanup (2884611 ns)
    [ PASSED ] CASE: terminalCleanupMayReenterAndItsRegistryRemainsBounded (28814 ns)
    TCS: M124TransportRaceTest, time elapsed: 34984253 ns, RESULT:
    [ PASSED ] CASE: readCloseReleasesBlockedOperationAndDrainsWaiter (4759090 ns)
    [ PASSED ] CASE: writeAbortReleasesBlockedOperationAndDrainsWaiter (9864627 ns)
    [ PASSED ] CASE: successAndCancelOrderingsCompleteOnceWithoutDataLeak (19844852 ns)
    TCS: MemoryTransportListenerTest, time elapsed: 49933270 ns, RESULT:
    [ PASSED ] CASE: rejectsInvalidListenerAndSchedulerBounds (33979 ns)
    [ PASSED ] CASE: listenerDeliversConnectionsInFifoOrderAndBoundsBacklog (97084 ns)
    [ PASSED ] CASE: schedulerDefersDeliveryAndReleasesFailedReservations (60285 ns)
    [ PASSED ] CASE: schedulerRunsMultipleConnectionsInStableFifoOrder (40629 ns)
    [ PASSED ] CASE: cancellationWakesAcceptWithoutClosingListener (9092022 ns)
    [ PASSED ] CASE: deadlineBoundsBlockedAcceptWithoutClosingListener (29814118 ns)
    [ PASSED ] CASE: closeWakesAcceptAndAbortsOwnedConnectionsIdempotently (9847955 ns)
    TCS: MemoryTransportTest, time elapsed: 1353167 ns, RESULT:
    [ PASSED ] CASE: pairTransfersPartialDataInBothDirections (30323 ns)
    [ PASSED ] CASE: emptyBuffersReturnZeroWithoutProducingEofOrPeerData (17352 ns)
    [ PASSED ] CASE: writeShutdownProducesPeerEofAfterBufferedData (24220 ns)
    [ PASSED ] CASE: readShutdownMakesPeerWritesFailAsBrokenPipe (26963 ns)
    [ PASSED ] CASE: cancelledBeforeOperationHasNoDataSideEffect (25673 ns)
    [ PASSED ] CASE: closeAndAbortAreIdempotentAndTerminal (23354 ns)
    [ PASSED ] CASE: cancellationWakesABlockedRead (39235 ns)
    [ PASSED ] CASE: closeWakesABlockedLocalRead (31669 ns)
    [ PASSED ] CASE: writeShutdownWakesABlockedLocalWrite (32216 ns)
    [ PASSED ] CASE: boundedBackpressureResumesAfterPeerReads (116272 ns)
    [ PASSED ] CASE: expiredDeadlineFailsBeforeAnyWrite (26370 ns)
    TCS: NetworkErrorTest, time elapsed: 450263 ns, RESULT:
    [ PASSED ] CASE: retainsStableClassificationAndEndpointEvidence (24870 ns)
    [ PASSED ] CASE: retainsLocalEndpointCauseAndOptionalDefaults (21932 ns)
    [ PASSED ] CASE: caughtErrorRetainsUnixEndpointBytesNativeCodeAndCause (21111 ns)
    [ PASSED ] CASE: pathnameRejectsNulWhileAbstractRetainsIt (15453 ns)
    TCS: OperationContextTest, time elapsed: 654951 ns, RESULT:
    [ PASSED ] CASE: backgroundHasNoDeadlineCancellationOrTrace (13951 ns)
    [ PASSED ] CASE: derivedContextsRetainEventSinkAndSinkFailuresAreIsolated (29909 ns)
    [ PASSED ] CASE: derivedContextRetainsCancellationAndTrace (15010 ns)
    [ PASSED ] CASE: derivationHelpersChangeOnlyTheirNamedField (32361 ns)
    [ PASSED ] CASE: earlierDeadlineCannotBeExtended (10451 ns)
    [ PASSED ] CASE: traceIdentifiersAreBoundedAndNonEmpty (22522 ns)
    TCS: ScriptedTransportTest, time elapsed: 27300795 ns, RESULT:
    [ PASSED ] CASE: rejectsUnboundedOrInvalidScripts (45070 ns)
    [ PASSED ] CASE: shortReadAndWriteStepsAreConsumedInOrder (39974 ns)
    [ PASSED ] CASE: emptyIoDoesNotConsumeScriptAndEofIsExplicit (26313 ns)
    [ PASSED ] CASE: resetTerminatesTransportAtInjectedPhase (42957 ns)
    [ PASSED ] CASE: failurePreservesCoordinatesWithoutTerminatingTransport (39987 ns)
    [ PASSED ] CASE: virtualWaiterReleasesBlockedOperationsInFifoOrder (16520884 ns)
    [ PASSED ] CASE: cancellationWinsAReleaseRaceAndCleansWaiter (9761620 ns)
    TCS: TransportHelperTest, time elapsed: 825559 ns, RESULT:
    [ PASSED ] CASE: writeAllHandlesPartialWritesAndEmptyInput (27678 ns)
    [ PASSED ] CASE: readExactHandlesPartialReads (15231 ns)
    [ PASSED ] CASE: readExactClassifiesPrematureEof (20604 ns)
    [ PASSED ] CASE: emptyHelpersDoNotCallTransport (14156 ns)
    [ PASSED ] CASE: invalidProgressFailsOnceWithoutSpinning (50035 ns)
    [ PASSED ] CASE: cancellationAfterPartialProgressPropagatesWithoutRestart (35879 ns)
    [ PASSED ] CASE: absoluteDeadlineExpiresAcrossPartialRetries (33929 ns)
Summary: TOTAL: 83
    PASSED: 83, SKIPPED: 0, ERROR: 0
    FAILED: 0
--------------------------------------------------------------------------------------------------
TP: wirestack.internal.resolver, time elapsed: 40806941 ns, RESULT:
    TCS: M2006AppleSystemResolverTest, time elapsed: 11219022 ns, RESULT:
    [ PASSED ] CASE: resolvesLocalhostThroughTheProviderNeutralContract (9621265 ns)
    [ PASSED ] CASE: fixtureReturnsAllCandidatesWithoutInventingTtl (17834 ns)
    [ PASSED ] CASE: fixtureAppliesFamilyAndResultBounds (13563 ns)
    [ PASSED ] CASE: fixtureMapsPosixFailuresAndUnknownCodes (13129 ns)
    [ PASSED ] CASE: fixtureCancellationAndDeadlineReturnBeforeNativeCleanup (11193 ns)
    [ PASSED ] CASE: newResolutionObservesNetworkGenerationChange (17219 ns)
    [ PASSED ] CASE: validatesBoundsAndRejectsUseAfterClose (97451 ns)
    [ PASSED ] CASE: fixtureBoundsAdmissionAndReleasesQueuedWorkAfterClose (12859 ns)
    TCS: M2003BoundedResolverBackendTest, time elapsed: 20411222 ns, RESULT:
    [ PASSED ] CASE: resolvesLocalhostWithBoundedMetricsAndIdempotentClose (8567015 ns)
    [ PASSED ] CASE: appliesIpv4FamilyAndRejectsUseAfterClose (9911044 ns)
    [ PASSED ] CASE: validatesPoolBounds (82853 ns)
    [ PASSED ] CASE: nativeFamilyValidationFailsClosedAndPollingBackoffIsBounded (68349 ns)
    [ PASSED ] CASE: preCancelledContextDoesNotSubmitNativeWork (205890 ns)
    [ PASSED ] CASE: delayedNativeWorkDoesNotStarveCangjieHeartbeat (26154 ns)
    [ PASSED ] CASE: cancellationCompletesPromptlyWhileNativeJobCleansUp (20316 ns)
    [ PASSED ] CASE: deadlineCompletesPromptlyWhileNativeJobCleansUp (25391 ns)
    [ PASSED ] CASE: queueAdmissionIsStrictlyBounded (20099 ns)
    TCS: ResolverContractTest, time elapsed: 661969 ns, RESULT:
    [ PASSED ] CASE: resultOwnsDeduplicatedAddressesAndDoesNotInventTtl (70728 ns)
    [ PASSED ] CASE: staticResolverFiltersFamiliesAndHonorsPreCancellation (65356 ns)
    [ PASSED ] CASE: rejectsEmptyFamilyResultAndInvalidLimits (43485 ns)
    TCS: M2002ResolverPublicContractTest, time elapsed: 780335 ns, RESULT:
    [ PASSED ] CASE: resultOwnsAllTypedCandidatesWithoutInventingTtl (57393 ns)
    [ PASSED ] CASE: staticResolverAppliesFamilyAndResultBounds (42873 ns)
    [ PASSED ] CASE: errorsRetainStablePublicCoordinates (40507 ns)
    [ PASSED ] CASE: cancellationAndDeadlineRemainDistinct (39030 ns)
    [ PASSED ] CASE: constructorsRejectInvalidBoundsAndDiagnostics (28463 ns)
    TCS: M2004WindowsSystemResolverTest, time elapsed: 7353464 ns, RESULT:
    [ PASSED ] CASE: resolvesLocalhostThroughTheProviderNeutralContract (6509311 ns)
    [ PASSED ] CASE: fixtureReturnsAllCandidatesWithoutInventingTtl (21924 ns)
    [ PASSED ] CASE: fixtureAppliesFamilyAndResultBounds (11735 ns)
    [ PASSED ] CASE: fixtureMapsWinsockFailuresAndUnknownCodes (11647 ns)
    [ PASSED ] CASE: fixtureCancellationAndDeadlineReturnBeforeNativeCleanup (13983 ns)
    [ PASSED ] CASE: validatesBoundsAndRejectsUseAfterClose (82794 ns)
Summary: TOTAL: 31
    PASSED: 31, SKIPPED: 0, ERROR: 0
    FAILED: 0
--------------------------------------------------------------------------------------------------
TP: wirestack.internal.trust, time elapsed: 36781384 ns, RESULT:
    TCS: HostnameVerifierTest, time elapsed: 1425234 ns, RESULT:
    [ PASSED ] CASE: exactDnsAndAsciiIdnaALabelMatchCaseInsensitively (216456 ns)
    [ PASSED ] CASE: wildcardMatchesExactlyOneLeftmostLabelOnly (59579 ns)
    [ PASSED ] CASE: invalidOrOverbroadWildcardsAreRejectedAtCertificateBoundary (52052 ns)
    [ PASSED ] CASE: dnsAndIpReferenceIdentitiesNeverCrossMatch (48118 ns)
    [ PASSED ] CASE: subjectAlternativeNameCountIsHardBounded (75716 ns)
    TCS: M3028HostnameFuzzTest, time elapsed: 33662258 ns, RESULT:
    [ PASSED ] CASE: hostnameMutationsHaveDeterministicTypedTerminals (33450492 ns)
    TCS: TrustPolicyTest, time elapsed: 1537772 ns, RESULT:
    [ PASSED ] CASE: nativeX509ParserAcceptsOneExactDerObjectAndRejectsTrailingBytes (438655 ns)
    [ PASSED ] CASE: certificateAndChainLimitsFailBeforeUnboundedParsingOrCopying (279861 ns)
    [ PASSED ] CASE: everyTrustPolicyHasAStableContentIdentityAndNoTrustAllState (328832 ns)
    [ PASSED ] CASE: pinAlgorithmAndScopeAreExplicitAndMalformedPinsFail (22277 ns)
Summary: TOTAL: 10
    PASSED: 10, SKIPPED: 0, ERROR: 0
    FAILED: 0
--------------------------------------------------------------------------------------------------
TP: wirestack.tls, time elapsed: 84868609 ns, RESULT:
    TCS: PublicTlsFacadeTest, time elapsed: 69436044 ns, RESULT:
    [ PASSED ] CASE: clientBuilderRejectsReversedVersionRangeBeforeTransportIo (37546344 ns)
    [ PASSED ] CASE: serverBuilderRequiresAnIdentityBeforeTransportIo (7676744 ns)
    [ PASSED ] CASE: clientBuilderCopiesAlpnAndPublishesProviderNeutralCapabilities (7634376 ns)
    [ PASSED ] CASE: preCancelledHandshakeConsumesAndAbortsTheTransport (15341091 ns)
    TCS: TlsRuntimeTest, time elapsed: 15323223 ns, RESULT:
    [ PASSED ] CASE: reportsHandleFreeLinuxProviderAndBuildIdentity (7581355 ns)
    [ PASSED ] CASE: returnsDefensiveCopiesOfRuntimeInventories (7422200 ns)
Summary: TOTAL: 6
    PASSED: 6, SKIPPED: 0, ERROR: 0
    FAILED: 0
--------------------------------------------------------------------------------------------------
TP: wirestack.net, time elapsed: 1509880071 ns, RESULT:
    TCS: DnsClientWireTest, time elapsed: 957325605 ns, RESULT:
    [ PASSED ] CASE: publicQueryAndLookupUseRealUdpAndRetainAbsoluteCacheExpiry (2400997 ns)
    [ PASSED ] CASE: publicQueryEncodesEveryModeledRecordType (12366261 ns)
    [ PASSED ] CASE: wrongSourceIdAndQuestionAreIgnoredBeforeValidUdpResponse (1053751 ns)
    [ PASSED ] CASE: validatedTruncationFallsBackToExactTcpFrame (1237909 ns)
    [ PASSED ] CASE: activeCancellationRetainsNameserverWithoutRetry (60562262 ns)
    [ PASSED ] CASE: silentDnsAttemptsLeaveBudgetForServerAndPassFailover (507548340 ns)
    [ PASSED ] CASE: exhaustedResponseCodesRetainTheLastRespondingNameserver (3351102 ns)
    [ PASSED ] CASE: unsupportedResponseCodeRetainsRespondingNameserver (1665624 ns)
    [ PASSED ] CASE: dnsTransportFailuresRetainSelectedNameserver (252794277 ns)
    [ PASSED ] CASE: tcpResponseCannotRemainTruncated (1260531 ns)
    [ PASSED ] CASE: malformedMatchingResponseAndUnrelatedSectionsCannotPoisonCache (2799717 ns)
    [ PASSED ] CASE: cnameTraversalUsesAnswerOwnersAndRejectsConflictingTargets (1901289 ns)
    [ PASSED ] CASE: fullResultCapacityDoesNotQueryAnotherFamily (60756317 ns)
    [ PASSED ] CASE: rfc2308CacheRetainsNxdomainVersusNodataWithoutNewPackets (6709987 ns)
    [ PASSED ] CASE: zeroTtlNeverCreatesAPositiveCacheEntry (1834658 ns)
    [ PASSED ] CASE: callerCancellationAndClientCloseWakeActiveNativeReceive (1758852 ns)
    [ PASSED ] CASE: anyFamilyRetainsAddressesWhenTheOtherFamilyFails (3871863 ns)
    [ PASSED ] CASE: crossFamilyConflictsRetainTheLivePeerAlongsideCachedResults (4241262 ns)
    [ PASSED ] CASE: nxdomainInvalidatesVisitedTargetsAndOtherCachedAliases (15838522 ns)
    [ PASSED ] CASE: everyNxdomainInvalidatesPreviouslyCachedAddresses (4542290 ns)
    [ PASSED ] CASE: noncacheableNxdomainStopsOtherFamilyQueries (1816277 ns)
    [ PASSED ] CASE: nameWideNegativeOverridesEarlierFamilyFailure (1960258 ns)
    [ PASSED ] CASE: boundedAdmissionRejectsExcessAndCloseWakesQueuedCallers (910728 ns)
    TCS: DnsResolverPolicyTest, time elapsed: 275781222 ns, RESULT:
    [ PASSED ] CASE: fromSystemParsesTabsCommentsLastSearchAndClampedNdots (314465 ns)
    [ PASSED ] CASE: directConfigRejectsUnsupportedNameserverZonesBeforeQueries (28986 ns)
    [ PASSED ] CASE: numericNameserverZonesUseCanonicalEndpointIdentity (38605 ns)
    [ PASSED ] CASE: systemNameserversRetainOnlySupportedNumericZones (262845 ns)
    [ PASSED ] CASE: equivalentNameserverScopesDoNotConsumeTheServerLimit (208423 ns)
    [ PASSED ] CASE: configOwnsInputArraysAndReturnsDefensiveCopies (39509 ns)
    [ PASSED ] CASE: adoptedClientRequiresMatchingConfigurationWithoutTakingRejectedOwnership (146278 ns)
    [ PASSED ] CASE: systemFilesFailClosedWhenMissingOversizedOrNonregular (12756722 ns)
    [ PASSED ] CASE: ipv4LiteralsBypassHostsSearchAndNameservers (50493669 ns)
    [ PASSED ] CASE: hostsSnapshotRetainsOnlyUsableIpv6Zones (402904 ns)
    [ PASSED ] CASE: hostsAliasesFilterFamiliesAndRemainSnapshotted (474203 ns)
    [ PASSED ] CASE: trailingRootSkipsSearchWhileNdotsSelectsSearchOrAbsoluteFirst (4847274 ns)
    [ PASSED ] CASE: exactHostsEntryWinsBeforeSearchSuffixDns (200968503 ns)
    [ PASSED ] CASE: cancelledExpiredAndClosedCallsRetainPublicResolveClassifications (582425 ns)
    [ PASSED ] CASE: connectUsesHostsMappingForANativeListenerExchange (1111097 ns)
    [ PASSED ] CASE: resolverConnectCarriesOneAbsoluteDeadlineIntoNativeTcpAdmission (650140 ns)
    TCS: DnsWireParserTest, time elapsed: 23920078 ns, RESULT:
    [ PASSED ] CASE: decodesCompressedTargetsBinaryTxtSoaAndUnknownData (228215 ns)
    [ PASSED ] CASE: recordOrderMakesAnswerAuthorityAndAdditionalBoundariesExplicit (93678 ns)
    [ PASSED ] CASE: summariesAndRecordsOwnParserAndConstructorInputs (66225 ns)
    [ PASSED ] CASE: publicSummaryRejectsCountsBeyondWireAndCombinedRecordBounds (19722941 ns)
    [ PASSED ] CASE: parserPreservesQuestionIdentityAndRejectsIncompleteRecords (103791 ns)
    [ PASSED ] CASE: asciiNameProfileRejectsAmbiguousLabels (147863 ns)
    [ PASSED ] CASE: compressionLoopsForwardPointersAndOutOfRangePointersAreRejected (93843 ns)
    [ PASSED ] CASE: expandedNameAndSectionCountsRespectConfiguredBounds (107092 ns)
    [ PASSED ] CASE: completeParserRejectsTrailingAndTruncatedSectionBytes (68543 ns)
    [ PASSED ] CASE: typedRdataLengthsAndTxtSegmentsAreExact (106987 ns)
    [ PASSED ] CASE: compressedRdataNamesCannotConsumeNeighboringRecordBytes (95928 ns)
    [ PASSED ] CASE: srvTargetCompressionIsRejectedEvenWhenPointerIsInBounds (60938 ns)
    [ PASSED ] CASE: summaryConstructorRejectsSectionMetadataThatCouldBlurBoundaries (28891 ns)
    [ PASSED ] CASE: additionalOwnerMayReferenceAuthorityNameserverTarget (80952 ns)
    [ PASSED ] CASE: additionalOwnerMayReferenceSecondLegacyMailboxName (109669 ns)
    TCS: DnsWireFuzzTest, time elapsed: 108704133 ns, RESULT:
    [ PASSED ] CASE: wireMutationsRejectMalformedMessagesOrRetainOwnedSections (108425886 ns)
    TCS: M8002TcpListenerTest, time elapsed: 58851173 ns, RESULT:
    [ PASSED ] CASE: bindRejectsInvalidBacklogAndStoppedContextsWithStructuredErrors (72504 ns)
    [ PASSED ] CASE: bindFailureRetainsPublicCoordinatesAndCause (107049 ns)
    [ PASSED ] CASE: cancelledAndExpiredAcceptsLeaveListenerReusable (26301974 ns)
    [ PASSED ] CASE: acceptedStreamTransfersExactDataInBothDirections (191891 ns)
    [ PASSED ] CASE: overlappingAcceptIsRejectedWithoutCreatingAPendingQueue (30313237 ns)
    [ PASSED ] CASE: stoppedCloseAdmissionHasNoNativeEffectAndListenerRemainsUsable (278489 ns)
    [ PASSED ] CASE: gracefulAndAbortTerminalOwnersAreStableAndWakeAccept (290486 ns)
    TCS: M8002UdpSocketTest, time elapsed: 34525610 ns, RESULT:
    [ PASSED ] CASE: datagramBoundariesAndOwnedPayloadSurviveScratchReuse (326821 ns)
    [ PASSED ] CASE: exactCapacityAndTruncationDiscardOnlyTheCurrentDatagramTail (336054 ns)
    [ PASSED ] CASE: connectedSocketSelectsNativePeerAndFiltersOtherSenders (379397 ns)
    [ PASSED ] CASE: invalidAndUnsupportedInputsLeaveSocketReusable (1195633 ns)
    [ PASSED ] CASE: cancellationDeadlineCloseAndAbortRetainDistinctState (30759524 ns)
    TCS: NetworkFoundationContractTest, time elapsed: 49653401 ns, RESULT:
    [ PASSED ] CASE: unixEndpointFormsAreDistinctAndOwned (40344 ns)
    [ PASSED ] CASE: unixEndpointRejectsUnboundedNames (59752 ns)
    [ PASSED ] CASE: rawSocketCapabilityBoundaryRequiresDomainSpecificProtocol (102105 ns)
    [ PASSED ] CASE: cancelledConnectFailsBeforeSocketCreation (82531 ns)
    [ PASSED ] CASE: tcpStreamCancellationDistinguishesUntouchedFromAbortedDelegate (162804 ns)
    [ PASSED ] CASE: tcpStreamGracefulCloseIsRetainedAndIdempotent (51732 ns)
    [ PASSED ] CASE: tcpStreamTerminalCloseSkipsStoppedContextsAndCallerClock (189784 ns)
    [ PASSED ] CASE: tcpStreamNonterminalStoppedCloseAdmissionStillRejects (134409 ns)
    [ PASSED ] CASE: tcpStreamCloseNormalizesContextFailureWithoutTakingOwnership (170258 ns)
    [ PASSED ] CASE: tcpStreamAbortRetainsItsCauseAndConnectionFacts (339610 ns)
    [ PASSED ] CASE: tcpStreamDirectionalShutdownPublishesOnlySuccessfulTransitions (174229 ns)
    [ PASSED ] CASE: tcpStreamReadShutdownRejectsEveryReadPathWithoutLosingWrites (243996 ns)
    [ PASSED ] CASE: tcpStreamWriteShutdownRejectsEveryWritePathWithoutLosingReads (224885 ns)
    [ PASSED ] CASE: tcpStreamEmptyOperationsRemainImmediateAfterDirectionalShutdown (113339 ns)
    [ PASSED ] CASE: tcpStreamReadExactAddsCapturedEndpointsToUnexpectedEof (118417 ns)
    [ PASSED ] CASE: tcpStreamReadKeepsPeerEofGraceful (68492 ns)
    [ PASSED ] CASE: tcpStreamReadExactMergesCapturedAndStructuredEndpointMetadata (169335 ns)
    [ PASSED ] CASE: tcpStreamIoConflictsRetainCapturedEndpointsWithoutClosing (364182 ns)
    [ PASSED ] CASE: tcpStreamDirectionalShutdownDoesNotPromoteWokenIoToFailure (373119 ns)
    [ PASSED ] CASE: tcpStreamFinalShutdownRemainsGracefulWhenItWakesIo (148257 ns)
    [ PASSED ] CASE: tcpStreamFailuresRetainOriginalErrorAndReleaseDelegate (270604 ns)
    [ PASSED ] CASE: tcpStreamRetainsNativeCancellationOwnership (1980669 ns)
    [ PASSED ] CASE: tcpStreamNormalizesUnexpectedDelegateFailures (747424 ns)
    [ PASSED ] CASE: tcpStreamPrecancelledIoCannotClaimAnotherClosesOwnership (464762 ns)
    [ PASSED ] CASE: tcpStreamCancellationOwnershipSurvivesOtherObservers (245252 ns)
    [ PASSED ] CASE: tcpStreamAbortCannotRelabelClaimedGracefulNativeClose (179765 ns)
    [ PASSED ] CASE: tcpStreamAbortOwnershipSurvivesCompetingIoAndLateCloseFailure (222767 ns)
    [ PASSED ] CASE: tcpStreamCancellationBoundsCloseWaitAndLateSuccessRemainsGraceful (236969 ns)
    [ PASSED ] CASE: tcpStreamJoiningBackgroundCloseWaitsForCompletion (25088336 ns)
    [ PASSED ] CASE: tcpStreamDeadlineBoundsCloseWaitAndLateSuccessRemainsGraceful (144259 ns)
    [ PASSED ] CASE: tcpStreamLateCloseFailurePublishesFailedWithoutReplacingCallerCancellation (168721 ns)
    [ PASSED ] CASE: tcpStreamAbortRemainsTerminalWhenDetachedCloseFailsLate (147237 ns)
    [ PASSED ] CASE: tcpStreamCloseKeepsGracefulCauseWhenItWakesARead (91266 ns)
    [ PASSED ] CASE: unsafeOptionValueIsBoundedAndOwnedWithoutApplyingIt (170021 ns)
    [ PASSED ] CASE: datagramResultEnforcesTheIpv4PayloadBound (3586003 ns)
    [ PASSED ] CASE: datagramResultSurvivesReceiveBufferReuse (40547 ns)
Summary: TOTAL: 103
    PASSED: 103, SKIPPED: 0, ERROR: 0
    FAILED: 0
--------------------------------------------------------------------------------------------------
Project tests finished, time elapsed: 41538283717 ns, RESULT:
TP: wirestack.*, time elapsed: 41538208794 ns, RESULT:
    PASSED:
    TP: wirestack.internal.platform.linux, time elapsed: 10123159 ns
    TP: wirestack.internal.common, time elapsed: 2122968 ns
    TP: wirestack.internal.transport, time elapsed: 191125524 ns
    TP: wirestack.internal.trust, time elapsed: 36781384 ns
    TP: wirestack.internal.http2, time elapsed: 2653412782 ns
    TP: wirestack.internal.resolver, time elapsed: 40806941 ns
    TP: wirestack.internal.tls_engine, time elapsed: 24043674540 ns
    TP: wirestack.internal.connector, time elapsed: 13400616 ns
    TP: wirestack.tls, time elapsed: 84868609 ns
    TP: wirestack.internal.http1, time elapsed: 1419375007 ns
    TP: wirestack.internal.transport_stdnet, time elapsed: 190583199 ns
    TP: wirestack.net, time elapsed: 1509880071 ns
    TP: wirestack.http, time elapsed: 11197146803 ns
Summary: TOTAL: 781
    PASSED: 758, SKIPPED: 23, ERROR: 0
    FAILED: 0
--------------------------------------------------------------------------------------------------
cjpm test success
