M7-022 Linux release soak: FAIL: SOAK_ALREADY_RUNNING: another invocation is active
M0-016 validation: PASS
architecture guard: PASS
{"artifacts": {"api": "docs/api/generated/api-surface.json", "coverage": "docs/api/generated/coverage.json", "docs": "docs/api/generated/docs.json", "markdown": "docs/api/generated/markdown"}, "cjdoc": {"path": "/home/elliot/playground/Wirestack-pr-worktrees/M8-004-recovery-tools/cjdoc/bin/cjdoc", "version": "0.7.2"}, "combined": {"apiEntries": 1443, "apiSha256": "7e1d3132d21ef1b2b3b3dba705320d06ee99006582f4b960f9ab63c2361de360", "coverage": {"parameters": {"documented": 689, "percent": 100, "total": 689}, "symbols": {"documented": 1443, "percent": 100, "total": 1443}}, "coverageSha256": "eb40c0dff77ae8e69a252f05d5b64771a1485b66a58058f7e66756898ff279d4", "declarations": 2407, "docsSha256": "3faa6afafc902d9afecd75f24fdc6de7fc29d8cb03bceb98398210184d2a1c08", "markdownSha256": "988b54088600cbe0a4c63d442b309d59a3f11ecb93cf3db6b5ced6bd4f632518", "package": "combined", "status": "PASS"}, "commands": [{"kind": "check", "package": "wirestack", "returncode": 0, "status": "PASS", "stderr": "documentation coverage: symbols 646/646 (100%), parameters 253/253 (100%)\n", "stderr_truncated": false, "stdout": "", "stdout_truncated": false}, {"kind": "generate", "package": "wirestack", "returncode": 0, "status": "PASS", "stderr": "", "stderr_truncated": false, "stdout": "generated /tmp/wirestack-m7-033-98lhw1qs/wirestack/output\n", "stdout_truncated": false}, {"kind": "check", "package": "wirestack.http", "returncode": 0, "status": "PASS", "stderr": "documentation coverage: symbols 1048/1048 (100%), parameters 473/473 (100%)\n", "stderr_truncated": false, "stdout": "", "stdout_truncated": false}, {"kind": "generate", "package": "wirestack.http", "returncode": 0, "status": "PASS", "stderr": "", "stderr_truncated": false, "stdout": "generated /tmp/wirestack-m7-033-98lhw1qs/wirestack-http/output\n", "stdout_truncated": false}, {"kind": "check", "package": "wirestack.tls", "returncode": 0, "status": "PASS", "stderr": "documentation coverage: symbols 800/800 (100%), parameters 298/298 (100%)\n", "stderr_truncated": false, "stdout": "", "stdout_truncated": false}, {"kind": "generate", "package": "wirestack.tls", "returncode": 0, "status": "PASS", "stderr": "", "stderr_truncated": false, "stdout": "generated /tmp/wirestack-m7-033-98lhw1qs/wirestack-tls/output\n", "stdout_truncated": false}, {"kind": "check", "package": "wirestack.net", "returncode": 0, "status": "PASS", "stderr": "documentation coverage: symbols 887/887 (100%), parameters 424/424 (100%)\n", "stderr_truncated": false, "stdout": "", "stdout_truncated": false}, {"kind": "generate", "package": "wirestack.net", "returncode": 0, "status": "PASS", "stderr": "", "stderr_truncated": false, "stdout": "generated /tmp/wirestack-m7-033-98lhw1qs/wirestack-net/output\n", "stdout_truncated": false}, {"kind": "check", "package": "combined", "returncode": 0, "status": "PASS", "stderr": "documentation coverage: symbols 1443/1443 (100%), parameters 689/689 (100%)\n", "stderr_truncated": false, "stdout": "", "stdout_truncated": false}, {"kind": "generate", "package": "combined", "returncode": 0, "status": "PASS", "stderr": "", "stderr_truncated": false, "stdout": "generated /tmp/wirestack-m7-033-98lhw1qs/combined/output\n", "stdout_truncated": false}], "expectedCjdoc": "0.7.2", "generatedAtUtc": "2026-09-13T20:49:27.574519Z", "issues": [], "layers": [{"apiEntries": 646, "apiSha256": "69378f9dd90fca54576bed883abea3d309535b09546b422ee5dd93737fd72374", "coverage": {"parameters": {"documented": 253, "percent": 100, "total": 253}, "symbols": {"documented": 646, "percent": 100, "total": 646}}, "coverageSha256": "38c008ed140aa4cc6fb436c854610699a0c9ea71cd233ec71d7ca12b63fdbc28", "declarations": 789, "docsSha256": "66eec7d03245ce99b8a0821a39e9765bc8030cd5cc8c00e68392f6372155f79b", "markdownSha256": "3055a19762b460c1f977ca0ed29a1154c7af8cda9d232351ef2bba0e2b409b45", "package": "wirestack", "status": "PASS"}, {"apiEntries": 1048, "apiSha256": "79421833f69c509b6805251a5f20a48b7216faf94b5c397f2a0942a9aff37a59", "coverage": {"parameters": {"documented": 473, "percent": 100, "total": 473}, "symbols": {"documented": 1048, "percent": 100, "total": 1048}}, "coverageSha256": "f322c080ee70a400b3807aa26879ce64b9357d927cd342af6460e2ae50f46ca7", "declarations": 1713, "docsSha256": "e46c62aaa221e4c83b3a8dba94b26d201f2cc44748839f5bb85ef9848ff76c1a", "markdownSha256": "b90982339ea708b7f7715aac927745b2581b6855195119690f6e0f5582139392", "package": "wirestack.http", "status": "PASS"}, {"apiEntries": 800, "apiSha256": "4afa53d04ea7a23f835be0261fb852cfff645148731570fcdacce8972fc652c8", "coverage": {"parameters": {"documented": 298, "percent": 100, "total": 298}, "symbols": {"documented": 800, "percent": 100, "total": 800}}, "coverageSha256": "1277bdbb3a54bcd4f2263c20a0420046ff2d7e320970035eba67c2f04d457eb6", "declarations": 971, "docsSha256": "a4b6b2eb2fbc3e98cd30ab4aa1701326c79dc4a501a2eb701a96e824ec48feca", "markdownSha256": "f11ae8b6080dd249c5c33562a00732f7bbd35c67e423c0bcfc39ae9935b07646", "package": "wirestack.tls", "status": "PASS"}, {"apiEntries": 887, "apiSha256": "4455b181ac56385d5a90c87e89d00a79c1a6cba4c1be65477590546af59c590f", "coverage": {"parameters": {"documented": 424, "percent": 100, "total": 424}, "symbols": {"documented": 887, "percent": 100, "total": 887}}, "coverageSha256": "28526d2cdda06c477c23509da56bd0cbbabbb346afe9afe5e03fcaefe2a4cdf2", "declarations": 1301, "docsSha256": "ba853352adfb121b5bbacf1c8f0ff93e7f778df3e328e1332484b59cab690f67", "markdownSha256": "c665cef542630b9fbda37c53b17bfede25aa487c50b010430c1047257d4e1bfe", "package": "wirestack.net", "status": "PASS"}], "platform": {"libc": "glibc", "machine": "x86_64", "system": "Linux"}, "schemaVersion": 1, "sourceSha256": {"src/byte_span.cj": "4b38c6d184e172a56f0c39308294cbd2485ff683aba4f27028abe07c2b4661c4", "src/cancellation.cj": "c023b65acab9740096dc1ec9a770cf59d7361b2fec3dcdeebb3cc6033d78034d", "src/common.cj": "7a6d9bf1bd56bb9c5209152b2482dee044027f8d348233dcd6cc7b87d1c866e3", "src/deadline.cj": "15c5fd0c7f2dcfb4be7150359990c7c35cde11aa3332f80a9efe9f79e431a7c4", "src/hostname_verifier.cj": "a0d06b89cf163b91339e5690bf1d15d8e94bd4912c2792b35e0cdd09d4e34989", "src/http/cancellation.cj": "8ff94be6a771af4c56dab7dc982fca0a16e6df1da4d1a14303dfc179f9225537", "src/http/client.cj": "97131a36c964f68cbc6697a87a4fd5fe81a5a0d146dee3355b4386a47f97c628", "src/http/cookie.cj": "5326d61b5121e75e56750a29c960dc97e9b7fc34ba10f62236e3b19adbaee1d8", "src/http/duplex.cj": "e81f52f4efbc0b728a1891d67bc0f3a6292af471d16d992b65e2055e44ffac24", "src/http/error.cj": "d88c54a157e02063ab4048c197631daba3642a9618672841e4b98d3a25d275ad", "src/http/file_handler.cj": "2706ddeadba5c448a9bdf9ed1b604d5fe56c527b001d28ecb3b558b93728df74", "src/http/hooks.cj": "0b6016a645fd69bbb8743e5abfed22b4c325286a450587b4ff87b722ef04f2ed", "src/http/multipart.cj": "506c82b691fa280fc147fa7d6f73aa5ed7b1045f5fa1122bd7c667a62aead36e", "src/http/package.cj": "edae278034e8047e77649badec506b86ff2e6f3fc530d3eaf68394f77ff43ca0", "src/http/proxy.cj": "9576c9b153192c93943911557e8cce25f567e5ad0357074189437cc17af6fe1d", "src/http/redirect.cj": "e7e9f07fa0bb79299e46c1320b32daf238e702b66fcb8e1368439723d74d96b4", "src/http/resolver.cj": "8c44e5ff6961122d6483c22546a26dab02e8414b88d5e18b954ddcf0b3ff29e4", "src/http/retry.cj": "e889370833f2d5b7df07d4cd13aa3068ab6262e1c2252728cbcc99c788b4199b", "src/http/server.cj": "52ede5995cf2b5ac64948b36334eadd9782cdcaa26e4c2bf3914a85e25cdb529", "src/http/tls.cj": "b232989ad8c4e73d4480dcae4ce40aae55fbedf9ce13b5922cc61b8a6e8a1e62", "src/http/upgrade.cj": "3bf29c0ad5b9fd19f5b2d994d36abcf76cbcc7d22d46c18991378aab705e0f73", "src/http/websocket.cj": "1eafd0d9f728592adea31d4397a8173c98d6ad3551ab4ed84d3b77623b787ba7", "src/http/websocket_handshake.cj": "db5d899be8d22022db1e7aed502ad36c3cc5e52d6dbae8dce53112f797276d59", "src/http_body.cj": "49b72ad2517213133eb693a190061050b655edb02df01eaa414db216c60fc4fe", "src/http_contract.cj": "39d7fe3885f50211393d9e03dc478b7370566bf7b7b3d3f20d0a5d3de3dc9259", "src/http_message.cj": "4033d25f42135e43f498f11d2b459512dcb7c45bce6e91efaa85b18a053e8ef1", "src/http_model.cj": "993ad73017a4da224b98f851e1e39d46fe6016502044b934f7ab191fb0da5a8c", "src/http_push.cj": "5dde5a1ff4cee87c947c1867e56fe0e7b9d2a38e2ca91a597f5a8deb4c2fc20f", "src/http_url.cj": "074cc811771e49030292b278252947af9f29476f67e9fd53f6a82ac473690955", "src/net/datagram_socket_core.cj": "2095e7d3a02c805c3018badf7045b0d76a42a56e101a2e08867f32b676c34ae6", "src/net/dns_client.cj": "a63095f98489b93b83f76cebc878678391d338f9080e15cf2ea7277ff6562622", "src/net/dns_resolver.cj": "65b410bda4ed26d315848f68bdd70b432101153b12e3c5d6dcccd8bea14ec183", "src/net/dns_wire.cj": "08b6bfb5fb7b46502a2a897f44a251765947359408398bcb93442504de28bde0", "src/net/package.cj": "05ee39721856fab3dc82dc4a83baaa0adfd9bb8af4fb38e0af41d4f5cb4430cc", "src/net/tcp_listener.cj": "7735311cd3aa657a3be9a37216cb5a1b404854932ab66480ea78b9f42a2b2b1f", "src/net/udp_socket.cj": "a59cba97d797a3800338f6a8594bfcd0f93456fc926421b2f9bce81149c9546b", "src/net/unix_datagram_socket.cj": "7447856c277d45d943087e3285fd0ade950cf7047fbf232052e1cd9d0a730511", "src/net/unix_listener.cj": "aa964800977f95ff67a6351a91c16d950324bbe0c50d7b01c5f1484f06e01967", "src/net/unix_stream.cj": "399aeac5d19f6457e2342fd7b1af3a76943f00db50a21c1474bed3b3141acb8b", "src/network_error.cj": "4e272f9b9887804f0de87ec032d442a69b49803da66bffa005b7f0282aadc5e5", "src/network_event.cj": "55d93c151752e76c80c441e4bfc639f7d6da77e89ed582bae2ba6a43cdcc3084", "src/operation_context.cj": "523a1c1efaab2f3e6ba0755386460ea504a2caa8ef1453a18134f950c6e1234d", "src/package.cj": "f9035aacfa24f06fe88eda3f16a5cbcf5dbf482b2d86776ea27e09e4861e93d7", "src/private_key_contract.cj": "cb03bb9badc0552c2ac66dbb6bf4842559b5ea17b2aa77284e817a78d63c6e84", "src/resolver.cj": "7b2129a0e3fd4be72ad2dd6adaf0053d5de23a08214157c931d38d7627154b23", "src/tls/facade.cj": "7cdea5920f34d68eb670f0ac701bc9003eb9a0b1823d7c27ccc5d2941692bccd", "src/tls/identity.cj": "763b6b5f60e3afaed998a21ea7d1ca2f7db8d016255e670cab5fb96c2dfbd714", "src/tls/package.cj": "dd45ea5dbcb3846376a1621faf38bdf31e4509e99efb2fbe36b4a9bdb1f3c819", "src/tls_contract.cj": "e8d453029bd16914b5f3c7c3b4b44a5e2e16b69233a27f8b06c633b056a54267", "src/transport.cj": "6781aa3bf538523e02c4807eebff7ac37a773e5dc9bdb427e6a56ace3a0b7033", "src/trust.cj": "f64b49d84a58e034e3976089211f7b645b42e5bc51dbc353f2e0bcec14d17aba"}, "status": "PASS", "targetCfg": {"arch": "x86_64", "env": "gnu", "os": "Linux"}, "taskId": "M7-033"}
The valid serial compilation order is:
    wirestack -> wirestack.internal -> wirestack.internal.identity -> wirestack.internal.platform -> wirestack.internal.platform.android -> wirestack.internal.platform.apple -> wirestack.internal.platform.harmony -> wirestack.internal.platform.linux -> wirestack.internal.platform.windows -> wirestack.internal.common -> wirestack.internal.http_files -> wirestack.internal.http_model -> wirestack.internal.transport -> wirestack.internal.trust -> wirestack.internal.http2 -> wirestack.internal.resolver -> wirestack.internal.tls_engine -> wirestack.internal.connector -> wirestack.tls -> wirestack.internal.http1 -> wirestack.internal.transport_stdnet -> wirestack.net -> wirestack.http
cjpm check success
cjpm build success
--------------------------------------------------------------------------------------------------
TP: wirestack.internal.platform.linux, time elapsed: 9630289 ns, RESULT:
    TCS: LinuxSystemTrustAdapterTest, time elapsed: 9630289 ns, RESULT:
    [ PASSED ] CASE: frozenSearchOrderCoversGlibcAndMuslLayouts (180247 ns)
    [ PASSED ] CASE: currentLinuxHostSelectsOneExplicitUsableSource (7721298 ns)
    [ PASSED ] CASE: missingCandidatesFailWithoutProviderDefaultFallback (33728 ns)
    [ PASSED ] CASE: directoryCandidateRequiresReadableHashedCertificateEntry (263789 ns)
    [ PASSED ] CASE: sourceIdentityChangesWhenSameSizeTrustContentChanges (265378 ns)
Summary: TOTAL: 5
    PASSED: 5, SKIPPED: 0, ERROR: 0
    FAILED: 0
--------------------------------------------------------------------------------------------------
TP: wirestack.internal.http1, time elapsed: 1823843599 ns, RESULT:
    TCS: HttpAutomaticHttpsClientTest, time elapsed: 7037894 ns, RESULT:
    [ PASSED ] CASE: h2NegotiationMultiplexesTenRequestsOnOneTlsConnection (4115385 ns)
    [ PASSED ] CASE: http11NegotiationFallsBackAndReusesTheAdoptedConnection (2099742 ns)
    TCS: Http1ChunkedCodecTest, time elapsed: 2003949 ns, RESULT:
    [ PASSED ] CASE: decoderStreamsDataExtensionsTrailersAndRemainder (112632 ns)
    [ PASSED ] CASE: decoderHandlesEveryBoundaryOneByteAtATime (77825 ns)
    [ PASSED ] CASE: encoderProducesCanonicalChunksAndBoundedTrailers (85221 ns)
    [ PASSED ] CASE: rejectsInvalidSizeExtensionAndTerminators (86190 ns)
    [ PASSED ] CASE: enforcesBodyChunkLineAndTrailerBounds (79328 ns)
    [ PASSED ] CASE: streamingResponseKeepsEachChunkBoundedWithoutALifetimeCeiling (160120 ns)
    [ PASSED ] CASE: rejectsForbiddenOrFoldedTrailers (95714 ns)
    [ PASSED ] CASE: eofAndPostCompletionUseFailClosedStates (61221 ns)
    [ PASSED ] CASE: decodeBatchesOwnDataAndRemainingBytes (52059 ns)
    TCS: Http1ClientConnectionTest, time elapsed: 24326131 ns, RESULT:
    [ PASSED ] CASE: expectContinueWaitsForApprovalBeforeOpeningBody (1327736 ns)
    [ PASSED ] CASE: finalRejectionBeforeContinueNeverOpensRequestBody (966164 ns)
    [ PASSED ] CASE: continueWaitTimeoutSendsBodyUnderTheOriginalBudget (18243793 ns)
    [ PASSED ] CASE: serializesRequestsUntilBodyEofThenReusesConnection (1135631 ns)
    [ PASSED ] CASE: earlyBodyCloseClosesInsteadOfReturningConnectionForReuse (454804 ns)
    [ PASSED ] CASE: connectionCloseResponseIsNeverReusableAfterEof (1209132 ns)
    TCS: Http1CleartextClientTest, time elapsed: 2582943 ns, RESULT:
    [ PASSED ] CASE: resolvesConnectsAndReusesOnlyAfterBodyCompletion (2083196 ns)
    [ PASSED ] CASE: rejectsHttpsBeforeDnsOrPoolMutation (101057 ns)
    TCS: Http1ConnectionPoolTest, time elapsed: 4534208 ns, RESULT:
    [ PASSED ] CASE: emitsSecretFreeAcquireAndReleaseLifecycle (494271 ns)
    [ PASSED ] CASE: reusesOnlyTheSameCompleteKey (456576 ns)
    [ PASSED ] CASE: enforcesTotalPerKeyIdleAndWaiterBounds (926679 ns)
    [ PASSED ] CASE: activeWaitHonorsCancellationAndReleasesWaiterSlot (482579 ns)
    [ PASSED ] CASE: evictsExpiredAndClosedConnectionsInsteadOfReusingThem (874523 ns)
    [ PASSED ] CASE: failedCreationRollsBackItsCapacityReservation (453493 ns)
    TCS: Http1HeadParserTest, time elapsed: 2772087 ns, RESULT:
    [ PASSED ] CASE: requestParsesIncrementallyAndReturnsBodyRemainder (238331 ns)
    [ PASSED ] CASE: oneFeedRetainsBytesAfterTheHead (105024 ns)
    [ PASSED ] CASE: responseParsesStatusReasonHeadersAndFraming (152742 ns)
    [ PASSED ] CASE: acceptsOriginAbsoluteAuthorityAndAsteriskFormsOnlyWhereValid (384226 ns)
    [ PASSED ] CASE: rejectsBareLfObsFoldAndInvalidHeaderSyntax (176051 ns)
    [ PASSED ] CASE: requiresOneValidHostAndMatchingAbsoluteAuthority (351418 ns)
    [ PASSED ] CASE: rejectsInvalidTargetVersionAndBoundViolations (193051 ns)
    [ PASSED ] CASE: completedParserCannotBeReused (109552 ns)
    TCS: Http2Streams1BenchmarkTest, time elapsed: 25030978 ns, RESULT:
    [ PASSED ] CASE: benchmarkOneConcurrentStream (24710845 ns)
    TCS: Http2Streams10BenchmarkTest, time elapsed: 126949327 ns, RESULT:
    [ PASSED ] CASE: benchmarkTenConcurrentStreams (126598194 ns)
    TCS: Http2Streams100BenchmarkTest, time elapsed: 1157085823 ns, RESULT:
    [ PASSED ] CASE: benchmarkHundredConcurrentStreams (1156707202 ns)
    TCS: Http1HundredConnectionBaselineTest, time elapsed: 66790252 ns, RESULT:
    [ PASSED ] CASE: benchmarkHundredConcurrentConnections (66423371 ns)
    TCS: Http2ConnectionPoolTest, time elapsed: 3299127 ns, RESULT:
    [ PASSED ] CASE: alpnPrefersH2AndFallsBackOnlyToHttp11 (35889 ns)
    [ PASSED ] CASE: oneConnectionIsSharedUntilPeerStreamCapacityIsFull (351521 ns)
    [ PASSED ] CASE: concurrentFirstUseDoesNotCreateAConnectionStampede (989760 ns)
    [ PASSED ] CASE: newConnectionIsPublishedOnlyAfterItsFirstStreamIsAdmitted (97955 ns)
    [ PASSED ] CASE: completeSecurityKeyPreventsCrossContextReuse (110857 ns)
    [ PASSED ] CASE: drainingConnectionRetainsExistingStreamButReceivesNoNewLease (108896 ns)
    [ PASSED ] CASE: drainingConnectionWaitsForNonLocalOwnersBeforeDiscard (113242 ns)
    [ PASSED ] CASE: fullBoundedPoolHonorsOneCallerDeadline (93246 ns)
    [ PASSED ] CASE: poolCloseAbortsEverySharedConnectionExactlyOnce (91688 ns)
    TCS: Http1FramingTest, time elapsed: 1781181 ns, RESULT:
    [ PASSED ] CASE: requestUsesOneSharedEmptyLengthOrChunkedDecision (114204 ns)
    [ PASSED ] CASE: identicalContentLengthsAreAcceptedAcrossFieldsAndLists (48984 ns)
    [ PASSED ] CASE: conflictingOrInvalidContentLengthsAreRejected (196636 ns)
    [ PASSED ] CASE: contentLengthAndTransferEncodingNeverCoexist (61033 ns)
    [ PASSED ] CASE: ambiguousTransferEncodingIsRejected (192348 ns)
    [ PASSED ] CASE: responseHandlesHeadStatusesConnectAndCloseDelimiting (148228 ns)
    [ PASSED ] CASE: bodylessAndSuccessfulConnectResponsesRejectFramingFields (120231 ns)
    TCS: HttpConnectionPoolKeyTest, time elapsed: 633973 ns, RESULT:
    [ PASSED ] CASE: canonicalOriginProducesStableEqualityAndHash (30135 ns)
    [ PASSED ] CASE: everySecurityAndRouteDimensionPartitionsReuse (45128 ns)
    [ PASSED ] CASE: refusesIncompletePartitionIdentities (22210 ns)
    TCS: Http1ProxyClientPipelineTest, time elapsed: 19345663 ns, RESULT:
    [ PASSED ] CASE: dynamicConnectCredentialsNeverReuseAnAuthenticatedTunnel (9358726 ns)
    [ PASSED ] CASE: rejectedConnectDrainsClosesAndReturnsStructuredNonRetryableFailure (9437831 ns)
    TCS: Http1RequestWriterTest, time elapsed: 5350838 ns, RESULT:
    [ PASSED ] CASE: twoStageWriterDoesNotOpenBodyBeforeExplicitCommit (1230904 ns)
    [ PASSED ] CASE: writesFixedBodyThroughPartialTransportOperations (857830 ns)
    [ PASSED ] CASE: streamsUnknownLengthBodyAsCanonicalChunks (850709 ns)
    [ PASSED ] CASE: rejectsDeclaredMismatchBeforeWritingAnything (182171 ns)
    [ PASSED ] CASE: prematureBodyEofRetainsPartialCommitEvidence (963161 ns)
    [ PASSED ] CASE: emptyFramingProbesSourceInsteadOfDroppingUnexpectedBytes (171246 ns)
    TCS: Http1ResponseReaderTest, time elapsed: 31135739 ns, RESULT:
    [ PASSED ] CASE: explicitUpgradeTransfersOnlyAMatching101Protocol (1407548 ns)
    [ PASSED ] CASE: mismatchedUpgradeResponseFailsClosed (1900878 ns)
    [ PASSED ] CASE: explicitConnectTransfersBufferedTunnelBytesAndTransportOwnership (1260499 ns)
    [ PASSED ] CASE: failedConnectRemainsAnHttpResponseAndClosesAfterBody (4167497 ns)
    [ PASSED ] CASE: readsInterimAndFixedResponseWithoutBufferingTheBody (860615 ns)
    [ PASSED ] CASE: received4xxAnd5xxRemainHttpResponses (1453780 ns)
    [ PASSED ] CASE: decodesChunkedResponseAndPublishesTrailerAtEof (991597 ns)
    [ PASSED ] CASE: closeDelimitedBodyCompletesOnlyAtTransportEof (722872 ns)
    [ PASSED ] CASE: chunkedStreamingResponseMayExceedThePerSegmentBodyBound (3686585 ns)
    [ PASSED ] CASE: prematureFixedBodyEofAbandonsResponseExactlyOnce (1675544 ns)
    [ PASSED ] CASE: rejectsImplicitUpgradeAndConnectTransportTransfer (4296438 ns)
    TCS: Http1SerializerTest, time elapsed: 5377945 ns, RESULT:
    [ PASSED ] CASE: clientRequestAddsHostAndUsesOriginForm (155897 ns)
    [ PASSED ] CASE: forwardProxyRequestUsesAbsoluteFormAndOriginHost (3053543 ns)
    [ PASSED ] CASE: requestPreservesOrderedMultipleFieldsAndLengthFraming (159444 ns)
    [ PASSED ] CASE: requestRejectsMissingDuplicateOrMismatchedHost (121234 ns)
    [ PASSED ] CASE: responseSerializesStatusAndUsesSharedFraming (71177 ns)
    [ PASSED ] CASE: responseRejectsInjectionAndForbiddenBodyFraming (81150 ns)
    [ PASSED ] CASE: writerHandlesPartialTransportWritesUnderOneContext (191367 ns)
    [ PASSED ] CASE: serializedBytesAreDefensiveCopies (151618 ns)
    TCS: Http1ServerConnectionTest, time elapsed: 29833021 ns, RESULT:
    [ PASSED ] CASE: serializesTwoKeepAliveExchanges (12435592 ns)
    [ PASSED ] CASE: unreadRequestBodyForcesConnectionCloseAfterResponse (5913443 ns)
    [ PASSED ] CASE: handlerFailureProducesBounded500AndCloses (1293754 ns)
    [ PASSED ] CASE: rejectedHandoffReleasesSessionOwnershipExactlyOnce (1449440 ns)
    [ PASSED ] CASE: selectedUpgradeOfferTransfersBufferedSessionBytes (4527499 ns)
    TCS: Http1ServerRequestReaderTest, time elapsed: 21108259 ns, RESULT:
    [ PASSED ] CASE: streamsFixedRequestBodyWithoutReadingPastItsLength (1183227 ns)
    [ PASSED ] CASE: decodesChunkedRequestAndPublishesTrailer (2419370 ns)
    [ PASSED ] CASE: sendsContinueOnlyWhenHandlerStartsReadingTheBody (15509544 ns)
    [ PASSED ] CASE: rejectingWithoutReadingNeverSendsContinue (891614 ns)
    TCS: Http1ServerTest, time elapsed: 31277781 ns, RESULT:
    [ PASSED ] CASE: shutdownAbortsConnectionBlockedInsideTlsHandshake (8066409 ns)
    [ PASSED ] CASE: acceptSideTlsHookOwnsConnectionAndClosesAfterShutdown (1563405 ns)
    [ PASSED ] CASE: gracefulShutdownStopsAcceptAfterCompletedConnection (1166774 ns)
    [ PASSED ] CASE: expiredShutdownAbortsBlockedConnectionAndReturnsBoundedly (6486031 ns)
    [ PASSED ] CASE: connectionLimitPreventsSecondAcceptUntilCapacityReturns (12521444 ns)
    TCS: Http1ServerResponseWriterTest, time elapsed: 4825970 ns, RESULT:
    [ PASSED ] CASE: writesFixedResponseThroughPartialTransportOperations (694435 ns)
    [ PASSED ] CASE: streamsChunkedResponseAndTrailer (936043 ns)
    [ PASSED ] CASE: chunkedStreamingResponseMayExceedThePerSegmentBodyBound (866755 ns)
    [ PASSED ] CASE: headResponseNeverTransfersRepresentationBytes (171969 ns)
    [ PASSED ] CASE: closeDelimitedResponseRequiresConnectionClose (760981 ns)
    [ PASSED ] CASE: rejectsKnownLengthMismatchBeforeCommittingHead (145583 ns)
    TCS: Http1SmugglingCorpusTest, time elapsed: 127959923 ns, RESULT:
    [ PASSED ] CASE: clientAndServerFramingRejectTheSameAmbiguousHeaderCorpus (4039856 ns)
    [ PASSED ] CASE: identicalLengthsAndOneFinalChunkedCodingRemainUnambiguous (1450583 ns)
    [ PASSED ] CASE: rejectsWhitespaceTargetAndProxyDifferentialCorpus (1315176 ns)
    [ PASSED ] CASE: rejectsMalformedChunkAndTrailerCorpusAtInputOrEof (338125 ns)
    [ PASSED ] CASE: everyAcceptedSingleByteMutationHasACanonicalReparse (113846888 ns)
    [ PASSED ] CASE: chunkedMutationsHaveDeterministicBoundedTerminals (2143302 ns)
    [ PASSED ] CASE: validHeadParsesAtEveryTransportSplitBoundary (3457712 ns)
    TCS: Http1HttpsClientTest, time elapsed: 2217908 ns, RESULT:
    [ PASSED ] CASE: partitionsHandshakesAndReusesHttpsAfterBodyCompletion (1992100 ns)
    TCS: Http1TlsServerTest, time elapsed: 117548693 ns, RESULT:
    [ PASSED ] CASE: alpnServerRejectsAClientWithNoSharedHttpProtocol (50684409 ns)
    [ PASSED ] CASE: automaticClientOffersH2FirstAndFallsBackToServerHttp11 (21305024 ns)
    [ PASSED ] CASE: requiredMutualTlsCarriesAuthenticatedHttp1Exchange (23061219 ns)
    [ PASSED ] CASE: realAwsLcHandshakeCarriesOneHttp1Exchange (21570520 ns)
Summary: TOTAL: 118
    PASSED: 115, SKIPPED: 3, ERROR: 0
    FAILED: 0
--------------------------------------------------------------------------------------------------
TP: wirestack.internal.http2, time elapsed: 3238292013 ns, RESULT:
    TCS: Http2ClientConnectionTest, time elapsed: 166861620 ns, RESULT:
    [ PASSED ] CASE: encodedHeaderFailureClosesTheConnection (965736 ns)
    [ PASSED ] CASE: tenConcurrentRequestsShareOneConnectionAndMapOutOfOrderResponses (3463915 ns)
    [ PASSED ] CASE: claimedStreamsPublishInitialHeadersInStreamIdOrder (3789186 ns)
    [ PASSED ] CASE: cancelledUnpublishedStreamDoesNotBlockNextClaim (1639882 ns)
    [ PASSED ] CASE: declaredLengthDoesNotReleaseStreamBeforeWireEndStream (582672 ns)
    [ PASSED ] CASE: streamsRequestBodyThroughFlowControlledDataAndEndsLocallyOnce (1628113 ns)
    [ PASSED ] CASE: peerResetFailsOnlyItsStreamAndConnectionRemainsUsable (2058293 ns)
    [ PASSED ] CASE: peerGoAwayDrainsConnectionWithoutFailingAcceptedStream (1094564 ns)
    [ PASSED ] CASE: connectedStreamOutlivesHandshakeCancellationAndUsesOperationContexts (2672636 ns)
    [ PASSED ] CASE: contextlessHalfCloseDoesNotWaitForBlockedConnectionWriter (5085415 ns)
    [ PASSED ] CASE: halfCloseOrdersEndAfterAdmittedFlowControlledWrite (6207576 ns)
    [ PASSED ] CASE: gracefulCloseOrdersEndAfterAdmittedFlowControlledWrite (9781077 ns)
    [ PASSED ] CASE: gracefulCloseDeadlineStopsAdmittedFlowControlledWrite (109945284 ns)
    [ PASSED ] CASE: queuedHalfCloseCancellationDoesNotWaitForConnectionWriter (9792297 ns)
    [ PASSED ] CASE: rejectedConnectReturnsFullResponseAndClosesRequestDirection (1575600 ns)
    [ PASSED ] CASE: enabledPushAttachesBoundedCallerDrivenResponses (3296247 ns)
    TCS: Http2ClientMappingTest, time elapsed: 4855193 ns, RESULT:
    [ PASSED ] CASE: requestMapsOrderedPseudoFieldsAuthorityAndSensitiveHeaders (160316 ns)
    [ PASSED ] CASE: connectUsesOnlyMethodAndAuthorityPseudoFields (88904 ns)
    [ PASSED ] CASE: connectStreamMappingKeepsBothDataDirectionsOpen (170071 ns)
    [ PASSED ] CASE: requestRejectsAuthorityFramingAndConnectionAmbiguity (396616 ns)
    [ PASSED ] CASE: requestHeaderListHonorsHttp2BoundsBeforeHpackMutation (97260 ns)
    [ PASSED ] CASE: requestBodyProvesEofBeforeOneTerminalTrailerBlock (199762 ns)
    [ PASSED ] CASE: requestBodyRejectsPrematureEofAndConfiguredOverflow (194290 ns)
    [ PASSED ] CASE: responseMapsInformationalFinalDataAndTrailersInOrder (181483 ns)
    [ PASSED ] CASE: responseRejectsPseudoOrderCaseAndConnectionFieldsAsStreamErrors (113242 ns)
    [ PASSED ] CASE: responseRejectsInvalidStatusAndTooManyInformationalHeads (284826 ns)
    [ PASSED ] CASE: responseContentLengthMustMatchExactlyAtEndStream (186110 ns)
    [ PASSED ] CASE: streamingResponseMayExceedTheConfiguredRequestBodyBound (33141 ns)
    [ PASSED ] CASE: bodylessAndConnectResponseRulesAreExplicit (177132 ns)
    [ PASSED ] CASE: responseTrailersRequireFinalEndStreamAndRegularAllowedFields (150237 ns)
    [ PASSED ] CASE: promisedRequestValidationPrecedesApplicationPolicy (230177 ns)
    TCS: Http2ClientPushOwnershipTest, time elapsed: 1229002 ns, RESULT:
    [ PASSED ] CASE: resetLostOfferIsClosedAndNextOfferRemainsDeliverable (227937 ns)
    [ PASSED ] CASE: parentCancellationStopsTransferredStalledBodyWithoutCancellingIndependentSibling (319937 ns)
    [ PASSED ] CASE: expiredParentAbsoluteDeadlineStillGovernsTransferredBodyAfterHeaders (183263 ns)
    TCS: Http2ConformanceTest, time elapsed: 6247576 ns, RESULT:
    [ PASSED ] CASE: invalidFrameOrderMatrixFailsAtConnectionScope (448336 ns)
    [ PASSED ] CASE: continuationSequenceCompletesOnlyOnEndHeaders (162737 ns)
    [ PASSED ] CASE: rstStreamAndGoAwayRaceCompletesOwnerOnceAndCleansRegistrations (5094722 ns)
    TCS: Http2ConnectionStateMachineTest, time elapsed: 6358601 ns, RESULT:
    [ PASSED ] CASE: clientStartEmitsMagicAndSettingsThenPeerSettingsOpens (66896 ns)
    [ PASSED ] CASE: serverConsumesIncrementalMagicBeforeItsFirstSettings (62964 ns)
    [ PASSED ] CASE: invalidOrIncompletePrefaceFailsOnceWithProtocolEvidence (52971 ns)
    [ PASSED ] CASE: firstPeerFrameMustBeNonAcknowledgementSettings (41670 ns)
    [ PASSED ] CASE: openConnectionAppliesSettingsAndCompletesHeaderBlocks (37762 ns)
    [ PASSED ] CASE: peerGoAwayDrainsAndMayOnlyNarrowItsBoundary (60833 ns)
    [ PASSED ] CASE: localDrainUsesProcessedPeerBoundaryAndNeverIncreases (51701 ns)
    [ PASSED ] CASE: racingFinishTransitionsAndPublishesCompletionExactlyOnce (4956975 ns)
    TCS: Http2DeterministicFuzzTest, time elapsed: 71566972 ns, RESULT:
    [ PASSED ] CASE: frameParserDeterministicMutationCorpusStaysBounded (7264633 ns)
    [ PASSED ] CASE: hpackDecoderDeterministicMutationCorpusFailsClosed (63651911 ns)
    [ PASSED ] CASE: protocolLimitBoundaryMutationsRejectOversizedInputs (59598 ns)
    TCS: Http2FlowControllerTest, time elapsed: 2771695431 ns, RESULT:
    [ PASSED ] CASE: windowUpdateCodecIgnoresReservedBitAndRejectsZeroByScope (33229 ns)
    [ PASSED ] CASE: reservationsRespectConnectionStreamAndPeerFrameCredit (48996 ns)
    [ PASSED ] CASE: settingsShrinkPausesReservedDataAndCancellationReleasesIt (62839 ns)
    [ PASSED ] CASE: streamWindowUpdateWakesAReservedPermitAfterSettingsShrink (56504 ns)
    [ PASSED ] CASE: concurrentTryReserveNeverOvercommitsOneStream (150325 ns)
    [ PASSED ] CASE: receiveCreditReturnsOnlyAfterApplicationConsumption (73395 ns)
    [ PASSED ] CASE: smallReceiveReadsCoalesceWindowUpdates (155748 ns)
    [ PASSED ] CASE: stalledConnectionCreditFlushesOnceWithoutChangingSmallReadCoalescing (29458 ns)
    [ PASSED ] CASE: leastRecentlyServedStreamsReceiveCreditBeforeThePreviousOwner (2768936246 ns)
    [ PASSED ] CASE: connectionSendWindowIsSharedAcrossStreams (50820 ns)
    [ PASSED ] CASE: connectionAndStreamWindowViolationsHaveCorrectScope (44640 ns)
    [ PASSED ] CASE: settingsAndWindowOverflowFailAtomically (45867 ns)
    [ PASSED ] CASE: streamCleanupCancelsPermitsAndRestoresOnlyConnectionReceiveCredit (37788 ns)
    [ PASSED ] CASE: dataAccountingUsesTheEntireFramePayload (21668 ns)
    TCS: Http2FrameCodecTest, time elapsed: 1111986 ns, RESULT:
    [ PASSED ] CASE: everyRequiredFrameEnvelopeRoundTrips (98722 ns)
    [ PASSED ] CASE: parserAcceptsEverySingleByteBoundaryAndMultipleFrames (60879 ns)
    [ PASSED ] CASE: incompleteInputStaysBoundedUntilCompletion (20491 ns)
    [ PASSED ] CASE: oversizedFrameFailsBeforePayloadBufferingAndParserBecomesTerminal (30939 ns)
    [ PASSED ] CASE: reservedBitIsIgnoredOnReadAndClearedOnWrite (18588 ns)
    [ PASSED ] CASE: unknownFramesAndFlagsRoundTripWithoutInterpretation (20769 ns)
    [ PASSED ] CASE: transportWriterHandlesRepeatedPartialWrites (33351 ns)
    TCS: Http2FrameModelTest, time elapsed: 854471 ns, RESULT:
    [ PASSED ] CASE: frameAndErrorCodesRoundTripIncludingExtensions (28768 ns)
    [ PASSED ] CASE: streamIdentifierIgnoresReservedBitAndKeepsThirtyOneBits (11085 ns)
    [ PASSED ] CASE: limitsAreExplicitAndFrameSizeIsBounded (31339 ns)
    [ PASSED ] CASE: fixedFrameShapesAndStreamScopesAreValidated (38230 ns)
    [ PASSED ] CASE: settingsRejectInvalidProtocolValuesButRetainExtensions (29824 ns)
    [ PASSED ] CASE: unknownFlagsAndFramesRemainForwardCompatible (15445 ns)
    TCS: Http2GoAwayManagerTest, time elapsed: 5292912 ns, RESULT:
    [ PASSED ] CASE: peerBoundaryRetiresOnlyDefinitelyUnprocessedStreams (136940 ns)
    [ PASSED ] CASE: narrowingBoundaryWakesEachNewlyExcludedOwnerExactlyOnce (81089 ns)
    [ PASSED ] CASE: localDrainQueuesGoAwayAndStopsAdmissionBeforeWriterRuns (67205 ns)
    [ PASSED ] CASE: fabricatedReceiveResultCannotDrainAnOpenCoordinator (48910 ns)
    [ PASSED ] CASE: racingAdmissionAndGoAwayNeverLeavesAnExcludedStreamActive (4288634 ns)
    TCS: Http2HeaderBlockAssemblerTest, time elapsed: 947072 ns, RESULT:
    [ PASSED ] CASE: sameStreamContinuationsAssembleInExactOrder (25619 ns)
    [ PASSED ] CASE: continuationWithoutStartWrongStreamAndInterleavingFailConnection (49096 ns)
    [ PASSED ] CASE: paddingAndPriorityOverheadAreExcludedFromHeaderBytes (21426 ns)
    [ PASSED ] CASE: pushPromiseRetainsPromisedStreamAndFragmentOnly (23451 ns)
    [ PASSED ] CASE: invalidPaddingPriorityAndSelfDependencyFailClosed (54135 ns)
    [ PASSED ] CASE: accumulatedCompressedBytesHaveOneHardLimit (25091 ns)
    TCS: Http2ConnectionHealthTest, time elapsed: 692948 ns, RESULT:
    [ PASSED ] CASE: pingCodecAndConnectionAckPreserveOpaqueBytes (40424 ns)
    [ PASSED ] CASE: idleProbeIsSingleOutstandingAndMatchingAckRestoresHealth (129823 ns)
    [ PASSED ] CASE: ordinaryActivityDefersIdleProbeWithoutAllocatingATimer (35518 ns)
    TCS: Http2ConnectionCloserTest, time elapsed: 1305183 ns, RESULT:
    [ PASSED ] CASE: gracefulCloseSendsGoAwayWaitsForStreamAndClosesTransportOnce (101095 ns)
    [ PASSED ] CASE: expiredCloseAbortsActiveStreamsWithoutStartingGracefulIo (58951 ns)
    [ PASSED ] CASE: racingShorterDeadlineUpgradesInFlightGracefulCloseToOneAbort (101508 ns)
    [ PASSED ] CASE: concurrentGracefulCallersShareOneTerminalResultAndTransportClose (149677 ns)
    [ PASSED ] CASE: failedGracefulTransportCloseFallsBackToOneAbort (133573 ns)
    TCS: HpackBlockTest, time elapsed: 2379030 ns, RESULT:
    [ PASSED ] CASE: rfcRequestBlocksDecodeWithSharedDynamicState (57846 ns)
    [ PASSED ] CASE: encoderMatchesFirstRfcHuffmanRequestExample (73076 ns)
    [ PASSED ] CASE: literalModesPreserveNeverIndexedAndOnlyIncrementalMutatesTable (1005116 ns)
    [ PASSED ] CASE: tableSizeUpdateMustLeadBlockAndRespectAllowedMaximum (35699 ns)
    [ PASSED ] CASE: headerCountListAndCompressedLimitsFailClosed (393331 ns)
    [ PASSED ] CASE: peerCapacityUpdateIsEmittedBeforeHeaders (26954 ns)
    TCS: HpackCoreTest, time elapsed: 990446 ns, RESULT:
    [ PASSED ] CASE: rfcIntegerVectorsEncodeAndDecodeExactly (13829 ns)
    [ PASSED ] CASE: integerRejectsTruncationOverflowAndInvalidPrefix (22859 ns)
    [ PASSED ] CASE: rawStringRoundTripsAndOwnsItsBytes (18318 ns)
    [ PASSED ] CASE: stringLengthLimitAndTruncationFailBeforeCopy (216164 ns)
    [ PASSED ] CASE: staticTableMatchesRfcBoundariesAndRepresentativeEntries (32732 ns)
    [ PASSED ] CASE: everyStaticEntryHasBoundedRfcAccounting (120733 ns)
    TCS: HpackDynamicTableTest, time elapsed: 765509 ns, RESULT:
    [ PASSED ] CASE: newestEntryUsesIndexSixtyTwoAndOlderEntriesShift (15014 ns)
    [ PASSED ] CASE: exactRfcAccountingEvictsOldestEntriesFirst (17984 ns)
    [ PASSED ] CASE: oversizedEntryClearsTheEntireTableWithoutInsertion (10029 ns)
    [ PASSED ] CASE: capacityShrinkEvictsImmediatelyAndPeerLimitIsHard (17044 ns)
    [ PASSED ] CASE: withoutIndexingNeverIndexedAndSensitiveNeverEnterState (15349 ns)
    [ PASSED ] CASE: staticAndDynamicSearchReturnCanonicalLowestIndexes (97743 ns)
    [ PASSED ] CASE: zeroCapacityRetainsNoEntries (9414 ns)
    TCS: HpackHuffmanTest, time elapsed: 46091108 ns, RESULT:
    [ PASSED ] CASE: rfcRequestExamplesEncodeAndDecodeExactly (2639658 ns)
    [ PASSED ] CASE: everyOctetRoundTripsWithinAnExplicitBound (40639969 ns)
    [ PASSED ] CASE: huffmanStringLiteralUsesFlagAndSharedBounds (890378 ns)
    [ PASSED ] CASE: eosInvalidPaddingAndTruncatedPrefixFailClosed (393564 ns)
    [ PASSED ] CASE: decodedAndEncodedOutputLimitsApplyBeforeGrowth (822611 ns)
    TCS: Http2ConnectionReaderTest, time elapsed: 3271519 ns, RESULT:
    [ PASSED ] CASE: oneReaderDecodesEveryByteBoundaryAndDispatchesInWireOrder (407400 ns)
    [ PASSED ] CASE: serverConsumesMagicAndFirstFrameFromTheSameRead (411931 ns)
    [ PASSED ] CASE: eofDuringPrefaceOrFrameFailsAndWakesEveryStream (659452 ns)
    [ PASSED ] CASE: invalidTransportProgressAndHandlerFailureBecomeTerminal (498891 ns)
    [ PASSED ] CASE: readerLoopCanOnlyBeClaimedOnce (248074 ns)
    [ PASSED ] CASE: terminationRegistryIsBoundedRemovableAndExactlyOnce (275817 ns)
    [ PASSED ] CASE: readerRegistryReservesOneListenerBeyondTheStreamLimit (26057 ns)
    TCS: Http2ServerMappingTest, time elapsed: 8192266 ns, RESULT:
    [ PASSED ] CASE: requestHeadMapsPseudoFieldsHostAndContentLength (74154 ns)
    [ PASSED ] CASE: connectAndOptionsTargetsAreMappedStrictly (96201 ns)
    [ PASSED ] CASE: requestRejectsPseudoOrderCaseConnectionAndAuthorityAmbiguity (142093 ns)
    [ PASSED ] CASE: paddedDataReturnsAllFlowCreditAndPublishesTrailers (123771 ns)
    [ PASSED ] CASE: requestQueueIsBoundedBeforeFlowAccountingMutates (77530 ns)
    [ PASSED ] CASE: terminalLengthMismatchDoesNotConsumeFlowWindow (76155 ns)
    [ PASSED ] CASE: responseHeadersBodyFlowAndTrailersMapInOrder (510275 ns)
    [ PASSED ] CASE: streamingResponseMayExceedTheConfiguredRequestBodyBound (687221 ns)
    [ PASSED ] CASE: responseRulesCloseBodiesOnEveryTerminalOrFailurePath (145904 ns)
    [ PASSED ] CASE: handlerRunsOnceAndReleasesRequestOwnership (185379 ns)
    [ PASSED ] CASE: invalidDuplexResponseReleasesPreServeHandoffExactlyOnce (4798323 ns)
    TCS: Http2ServerPushLifecycleTest, time elapsed: 122509650 ns, RESULT:
    [ PASSED ] CASE: largePushDoesNotDelayParentHeadersUntilPushCreditReturns (45819906 ns)
    [ PASSED ] CASE: cancelledPushReleasesItsWorkerSlotForTheNextParent (40279978 ns)
    [ PASSED ] CASE: crossOriginPushIsRejectedAndItsResponseIsClosedBeforeAnyOffer (3173189 ns)
    [ PASSED ] CASE: parentResetWhileWaitingForPushSlotIsRevalidatedBeforeReservation (10440304 ns)
    [ PASSED ] CASE: resetOfBlockedPushDoesNotBlockReaderOrReleaseWorkerSlotEarly (12717252 ns)
    [ PASSED ] CASE: blockingHeaderOnlyBodyCloseDoesNotDelayInboundReset (5767547 ns)
    [ PASSED ] CASE: duplexHandlerReturnAbortsBothStreamDirections (2768456 ns)
    TCS: Http2SettingsTest, time elapsed: 2171701 ns, RESULT:
    [ PASSED ] CASE: codecPreservesKnownUnknownAndRepeatedSettingsInOrder (37050 ns)
    [ PASSED ] CASE: peerBatchAppliesAtomicallyAndReturnsAckAndWindowDelta (47075 ns)
    [ PASSED ] CASE: invalidPeerBatchLeavesEffectiveStateUnchanged (60826 ns)
    [ PASSED ] CASE: localBatchesAreAcknowledgedInFifoOrder (38397 ns)
    [ PASSED ] CASE: unexpectedAckAndPendingBatchOverflowFailClosed (43968 ns)
    [ PASSED ] CASE: advertisedResourceValuesAreCappedByLocalPolicy (33410 ns)
    [ PASSED ] CASE: settingsFrameLengthAndAckPayloadAreRejectedByFrameLayer (52844 ns)
    [ PASSED ] CASE: peerDefaultsAreRfcValuesCappedSeparatelyFromLocalAdvertisement (61095 ns)
    [ PASSED ] CASE: clientPushAdvertisementUsesItsOwnFiniteAdmissionBound (26163 ns)
    [ PASSED ] CASE: serverEnablePushSettingIsRejectedInBothDirections (56722 ns)
    TCS: Http2StreamLifecycleTest, time elapsed: 2978102 ns, RESULT:
    [ PASSED ] CASE: bothEndStreamOrdersReachClosedExactlyOnce (39270 ns)
    [ PASSED ] CASE: initialEndStreamHalfClosesTheInitiatingSide (21334 ns)
    [ PASSED ] CASE: clientAndServerAllocateCorrectMonotonicParity (17799 ns)
    [ PASSED ] CASE: peerParityReuseAndDecreasingIdsFailConnection (40308 ns)
    [ PASSED ] CASE: localAndPeerConcurrencyLimitsAreIndependentAndCapacityReturns (45168 ns)
    [ PASSED ] CASE: invalidHalfClosedDirectionsAndUnknownStreamsFailClosed (43603 ns)
    [ PASSED ] CASE: readerTerminationClosesAndUnregistersEveryActiveStream (52996 ns)
    [ PASSED ] CASE: racingAdmissionNeverExceedsConfiguredBoundOrDuplicatesIds (597734 ns)
    [ PASSED ] CASE: racingEndDirectionsCompleteAndCleanupExactlyOnce (1076365 ns)
    TCS: Http2StreamResetManagerTest, time elapsed: 3052559 ns, RESULT:
    [ PASSED ] CASE: rstCodecPreservesKnownAndExtensionCodes (46709 ns)
    [ PASSED ] CASE: localCancelQueuesResetAndReleasesOnlyItsStream (80008 ns)
    [ PASSED ] CASE: peerResetCancelsQueuedDataPermitsAndWakesOwnerOnce (92285 ns)
    [ PASSED ] CASE: resetWakesBlockedServerBodyWithoutClosingConnection (142419 ns)
    [ PASSED ] CASE: racingLocalAndPeerResetCompletesEveryStreamExactlyOnce (1703565 ns)
    [ PASSED ] CASE: queuePressureIsAtomicAndCleanupCreditStaysBoundedForRetry (155835 ns)
    TCS: Http2WriteSchedulerTest, time elapsed: 4451180 ns, RESULT:
    [ PASSED ] CASE: controlPrecedesDataAndPartialWritesDrainGracefully (140520 ns)
    [ PASSED ] CASE: controlBurstIsBoundedAndDataStreamsRotateFairly (538229 ns)
    [ PASSED ] CASE: queueCountAndBytesAreHardAndCancellationReleasesCapacity (129341 ns)
    [ PASSED ] CASE: concurrentProducersStillUseExactlyOneWriter (995034 ns)
    [ PASSED ] CASE: abortInterruptsActiveWriteAndFailsEveryTicket (75197 ns)
    [ PASSED ] CASE: transportFailureFansOutAndTicketWaitHonorsCancellation (61634 ns)
    [ PASSED ] CASE: reservedDataConsumesFlowOnlyWhenTheWriterClaimsIt (35807 ns)
    [ PASSED ] CASE: serverDataEventTransfersItsPermitBeforeWriterClaim (42497 ns)
    [ PASSED ] CASE: cancellingQueuedReservedDataReturnsAllFlowCapacity (32783 ns)
    [ PASSED ] CASE: admittedHeaderBatchSurvivesResetDuringPartialFirstWrite (72125 ns)
    [ PASSED ] CASE: unstartedEncodedHeaderBatchIsIrrevocableAfterAdmission (46509 ns)
    [ PASSED ] CASE: largeHeaderBatchRemainsContiguousPastControlBurstLimit (101746 ns)
    [ PASSED ] CASE: failedHeaderBatchAdmissionTerminatesScheduler (38817 ns)
    [ PASSED ] CASE: concurrentHeaderBatchesStayContiguousOnTheWire (556743 ns)
Summary: TOTAL: 182
    PASSED: 182, SKIPPED: 0, ERROR: 0
    FAILED: 0
--------------------------------------------------------------------------------------------------
TP: wirestack.tls, time elapsed: 106176929 ns, RESULT:
    TCS: PublicTlsFacadeTest, time elapsed: 86226906 ns, RESULT:
    [ PASSED ] CASE: clientBuilderRejectsReversedVersionRangeBeforeTransportIo (49632315 ns)
    [ PASSED ] CASE: serverBuilderRequiresAnIdentityBeforeTransportIo (8705208 ns)
    [ PASSED ] CASE: clientBuilderCopiesAlpnAndPublishesProviderNeutralCapabilities (7544839 ns)
    [ PASSED ] CASE: preCancelledHandshakeConsumesAndAbortsTheTransport (19124440 ns)
    TCS: TlsRuntimeTest, time elapsed: 19865203 ns, RESULT:
    [ PASSED ] CASE: reportsHandleFreeLinuxProviderAndBuildIdentity (10414916 ns)
    [ PASSED ] CASE: returnsDefensiveCopiesOfRuntimeInventories (8941059 ns)
Summary: TOTAL: 6
    PASSED: 6, SKIPPED: 0, ERROR: 0
    FAILED: 0
--------------------------------------------------------------------------------------------------
TP: wirestack.net, time elapsed: 1513558330 ns, RESULT:
    TCS: DnsClientWireTest, time elapsed: 947630695 ns, RESULT:
    [ PASSED ] CASE: publicQueryAndLookupUseRealUdpAndRetainAbsoluteCacheExpiry (2449841 ns)
    [ PASSED ] CASE: publicQueryEncodesEveryModeledRecordType (8204715 ns)
    [ PASSED ] CASE: wrongSourceIdAndQuestionAreIgnoredBeforeValidUdpResponse (1401896 ns)
    [ PASSED ] CASE: validatedTruncationFallsBackToExactTcpFrame (1459503 ns)
    [ PASSED ] CASE: activeCancellationRetainsNameserverWithoutRetry (60448861 ns)
    [ PASSED ] CASE: silentDnsAttemptsLeaveBudgetForServerAndPassFailover (504690279 ns)
    [ PASSED ] CASE: exhaustedResponseCodesRetainTheLastRespondingNameserver (2635918 ns)
    [ PASSED ] CASE: unsupportedResponseCodeRetainsRespondingNameserver (960662 ns)
    [ PASSED ] CASE: dnsTransportFailuresRetainSelectedNameserver (252736728 ns)
    [ PASSED ] CASE: tcpResponseCannotRemainTruncated (1751587 ns)
    [ PASSED ] CASE: malformedMatchingResponseAndUnrelatedSectionsCannotPoisonCache (3872939 ns)
    [ PASSED ] CASE: cnameTraversalUsesAnswerOwnersAndRejectsConflictingTargets (2386168 ns)
    [ PASSED ] CASE: fullResultCapacityDoesNotQueryAnotherFamily (60405076 ns)
    [ PASSED ] CASE: rfc2308CacheRetainsNxdomainVersusNodataWithoutNewPackets (2901673 ns)
    [ PASSED ] CASE: zeroTtlNeverCreatesAPositiveCacheEntry (1870438 ns)
    [ PASSED ] CASE: callerCancellationAndClientCloseWakeActiveNativeReceive (1851781 ns)
    [ PASSED ] CASE: anyFamilyRetainsAddressesWhenTheOtherFamilyFails (3621241 ns)
    [ PASSED ] CASE: crossFamilyConflictsRetainTheLivePeerAlongsideCachedResults (3867902 ns)
    [ PASSED ] CASE: nxdomainInvalidatesVisitedTargetsAndOtherCachedAliases (15238847 ns)
    [ PASSED ] CASE: everyNxdomainInvalidatesPreviouslyCachedAddresses (4647652 ns)
    [ PASSED ] CASE: noncacheableNxdomainStopsOtherFamilyQueries (2240927 ns)
    [ PASSED ] CASE: nameWideNegativeOverridesEarlierFamilyFailure (2130118 ns)
    [ PASSED ] CASE: boundedAdmissionRejectsExcessAndCloseWakesQueuedCallers (1737768 ns)
    TCS: DnsResolverPolicyTest, time elapsed: 293246768 ns, RESULT:
    [ PASSED ] CASE: fromSystemParsesTabsCommentsLastSearchAndClampedNdots (444065 ns)
    [ PASSED ] CASE: directConfigRejectsUnsupportedNameserverZonesBeforeQueries (42135 ns)
    [ PASSED ] CASE: numericNameserverZonesUseCanonicalEndpointIdentity (53370 ns)
    [ PASSED ] CASE: systemNameserversRetainOnlySupportedNumericZones (427336 ns)
    [ PASSED ] CASE: equivalentNameserverScopesDoNotConsumeTheServerLimit (342726 ns)
    [ PASSED ] CASE: configOwnsInputArraysAndReturnsDefensiveCopies (46556 ns)
    [ PASSED ] CASE: adoptedClientRequiresMatchingConfigurationWithoutTakingRejectedOwnership (154697 ns)
    [ PASSED ] CASE: systemFilesFailClosedWhenMissingOversizedOrNonregular (23694869 ns)
    [ PASSED ] CASE: ipv4LiteralsBypassHostsSearchAndNameservers (60288294 ns)
    [ PASSED ] CASE: hostsSnapshotRetainsOnlyUsableIpv6Zones (405298 ns)
    [ PASSED ] CASE: hostsAliasesFilterFamiliesAndRemainSnapshotted (469304 ns)
    [ PASSED ] CASE: trailingRootSkipsSearchWhileNdotsSelectsSearchOrAbsoluteFirst (2777109 ns)
    [ PASSED ] CASE: exactHostsEntryWinsBeforeSearchSuffixDns (200462505 ns)
    [ PASSED ] CASE: cancelledExpiredAndClosedCallsRetainPublicResolveClassifications (357970 ns)
    [ PASSED ] CASE: connectUsesHostsMappingForANativeListenerExchange (529232 ns)
    [ PASSED ] CASE: resolverConnectCarriesOneAbsoluteDeadlineIntoNativeTcpAdmission (325071 ns)
    TCS: DnsWireParserTest, time elapsed: 30730776 ns, RESULT:
    [ PASSED ] CASE: decodesCompressedTargetsBinaryTxtSoaAndUnknownData (115072 ns)
    [ PASSED ] CASE: recordOrderMakesAnswerAuthorityAndAdditionalBoundariesExplicit (43666 ns)
    [ PASSED ] CASE: summariesAndRecordsOwnParserAndConstructorInputs (35824 ns)
    [ PASSED ] CASE: publicSummaryRejectsCountsBeyondWireAndCombinedRecordBounds (28523323 ns)
    [ PASSED ] CASE: parserPreservesQuestionIdentityAndRejectsIncompleteRecords (73488 ns)
    [ PASSED ] CASE: asciiNameProfileRejectsAmbiguousLabels (73739 ns)
    [ PASSED ] CASE: compressionLoopsForwardPointersAndOutOfRangePointersAreRejected (44041 ns)
    [ PASSED ] CASE: expandedNameAndSectionCountsRespectConfiguredBounds (62196 ns)
    [ PASSED ] CASE: completeParserRejectsTrailingAndTruncatedSectionBytes (34731 ns)
    [ PASSED ] CASE: typedRdataLengthsAndTxtSegmentsAreExact (58963 ns)
    [ PASSED ] CASE: compressedRdataNamesCannotConsumeNeighboringRecordBytes (51011 ns)
    [ PASSED ] CASE: srvTargetCompressionIsRejectedEvenWhenPointerIsInBounds (34554 ns)
    [ PASSED ] CASE: summaryConstructorRejectsSectionMetadataThatCouldBlurBoundaries (14382 ns)
    [ PASSED ] CASE: additionalOwnerMayReferenceAuthorityNameserverTarget (37703 ns)
    [ PASSED ] CASE: additionalOwnerMayReferenceSecondLegacyMailboxName (56769 ns)
    TCS: DnsWireFuzzTest, time elapsed: 109536047 ns, RESULT:
    [ PASSED ] CASE: wireMutationsRejectMalformedMessagesOrRetainOwnedSections (109331356 ns)
    TCS: M8002TcpListenerTest, time elapsed: 60716021 ns, RESULT:
    [ PASSED ] CASE: bindRejectsInvalidBacklogAndStoppedContextsWithStructuredErrors (119363 ns)
    [ PASSED ] CASE: bindFailureRetainsPublicCoordinatesAndCause (144495 ns)
    [ PASSED ] CASE: cancelledAndExpiredAcceptsLeaveListenerReusable (28686398 ns)
    [ PASSED ] CASE: acceptedStreamTransfersExactDataInBothDirections (277442 ns)
    [ PASSED ] CASE: overlappingAcceptIsRejectedWithoutCreatingAPendingQueue (29910221 ns)
    [ PASSED ] CASE: stoppedCloseAdmissionHasNoNativeEffectAndListenerRemainsUsable (263965 ns)
    [ PASSED ] CASE: gracefulAndAbortTerminalOwnersAreStableAndWakeAccept (101025 ns)
    TCS: M8002UdpSocketTest, time elapsed: 32147029 ns, RESULT:
    [ PASSED ] CASE: datagramBoundariesAndOwnedPayloadSurviveScratchReuse (150847 ns)
    [ PASSED ] CASE: exactCapacityAndTruncationDiscardOnlyTheCurrentDatagramTail (176079 ns)
    [ PASSED ] CASE: connectedSocketSelectsNativePeerAndFiltersOtherSenders (170941 ns)
    [ PASSED ] CASE: invalidAndUnsupportedInputsLeaveSocketReusable (846920 ns)
    [ PASSED ] CASE: cancellationDeadlineCloseAndAbortRetainDistinctState (30276596 ns)
    TCS: NetworkFoundationContractTest, time elapsed: 38873125 ns, RESULT:
    [ PASSED ] CASE: unixEndpointFormsAreDistinctAndOwned (11161 ns)
    [ PASSED ] CASE: unixEndpointRejectsUnboundedNames (16862 ns)
    [ PASSED ] CASE: rawSocketCapabilityBoundaryRequiresDomainSpecificProtocol (30912 ns)
    [ PASSED ] CASE: cancelledConnectFailsBeforeSocketCreation (25817 ns)
    [ PASSED ] CASE: tcpStreamCancellationDistinguishesUntouchedFromAbortedDelegate (50871 ns)
    [ PASSED ] CASE: tcpStreamGracefulCloseIsRetainedAndIdempotent (15118 ns)
    [ PASSED ] CASE: tcpStreamTerminalCloseSkipsStoppedContextsAndCallerClock (55324 ns)
    [ PASSED ] CASE: tcpStreamNonterminalStoppedCloseAdmissionStillRejects (40479 ns)
    [ PASSED ] CASE: tcpStreamCloseNormalizesContextFailureWithoutTakingOwnership (34243 ns)
    [ PASSED ] CASE: tcpStreamAbortRetainsItsCauseAndConnectionFacts (90879 ns)
    [ PASSED ] CASE: tcpStreamDirectionalShutdownPublishesOnlySuccessfulTransitions (38976 ns)
    [ PASSED ] CASE: tcpStreamReadShutdownRejectsEveryReadPathWithoutLosingWrites (83401 ns)
    [ PASSED ] CASE: tcpStreamWriteShutdownRejectsEveryWritePathWithoutLosingReads (83080 ns)
    [ PASSED ] CASE: tcpStreamEmptyOperationsRemainImmediateAfterDirectionalShutdown (32067 ns)
    [ PASSED ] CASE: tcpStreamReadExactAddsCapturedEndpointsToUnexpectedEof (43366 ns)
    [ PASSED ] CASE: tcpStreamReadKeepsPeerEofGraceful (22965 ns)
    [ PASSED ] CASE: tcpStreamReadExactMergesCapturedAndStructuredEndpointMetadata (40647 ns)
    [ PASSED ] CASE: tcpStreamIoConflictsRetainCapturedEndpointsWithoutClosing (83774 ns)
    [ PASSED ] CASE: tcpStreamDirectionalShutdownDoesNotPromoteWokenIoToFailure (92577 ns)
    [ PASSED ] CASE: tcpStreamFinalShutdownRemainsGracefulWhenItWakesIo (48364 ns)
    [ PASSED ] CASE: tcpStreamFailuresRetainOriginalErrorAndReleaseDelegate (81635 ns)
    [ PASSED ] CASE: tcpStreamRetainsNativeCancellationOwnership (1247735 ns)
    [ PASSED ] CASE: tcpStreamNormalizesUnexpectedDelegateFailures (147940 ns)
    [ PASSED ] CASE: tcpStreamPrecancelledIoCannotClaimAnotherClosesOwnership (110442 ns)
    [ PASSED ] CASE: tcpStreamCancellationOwnershipSurvivesOtherObservers (79090 ns)
    [ PASSED ] CASE: tcpStreamAbortCannotRelabelClaimedGracefulNativeClose (35310 ns)
    [ PASSED ] CASE: tcpStreamAbortOwnershipSurvivesCompetingIoAndLateCloseFailure (59873 ns)
    [ PASSED ] CASE: tcpStreamCancellationBoundsCloseWaitAndLateSuccessRemainsGraceful (68995 ns)
    [ PASSED ] CASE: tcpStreamJoiningBackgroundCloseWaitsForCompletion (28763360 ns)
    [ PASSED ] CASE: tcpStreamDeadlineBoundsCloseWaitAndLateSuccessRemainsGraceful (62846 ns)
    [ PASSED ] CASE: tcpStreamLateCloseFailurePublishesFailedWithoutReplacingCallerCancellation (98916 ns)
    [ PASSED ] CASE: tcpStreamAbortRemainsTerminalWhenDetachedCloseFailsLate (125042 ns)
    [ PASSED ] CASE: tcpStreamCloseKeepsGracefulCauseWhenItWakesARead (41958 ns)
    [ PASSED ] CASE: unsafeOptionValueIsBoundedAndOwnedWithoutApplyingIt (116371 ns)
    [ PASSED ] CASE: datagramResultEnforcesTheIpv4PayloadBound (2939103 ns)
    [ PASSED ] CASE: datagramResultSurvivesReceiveBufferReuse (13073 ns)
Summary: TOTAL: 103
    PASSED: 103, SKIPPED: 0, ERROR: 0
    FAILED: 0
--------------------------------------------------------------------------------------------------
TP: wirestack.internal.trust, time elapsed: 35988806 ns, RESULT:
    TCS: HostnameVerifierTest, time elapsed: 1859670 ns, RESULT:
    [ PASSED ] CASE: exactDnsAndAsciiIdnaALabelMatchCaseInsensitively (287798 ns)
    [ PASSED ] CASE: wildcardMatchesExactlyOneLeftmostLabelOnly (86620 ns)
    [ PASSED ] CASE: invalidOrOverbroadWildcardsAreRejectedAtCertificateBoundary (80241 ns)
    [ PASSED ] CASE: dnsAndIpReferenceIdentitiesNeverCrossMatch (50150 ns)
    [ PASSED ] CASE: subjectAlternativeNameCountIsHardBounded (59683 ns)
    TCS: M3028HostnameFuzzTest, time elapsed: 32451700 ns, RESULT:
    [ PASSED ] CASE: hostnameMutationsHaveDeterministicTypedTerminals (32225719 ns)
    TCS: TrustPolicyTest, time elapsed: 1494321 ns, RESULT:
    [ PASSED ] CASE: nativeX509ParserAcceptsOneExactDerObjectAndRejectsTrailingBytes (414823 ns)
    [ PASSED ] CASE: certificateAndChainLimitsFailBeforeUnboundedParsingOrCopying (261502 ns)
    [ PASSED ] CASE: everyTrustPolicyHasAStableContentIdentityAndNoTrustAllState (320772 ns)
    [ PASSED ] CASE: pinAlgorithmAndScopeAreExplicitAndMalformedPinsFail (22718 ns)
Summary: TOTAL: 10
    PASSED: 10, SKIPPED: 0, ERROR: 0
    FAILED: 0
--------------------------------------------------------------------------------------------------
TP: wirestack.internal.resolver, time elapsed: 40729877 ns, RESULT:
    TCS: M2006AppleSystemResolverTest, time elapsed: 11028651 ns, RESULT:
    [ PASSED ] CASE: resolvesLocalhostThroughTheProviderNeutralContract (9586358 ns)
    [ PASSED ] CASE: fixtureReturnsAllCandidatesWithoutInventingTtl (14481 ns)
    [ PASSED ] CASE: fixtureAppliesFamilyAndResultBounds (13296 ns)
    [ PASSED ] CASE: fixtureMapsPosixFailuresAndUnknownCodes (13020 ns)
    [ PASSED ] CASE: fixtureCancellationAndDeadlineReturnBeforeNativeCleanup (11053 ns)
    [ PASSED ] CASE: newResolutionObservesNetworkGenerationChange (12274 ns)
    [ PASSED ] CASE: validatesBoundsAndRejectsUseAfterClose (81447 ns)
    [ PASSED ] CASE: fixtureBoundsAdmissionAndReleasesQueuedWorkAfterClose (13386 ns)
    TCS: M2003BoundedResolverBackendTest, time elapsed: 19990803 ns, RESULT:
    [ PASSED ] CASE: resolvesLocalhostWithBoundedMetricsAndIdempotentClose (8764890 ns)
    [ PASSED ] CASE: appliesIpv4FamilyAndRejectsUseAfterClose (9926130 ns)
    [ PASSED ] CASE: validatesPoolBounds (37816 ns)
    [ PASSED ] CASE: nativeFamilyValidationFailsClosedAndPollingBackoffIsBounded (34281 ns)
    [ PASSED ] CASE: preCancelledContextDoesNotSubmitNativeWork (144084 ns)
    [ PASSED ] CASE: delayedNativeWorkDoesNotStarveCangjieHeartbeat (12912 ns)
    [ PASSED ] CASE: cancellationCompletesPromptlyWhileNativeJobCleansUp (12437 ns)
    [ PASSED ] CASE: deadlineCompletesPromptlyWhileNativeJobCleansUp (13420 ns)
    [ PASSED ] CASE: queueAdmissionIsStrictlyBounded (10927 ns)
    TCS: ResolverContractTest, time elapsed: 458793 ns, RESULT:
    [ PASSED ] CASE: resultOwnsDeduplicatedAddressesAndDoesNotInventTtl (37733 ns)
    [ PASSED ] CASE: staticResolverFiltersFamiliesAndHonorsPreCancellation (46520 ns)
    [ PASSED ] CASE: rejectsEmptyFamilyResultAndInvalidLimits (32710 ns)
    TCS: M2002ResolverPublicContractTest, time elapsed: 997234 ns, RESULT:
    [ PASSED ] CASE: resultOwnsAllTypedCandidatesWithoutInventingTtl (51369 ns)
    [ PASSED ] CASE: staticResolverAppliesFamilyAndResultBounds (41106 ns)
    [ PASSED ] CASE: errorsRetainStablePublicCoordinates (57328 ns)
    [ PASSED ] CASE: cancellationAndDeadlineRemainDistinct (55490 ns)
    [ PASSED ] CASE: constructorsRejectInvalidBoundsAndDiagnostics (57947 ns)
    TCS: M2004WindowsSystemResolverTest, time elapsed: 7918336 ns, RESULT:
    [ PASSED ] CASE: resolvesLocalhostThroughTheProviderNeutralContract (7104840 ns)
    [ PASSED ] CASE: fixtureReturnsAllCandidatesWithoutInventingTtl (14946 ns)
    [ PASSED ] CASE: fixtureAppliesFamilyAndResultBounds (11529 ns)
    [ PASSED ] CASE: fixtureMapsWinsockFailuresAndUnknownCodes (17095 ns)
    [ PASSED ] CASE: fixtureCancellationAndDeadlineReturnBeforeNativeCleanup (11528 ns)
    [ PASSED ] CASE: validatesBoundsAndRejectsUseAfterClose (83852 ns)
Summary: TOTAL: 31
    PASSED: 31, SKIPPED: 0, ERROR: 0
    FAILED: 0
--------------------------------------------------------------------------------------------------
TP: wirestack.internal.transport_stdnet, time elapsed: 207533005 ns, RESULT:
    TCS: StdNetTransportListenerTest, time elapsed: 91047524 ns, RESULT:
    [ PASSED ] CASE: listenerRejectsOutOfRangeBacklogBeforeBinding (220238 ns)
    [ PASSED ] CASE: listenerPreCancelledAndExpiredAcceptsFailFast (152894 ns)
    [ PASSED ] CASE: listenerDeadlineBoundsBlockedAcceptAndListenerRemainsUsable (38693346 ns)
    [ PASSED ] CASE: listenerCancellationWakesActiveAcceptAndListenerRemainsUsable (40089540 ns)
    [ PASSED ] CASE: listenerCloseWakesActiveAcceptWithStructuredErrorAndIsIdempotent (10930965 ns)
    TCS: M123TransportDiagnosticsTest, time elapsed: 613887 ns, RESULT:
    [ PASSED ] CASE: stdNetReportsRuntimeEndpointsAndCapabilitiesWithoutGuessingIoBackend (290179 ns)
    [ PASSED ] CASE: deterministicTransportUsesTheSameProviderNeutralContract (42540 ns)
    TCS: M127BackgroundFastPathTest, time elapsed: 34082343 ns, RESULT:
    [ PASSED ] CASE: backgroundAndObservedPathsTransferEquivalentData (228425 ns)
    [ PASSED ] CASE: backgroundPeerCloseRemainsEof (157904 ns)
    [ PASSED ] CASE: backgroundLocalCloseRaceRemainsClosed (1178442 ns)
    [ PASSED ] CASE: backgroundStillRejectsConcurrentReaders (1205764 ns)
    [ PASSED ] CASE: cancellableAndDeadlineContextsRetainGenericChecks (195406 ns)
    [ PASSED ] CASE: deadlineTimeoutIsClearedBeforeBackgroundRead (30275261 ns)
    TCS: Net06CancellationGateTest, time elapsed: 5213610 ns, RESULT:
    [ PASSED ] CASE: cancelledReadsReleaseSocketsWaitersAndTasks (4953983 ns)
    TCS: StdNetTransportTest, time elapsed: 74292575 ns, RESULT:
    [ PASSED ] CASE: writeSomeIsPartialAndReusesBoundedConnectionStaging (367189 ns)
    [ PASSED ] CASE: wholeArrayReadAndWriteBypassStagingForATypicalTlsRecord (3735272 ns)
    [ PASSED ] CASE: subrangesRetainBoundedStagingAndCopyAccounting (270279 ns)
    [ PASSED ] CASE: connectsByResolvedIpAndTransfersBothDirections (193137 ns)
    [ PASSED ] CASE: emptyOperationsAreImmediate (128854 ns)
    [ PASSED ] CASE: unsupportedHalfClosePreservesBothDirections (253757 ns)
    [ PASSED ] CASE: cancellationAbortRemainsNativeOwnerAfterLaterClose (1204216 ns)
    [ PASSED ] CASE: listenerCloseWakesBlockedAcceptAsClosed (1098256 ns)
    [ PASSED ] CASE: cancellingOneAcceptLeavesListenerReusable (29238124 ns)
    [ PASSED ] CASE: preCancelledConnectDoesNotCreateASocket (41347 ns)
    [ PASSED ] CASE: peerGracefulCloseIsReportedAsEof (162915 ns)
    [ PASSED ] CASE: deadlineBoundsBlockedReadWithoutClosingConnection (30328681 ns)
    [ PASSED ] CASE: localCloseMapsBlockedReadWithStableEvidence (1218905 ns)
    [ PASSED ] CASE: explicitAbortWakesBlockedReadWithStableEvidence (1163116 ns)
    [ PASSED ] CASE: gracefulNativeCloseRemainsGracefulAfterLaterAbort (144512 ns)
    [ PASSED ] CASE: explicitAbortRemainsNativeOwnerAfterLaterClose (216956 ns)
    [ PASSED ] CASE: unknownConnectFailureMapsWithoutMessageOrNativeCode (128546 ns)
    [ PASSED ] CASE: concurrentReadsFailWithoutDisturbingTheActiveRead (1215435 ns)
    [ PASSED ] CASE: happyEyeballsComposesWithTheDefaultStdNetFactory (257090 ns)
Summary: TOTAL: 50
    PASSED: 33, SKIPPED: 17, ERROR: 0
    FAILED: 0
--------------------------------------------------------------------------------------------------
TP: wirestack.internal.tls_engine, time elapsed: 25234419155 ns, RESULT:
    TCS: TlsConnectionTest, time elapsed: 16353066 ns, RESULT:
    [ PASSED ] CASE: handshakeTransfersOwnershipAndPlaintextIoUsesTheEngine (1242275 ns)
    [ PASSED ] CASE: oneReadAndOneWriteMayOverlapButSecondReadFailsImmediately (940075 ns)
    [ PASSED ] CASE: handshakeFailureAbortsTransportAndReleasesEngineExactlyOnce (78446 ns)
    [ PASSED ] CASE: expiredHandshakeDeadlineStillConsumesAndAbortsBothInputs (73925 ns)
    [ PASSED ] CASE: ioFailureAbortsAndRepeatedTerminalCallsDoNotReleaseTwice (485568 ns)
    [ PASSED ] CASE: unsupportedHalfCloseDoesNotMutateAnOpenConnection (216983 ns)
    [ PASSED ] CASE: concurrentCloseAndAbortReleaseUnderlyingResourcesOnce (8441578 ns)
    [ PASSED ] CASE: gracefulCloseSendsAndProcessesCloseNotifyBeforeReleasingResources (122899 ns)
    [ PASSED ] CASE: tcpEofDuringGracefulCloseRetainsTruncationAndStillReleasesEverything (450086 ns)
    [ PASSED ] CASE: expiredCloseBudgetStillClosesTransportAndReleasesEngine (125585 ns)
    [ PASSED ] CASE: abortNeverAttemptsTlsShutdownAndRetainsLocalAbortEvidence (64757 ns)
    [ PASSED ] CASE: tcpEofDuringApplicationReadRetainsTruncationBeforeAbort (1443384 ns)
    [ PASSED ] CASE: peerCloseNotifyProducesEofEvidenceAndRejectsNewApplicationWrites (490497 ns)
    TCS: Net06TlsTransportCleanupGateTest, time elapsed: 2024601 ns, RESULT:
    [ PASSED ] CASE: failedHandshakesDisposeEngineAndTransportExactlyOnce (1776804 ns)
    TCS: TlsContextTest, time elapsed: 5836955 ns, RESULT:
    [ PASSED ] CASE: linuxCapabilitiesAreExplicitAndNeverInferredFromProviderNames (77163 ns)
    [ PASSED ] CASE: defaultSystemTrustFailsAtBuildUntilLinuxAdapterIsAvailable (185775 ns)
    [ PASSED ] CASE: modernClientContextIsImmutableAndConcurrentShareable (518005 ns)
    [ PASSED ] CASE: strictTls13RejectsAnyTls12Override (165292 ns)
    [ PASSED ] CASE: missingTls13AndHttp2CapabilitiesFailBeforeHandshake (181786 ns)
    [ PASSED ] CASE: alpnRejectsEmptyAndDuplicateProtocolNames (734430 ns)
    [ PASSED ] CASE: serverRequiresServerIdentityAndMtlSTrustAtBuildTime (1581987 ns)
    [ PASSED ] CASE: clientIdentityCapabilityIsValidatedAtBuildTime (1030232 ns)
    TCS: TlsEnginePumpTest, time elapsed: 254515626 ns, RESULT:
    [ PASSED ] CASE: awsLcClientEngineProducesAClientHelloWithoutSocketIo (32166739 ns)
    [ PASSED ] CASE: strictTls13PolicyIsAcceptedByTheNativeEngine (117959 ns)
    [ PASSED ] CASE: LinuxSystemTrustLoadsExplicitlyAndSniStaysSeparateFromReferenceIdentity (16701519 ns)
    [ PASSED ] CASE: customRootChainIsLoadedIntoARealAwsLcClientEngine (405275 ns)
    [ PASSED ] CASE: spkiPinPolicyConfiguresTheNativeVerificationPathBeforeHandshake (191648 ns)
    [ PASSED ] CASE: matchingSpkiPinCompletesARealClientServerHandshake (12164087 ns)
    [ PASSED ] CASE: matchingSpkiPinDoesNotBypassReferenceIdentityVerification (10171837 ns)
    [ PASSED ] CASE: realAwsLcEnginesExchangeCloseNotifyInBothDirections (12269705 ns)
    [ PASSED ] CASE: handshakeInfoReportsNegotiatedAlpnPeerChainAndVerificationEvidence (11836984 ns)
    [ PASSED ] CASE: tls13TicketResumesAcrossFreshEnginesWithoutEarlyData (14091448 ns)
    [ PASSED ] CASE: tls12TicketResumesAcrossFreshEngines (17545400 ns)
    [ PASSED ] CASE: sniSelectsTheCompleteImmutableContextAndItsCertificate (16127838 ns)
    [ PASSED ] CASE: sniSelectorRejectsMissingAndUnknownNamesWithStableEvidence (20097627 ns)
    [ PASSED ] CASE: noSharedAlpnFailsTheHandshakeInsteadOfSilentlySelectingNothing (8204687 ns)
    [ PASSED ] CASE: requiredMutualTlsUsesClientIdentityAndReturnsServerVerificationEvidence (11700339 ns)
    [ PASSED ] CASE: requiredMutualTlsRejectsMissingClientIdentityButOptionalAllowsIt (11927116 ns)
    [ PASSED ] CASE: mismatchedSpkiPinFailsARealClientServerHandshake (9840136 ns)
    [ PASSED ] CASE: externalSignerCompletesARealHandshakeOutsideTheNativeCallback (27889690 ns)
    [ PASSED ] CASE: externalSignerExceptionFailsClosedWithoutCrossingTheCAbi (8329958 ns)
    [ PASSED ] CASE: cancellationBeforeSignerInvocationFailsThePendingNativeOperation (8254615 ns)
    [ PASSED ] CASE: pumpHandlesWantReadWriteAndPartialIoWithBoundedBuffers (46793 ns)
    [ PASSED ] CASE: wantWriteWithoutCiphertextFailsInsteadOfSpinning (92084 ns)
    [ PASSED ] CASE: eofDuringWantReadRetainsTlsHandshakeEvidence (64994 ns)
    [ PASSED ] CASE: preCancellationStopsBeforeCallingProviderOrTransport (119609 ns)
    [ PASSED ] CASE: expiredDeadlineStopsBeforeCallingProviderOrTransport (90416 ns)
    TCS: LocalIdentityTest, time elapsed: 4607996 ns, RESULT:
    [ PASSED ] CASE: pkcs8InputIsExactBoundedAndZeroizable (532983 ns)
    [ PASSED ] CASE: pkcs8FileAdapterReadsOneBoundedRegularFile (512349 ns)
    [ PASSED ] CASE: localIdentityValidatesLeafKeyMatchAndHasStablePublicIdentity (1494619 ns)
    [ PASSED ] CASE: mismatchedCertificateAndPrivateKeyFailAtIdentityBuild (739211 ns)
    [ PASSED ] CASE: externalSignerAndSystemHandleShareOneOpaqueKeyContract (376032 ns)
    [ PASSED ] CASE: duplicateSignerAlgorithmsAndMismatchedSpkiFailAtBuild (345288 ns)
    TCS: M3028TlsFuzzTest, time elapsed: 24948590866 ns, RESULT:
    [ PASSED ] CASE: recordMutationsHaveDeterministicTypedTerminals (9861448144 ns)
    [ PASSED ] CASE: handshakeMutationsHaveDeterministicTypedTerminals (9782818664 ns)
    [ PASSED ] CASE: certificateAdapterMutationsHaveDeterministicTypedTerminals (5303638535 ns)
    TCS: TlsProviderSubstitutionTest, time elapsed: 1294410 ns, RESULT:
    [ PASSED ] CASE: testProviderUsesTheProductionFactoryContract (381044 ns)
    [ PASSED ] CASE: objectsFromDifferentProviderInstancesCannotMix (364299 ns)
    [ PASSED ] CASE: activeEngineRetainsProviderUntilItCloses (22547 ns)
    TCS: TlsSessionStoreTest, time elapsed: 397740 ns, RESULT:
    [ PASSED ] CASE: boundedLruExpiryAndSingleUseAreDeterministic (35679 ns)
    [ PASSED ] CASE: everySecurityPartitionDimensionPreventsReuse (51007 ns)
Summary: TOTAL: 61
    PASSED: 61, SKIPPED: 0, ERROR: 0
    FAILED: 0
--------------------------------------------------------------------------------------------------
TP: wirestack.internal.transport, time elapsed: 192285018 ns, RESULT:
    TCS: ByteSpanTest, time elapsed: 1858008 ns, RESULT:
    [ PASSED ] CASE: defaultsCoverWholeArrayAndEmptyArray (267376 ns)
    [ PASSED ] CASE: sliceAndAdvanceKeepTheOriginalArray (32127 ns)
    [ PASSED ] CASE: mutableViewWritesThroughAndConvertsWithoutCopying (27321 ns)
    [ PASSED ] CASE: permitsBoundaryEmptyRanges (25024 ns)
    [ PASSED ] CASE: rejectsEveryOutOfRangeShape (128551 ns)
    TCS: CancellationTest, time elapsed: 40693540 ns, RESULT:
    [ PASSED ] CASE: cancelIsOneWayAndCallbacksRunExactlyOnce (144496 ns)
    [ PASSED ] CASE: unregisterIsIdempotentAndPreventsPendingCallback (26346 ns)
    [ PASSED ] CASE: alreadyCancelledRegistrationRunsSynchronouslyOnce (23657 ns)
    [ PASSED ] CASE: noneTokenRemainsUsableAndNotCancelled (19002 ns)
    [ PASSED ] CASE: oneFailingCallbackDoesNotBlockOtherWaiters (43515 ns)
    [ PASSED ] CASE: concurrentCancelClaimsEveryCallbackExactlyOnce (19036935 ns)
    [ PASSED ] CASE: registrationRacingCancellationStillRunsExactlyOnce (18283794 ns)
    [ PASSED ] CASE: unregisterRacingCancellationIsAtMostOnce (1511743 ns)
    [ PASSED ] CASE: callbackMayReenterCancellationAndRegistrationWithoutDeadlock (43377 ns)
    TCS: OperationCompletionTest, time elapsed: 22265435 ns, RESULT:
    [ PASSED ] CASE: completionCleansEveryResourceBeforeTheWinnerCallback (51413 ns)
    [ PASSED ] CASE: unregisterAndLateRegistrationHaveExplicitTerminalSemantics (36310 ns)
    [ PASSED ] CASE: cleanupCapacityIsPositiveAndHardBounded (62607 ns)
    [ PASSED ] CASE: cleanupFailuresAndReentrancyCannotBlockTerminalProgress (61029 ns)
    [ PASSED ] CASE: winnerExceptionDoesNotReopenTheCompletion (41364 ns)
    [ PASSED ] CASE: cleanupCountPropertyHoldsAcrossEveryConfiguredOccupancy (435269 ns)
    [ PASSED ] CASE: concurrentTerminalCallersHaveOneWinner (4002682 ns)
    [ PASSED ] CASE: registrationRacingCompletionIsAlwaysCleanedOnce (14963482 ns)
    [ PASSED ] CASE: unregisterRacingCompletionRunsCleanupAtMostOnce (1107151 ns)
    TCS: DeadlineTest, time elapsed: 835689 ns, RESULT:
    [ PASSED ] CASE: remainingUsesTheInjectedMonotonicClock (28041 ns)
    [ PASSED ] CASE: remainingClampsAtZeroAfterExpiry (18488 ns)
    [ PASSED ] CASE: childCanShortenButNeverExtendParent (23068 ns)
    [ PASSED ] CASE: zeroAndExpiredChildrenCannotExtendTheParent (20220 ns)
    [ PASSED ] CASE: rejectsNegativeDurations (35693 ns)
    TCS: TransportLifecycleTest, time elapsed: 12420123 ns, RESULT:
    [ PASSED ] CASE: connectingAndAcceptedPathsReachOpenOnlyInOrder (23034 ns)
    [ PASSED ] CASE: halfCloseIsDirectionalIdempotentAndConvergesOnClosing (66918 ns)
    [ PASSED ] CASE: gracefulCloseIsIdempotentAndCompletesOnlyFromClosing (32721 ns)
    [ PASSED ] CASE: abortAndFailReachEveryNonTerminalStateWithoutOverwritingTerminalEvidence (131626 ns)
    [ PASSED ] CASE: illegalTransitionsHaveStableCodesAndDoNotMutateState (204571 ns)
    [ PASSED ] CASE: closingAndTerminalStatesRejectDataOperationsWithClosedCode (126097 ns)
    [ PASSED ] CASE: operationClaimsAllowDuplexButRejectSameDirectionConcurrency (40548 ns)
    [ PASSED ] CASE: everyTerminalModeReleasesRegisteredResourcesExactlyOnce (59115 ns)
    [ PASSED ] CASE: racingTerminalTransitionsRetainOneWinnerAndOneCleanup (10298961 ns)
    [ PASSED ] CASE: terminalCleanupMayReenterAndItsRegistryRemainsBounded (38757 ns)
    TCS: M124TransportRaceTest, time elapsed: 31977493 ns, RESULT:
    [ PASSED ] CASE: readCloseReleasesBlockedOperationAndDrainsWaiter (1615042 ns)
    [ PASSED ] CASE: writeAbortReleasesBlockedOperationAndDrainsWaiter (9890541 ns)
    [ PASSED ] CASE: successAndCancelOrderingsCompleteOnceWithoutDataLeak (19849072 ns)
    TCS: MemoryTransportListenerTest, time elapsed: 50076940 ns, RESULT:
    [ PASSED ] CASE: rejectsInvalidListenerAndSchedulerBounds (47547 ns)
    [ PASSED ] CASE: listenerDeliversConnectionsInFifoOrderAndBoundsBacklog (148456 ns)
    [ PASSED ] CASE: schedulerDefersDeliveryAndReleasesFailedReservations (93619 ns)
    [ PASSED ] CASE: schedulerRunsMultipleConnectionsInStableFifoOrder (75443 ns)
    [ PASSED ] CASE: cancellationWakesAcceptWithoutClosingListener (8813456 ns)
    [ PASSED ] CASE: deadlineBoundsBlockedAcceptWithoutClosingListener (29804186 ns)
    [ PASSED ] CASE: closeWakesAcceptAndAbortsOwnedConnectionsIdempotently (9879824 ns)
    TCS: MemoryTransportTest, time elapsed: 1889085 ns, RESULT:
    [ PASSED ] CASE: pairTransfersPartialDataInBothDirections (43542 ns)
    [ PASSED ] CASE: emptyBuffersReturnZeroWithoutProducingEofOrPeerData (23144 ns)
    [ PASSED ] CASE: writeShutdownProducesPeerEofAfterBufferedData (26600 ns)
    [ PASSED ] CASE: readShutdownMakesPeerWritesFailAsBrokenPipe (35028 ns)
    [ PASSED ] CASE: cancelledBeforeOperationHasNoDataSideEffect (38916 ns)
    [ PASSED ] CASE: closeAndAbortAreIdempotentAndTerminal (33570 ns)
    [ PASSED ] CASE: cancellationWakesABlockedRead (68544 ns)
    [ PASSED ] CASE: closeWakesABlockedLocalRead (54178 ns)
    [ PASSED ] CASE: writeShutdownWakesABlockedLocalWrite (51956 ns)
    [ PASSED ] CASE: boundedBackpressureResumesAfterPeerReads (153759 ns)
    [ PASSED ] CASE: expiredDeadlineFailsBeforeAnyWrite (25166 ns)
    TCS: NetworkErrorTest, time elapsed: 453624 ns, RESULT:
    [ PASSED ] CASE: retainsStableClassificationAndEndpointEvidence (25768 ns)
    [ PASSED ] CASE: retainsLocalEndpointCauseAndOptionalDefaults (24539 ns)
    [ PASSED ] CASE: caughtErrorRetainsUnixEndpointBytesNativeCodeAndCause (27126 ns)
    [ PASSED ] CASE: pathnameRejectsNulWhileAbstractRetainsIt (14690 ns)
    TCS: OperationContextTest, time elapsed: 636616 ns, RESULT:
    [ PASSED ] CASE: backgroundHasNoDeadlineCancellationOrTrace (10119 ns)
    [ PASSED ] CASE: derivedContextsRetainEventSinkAndSinkFailuresAreIsolated (32670 ns)
    [ PASSED ] CASE: derivedContextRetainsCancellationAndTrace (18658 ns)
    [ PASSED ] CASE: derivationHelpersChangeOnlyTheirNamedField (29421 ns)
    [ PASSED ] CASE: earlierDeadlineCannotBeExtended (9630 ns)
    [ PASSED ] CASE: traceIdentifiersAreBoundedAndNonEmpty (25210 ns)
    TCS: ScriptedTransportTest, time elapsed: 26797795 ns, RESULT:
    [ PASSED ] CASE: rejectsUnboundedOrInvalidScripts (45977 ns)
    [ PASSED ] CASE: shortReadAndWriteStepsAreConsumedInOrder (43207 ns)
    [ PASSED ] CASE: emptyIoDoesNotConsumeScriptAndEofIsExplicit (29576 ns)
    [ PASSED ] CASE: resetTerminatesTransportAtInjectedPhase (64166 ns)
    [ PASSED ] CASE: failurePreservesCoordinatesWithoutTerminatingTransport (56547 ns)
    [ PASSED ] CASE: virtualWaiterReleasesBlockedOperationsInFifoOrder (15715319 ns)
    [ PASSED ] CASE: cancellationWinsAReleaseRaceAndCleansWaiter (9848712 ns)
    TCS: TransportHelperTest, time elapsed: 1240220 ns, RESULT:
    [ PASSED ] CASE: writeAllHandlesPartialWritesAndEmptyInput (30862 ns)
    [ PASSED ] CASE: readExactHandlesPartialReads (22490 ns)
    [ PASSED ] CASE: readExactClassifiesPrematureEof (28507 ns)
    [ PASSED ] CASE: emptyHelpersDoNotCallTransport (14864 ns)
    [ PASSED ] CASE: invalidProgressFailsOnceWithoutSpinning (70430 ns)
    [ PASSED ] CASE: cancellationAfterPartialProgressPropagatesWithoutRestart (53446 ns)
    [ PASSED ] CASE: absoluteDeadlineExpiresAcrossPartialRetries (50119 ns)
Summary: TOTAL: 83
    PASSED: 83, SKIPPED: 0, ERROR: 0
    FAILED: 0
--------------------------------------------------------------------------------------------------
TP: wirestack.internal.common, time elapsed: 3036011 ns, RESULT:
    TCS: EndpointTest, time elapsed: 1900987 ns, RESULT:
    [ PASSED ] CASE: acceptsTypedIpv4AndIpv6WithoutDns (297346 ns)
    [ PASSED ] CASE: addressOwnsAnImmutableOctetSnapshot (24874 ns)
    [ PASSED ] CASE: rejectsWrongLengthsAndIpv4Zones (57182 ns)
    [ PASSED ] CASE: ipv6ZoneAndPortBoundariesRemainTypedIdentity (33104 ns)
    [ PASSED ] CASE: rejectsEmptyAndOversizedIpv6Zones (39646 ns)
    TCS: HostNameTest, time elapsed: 1024138 ns, RESULT:
    [ PASSED ] CASE: canonicalizesAsciiCaseAndOneRootDot (55260 ns)
    [ PASSED ] CASE: rejectsAmbiguousOrInvalidDnsNames (148116 ns)
    [ PASSED ] CASE: acceptsAsciiALabelAndExactDnsLengthBoundaries (97711 ns)
    [ PASSED ] CASE: rejectsOneByteBeyondLabelAndHostLimits (44294 ns)
Summary: TOTAL: 9
    PASSED: 9, SKIPPED: 0, ERROR: 0
    FAILED: 0
--------------------------------------------------------------------------------------------------
TP: wirestack.http, time elapsed: 11290865910 ns, RESULT:
    TCS: RequestBodyTest, time elapsed: 2264942 ns, RESULT:
    [ PASSED ] CASE: byteBodiesOwnInputAndReplayWithIndependentOffsets (361764 ns)
    [ PASSED ] CASE: emptyAndUtf8StringBodiesHaveExactLengths (40871 ns)
    [ PASSED ] CASE: oneShotBodyCanOnlyBeClaimedOnce (80846 ns)
    [ PASSED ] CASE: factoryMustReturnTheDeclaredLengthAndMismatchIsClosed (38708 ns)
    [ PASSED ] CASE: closedStreamRejectsFurtherReads (41230 ns)
    [ PASSED ] CASE: fileBodyStreamsAndReopensWithoutEagerReads (205667 ns)
    [ PASSED ] CASE: fileBodyRejectsOversizeAndChangesBeforeOpen (146553 ns)
    TCS: HttpClientExtensionsTest, time elapsed: 37839830 ns, RESULT:
    [ PASSED ] CASE: nativeCookiesAndServiceHooksSurviveThrowingPoolObservers (34261038 ns)
    [ PASSED ] CASE: mismatchedUpgradePairingsNeverOpenConnections (256163 ns)
    [ PASSED ] CASE: unavailableServerPushClosesTheOwnedResponse (2701393 ns)
    TCS: HttpCookieJarTest, time elapsed: 235934694 ns, RESULT:
    [ PASSED ] CASE: cookieSerializesStandardMetadataWithoutInventingBrowserPolicy (42543 ns)
    [ PASSED ] CASE: hostOnlyAndDomainCookiesDoNotLeakAcrossDnsBoundaries (361161 ns)
    [ PASSED ] CASE: bundledPublicSuffixRulesProtectRegistrableBoundariesByDefault (1184188 ns)
    [ PASSED ] CASE: defaultPathAndPathMatchUseDirectoryAndSlashBoundaries (178298 ns)
    [ PASSED ] CASE: maxAgeTakesPrecedenceAndNonPositiveValuesDeleteTheIdentity (221905 ns)
    [ PASSED ] CASE: secureMetadataControlsTransportAndHttpOnlyDoesNotChangeWireSelection (82112 ns)
    [ PASSED ] CASE: valuedSecureAttributeCannotLeakCookiesToCleartext (79891 ns)
    [ PASSED ] CASE: cleartextOriginsCannotCreateOrOverlaySecureCookies (426061 ns)
    [ PASSED ] CASE: cleartextQuotaFloodCannotEvictSecureIdentityAndInstallReplacement (259906 ns)
    [ PASSED ] CASE: allSecureQuotaRejectsCleartextInsertionsFromBothStorageEntrypoints (156992 ns)
    [ PASSED ] CASE: rejectsHeaderInjectionAndInvalidCookieOctetsBeforeStorage (105797 ns)
    [ PASSED ] CASE: capacityHeaderBoundsAndReplacementRemainDeterministic (123995 ns)
    [ PASSED ] CASE: removalClearAndSnapshotsExposeOnlyLiveImmutableCookies (93467 ns)
    [ PASSED ] CASE: concurrentStoresAndReadsRemainRaceFreeAndBounded (2744620 ns)
    [ PASSED ] CASE: boundedSetCookieMutationsPreserveScopeAndHeaderSafety (227798009 ns)
    TCS: Http1DeterministicFuzzTest, time elapsed: 7592648 ns, RESULT:
    [ PASSED ] CASE: acceptedUrlMutationsRoundTripToOneCanonicalIdentity (4188449 ns)
    [ PASSED ] CASE: acceptedNoProxyMutationsRemainDeterministicAcrossTargets (2616594 ns)
    [ PASSED ] CASE: proxyAuthorizationMutationCannotInjectBeforeDnsOrConnect (338666 ns)
    TCS: HttpErrorTest, time elapsed: 392893 ns, RESULT:
    [ PASSED ] CASE: publicGetMapsInvalidUrlWithoutNetworkSideEffects (130946 ns)
    [ PASSED ] CASE: classifierProvidesStableHttpFailureCodes (33739 ns)
    TCS: HttpFacadeTest, time elapsed: 724875801 ns, RESULT:
    [ PASSED ] CASE: requestCancellationOutlivesCompletedParentWhileTransferredPushStalls (62932679 ns)
    [ PASSED ] CASE: cancellationWrapperPreservesProtocolCompletionPolicy (26682 ns)
    [ PASSED ] CASE: typedCancellationHandlesAreScopedIdempotentAndStopBeforeNetworkIo (2687912 ns)
    [ PASSED ] CASE: publicHttp1ConnectionHandleCancelsBodyAndLeavesClientReusable (11058042 ns)
    [ PASSED ] CASE: publicHttp2StreamAndConnectionHandlesRespectTheirScopes (82124257 ns)
    [ PASSED ] CASE: publicHttp2SlowStreamCannotStarveOneTenOrHundredSiblings (191272362 ns)
    [ PASSED ] CASE: tlsHttp2StreamLimitIsAppliedAcrossConcurrentPublicRequests (27253301 ns)
    [ PASSED ] CASE: tlsFacadeNegotiatesHttp2AndMapsBodyTrailersAndResponse (43682408 ns)
    [ PASSED ] CASE: explicitResolverConnectsPublicClientAndServer (1914266 ns)
    [ PASSED ] CASE: defaultSystemResolverConnectsPublicClientAndServer (261734360 ns)
    [ PASSED ] CASE: clientFollowsOriginRelativeRedirectEndToEnd (2724350 ns)
    [ PASSED ] CASE: clientRetriesOneTemporaryDnsFailureWithinTheSameDeadline (2257040 ns)
    [ PASSED ] CASE: forwardProxyUsesAbsoluteFormIndependentDnsAndHookCredentials (2235331 ns)
    [ PASSED ] CASE: serverBuilderRequiresEndpointAndHandler (32033 ns)
    [ PASSED ] CASE: tlsServerConfigFailsClosedBeforeBinding (211572 ns)
    [ PASSED ] CASE: followedHttp2RedirectClosesUnclaimedPushBeforeClientTeardown (30310383 ns)
    TCS: Http2ConcurrentResponseBodyTest, time elapsed: 25338223 ns, RESULT:
    [ PASSED ] CASE: twoPublicHttp2BodiesCompleteIndependently (25077368 ns)
    TCS: FileHandlerTest, time elapsed: 11741340 ns, RESULT:
    [ PASSED ] CASE: confinedDownloadRejectsTraversalAndSymlinkWhileOpenBodyOutlivesHandler (4444084 ns)
    [ PASSED ] CASE: uploadPublishesOneCompleteBinaryFileAndNeverPublishesRejectedMultipart (6531321 ns)
    [ PASSED ] CASE: uploadCommitChecksContextAfterDurabilityBeforePublication (256130 ns)
    TCS: HttpMessageTest, time elapsed: 1220206 ns, RESULT:
    [ PASSED ] CASE: requestFactoriesProduceImmutableProtocolNeutralModels (66882 ns)
    [ PASSED ] CASE: responseEofCompletesObserverExactlyOnce (20156 ns)
    [ PASSED ] CASE: earlyCloseAbandonsObserverExactlyOnce (33770 ns)
    [ PASSED ] CASE: readFailureClosesAndAbandonsTheBody (30870 ns)
    [ PASSED ] CASE: emptyDestinationDoesNotMistakeNoProgressForEof (15708 ns)
    [ PASSED ] CASE: boundedDrainCompletesOnlyWhenEofIsProven (29352 ns)
    [ PASSED ] CASE: invalidSourceProgressFailsClosed (25078 ns)
    [ PASSED ] CASE: responseRejectsInvalidStatusAndReason (39941 ns)
    TCS: MultipartTest, time elapsed: 4024170975 ns, RESULT:
    [ PASSED ] CASE: writerStreamsExactBinaryFramingAndReplaysIndependently (192252 ns)
    [ PASSED ] CASE: boundarySeparatorsRoundtripThroughContentTypeAndBody (889924 ns)
    [ PASSED ] CASE: readerPreservesBinaryWhenEveryDelimiterIsSplitAcrossReads (396954 ns)
    [ PASSED ] CASE: closingPartDiscardsOnlyThatPartAndReleasesNextPart (423464 ns)
    [ PASSED ] CASE: malformedAndConfiguredLimitsCloseOwnedSource (103460 ns)
    [ PASSED ] CASE: partCountLimitRejectsBeforeParsingUnboundedAdditionalMetadata (324183 ns)
    [ PASSED ] CASE: boundedDeterministicWireMutationsAreChunkIndependent (4018326950 ns)
    [ PASSED ] CASE: deterministicMutationHarnessEnforcesSmallLimitsAndOwnedClosure (2613005 ns)
    TCS: HttpModelTest, time elapsed: 1796806 ns, RESULT:
    [ PASSED ] CASE: methodSupportsStandardAndExtensionTokens (34068 ns)
    [ PASSED ] CASE: headersPreserveOrderAndMultipleValues (64297 ns)
    [ PASSED ] CASE: headersOwnTheirInputAndOutputArrays (19428 ns)
    [ PASSED ] CASE: builderSetAndRemoveUseCaseInsensitiveNames (75900 ns)
    [ PASSED ] CASE: rejectsInjectionAndInvalidNames (61611 ns)
    [ PASSED ] CASE: enforcesCountLineAndTotalLimits (44632 ns)
    [ PASSED ] CASE: urlNormalizesSchemeHostAndDefaultTarget (36313 ns)
    [ PASSED ] CASE: urlPreservesExplicitPortPathAndQuery (42687 ns)
    [ PASSED ] CASE: urlRequiresBracketedIpv6AndKeepsQueryOnlyTargetValid (17552 ns)
    [ PASSED ] CASE: urlRejectsAmbiguousAndUnsafeInputs (83192 ns)
    [ PASSED ] CASE: trailerRejectsRoutingAndFramingFields (109309 ns)
    TCS: HttpProxyPolicyTest, time elapsed: 910976 ns, RESULT:
    [ PASSED ] CASE: noProxyMatchesDnsBoundariesAndOptionalPorts (89431 ns)
    [ PASSED ] CASE: noProxyMatchesTypedIpLiteralsExactlyAndWildcardExplicitly (56369 ns)
    [ PASSED ] CASE: endpointsRetainDnsIpv4AndIpv6RouteIdentity (34272 ns)
    [ PASSED ] CASE: routeSelectionUsesNoProxyWithoutCallingAuthorizationHook (108074 ns)
    [ PASSED ] CASE: rejectsAmbiguousNoProxyPatternsAndEndpointPorts (51485 ns)
    TCS: HttpRedirectPolicyTest, time elapsed: 1555578 ns, RESULT:
    [ PASSED ] CASE: rewritesPostOn302AndRemovesBodyHeaders (185009 ns)
    [ PASSED ] CASE: stripsSensitiveHeadersOnlyAcrossOrigins (249773 ns)
    [ PASSED ] CASE: rejectsDowngradeLimitAndOneShotReplay (285621 ns)
    [ PASSED ] CASE: resolvesSchemeRelativeAndQueryOnlyLocations (140114 ns)
    [ PASSED ] CASE: resolvesRelativePathsAndRemovesDotSegments (93859 ns)
    TCS: HttpRetryPolicyTest, time elapsed: 539419 ns, RESULT:
    [ PASSED ] CASE: retriesOnlyIdempotentReplayableStructuredFailures (53493 ns)
    [ PASSED ] CASE: explicitSafetyAllowsPostButDisabledAndOneShotFailClosed (45078 ns)
    [ PASSED ] CASE: cancellationDeadlineUnknownAndNeverAreNotRetried (36149 ns)
    [ PASSED ] CASE: goAwayRetriesOnlyDefinitelyUnprocessedSafeReplayableRequests (44883 ns)
    TCS: Http1SseStreamingProfileTest, time elapsed: 3015437554 ns, RESULT:
    [ PASSED ] CASE: http1StreamsWithoutLifetimeAccumulationAndCancels (3015216654 ns)
    TCS: Http2SseStreamingProfileTest, time elapsed: 3034925822 ns, RESULT:
    [ PASSED ] CASE: http2StreamsWithoutLifetimeAccumulationAndPreservesSibling (3034653052 ns)
    TCS: M2005SystemResolverTest, time elapsed: 9572470 ns, RESULT:
    [ PASSED ] CASE: resolvesLocalhostThroughThePublicContract (8489311 ns)
    [ PASSED ] CASE: fixtureReturnsAllCandidatesAndDoesNotInventTtl (19195 ns)
    [ PASSED ] CASE: fixtureAppliesFamilyAndResultBounds (10980 ns)
    [ PASSED ] CASE: fixtureMapsStableErrorsAndRetainsNativeEvidence (10948 ns)
    [ PASSED ] CASE: fixtureCancellationAndDeadlineReturnBeforeNativeCleanup (15219 ns)
    [ PASSED ] CASE: validatesBoundsAndRejectsUseAfterClose (98798 ns)
    TCS: WebSocketHandshakeTest, time elapsed: 41497193 ns, RESULT:
    [ PASSED ] CASE: nativeHttp1UpgradeTransfersFramesAndClosesSession (3783571 ns)
    [ PASSED ] CASE: nativeHttp2ExtendedConnectKeepsSiblingRequestsUsable (37320031 ns)
    TCS: WebSocketConnectionTest, time elapsed: 110788933 ns, RESULT:
    [ PASSED ] CASE: fragmentedUtf8AndAutomaticPongSurviveOneByteTransportReads (217249 ns)
    [ PASSED ] CASE: preCancelledSendPerformsNoIoAndLeavesUntouchedSessionHealthy (110068 ns)
    [ PASSED ] CASE: fragmentedMessageBoundRejectsBeforeWritingAndPreservesProgression (152110 ns)
    [ PASSED ] CASE: roleMaskingAndNonCanonicalLengthFailClosedWithProtocolStatus (177073 ns)
    [ PASSED ] CASE: fragmentedTextRejectsInvalidContinuationAtTheMessageBoundary (105283 ns)
    [ PASSED ] CASE: gracefulCloseEchoesStatusAndCompletesBothOwners (103223 ns)
    [ PASSED ] CASE: handshakeCryptoMatchesRfcVectorAndReturnsCanonicalFreshKeyShape (37107 ns)
    [ PASSED ] CASE: framePayloadIsOwnedAndCloseInputIsStrict (52408 ns)
    [ PASSED ] CASE: boundedDeterministicWireMutationsAreSplitInvariantAndFailClosed (108673264 ns)
Summary: TOTAL: 113
    PASSED: 110, SKIPPED: 3, ERROR: 0
    FAILED: 0
--------------------------------------------------------------------------------------------------
TP: wirestack.internal.connector, time elapsed: 13334606 ns, RESULT:
    TCS: AttemptPlanTest, time elapsed: 1322364 ns, RESULT:
    [ PASSED ] CASE: alternatesFamiliesAndPreservesFamilyOrder (253121 ns)
    [ PASSED ] CASE: firstFamilyControlsPreferenceAndDuplicatesAreRemoved (36929 ns)
    [ PASSED ] CASE: distinctIpv6ZonesAreNotDeduplicated (22007 ns)
    [ PASSED ] CASE: rejectsEmptyCandidatesAndNegativeDelay (45869 ns)
    TCS: HappyEyeballsConnectorTest, time elapsed: 10108946 ns, RESULT:
    [ PASSED ] CASE: emitsCompleteDnsAttemptAndConnectedLifecycle (232713 ns)
    [ PASSED ] CASE: blackholedFirstCandidateIsCancelledAndJoinedBeforeReturn (8088081 ns)
    [ PASSED ] CASE: ipv6FirstSuccessSkipsLaterIpv4Attempt (154399 ns)
    [ PASSED ] CASE: simultaneousSuccessKeepsOneWinnerAndAbortsEveryLoser (182576 ns)
    [ PASSED ] CASE: allFailuresAreJoinedAndRetainedAsDiagnostics (178794 ns)
    [ PASSED ] CASE: preCancelledParentStartsNeitherDnsNorAttempts (36542 ns)
    [ PASSED ] CASE: parentCancellationAfterSuccessPreventsWinnerPublication (104171 ns)
    [ PASSED ] CASE: deadlineAtSuccessBoundaryPreventsWinnerPublication (80142 ns)
    TCS: ConnectionRouteTest, time elapsed: 1729192 ns, RESULT:
    [ PASSED ] CASE: directRouteRetainsItsLocalOriginResolver (94218 ns)
    [ PASSED ] CASE: explicitProxySeparatesOriginAndProxyDns (62778 ns)
    [ PASSED ] CASE: typedIpTargetsNeverCarryResolvers (90570 ns)
    [ PASSED ] CASE: rejectsDelegatedDnsWithoutAnOwningProxyAndInvalidConnectTargets (72201 ns)
    [ PASSED ] CASE: networkAndTlsParametersAreBoundedAndOwned (719857 ns)
Summary: TOTAL: 17
    PASSED: 17, SKIPPED: 0, ERROR: 0
    FAILED: 0
--------------------------------------------------------------------------------------------------
Project tests finished, time elapsed: 43871525148 ns, RESULT:
TP: wirestack.*, time elapsed: 43871472174 ns, RESULT:
    PASSED:
    TP: wirestack.internal.platform.linux, time elapsed: 9630289 ns
    TP: wirestack.internal.common, time elapsed: 3036011 ns
    TP: wirestack.internal.transport, time elapsed: 192285018 ns
    TP: wirestack.internal.trust, time elapsed: 35988806 ns
    TP: wirestack.internal.http2, time elapsed: 3238292013 ns
    TP: wirestack.internal.resolver, time elapsed: 40729877 ns
    TP: wirestack.internal.tls_engine, time elapsed: 25234419155 ns
    TP: wirestack.internal.connector, time elapsed: 13334606 ns
    TP: wirestack.tls, time elapsed: 106176929 ns
    TP: wirestack.internal.http1, time elapsed: 1823843599 ns
    TP: wirestack.internal.transport_stdnet, time elapsed: 207533005 ns
    TP: wirestack.net, time elapsed: 1513558330 ns
    TP: wirestack.http, time elapsed: 11290865910 ns
Summary: TOTAL: 788
    PASSED: 765, SKIPPED: 23, ERROR: 0
    FAILED: 0
--------------------------------------------------------------------------------------------------
cjpm test success
