2870641 close(3)                        = 0
2870641 close(3)                        = 0
2870641 close(3)                        = 0
2870641 close(3)                        = 0
2870641 close(3)                        = 0
2870641 close(3)                        = 0
2870641 close(3)                        = 0
2870641 close(3)                        = 0
2870641 close(3)                        = 0
2870641 close(3)                        = 0
2870641 close(3)                        = 0
2870641 close(3)                        = 0
2870641 close(3)                        = 0
2870641 socket(AF_INET, SOCK_STREAM|SOCK_CLOEXEC|SOCK_NONBLOCK, IPPROTO_IP) = 3
2870641 socket(AF_INET, SOCK_DGRAM|SOCK_CLOEXEC|SOCK_NONBLOCK, IPPROTO_IP) = 5
2870641 accept4(3, 0x56463fa21bf0, [120], SOCK_CLOEXEC|SOCK_NONBLOCK) = -1 EAGAIN (Resource temporarily unavailable)
2870641 accept4(3, {sa_family=AF_INET, sin_port=htons(51404), sin_addr=inet_addr("127.0.0.1")}, [120 => 16], SOCK_CLOEXEC|SOCK_NONBLOCK) = 6
2870641 recvfrom(6, "\0\1\2\3\4\5\6\7\10\t\n\v\f\r\16\17\20\21\22\23\24\25\26\27\30\31\32\33\34\35\36\37"..., 16384, 0, NULL, NULL) = 16384
2870641 recvfrom(6, "EFGHIJKLMNOPQRSTUVWXYZ[\\]^_`abcd"..., 16384, 0, NULL, NULL) = 1994
2870641 recvfrom(6, "789:;<=>?@ABCDEFGHIJKLMNOPQRSTUV"..., 14390, 0, NULL, NULL) = 14390
2870641 sendto(6, "\0\1\2\3\4\5\6\7\10\t\n\v\f\r\16\17\20\21\22\23\24\25\26\27\30\31\32\33\34\35\36\37"..., 16384, MSG_NOSIGNAL, NULL, 0) = 16384
2870641 sendto(6, "EFGHIJKLMNOPQRSTUVWXYZ[\\]^_`abcd"..., 16384, MSG_NOSIGNAL, NULL, 0) = 16384
2870641 close(6)                        = 0
2870641 close(3)                        = 0
2870641 socket(AF_INET, SOCK_STREAM|SOCK_CLOEXEC|SOCK_NONBLOCK, IPPROTO_IP) = 3
2870641 sendto(3, "\0\1\2\3\4\5\6\7\10\t\n\v\f\r\16\17\20\21\22\23\24\25\26\27\30\31\32\33\34\35\36\37"..., 16384, MSG_NOSIGNAL, NULL, 0) = 16384
2870641 sendto(3, "EFGHIJKLMNOPQRSTUVWXYZ[\\]^_`abcd"..., 16384, MSG_NOSIGNAL, NULL, 0) = 16384
2870641 recvfrom(3, "\0\1\2\3\4\5\6\7\10\t\n\v\f\r\16\17\20\21\22\23\24\25\26\27\30\31\32\33\34\35\36\37"..., 16384, 0, NULL, NULL) = 16384
2870641 recvfrom(3, "EFGHIJKLMNOPQRSTUVWXYZ[\\]^_`abcd"..., 16384, 0, NULL, NULL) = 16384
2870641 recvfrom(3, "", 1, 0, NULL, NULL) = 0
2870641 sendto(3, "after", 5, MSG_NOSIGNAL, NULL, 0) = 5
2870641 close(3)                        = 0
2870641 recvfrom(5, 0x56463fa00000, 5, 0, 0x56463fa21bf0, [120]) = -1 EAGAIN (Resource temporarily unavailable)
2870641 recvfrom(5, "", 5, 0, {sa_family=AF_INET, sin_port=htons(50379), sin_addr=inet_addr("127.0.0.1")}, [120 => 16]) = 0
2870641 recvfrom(5, "\1\2\3\4\5", 5, 0, {sa_family=AF_INET, sin_port=htons(50379), sin_addr=inet_addr("127.0.0.1")}, [120 => 16]) = 5
2870641 recvfrom(5, "\t\n\v\f", 5, 0, {sa_family=AF_INET, sin_port=htons(50379), sin_addr=inet_addr("127.0.0.1")}, [120 => 16]) = 4
2870641 sendto(5, "AB", 2, 0, {sa_family=AF_INET, sin_port=htons(50379), sin_addr=inet_addr("127.0.0.1")}, 16) = 2
2870641 recvfrom(5, 0x56463fa00000, 5, 0, 0x56463fa23bd0, [120]) = -1 EAGAIN (Resource temporarily unavailable)
2870641 recvfrom(5, 0x56463fa00000, 5, 0, 0x56463fa23bd0, [120]) = -1 EAGAIN (Resource temporarily unavailable)
2870641 recvfrom(5, "D", 5, 0, {sa_family=AF_INET, sin_port=htons(50379), sin_addr=inet_addr("127.0.0.1")}, [120 => 16]) = 1
2870641 sendto(5, "\0\1\2\3\4\5\6\7\10\t\n\v\f\r\16\17\20\21\22\23\24\25\26\27\30\31\32\33\34\35\36\37"..., 65507, 0, {sa_family=AF_INET, sin_port=htons(50379), sin_addr=inet_addr("127.0.0.1")}, 16) = 65507
2870641 recvfrom(5, "\0\1\2\3\4\5\6\7\10\t\n\v\f\r\16\17\20\21\22\23\24\25\26\27\30\31\32\33\34\35\36\37"..., 65508, 0, {sa_family=AF_INET, sin_port=htons(50379), sin_addr=inet_addr("127.0.0.1")}, [120 => 16]) = 65507
2870641 recvfrom(5, 0x56463fa00000, 5, 0, 0x56463fa23bd0, [120]) = -1 EAGAIN (Resource temporarily unavailable)
2870641 recvfrom(5, 0x56463fa00000, 5, 0, 0x56463fa23bd0, [120]) = -1 EAGAIN (Resource temporarily unavailable)
2870641 close(5)                        = 0
2870641 socket(AF_INET, SOCK_STREAM|SOCK_CLOEXEC|SOCK_NONBLOCK, IPPROTO_IP) = 3
2870641 socket(AF_INET, SOCK_DGRAM|SOCK_CLOEXEC|SOCK_NONBLOCK, IPPROTO_IP) = 5
2870641 close(5)                        = 0
2870641 close(3)                        = 0
2870641 socket(AF_INET, SOCK_STREAM|SOCK_CLOEXEC|SOCK_NONBLOCK, IPPROTO_IP) = 3
2870641 socket(AF_INET, SOCK_DGRAM|SOCK_CLOEXEC|SOCK_NONBLOCK, IPPROTO_IP) = 5
2870641 close(5)                        = 0
2870641 close(3)                        = 0
2870641 socket(AF_INET, SOCK_STREAM|SOCK_CLOEXEC|SOCK_NONBLOCK, IPPROTO_IP) = 3
2870641 socket(AF_INET, SOCK_DGRAM|SOCK_CLOEXEC|SOCK_NONBLOCK, IPPROTO_IP) = 5
2870641 close(5)                        = 0
2870641 close(3)                        = 0
2870641 socket(AF_INET, SOCK_STREAM|SOCK_CLOEXEC|SOCK_NONBLOCK, IPPROTO_IP) = 3
2870641 socket(AF_INET, SOCK_DGRAM|SOCK_CLOEXEC|SOCK_NONBLOCK, IPPROTO_IP) = 5
2870641 close(5)                        = 0
2870641 close(3)                        = 0
2870641 socket(AF_INET, SOCK_STREAM|SOCK_CLOEXEC|SOCK_NONBLOCK, IPPROTO_IP) = 3
2870641 socket(AF_INET, SOCK_DGRAM|SOCK_CLOEXEC|SOCK_NONBLOCK, IPPROTO_IP) = 5
2870641 close(5)                        = 0
2870641 close(3)                        = 0
2870641 socket(AF_INET, SOCK_STREAM|SOCK_CLOEXEC|SOCK_NONBLOCK, IPPROTO_IP) = 3
2870641 socket(AF_INET, SOCK_DGRAM|SOCK_CLOEXEC|SOCK_NONBLOCK, IPPROTO_IP) = 5
2870641 close(5)                        = 0
2870641 close(3)                        = 0
2870641 socket(AF_INET, SOCK_STREAM|SOCK_CLOEXEC|SOCK_NONBLOCK, IPPROTO_IP) = 3
2870641 socket(AF_INET, SOCK_DGRAM|SOCK_CLOEXEC|SOCK_NONBLOCK, IPPROTO_IP) = 5
2870641 close(5)                        = 0
2870641 close(3)                        = 0
2870641 socket(AF_INET, SOCK_STREAM|SOCK_CLOEXEC|SOCK_NONBLOCK, IPPROTO_IP) = 3
2870641 socket(AF_INET, SOCK_DGRAM|SOCK_CLOEXEC|SOCK_NONBLOCK, IPPROTO_IP) = 5
2870641 close(5)                        = 0
2870641 close(3)                        = 0
2870641 socket(AF_INET, SOCK_STREAM|SOCK_CLOEXEC|SOCK_NONBLOCK, IPPROTO_IP) = 3
2870641 socket(AF_INET, SOCK_DGRAM|SOCK_CLOEXEC|SOCK_NONBLOCK, IPPROTO_IP) = 5
2870641 close(5)                        = 0
2870641 close(3)                        = 0
2870641 socket(AF_INET, SOCK_STREAM|SOCK_CLOEXEC|SOCK_NONBLOCK, IPPROTO_IP) = 3
2870641 socket(AF_INET, SOCK_DGRAM|SOCK_CLOEXEC|SOCK_NONBLOCK, IPPROTO_IP) = 5
2870641 close(5)                        = 0
2870641 close(3)                        = 0
2870641 socket(AF_INET, SOCK_STREAM|SOCK_CLOEXEC|SOCK_NONBLOCK, IPPROTO_IP) = 3
2870641 socket(AF_INET, SOCK_DGRAM|SOCK_CLOEXEC|SOCK_NONBLOCK, IPPROTO_IP) = 5
2870641 close(5)                        = 0
2870641 close(3)                        = 0
2870641 socket(AF_INET, SOCK_STREAM|SOCK_CLOEXEC|SOCK_NONBLOCK, IPPROTO_IP) = 3
2870641 socket(AF_INET, SOCK_DGRAM|SOCK_CLOEXEC|SOCK_NONBLOCK, IPPROTO_IP) = 5
2870641 close(5)                        = 0
2870641 close(3)                        = 0
2870641 socket(AF_INET, SOCK_STREAM|SOCK_CLOEXEC|SOCK_NONBLOCK, IPPROTO_IP) = 3
2870641 socket(AF_INET, SOCK_DGRAM|SOCK_CLOEXEC|SOCK_NONBLOCK, IPPROTO_IP) = 5
2870641 close(5)                        = 0
2870641 close(3)                        = 0
2870641 socket(AF_INET, SOCK_STREAM|SOCK_CLOEXEC|SOCK_NONBLOCK, IPPROTO_IP) = 3
2870641 socket(AF_INET, SOCK_DGRAM|SOCK_CLOEXEC|SOCK_NONBLOCK, IPPROTO_IP) = 5
2870641 close(5)                        = 0
2870641 close(3)                        = 0
2870641 socket(AF_INET, SOCK_STREAM|SOCK_CLOEXEC|SOCK_NONBLOCK, IPPROTO_IP) = 3
2870641 socket(AF_INET, SOCK_DGRAM|SOCK_CLOEXEC|SOCK_NONBLOCK, IPPROTO_IP) = 5
2870641 close(5)                        = 0
2870641 close(3)                        = 0
2870641 socket(AF_INET, SOCK_STREAM|SOCK_CLOEXEC|SOCK_NONBLOCK, IPPROTO_IP) = 3
2870641 socket(AF_INET, SOCK_DGRAM|SOCK_CLOEXEC|SOCK_NONBLOCK, IPPROTO_IP) = 5
2870641 close(5)                        = 0
2870641 close(3)                        = 0
2870641 socket(AF_INET, SOCK_STREAM|SOCK_CLOEXEC|SOCK_NONBLOCK, IPPROTO_IP) = 3
2870641 socket(AF_INET, SOCK_DGRAM|SOCK_CLOEXEC|SOCK_NONBLOCK, IPPROTO_IP) = 5
2870641 close(5)                        = 0
2870641 close(3)                        = 0
2870641 socket(AF_INET, SOCK_STREAM|SOCK_CLOEXEC|SOCK_NONBLOCK, IPPROTO_IP) = 3
2870641 socket(AF_INET, SOCK_DGRAM|SOCK_CLOEXEC|SOCK_NONBLOCK, IPPROTO_IP) = 5
2870641 close(5)                        = 0
2870641 close(3)                        = 0
2870641 socket(AF_INET, SOCK_STREAM|SOCK_CLOEXEC|SOCK_NONBLOCK, IPPROTO_IP) = 3
2870641 socket(AF_INET, SOCK_DGRAM|SOCK_CLOEXEC|SOCK_NONBLOCK, IPPROTO_IP) = 5
2870641 close(5)                        = 0
2870641 close(3)                        = 0
2870641 socket(AF_INET, SOCK_STREAM|SOCK_CLOEXEC|SOCK_NONBLOCK, IPPROTO_IP) = 3
2870641 socket(AF_INET, SOCK_DGRAM|SOCK_CLOEXEC|SOCK_NONBLOCK, IPPROTO_IP) = 5
2870641 close(5)                        = 0
2870641 close(3)                        = 0
2870641 socket(AF_INET, SOCK_STREAM|SOCK_CLOEXEC|SOCK_NONBLOCK, IPPROTO_IP) = 3
2870641 socket(AF_INET, SOCK_DGRAM|SOCK_CLOEXEC|SOCK_NONBLOCK, IPPROTO_IP) = 5
2870641 close(5)                        = 0
2870641 close(3)                        = 0
2870641 socket(AF_INET, SOCK_STREAM|SOCK_CLOEXEC|SOCK_NONBLOCK, IPPROTO_IP) = 3
2870641 socket(AF_INET, SOCK_DGRAM|SOCK_CLOEXEC|SOCK_NONBLOCK, IPPROTO_IP) = 5
2870641 close(5)                        = 0
2870641 close(3)                        = 0
2870641 socket(AF_INET, SOCK_STREAM|SOCK_CLOEXEC|SOCK_NONBLOCK, IPPROTO_IP) = 3
2870641 socket(AF_INET, SOCK_DGRAM|SOCK_CLOEXEC|SOCK_NONBLOCK, IPPROTO_IP) = 5
2870641 close(5)                        = 0
2870641 close(3)                        = 0
2870641 socket(AF_INET, SOCK_STREAM|SOCK_CLOEXEC|SOCK_NONBLOCK, IPPROTO_IP) = 3
2870641 socket(AF_INET, SOCK_DGRAM|SOCK_CLOEXEC|SOCK_NONBLOCK, IPPROTO_IP) = 5
2870641 close(5)                        = 0
2870641 close(3)                        = 0
2870641 socket(AF_INET, SOCK_STREAM|SOCK_CLOEXEC|SOCK_NONBLOCK, IPPROTO_IP) = 3
2870641 socket(AF_INET, SOCK_DGRAM|SOCK_CLOEXEC|SOCK_NONBLOCK, IPPROTO_IP) = 5
2870641 close(5)                        = 0
2870641 close(3)                        = 0
2870641 socket(AF_INET, SOCK_STREAM|SOCK_CLOEXEC|SOCK_NONBLOCK, IPPROTO_IP) = 3
2870641 socket(AF_INET, SOCK_DGRAM|SOCK_CLOEXEC|SOCK_NONBLOCK, IPPROTO_IP) = 5
2870641 close(5)                        = 0
2870641 close(3)                        = 0
2870641 socket(AF_INET, SOCK_STREAM|SOCK_CLOEXEC|SOCK_NONBLOCK, IPPROTO_IP) = 3
2870641 socket(AF_INET, SOCK_DGRAM|SOCK_CLOEXEC|SOCK_NONBLOCK, IPPROTO_IP) = 5
2870641 close(5)                        = 0
2870641 close(3)                        = 0
2870641 socket(AF_INET, SOCK_STREAM|SOCK_CLOEXEC|SOCK_NONBLOCK, IPPROTO_IP) = 3
2870641 socket(AF_INET, SOCK_DGRAM|SOCK_CLOEXEC|SOCK_NONBLOCK, IPPROTO_IP) = 5
2870641 close(5)                        = 0
2870641 close(3)                        = 0
2870641 socket(AF_INET, SOCK_STREAM|SOCK_CLOEXEC|SOCK_NONBLOCK, IPPROTO_IP) = 3
2870641 socket(AF_INET, SOCK_DGRAM|SOCK_CLOEXEC|SOCK_NONBLOCK, IPPROTO_IP) = 5
2870641 close(5)                        = 0
2870641 close(3)                        = 0
2870641 socket(AF_INET, SOCK_STREAM|SOCK_CLOEXEC|SOCK_NONBLOCK, IPPROTO_IP) = 3
2870641 socket(AF_INET, SOCK_DGRAM|SOCK_CLOEXEC|SOCK_NONBLOCK, IPPROTO_IP) = 5
2870641 close(5)                        = 0
2870641 close(3)                        = 0
2870641 socket(AF_INET, SOCK_STREAM|SOCK_CLOEXEC|SOCK_NONBLOCK, IPPROTO_IP) = 3
2870641 socket(AF_INET, SOCK_DGRAM|SOCK_CLOEXEC|SOCK_NONBLOCK, IPPROTO_IP) = 5
2870641 close(5)                        = 0
2870641 close(3)                        = 0
2870641 socket(AF_INET, SOCK_STREAM|SOCK_CLOEXEC|SOCK_NONBLOCK, IPPROTO_IP) = 3
2870641 socket(AF_INET, SOCK_DGRAM|SOCK_CLOEXEC|SOCK_NONBLOCK, IPPROTO_IP) = 5
2870641 close(5)                        = 0
2870641 close(3)                        = 0
2870641 socket(AF_INET, SOCK_STREAM|SOCK_CLOEXEC|SOCK_NONBLOCK, IPPROTO_IP) = 3
2870641 socket(AF_INET, SOCK_DGRAM|SOCK_CLOEXEC|SOCK_NONBLOCK, IPPROTO_IP) = 5
2870641 close(5)                        = 0
2870641 close(3)                        = 0
2870641 socket(AF_INET, SOCK_STREAM|SOCK_CLOEXEC|SOCK_NONBLOCK, IPPROTO_IP) = 3
2870641 socket(AF_INET, SOCK_DGRAM|SOCK_CLOEXEC|SOCK_NONBLOCK, IPPROTO_IP) = 5
2870641 close(5)                        = 0
2870641 close(3)                        = 0
2870641 socket(AF_INET, SOCK_STREAM|SOCK_CLOEXEC|SOCK_NONBLOCK, IPPROTO_IP) = 3
2870641 socket(AF_INET, SOCK_DGRAM|SOCK_CLOEXEC|SOCK_NONBLOCK, IPPROTO_IP) = 5
2870641 close(5)                        = 0
2870641 close(3)                        = 0
2870641 socket(AF_INET, SOCK_STREAM|SOCK_CLOEXEC|SOCK_NONBLOCK, IPPROTO_IP) = 3
2870641 socket(AF_INET, SOCK_DGRAM|SOCK_CLOEXEC|SOCK_NONBLOCK, IPPROTO_IP) = 5
2870641 close(5)                        = 0
2870641 close(3)                        = 0
2870641 socket(AF_INET, SOCK_STREAM|SOCK_CLOEXEC|SOCK_NONBLOCK, IPPROTO_IP) = 3
2870641 socket(AF_INET, SOCK_DGRAM|SOCK_CLOEXEC|SOCK_NONBLOCK, IPPROTO_IP) = 5
2870641 close(5)                        = 0
2870641 close(3)                        = 0
2870641 socket(AF_INET, SOCK_STREAM|SOCK_CLOEXEC|SOCK_NONBLOCK, IPPROTO_IP) = 3
2870641 socket(AF_INET, SOCK_DGRAM|SOCK_CLOEXEC|SOCK_NONBLOCK, IPPROTO_IP) = 5
2870641 close(5)                        = 0
2870641 close(3)                        = 0
2870641 socket(AF_INET, SOCK_STREAM|SOCK_CLOEXEC|SOCK_NONBLOCK, IPPROTO_IP) = 3
2870641 socket(AF_INET, SOCK_DGRAM|SOCK_CLOEXEC|SOCK_NONBLOCK, IPPROTO_IP) = 5
2870641 close(5)                        = 0
2870641 close(3)                        = 0
2870641 socket(AF_INET, SOCK_STREAM|SOCK_CLOEXEC|SOCK_NONBLOCK, IPPROTO_IP) = 3
2870641 socket(AF_INET, SOCK_DGRAM|SOCK_CLOEXEC|SOCK_NONBLOCK, IPPROTO_IP) = 5
2870641 close(5)                        = 0
2870641 close(3)                        = 0
2870641 socket(AF_INET, SOCK_STREAM|SOCK_CLOEXEC|SOCK_NONBLOCK, IPPROTO_IP) = 3
2870641 socket(AF_INET, SOCK_DGRAM|SOCK_CLOEXEC|SOCK_NONBLOCK, IPPROTO_IP) = 5
2870641 close(5)                        = 0
2870641 close(3)                        = 0
2870641 socket(AF_INET, SOCK_STREAM|SOCK_CLOEXEC|SOCK_NONBLOCK, IPPROTO_IP) = 3
2870641 socket(AF_INET, SOCK_DGRAM|SOCK_CLOEXEC|SOCK_NONBLOCK, IPPROTO_IP) = 5
2870641 close(5)                        = 0
2870641 close(3)                        = 0
2870641 socket(AF_INET, SOCK_STREAM|SOCK_CLOEXEC|SOCK_NONBLOCK, IPPROTO_IP) = 3
2870641 socket(AF_INET, SOCK_DGRAM|SOCK_CLOEXEC|SOCK_NONBLOCK, IPPROTO_IP) = 5
2870641 close(5)                        = 0
2870641 close(3)                        = 0
2870641 socket(AF_INET, SOCK_STREAM|SOCK_CLOEXEC|SOCK_NONBLOCK, IPPROTO_IP) = 3
2870641 socket(AF_INET, SOCK_DGRAM|SOCK_CLOEXEC|SOCK_NONBLOCK, IPPROTO_IP) = 5
2870641 close(5)                        = 0
2870641 close(3)                        = 0
2870641 socket(AF_INET, SOCK_STREAM|SOCK_CLOEXEC|SOCK_NONBLOCK, IPPROTO_IP) = 3
2870641 socket(AF_INET, SOCK_DGRAM|SOCK_CLOEXEC|SOCK_NONBLOCK, IPPROTO_IP) = 5
2870641 close(5)                        = 0
2870641 close(3)                        = 0
2870641 socket(AF_INET, SOCK_STREAM|SOCK_CLOEXEC|SOCK_NONBLOCK, IPPROTO_IP) = 3
2870641 socket(AF_INET, SOCK_DGRAM|SOCK_CLOEXEC|SOCK_NONBLOCK, IPPROTO_IP) = 5
2870641 close(5)                        = 0
2870641 close(3)                        = 0
2870641 socket(AF_INET, SOCK_STREAM|SOCK_CLOEXEC|SOCK_NONBLOCK, IPPROTO_IP) = 3
2870641 socket(AF_INET, SOCK_DGRAM|SOCK_CLOEXEC|SOCK_NONBLOCK, IPPROTO_IP) = 5
2870641 close(5)                        = 0
2870641 close(3)                        = 0
2870641 socket(AF_INET, SOCK_STREAM|SOCK_CLOEXEC|SOCK_NONBLOCK, IPPROTO_IP) = 3
2870641 socket(AF_INET, SOCK_DGRAM|SOCK_CLOEXEC|SOCK_NONBLOCK, IPPROTO_IP) = 5
2870641 close(5)                        = 0
2870641 close(3)                        = 0
2870641 socket(AF_INET, SOCK_STREAM|SOCK_CLOEXEC|SOCK_NONBLOCK, IPPROTO_IP) = 3
2870641 socket(AF_INET, SOCK_DGRAM|SOCK_CLOEXEC|SOCK_NONBLOCK, IPPROTO_IP) = 5
2870641 close(5)                        = 0
2870641 close(3)                        = 0
2870641 socket(AF_INET, SOCK_STREAM|SOCK_CLOEXEC|SOCK_NONBLOCK, IPPROTO_IP) = 3
2870641 socket(AF_INET, SOCK_DGRAM|SOCK_CLOEXEC|SOCK_NONBLOCK, IPPROTO_IP) = 5
2870641 close(5)                        = 0
2870641 close(3)                        = 0
2870641 socket(AF_INET, SOCK_STREAM|SOCK_CLOEXEC|SOCK_NONBLOCK, IPPROTO_IP) = 3
2870641 socket(AF_INET, SOCK_DGRAM|SOCK_CLOEXEC|SOCK_NONBLOCK, IPPROTO_IP) = 5
2870641 close(5)                        = 0
2870641 close(3)                        = 0
2870641 socket(AF_INET, SOCK_STREAM|SOCK_CLOEXEC|SOCK_NONBLOCK, IPPROTO_IP) = 3
2870641 socket(AF_INET, SOCK_DGRAM|SOCK_CLOEXEC|SOCK_NONBLOCK, IPPROTO_IP) = 5
2870641 close(5)                        = 0
2870641 close(3)                        = 0
2870641 socket(AF_INET, SOCK_STREAM|SOCK_CLOEXEC|SOCK_NONBLOCK, IPPROTO_IP) = 3
2870641 socket(AF_INET, SOCK_DGRAM|SOCK_CLOEXEC|SOCK_NONBLOCK, IPPROTO_IP) = 5
2870641 close(5)                        = 0
2870641 close(3)                        = 0
2870641 socket(AF_INET, SOCK_STREAM|SOCK_CLOEXEC|SOCK_NONBLOCK, IPPROTO_IP) = 3
2870641 socket(AF_INET, SOCK_DGRAM|SOCK_CLOEXEC|SOCK_NONBLOCK, IPPROTO_IP) = 5
2870641 close(5)                        = 0
2870641 close(3)                        = 0
2870641 socket(AF_INET, SOCK_STREAM|SOCK_CLOEXEC|SOCK_NONBLOCK, IPPROTO_IP) = 3
2870641 socket(AF_INET, SOCK_DGRAM|SOCK_CLOEXEC|SOCK_NONBLOCK, IPPROTO_IP) = 5
2870641 close(5)                        = 0
2870641 close(3)                        = 0
2870641 socket(AF_INET, SOCK_STREAM|SOCK_CLOEXEC|SOCK_NONBLOCK, IPPROTO_IP) = 3
2870641 socket(AF_INET, SOCK_DGRAM|SOCK_CLOEXEC|SOCK_NONBLOCK, IPPROTO_IP) = 5
2870641 close(5)                        = 0
2870641 close(3)                        = 0
2870641 socket(AF_INET, SOCK_STREAM|SOCK_CLOEXEC|SOCK_NONBLOCK, IPPROTO_IP) = 3
2870641 socket(AF_INET, SOCK_DGRAM|SOCK_CLOEXEC|SOCK_NONBLOCK, IPPROTO_IP) = 5
2870641 close(5)                        = 0
2870641 close(3)                        = 0
2870641 socket(AF_INET, SOCK_STREAM|SOCK_CLOEXEC|SOCK_NONBLOCK, IPPROTO_IP) = 3
2870641 socket(AF_INET, SOCK_DGRAM|SOCK_CLOEXEC|SOCK_NONBLOCK, IPPROTO_IP) = 5
2870641 close(5)                        = 0
2870641 close(3)                        = 0
2870641 socket(AF_INET, SOCK_STREAM|SOCK_CLOEXEC|SOCK_NONBLOCK, IPPROTO_IP) = 3
2870641 socket(AF_INET, SOCK_DGRAM|SOCK_CLOEXEC|SOCK_NONBLOCK, IPPROTO_IP) = 5
2870641 close(5)                        = 0
2870641 close(3)                        = 0
2870641 socket(AF_INET, SOCK_STREAM|SOCK_CLOEXEC|SOCK_NONBLOCK, IPPROTO_IP) = 3
2870641 socket(AF_INET, SOCK_DGRAM|SOCK_CLOEXEC|SOCK_NONBLOCK, IPPROTO_IP) = 5
2870641 close(5)                        = 0
2870641 close(3)                        = 0
2870641 socket(AF_INET, SOCK_STREAM|SOCK_CLOEXEC|SOCK_NONBLOCK, IPPROTO_IP) = 3
2870641 socket(AF_INET, SOCK_DGRAM|SOCK_CLOEXEC|SOCK_NONBLOCK, IPPROTO_IP) = 5
2870641 close(5)                        = 0
2870641 close(3)                        = 0
2870641 socket(AF_INET, SOCK_STREAM|SOCK_CLOEXEC|SOCK_NONBLOCK, IPPROTO_IP) = 3
2870641 socket(AF_INET, SOCK_DGRAM|SOCK_CLOEXEC|SOCK_NONBLOCK, IPPROTO_IP) = 5
2870641 close(5)                        = 0
2870641 close(3)                        = 0
2870641 socket(AF_INET, SOCK_STREAM|SOCK_CLOEXEC|SOCK_NONBLOCK, IPPROTO_IP) = 3
2870641 socket(AF_INET, SOCK_DGRAM|SOCK_CLOEXEC|SOCK_NONBLOCK, IPPROTO_IP) = 5
2870641 close(5)                        = 0
2870641 close(3)                        = 0
2870641 socket(AF_INET, SOCK_STREAM|SOCK_CLOEXEC|SOCK_NONBLOCK, IPPROTO_IP) = 3
2870641 socket(AF_INET, SOCK_DGRAM|SOCK_CLOEXEC|SOCK_NONBLOCK, IPPROTO_IP) = 5
2870641 close(5)                        = 0
2870641 close(3)                        = 0
2870641 socket(AF_INET, SOCK_DGRAM|SOCK_CLOEXEC|SOCK_NONBLOCK, IPPROTO_IP) = 3
2870646 recvfrom(3, 0x56463fa25790, 2, 0, 0x7fee880212a0, [120]) = -1 EAGAIN (Resource temporarily unavailable)
2870641 sendto(3, "live", 4, 0, {sa_family=AF_INET, sin_port=htons(50379), sin_addr=inet_addr("127.0.0.1")}, 16) = 4
2870646 close(3)                        = 0
2870646 socket(AF_INET, SOCK_DGRAM|SOCK_CLOEXEC|SOCK_NONBLOCK, IPPROTO_IP) = 3
2870654 recvfrom(3, 0x7fee88023210, 2, 0, 0x7fee7c000980, [120]) = -1 EAGAIN (Resource temporarily unavailable)
2870654 close(3)                        = 0
2870645 +++ exited with 0 +++
2870644 +++ exited with 0 +++
2870643 +++ exited with 0 +++
2870642 +++ exited with 0 +++
2870646 close(4)                        = 0
2870646 +++ exited with 0 +++
2870654 +++ exited with 0 +++
2870641 +++ exited with 0 +++
