3075937 sendto(9, "\2", 1, MSG_NOSIGNAL, NULL, 0) = 1
3075937 recvfrom(9, 0x7fac7b23f5e0, 1, 0, NULL, NULL) = -1 EAGAIN (Resource temporarily unavailable)
3075937 recvfrom(9, "\2", 1, 0, NULL, NULL) = 1
3075937 sendto(10, "\2", 1, MSG_NOSIGNAL, NULL, 0) = 1
3075937 recvfrom(10, 0x55c88a22e220, 1, 0, NULL, NULL) = -1 EAGAIN (Resource temporarily unavailable)
3075937 recvfrom(10, "\2", 1, 0, NULL, NULL) = 1
3075937 sendto(11, "\2", 1, MSG_NOSIGNAL, NULL, 0) = 1
3075937 recvfrom(11, 0x7fac7b23f9f0, 1, 0, NULL, NULL) = -1 EAGAIN (Resource temporarily unavailable)
3075937 recvfrom(11, "\2", 1, 0, NULL, NULL) = 1
3075937 sendto(12, "\2", 1, MSG_NOSIGNAL, NULL, 0) = 1
3075937 recvfrom(12, 0x55c88a24eb70, 1, 0, NULL, NULL) = -1 EAGAIN (Resource temporarily unavailable)
3075937 recvfrom(12, "\2", 1, 0, NULL, NULL) = 1
3075937 sendto(5, "\2", 1, 0, {sa_family=AF_INET, sin_port=htons(50522), sin_addr=inet_addr("127.0.0.1")}, 16) = 1
3075937 recvfrom(5, 0x55c88a1a9ec0, 2, 0, 0x55c88a271590, [120]) = -1 EAGAIN (Resource temporarily unavailable)
3075937 recvfrom(5, "\2", 2, 0, {sa_family=AF_INET, sin_port=htons(50522), sin_addr=inet_addr("127.0.0.1")}, [120 => 16]) = 1
3075937 sendto(6, "\2", 1, 0, {sa_family=AF_INET6, sin6_port=htons(58780), sin6_flowinfo=htonl(0), inet_pton(AF_INET6, "::1", &sin6_addr), sin6_scope_id=0}, 28) = 1
3075937 recvfrom(6, 0x55c88a1ca480, 2, 0, 0x55c88a271590, [120]) = -1 EAGAIN (Resource temporarily unavailable)
3075937 recvfrom(6, "\2", 2, 0, {sa_family=AF_INET6, sin6_port=htons(58780), sin6_flowinfo=htonl(0), inet_pton(AF_INET6, "::1", &sin6_addr), sin6_scope_id=0}, [120 => 28]) = 1
3075937 sendto(8, "\2", 1, 0, {sa_family=AF_UNIX, sun_path="<scratch>"}, 110) = 1
3075937 recvfrom(8, "\2", 2, 0, {sa_family=AF_UNIX, sun_path="<scratch>"}, [120 => 52]) = 1
