test_archive_is_byte_reproducible_and_has_normalized_metadata (tools.tests.test_m7_021_linux_release.M7021LinuxReleaseTest.test_archive_is_byte_reproducible_and_has_normalized_metadata) ... ok
test_committed_qualification_report_is_structurally_valid (tools.tests.test_m7_021_linux_release.M7021LinuxReleaseTest.test_committed_qualification_report_is_structurally_valid) ... ok
test_consumer_manifest_points_only_at_installed_package (tools.tests.test_m7_021_linux_release.M7021LinuxReleaseTest.test_consumer_manifest_points_only_at_installed_package) ... ok
test_dependency_parsers_return_stable_names_without_addresses (tools.tests.test_m7_021_linux_release.M7021LinuxReleaseTest.test_dependency_parsers_return_stable_names_without_addresses) ... ok
test_duplicate_members_and_fifos_are_rejected (tools.tests.test_m7_021_linux_release.M7021LinuxReleaseTest.test_duplicate_members_and_fifos_are_rejected) ... ok
test_extraction_refuses_a_contaminated_installation_directory (tools.tests.test_m7_021_linux_release.M7021LinuxReleaseTest.test_extraction_refuses_a_contaminated_installation_directory) ... ok
test_http_files_manifest_binds_sources_tools_and_archive (tools.tests.test_m7_021_linux_release.M7021LinuxReleaseTest.test_http_files_manifest_binds_sources_tools_and_archive) ... ok
test_main_translates_invalid_text_digest_to_controlled_failure (tools.tests.test_m7_021_linux_release.M7021LinuxReleaseTest.test_main_translates_invalid_text_digest_to_controlled_failure) ... ok
test_noncanonical_root_and_file_directory_overlap_fail_closed (tools.tests.test_m7_021_linux_release.M7021LinuxReleaseTest.test_noncanonical_root_and_file_directory_overlap_fail_closed) ... ok
test_openssl_dependency_names_fail_closed (tools.tests.test_m7_021_linux_release.M7021LinuxReleaseTest.test_openssl_dependency_names_fail_closed) ... ok
test_payload_loader_strings_fail_closed (tools.tests.test_m7_021_linux_release.M7021LinuxReleaseTest.test_payload_loader_strings_fail_closed) ... ok
test_production_sources_exclude_every_test_file (tools.tests.test_m7_021_linux_release.M7021LinuxReleaseTest.test_production_sources_exclude_every_test_file) ... ok
test_safe_extract_rejects_parent_traversal (tools.tests.test_m7_021_linux_release.M7021LinuxReleaseTest.test_safe_extract_rejects_parent_traversal) ... ok
test_smoke_output_requires_https_runtime_and_fingerprint (tools.tests.test_m7_021_linux_release.M7021LinuxReleaseTest.test_smoke_output_requires_https_runtime_and_fingerprint) ... ok
test_strict_validation_rejects_source_drift (tools.tests.test_m7_021_linux_release.M7021LinuxReleaseTest.test_strict_validation_rejects_source_drift) ... ok
test_structural_validation_accepts_frozen_input_keys_but_rejects_escape (tools.tests.test_m7_021_linux_release.M7021LinuxReleaseTest.test_structural_validation_accepts_frozen_input_keys_but_rejects_escape) ... ok
test_text_metadata_digest_is_line_ending_stable_while_payload_digest_is_exact (tools.tests.test_m7_021_linux_release.M7021LinuxReleaseTest.test_text_metadata_digest_is_line_ending_stable_while_payload_digest_is_exact) ... ok
test_unlisted_and_missing_files_cannot_enter_an_installation (tools.tests.test_m7_021_linux_release.M7021LinuxReleaseTest.test_unlisted_and_missing_files_cannot_enter_an_installation) ... ok
test_verified_extraction_preserves_exact_bytes_and_rejects_same_size_mutation (tools.tests.test_m7_021_linux_release.M7021LinuxReleaseTest.test_verified_extraction_preserves_exact_bytes_and_rejects_same_size_mutation) ... ok
test_artifact_missing_and_digest_drift_fail_before_execution (tools.tests.test_m7_022_linux_release_soak.M7022LinuxReleaseSoakTest.test_artifact_missing_and_digest_drift_fail_before_execution) ... ok
test_atomic_report_replaces_and_preserves_old_target_on_failure (tools.tests.test_m7_022_linux_release_soak.M7022LinuxReleaseSoakTest.test_atomic_report_replaces_and_preserves_old_target_on_failure) ... ok
test_bounded_tail_keeps_only_the_configured_suffix (tools.tests.test_m7_022_linux_release_soak.M7022LinuxReleaseSoakTest.test_bounded_tail_keeps_only_the_configured_suffix) ... ok
test_exact_artifact_digest_is_accepted (tools.tests.test_m7_022_linux_release_soak.M7022LinuxReleaseSoakTest.test_exact_artifact_digest_is_accepted) ... ok
test_exclusive_task_run_rejects_a_second_invocation (tools.tests.test_m7_022_linux_release_soak.M7022LinuxReleaseSoakTest.test_exclusive_task_run_rejects_a_second_invocation) ... ok
test_internal_import_and_package_drift_fail_closed (tools.tests.test_m7_022_linux_release_soak.M7022LinuxReleaseSoakTest.test_internal_import_and_package_drift_fail_closed) ... ok
test_isolated_raw_log_promotes_atomically_and_preserves_old_on_failure (tools.tests.test_m7_022_linux_release_soak.M7022LinuxReleaseSoakTest.test_isolated_raw_log_promotes_atomically_and_preserves_old_on_failure) ... ok
test_lock_failure_does_not_replace_active_run_report (tools.tests.test_m7_022_linux_release_soak.M7022LinuxReleaseSoakTest.test_lock_failure_does_not_replace_active_run_report) ... ok
test_marker_parser_accepts_exact_ordered_samples_and_one_result (tools.tests.test_m7_022_linux_release_soak.M7022LinuxReleaseSoakTest.test_marker_parser_accepts_exact_ordered_samples_and_one_result) ... ok
test_marker_parser_rejects_missing_duplicate_reordered_unknown_and_skipped (tools.tests.test_m7_022_linux_release_soak.M7022LinuxReleaseSoakTest.test_marker_parser_rejects_missing_duplicate_reordered_unknown_and_skipped) ... ok
test_metric_trend_accepts_limit_and_rejects_growth_or_monotonic_count (tools.tests.test_m7_022_linux_release_soak.M7022LinuxReleaseSoakTest.test_metric_trend_accepts_limit_and_rejects_growth_or_monotonic_count) ... ok
test_platform_rejects_other_os_cpu_and_musl (tools.tests.test_m7_022_linux_release_soak.M7022LinuxReleaseSoakTest.test_platform_rejects_other_os_cpu_and_musl) ... ok
test_private_candidate_copy_is_pinned_and_original_drift_is_rejected (tools.tests.test_m7_022_linux_release_soak.M7022LinuxReleaseSoakTest.test_private_candidate_copy_is_pinned_and_original_drift_is_rejected) ... ok
test_readiness_requires_one_marker_after_a_complete_cycle (tools.tests.test_m7_022_linux_release_soak.M7022LinuxReleaseSoakTest.test_readiness_requires_one_marker_after_a_complete_cycle) ... ok
test_resource_and_application_trends_fail_closed (tools.tests.test_m7_022_linux_release_soak.M7022LinuxReleaseSoakTest.test_resource_and_application_trends_fail_closed) ... ok
test_successful_build_retains_complete_output (tools.tests.test_m7_022_linux_release_soak.M7022LinuxReleaseSoakTest.test_successful_build_retains_complete_output) ... ok
test_terminate_process_group_stops_running_child (tools.tests.test_m7_022_linux_release_soak.M7022LinuxReleaseSoakTest.test_terminate_process_group_stops_running_child) ... ok
test_text_input_drift_is_rejected_in_the_text_evidence_domain (tools.tests.test_m7_022_linux_release_soak.M7022LinuxReleaseSoakTest.test_text_input_drift_is_rejected_in_the_text_evidence_domain) ... ok
test_workload_requires_duration_mix_cancellation_reset_and_terminal_cleanup (tools.tests.test_m7_022_linux_release_soak.M7022LinuxReleaseSoakTest.test_workload_requires_duration_mix_cancellation_reset_and_terminal_cleanup) ... ok
test_actual_native_archive_bytes_must_match_component_manifests (tools.tests.test_m7_025_linux_supply_chain.M7025LinuxSupplyChainTest.test_actual_native_archive_bytes_must_match_component_manifests) ... ok
test_artifact_digest_mismatch_fails_closed (tools.tests.test_m7_025_linux_supply_chain.M7025LinuxSupplyChainTest.test_artifact_digest_mismatch_fails_closed) ... ok
test_committed_bundle_is_stale_after_digest_domain_migration (tools.tests.test_m7_025_linux_supply_chain.M7025LinuxSupplyChainTest.test_committed_bundle_is_stale_after_digest_domain_migration) ... ok
test_fingerprint_is_stable_and_dependency_sensitive (tools.tests.test_m7_025_linux_supply_chain.M7025LinuxSupplyChainTest.test_fingerprint_is_stable_and_dependency_sensitive) ... ok
test_generation_is_byte_deterministic (tools.tests.test_m7_025_linux_supply_chain.M7025LinuxSupplyChainTest.test_generation_is_byte_deterministic) ... ok
test_main_translates_invalid_license_text_to_controlled_failure (tools.tests.test_m7_025_linux_supply_chain.M7025LinuxSupplyChainTest.test_main_translates_invalid_license_text_to_controlled_failure) ... ok
test_sbom_distinguishes_project_and_public_suffix_licenses (tools.tests.test_m7_025_linux_supply_chain.M7025LinuxSupplyChainTest.test_sbom_distinguishes_project_and_public_suffix_licenses) ... ok
test_schema_two_rejects_missing_public_suffix_license (tools.tests.test_m7_025_linux_supply_chain.M7025LinuxSupplyChainTest.test_schema_two_rejects_missing_public_suffix_license) ... ok
test_schema_two_rejects_public_suffix_data_outside_its_source_pin (tools.tests.test_m7_025_linux_supply_chain.M7025LinuxSupplyChainTest.test_schema_two_rejects_public_suffix_data_outside_its_source_pin) ... ok
test_schema_two_requires_http_files_payload_but_schema_one_remains_readable (tools.tests.test_m7_025_linux_supply_chain.M7025LinuxSupplyChainTest.test_schema_two_requires_http_files_payload_but_schema_one_remains_readable) ... ok
test_schema_two_sidecars_self_validate_with_explicit_task_metadata (tools.tests.test_m7_025_linux_supply_chain.M7025LinuxSupplyChainTest.test_schema_two_sidecars_self_validate_with_explicit_task_metadata) ... ok
test_wrong_project_license_expression_fails_closed (tools.tests.test_m7_025_linux_supply_chain.M7025LinuxSupplyChainTest.test_wrong_project_license_expression_fails_closed) ... ok
test_alias_target_member_change_changes_inventory (tools.tests.test_m7_026_linux_api_freeze.M7026LinuxApiFreezeTest.test_alias_target_member_change_changes_inventory) ... ok
test_body_only_change_is_stable_but_signature_change_is_not (tools.tests.test_m7_026_linux_api_freeze.M7026LinuxApiFreezeTest.test_body_only_change_is_stable_but_signature_change_is_not) ... ok
test_inventory_comparison_reports_add_remove_and_change (tools.tests.test_m7_026_linux_api_freeze.M7026LinuxApiFreezeTest.test_inventory_comparison_reports_add_remove_and_change) ... ok
test_network_signature_change_is_rejected (tools.tests.test_m7_026_linux_api_freeze.M7026LinuxApiFreezeTest.test_network_signature_change_is_rejected) ... ok
test_openssl_metadata_bool_is_allowed_but_cipher_string_is_not (tools.tests.test_m7_026_linux_api_freeze.M7026LinuxApiFreezeTest.test_openssl_metadata_bool_is_allowed_but_cipher_string_is_not) ... ok
test_package_identity_and_forbidden_types_fail_closed (tools.tests.test_m7_026_linux_api_freeze.M7026LinuxApiFreezeTest.test_package_identity_and_forbidden_types_fail_closed) ... ok
test_atomic_report_failure_preserves_previous_bytes (tools.tests.test_m7_028_security_review_package.M7028SecurityReviewPackageTests.test_atomic_report_failure_preserves_previous_bytes) ... ok
test_checked_in_package_is_valid (tools.tests.test_m7_028_security_review_package.M7028SecurityReviewPackageTests.test_checked_in_package_is_valid) ... ok
test_current_bound_inputs_require_pass_bundle_digest (tools.tests.test_m7_028_security_review_package.M7028SecurityReviewPackageTests.test_current_bound_inputs_require_pass_bundle_digest) ... ok
test_final_task_validates_its_own_evidence_without_historical_fallback (tools.tests.test_m7_028_security_review_package.M7028SecurityReviewPackageTests.test_final_task_validates_its_own_evidence_without_historical_fallback) ... ok
test_invalid_utf8_has_stable_structured_digest_error (tools.tests.test_m7_028_security_review_package.M7028SecurityReviewPackageTests.test_invalid_utf8_has_stable_structured_digest_error) ... ok
test_missing_file_and_digest_drift_are_rejected (tools.tests.test_m7_028_security_review_package.M7028SecurityReviewPackageTests.test_missing_file_and_digest_drift_are_rejected) ... ok
test_path_escape_is_rejected (tools.tests.test_m7_028_security_review_package.M7028SecurityReviewPackageTests.test_path_escape_is_rejected) ... ok
test_required_topic_and_compatibility_gate_are_enforced (tools.tests.test_m7_028_security_review_package.M7028SecurityReviewPackageTests.test_required_topic_and_compatibility_gate_are_enforced) ... ok
test_sensitive_data_is_rejected_without_echoing_value (tools.tests.test_m7_028_security_review_package.M7028SecurityReviewPackageTests.test_sensitive_data_is_rejected_without_echoing_value) ... ok
test_stale_or_skipped_evidence_cannot_claim_pass (tools.tests.test_m7_028_security_review_package.M7028SecurityReviewPackageTests.test_stale_or_skipped_evidence_cannot_claim_pass) ... ok
test_unknown_schema_and_field_are_rejected (tools.tests.test_m7_028_security_review_package.M7028SecurityReviewPackageTests.test_unknown_schema_and_field_are_rejected) ... ok
test_complete_no_finding_report_passes (tools.tests.test_m7_029_independent_security_review.M7029IndependentSecurityReviewTests.test_complete_no_finding_report_passes) ... ok
test_duplicate_and_unknown_finding_fields_fail (tools.tests.test_m7_029_independent_security_review.M7029IndependentSecurityReviewTests.test_duplicate_and_unknown_finding_fields_fail) ... ok
test_final_review_rejects_historical_task_and_changed_package (tools.tests.test_m7_029_independent_security_review.M7029IndependentSecurityReviewTests.test_final_review_rejects_historical_task_and_changed_package) ... ok
test_fixed_finding_requires_executed_digest_bound_regression (tools.tests.test_m7_029_independent_security_review.M7029IndependentSecurityReviewTests.test_fixed_finding_requires_executed_digest_bound_regression) ... ok
test_hosted_ci_nightly_resolution_fails_closed (tools.tests.test_m7_029_independent_security_review.M7029IndependentSecurityReviewTests.test_hosted_ci_nightly_resolution_fails_closed) ... ok
test_missing_review_is_blocked_and_atomic_failure_preserves_file (tools.tests.test_m7_029_independent_security_review.M7029IndependentSecurityReviewTests.test_missing_review_is_blocked_and_atomic_failure_preserves_file) ... ok
test_native_dependency_plan_uses_fail_closed_platform_selection (tools.tests.test_m7_029_independent_security_review.M7029IndependentSecurityReviewTests.test_native_dependency_plan_uses_fail_closed_platform_selection) ... ok
test_open_high_and_critical_findings_block_release (tools.tests.test_m7_029_independent_security_review.M7029IndependentSecurityReviewTests.test_open_high_and_critical_findings_block_release) ... ok
test_prepare_cli_returns_structured_invalid_utf8_failure (tools.tests.test_m7_029_independent_security_review.M7029IndependentSecurityReviewTests.test_prepare_cli_returns_structured_invalid_utf8_failure) ... ok
test_process_isolated_agent_requires_conflict_disclosure (tools.tests.test_m7_029_independent_security_review.M7029IndependentSecurityReviewTests.test_process_isolated_agent_requires_conflict_disclosure) ... ok
test_provider_manifest_is_a_repository_input (tools.tests.test_m7_029_independent_security_review.M7029IndependentSecurityReviewTests.test_provider_manifest_is_a_repository_input) ... git: /home/elliot/cangjie_sdk/sts1.1.3/runtime/lib/linux_x86_64_cjnative/libpcre2-8.so.0: no version information available (required by git)
ok
test_review_path_outside_package_root_is_a_controlled_failure (tools.tests.test_m7_029_independent_security_review.M7029IndependentSecurityReviewTests.test_review_path_outside_package_root_is_a_controlled_failure) ... ok
test_reviewer_dates_conflicts_and_set_fields_are_strict (tools.tests.test_m7_029_independent_security_review.M7029IndependentSecurityReviewTests.test_reviewer_dates_conflicts_and_set_fields_are_strict) ... ok
test_reviewer_independence_is_required (tools.tests.test_m7_029_independent_security_review.M7029IndependentSecurityReviewTests.test_reviewer_independence_is_required) ... ok
test_sensitive_value_and_compatibility_gate_fail (tools.tests.test_m7_029_independent_security_review.M7029IndependentSecurityReviewTests.test_sensitive_value_and_compatibility_gate_fail) ... ok
test_stale_target_and_incomplete_scope_fail (tools.tests.test_m7_029_independent_security_review.M7029IndependentSecurityReviewTests.test_stale_target_and_incomplete_scope_fail) ... ok
test_atomic_report_failure_preserves_previous_bytes (tools.tests.test_m7_030_linux_release.M7030LinuxReleaseTest.test_atomic_report_failure_preserves_previous_bytes) ... ok
test_clean_consumer_and_malicious_archives (tools.tests.test_m7_030_linux_release.M7030LinuxReleaseTest.test_clean_consumer_and_malicious_archives) ... ok
test_current_inputs_build_strict_deterministic_manifest (tools.tests.test_m7_030_linux_release.M7030LinuxReleaseTest.test_current_inputs_build_strict_deterministic_manifest) ... ok
test_hosted_report_binds_three_verified_subjects (tools.tests.test_m7_030_linux_release.M7030LinuxReleaseTest.test_hosted_report_binds_three_verified_subjects) ... ok
test_hosted_report_cli_returns_structured_invalid_utf8_failure (tools.tests.test_m7_030_linux_release.M7030LinuxReleaseTest.test_hosted_report_cli_returns_structured_invalid_utf8_failure) ... ok
test_hosted_text_subject_separates_canonical_and_signed_payload_digests (tools.tests.test_m7_030_linux_release.M7030LinuxReleaseTest.test_hosted_text_subject_separates_canonical_and_signed_payload_digests) ... ok
test_json_duplicates_unknown_schema_paths_and_subjects_are_rejected (tools.tests.test_m7_030_linux_release.M7030LinuxReleaseTest.test_json_duplicates_unknown_schema_paths_and_subjects_are_rejected) ... ok
test_key_type_identity_and_location_fail_closed_without_secret_output (tools.tests.test_m7_030_linux_release.M7030LinuxReleaseTest.test_key_type_identity_and_location_fail_closed_without_secret_output) ... ok
test_missing_or_stale_supply_chain_input_fails_closed (tools.tests.test_m7_030_linux_release.M7030LinuxReleaseTest.test_missing_or_stale_supply_chain_input_fails_closed) ... ok
test_offline_rehearsal_verifies_and_all_subject_or_signature_mutations_fail (tools.tests.test_m7_030_linux_release.M7030LinuxReleaseTest.test_offline_rehearsal_verifies_and_all_subject_or_signature_mutations_fail) ... ok
test_qualification_mutation_invalidates_signed_manifest (tools.tests.test_m7_030_linux_release.M7030LinuxReleaseTest.test_qualification_mutation_invalidates_signed_manifest) ... ok
test_qualified_manifest_input_cannot_escape_source_root (tools.tests.test_m7_030_linux_release.M7030LinuxReleaseTest.test_qualified_manifest_input_cannot_escape_source_root) ... ok
test_rehearsal_is_bounded_and_reads_hosted_gate_separately (tools.tests.test_m7_030_linux_release.M7030LinuxReleaseTest.test_rehearsal_is_bounded_and_reads_hosted_gate_separately) ... ok
test_rollback_requires_exact_signed_unexpired_authorization (tools.tests.test_m7_030_linux_release.M7030LinuxReleaseTest.test_rollback_requires_exact_signed_unexpired_authorization) ... ok
test_upgrade_requires_matching_signed_advisory_and_sbom (tools.tests.test_m7_030_linux_release.M7030LinuxReleaseTest.test_upgrade_requires_matching_signed_advisory_and_sbom) ... ok
test_workflow_is_pinned_and_missing_or_wrong_hosted_report_never_passes (tools.tests.test_m7_030_linux_release.M7030LinuxReleaseTest.test_workflow_is_pinned_and_missing_or_wrong_hosted_report_never_passes) ... ok

----------------------------------------------------------------------
Ran 99 tests in 1.470s

OK
M7-022 Linux release soak: FAIL: SOAK_ALREADY_RUNNING: another invocation is active
