test_alias_target_member_change_changes_inventory (tools.tests.test_m7_026_linux_api_freeze.M7026LinuxApiFreezeTest.test_alias_target_member_change_changes_inventory) ... ok
test_body_only_change_is_stable_but_signature_change_is_not (tools.tests.test_m7_026_linux_api_freeze.M7026LinuxApiFreezeTest.test_body_only_change_is_stable_but_signature_change_is_not) ... ok
test_inventory_comparison_reports_add_remove_and_change (tools.tests.test_m7_026_linux_api_freeze.M7026LinuxApiFreezeTest.test_inventory_comparison_reports_add_remove_and_change) ... ok
test_network_signature_change_is_rejected (tools.tests.test_m7_026_linux_api_freeze.M7026LinuxApiFreezeTest.test_network_signature_change_is_rejected) ... ok
test_openssl_metadata_bool_is_allowed_but_cipher_string_is_not (tools.tests.test_m7_026_linux_api_freeze.M7026LinuxApiFreezeTest.test_openssl_metadata_bool_is_allowed_but_cipher_string_is_not) ... ok
test_package_identity_and_forbidden_types_fail_closed (tools.tests.test_m7_026_linux_api_freeze.M7026LinuxApiFreezeTest.test_package_identity_and_forbidden_types_fail_closed) ... ok
test_atomic_report_failure_preserves_previous_bytes (tools.tests.test_m7_028_security_review_package.M7028SecurityReviewPackageTests.test_atomic_report_failure_preserves_previous_bytes) ... ok
test_checked_in_package_is_valid (tools.tests.test_m7_028_security_review_package.M7028SecurityReviewPackageTests.test_checked_in_package_is_valid) ... ok
test_current_bound_inputs_require_pass_bundle_digest (tools.tests.test_m7_028_security_review_package.M7028SecurityReviewPackageTests.test_current_bound_inputs_require_pass_bundle_digest) ... ok
test_final_task_validates_its_own_evidence_without_historical_fallback (tools.tests.test_m7_028_security_review_package.M7028SecurityReviewPackageTests.test_final_task_validates_its_own_evidence_without_historical_fallback) ... ok
test_invalid_utf8_has_stable_structured_digest_error (tools.tests.test_m7_028_security_review_package.M7028SecurityReviewPackageTests.test_invalid_utf8_has_stable_structured_digest_error) ... ok
test_missing_file_and_digest_drift_are_rejected (tools.tests.test_m7_028_security_review_package.M7028SecurityReviewPackageTests.test_missing_file_and_digest_drift_are_rejected) ... ok
test_path_escape_is_rejected (tools.tests.test_m7_028_security_review_package.M7028SecurityReviewPackageTests.test_path_escape_is_rejected) ... ok
test_required_topic_and_compatibility_gate_are_enforced (tools.tests.test_m7_028_security_review_package.M7028SecurityReviewPackageTests.test_required_topic_and_compatibility_gate_are_enforced) ... ok
test_sensitive_data_is_rejected_without_echoing_value (tools.tests.test_m7_028_security_review_package.M7028SecurityReviewPackageTests.test_sensitive_data_is_rejected_without_echoing_value) ... ok
test_stale_or_skipped_evidence_cannot_claim_pass (tools.tests.test_m7_028_security_review_package.M7028SecurityReviewPackageTests.test_stale_or_skipped_evidence_cannot_claim_pass) ... ok
test_unknown_schema_and_field_are_rejected (tools.tests.test_m7_028_security_review_package.M7028SecurityReviewPackageTests.test_unknown_schema_and_field_are_rejected) ... ok
test_complete_no_finding_report_passes (tools.tests.test_m7_029_independent_security_review.M7029IndependentSecurityReviewTests.test_complete_no_finding_report_passes) ... ok
test_duplicate_and_unknown_finding_fields_fail (tools.tests.test_m7_029_independent_security_review.M7029IndependentSecurityReviewTests.test_duplicate_and_unknown_finding_fields_fail) ... ok
test_final_review_rejects_historical_task_and_changed_package (tools.tests.test_m7_029_independent_security_review.M7029IndependentSecurityReviewTests.test_final_review_rejects_historical_task_and_changed_package) ... ok
test_fixed_finding_requires_executed_digest_bound_regression (tools.tests.test_m7_029_independent_security_review.M7029IndependentSecurityReviewTests.test_fixed_finding_requires_executed_digest_bound_regression) ... ok
test_hosted_ci_nightly_resolution_fails_closed (tools.tests.test_m7_029_independent_security_review.M7029IndependentSecurityReviewTests.test_hosted_ci_nightly_resolution_fails_closed) ... ok
test_missing_review_is_blocked_and_atomic_failure_preserves_file (tools.tests.test_m7_029_independent_security_review.M7029IndependentSecurityReviewTests.test_missing_review_is_blocked_and_atomic_failure_preserves_file) ... ok
test_native_dependency_plan_uses_fail_closed_platform_selection (tools.tests.test_m7_029_independent_security_review.M7029IndependentSecurityReviewTests.test_native_dependency_plan_uses_fail_closed_platform_selection) ... ok
test_open_high_and_critical_findings_block_release (tools.tests.test_m7_029_independent_security_review.M7029IndependentSecurityReviewTests.test_open_high_and_critical_findings_block_release) ... ok
test_prepare_cli_returns_structured_invalid_utf8_failure (tools.tests.test_m7_029_independent_security_review.M7029IndependentSecurityReviewTests.test_prepare_cli_returns_structured_invalid_utf8_failure) ... ok
test_process_isolated_agent_requires_conflict_disclosure (tools.tests.test_m7_029_independent_security_review.M7029IndependentSecurityReviewTests.test_process_isolated_agent_requires_conflict_disclosure) ... ok
test_provider_manifest_is_a_repository_input (tools.tests.test_m7_029_independent_security_review.M7029IndependentSecurityReviewTests.test_provider_manifest_is_a_repository_input) ... git: <home>/cangjie_sdk/sts1.1.3/runtime/lib/linux_x86_64_cjnative/libpcre2-8.so.0: no version information available (required by git)
ok
test_review_path_outside_package_root_is_a_controlled_failure (tools.tests.test_m7_029_independent_security_review.M7029IndependentSecurityReviewTests.test_review_path_outside_package_root_is_a_controlled_failure) ... ok
test_reviewer_dates_conflicts_and_set_fields_are_strict (tools.tests.test_m7_029_independent_security_review.M7029IndependentSecurityReviewTests.test_reviewer_dates_conflicts_and_set_fields_are_strict) ... ok
test_reviewer_independence_is_required (tools.tests.test_m7_029_independent_security_review.M7029IndependentSecurityReviewTests.test_reviewer_independence_is_required) ... ok
test_sensitive_value_and_compatibility_gate_fail (tools.tests.test_m7_029_independent_security_review.M7029IndependentSecurityReviewTests.test_sensitive_value_and_compatibility_gate_fail) ... ok
test_stale_target_and_incomplete_scope_fail (tools.tests.test_m7_029_independent_security_review.M7029IndependentSecurityReviewTests.test_stale_target_and_incomplete_scope_fail) ... ok
test_atomic_report_failure_preserves_previous_bytes (tools.tests.test_m7_030_linux_release.M7030LinuxReleaseTest.test_atomic_report_failure_preserves_previous_bytes) ... ok
test_clean_consumer_and_malicious_archives (tools.tests.test_m7_030_linux_release.M7030LinuxReleaseTest.test_clean_consumer_and_malicious_archives) ... ok
test_current_inputs_build_strict_deterministic_manifest (tools.tests.test_m7_030_linux_release.M7030LinuxReleaseTest.test_current_inputs_build_strict_deterministic_manifest) ... ok
test_hosted_report_binds_three_verified_subjects (tools.tests.test_m7_030_linux_release.M7030LinuxReleaseTest.test_hosted_report_binds_three_verified_subjects) ... ok
test_hosted_report_cli_returns_structured_invalid_utf8_failure (tools.tests.test_m7_030_linux_release.M7030LinuxReleaseTest.test_hosted_report_cli_returns_structured_invalid_utf8_failure) ... ok
test_hosted_text_subject_separates_canonical_and_signed_payload_digests (tools.tests.test_m7_030_linux_release.M7030LinuxReleaseTest.test_hosted_text_subject_separates_canonical_and_signed_payload_digests) ... ok
test_json_duplicates_unknown_schema_paths_and_subjects_are_rejected (tools.tests.test_m7_030_linux_release.M7030LinuxReleaseTest.test_json_duplicates_unknown_schema_paths_and_subjects_are_rejected) ... ok
test_key_type_identity_and_location_fail_closed_without_secret_output (tools.tests.test_m7_030_linux_release.M7030LinuxReleaseTest.test_key_type_identity_and_location_fail_closed_without_secret_output) ... ok
test_missing_or_stale_supply_chain_input_fails_closed (tools.tests.test_m7_030_linux_release.M7030LinuxReleaseTest.test_missing_or_stale_supply_chain_input_fails_closed) ... ok
test_offline_rehearsal_verifies_and_all_subject_or_signature_mutations_fail (tools.tests.test_m7_030_linux_release.M7030LinuxReleaseTest.test_offline_rehearsal_verifies_and_all_subject_or_signature_mutations_fail) ... ok
test_rehearsal_is_bounded_and_reads_hosted_gate_separately (tools.tests.test_m7_030_linux_release.M7030LinuxReleaseTest.test_rehearsal_is_bounded_and_reads_hosted_gate_separately) ... ok
test_rollback_requires_exact_signed_unexpired_authorization (tools.tests.test_m7_030_linux_release.M7030LinuxReleaseTest.test_rollback_requires_exact_signed_unexpired_authorization) ... ok
test_upgrade_requires_matching_signed_advisory_and_sbom (tools.tests.test_m7_030_linux_release.M7030LinuxReleaseTest.test_upgrade_requires_matching_signed_advisory_and_sbom) ... ok
test_workflow_is_pinned_and_missing_or_wrong_hosted_report_never_passes (tools.tests.test_m7_030_linux_release.M7030LinuxReleaseTest.test_workflow_is_pinned_and_missing_or_wrong_hosted_report_never_passes) ... ok

----------------------------------------------------------------------
Ran 47 tests in 0.992s

OK
