--------------------------------------------------------------------------------------------------
TP: wirestack.net, time elapsed: 1480511192 ns, RESULT:
    TCS: DnsClientWireTest, time elapsed: 934185248 ns, RESULT:
    [ PASSED ] CASE: publicQueryAndLookupUseRealUdpAndRetainAbsoluteCacheExpiry (2367468 ns)
    [ PASSED ] CASE: publicQueryEncodesEveryModeledRecordType (7690104 ns)
    [ PASSED ] CASE: wrongSourceIdAndQuestionAreIgnoredBeforeValidUdpResponse (1117616 ns)
    [ PASSED ] CASE: validatedTruncationFallsBackToExactTcpFrame (1266548 ns)
    [ PASSED ] CASE: activeCancellationRetainsNameserverWithoutRetry (60500194 ns)
    [ PASSED ] CASE: silentDnsAttemptsLeaveBudgetForServerAndPassFailover (503989546 ns)
    [ PASSED ] CASE: exhaustedResponseCodesRetainTheLastRespondingNameserver (2141548 ns)
    [ PASSED ] CASE: unsupportedResponseCodeRetainsRespondingNameserver (1015451 ns)
    [ PASSED ] CASE: dnsTransportFailuresRetainSelectedNameserver (252565214 ns)
    [ PASSED ] CASE: tcpResponseCannotRemainTruncated (1179458 ns)
    [ PASSED ] CASE: malformedMatchingResponseAndUnrelatedSectionsCannotPoisonCache (3459370 ns)
    [ PASSED ] CASE: cnameTraversalUsesAnswerOwnersAndRejectsConflictingTargets (2258812 ns)
    [ PASSED ] CASE: fullResultCapacityDoesNotQueryAnotherFamily (60376376 ns)
    [ PASSED ] CASE: rfc2308CacheRetainsNxdomainVersusNodataWithoutNewPackets (3187902 ns)
    [ PASSED ] CASE: zeroTtlNeverCreatesAPositiveCacheEntry (1795421 ns)
    [ PASSED ] CASE: callerCancellationAndClientCloseWakeActiveNativeReceive (1854321 ns)
    [ PASSED ] CASE: anyFamilyRetainsAddressesWhenTheOtherFamilyFails (6080414 ns)
    [ PASSED ] CASE: crossFamilyConflictsRetainTheLivePeerAlongsideCachedResults (5113364 ns)
    [ PASSED ] CASE: everyNxdomainInvalidatesPreviouslyCachedAddresses (6482564 ns)
    [ PASSED ] CASE: noncacheableNxdomainStopsOtherFamilyQueries (2090004 ns)
    [ PASSED ] CASE: nameWideNegativeOverridesEarlierFamilyFailure (1937829 ns)
    [ PASSED ] CASE: boundedAdmissionRejectsExcessAndCloseWakesQueuedCallers (2422841 ns)
    TCS: DnsResolverPolicyTest, time elapsed: 284828932 ns, RESULT:
    [ PASSED ] CASE: fromSystemParsesTabsCommentsLastSearchAndClampedNdots (313635 ns)
    [ PASSED ] CASE: directConfigRejectsUnsupportedNameserverZonesBeforeQueries (35777 ns)
    [ PASSED ] CASE: numericNameserverZonesUseCanonicalEndpointIdentity (35452 ns)
    [ PASSED ] CASE: systemNameserversRetainOnlySupportedNumericZones (264218 ns)
    [ PASSED ] CASE: equivalentNameserverScopesDoNotConsumeTheServerLimit (317844 ns)
    [ PASSED ] CASE: configOwnsInputArraysAndReturnsDefensiveCopies (59253 ns)
    [ PASSED ] CASE: adoptedClientRequiresMatchingConfigurationWithoutTakingRejectedOwnership (153792 ns)
    [ PASSED ] CASE: systemFilesFailClosedWhenMissingOversizedOrNonregular (13493459 ns)
    [ PASSED ] CASE: ipv4LiteralsBypassHostsSearchAndNameservers (60388368 ns)
    [ PASSED ] CASE: hostsSnapshotRetainsOnlyUsableIpv6Zones (435084 ns)
    [ PASSED ] CASE: hostsAliasesFilterFamiliesAndRemainSnapshotted (705543 ns)
    [ PASSED ] CASE: trailingRootSkipsSearchWhileNdotsSelectsSearchOrAbsoluteFirst (4503286 ns)
    [ PASSED ] CASE: exactHostsEntryWinsBeforeSearchSuffixDns (200497011 ns)
    [ PASSED ] CASE: cancelledExpiredAndClosedCallsRetainPublicResolveClassifications (397467 ns)
    [ PASSED ] CASE: connectUsesHostsMappingForANativeListenerExchange (659726 ns)
    [ PASSED ] CASE: resolverConnectCarriesOneAbsoluteDeadlineIntoNativeTcpAdmission (321927 ns)
    TCS: DnsWireParserTest, time elapsed: 42391492 ns, RESULT:
    [ PASSED ] CASE: decodesCompressedTargetsBinaryTxtSoaAndUnknownData (165452 ns)
    [ PASSED ] CASE: recordOrderMakesAnswerAuthorityAndAdditionalBoundariesExplicit (82656 ns)
    [ PASSED ] CASE: summariesAndRecordsOwnParserAndConstructorInputs (38534 ns)
    [ PASSED ] CASE: publicSummaryRejectsCountsBeyondWireAndCombinedRecordBounds (37663895 ns)
    [ PASSED ] CASE: parserPreservesQuestionIdentityAndRejectsIncompleteRecords (163225 ns)
    [ PASSED ] CASE: asciiNameProfileRejectsAmbiguousLabels (207939 ns)
    [ PASSED ] CASE: compressionLoopsForwardPointersAndOutOfRangePointersAreRejected (104804 ns)
    [ PASSED ] CASE: expandedNameAndSectionCountsRespectConfiguredBounds (150905 ns)
    [ PASSED ] CASE: completeParserRejectsTrailingAndTruncatedSectionBytes (100991 ns)
    [ PASSED ] CASE: typedRdataLengthsAndTxtSegmentsAreExact (152529 ns)
    [ PASSED ] CASE: compressedRdataNamesCannotConsumeNeighboringRecordBytes (161375 ns)
    [ PASSED ] CASE: srvTargetCompressionIsRejectedEvenWhenPointerIsInBounds (101008 ns)
    [ PASSED ] CASE: summaryConstructorRejectsSectionMetadataThatCouldBlurBoundaries (51180 ns)
    [ PASSED ] CASE: additionalOwnerMayReferenceAuthorityNameserverTarget (146218 ns)
    [ PASSED ] CASE: additionalOwnerMayReferenceSecondLegacyMailboxName (196463 ns)
    TCS: DnsWireFuzzTest, time elapsed: 99446834 ns, RESULT:
    [ PASSED ] CASE: wireMutationsRejectMalformedMessagesOrRetainOwnedSections (99145341 ns)
    TCS: M8002TcpListenerTest, time elapsed: 59514061 ns, RESULT:
    [ PASSED ] CASE: bindRejectsInvalidBacklogAndStoppedContextsWithStructuredErrors (72141 ns)
    [ PASSED ] CASE: bindFailureRetainsPublicCoordinatesAndCause (104814 ns)
    [ PASSED ] CASE: cancelledAndExpiredAcceptsLeaveListenerReusable (27435818 ns)
    [ PASSED ] CASE: acceptedStreamTransfersExactDataInBothDirections (187834 ns)
    [ PASSED ] CASE: overlappingAcceptIsRejectedWithoutCreatingAPendingQueue (30043345 ns)
    [ PASSED ] CASE: stoppedCloseAdmissionHasNoNativeEffectAndListenerRemainsUsable (284574 ns)
    [ PASSED ] CASE: gracefulAndAbortTerminalOwnersAreStableAndWakeAccept (209879 ns)
    TCS: M8002UdpSocketTest, time elapsed: 22526166 ns, RESULT:
    [ PASSED ] CASE: datagramBoundariesAndOwnedPayloadSurviveScratchReuse (224113 ns)
    [ PASSED ] CASE: exactCapacityAndTruncationDiscardOnlyTheCurrentDatagramTail (168233 ns)
    [ PASSED ] CASE: connectedSocketSelectsNativePeerAndFiltersOtherSenders (174766 ns)
    [ PASSED ] CASE: invalidAndUnsupportedInputsLeaveSocketReusable (937250 ns)
    [ PASSED ] CASE: cancellationDeadlineCloseAndAbortRetainDistinctState (20328785 ns)
    TCS: NetworkFoundationContractTest, time elapsed: 36893109 ns, RESULT:
    [ PASSED ] CASE: unixEndpointFormsAreDistinctAndOwned (11511 ns)
    [ PASSED ] CASE: unixEndpointRejectsUnboundedNames (16468 ns)
    [ PASSED ] CASE: rawSocketCapabilityBoundaryRequiresDomainSpecificProtocol (28245 ns)
    [ PASSED ] CASE: cancelledConnectFailsBeforeSocketCreation (27106 ns)
    [ PASSED ] CASE: tcpStreamCancellationDistinguishesUntouchedFromAbortedDelegate (54823 ns)
    [ PASSED ] CASE: tcpStreamGracefulCloseIsRetainedAndIdempotent (15921 ns)
    [ PASSED ] CASE: tcpStreamTerminalCloseSkipsStoppedContextsAndCallerClock (56907 ns)
    [ PASSED ] CASE: tcpStreamNonterminalStoppedCloseAdmissionStillRejects (41127 ns)
    [ PASSED ] CASE: tcpStreamCloseNormalizesContextFailureWithoutTakingOwnership (43795 ns)
    [ PASSED ] CASE: tcpStreamAbortRetainsItsCauseAndConnectionFacts (76081 ns)
    [ PASSED ] CASE: tcpStreamDirectionalShutdownPublishesOnlySuccessfulTransitions (40190 ns)
    [ PASSED ] CASE: tcpStreamReadShutdownRejectsEveryReadPathWithoutLosingWrites (50502 ns)
    [ PASSED ] CASE: tcpStreamWriteShutdownRejectsEveryWritePathWithoutLosingReads (52099 ns)
    [ PASSED ] CASE: tcpStreamEmptyOperationsRemainImmediateAfterDirectionalShutdown (17766 ns)
    [ PASSED ] CASE: tcpStreamReadExactAddsCapturedEndpointsToUnexpectedEof (26997 ns)
    [ PASSED ] CASE: tcpStreamReadKeepsPeerEofGraceful (19726 ns)
    [ PASSED ] CASE: tcpStreamReadExactMergesCapturedAndStructuredEndpointMetadata (36874 ns)
    [ PASSED ] CASE: tcpStreamIoConflictsRetainCapturedEndpointsWithoutClosing (86893 ns)
    [ PASSED ] CASE: tcpStreamDirectionalShutdownDoesNotPromoteWokenIoToFailure (91003 ns)
    [ PASSED ] CASE: tcpStreamFinalShutdownRemainsGracefulWhenItWakesIo (37060 ns)
    [ PASSED ] CASE: tcpStreamFailuresRetainOriginalErrorAndReleaseDelegate (56716 ns)
    [ PASSED ] CASE: tcpStreamRetainsNativeCancellationOwnership (1174747 ns)
    [ PASSED ] CASE: tcpStreamNormalizesUnexpectedDelegateFailures (152387 ns)
    [ PASSED ] CASE: tcpStreamPrecancelledIoCannotClaimAnotherClosesOwnership (71429 ns)
    [ PASSED ] CASE: tcpStreamCancellationOwnershipSurvivesOtherObservers (57694 ns)
    [ PASSED ] CASE: tcpStreamAbortCannotRelabelClaimedGracefulNativeClose (27327 ns)
    [ PASSED ] CASE: tcpStreamAbortOwnershipSurvivesCompetingIoAndLateCloseFailure (41555 ns)
    [ PASSED ] CASE: tcpStreamCancellationBoundsCloseWaitAndLateSuccessRemainsGraceful (52417 ns)
    [ PASSED ] CASE: tcpStreamJoiningBackgroundCloseWaitsForCompletion (28444902 ns)
    [ PASSED ] CASE: tcpStreamDeadlineBoundsCloseWaitAndLateSuccessRemainsGraceful (76721 ns)
    [ PASSED ] CASE: tcpStreamLateCloseFailurePublishesFailedWithoutReplacingCallerCancellation (96026 ns)
    [ PASSED ] CASE: tcpStreamAbortRemainsTerminalWhenDetachedCloseFailsLate (68767 ns)
    [ PASSED ] CASE: tcpStreamCloseKeepsGracefulCauseWhenItWakesARead (42693 ns)
    [ PASSED ] CASE: unsafeOptionValueIsBoundedAndOwnedWithoutApplyingIt (66099 ns)
    [ PASSED ] CASE: datagramResultEnforcesTheIpv4PayloadBound (2204292 ns)
    [ PASSED ] CASE: datagramResultSurvivesReceiveBufferReuse (15987 ns)
Summary: TOTAL: 102
    PASSED: 102, SKIPPED: 0, ERROR: 0
    FAILED: 0
--------------------------------------------------------------------------------------------------
Project tests finished, time elapsed: 1488780798 ns, RESULT:
TP: wirestack.*, time elapsed: 1488672861 ns, RESULT:
    PASSED:
    TP: wirestack.net, time elapsed: 1480511192 ns
Summary: TOTAL: 102
    PASSED: 102, SKIPPED: 0, ERROR: 0
    FAILED: 0
--------------------------------------------------------------------------------------------------
cjpm test success
