--------------------------------------------------------------------------------------------------
TP: wirestack.net, time elapsed: 503836606 ns, RESULT:
    TCS: DnsClientWireTest, time elapsed: 32490708 ns, RESULT:
    [ PASSED ] CASE: publicQueryAndLookupUseRealUdpAndRetainAbsoluteCacheExpiry (2425681 ns)
    [ PASSED ] CASE: publicQueryEncodesEveryModeledRecordType (8091861 ns)
    [ PASSED ] CASE: wrongSourceIdAndQuestionAreIgnoredBeforeValidUdpResponse (1397241 ns)
    [ PASSED ] CASE: validatedTruncationFallsBackToExactTcpFrame (1337004 ns)
    [ PASSED ] CASE: tcpResponseCannotRemainTruncated (1331126 ns)
    [ PASSED ] CASE: malformedMatchingResponseAndUnrelatedSectionsCannotPoisonCache (2698526 ns)
    [ PASSED ] CASE: cnameTraversalUsesAnswerOwnersAndRejectsConflictingTargets (1912021 ns)
    [ PASSED ] CASE: rfc2308CacheRetainsNxdomainVersusNodataWithoutNewPackets (2615666 ns)
    [ PASSED ] CASE: zeroTtlNeverCreatesAPositiveCacheEntry (1859676 ns)
    [ PASSED ] CASE: callerCancellationAndClientCloseWakeActiveNativeReceive (1893392 ns)
    [ PASSED ] CASE: anyFamilyRetainsAddressesWhenTheOtherFamilyFails (3846387 ns)
    [ PASSED ] CASE: boundedAdmissionRejectsExcessAndCloseWakesQueuedCallers (1022584 ns)
    TCS: DnsResolverPolicyTest, time elapsed: 220470608 ns, RESULT:
    [ PASSED ] CASE: fromSystemParsesTabsCommentsLastSearchAndClampedNdots (312355 ns)
    [ PASSED ] CASE: directConfigRejectsUnsupportedNameserverZonesBeforeQueries (35239 ns)
    [ PASSED ] CASE: systemNameserversRetainOnlySupportedNumericZones (248109 ns)
    [ PASSED ] CASE: configOwnsInputArraysAndReturnsDefensiveCopies (43768 ns)
    [ PASSED ] CASE: systemFilesFailClosedWhenMissingOversizedOrNonregular (12718041 ns)
    [ PASSED ] CASE: hostsAliasesFilterFamiliesAndRemainSnapshotted (652734 ns)
    [ PASSED ] CASE: trailingRootSkipsSearchWhileNdotsSelectsSearchOrAbsoluteFirst (2883977 ns)
    [ PASSED ] CASE: exactHostsEntryWinsBeforeSearchSuffixDns (200862914 ns)
    [ PASSED ] CASE: cancelledExpiredAndClosedCallsRetainPublicResolveClassifications (306940 ns)
    [ PASSED ] CASE: connectUsesHostsMappingForANativeListenerExchange (672514 ns)
    [ PASSED ] CASE: resolverConnectCarriesOneAbsoluteDeadlineIntoNativeTcpAdmission (306794 ns)
    TCS: DnsWireParserTest, time elapsed: 2075854 ns, RESULT:
    [ PASSED ] CASE: decodesCompressedTargetsBinaryTxtSoaAndUnknownData (115460 ns)
    [ PASSED ] CASE: recordOrderMakesAnswerAuthorityAndAdditionalBoundariesExplicit (44307 ns)
    [ PASSED ] CASE: summariesAndRecordsOwnParserAndConstructorInputs (36070 ns)
    [ PASSED ] CASE: parserPreservesQuestionIdentityAndRejectsIncompleteRecords (51412 ns)
    [ PASSED ] CASE: asciiNameProfileRejectsAmbiguousLabels (87704 ns)
    [ PASSED ] CASE: compressionLoopsForwardPointersAndOutOfRangePointersAreRejected (44929 ns)
    [ PASSED ] CASE: expandedNameAndSectionCountsRespectConfiguredBounds (57573 ns)
    [ PASSED ] CASE: completeParserRejectsTrailingAndTruncatedSectionBytes (44005 ns)
    [ PASSED ] CASE: typedRdataLengthsAndTxtSegmentsAreExact (69484 ns)
    [ PASSED ] CASE: compressedRdataNamesCannotConsumeNeighboringRecordBytes (58567 ns)
    [ PASSED ] CASE: srvTargetCompressionIsRejectedEvenWhenPointerIsInBounds (40199 ns)
    [ PASSED ] CASE: summaryConstructorRejectsSectionMetadataThatCouldBlurBoundaries (18509 ns)
    [ PASSED ] CASE: additionalOwnerMayReferenceAuthorityNameserverTarget (46452 ns)
    [ PASSED ] CASE: additionalOwnerMayReferenceSecondLegacyMailboxName (75586 ns)
    TCS: DnsWireFuzzTest, time elapsed: 117023380 ns, RESULT:
    [ PASSED ] CASE: wireMutationsRejectMalformedMessagesOrRetainOwnedSections (116766590 ns)
    STDOUT:
    M8004_FUZZ target=dns-wire seed=8004 corpus=12 iterations=8544 accepted=3013 rejected=5531 decision=PASS
    TCS: M8002TcpListenerTest, time elapsed: 62425803 ns, RESULT:
    [ PASSED ] CASE: bindRejectsInvalidBacklogAndStoppedContextsWithStructuredErrors (106319 ns)
    [ PASSED ] CASE: bindFailureRetainsPublicCoordinatesAndCause (129380 ns)
    [ PASSED ] CASE: cancelledAndExpiredAcceptsLeaveListenerReusable (30262438 ns)
    [ PASSED ] CASE: acceptedStreamTransfersExactDataInBothDirections (206602 ns)
    [ PASSED ] CASE: overlappingAcceptIsRejectedWithoutCreatingAPendingQueue (30052083 ns)
    [ PASSED ] CASE: stoppedCloseAdmissionHasNoNativeEffectAndListenerRemainsUsable (240175 ns)
    [ PASSED ] CASE: gracefulAndAbortTerminalOwnersAreStableAndWakeAccept (166420 ns)
    TCS: M8002UdpSocketTest, time elapsed: 33029935 ns, RESULT:
    [ PASSED ] CASE: datagramBoundariesAndOwnedPayloadSurviveScratchReuse (247380 ns)
    [ PASSED ] CASE: exactCapacityAndTruncationDiscardOnlyTheCurrentDatagramTail (250557 ns)
    [ PASSED ] CASE: connectedSocketSelectsNativePeerAndFiltersOtherSenders (217909 ns)
    [ PASSED ] CASE: invalidAndUnsupportedInputsLeaveSocketReusable (1036665 ns)
    [ PASSED ] CASE: cancellationDeadlineCloseAndAbortRetainDistinctState (30377087 ns)
    TCS: NetworkFoundationContractTest, time elapsed: 35655757 ns, RESULT:
    [ PASSED ] CASE: unixEndpointFormsAreDistinctAndOwned (11571 ns)
    [ PASSED ] CASE: unixEndpointRejectsUnboundedNames (16192 ns)
    [ PASSED ] CASE: rawSocketCapabilityBoundaryRequiresDomainSpecificProtocol (31455 ns)
    [ PASSED ] CASE: cancelledConnectFailsBeforeSocketCreation (26785 ns)
    [ PASSED ] CASE: tcpStreamCancellationDistinguishesUntouchedFromAbortedDelegate (55121 ns)
    [ PASSED ] CASE: tcpStreamGracefulCloseIsRetainedAndIdempotent (18791 ns)
    [ PASSED ] CASE: tcpStreamTerminalCloseSkipsStoppedContextsAndCallerClock (52179 ns)
    [ PASSED ] CASE: tcpStreamNonterminalStoppedCloseAdmissionStillRejects (48309 ns)
    [ PASSED ] CASE: tcpStreamCloseNormalizesContextFailureWithoutTakingOwnership (39682 ns)
    [ PASSED ] CASE: tcpStreamAbortRetainsItsCauseAndConnectionFacts (70666 ns)
    [ PASSED ] CASE: tcpStreamDirectionalShutdownPublishesOnlySuccessfulTransitions (37954 ns)
    [ PASSED ] CASE: tcpStreamReadShutdownRejectsEveryReadPathWithoutLosingWrites (47597 ns)
    [ PASSED ] CASE: tcpStreamWriteShutdownRejectsEveryWritePathWithoutLosingReads (52819 ns)
    [ PASSED ] CASE: tcpStreamEmptyOperationsRemainImmediateAfterDirectionalShutdown (17488 ns)
    [ PASSED ] CASE: tcpStreamReadExactAddsCapturedEndpointsToUnexpectedEof (27215 ns)
    [ PASSED ] CASE: tcpStreamReadKeepsPeerEofGraceful (15986 ns)
    [ PASSED ] CASE: tcpStreamReadExactMergesCapturedAndStructuredEndpointMetadata (36631 ns)
    [ PASSED ] CASE: tcpStreamIoConflictsRetainCapturedEndpointsWithoutClosing (83969 ns)
    [ PASSED ] CASE: tcpStreamDirectionalShutdownDoesNotPromoteWokenIoToFailure (47340 ns)
    [ PASSED ] CASE: tcpStreamFinalShutdownRemainsGracefulWhenItWakesIo (33755 ns)
    [ PASSED ] CASE: tcpStreamFailuresRetainOriginalErrorAndReleaseDelegate (55324 ns)
    [ PASSED ] CASE: tcpStreamRetainsNativeCancellationOwnership (1235609 ns)
    [ PASSED ] CASE: tcpStreamNormalizesUnexpectedDelegateFailures (145899 ns)
    [ PASSED ] CASE: tcpStreamPrecancelledIoCannotClaimAnotherClosesOwnership (121309 ns)
    [ PASSED ] CASE: tcpStreamCancellationOwnershipSurvivesOtherObservers (60895 ns)
    [ PASSED ] CASE: tcpStreamAbortCannotRelabelClaimedGracefulNativeClose (28743 ns)
    [ PASSED ] CASE: tcpStreamAbortOwnershipSurvivesCompetingIoAndLateCloseFailure (42389 ns)
    [ PASSED ] CASE: tcpStreamCancellationBoundsCloseWaitAndLateSuccessRemainsGraceful (60699 ns)
    [ PASSED ] CASE: tcpStreamJoiningBackgroundCloseWaitsForCompletion (28147441 ns)
    [ PASSED ] CASE: tcpStreamDeadlineBoundsCloseWaitAndLateSuccessRemainsGraceful (79390 ns)
    [ PASSED ] CASE: tcpStreamLateCloseFailurePublishesFailedWithoutReplacingCallerCancellation (87258 ns)
    [ PASSED ] CASE: tcpStreamAbortRemainsTerminalWhenDetachedCloseFailsLate (68205 ns)
    [ PASSED ] CASE: tcpStreamCloseKeepsGracefulCauseWhenItWakesARead (34338 ns)
    [ PASSED ] CASE: unsafeOptionValueIsBoundedAndOwnedWithoutApplyingIt (61910 ns)
    [ PASSED ] CASE: datagramResultEnforcesTheIpv4PayloadBound (1467827 ns)
    [ PASSED ] CASE: datagramResultSurvivesReceiveBufferReuse (10904 ns)
Summary: TOTAL: 86
    PASSED: 86, SKIPPED: 0, ERROR: 0
    FAILED: 0
--------------------------------------------------------------------------------------------------
Project tests finished, time elapsed: 512169402 ns, RESULT:
TP: wirestack.*, time elapsed: 512069077 ns, RESULT:
    PASSED:
    TP: wirestack.net, time elapsed: 503836606 ns
Summary: TOTAL: 86
    PASSED: 86, SKIPPED: 0, ERROR: 0
    FAILED: 0
--------------------------------------------------------------------------------------------------
cjpm test success
