--------------------------------------------------------------------------------------------------
TP: wirestack.net, time elapsed: 921200702 ns, RESULT:
    TCS: DnsClientWireTest, time elapsed: 304286955 ns, RESULT:
    [ PASSED ] CASE: publicQueryAndLookupUseRealUdpAndRetainAbsoluteCacheExpiry (7331854 ns)
    [ PASSED ] CASE: publicQueryEncodesEveryModeledRecordType (13369548 ns)
    [ PASSED ] CASE: wrongSourceIdAndQuestionAreIgnoredBeforeValidUdpResponse (1046603 ns)
    [ PASSED ] CASE: validatedTruncationFallsBackToExactTcpFrame (1192019 ns)
    [ PASSED ] CASE: dnsTransportFailuresRetainSelectedNameserver (252051833 ns)
    [ PASSED ] CASE: tcpResponseCannotRemainTruncated (1347075 ns)
    [ PASSED ] CASE: malformedMatchingResponseAndUnrelatedSectionsCannotPoisonCache (3861860 ns)
    [ PASSED ] CASE: cnameTraversalUsesAnswerOwnersAndRejectsConflictingTargets (3462178 ns)
    [ PASSED ] CASE: rfc2308CacheRetainsNxdomainVersusNodataWithoutNewPackets (3595310 ns)
    [ PASSED ] CASE: zeroTtlNeverCreatesAPositiveCacheEntry (3884515 ns)
    [ PASSED ] CASE: callerCancellationAndClientCloseWakeActiveNativeReceive (1855575 ns)
    [ PASSED ] CASE: anyFamilyRetainsAddressesWhenTheOtherFamilyFails (5624020 ns)
    [ PASSED ] CASE: boundedAdmissionRejectsExcessAndCloseWakesQueuedCallers (2769713 ns)
    TCS: DnsResolverPolicyTest, time elapsed: 230620906 ns, RESULT:
    [ PASSED ] CASE: fromSystemParsesTabsCommentsLastSearchAndClampedNdots (501778 ns)
    [ PASSED ] CASE: directConfigRejectsUnsupportedNameserverZonesBeforeQueries (34071 ns)
    [ PASSED ] CASE: systemNameserversRetainOnlySupportedNumericZones (272919 ns)
    [ PASSED ] CASE: configOwnsInputArraysAndReturnsDefensiveCopies (64140 ns)
    [ PASSED ] CASE: systemFilesFailClosedWhenMissingOversizedOrNonregular (19420054 ns)
    [ PASSED ] CASE: hostsSnapshotRetainsOnlyUsableIpv6Zones (487514 ns)
    [ PASSED ] CASE: hostsAliasesFilterFamiliesAndRemainSnapshotted (745413 ns)
    [ PASSED ] CASE: trailingRootSkipsSearchWhileNdotsSelectsSearchOrAbsoluteFirst (3497762 ns)
    [ PASSED ] CASE: exactHostsEntryWinsBeforeSearchSuffixDns (200845130 ns)
    [ PASSED ] CASE: cancelledExpiredAndClosedCallsRetainPublicResolveClassifications (517126 ns)
    [ PASSED ] CASE: connectUsesHostsMappingForANativeListenerExchange (1467053 ns)
    [ PASSED ] CASE: resolverConnectCarriesOneAbsoluteDeadlineIntoNativeTcpAdmission (572151 ns)
    TCS: DnsWireParserTest, time elapsed: 106040713 ns, RESULT:
    [ PASSED ] CASE: decodesCompressedTargetsBinaryTxtSoaAndUnknownData (203499 ns)
    [ PASSED ] CASE: recordOrderMakesAnswerAuthorityAndAdditionalBoundariesExplicit (86839 ns)
    [ PASSED ] CASE: summariesAndRecordsOwnParserAndConstructorInputs (63569 ns)
    [ PASSED ] CASE: publicSummaryRejectsCountsBeyondWireAndCombinedRecordBounds (100030210 ns)
    [ PASSED ] CASE: parserPreservesQuestionIdentityAndRejectsIncompleteRecords (171573 ns)
    [ PASSED ] CASE: asciiNameProfileRejectsAmbiguousLabels (261079 ns)
    [ PASSED ] CASE: compressionLoopsForwardPointersAndOutOfRangePointersAreRejected (189258 ns)
    [ PASSED ] CASE: expandedNameAndSectionCountsRespectConfiguredBounds (100037 ns)
    [ PASSED ] CASE: completeParserRejectsTrailingAndTruncatedSectionBytes (117169 ns)
    [ PASSED ] CASE: typedRdataLengthsAndTxtSegmentsAreExact (183066 ns)
    [ PASSED ] CASE: compressedRdataNamesCannotConsumeNeighboringRecordBytes (187368 ns)
    [ PASSED ] CASE: srvTargetCompressionIsRejectedEvenWhenPointerIsInBounds (123326 ns)
    [ PASSED ] CASE: summaryConstructorRejectsSectionMetadataThatCouldBlurBoundaries (67065 ns)
    [ PASSED ] CASE: additionalOwnerMayReferenceAuthorityNameserverTarget (168041 ns)
    [ PASSED ] CASE: additionalOwnerMayReferenceSecondLegacyMailboxName (238814 ns)
    TCS: DnsWireFuzzTest, time elapsed: 163167413 ns, RESULT:
    [ PASSED ] CASE: wireMutationsRejectMalformedMessagesOrRetainOwnedSections (162842921 ns)
    TCS: M8002TcpListenerTest, time elapsed: 46028938 ns, RESULT:
    [ PASSED ] CASE: bindRejectsInvalidBacklogAndStoppedContextsWithStructuredErrors (67096 ns)
    [ PASSED ] CASE: bindFailureRetainsPublicCoordinatesAndCause (118027 ns)
    [ PASSED ] CASE: cancelledAndExpiredAcceptsLeaveListenerReusable (23497249 ns)
    [ PASSED ] CASE: acceptedStreamTransfersExactDataInBothDirections (172436 ns)
    [ PASSED ] CASE: overlappingAcceptIsRejectedWithoutCreatingAPendingQueue (20578774 ns)
    [ PASSED ] CASE: stoppedCloseAdmissionHasNoNativeEffectAndListenerRemainsUsable (327336 ns)
    [ PASSED ] CASE: gracefulAndAbortTerminalOwnersAreStableAndWakeAccept (132062 ns)
    TCS: M8002UdpSocketTest, time elapsed: 33704270 ns, RESULT:
    [ PASSED ] CASE: datagramBoundariesAndOwnedPayloadSurviveScratchReuse (275933 ns)
    [ PASSED ] CASE: exactCapacityAndTruncationDiscardOnlyTheCurrentDatagramTail (203121 ns)
    [ PASSED ] CASE: connectedSocketSelectsNativePeerAndFiltersOtherSenders (240467 ns)
    [ PASSED ] CASE: invalidAndUnsupportedInputsLeaveSocketReusable (1781720 ns)
    [ PASSED ] CASE: cancellationDeadlineCloseAndAbortRetainDistinctState (30347050 ns)
    TCS: NetworkFoundationContractTest, time elapsed: 36520095 ns, RESULT:
    [ PASSED ] CASE: unixEndpointFormsAreDistinctAndOwned (15053 ns)
    [ PASSED ] CASE: unixEndpointRejectsUnboundedNames (25250 ns)
    [ PASSED ] CASE: rawSocketCapabilityBoundaryRequiresDomainSpecificProtocol (30073 ns)
    [ PASSED ] CASE: cancelledConnectFailsBeforeSocketCreation (40204 ns)
    [ PASSED ] CASE: tcpStreamCancellationDistinguishesUntouchedFromAbortedDelegate (82040 ns)
    [ PASSED ] CASE: tcpStreamGracefulCloseIsRetainedAndIdempotent (23823 ns)
    [ PASSED ] CASE: tcpStreamTerminalCloseSkipsStoppedContextsAndCallerClock (56686 ns)
    [ PASSED ] CASE: tcpStreamNonterminalStoppedCloseAdmissionStillRejects (74814 ns)
    [ PASSED ] CASE: tcpStreamCloseNormalizesContextFailureWithoutTakingOwnership (51241 ns)
    [ PASSED ] CASE: tcpStreamAbortRetainsItsCauseAndConnectionFacts (87099 ns)
    [ PASSED ] CASE: tcpStreamDirectionalShutdownPublishesOnlySuccessfulTransitions (47694 ns)
    [ PASSED ] CASE: tcpStreamReadShutdownRejectsEveryReadPathWithoutLosingWrites (53100 ns)
    [ PASSED ] CASE: tcpStreamWriteShutdownRejectsEveryWritePathWithoutLosingReads (48129 ns)
    [ PASSED ] CASE: tcpStreamEmptyOperationsRemainImmediateAfterDirectionalShutdown (17911 ns)
    [ PASSED ] CASE: tcpStreamReadExactAddsCapturedEndpointsToUnexpectedEof (34345 ns)
    [ PASSED ] CASE: tcpStreamReadKeepsPeerEofGraceful (15678 ns)
    [ PASSED ] CASE: tcpStreamReadExactMergesCapturedAndStructuredEndpointMetadata (35847 ns)
    [ PASSED ] CASE: tcpStreamIoConflictsRetainCapturedEndpointsWithoutClosing (80740 ns)
    [ PASSED ] CASE: tcpStreamDirectionalShutdownDoesNotPromoteWokenIoToFailure (97600 ns)
    [ PASSED ] CASE: tcpStreamFinalShutdownRemainsGracefulWhenItWakesIo (41714 ns)
    [ PASSED ] CASE: tcpStreamFailuresRetainOriginalErrorAndReleaseDelegate (87344 ns)
    [ PASSED ] CASE: tcpStreamRetainsNativeCancellationOwnership (1274892 ns)
    [ PASSED ] CASE: tcpStreamNormalizesUnexpectedDelegateFailures (159387 ns)
    [ PASSED ] CASE: tcpStreamPrecancelledIoCannotClaimAnotherClosesOwnership (106637 ns)
    [ PASSED ] CASE: tcpStreamCancellationOwnershipSurvivesOtherObservers (77505 ns)
    [ PASSED ] CASE: tcpStreamAbortCannotRelabelClaimedGracefulNativeClose (31174 ns)
    [ PASSED ] CASE: tcpStreamAbortOwnershipSurvivesCompetingIoAndLateCloseFailure (57023 ns)
    [ PASSED ] CASE: tcpStreamCancellationBoundsCloseWaitAndLateSuccessRemainsGraceful (91341 ns)
    [ PASSED ] CASE: tcpStreamJoiningBackgroundCloseWaitsForCompletion (27873168 ns)
    [ PASSED ] CASE: tcpStreamDeadlineBoundsCloseWaitAndLateSuccessRemainsGraceful (80142 ns)
    [ PASSED ] CASE: tcpStreamLateCloseFailurePublishesFailedWithoutReplacingCallerCancellation (88438 ns)
    [ PASSED ] CASE: tcpStreamAbortRemainsTerminalWhenDetachedCloseFailsLate (89341 ns)
    [ PASSED ] CASE: tcpStreamCloseKeepsGracefulCauseWhenItWakesARead (47071 ns)
    [ PASSED ] CASE: unsafeOptionValueIsBoundedAndOwnedWithoutApplyingIt (74617 ns)
    [ PASSED ] CASE: datagramResultEnforcesTheIpv4PayloadBound (1648525 ns)
    [ PASSED ] CASE: datagramResultSurvivesReceiveBufferReuse (14066 ns)
Summary: TOTAL: 89
    PASSED: 89, SKIPPED: 0, ERROR: 0
    FAILED: 0
--------------------------------------------------------------------------------------------------
Project tests finished, time elapsed: 927591315 ns, RESULT:
TP: wirestack.*, time elapsed: 927523770 ns, RESULT:
    PASSED:
    TP: wirestack.net, time elapsed: 921200702 ns
Summary: TOTAL: 89
    PASSED: 89, SKIPPED: 0, ERROR: 0
    FAILED: 0
--------------------------------------------------------------------------------------------------
cjpm test success
