--------------------------------------------------------------------------------------------------
TP: wirestack.net, time elapsed: 1445935885 ns, RESULT:
    TCS: DnsClientWireTest, time elapsed: 933037760 ns, RESULT:
    [ PASSED ] CASE: publicQueryAndLookupUseRealUdpAndRetainAbsoluteCacheExpiry (2599680 ns)
    [ PASSED ] CASE: publicQueryEncodesEveryModeledRecordType (8312875 ns)
    [ PASSED ] CASE: wrongSourceIdAndQuestionAreIgnoredBeforeValidUdpResponse (1503026 ns)
    [ PASSED ] CASE: validatedTruncationFallsBackToExactTcpFrame (1341238 ns)
    [ PASSED ] CASE: activeCancellationRetainsNameserverWithoutRetry (60464804 ns)
    [ PASSED ] CASE: silentDnsAttemptsLeaveBudgetForServerAndPassFailover (504231923 ns)
    [ PASSED ] CASE: exhaustedResponseCodesRetainTheLastRespondingNameserver (1780931 ns)
    [ PASSED ] CASE: unsupportedResponseCodeRetainsRespondingNameserver (1071402 ns)
    [ PASSED ] CASE: dnsTransportFailuresRetainSelectedNameserver (252077850 ns)
    [ PASSED ] CASE: tcpResponseCannotRemainTruncated (1394253 ns)
    [ PASSED ] CASE: malformedMatchingResponseAndUnrelatedSectionsCannotPoisonCache (5227111 ns)
    [ PASSED ] CASE: cnameTraversalUsesAnswerOwnersAndRejectsConflictingTargets (3550647 ns)
    [ PASSED ] CASE: fullResultCapacityDoesNotQueryAnotherFamily (60586451 ns)
    [ PASSED ] CASE: rfc2308CacheRetainsNxdomainVersusNodataWithoutNewPackets (5549190 ns)
    [ PASSED ] CASE: zeroTtlNeverCreatesAPositiveCacheEntry (3617362 ns)
    [ PASSED ] CASE: callerCancellationAndClientCloseWakeActiveNativeReceive (3531594 ns)
    [ PASSED ] CASE: anyFamilyRetainsAddressesWhenTheOtherFamilyFails (5431125 ns)
    [ PASSED ] CASE: crossFamilyConflictsRetainTheLivePeerAlongsideCachedResults (4069431 ns)
    [ PASSED ] CASE: nameWideNegativeOverridesEarlierFamilyFailure (1942433 ns)
    [ PASSED ] CASE: boundedAdmissionRejectsExcessAndCloseWakesQueuedCallers (917425 ns)
    TCS: DnsResolverPolicyTest, time elapsed: 271394388 ns, RESULT:
    [ PASSED ] CASE: fromSystemParsesTabsCommentsLastSearchAndClampedNdots (303761 ns)
    [ PASSED ] CASE: directConfigRejectsUnsupportedNameserverZonesBeforeQueries (29580 ns)
    [ PASSED ] CASE: numericNameserverZonesUseCanonicalEndpointIdentity (37327 ns)
    [ PASSED ] CASE: systemNameserversRetainOnlySupportedNumericZones (272951 ns)
    [ PASSED ] CASE: equivalentNameserverScopesDoNotConsumeTheServerLimit (205778 ns)
    [ PASSED ] CASE: configOwnsInputArraysAndReturnsDefensiveCopies (42973 ns)
    [ PASSED ] CASE: systemFilesFailClosedWhenMissingOversizedOrNonregular (12564263 ns)
    [ PASSED ] CASE: ipv4LiteralsBypassHostsSearchAndNameservers (50400685 ns)
    [ PASSED ] CASE: hostsSnapshotRetainsOnlyUsableIpv6Zones (396589 ns)
    [ PASSED ] CASE: hostsAliasesFilterFamiliesAndRemainSnapshotted (493484 ns)
    [ PASSED ] CASE: trailingRootSkipsSearchWhileNdotsSelectsSearchOrAbsoluteFirst (2758077 ns)
    [ PASSED ] CASE: exactHostsEntryWinsBeforeSearchSuffixDns (200558513 ns)
    [ PASSED ] CASE: cancelledExpiredAndClosedCallsRetainPublicResolveClassifications (316167 ns)
    [ PASSED ] CASE: connectUsesHostsMappingForANativeListenerExchange (663252 ns)
    [ PASSED ] CASE: resolverConnectCarriesOneAbsoluteDeadlineIntoNativeTcpAdmission (351894 ns)
    TCS: DnsWireParserTest, time elapsed: 12348622 ns, RESULT:
    [ PASSED ] CASE: decodesCompressedTargetsBinaryTxtSoaAndUnknownData (240485 ns)
    [ PASSED ] CASE: recordOrderMakesAnswerAuthorityAndAdditionalBoundariesExplicit (92162 ns)
    [ PASSED ] CASE: summariesAndRecordsOwnParserAndConstructorInputs (68762 ns)
    [ PASSED ] CASE: publicSummaryRejectsCountsBeyondWireAndCombinedRecordBounds (7042791 ns)
    [ PASSED ] CASE: parserPreservesQuestionIdentityAndRejectsIncompleteRecords (170392 ns)
    [ PASSED ] CASE: asciiNameProfileRejectsAmbiguousLabels (191728 ns)
    [ PASSED ] CASE: compressionLoopsForwardPointersAndOutOfRangePointersAreRejected (154438 ns)
    [ PASSED ] CASE: expandedNameAndSectionCountsRespectConfiguredBounds (151428 ns)
    [ PASSED ] CASE: completeParserRejectsTrailingAndTruncatedSectionBytes (130810 ns)
    [ PASSED ] CASE: typedRdataLengthsAndTxtSegmentsAreExact (208909 ns)
    [ PASSED ] CASE: compressedRdataNamesCannotConsumeNeighboringRecordBytes (135104 ns)
    [ PASSED ] CASE: srvTargetCompressionIsRejectedEvenWhenPointerIsInBounds (144291 ns)
    [ PASSED ] CASE: summaryConstructorRejectsSectionMetadataThatCouldBlurBoundaries (76898 ns)
    [ PASSED ] CASE: additionalOwnerMayReferenceAuthorityNameserverTarget (201028 ns)
    [ PASSED ] CASE: additionalOwnerMayReferenceSecondLegacyMailboxName (279929 ns)
    TCS: DnsWireFuzzTest, time elapsed: 99094609 ns, RESULT:
    [ PASSED ] CASE: wireMutationsRejectMalformedMessagesOrRetainOwnedSections (98743388 ns)
    TCS: M8002TcpListenerTest, time elapsed: 59881083 ns, RESULT:
    [ PASSED ] CASE: bindRejectsInvalidBacklogAndStoppedContextsWithStructuredErrors (73962 ns)
    [ PASSED ] CASE: bindFailureRetainsPublicCoordinatesAndCause (109637 ns)
    [ PASSED ] CASE: cancelledAndExpiredAcceptsLeaveListenerReusable (27591389 ns)
    [ PASSED ] CASE: acceptedStreamTransfersExactDataInBothDirections (209049 ns)
    [ PASSED ] CASE: overlappingAcceptIsRejectedWithoutCreatingAPendingQueue (30018237 ns)
    [ PASSED ] CASE: stoppedCloseAdmissionHasNoNativeEffectAndListenerRemainsUsable (346944 ns)
    [ PASSED ] CASE: gracefulAndAbortTerminalOwnersAreStableAndWakeAccept (231377 ns)
    TCS: M8002UdpSocketTest, time elapsed: 32537268 ns, RESULT:
    [ PASSED ] CASE: datagramBoundariesAndOwnedPayloadSurviveScratchReuse (193800 ns)
    [ PASSED ] CASE: exactCapacityAndTruncationDiscardOnlyTheCurrentDatagramTail (135865 ns)
    [ PASSED ] CASE: connectedSocketSelectsNativePeerAndFiltersOtherSenders (199637 ns)
    [ PASSED ] CASE: invalidAndUnsupportedInputsLeaveSocketReusable (871527 ns)
    [ PASSED ] CASE: cancellationDeadlineCloseAndAbortRetainDistinctState (30267398 ns)
    TCS: NetworkFoundationContractTest, time elapsed: 36768466 ns, RESULT:
    [ PASSED ] CASE: unixEndpointFormsAreDistinctAndOwned (15723 ns)
    [ PASSED ] CASE: unixEndpointRejectsUnboundedNames (26020 ns)
    [ PASSED ] CASE: rawSocketCapabilityBoundaryRequiresDomainSpecificProtocol (48316 ns)
    [ PASSED ] CASE: cancelledConnectFailsBeforeSocketCreation (41984 ns)
    [ PASSED ] CASE: tcpStreamCancellationDistinguishesUntouchedFromAbortedDelegate (51996 ns)
    [ PASSED ] CASE: tcpStreamGracefulCloseIsRetainedAndIdempotent (22855 ns)
    [ PASSED ] CASE: tcpStreamTerminalCloseSkipsStoppedContextsAndCallerClock (58026 ns)
    [ PASSED ] CASE: tcpStreamNonterminalStoppedCloseAdmissionStillRejects (73621 ns)
    [ PASSED ] CASE: tcpStreamCloseNormalizesContextFailureWithoutTakingOwnership (36972 ns)
    [ PASSED ] CASE: tcpStreamAbortRetainsItsCauseAndConnectionFacts (91269 ns)
    [ PASSED ] CASE: tcpStreamDirectionalShutdownPublishesOnlySuccessfulTransitions (68238 ns)
    [ PASSED ] CASE: tcpStreamReadShutdownRejectsEveryReadPathWithoutLosingWrites (84781 ns)
    [ PASSED ] CASE: tcpStreamWriteShutdownRejectsEveryWritePathWithoutLosingReads (53708 ns)
    [ PASSED ] CASE: tcpStreamEmptyOperationsRemainImmediateAfterDirectionalShutdown (28867 ns)
    [ PASSED ] CASE: tcpStreamReadExactAddsCapturedEndpointsToUnexpectedEof (48393 ns)
    [ PASSED ] CASE: tcpStreamReadKeepsPeerEofGraceful (18537 ns)
    [ PASSED ] CASE: tcpStreamReadExactMergesCapturedAndStructuredEndpointMetadata (58814 ns)
    [ PASSED ] CASE: tcpStreamIoConflictsRetainCapturedEndpointsWithoutClosing (155975 ns)
    [ PASSED ] CASE: tcpStreamDirectionalShutdownDoesNotPromoteWokenIoToFailure (97146 ns)
    [ PASSED ] CASE: tcpStreamFinalShutdownRemainsGracefulWhenItWakesIo (43588 ns)
    [ PASSED ] CASE: tcpStreamFailuresRetainOriginalErrorAndReleaseDelegate (88287 ns)
    [ PASSED ] CASE: tcpStreamRetainsNativeCancellationOwnership (1205921 ns)
    [ PASSED ] CASE: tcpStreamNormalizesUnexpectedDelegateFailures (239663 ns)
    [ PASSED ] CASE: tcpStreamPrecancelledIoCannotClaimAnotherClosesOwnership (104512 ns)
    [ PASSED ] CASE: tcpStreamCancellationOwnershipSurvivesOtherObservers (82024 ns)
    [ PASSED ] CASE: tcpStreamAbortCannotRelabelClaimedGracefulNativeClose (41336 ns)
    [ PASSED ] CASE: tcpStreamAbortOwnershipSurvivesCompetingIoAndLateCloseFailure (78943 ns)
    [ PASSED ] CASE: tcpStreamCancellationBoundsCloseWaitAndLateSuccessRemainsGraceful (67587 ns)
    [ PASSED ] CASE: tcpStreamJoiningBackgroundCloseWaitsForCompletion (27805310 ns)
    [ PASSED ] CASE: tcpStreamDeadlineBoundsCloseWaitAndLateSuccessRemainsGraceful (69669 ns)
    [ PASSED ] CASE: tcpStreamLateCloseFailurePublishesFailedWithoutReplacingCallerCancellation (60317 ns)
    [ PASSED ] CASE: tcpStreamAbortRemainsTerminalWhenDetachedCloseFailsLate (49177 ns)
    [ PASSED ] CASE: tcpStreamCloseKeepsGracefulCauseWhenItWakesARead (54914 ns)
    [ PASSED ] CASE: unsafeOptionValueIsBoundedAndOwnedWithoutApplyingIt (64140 ns)
    [ PASSED ] CASE: datagramResultEnforcesTheIpv4PayloadBound (1444941 ns)
    [ PASSED ] CASE: datagramResultSurvivesReceiveBufferReuse (13068 ns)
Summary: TOTAL: 99
    PASSED: 99, SKIPPED: 0, ERROR: 0
    FAILED: 0
--------------------------------------------------------------------------------------------------
Project tests finished, time elapsed: 1454199300 ns, RESULT:
TP: wirestack.*, time elapsed: 1454103103 ns, RESULT:
    PASSED:
    TP: wirestack.net, time elapsed: 1445935885 ns
Summary: TOTAL: 99
    PASSED: 99, SKIPPED: 0, ERROR: 0
    FAILED: 0
--------------------------------------------------------------------------------------------------
cjpm test success
