[31merror[0m: 'Timeout' is not a member of enum 'NetworkErrorCode'
   [36m==>[0m /home/elliot/playground/Wirestack-pr-worktrees/M8-004-publication/src/net/dns_client_test.cj:797:58:
    [36m| [0m
[36m797[0m [36m| [0m                @Expect(error.code, api.NetworkErrorCode.Timeout)[0m
    [36m| [0m                                                         [31m^ [0m
    [36m| [0m
[34mnote[0m: which is expanded as follows
    [36m| [0m
    [36m| [0m/* 284.549 */                expectEqual("error.code", "api.NetworkErrorCode.Timeout", error.code, api.NetworkErrorCode.Timeout, isDelta: false)[0m
    [36m| [0m                                                                                                                        [34m^^^^^^^ [0m
    [36m| [0m
[34mnote[0m: the error occurs after the macro is expanded
    [36m==>[0m /home/elliot/playground/Wirestack-pr-worktrees/M8-004-publication/src/net/dns_client_test.cj:284:1:
     [36m| [0m
[36m284[0m  [36m| [0m  @Test[0m
     [36m| [0m [34m_[0m[34m^[0m
[36m285[0m  [36m| [0m[34m|[0m class DnsClientWireTest {[0m
     [36m| [0m[34m|[0m ...[0m
[36m1069[0m [36m| [0m[34m|[0m }[0m
     [36m| [0m[34m|[0m[34m_[0m[34m^[0m
     [36m| [0m
[34mnote[0m: the code after the macro is expanded as follows
     [36m| [0m
     [36m| [0m  /* 284.1 */@Attribute[TEST_GENERATED] class DnsClientWireTest <: TestClass {[0m
     [36m| [0m [34m_[0m[34m^[0m
     [36m| [0m[34m|[0m /* 284.2 */    @Attribute[TestCase_0][0m
     [36m| [0m[34m|[0m /* 284.3 */    func publicQueryAndLookupUseRealUdpAndRetainAbsoluteCacheExpiry(): Unit {[0m
     [36m| [0m[34m|[0m /* 284.4 */        let server = UdpSocket.bind(dnsClientTestLoopback(0))[0m
     [36m| [0m[34m|[0m /* 284.5 */        let endpoint = dnsClientTestEndpoint(server)[0m
     [36m| [0m[34m|[0m /* 284.6 */        let serving: Future < Int64 >= spawn { var served: Int64 = 0[0m
     [36m| [0m[34m|[0m /* 284.7 */            while(served < 2) {[0m
     [36m| [0m[34m|[0m /* 284.8 */                let received = server.receive(512, context: api.OperationContext(deadline: Some(api.Deadline.after(Duration.second))))[0m
     [36m| [0m[34m|[0m /* 284.9 */                let _ = server.sendTo(received.source.getOrThrow(), api.ByteSpan(dnsClientTestAResponse(received.payload,[192u8, 0u8, 2u8, 44u8], ttl: 10u32)))[0m
     [36m| [0m[34m|[0m /* 284.10 */                served ++[0m
     [36m| [0m[34m|[0m /* 284.11 */            }[0m
     [36m| [0m[34m|[0m /* 284.12 */            served[0m
     [36m| [0m[34m|[0m /* 284.13 */        }[0m
     [36m| [0m[34m|[0m /* 284.14 */        let client = DnsClient(config: dnsClientTestConfig(endpoint))[0m
     [36m| [0m[34m|[0m /* 284.15 */        try {[0m
     [36m| [0m[34m|[0m /* 284.16 */            let summary = client.query("Example.Test.", DnsRecordType.A)[0m
     [36m| [0m[34m|[0m /* 284.17 */            expectEqual("summary.answerCount", "1", summary.answerCount, 1, isDelta: false)[0m
     [36m| [0m[34m|[0m /* 284.18 */            expectEqual("summary.records[0].data()", "[192u8, 0u8, 2u8, 44u8]", summary.records[0].data(),[192u8, 0u8, 2u8, 44u8], isDelta: false)[0m
     [36m| [0m[34m|[0m /* 284.19 */            let first = client.lookup(api.HostName("example.test"), options: api.ResolveOptions(family: api.ResolveAddressFamily.Ipv4))[0m
     [36m| [0m[34m|[0m /* 284.20 */            let retainedExpiry = first.expiration[0m
     [36m| [0m[34m|[0m /* 284.21 */            let second = client.lookup(api.HostName("example.test"), options: api.ResolveOptions(family: api.ResolveAddressFamily.Ipv4))[0m
     [36m| [0m[34m|[0m /* 284.22 */            expectEqual("first.addresses", "second.addresses", first.addresses, second.addresses, isDelta: false)[0m
     [36m| [0m[34m|[0m /* 284.23 */            expectEqual("second.expiration", "retainedExpiry", second.expiration, retainedExpiry, isDelta: false)[0m
     [36m| [0m[34m|[0m /* 284.24 */            expectEqual("second.addresses[0].toOctets()", "[192u8, 0u8, 2u8, 44u8]", second.addresses[0].toOctets(),[192u8, 0u8, 2u8, 44u8], isDelta: false)[0m
     [36m| [0m[34m|[0m /* 284.25 */            expectEqual("serving.get(Duration.second)", "2", serving.get(Duration.second), 2, isDelta: false)[0m
     [36m| [0m[34m|[0m /* 284.26 */        } finally {[0m
     [36m| [0m[34m|[0m /* 284.27 */            client.close()[0m
     [36m| [0m[34m|[0m /* 284.28 */            server.close()[0m
     [36m| [0m[34m|[0m /* 284.29 */        }[0m
     [36m| [0m[34m|[0m /* 284.30 */    }[0m
     [36m| [0m[34m|[0m /* 284.31 */    [0m
     [36m| [0m[34m|[0m /* 284.32 */    @Attribute[TestCase_1][0m
     [36m| [0m[34m|[0m /* 284.33 */    func publicQueryEncodesEveryModeledRecordType(): Unit {[0m
     [36m| [0m[34m|[0m /* 284.34 */        let server = UdpSocket.bind(dnsClientTestLoopback(0))[0m
     [36m| [0m[34m|[0m /* 284.35 */        let endpoint = dnsClientTestEndpoint(server)[0m
     [36m| [0m[34m|[0m /* 284.36 */        let types =[DnsRecordType.A, DnsRecordType.AAAA, DnsRecordType.CNAME, DnsRecordType.SRV, DnsRecordType.TXT, DnsRecordType.MX, DnsRecordType.PTR, DnsRecordType.SOA, DnsRecordType.Unknown(65280)][0m
     [36m| [0m[34m|[0m /* 284.37 */        let serving: Future < Int64 >= spawn { var served: Int64 = 0[0m
     [36m| [0m[34m|[0m /* 284.38 */            while(served < types.size) {[0m
     [36m| [0m[34m|[0m /* 284.39 */                let received = server.receive(512, context: api.OperationContext(deadline: Some(api.Deadline.after(Duration.second))))[0m
     [36m| [0m[34m|[0m /* 284.40 */                let response = dnsClientTestHeader(received.payload, 0x8180u16).toArray()[0m
     [36m| [0m[34m|[0m /* 284.41 */                let _ = server.sendTo(received.source.getOrThrow(), api.ByteSpan(response))[0m
     [36m| [0m[34m|[0m /* 284.42 */                served ++[0m
     [36m| [0m[34m|[0m /* 284.43 */            }[0m
     [36m| [0m[34m|[0m /* 284.44 */            served[0m
     [36m| [0m[34m|[0m /* 284.45 */        }[0m
     [36m| [0m[34m|[0m /* 284.46 */        let client = DnsClient(config: dnsClientTestConfig(endpoint))[0m
     [36m| [0m[34m|[0m /* 284.47 */        try {[0m
     [36m| [0m[34m|[0m /* 284.48 */            for(recordType in types) {[0m
     [36m| [0m[34m|[0m /* 284.49 */                let summary = client.query("_service._tcp.example.test", recordType)[0m
     [36m| [0m[34m|[0m /* 284.50 */                expectEqual("summary.answerCount", "0", summary.answerCount, 0, isDelta: false)[0m
     [36m| [0m[34m|[0m /* 284.51 */                expectEqual("dnsClientTestTypeCode(summary.questions[0].recordType)", "dnsClientTestTypeCode(recordType)", dnsClientTestTypeCode(summary.questions[0].recordType), dnsClientTestTypeCode(recordType), isDelta: false)[0m
     [36m| [0m[34m|[0m /* 284.52 */            }[0m
     [36m| [0m[34m|[0m /* 284.53 */            expectEqual("serving.get(Duration.second)", "types.size", serving.get(Duration.second), types.size, isDelta: false)[0m
     [36m| [0m[34m|[0m /* 284.54 */        } finally {[0m
     [36m| [0m[34m|[0m /* 284.55 */            client.close()[0m
     [36m| [0m[34m|[0m /* 284.56 */            server.close()[0m
     [36m| [0m[34m|[0m /* 284.57 */        }[0m
     [36m| [0m[34m|[0m /* 284.58 */    }[0m
     [36m| [0m[34m|[0m /* 284.59 */    [0m
     [36m| [0m[34m|[0m /* 284.60 */    @Attribute[TestCase_2][0m
     [36m| [0m[34m|[0m /* 284.61 */    func wrongSourceIdAndQuestionAreIgnoredBeforeValidUdpResponse(): Unit {[0m
     [36m| [0m[34m|[0m /* 284.62 */        let server = UdpSocket.bind(dnsClientTestLoopback(0))[0m
     [36m| [0m[34m|[0m /* 284.63 */        let rogue = UdpSocket.bind(dnsClientTestLoopback(0))[0m
     [36m| [0m[34m|[0m /* 284.64 */        let endpoint = dnsClientTestEndpoint(server)[0m
     [36m| [0m[34m|[0m /* 284.65 */        let serving = spawn { let received = server.receive(512, context: api.OperationContext(deadline: Some(api.Deadline.after(Duration.second))))[0m
     [36m| [0m[34m|[0m /* 284.66 */            let destination = received.source.getOrThrow()[0m
     [36m| [0m[34m|[0m /* 284.67 */            let poison = dnsClientTestAResponse(received.payload,[203u8, 0u8, 113u8, 7u8])[0m
     [36m| [0m[34m|[0m /* 284.68 */            let _ = rogue.sendTo(destination, api.ByteSpan(poison))[0m
     [36m| [0m[34m|[0m /* 284.69 */            let wrongId = poison.clone()[0m
     [36m| [0m[34m|[0m /* 284.70 */            wrongId[1] = wrongId[1] ^ 1u8[0m
     [36m| [0m[34m|[0m /* 284.71 */            let _ = server.sendTo(destination, api.ByteSpan(wrongId))[0m
     [36m| [0m[34m|[0m /* 284.72 */            let wrongQuestion = poison.clone()[0m
     [36m| [0m[34m|[0m /* 284.73 */            wrongQuestion[received.payload.size - 3] = 28u8[0m
     [36m| [0m[34m|[0m /* 284.74 */            let _ = server.sendTo(destination, api.ByteSpan(wrongQuestion))[0m
     [36m| [0m[34m|[0m /* 284.75 */            let valid = dnsClientTestAResponse(received.payload,[198u8, 51u8, 100u8, 17u8])[0m
     [36m| [0m[34m|[0m /* 284.76 */            let _ = server.sendTo(destination, api.ByteSpan(valid))[0m
     [36m| [0m[34m|[0m /* 284.77 */            true[0m
     [36m| [0m[34m|[0m /* 284.78 */        }[0m
     [36m| [0m[34m|[0m /* 284.79 */        let client = DnsClient(config: dnsClientTestConfig(endpoint))[0m
     [36m| [0m[34m|[0m /* 284.80 */        try {[0m
     [36m| [0m[34m|[0m /* 284.81 */            let summary = client.query("identity.test", DnsRecordType.A)[0m
     [36m| [0m[34m|[0m /* 284.82 */            expectEqual("summary.records[0].data()", "[198u8, 51u8, 100u8, 17u8]", summary.records[0].data(),[198u8, 51u8, 100u8, 17u8], isDelta: false)[0m
     [36m| [0m[34m|[0m /* 284.83 */            expectEqual("serving.get(Duration.second)", "true", serving.get(Duration.second), true, isDelta: false)[0m
     [36m| [0m[34m|[0m /* 284.84 */        } finally {[0m
     [36m| [0m[34m|[0m /* 284.85 */            client.close()[0m
     [36m| [0m[34m|[0m /* 284.86 */            rogue.close()[0m
     [36m| [0m[34m|[0m /* 284.87 */            server.close()[0m
     [36m| [0m[34m|[0m /* 284.88 */        }[0m
     [36m| [0m[34m|[0m /* 284.89 */    }[0m
     [36m| [0m[34m|[0m /* 284.90 */    [0m
     [36m| [0m[34m|[0m /* 284.91 */    @Attribute[TestCase_3][0m
     [36m| [0m[34m|[0m /* 284.92 */    func validatedTruncationFallsBackToExactTcpFrame(): Unit {[0m
     [36m| [0m[34m|[0m /* 284.93 */        let udp = UdpSocket.bind(dnsClientTestLoopback(0))[0m
     [36m| [0m[34m|[0m /* 284.94 */        let endpoint = dnsClientTestEndpoint(udp)[0m
     [36m| [0m[34m|[0m /* 284.95 */        let tcp = TcpListener.bind(endpoint)[0m
     [36m| [0m[34m|[0m /* 284.96 */        let udpServing = spawn { let received = udp.receive(512, context: api.OperationContext(deadline: Some(api.Deadline.after(Duration.second))))[0m
     [36m| [0m[34m|[0m /* 284.97 */            let truncated = dnsClientTestHeader(received.payload, 0x8380u16, answers: 1).toArray()[0m
     [36m| [0m[34m|[0m /* 284.98 */            let _ = udp.sendTo(received.source.getOrThrow(), api.ByteSpan(truncated))[0m
     [36m| [0m[34m|[0m /* 284.99 */            true[0m
     [36m| [0m[34m|[0m /* 284.100 */        }[0m
     [36m| [0m[34m|[0m /* 284.101 */        let tcpServing = spawn { let stream = tcp.accept(context: api.OperationContext(deadline: Some(api.Deadline.after(Duration.second))))[0m
     [36m| [0m[34m|[0m /* 284.102 */            try {[0m
     [36m| [0m[34m|[0m /* 284.103 */                let lengthBytes = Array < Byte >(2, repeat: 0u8)[0m
     [36m| [0m[34m|[0m /* 284.104 */                stream.readExact(api.MutableByteSpan(lengthBytes), context: api.OperationContext.background())[0m
     [36m| [0m[34m|[0m /* 284.105 */                let length =(Int64(lengthBytes[0]) << 8) | Int64(lengthBytes[1])[0m
     [36m| [0m[34m|[0m /* 284.106 */                let query = Array < Byte >(length, repeat: 0u8)[0m
     [36m| [0m[34m|[0m /* 284.107 */                stream.readExact(api.MutableByteSpan(query), context: api.OperationContext.background())[0m
     [36m| [0m[34m|[0m /* 284.108 */                let response = dnsClientTestAResponse(query,[192u8, 0u8, 2u8, 91u8])[0m
     [36m| [0m[34m|[0m /* 284.109 */                stream.writeAll(api.ByteSpan(dnsClientTestTcpFrame(response)), context: api.OperationContext.background())[0m
     [36m| [0m[34m|[0m /* 284.110 */                true[0m
     [36m| [0m[34m|[0m /* 284.111 */            } finally {[0m
     [36m| [0m[34m|[0m /* 284.112 */                stream.close()[0m
     [36m| [0m[34m|[0m /* 284.113 */            }[0m
     [36m| [0m[34m|[0m /* 284.114 */        }[0m
     [36m| [0m[34m|[0m /* 284.115 */        let client = DnsClient(config: dnsClientTestConfig(endpoint))[0m
     [36m| [0m[34m|[0m /* 284.116 */        try {[0m
     [36m| [0m[34m|[0m /* 284.117 */            let summary = client.query("tcp.test", DnsRecordType.A)[0m
     [36m| [0m[34m|[0m /* 284.118 */            expectEqual("summary.records[0].data()", "[192u8, 0u8, 2u8, 91u8]", summary.records[0].data(),[192u8, 0u8, 2u8, 91u8], isDelta: false)[0m
     [36m| [0m[34m|[0m /* 284.119 */            expectEqual("udpServing.get(Duration.second)", "true", udpServing.get(Duration.second), true, isDelta: false)[0m
     [36m| [0m[34m|[0m /* 284.120 */            expectEqual("tcpServing.get(Duration.second)", "true", tcpServing.get(Duration.second), true, isDelta: false)[0m
     [36m| [0m[34m|[0m /* 284.121 */        } finally {[0m
     [36m| [0m[34m|[0m /* 284.122 */            client.close()[0m
     [36m| [0m[34m|[0m /* 284.123 */            tcp.close()[0m
     [36m| [0m[34m|[0m /* 284.124 */            udp.close()[0m
     [36m| [0m[34m|[0m /* 284.125 */        }[0m
     [36m| [0m[34m|[0m /* 284.126 */    }[0m
     [36m| [0m[34m|[0m /* 284.127 */    [0m
     [36m| [0m[34m|[0m /* 284.128 */    @Attribute[TestCase_4][0m
     [36m| [0m[34m|[0m /* 284.129 */    func activeCancellationRetainsNameserverWithoutRetry(): Unit {[0m
     [36m| [0m[34m|[0m /* 284.130 */        let first = UdpSocket.bind(dnsClientTestLoopback(0))[0m
     [36m| [0m[34m|[0m /* 284.131 */        let second = UdpSocket.bind(dnsClientTestLoopback(0))[0m
     [36m| [0m[34m|[0m /* 284.132 */        let firstEndpoint = dnsClientTestEndpoint(first)[0m
     [36m| [0m[34m|[0m /* 284.133 */        let cancellation = api.CancellationSource()[0m
     [36m| [0m[34m|[0m /* 284.134 */        let serving = spawn { let _ = first.receive(512, context: api.OperationContext(deadline: Some(api.Deadline.after(Duration.second))))[0m
     [36m| [0m[34m|[0m /* 284.135 */            cancellation.cancel()[0m
     [36m| [0m[34m|[0m /* 284.136 */            true[0m
     [36m| [0m[34m|[0m /* 284.137 */        }[0m
     [36m| [0m[34m|[0m /* 284.138 */        let client = DnsClient(config: DnsResolverConfig(nameservers:[firstEndpoint, dnsClientTestEndpoint(second)], attempts: 2))[0m
     [36m| [0m[34m|[0m /* 284.139 */        try {[0m
     [36m| [0m[34m|[0m /* 284.140 */            let error = try {[0m
     [36m| [0m[34m|[0m /* 284.141 */                try {[0m
     [36m| [0m[34m|[0m /* 284.142 */                    assertEqual("true", "true", true, true)[0m
     [36m| [0m[34m|[0m /* 284.143 */                    client.query("cancel-failover.test", DnsRecordType.A, context: api.OperationContext(cancellation: cancellation.token))[0m
     [36m| [0m[34m|[0m /* 284.144 */                    fail("@AssertThrows: Expected 'api.ResolveException' was not caught.")[0m
     [36m| [0m[34m|[0m /* 284.145 */                } catch(e: api.ResolveException) {[0m
     [36m| [0m[34m|[0m /* 284.146 */                    if(e is AssertException) {[0m
     [36m| [0m[34m|[0m /* 284.147 */                        throw e[0m
     [36m| [0m[34m|[0m /* 284.148 */                    }[0m
     [36m| [0m[34m|[0m /* 284.149 */                    if(e is AssertIntermediateException) {[0m
     [36m| [0m[34m|[0m /* 284.150 */                        throw e[0m
     [36m| [0m[34m|[0m /* 284.151 */                    }[0m
     [36m| [0m[34m|[0m /* 284.152 */                    if(e is UnittestTimeoutException) {[0m
     [36m| [0m[34m|[0m /* 284.153 */                        throw e[0m
     [36m| [0m[34m|[0m /* 284.154 */                    }[0m
     [36m| [0m[34m|[0m /* 284.155 */                    e[0m
     [36m| [0m[34m|[0m /* 284.156 */                }[0m
     [36m| [0m[34m|[0m /* 284.157 */            } catch(e: Exception) {[0m
     [36m| [0m[34m|[0m /* 284.158 */                if(e is AssertException || e is AssertIntermediateException || e is UnittestTimeoutException) {[0m
     [36m| [0m[34m|[0m /* 284.159 */                    throw e[0m
     [36m| [0m[34m|[0m /* 284.160 */                }[0m
     [36m| [0m[34m|[0m /* 284.161 */                assertCaughtUnexpectedE("@AssertThrows(api.ResolveException)", "api.ResolveException", e.toString())[0m
     [36m| [0m[34m|[0m /* 284.162 */            }[0m
     [36m| [0m[34m|[0m /* 284.163 */            [0m
     [36m| [0m[34m|[0m /* 284.164 */            expectEqual("dnsClientTestCodeIs(error.resolveCode, api.ResolveErrorCode.Cancelled)", "true", dnsClientTestCodeIs(error.resolveCode, api.ResolveErrorCode.Cancelled), true, isDelta: false)[0m
     [36m| [0m[34m|[0m /* 284.165 */            match(error.remoteEndpoint) {[0m
     [36m| [0m[34m|[0m /* 284.166 */                case Some(api.NetworkEndpoint.Internet(remote)) => expectEqual("remote", "firstEndpoint", remote, firstEndpoint, isDelta: false)[0m
     [36m| [0m[34m|[0m /* 284.167 */                case _ => fail("active DNS cancellation lost its nameserver")[0m
     [36m| [0m[34m|[0m /* 284.168 */            }[0m
     [36m| [0m[34m|[0m /* 284.169 */            expectEqual("serving.get(Duration.second)", "true", serving.get(Duration.second), true, isDelta: false)[0m
     [36m| [0m[34m|[0m /* 284.170 */            let noRetry = try {[0m
     [36m| [0m[34m|[0m /* 284.171 */                try {[0m
     [36m| [0m[34m|[0m /* 284.172 */                    assertEqual("true", "true", true, true)[0m
     [36m| [0m[34m|[0m /* 284.173 */                    second.receive(512, context: api.OperationContext(deadline: Some(api.Deadline.after(50 * Duration.millisecond))))[0m
     [36m| [0m[34m|[0m /* 284.174 */                    fail("@AssertThrows: Expected 'api.NetworkException' was not caught.")[0m
     [36m| [0m[34m|[0m /* 284.175 */                } catch(e: api.NetworkException) {[0m
     [36m| [0m[34m|[0m /* 284.176 */                    if(e is AssertException) {[0m
     [36m| [0m[34m|[0m /* 284.177 */                        throw e[0m
     [36m| [0m[34m|[0m /* 284.178 */                    }[0m
     [36m| [0m[34m|[0m /* 284.179 */                    if(e is AssertIntermediateException) {[0m
     [36m| [0m[34m|[0m /* 284.180 */                        throw e[0m
     [36m| [0m[34m|[0m /* 284.181 */                    }[0m
     [36m| [0m[34m|[0m /* 284.182 */                    if(e is UnittestTimeoutException) {[0m
     [36m| [0m[34m|[0m /* 284.183 */                        throw e[0m
     [36m| [0m[34m|[0m /* 284.184 */                    }[0m
     [36m| [0m[34m|[0m /* 284.185 */                    e[0m
     [36m| [0m[34m|[0m /* 284.186 */                }[0m
     [36m| [0m[34m|[0m /* 284.187 */            } catch(e: Exception) {[0m
     [36m| [0m[34m|[0m /* 284.188 */                if(e is AssertException || e is AssertIntermediateException || e is UnittestTimeoutException) {[0m
     [36m| [0m[34m|[0m /* 284.189 */                    throw e[0m
     [36m| [0m[34m|[0m /* 284.190 */                }[0m
     [36m| [0m[34m|[0m /* 284.191 */                assertCaughtUnexpectedE("@AssertThrows(api.NetworkException)", "api.NetworkException", e.toString())[0m
     [36m| [0m[34m|[0m /* 284.192 */            }[0m
     [36m| [0m[34m|[0m /* 284.193 */            [0m
     [36m| [0m[34m|[0m /* 284.194 */            expectEqual("match(noRetry.code) {\n    case api.NetworkErrorCode.TimedOut => true\n    case _ => false\n}", "true", match(noRetry.code) {[0m
     [36m| [0m[34m|[0m /* 284.195 */                case api.NetworkErrorCode.TimedOut => true[0m
     [36m| [0m[34m|[0m /* 284.196 */                case _ => false[0m
     [36m| [0m[34m|[0m /* 284.197 */            }, true, isDelta: false)[0m
     [36m| [0m[34m|[0m /* 284.198 */        } finally {[0m
     [36m| [0m[34m|[0m /* 284.199 */            client.close()[0m
     [36m| [0m[34m|[0m /* 284.200 */            second.close()[0m
     [36m| [0m[34m|[0m /* 284.201 */            first.close()[0m
     [36m| [0m[34m|[0m /* 284.202 */        }[0m
     [36m| [0m[34m|[0m /* 284.203 */    }[0m
     [36m| [0m[34m|[0m /* 284.204 */    [0m
     [36m| [0m[34m|[0m /* 284.205 */    @Attribute[TestCase_5][0m
     [36m| [0m[34m|[0m /* 284.206 */    func silentDnsAttemptsLeaveBudgetForServerAndPassFailover(): Unit {[0m
     [36m| [0m[34m|[0m /* 284.207 */        for(retrySameServer in[false, true]) {[0m
     [36m| [0m[34m|[0m /* 284.208 */            let first = UdpSocket.bind(dnsClientTestLoopback(0))[0m
     [36m| [0m[34m|[0m /* 284.209 */            let responder = if(retrySameServer) {[0m
     [36m| [0m[34m|[0m /* 284.210 */                first[0m
     [36m| [0m[34m|[0m /* 284.211 */            }[0m
     [36m| [0m[34m|[0m /* 284.212 */            else {[0m
     [36m| [0m[34m|[0m /* 284.213 */                UdpSocket.bind(dnsClientTestLoopback(0))[0m
     [36m| [0m[34m|[0m /* 284.214 */            }[0m
     [36m| [0m[34m|[0m /* 284.215 */            [0m
     [36m| [0m[34m|[0m /* 284.216 */            let firstEndpoint = dnsClientTestEndpoint(first)[0m
     [36m| [0m[34m|[0m /* 284.217 */            let responderEndpoint = dnsClientTestEndpoint(responder)[0m
     [36m| [0m[34m|[0m /* 284.218 */            let serving = spawn { let peerContext = api.OperationContext(deadline: Some(api.Deadline.after(2 * Duration.second)))[0m
     [36m| [0m[34m|[0m /* 284.219 */                if(retrySameServer) {[0m
     [36m| [0m[34m|[0m /* 284.220 */                    let _ = first.receive(512, context: peerContext)[0m
     [36m| [0m[34m|[0m /* 284.221 */                }[0m
     [36m| [0m[34m|[0m /* 284.222 */                let query = responder.receive(512, context: peerContext)[0m
     [36m| [0m[34m|[0m /* 284.223 */                let _ = responder.sendTo(query.source.getOrThrow(), api.ByteSpan(dnsClientTestAResponse(query.payload,[192u8, 0u8, 2u8, 88u8])))[0m
     [36m| [0m[34m|[0m /* 284.224 */                true[0m
     [36m| [0m[34m|[0m /* 284.225 */            }[0m
     [36m| [0m[34m|[0m /* 284.226 */            let nameservers = if(retrySameServer) {[0m
     [36m| [0m[34m|[0m /* 284.227 */                [firstEndpoint][0m
     [36m| [0m[34m|[0m /* 284.228 */            }[0m
     [36m| [0m[34m|[0m /* 284.229 */            else {[0m
     [36m| [0m[34m|[0m /* 284.230 */                [firstEndpoint, responderEndpoint][0m
     [36m| [0m[34m|[0m /* 284.231 */            }[0m
     [36m| [0m[34m|[0m /* 284.232 */            [0m
     [36m| [0m[34m|[0m /* 284.233 */            let client = DnsClient(config: DnsResolverConfig(nameservers: nameservers, attempts: if(retrySameServer) {[0m
     [36m| [0m[34m|[0m /* 284.234 */                2[0m
     [36m| [0m[34m|[0m /* 284.235 */            }[0m
     [36m| [0m[34m|[0m /* 284.236 */            else {[0m
     [36m| [0m[34m|[0m /* 284.237 */                1[0m
     [36m| [0m[34m|[0m /* 284.238 */            }[0m
     [36m| [0m[34m|[0m /* 284.239 */            , queryTimeout: Duration.second))[0m
     [36m| [0m[34m|[0m /* 284.240 */            let context = api.OperationContext(deadline: Some(api.Deadline.after(500 * Duration.millisecond)))[0m
     [36m| [0m[34m|[0m /* 284.241 */            try {[0m
     [36m| [0m[34m|[0m /* 284.242 */                let response = client.query("failover.test", DnsRecordType.A, context: context)[0m
     [36m| [0m[34m|[0m /* 284.243 */                expectEqual("response.records[0].data()", "[192u8, 0u8, 2u8, 88u8]", response.records[0].data(),[192u8, 0u8, 2u8, 88u8], isDelta: false)[0m
     [36m| [0m[34m|[0m /* 284.244 */                expectEqual("! context.isDeadlineExceeded()", "true", ! context.isDeadlineExceeded(), true, isDelta: false)[0m
     [36m| [0m[34m|[0m /* 284.245 */                expectEqual("serving.get(Duration.second)", "true", serving.get(Duration.second), true, isDelta: false)[0m
     [36m| [0m[34m|[0m /* 284.246 */            } finally {[0m
     [36m| [0m[34m|[0m /* 284.247 */                client.close()[0m
     [36m| [0m[34m|[0m /* 284.248 */                responder.close()[0m
     [36m| [0m[34m|[0m /* 284.249 */                first.close()[0m
     [36m| [0m[34m|[0m /* 284.250 */            }[0m
     [36m| [0m[34m|[0m /* 284.251 */        }[0m
     [36m| [0m[34m|[0m /* 284.252 */    }[0m
     [36m| [0m[34m|[0m /* 284.253 */    [0m
     [36m| [0m[34m|[0m /* 284.254 */    @Attribute[TestCase_6][0m
     [36m| [0m[34m|[0m /* 284.255 */    func exhaustedResponseCodesRetainTheLastRespondingNameserver(): Unit {[0m
     [36m| [0m[34m|[0m /* 284.256 */        let first = UdpSocket.bind(dnsClientTestLoopback(0))[0m
     [36m| [0m[34m|[0m /* 284.257 */        let second = UdpSocket.bind(dnsClientTestLoopback(0))[0m
     [36m| [0m[34m|[0m /* 284.258 */        let firstEndpoint = dnsClientTestEndpoint(first)[0m
     [36m| [0m[34m|[0m /* 284.259 */        let secondEndpoint = dnsClientTestEndpoint(second)[0m
     [36m| [0m[34m|[0m /* 284.260 */        let serving = spawn { let context = api.OperationContext(deadline: Some(api.Deadline.after(Duration.second)))[0m
     [36m| [0m[34m|[0m /* 284.261 */            let firstQuery = first.receive(512, context: context)[0m
     [36m| [0m[34m|[0m /* 284.262 */            let _ = first.sendTo(firstQuery.source.getOrThrow(), api.ByteSpan(dnsClientTestHeader(firstQuery.payload, 0x8182u16).toArray()))[0m
     [36m| [0m[34m|[0m /* 284.263 */            let secondQuery = second.receive(512, context: context)[0m
     [36m| [0m[34m|[0m /* 284.264 */            let _ = second.sendTo(secondQuery.source.getOrThrow(), api.ByteSpan(dnsClientTestHeader(secondQuery.payload, 0x8185u16).toArray()))[0m
     [36m| [0m[34m|[0m /* 284.265 */            true[0m
     [36m| [0m[34m|[0m /* 284.266 */        }[0m
     [36m| [0m[34m|[0m /* 284.267 */        let client = DnsClient(config: DnsResolverConfig(nameservers:[firstEndpoint, secondEndpoint], attempts: 1))[0m
     [36m| [0m[34m|[0m /* 284.268 */        try {[0m
     [36m| [0m[34m|[0m /* 284.269 */            let error = try {[0m
     [36m| [0m[34m|[0m /* 284.270 */                try {[0m
     [36m| [0m[34m|[0m /* 284.271 */                    assertEqual("true", "true", true, true)[0m
     [36m| [0m[34m|[0m /* 284.272 */                    client.query("refused.test", DnsRecordType.A)[0m
     [36m| [0m[34m|[0m /* 284.273 */                    fail("@AssertThrows: Expected 'api.ResolveException' was not caught.")[0m
     [36m| [0m[34m|[0m /* 284.274 */                } catch(e: api.ResolveException) {[0m
     [36m| [0m[34m|[0m /* 284.275 */                    if(e is AssertException) {[0m
     [36m| [0m[34m|[0m /* 284.276 */                        throw e[0m
     [36m| [0m[34m|[0m /* 284.277 */                    }[0m
     [36m| [0m[34m|[0m /* 284.278 */                    if(e is AssertIntermediateException) {[0m
     [36m| [0m[34m|[0m /* 284.279 */                        throw e[0m
     [36m| [0m[34m|[0m /* 284.280 */                    }[0m
     [36m| [0m[34m|[0m /* 284.281 */                    if(e is UnittestTimeoutException) {[0m
     [36m| [0m[34m|[0m /* 284.282 */                        throw e[0m
     [36m| [0m[34m|[0m /* 284.283 */                    }[0m
     [36m| [0m[34m|[0m /* 284.284 */                    e[0m
     [36m| [0m[34m|[0m /* 284.285 */                }[0m
     [36m| [0m[34m|[0m /* 284.286 */            } catch(e: Exception) {[0m
     [36m| [0m[34m|[0m /* 284.287 */                if(e is AssertException || e is AssertIntermediateException || e is UnittestTimeoutException) {[0m
     [36m| [0m[34m|[0m /* 284.288 */                    throw e[0m
     [36m| [0m[34m|[0m /* 284.289 */                }[0m
     [36m| [0m[34m|[0m /* 284.290 */                assertCaughtUnexpectedE("@AssertThrows(api.ResolveException)", "api.ResolveException", e.toString())[0m
     [36m| [0m[34m|[0m /* 284.291 */            }[0m
     [36m| [0m[34m|[0m /* 284.292 */            [0m
     [36m| [0m[34m|[0m /* 284.293 */            expectEqual("dnsClientTestCodeIs(error.resolveCode, api.ResolveErrorCode.TemporaryFailure)", "true", dnsClientTestCodeIs(error.resolveCode, api.ResolveErrorCode.TemporaryFailure), true, isDelta: false)[0m
     [36m| [0m[34m|[0m /* 284.294 */            match(error.remoteEndpoint) {[0m
     [36m| [0m[34m|[0m /* 284.295 */                case Some(api.NetworkEndpoint.Internet(remote)) => expectEqual("remote", "secondEndpoint", remote, secondEndpoint, isDelta: false)[0m
     [36m| [0m[34m|[0m /* 284.296 */                case _ => fail("DNS RCODE failure lost its responding nameserver")[0m
     [36m| [0m[34m|[0m /* 284.297 */            }[0m
     [36m| [0m[34m|[0m /* 284.298 */            expectEqual("serving.get(Duration.second)", "true", serving.get(Duration.second), true, isDelta: false)[0m
     [36m| [0m[34m|[0m /* 284.299 */        } finally {[0m
     [36m| [0m[34m|[0m /* 284.300 */            client.close()[0m
     [36m| [0m[34m|[0m /* 284.301 */            second.close()[0m
     [36m| [0m[34m|[0m /* 284.302 */            first.close()[0m
     [36m| [0m[34m|[0m /* 284.303 */        }[0m
     [36m| [0m[34m|[0m /* 284.304 */    }[0m
     [36m| [0m[34m|[0m /* 284.305 */    [0m
     [36m| [0m[34m|[0m /* 284.306 */    @Attribute[TestCase_7][0m
     [36m| [0m[34m|[0m /* 284.307 */    func dnsTransportFailuresRetainSelectedNameserver(): Unit {[0m
     [36m| [0m[34m|[0m /* 284.308 */        for(tcpFallback in[false, true]) {[0m
     [36m| [0m[34m|[0m /* 284.309 */            let server = UdpSocket.bind(dnsClientTestLoopback(0))[0m
     [36m| [0m[34m|[0m /* 284.310 */            let endpoint = dnsClientTestEndpoint(server)[0m
     [36m| [0m[34m|[0m /* 284.311 */            let tcp = if(tcpFallback) {[0m
     [36m| [0m[34m|[0m /* 284.312 */                Some(TcpListener.bind(endpoint))[0m
     [36m| [0m[34m|[0m /* 284.313 */            }[0m
     [36m| [0m[34m|[0m /* 284.314 */            else {[0m
     [36m| [0m[34m|[0m /* 284.315 */                None < TcpListener >[0m
     [36m| [0m[34m|[0m /* 284.316 */            }[0m
     [36m| [0m[34m|[0m /* 284.317 */            [0m
     [36m| [0m[34m|[0m /* 284.318 */            let serving = spawn { let received = server.receive(512, context: api.OperationContext(deadline: Some(api.Deadline.after(Duration.second))))[0m
     [36m| [0m[34m|[0m /* 284.319 */                if(let Some(listener) <- tcp) {[0m
     [36m| [0m[34m|[0m /* 284.320 */                    let truncated = dnsClientTestHeader(received.payload, 0x8380u16).toArray()[0m
     [36m| [0m[34m|[0m /* 284.321 */                    let _ = server.sendTo(received.source.getOrThrow(), api.ByteSpan(truncated))[0m
     [36m| [0m[34m|[0m /* 284.322 */                    let stream = listener.accept(context: api.OperationContext(deadline: Some(api.Deadline.after(Duration.second))))[0m
     [36m| [0m[34m|[0m /* 284.323 */                    stream.close()[0m
     [36m| [0m[34m|[0m /* 284.324 */                }[0m
     [36m| [0m[34m|[0m /* 284.325 */                received.source.getOrThrow()[0m
     [36m| [0m[34m|[0m /* 284.326 */            }[0m
     [36m| [0m[34m|[0m /* 284.327 */            let client = DnsClient(config: DnsResolverConfig(nameservers:[endpoint], attempts: 1, queryTimeout: 250 * Duration.millisecond))[0m
     [36m| [0m[34m|[0m /* 284.328 */            try {[0m
     [36m| [0m[34m|[0m /* 284.329 */                let error = try {[0m
     [36m| [0m[34m|[0m /* 284.330 */                    try {[0m
     [36m| [0m[34m|[0m /* 284.331 */                        assertEqual("true", "true", true, true)[0m
     [36m| [0m[34m|[0m /* 284.332 */                        client.query("transport-error.test", DnsRecordType.A)[0m
     [36m| [0m[34m|[0m /* 284.333 */                        fail("@AssertThrows: Expected 'api.ResolveException' was not caught.")[0m
     [36m| [0m[34m|[0m /* 284.334 */                    } catch(e: api.ResolveException) {[0m
     [36m| [0m[34m|[0m /* 284.335 */                        if(e is AssertException) {[0m
     [36m| [0m[34m|[0m /* 284.336 */                            throw e[0m
     [36m| [0m[34m|[0m /* 284.337 */                        }[0m
     [36m| [0m[34m|[0m /* 284.338 */                        if(e is AssertIntermediateException) {[0m
     [36m| [0m[34m|[0m /* 284.339 */                            throw e[0m
     [36m| [0m[34m|[0m /* 284.340 */                        }[0m
     [36m| [0m[34m|[0m /* 284.341 */                        if(e is UnittestTimeoutException) {[0m
     [36m| [0m[34m|[0m /* 284.342 */                            throw e[0m
     [36m| [0m[34m|[0m /* 284.343 */                        }[0m
     [36m| [0m[34m|[0m /* 284.344 */                        e[0m
     [36m| [0m[34m|[0m /* 284.345 */                    }[0m
     [36m| [0m[34m|[0m /* 284.346 */                } catch(e: Exception) {[0m
     [36m| [0m[34m|[0m /* 284.347 */                    if(e is AssertException || e is AssertIntermediateException || e is UnittestTimeoutException) {[0m
     [36m| [0m[34m|[0m /* 284.348 */                        throw e[0m
     [36m| [0m[34m|[0m /* 284.349 */                    }[0m
     [36m| [0m[34m|[0m /* 284.350 */                    assertCaughtUnexpectedE("@AssertThrows(api.ResolveException)", "api.ResolveException", e.toString())[0m
     [36m| [0m[34m|[0m /* 284.351 */                }[0m
     [36m| [0m[34m|[0m /* 284.352 */                [0m
     [36m| [0m[34m|[0m /* 284.353 */                let caller = serving.get(Duration.second)[0m
     [36m| [0m[34m|[0m /* 284.354 */                match(error.remoteEndpoint) {[0m
     [36m| [0m[34m|[0m /* 284.355 */                    case Some(api.NetworkEndpoint.Internet(remote)) => expectEqual("remote", "endpoint", remote, endpoint, isDelta: false)[0m
     [36m| [0m[34m|[0m /* 284.356 */                    case _ => fail("DNS transport error lost the selected nameserver")[0m
     [36m| [0m[34m|[0m /* 284.357 */                }[0m
     [36m| [0m[34m|[0m /* 284.358 */                if(! tcpFallback) {[0m
     [36m| [0m[34m|[0m /* 284.359 */                    expectEqual("dnsClientTestCodeIs(error.resolveCode, api.ResolveErrorCode.Timeout)", "true", dnsClientTestCodeIs(error.resolveCode, api.ResolveErrorCode.Timeout), true, isDelta: false)[0m
     [36m| [0m[34m|[0m /* 284.360 */                    match((error.localEndpoint, caller)) {[0m
     [36m| [0m[34m|[0m /* 284.361 */                        case(Some(api.NetworkEndpoint.Internet(local)), api.NetworkEndpoint.Internet(peer)) => expectEqual("local.port", "peer.port", local.port, peer.port, isDelta: false)[0m
     [36m| [0m[34m|[0m /* 284.362 */                        case _ => fail("DNS receive error lost its local socket")[0m
     [36m| [0m[34m|[0m /* 284.363 */                    }[0m
     [36m| [0m[34m|[0m /* 284.364 */                }[0m
     [36m| [0m[34m|[0m /* 284.365 */                else {[0m
     [36m| [0m[34m|[0m /* 284.366 */                    expectEqual("dnsClientTestCodeIs(error.resolveCode, api.ResolveErrorCode.TemporaryFailure)", "true", dnsClientTestCodeIs(error.resolveCode, api.ResolveErrorCode.TemporaryFailure), true, isDelta: false)[0m
     [36m| [0m[34m|[0m /* 284.367 */                }[0m
     [36m| [0m[34m|[0m /* 284.368 */                expectEqual("error.cause.isSome()", "true", error.cause.isSome(), true, isDelta: false)[0m
     [36m| [0m[34m|[0m /* 284.369 */            } finally {[0m
     [36m| [0m[34m|[0m /* 284.370 */                client.close()[0m
     [36m| [0m[34m|[0m /* 284.371 */                if(let Some(listener) <- tcp) {[0m
     [36m| [0m[34m|[0m /* 284.372 */                    listener.close()[0m
     [36m| [0m[34m|[0m /* 284.373 */                }[0m
     [36m| [0m[34m|[0m /* 284.374 */                server.close()[0m
     [36m| [0m[34m|[0m /* 284.375 */            }[0m
     [36m| [0m[34m|[0m /* 284.376 */        }[0m
     [36m| [0m[34m|[0m /* 284.377 */    }[0m
     [36m| [0m[34m|[0m /* 284.378 */    [0m
     [36m| [0m[34m|[0m /* 284.379 */    @Attribute[TestCase_8][0m
     [36m| [0m[34m|[0m /* 284.380 */    func tcpResponseCannotRemainTruncated(): Unit {[0m
     [36m| [0m[34m|[0m /* 284.381 */        let udp = UdpSocket.bind(dnsClientTestLoopback(0))[0m
     [36m| [0m[34m|[0m /* 284.382 */        let endpoint = dnsClientTestEndpoint(udp)[0m
     [36m| [0m[34m|[0m /* 284.383 */        let tcp = TcpListener.bind(endpoint)[0m
     [36m| [0m[34m|[0m /* 284.384 */        let udpServing = spawn { let received = udp.receive(512, context: api.OperationContext(deadline: Some(api.Deadline.after(Duration.second))))[0m
     [36m| [0m[34m|[0m /* 284.385 */            let truncated = dnsClientTestHeader(received.payload, 0x8380u16).toArray()[0m
     [36m| [0m[34m|[0m /* 284.386 */            let _ = udp.sendTo(received.source.getOrThrow(), api.ByteSpan(truncated))[0m
     [36m| [0m[34m|[0m /* 284.387 */            true[0m
     [36m| [0m[34m|[0m /* 284.388 */        }[0m
     [36m| [0m[34m|[0m /* 284.389 */        let tcpServing = spawn { let stream = tcp.accept(context: api.OperationContext(deadline: Some(api.Deadline.after(Duration.second))))[0m
     [36m| [0m[34m|[0m /* 284.390 */            try {[0m
     [36m| [0m[34m|[0m /* 284.391 */                let lengthBytes = Array < Byte >(2, repeat: 0u8)[0m
     [36m| [0m[34m|[0m /* 284.392 */                stream.readExact(api.MutableByteSpan(lengthBytes), context: api.OperationContext.background())[0m
     [36m| [0m[34m|[0m /* 284.393 */                let length =(Int64(lengthBytes[0]) << 8) | Int64(lengthBytes[1])[0m
     [36m| [0m[34m|[0m /* 284.394 */                let query = Array < Byte >(length, repeat: 0u8)[0m
     [36m| [0m[34m|[0m /* 284.395 */                stream.readExact(api.MutableByteSpan(query), context: api.OperationContext.background())[0m
     [36m| [0m[34m|[0m /* 284.396 */                let stillTruncated = dnsClientTestHeader(query, 0x8380u16).toArray()[0m
     [36m| [0m[34m|[0m /* 284.397 */                stream.writeAll(api.ByteSpan(dnsClientTestTcpFrame(stillTruncated)), context: api.OperationContext.background())[0m
     [36m| [0m[34m|[0m /* 284.398 */                true[0m
     [36m| [0m[34m|[0m /* 284.399 */            } finally {[0m
     [36m| [0m[34m|[0m /* 284.400 */                stream.close()[0m
     [36m| [0m[34m|[0m /* 284.401 */            }[0m
     [36m| [0m[34m|[0m /* 284.402 */        }[0m
     [36m| [0m[34m|[0m /* 284.403 */        let client = DnsClient(config: dnsClientTestConfig(endpoint))[0m
     [36m| [0m[34m|[0m /* 284.404 */        try {[0m
     [36m| [0m[34m|[0m /* 284.405 */            let error = try {[0m
     [36m| [0m[34m|[0m /* 284.406 */                try {[0m
     [36m| [0m[34m|[0m /* 284.407 */                    assertEqual("true", "true", true, true)[0m
     [36m| [0m[34m|[0m /* 284.408 */                    client.query("still-truncated.test", DnsRecordType.A)[0m
     [36m| [0m[34m|[0m /* 284.409 */                    fail("@AssertThrows: Expected 'api.ResolveException' was not caught.")[0m
     [36m| [0m[34m|[0m /* 284.410 */                } catch(e: api.ResolveException) {[0m
     [36m| [0m[34m|[0m /* 284.411 */                    if(e is AssertException) {[0m
     [36m| [0m[34m|[0m /* 284.412 */                        throw e[0m
     [36m| [0m[34m|[0m /* 284.413 */                    }[0m
     [36m| [0m[34m|[0m /* 284.414 */                    if(e is AssertIntermediateException) {[0m
     [36m| [0m[34m|[0m /* 284.415 */                        throw e[0m
     [36m| [0m[34m|[0m /* 284.416 */                    }[0m
     [36m| [0m[34m|[0m /* 284.417 */                    if(e is UnittestTimeoutException) {[0m
     [36m| [0m[34m|[0m /* 284.418 */                        throw e[0m
     [36m| [0m[34m|[0m /* 284.419 */                    }[0m
     [36m| [0m[34m|[0m /* 284.420 */                    e[0m
     [36m| [0m[34m|[0m /* 284.421 */                }[0m
     [36m| [0m[34m|[0m /* 284.422 */            } catch(e: Exception) {[0m
     [36m| [0m[34m|[0m /* 284.423 */                if(e is AssertException || e is AssertIntermediateException || e is UnittestTimeoutException) {[0m
     [36m| [0m[34m|[0m /* 284.424 */                    throw e[0m
     [36m| [0m[34m|[0m /* 284.425 */                }[0m
     [36m| [0m[34m|[0m /* 284.426 */                assertCaughtUnexpectedE("@AssertThrows(api.ResolveException)", "api.ResolveException", e.toString())[0m
     [36m| [0m[34m|[0m /* 284.427 */            }[0m
     [36m| [0m[34m|[0m /* 284.428 */            [0m
     [36m| [0m[34m|[0m /* 284.429 */            expectEqual("dnsClientTestCodeIs(error.resolveCode, api.ResolveErrorCode.SystemFailure)", "true", dnsClientTestCodeIs(error.resolveCode, api.ResolveErrorCode.SystemFailure), true, isDelta: false)[0m
     [36m| [0m[34m|[0m /* 284.430 */            match(error.remoteEndpoint) {[0m
     [36m| [0m[34m|[0m /* 284.431 */                case Some(api.NetworkEndpoint.Internet(remote)) => expectEqual("remote", "endpoint", remote, endpoint, isDelta: false)[0m
     [36m| [0m[34m|[0m /* 284.432 */                case _ => fail("truncated TCP DNS response lost its nameserver")[0m
     [36m| [0m[34m|[0m /* 284.433 */            }[0m
     [36m| [0m[34m|[0m /* 284.434 */            expectEqual("error.cause.isSome()", "true", error.cause.isSome(), true, isDelta: false)[0m
     [36m| [0m[34m|[0m /* 284.435 */            expectEqual("udpServing.get(Duration.second)", "true", udpServing.get(Duration.second), true, isDelta: false)[0m
     [36m| [0m[34m|[0m /* 284.436 */            expectEqual("tcpServing.get(Duration.second)", "true", tcpServing.get(Duration.second), true, isDelta: false)[0m
     [36m| [0m[34m|[0m /* 284.437 */        } finally {[0m
     [36m| [0m[34m|[0m /* 284.438 */            client.close()[0m
     [36m| [0m[34m|[0m /* 284.439 */            tcp.close()[0m
     [36m| [0m[34m|[0m /* 284.440 */            udp.close()[0m
     [36m| [0m[34m|[0m /* 284.441 */        }[0m
     [36m| [0m[34m|[0m /* 284.442 */    }[0m
     [36m| [0m[34m|[0m /* 284.443 */    [0m
     [36m| [0m[34m|[0m /* 284.444 */    @Attribute[TestCase_9][0m
     [36m| [0m[34m|[0m /* 284.445 */    func malformedMatchingResponseAndUnrelatedSectionsCannotPoisonCache(): Unit {[0m
     [36m| [0m[34m|[0m /* 284.446 */        let server = UdpSocket.bind(dnsClientTestLoopback(0))[0m
     [36m| [0m[34m|[0m /* 284.447 */        let endpoint = dnsClientTestEndpoint(server)[0m
     [36m| [0m[34m|[0m /* 284.448 */        let serving = spawn { let first = server.receive(512, context: api.OperationContext(deadline: Some(api.Deadline.after(Duration.second))))[0m
     [36m| [0m[34m|[0m /* 284.449 */            let malformed = dnsClientTestHeader(first.payload, 0x8180u16, answers: 1).toArray()[0m
     [36m| [0m[34m|[0m /* 284.450 */            let _ = server.sendTo(first.source.getOrThrow(), api.ByteSpan(malformed))[0m
     [36m| [0m[34m|[0m /* 284.451 */            let second = server.receive(512, context: api.OperationContext(deadline: Some(api.Deadline.after(Duration.second))))[0m
     [36m| [0m[34m|[0m /* 284.452 */            let _ = server.sendTo(second.source.getOrThrow(), api.ByteSpan(dnsClientTestPoisonedAdditional(second.payload)))[0m
     [36m| [0m[34m|[0m /* 284.453 */            let third = server.receive(512, context: api.OperationContext(deadline: Some(api.Deadline.after(Duration.second))))[0m
     [36m| [0m[34m|[0m /* 284.454 */            let _ = server.sendTo(third.source.getOrThrow(), api.ByteSpan(dnsClientTestAResponse(third.payload,[192u8, 0u8, 2u8, 33u8])))[0m
     [36m| [0m[34m|[0m /* 284.455 */            true[0m
     [36m| [0m[34m|[0m /* 284.456 */        }[0m
     [36m| [0m[34m|[0m /* 284.457 */        let client = DnsClient(config: dnsClientTestConfig(endpoint))[0m
     [36m| [0m[34m|[0m /* 284.458 */        let options = api.ResolveOptions(family: api.ResolveAddressFamily.Ipv4)[0m
     [36m| [0m[34m|[0m /* 284.459 */        try {[0m
     [36m| [0m[34m|[0m /* 284.460 */            let malformed = try {[0m
     [36m| [0m[34m|[0m /* 284.461 */                try {[0m
     [36m| [0m[34m|[0m /* 284.462 */                    assertEqual("true", "true", true, true)[0m
     [36m| [0m[34m|[0m /* 284.463 */                    client.lookup(api.HostName("poison.test"), options: options)[0m
     [36m| [0m[34m|[0m /* 284.464 */                    fail("@AssertThrows: Expected 'api.ResolveException' was not caught.")[0m
     [36m| [0m[34m|[0m /* 284.465 */                } catch(e: api.ResolveException) {[0m
     [36m| [0m[34m|[0m /* 284.466 */                    if(e is AssertException) {[0m
     [36m| [0m[34m|[0m /* 284.467 */                        throw e[0m
     [36m| [0m[34m|[0m /* 284.468 */                    }[0m
     [36m| [0m[34m|[0m /* 284.469 */                    if(e is AssertIntermediateException) {[0m
     [36m| [0m[34m|[0m /* 284.470 */                        throw e[0m
     [36m| [0m[34m|[0m /* 284.471 */                    }[0m
     [36m| [0m[34m|[0m /* 284.472 */                    if(e is UnittestTimeoutException) {[0m
     [36m| [0m[34m|[0m /* 284.473 */                        throw e[0m
     [36m| [0m[34m|[0m /* 284.474 */                    }[0m
     [36m| [0m[34m|[0m /* 284.475 */                    e[0m
     [36m| [0m[34m|[0m /* 284.476 */                }[0m
     [36m| [0m[34m|[0m /* 284.477 */            } catch(e: Exception) {[0m
     [36m| [0m[34m|[0m /* 284.478 */                if(e is AssertException || e is AssertIntermediateException || e is UnittestTimeoutException) {[0m
     [36m| [0m[34m|[0m /* 284.479 */                    throw e[0m
     [36m| [0m[34m|[0m /* 284.480 */                }[0m
     [36m| [0m[34m|[0m /* 284.481 */                assertCaughtUnexpectedE("@AssertThrows(api.ResolveException)", "api.ResolveException", e.toString())[0m
     [36m| [0m[34m|[0m /* 284.482 */            }[0m
     [36m| [0m[34m|[0m /* 284.483 */            [0m
     [36m| [0m[34m|[0m /* 284.484 */            expectEqual("dnsClientTestCodeIs(malformed.resolveCode, api.ResolveErrorCode.SystemFailure)", "true", dnsClientTestCodeIs(malformed.resolveCode, api.ResolveErrorCode.SystemFailure), true, isDelta: false)[0m
     [36m| [0m[34m|[0m /* 284.485 */            match(malformed.remoteEndpoint) {[0m
     [36m| [0m[34m|[0m /* 284.486 */                case Some(api.NetworkEndpoint.Internet(remote)) => expectEqual("remote", "endpoint", remote, endpoint, isDelta: false)[0m
     [36m| [0m[34m|[0m /* 284.487 */                case _ => fail("malformed UDP DNS response lost its nameserver")[0m
     [36m| [0m[34m|[0m /* 284.488 */            }[0m
     [36m| [0m[34m|[0m /* 284.489 */            expectEqual("malformed.cause.isSome()", "true", malformed.cause.isSome(), true, isDelta: false)[0m
     [36m| [0m[34m|[0m /* 284.490 */            let noData = dnsClientTestResolveCode({ =>[0m
     [36m| [0m[34m|[0m /* 284.491 */                let _ = client.lookup(api.HostName("poison.test"), options: options)[0m
     [36m| [0m[34m|[0m /* 284.492 */            })[0m
     [36m| [0m[34m|[0m /* 284.493 */            expectEqual("dnsClientTestCodeIs(noData, api.ResolveErrorCode.NoData)", "true", dnsClientTestCodeIs(noData, api.ResolveErrorCode.NoData), true, isDelta: false)[0m
     [36m| [0m[34m|[0m /* 284.494 */            let valid = client.lookup(api.HostName("poison.test"), options: options)[0m
     [36m| [0m[34m|[0m /* 284.495 */            expectEqual("valid.addresses[0].toOctets()", "[192u8, 0u8, 2u8, 33u8]", valid.addresses[0].toOctets(),[192u8, 0u8, 2u8, 33u8], isDelta: false)[0m
     [36m| [0m[34m|[0m /* 284.496 */            expectEqual("serving.get(Duration.second)", "true", serving.get(Duration.second), true, isDelta: false)[0m
     [36m| [0m[34m|[0m /* 284.497 */        } finally {[0m
     [36m| [0m[34m|[0m /* 284.498 */            client.close()[0m
     [36m| [0m[34m|[0m /* 284.499 */            server.close()[0m
     [36m| [0m[34m|[0m /* 284.500 */        }[0m
     [36m| [0m[34m|[0m /* 284.501 */    }[0m
     [36m| [0m[34m|[0m /* 284.502 */    [0m
     [36m| [0m[34m|[0m /* 284.503 */    @Attribute[TestCase_10][0m
     [36m| [0m[34m|[0m /* 284.504 */    func cnameTraversalUsesAnswerOwnersAndRejectsConflictingTargets(): Unit {[0m
     [36m| [0m[34m|[0m /* 284.505 */        let server = UdpSocket.bind(dnsClientTestLoopback(0))[0m
     [36m| [0m[34m|[0m /* 284.506 */        let endpoint = dnsClientTestEndpoint(server)[0m
     [36m| [0m[34m|[0m /* 284.507 */        let serving: Future < Int64 >= spawn { let first = server.receive(512, context: api.OperationContext(deadline: Some(api.Deadline.after(Duration.second))))[0m
     [36m| [0m[34m|[0m /* 284.508 */            let _ = server.sendTo(first.source.getOrThrow(), api.ByteSpan(dnsClientTestCnameAddressResponse(first.payload, "target.test",[192u8, 0u8, 2u8, 61u8])))[0m
     [36m| [0m[34m|[0m /* 284.509 */            let second = server.receive(512, context: api.OperationContext(deadline: Some(api.Deadline.after(Duration.second))))[0m
     [36m| [0m[34m|[0m /* 284.510 */            let _ = server.sendTo(second.source.getOrThrow(), api.ByteSpan(dnsClientTestConflictingCnames(second.payload)))[0m
     [36m| [0m[34m|[0m /* 284.511 */            2[0m
     [36m| [0m[34m|[0m /* 284.512 */        }[0m
     [36m| [0m[34m|[0m /* 284.513 */        let client = DnsClient(config: dnsClientTestConfig(endpoint))[0m
     [36m| [0m[34m|[0m /* 284.514 */        let options = api.ResolveOptions(family: api.ResolveAddressFamily.Ipv4)[0m
     [36m| [0m[34m|[0m /* 284.515 */        try {[0m
     [36m| [0m[34m|[0m /* 284.516 */            let result = client.lookup(api.HostName("alias.test"), options: options)[0m
     [36m| [0m[34m|[0m /* 284.517 */            expectEqual("result.canonicalHost.ascii", "\"target.test\"", result.canonicalHost.ascii, "target.test", isDelta: false)[0m
     [36m| [0m[34m|[0m /* 284.518 */            expectEqual("result.addresses[0].toOctets()", "[192u8, 0u8, 2u8, 61u8]", result.addresses[0].toOctets(),[192u8, 0u8, 2u8, 61u8], isDelta: false)[0m
     [36m| [0m[34m|[0m /* 284.519 */            let conflict = dnsClientTestResolveCode({ =>[0m
     [36m| [0m[34m|[0m /* 284.520 */                let _ = client.lookup(api.HostName("conflict.test"), options: options)[0m
     [36m| [0m[34m|[0m /* 284.521 */            })[0m
     [36m| [0m[34m|[0m /* 284.522 */            expectEqual("dnsClientTestCodeIs(conflict, api.ResolveErrorCode.SystemFailure)", "true", dnsClientTestCodeIs(conflict, api.ResolveErrorCode.SystemFailure), true, isDelta: false)[0m
     [36m| [0m[34m|[0m /* 284.523 */            expectEqual("serving.get(Duration.second)", "2", serving.get(Duration.second), 2, isDelta: false)[0m
     [36m| [0m[34m|[0m /* 284.524 */        } finally {[0m
     [36m| [0m[34m|[0m /* 284.525 */            client.close()[0m
     [36m| [0m[34m|[0m /* 284.526 */            server.close()[0m
     [36m| [0m[34m|[0m /* 284.527 */        }[0m
     [36m| [0m[34m|[0m /* 284.528 */    }[0m
     [36m| [0m[34m|[0m /* 284.529 */    [0m
     [36m| [0m[34m|[0m /* 284.530 */    @Attribute[TestCase_11][0m
     [36m| [0m[34m|[0m /* 284.531 */    func fullResultCapacityDoesNotQueryAnotherFamily(): Unit {[0m
     [36m| [0m[34m|[0m /* 284.532 */        let server = UdpSocket.bind(dnsClientTestLoopback(0))[0m
     [36m| [0m[34m|[0m /* 284.533 */        let endpoint = dnsClientTestEndpoint(server)[0m
     [36m| [0m[34m|[0m /* 284.534 */        let serving = spawn { let received = server.receive(512, context: api.OperationContext(deadline: Some(api.Deadline.after(Duration.second))))[0m
     [36m| [0m[34m|[0m /* 284.535 */            let _ = server.sendTo(received.source.getOrThrow(), api.ByteSpan(dnsClientTestAResponse(received.payload,[192u8, 0u8, 2u8, 71u8])))[0m
     [36m| [0m[34m|[0m /* 284.536 */        }[0m
     [36m| [0m[34m|[0m /* 284.537 */        let client = DnsClient(config: dnsClientTestConfig(endpoint))[0m
     [36m| [0m[34m|[0m /* 284.538 */        try {[0m
     [36m| [0m[34m|[0m /* 284.539 */            for(_ in 0 .. 2) {[0m
     [36m| [0m[34m|[0m /* 284.540 */                let result = client.lookup(api.HostName("capacity.test"), options: api.ResolveOptions(family: api.ResolveAddressFamily.Any, maxResults: 1))[0m
     [36m| [0m[34m|[0m /* 284.541 */                expectEqual("result.addresses.size", "1", result.addresses.size, 1, isDelta: false)[0m
     [36m| [0m[34m|[0m /* 284.542 */                expectEqual("result.addresses[0].toOctets()", "[192u8, 0u8, 2u8, 71u8]", result.addresses[0].toOctets(),[192u8, 0u8, 2u8, 71u8], isDelta: false)[0m
     [36m| [0m[34m|[0m /* 284.543 */            }[0m
     [36m| [0m[34m|[0m /* 284.544 */            serving.get(Duration.second)[0m
     [36m| [0m[34m|[0m /* 284.545 */            try {[0m
     [36m| [0m[34m|[0m /* 284.546 */                let _ = server.receive(512, context: api.OperationContext(deadline: Some(api.Deadline.after(50 * Duration.millisecond))))[0m
     [36m| [0m[34m|[0m /* 284.547 */                expectEqual("false", "true", false, true, isDelta: false)[0m
     [36m| [0m[34m|[0m /* 284.548 */            } catch(error: api.NetworkException) {[0m
     [36m| [0m[34m|[0m /* 284.549 */                expectEqual("error.code", "api.NetworkErrorCode.Timeout", error.code, api.NetworkErrorCode.Timeout, isDelta: false)[0m
     [36m| [0m[34m|[0m /* 284.550 */            }[0m
     [36m| [0m[34m|[0m /* 284.551 */        } finally {[0m
     [36m| [0m[34m|[0m /* 284.552 */            client.close()[0m
     [36m| [0m[34m|[0m /* 284.553 */            server.close()[0m
     [36m| [0m[34m|[0m /* 284.554 */        }[0m
     [36m| [0m[34m|[0m /* 284.555 */    }[0m
     [36m| [0m[34m|[0m /* 284.556 */    [0m
     [36m| [0m[34m|[0m /* 284.557 */    @Attribute[TestCase_12][0m
     [36m| [0m[34m|[0m /* 284.558 */    func rfc2308CacheRetainsNxdomainVersusNodataWithoutNewPackets(): Unit {[0m
     [36m| [0m[34m|[0m /* 284.559 */        let server = UdpSocket.bind(dnsClientTestLoopback(0))[0m
     [36m| [0m[34m|[0m /* 284.560 */        let endpoint = dnsClientTestEndpoint(server)[0m
     [36m| [0m[34m|[0m /* 284.561 */        let serving: Future < Int64 >= spawn { var served: Int64 = 0[0m
     [36m| [0m[34m|[0m /* 284.562 */            while(served < 3) {[0m
     [36m| [0m[34m|[0m /* 284.563 */                let received = server.receive(512, context: api.OperationContext(deadline: Some(api.Deadline.after(Duration.second))))[0m
     [36m| [0m[34m|[0m /* 284.564 */                let question = DnsMessageParser().parse(received.payload).questions[0][0m
     [36m| [0m[34m|[0m /* 284.565 */                var response = dnsClientTestNegative(received.payload, question.name != "empty.test")[0m
     [36m| [0m[34m|[0m /* 284.566 */                if(question.name == "alias.test") {[0m
     [36m| [0m[34m|[0m /* 284.567 */                    let output = dnsClientTestHeader(received.payload, 0x8183u16, answers: 1, authority: 1)[0m
     [36m| [0m[34m|[0m /* 284.568 */                    dnsClientTestAppendCname(output, "missing.test", 20u32)[0m
     [36m| [0m[34m|[0m /* 284.569 */                    output.add(0u8)[0m
     [36m| [0m[34m|[0m /* 284.570 */                    for(index in(received.payload.size + 2) .. response.size) {[0m
     [36m| [0m[34m|[0m /* 284.571 */                        output.add(response[index])[0m
     [36m| [0m[34m|[0m /* 284.572 */                    }[0m
     [36m| [0m[34m|[0m /* 284.573 */                    response = output.toArray()[0m
     [36m| [0m[34m|[0m /* 284.574 */                }[0m
     [36m| [0m[34m|[0m /* 284.575 */                let _ = server.sendTo(received.source.getOrThrow(), api.ByteSpan(response))[0m
     [36m| [0m[34m|[0m /* 284.576 */                served ++[0m
     [36m| [0m[34m|[0m /* 284.577 */            }[0m
     [36m| [0m[34m|[0m /* 284.578 */            served[0m
     [36m| [0m[34m|[0m /* 284.579 */        }[0m
     [36m| [0m[34m|[0m /* 284.580 */        let client = DnsClient(config: dnsClientTestConfig(endpoint))[0m
     [36m| [0m[34m|[0m /* 284.581 */        let options = api.ResolveOptions(family: api.ResolveAddressFamily.Ipv4)[0m
     [36m| [0m[34m|[0m /* 284.582 */        try {[0m
     [36m| [0m[34m|[0m /* 284.583 */            for(pass in 0 .. 2) {[0m
     [36m| [0m[34m|[0m /* 284.584 */                for(name in["missing.test", "empty.test", "alias.test"]) {[0m
     [36m| [0m[34m|[0m /* 284.585 */                    try {[0m
     [36m| [0m[34m|[0m /* 284.586 */                        let _ = client.lookup(api.HostName(name), options: options)[0m
     [36m| [0m[34m|[0m /* 284.587 */                        expectEqual("false", "true", false, true, isDelta: false)[0m
     [36m| [0m[34m|[0m /* 284.588 */                    } catch(error: api.ResolveException) {[0m
     [36m| [0m[34m|[0m /* 284.589 */                        let expected = if(name == "empty.test") {[0m
     [36m| [0m[34m|[0m /* 284.590 */                            api.ResolveErrorCode.NoData[0m
     [36m| [0m[34m|[0m /* 284.591 */                        }[0m
     [36m| [0m[34m|[0m /* 284.592 */                        else {[0m
     [36m| [0m[34m|[0m /* 284.593 */                            api.ResolveErrorCode.NameNotFound[0m
     [36m| [0m[34m|[0m /* 284.594 */                        }[0m
     [36m| [0m[34m|[0m /* 284.595 */                        [0m
     [36m| [0m[34m|[0m /* 284.596 */                        expectEqual("dnsClientTestCodeIs(error.resolveCode, expected)", "true", dnsClientTestCodeIs(error.resolveCode, expected), true, isDelta: false)[0m
     [36m| [0m[34m|[0m /* 284.597 */                        if(pass == 0) {[0m
     [36m| [0m[34m|[0m /* 284.598 */                            expectEqual("error.remoteEndpoint", "Some(api.NetworkEndpoint.Internet(endpoint))", error.remoteEndpoint, Some(api.NetworkEndpoint.Internet(endpoint)), isDelta: false)[0m
     [36m| [0m[34m|[0m /* 284.599 */                        }[0m
     [36m| [0m[34m|[0m /* 284.600 */                        else {[0m
     [36m| [0m[34m|[0m /* 284.601 */                            expectEqual("error.remoteEndpoint.isNone()", "true", error.remoteEndpoint.isNone(), true, isDelta: false)[0m
     [36m| [0m[34m|[0m /* 284.602 */                        }[0m
     [36m| [0m[34m|[0m /* 284.603 */                    }[0m
     [36m| [0m[34m|[0m /* 284.604 */                }[0m
     [36m| [0m[34m|[0m /* 284.605 */            }[0m
     [36m| [0m[34m|[0m /* 284.606 */            expectEqual("serving.get(Duration.second)", "3", serving.get(Duration.second), 3, isDelta: false)[0m
     [36m| [0m[34m|[0m /* 284.607 */        } finally {[0m
     [36m| [0m[34m|[0m /* 284.608 */            client.close()[0m
     [36m| [0m[34m|[0m /* 284.609 */            server.close()[0m
     [36m| [0m[34m|[0m /* 284.610 */        }[0m
     [36m| [0m[34m|[0m /* 284.611 */    }[0m
     [36m| [0m[34m|[0m /* 284.612 */    [0m
     [36m| [0m[34m|[0m /* 284.613 */    @Attribute[TestCase_13][0m
     [36m| [0m[34m|[0m /* 284.614 */    func zeroTtlNeverCreatesAPositiveCacheEntry(): Unit {[0m
     [36m| [0m[34m|[0m /* 284.615 */        let server = UdpSocket.bind(dnsClientTestLoopback(0))[0m
     [36m| [0m[34m|[0m /* 284.616 */        let endpoint = dnsClientTestEndpoint(server)[0m
     [36m| [0m[34m|[0m /* 284.617 */        let serving: Future < Int64 >= spawn { var served: Int64 = 0[0m
     [36m| [0m[34m|[0m /* 284.618 */            while(served < 2) {[0m
     [36m| [0m[34m|[0m /* 284.619 */                let received = server.receive(512, context: api.OperationContext(deadline: Some(api.Deadline.after(Duration.second))))[0m
     [36m| [0m[34m|[0m /* 284.620 */                let response = dnsClientTestAResponse(received.payload,[192u8, 0u8, 2u8, UInt8(UInt64(served + 1))], ttl: 0u32)[0m
     [36m| [0m[34m|[0m /* 284.621 */                let _ = server.sendTo(received.source.getOrThrow(), api.ByteSpan(response))[0m
     [36m| [0m[34m|[0m /* 284.622 */                served ++[0m
     [36m| [0m[34m|[0m /* 284.623 */            }[0m
     [36m| [0m[34m|[0m /* 284.624 */            served[0m
     [36m| [0m[34m|[0m /* 284.625 */        }[0m
     [36m| [0m[34m|[0m /* 284.626 */        let client = DnsClient(config: dnsClientTestConfig(endpoint))[0m
     [36m| [0m[34m|[0m /* 284.627 */        let options = api.ResolveOptions(family: api.ResolveAddressFamily.Ipv4)[0m
     [36m| [0m[34m|[0m /* 284.628 */        try {[0m
     [36m| [0m[34m|[0m /* 284.629 */            let first = client.lookup(api.HostName("zero.test"), options: options)[0m
     [36m| [0m[34m|[0m /* 284.630 */            let second = client.lookup(api.HostName("zero.test"), options: options)[0m
     [36m| [0m[34m|[0m /* 284.631 */            expectEqual("first.addresses[0].toOctets()", "[192u8, 0u8, 2u8, 1u8]", first.addresses[0].toOctets(),[192u8, 0u8, 2u8, 1u8], isDelta: false)[0m
     [36m| [0m[34m|[0m /* 284.632 */            expectEqual("second.addresses[0].toOctets()", "[192u8, 0u8, 2u8, 2u8]", second.addresses[0].toOctets(),[192u8, 0u8, 2u8, 2u8], isDelta: false)[0m
     [36m| [0m[34m|[0m /* 284.633 */            expectEqual("serving.get(Duration.second)", "2", serving.get(Duration.second), 2, isDelta: false)[0m
     [36m| [0m[34m|[0m /* 284.634 */        } finally {[0m
     [36m| [0m[34m|[0m /* 284.635 */            client.close()[0m
     [36m| [0m[34m|[0m /* 284.636 */            server.close()[0m
     [36m| [0m[34m|[0m /* 284.637 */        }[0m
     [36m| [0m[34m|[0m /* 284.638 */    }[0m
     [36m| [0m[34m|[0m /* 284.639 */    [0m
     [36m| [0m[34m|[0m /* 284.640 */    @Attribute[TestCase_14][0m
     [36m| [0m[34m|[0m /* 284.641 */    func callerCancellationAndClientCloseWakeActiveNativeReceive(): Unit {[0m
     [36m| [0m[34m|[0m /* 284.642 */        let server = UdpSocket.bind(dnsClientTestLoopback(0))[0m
     [36m| [0m[34m|[0m /* 284.643 */        let endpoint = dnsClientTestEndpoint(server)[0m
     [36m| [0m[34m|[0m /* 284.644 */        let firstGate = DnsClientTestGate()[0m
     [36m| [0m[34m|[0m /* 284.645 */        let firstServer = spawn { let _ = server.receive(512, context: api.OperationContext(deadline: Some(api.Deadline.after(Duration.second))))[0m
     [36m| [0m[34m|[0m /* 284.646 */            firstGate.arriveAndWait()[0m
     [36m| [0m[34m|[0m /* 284.647 */        }[0m
     [36m| [0m[34m|[0m /* 284.648 */        let cancellation = api.CancellationSource()[0m
     [36m| [0m[34m|[0m /* 284.649 */        let firstClient = DnsClient(config: dnsClientTestConfig(endpoint))[0m
     [36m| [0m[34m|[0m /* 284.650 */        let cancelled = spawn { dnsClientTestResolveCode({ =>[0m
     [36m| [0m[34m|[0m /* 284.651 */            let _ = firstClient.query("cancel.test", DnsRecordType.A, context: api.OperationContext(cancellation: cancellation.token))[0m
     [36m| [0m[34m|[0m /* 284.652 */        })[0m
     [36m| [0m[34m|[0m /* 284.653 */    }[0m
     [36m| [0m[34m|[0m /* 284.654 */    firstGate.waitForArrival()[0m
     [36m| [0m[34m|[0m /* 284.655 */    cancellation.cancel()[0m
     [36m| [0m[34m|[0m /* 284.656 */    expectEqual("dnsClientTestCodeIs(cancelled.get(Duration.second), api.ResolveErrorCode.Cancelled)", "true", dnsClientTestCodeIs(cancelled.get(Duration.second), api.ResolveErrorCode.Cancelled), true, isDelta: false)[0m
     [36m| [0m[34m|[0m /* 284.657 */    firstGate.release()[0m
     [36m| [0m[34m|[0m /* 284.658 */    firstServer.get(Duration.second)[0m
     [36m| [0m[34m|[0m /* 284.659 */    firstClient.close()[0m
     [36m| [0m[34m|[0m /* 284.660 */    let secondGate = DnsClientTestGate()[0m
     [36m| [0m[34m|[0m /* 284.661 */    let secondServer = spawn { let _ = server.receive(512, context: api.OperationContext(deadline: Some(api.Deadline.after(Duration.second))))[0m
     [36m| [0m[34m|[0m /* 284.662 */        secondGate.arriveAndWait()[0m
     [36m| [0m[34m|[0m /* 284.663 */    }[0m
     [36m| [0m[34m|[0m /* 284.664 */    let secondClient = DnsClient(config: dnsClientTestConfig(endpoint))[0m
     [36m| [0m[34m|[0m /* 284.665 */    let closed = spawn { dnsClientTestResolveCode({ =>[0m
     [36m| [0m[34m|[0m /* 284.666 */        let _ = secondClient.query("close.test", DnsRecordType.A)[0m
     [36m| [0m[34m|[0m /* 284.667 */    })[0m
     [36m| [0m[34m|[0m /* 284.668 */}[0m
     [36m| [0m[34m|[0m /* 284.669 */secondGate.waitForArrival()[0m
     [36m| [0m[34m|[0m /* 284.670 */secondClient.close()[0m
     [36m| [0m[34m|[0m /* 284.671 */expectEqual("dnsClientTestCodeIs(closed.get(Duration.second), api.ResolveErrorCode.Cancelled)", "true", dnsClientTestCodeIs(closed.get(Duration.second), api.ResolveErrorCode.Cancelled), true, isDelta: false)[0m
     [36m| [0m[34m|[0m /* 284.672 */expectEqual("secondClient.isClosed()", "true", secondClient.isClosed(), true, isDelta: false)[0m
     [36m| [0m[34m|[0m /* 284.673 */let afterClose = dnsClientTestResolveCode({ =>[0m
     [36m| [0m[34m|[0m /* 284.674 */    let _ = secondClient.query("after-close.test", DnsRecordType.A)[0m
     [36m| [0m[34m|[0m /* 284.675 */})[0m
     [36m| [0m[34m|[0m /* 284.676 */expectEqual("dnsClientTestCodeIs(afterClose, api.ResolveErrorCode.SystemFailure)", "true", dnsClientTestCodeIs(afterClose, api.ResolveErrorCode.SystemFailure), true, isDelta: false)[0m
     [36m| [0m[34m|[0m /* 284.677 */secondGate.release()[0m
     [36m| [0m[34m|[0m /* 284.678 */secondServer.get(Duration.second)[0m
     [36m| [0m[34m|[0m /* 284.679 */server.close()[0m
     [36m| [0m[34m|[0m /* 284.680 */}[0m
     [36m| [0m[34m|[0m /* 284.681 */[0m
     [36m| [0m[34m|[0m /* 284.682 */@Attribute[TestCase_15][0m
     [36m| [0m[34m|[0m /* 284.683 */func anyFamilyRetainsAddressesWhenTheOtherFamilyFails(): Unit {[0m
     [36m| [0m[34m|[0m /* 284.684 */for((failingType, flags) in[(1, 0x8182u16),(28, 0x8181u16)]) {[0m
     [36m| [0m[34m|[0m /* 284.685 */    let server = UdpSocket.bind(dnsClientTestLoopback(0))[0m
     [36m| [0m[34m|[0m /* 284.686 */    let endpoint = dnsClientTestEndpoint(server)[0m
     [36m| [0m[34m|[0m /* 284.687 */    let serving = spawn { for(_ in 0 .. 2) {[0m
     [36m| [0m[34m|[0m /* 284.688 */        let received = server.receive(512, context: api.OperationContext(deadline: Some(api.Deadline.after(Duration.second))))[0m
     [36m| [0m[34m|[0m /* 284.689 */        let query = received.payload[0m
     [36m| [0m[34m|[0m /* 284.690 */        let kind = Int64(query[query.size - 3])[0m
     [36m| [0m[34m|[0m /* 284.691 */        let response = if(kind == failingType) {[0m
     [36m| [0m[34m|[0m /* 284.692 */            dnsClientTestHeader(query, flags).toArray()[0m
     [36m| [0m[34m|[0m /* 284.693 */        }[0m
     [36m| [0m[34m|[0m /* 284.694 */        else {[0m
     [36m| [0m[34m|[0m /* 284.695 */            let output = dnsClientTestHeader(query, 0x8180u16, answers: 1)[0m
     [36m| [0m[34m|[0m /* 284.696 */            dnsClientTestAppendU16(output, 0xC00C)[0m
     [36m| [0m[34m|[0m /* 284.697 */            dnsClientTestAppendU16(output, kind)[0m
     [36m| [0m[34m|[0m /* 284.698 */            dnsClientTestAppendU16(output, 1)[0m
     [36m| [0m[34m|[0m /* 284.699 */            dnsClientTestAppendU32(output, 30u32)[0m
     [36m| [0m[34m|[0m /* 284.700 */            let bytes = if(kind == 1) {[0m
     [36m| [0m[34m|[0m /* 284.701 */                [192u8, 0u8, 2u8, 44u8][0m
     [36m| [0m[34m|[0m /* 284.702 */            }[0m
     [36m| [0m[34m|[0m /* 284.703 */            else {[0m
     [36m| [0m[34m|[0m /* 284.704 */                Array < Byte >(16, repeat: 1u8)[0m
     [36m| [0m[34m|[0m /* 284.705 */            }[0m
     [36m| [0m[34m|[0m /* 284.706 */            [0m
     [36m| [0m[34m|[0m /* 284.707 */            dnsClientTestAppendU16(output, bytes.size)[0m
     [36m| [0m[34m|[0m /* 284.708 */            for(value in bytes) {[0m
     [36m| [0m[34m|[0m /* 284.709 */                output.add(value)[0m
     [36m| [0m[34m|[0m /* 284.710 */            }[0m
     [36m| [0m[34m|[0m /* 284.711 */            output.toArray()[0m
     [36m| [0m[34m|[0m /* 284.712 */        }[0m
     [36m| [0m[34m|[0m /* 284.713 */        [0m
     [36m| [0m[34m|[0m /* 284.714 */        let _ = server.sendTo(received.source.getOrThrow(), api.ByteSpan(response))[0m
     [36m| [0m[34m|[0m /* 284.715 */    }[0m
     [36m| [0m[34m|[0m /* 284.716 */    true[0m
     [36m| [0m[34m|[0m /* 284.717 */}[0m
     [36m| [0m[34m|[0m /* 284.718 */let client = DnsClient(config: dnsClientTestConfig(endpoint))[0m
     [36m| [0m[34m|[0m /* 284.719 */try {[0m
     [36m| [0m[34m|[0m /* 284.720 */    let result = client.lookup(api.HostName("family.test"))[0m
     [36m| [0m[34m|[0m /* 284.721 */    assertEqual("result.addresses.size", "1", result.addresses.size, 1, isDelta: false)[0m
     [36m| [0m[34m|[0m /* 284.722 */    expectEqual("result.addresses[0].toOctets()", "if(failingType == 1) {\n    Array < Byte >(16, repeat: 1u8)\n}\nelse {\n    [192u8, 0u8, 2u8, 44u8]\n}\n", result.addresses[0].toOctets(), if(failingType == 1) {[0m
     [36m| [0m[34m|[0m /* 284.723 */        Array < Byte >(16, repeat: 1u8)[0m
     [36m| [0m[34m|[0m /* 284.724 */    }[0m
     [36m| [0m[34m|[0m /* 284.725 */    else {[0m
     [36m| [0m[34m|[0m /* 284.726 */        [192u8, 0u8, 2u8, 44u8][0m
     [36m| [0m[34m|[0m /* 284.727 */    }[0m
     [36m| [0m[34m|[0m /* 284.728 */    , isDelta: false)[0m
     [36m| [0m[34m|[0m /* 284.729 */    expectEqual("serving.get(Duration.second)", "true", serving.get(Duration.second), true, isDelta: false)[0m
     [36m| [0m[34m|[0m /* 284.730 */} finally {[0m
     [36m| [0m[34m|[0m /* 284.731 */    client.close()[0m
     [36m| [0m[34m|[0m /* 284.732 */    server.close()[0m
     [36m| [0m[34m|[0m /* 284.733 */}[0m
     [36m| [0m[34m|[0m /* 284.734 */}[0m
     [36m| [0m[34m|[0m /* 284.735 */}[0m
     [36m| [0m[34m|[0m /* 284.736 */[0m
     [36m| [0m[34m|[0m /* 284.737 */@Attribute[TestCase_16][0m
     [36m| [0m[34m|[0m /* 284.738 */func boundedAdmissionRejectsExcessAndCloseWakesQueuedCallers(): Unit {[0m
     [36m| [0m[34m|[0m /* 284.739 */let server = UdpSocket.bind(dnsClientTestLoopback(0))[0m
     [36m| [0m[34m|[0m /* 284.740 */let endpoint = dnsClientTestEndpoint(server)[0m
     [36m| [0m[34m|[0m /* 284.741 */let activeGate = DnsClientTestGate()[0m
     [36m| [0m[34m|[0m /* 284.742 */let serverTask = spawn { let _ = server.receive(512, context: api.OperationContext(deadline: Some(api.Deadline.after(Duration.second))))[0m
     [36m| [0m[34m|[0m /* 284.743 */activeGate.arriveAndWait()[0m
     [36m| [0m[34m|[0m /* 284.744 */}[0m
     [36m| [0m[34m|[0m /* 284.745 */let client = DnsClient(config: dnsClientTestConfig(endpoint), workerCount: 1, queueCapacity: 1)[0m
     [36m| [0m[34m|[0m /* 284.746 */let activeQuery = spawn { dnsClientTestResolveCode({ =>[0m
     [36m| [0m[34m|[0m /* 284.747 */let _ = client.query("active.test", DnsRecordType.A)[0m
     [36m| [0m[34m|[0m /* 284.748 */})[0m
     [36m| [0m[34m|[0m /* 284.749 */}[0m
     [36m| [0m[34m|[0m /* 284.750 */activeGate.waitForArrival()[0m
     [36m| [0m[34m|[0m /* 284.751 */let simultaneous = SyncCounter(4)[0m
     [36m| [0m[34m|[0m /* 284.752 */let completed = DnsClientTestCompletion()[0m
     [36m| [0m[34m|[0m /* 284.753 */let contenders = ArrayList < Future < api.ResolveErrorCode >>()[0m
     [36m| [0m[34m|[0m /* 284.754 */for(index in 0 .. 4) {[0m
     [36m| [0m[34m|[0m /* 284.755 */contenders.add(spawn { simultaneous.dec()[0m
     [36m| [0m[34m|[0m /* 284.756 */simultaneous.waitUntilZero()[0m
     [36m| [0m[34m|[0m /* 284.757 */let code = dnsClientTestResolveCode({ =>[0m
     [36m| [0m[34m|[0m /* 284.758 */    let _ = client.query("queued-${index}.test", DnsRecordType.A, context: api.OperationContext(deadline: Some(api.Deadline.after(Duration.second))))[0m
     [36m| [0m[34m|[0m /* 284.759 */})[0m
     [36m| [0m[34m|[0m /* 284.760 */completed.finish()[0m
     [36m| [0m[34m|[0m /* 284.761 */code[0m
     [36m| [0m[34m|[0m /* 284.762 */})[0m
     [36m| [0m[34m|[0m /* 284.763 */}[0m
     [36m| [0m[34m|[0m /* 284.764 */simultaneous.waitUntilZero()[0m
     [36m| [0m[34m|[0m /* 284.765 */completed.waitFor(3)[0m
     [36m| [0m[34m|[0m /* 284.766 */let closing = spawn { client.close()[0m
     [36m| [0m[34m|[0m /* 284.767 */true[0m
     [36m| [0m[34m|[0m /* 284.768 */}[0m
     [36m| [0m[34m|[0m /* 284.769 */expectEqual("closing.get(Duration.second)", "true", closing.get(Duration.second), true, isDelta: false)[0m
     [36m| [0m[34m|[0m /* 284.770 */expectEqual("dnsClientTestCodeIs(activeQuery.get(Duration.second), api.ResolveErrorCode.Cancelled)", "true", dnsClientTestCodeIs(activeQuery.get(Duration.second), api.ResolveErrorCode.Cancelled), true, isDelta: false)[0m
     [36m| [0m[34m|[0m /* 284.771 */var temporaryFailures: Int64 = 0[0m
     [36m| [0m[34m|[0m /* 284.772 */var cancellations: Int64 = 0[0m
     [36m| [0m[34m|[0m /* 284.773 */for(contender in contenders) {[0m
     [36m| [0m[34m|[0m /* 284.774 */let code = contender.get(Duration.second)[0m
     [36m| [0m[34m|[0m /* 284.775 */match(code) {[0m
     [36m| [0m[34m|[0m /* 284.776 */case api.ResolveErrorCode.TemporaryFailure => temporaryFailures ++[0m
     [36m| [0m[34m|[0m /* 284.777 */case api.ResolveErrorCode.Cancelled => cancellations ++[0m
     [36m| [0m[34m|[0m /* 284.778 */case api.ResolveErrorCode.SystemFailure =>()[0m
     [36m| [0m[34m|[0m /* 284.779 */case _ => fail("bounded contender returned an unexpected resolver error")[0m
     [36m| [0m[34m|[0m /* 284.780 */}[0m
     [36m| [0m[34m|[0m /* 284.781 */}[0m
     [36m| [0m[34m|[0m /* 284.782 */activeGate.release()[0m
     [36m| [0m[34m|[0m /* 284.783 */serverTask.get(Duration.second)[0m
     [36m| [0m[34m|[0m /* 284.784 */server.close()[0m
     [36m| [0m[34m|[0m /* 284.785 */expectEqual("temporaryFailures", "3", temporaryFailures, 3, isDelta: false)[0m
     [36m| [0m[34m|[0m /* 284.786 */expectEqual("cancellations", "1", cancellations, 1, isDelta: false)[0m
     [36m| [0m[34m|[0m /* 284.787 */}[0m
     [36m| [0m[34m|[0m /* 284.788 */[0m
     [36m| [0m[34m|[0m /* 284.789 */init() {[0m
     [36m| [0m[34m|[0m /* 284.790 */}[0m
     [36m| [0m[34m|[0m /* 284.791 */private func classConfiguration(): Configuration {[0m
     [36m| [0m[34m|[0m /* 284.792 */let configuration = Configuration()[0m
     [36m| [0m[34m|[0m /* 284.793 */[0m
     [36m| [0m[34m|[0m /* 284.794 */return configuration[0m
     [36m| [0m[34m|[0m /* 284.795 */}[0m
     [36m| [0m[34m|[0m /* 284.796 */public override func asTestSuite(): TestSuite {[0m
     [36m| [0m[34m|[0m /* 284.797 */[0m
     [36m| [0m[34m|[0m /* 284.798 */let suiteConfiguration = classConfiguration()[0m
     [36m| [0m[34m|[0m /* 284.799 */let suiteBuilder = TestSuite.builder("DnsClientWireTest").configure(suiteConfiguration)[0m
     [36m| [0m[34m|[0m /* 284.800 */[0m
     [36m| [0m[34m|[0m /* 284.801 */{ => let caseConfig = Configuration()[0m
     [36m| [0m[34m|[0m /* 284.802 */[0m
     [36m| [0m[34m|[0m /* 284.803 */let publicQueryAndLookupUseRealUdpAndRetainAbsoluteCacheExpiryTestFunc = { => publicQueryAndLookupUseRealUdpAndRetainAbsoluteCacheExpiry();() }[0m
     [36m| [0m[34m|[0m /* 284.804 */suiteBuilder.add([0m
     [36m| [0m[34m|[0m /* 284.805 */UnitTestCase.create([0m
     [36m| [0m[34m|[0m /* 284.806 */"publicQueryAndLookupUseRealUdpAndRetainAbsoluteCacheExpiry",[0m
     [36m| [0m[34m|[0m /* 284.807 */configuration: caseConfig,[0m
     [36m| [0m[34m|[0m /* 284.808 */body: publicQueryAndLookupUseRealUdpAndRetainAbsoluteCacheExpiryTestFunc[0m
     [36m| [0m[34m|[0m /* 284.809 */)[0m
     [36m| [0m[34m|[0m /* 284.810 */)[0m
     [36m| [0m[34m|[0m /* 284.811 */[0m
     [36m| [0m[34m|[0m /* 284.812 */}()[0m
     [36m| [0m[34m|[0m /* 284.813 */[0m
     [36m| [0m[34m|[0m /* 284.814 */[0m
     [36m| [0m[34m|[0m /* 284.815 */{ => let caseConfig = Configuration()[0m
     [36m| [0m[34m|[0m /* 284.816 */[0m
     [36m| [0m[34m|[0m /* 284.817 */let publicQueryEncodesEveryModeledRecordTypeTestFunc = { => publicQueryEncodesEveryModeledRecordType();() }[0m
     [36m| [0m[34m|[0m /* 284.818 */suiteBuilder.add([0m
     [36m| [0m[34m|[0m /* 284.819 */UnitTestCase.create([0m
     [36m| [0m[34m|[0m /* 284.820 */"publicQueryEncodesEveryModeledRecordType",[0m
     [36m| [0m[34m|[0m /* 284.821 */configuration: caseConfig,[0m
     [36m| [0m[34m|[0m /* 284.822 */body: publicQueryEncodesEveryModeledRecordTypeTestFunc[0m
     [36m| [0m[34m|[0m /* 284.823 */)[0m
     [36m| [0m[34m|[0m /* 284.824 */)[0m
     [36m| [0m[34m|[0m /* 284.825 */[0m
     [36m| [0m[34m|[0m /* 284.826 */}()[0m
     [36m| [0m[34m|[0m /* 284.827 */[0m
     [36m| [0m[34m|[0m /* 284.828 */[0m
     [36m| [0m[34m|[0m /* 284.829 */{ => let caseConfig = Configuration()[0m
     [36m| [0m[34m|[0m /* 284.830 */[0m
     [36m| [0m[34m|[0m /* 284.831 */let wrongSourceIdAndQuestionAreIgnoredBeforeValidUdpResponseTestFunc = { => wrongSourceIdAndQuestionAreIgnoredBeforeValidUdpResponse();() }[0m
     [36m| [0m[34m|[0m /* 284.832 */suiteBuilder.add([0m
     [36m| [0m[34m|[0m /* 284.833 */UnitTestCase.create([0m
     [36m| [0m[34m|[0m /* 284.834 */"wrongSourceIdAndQuestionAreIgnoredBeforeValidUdpResponse",[0m
     [36m| [0m[34m|[0m /* 284.835 */configuration: caseConfig,[0m
     [36m| [0m[34m|[0m /* 284.836 */body: wrongSourceIdAndQuestionAreIgnoredBeforeValidUdpResponseTestFunc[0m
     [36m| [0m[34m|[0m /* 284.837 */)[0m
     [36m| [0m[34m|[0m /* 284.838 */)[0m
     [36m| [0m[34m|[0m /* 284.839 */[0m
     [36m| [0m[34m|[0m /* 284.840 */}()[0m
     [36m| [0m[34m|[0m /* 284.841 */[0m
     [36m| [0m[34m|[0m /* 284.842 */[0m
     [36m| [0m[34m|[0m /* 284.843 */{ => let caseConfig = Configuration()[0m
     [36m| [0m[34m|[0m /* 284.844 */[0m
     [36m| [0m[34m|[0m /* 284.845 */let validatedTruncationFallsBackToExactTcpFrameTestFunc = { => validatedTruncationFallsBackToExactTcpFrame();() }[0m
     [36m| [0m[34m|[0m /* 284.846 */suiteBuilder.add([0m
     [36m| [0m[34m|[0m /* 284.847 */UnitTestCase.create([0m
     [36m| [0m[34m|[0m /* 284.848 */"validatedTruncationFallsBackToExactTcpFrame",[0m
     [36m| [0m[34m|[0m /* 284.849 */configuration: caseConfig,[0m
     [36m| [0m[34m|[0m /* 284.850 */body: validatedTruncationFallsBackToExactTcpFrameTestFunc[0m
     [36m| [0m[34m|[0m /* 284.851 */)[0m
     [36m| [0m[34m|[0m /* 284.852 */)[0m
     [36m| [0m[34m|[0m /* 284.853 */[0m
     [36m| [0m[34m|[0m /* 284.854 */}()[0m
     [36m| [0m[34m|[0m /* 284.855 */[0m
     [36m| [0m[34m|[0m /* 284.856 */[0m
     [36m| [0m[34m|[0m /* 284.857 */{ => let caseConfig = Configuration()[0m
     [36m| [0m[34m|[0m /* 284.858 */[0m
     [36m| [0m[34m|[0m /* 284.859 */let activeCancellationRetainsNameserverWithoutRetryTestFunc = { => activeCancellationRetainsNameserverWithoutRetry();() }[0m
     [36m| [0m[34m|[0m /* 284.860 */suiteBuilder.add([0m
     [36m| [0m[34m|[0m /* 284.861 */UnitTestCase.create([0m
     [36m| [0m[34m|[0m /* 284.862 */"activeCancellationRetainsNameserverWithoutRetry",[0m
     [36m| [0m[34m|[0m /* 284.863 */configuration: caseConfig,[0m
     [36m| [0m[34m|[0m /* 284.864 */body: activeCancellationRetainsNameserverWithoutRetryTestFunc[0m
     [36m| [0m[34m|[0m /* 284.865 */)[0m
     [36m| [0m[34m|[0m /* 284.866 */)[0m
     [36m| [0m[34m|[0m /* 284.867 */[0m
     [36m| [0m[34m|[0m /* 284.868 */}()[0m
     [36m| [0m[34m|[0m /* 284.869 */[0m
     [36m| [0m[34m|[0m /* 284.870 */[0m
     [36m| [0m[34m|[0m /* 284.871 */{ => let caseConfig = Configuration()[0m
     [36m| [0m[34m|[0m /* 284.872 */[0m
     [36m| [0m[34m|[0m /* 284.873 */let silentDnsAttemptsLeaveBudgetForServerAndPassFailoverTestFunc = { => silentDnsAttemptsLeaveBudgetForServerAndPassFailover();() }[0m
     [36m| [0m[34m|[0m /* 284.874 */suiteBuilder.add([0m
     [36m| [0m[34m|[0m /* 284.875 */UnitTestCase.create([0m
     [36m| [0m[34m|[0m /* 284.876 */"silentDnsAttemptsLeaveBudgetForServerAndPassFailover",[0m
     [36m| [0m[34m|[0m /* 284.877 */configuration: caseConfig,[0m
     [36m| [0m[34m|[0m /* 284.878 */body: silentDnsAttemptsLeaveBudgetForServerAndPassFailoverTestFunc[0m
     [36m| [0m[34m|[0m /* 284.879 */)[0m
     [36m| [0m[34m|[0m /* 284.880 */)[0m
     [36m| [0m[34m|[0m /* 284.881 */[0m
     [36m| [0m[34m|[0m /* 284.882 */}()[0m
     [36m| [0m[34m|[0m /* 284.883 */[0m
     [36m| [0m[34m|[0m /* 284.884 */[0m
     [36m| [0m[34m|[0m /* 284.885 */{ => let caseConfig = Configuration()[0m
     [36m| [0m[34m|[0m /* 284.886 */[0m
     [36m| [0m[34m|[0m /* 284.887 */let exhaustedResponseCodesRetainTheLastRespondingNameserverTestFunc = { => exhaustedResponseCodesRetainTheLastRespondingNameserver();() }[0m
     [36m| [0m[34m|[0m /* 284.888 */suiteBuilder.add([0m
     [36m| [0m[34m|[0m /* 284.889 */UnitTestCase.create([0m
     [36m| [0m[34m|[0m /* 284.890 */"exhaustedResponseCodesRetainTheLastRespondingNameserver",[0m
     [36m| [0m[34m|[0m /* 284.891 */configuration: caseConfig,[0m
     [36m| [0m[34m|[0m /* 284.892 */body: exhaustedResponseCodesRetainTheLastRespondingNameserverTestFunc[0m
     [36m| [0m[34m|[0m /* 284.893 */)[0m
     [36m| [0m[34m|[0m /* 284.894 */)[0m
     [36m| [0m[34m|[0m /* 284.895 */[0m
     [36m| [0m[34m|[0m /* 284.896 */}()[0m
     [36m| [0m[34m|[0m /* 284.897 */[0m
     [36m| [0m[34m|[0m /* 284.898 */[0m
     [36m| [0m[34m|[0m /* 284.899 */{ => let caseConfig = Configuration()[0m
     [36m| [0m[34m|[0m /* 284.900 */[0m
     [36m| [0m[34m|[0m /* 284.901 */let dnsTransportFailuresRetainSelectedNameserverTestFunc = { => dnsTransportFailuresRetainSelectedNameserver();() }[0m
     [36m| [0m[34m|[0m /* 284.902 */suiteBuilder.add([0m
     [36m| [0m[34m|[0m /* 284.903 */UnitTestCase.create([0m
     [36m| [0m[34m|[0m /* 284.904 */"dnsTransportFailuresRetainSelectedNameserver",[0m
     [36m| [0m[34m|[0m /* 284.905 */configuration: caseConfig,[0m
     [36m| [0m[34m|[0m /* 284.906 */body: dnsTransportFailuresRetainSelectedNameserverTestFunc[0m
     [36m| [0m[34m|[0m /* 284.907 */)[0m
     [36m| [0m[34m|[0m /* 284.908 */)[0m
     [36m| [0m[34m|[0m /* 284.909 */[0m
     [36m| [0m[34m|[0m /* 284.910 */}()[0m
     [36m| [0m[34m|[0m /* 284.911 */[0m
     [36m| [0m[34m|[0m /* 284.912 */[0m
     [36m| [0m[34m|[0m /* 284.913 */{ => let caseConfig = Configuration()[0m
     [36m| [0m[34m|[0m /* 284.914 */[0m
     [36m| [0m[34m|[0m /* 284.915 */let tcpResponseCannotRemainTruncatedTestFunc = { => tcpResponseCannotRemainTruncated();() }[0m
     [36m| [0m[34m|[0m /* 284.916 */suiteBuilder.add([0m
     [36m| [0m[34m|[0m /* 284.917 */UnitTestCase.create([0m
     [36m| [0m[34m|[0m /* 284.918 */"tcpResponseCannotRemainTruncated",[0m
     [36m| [0m[34m|[0m /* 284.919 */configuration: caseConfig,[0m
     [36m| [0m[34m|[0m /* 284.920 */body: tcpResponseCannotRemainTruncatedTestFunc[0m
     [36m| [0m[34m|[0m /* 284.921 */)[0m
     [36m| [0m[34m|[0m /* 284.922 */)[0m
     [36m| [0m[34m|[0m /* 284.923 */[0m
     [36m| [0m[34m|[0m /* 284.924 */}()[0m
     [36m| [0m[34m|[0m /* 284.925 */[0m
     [36m| [0m[34m|[0m /* 284.926 */[0m
     [36m| [0m[34m|[0m /* 284.927 */{ => let caseConfig = Configuration()[0m
     [36m| [0m[34m|[0m /* 284.928 */[0m
     [36m| [0m[34m|[0m /* 284.929 */let malformedMatchingResponseAndUnrelatedSectionsCannotPoisonCacheTestFunc = { => malformedMatchingResponseAndUnrelatedSectionsCannotPoisonCache();() }[0m
     [36m| [0m[34m|[0m /* 284.930 */suiteBuilder.add([0m
     [36m| [0m[34m|[0m /* 284.931 */UnitTestCase.create([0m
     [36m| [0m[34m|[0m /* 284.932 */"malformedMatchingResponseAndUnrelatedSectionsCannotPoisonCache",[0m
     [36m| [0m[34m|[0m /* 284.933 */configuration: caseConfig,[0m
     [36m| [0m[34m|[0m /* 284.934 */body: malformedMatchingResponseAndUnrelatedSectionsCannotPoisonCacheTestFunc[0m
     [36m| [0m[34m|[0m /* 284.935 */)[0m
     [36m| [0m[34m|[0m /* 284.936 */)[0m
     [36m| [0m[34m|[0m /* 284.937 */[0m
     [36m| [0m[34m|[0m /* 284.938 */}()[0m
     [36m| [0m[34m|[0m /* 284.939 */[0m
     [36m| [0m[34m|[0m /* 284.940 */[0m
     [36m| [0m[34m|[0m /* 284.941 */{ => let caseConfig = Configuration()[0m
     [36m| [0m[34m|[0m /* 284.942 */[0m
     [36m| [0m[34m|[0m /* 284.943 */let cnameTraversalUsesAnswerOwnersAndRejectsConflictingTargetsTestFunc = { => cnameTraversalUsesAnswerOwnersAndRejectsConflictingTargets();() }[0m
     [36m| [0m[34m|[0m /* 284.944 */suiteBuilder.add([0m
     [36m| [0m[34m|[0m /* 284.945 */UnitTestCase.create([0m
     [36m| [0m[34m|[0m /* 284.946 */"cnameTraversalUsesAnswerOwnersAndRejectsConflictingTargets",[0m
     [36m| [0m[34m|[0m /* 284.947 */configuration: caseConfig,[0m
     [36m| [0m[34m|[0m /* 284.948 */body: cnameTraversalUsesAnswerOwnersAndRejectsConflictingTargetsTestFunc[0m
     [36m| [0m[34m|[0m /* 284.949 */)[0m
     [36m| [0m[34m|[0m /* 284.950 */)[0m
     [36m| [0m[34m|[0m /* 284.951 */[0m
     [36m| [0m[34m|[0m /* 284.952 */}()[0m
     [36m| [0m[34m|[0m /* 284.953 */[0m
     [36m| [0m[34m|[0m /* 284.954 */[0m
     [36m| [0m[34m|[0m /* 284.955 */{ => let caseConfig = Configuration()[0m
     [36m| [0m[34m|[0m /* 284.956 */[0m
     [36m| [0m[34m|[0m /* 284.957 */let fullResultCapacityDoesNotQueryAnotherFamilyTestFunc = { => fullResultCapacityDoesNotQueryAnotherFamily();() }[0m
     [36m| [0m[34m|[0m /* 284.958 */suiteBuilder.add([0m
     [36m| [0m[34m|[0m /* 284.959 */UnitTestCase.create([0m
     [36m| [0m[34m|[0m /* 284.960 */"fullResultCapacityDoesNotQueryAnotherFamily",[0m
     [36m| [0m[34m|[0m /* 284.961 */configuration: caseConfig,[0m
     [36m| [0m[34m|[0m /* 284.962 */body: fullResultCapacityDoesNotQueryAnotherFamilyTestFunc[0m
     [36m| [0m[34m|[0m /* 284.963 */)[0m
     [36m| [0m[34m|[0m /* 284.964 */)[0m
     [36m| [0m[34m|[0m /* 284.965 */[0m
     [36m| [0m[34m|[0m /* 284.966 */}()[0m
     [36m| [0m[34m|[0m /* 284.967 */[0m
     [36m| [0m[34m|[0m /* 284.968 */[0m
     [36m| [0m[34m|[0m /* 284.969 */{ => let caseConfig = Configuration()[0m
     [36m| [0m[34m|[0m /* 284.970 */[0m
     [36m| [0m[34m|[0m /* 284.971 */let rfc2308CacheRetainsNxdomainVersusNodataWithoutNewPacketsTestFunc = { => rfc2308CacheRetainsNxdomainVersusNodataWithoutNewPackets();() }[0m
     [36m| [0m[34m|[0m /* 284.972 */suiteBuilder.add([0m
     [36m| [0m[34m|[0m /* 284.973 */UnitTestCase.create([0m
     [36m| [0m[34m|[0m /* 284.974 */"rfc2308CacheRetainsNxdomainVersusNodataWithoutNewPackets",[0m
     [36m| [0m[34m|[0m /* 284.975 */configuration: caseConfig,[0m
     [36m| [0m[34m|[0m /* 284.976 */body: rfc2308CacheRetainsNxdomainVersusNodataWithoutNewPacketsTestFunc[0m
     [36m| [0m[34m|[0m /* 284.977 */)[0m
     [36m| [0m[34m|[0m /* 284.978 */)[0m
     [36m| [0m[34m|[0m /* 284.979 */[0m
     [36m| [0m[34m|[0m /* 284.980 */}()[0m
     [36m| [0m[34m|[0m /* 284.981 */[0m
     [36m| [0m[34m|[0m /* 284.982 */[0m
     [36m| [0m[34m|[0m /* 284.983 */{ => let caseConfig = Configuration()[0m
     [36m| [0m[34m|[0m /* 284.984 */[0m
     [36m| [0m[34m|[0m /* 284.985 */let zeroTtlNeverCreatesAPositiveCacheEntryTestFunc = { => zeroTtlNeverCreatesAPositiveCacheEntry();() }[0m
     [36m| [0m[34m|[0m /* 284.986 */suiteBuilder.add([0m
     [36m| [0m[34m|[0m /* 284.987 */UnitTestCase.create([0m
     [36m| [0m[34m|[0m /* 284.988 */"zeroTtlNeverCreatesAPositiveCacheEntry",[0m
     [36m| [0m[34m|[0m /* 284.989 */configuration: caseConfig,[0m
     [36m| [0m[34m|[0m /* 284.990 */body: zeroTtlNeverCreatesAPositiveCacheEntryTestFunc[0m
     [36m| [0m[34m|[0m /* 284.991 */)[0m
     [36m| [0m[34m|[0m /* 284.992 */)[0m
     [36m| [0m[34m|[0m /* 284.993 */[0m
     [36m| [0m[34m|[0m /* 284.994 */}()[0m
     [36m| [0m[34m|[0m /* 284.995 */[0m
     [36m| [0m[34m|[0m /* 284.996 */[0m
     [36m| [0m[34m|[0m /* 284.997 */{ => let caseConfig = Configuration()[0m
     [36m| [0m[34m|[0m /* 284.998 */[0m
     [36m| [0m[34m|[0m /* 284.999 */let callerCancellationAndClientCloseWakeActiveNativeReceiveTestFunc = { => callerCancellationAndClientCloseWakeActiveNativeReceive();() }[0m
     [36m| [0m[34m|[0m /* 284.1000 */suiteBuilder.add([0m
     [36m| [0m[34m|[0m /* 284.1001 */UnitTestCase.create([0m
     [36m| [0m[34m|[0m /* 284.1002 */"callerCancellationAndClientCloseWakeActiveNativeReceive",[0m
     [36m| [0m[34m|[0m /* 284.1003 */configuration: caseConfig,[0m
     [36m| [0m[34m|[0m /* 284.1004 */body: callerCancellationAndClientCloseWakeActiveNativeReceiveTestFunc[0m
     [36m| [0m[34m|[0m /* 284.1005 */)[0m
     [36m| [0m[34m|[0m /* 284.1006 */)[0m
     [36m| [0m[34m|[0m /* 284.1007 */[0m
     [36m| [0m[34m|[0m /* 284.1008 */}()[0m
     [36m| [0m[34m|[0m /* 284.1009 */[0m
     [36m| [0m[34m|[0m /* 284.1010 */[0m
     [36m| [0m[34m|[0m /* 284.1011 */{ => let caseConfig = Configuration()[0m
     [36m| [0m[34m|[0m /* 284.1012 */[0m
     [36m| [0m[34m|[0m /* 284.1013 */let anyFamilyRetainsAddressesWhenTheOtherFamilyFailsTestFunc = { => anyFamilyRetainsAddressesWhenTheOtherFamilyFails();() }[0m
     [36m| [0m[34m|[0m /* 284.1014 */suiteBuilder.add([0m
     [36m| [0m[34m|[0m /* 284.1015 */UnitTestCase.create([0m
     [36m| [0m[34m|[0m /* 284.1016 */"anyFamilyRetainsAddressesWhenTheOtherFamilyFails",[0m
     [36m| [0m[34m|[0m /* 284.1017 */configuration: caseConfig,[0m
     [36m| [0m[34m|[0m /* 284.1018 */body: anyFamilyRetainsAddressesWhenTheOtherFamilyFailsTestFunc[0m
     [36m| [0m[34m|[0m /* 284.1019 */)[0m
     [36m| [0m[34m|[0m /* 284.1020 */)[0m
     [36m| [0m[34m|[0m /* 284.1021 */[0m
     [36m| [0m[34m|[0m /* 284.1022 */}()[0m
     [36m| [0m[34m|[0m /* 284.1023 */[0m
     [36m| [0m[34m|[0m /* 284.1024 */[0m
     [36m| [0m[34m|[0m /* 284.1025 */{ => let caseConfig = Configuration()[0m
     [36m| [0m[34m|[0m /* 284.1026 */[0m
     [36m| [0m[34m|[0m /* 284.1027 */let boundedAdmissionRejectsExcessAndCloseWakesQueuedCallersTestFunc = { => boundedAdmissionRejectsExcessAndCloseWakesQueuedCallers();() }[0m
     [36m| [0m[34m|[0m /* 284.1028 */suiteBuilder.add([0m
     [36m| [0m[34m|[0m /* 284.1029 */UnitTestCase.create([0m
     [36m| [0m[34m|[0m /* 284.1030 */"boundedAdmissionRejectsExcessAndCloseWakesQueuedCallers",[0m
     [36m| [0m[34m|[0m /* 284.1031 */configuration: caseConfig,[0m
     [36m| [0m[34m|[0m /* 284.1032 */body: boundedAdmissionRejectsExcessAndCloseWakesQueuedCallersTestFunc[0m
     [36m| [0m[34m|[0m /* 284.1033 */)[0m
     [36m| [0m[34m|[0m /* 284.1034 */)[0m
     [36m| [0m[34m|[0m /* 284.1035 */[0m
     [36m| [0m[34m|[0m /* 284.1036 */}()[0m
     [36m| [0m[34m|[0m /* 284.1037 */[0m
     [36m| [0m[34m|[0m /* 284.1038 */return suiteBuilder.build()[0m
     [36m| [0m[34m|[0m /* 284.1039 */}[0m
     [36m| [0m[34m|[0m /* 284.1040 */private func inheritedFromClassAnnotatedByTestTemplate < T >(): TestSuite where T <: TestClass {[0m
     [36m| [0m[34m|[0m /* 284.1041 */throw Exception("Unreachable code")[0m
     [36m| [0m[34m|[0m /* 284.1042 */}[0m
     [36m| [0m[34m|[0m /* 284.1043 */}[0m
     [36m| [0m[34m|[0m /* 284.1044 */[0m
     [36m| [0m[34m|[0m /* 284.1045 */[0m
     [36m| [0m[34m|[0m /* 284.1046 */interface TestPackageExtension_DnsClientWireTest {[0m
     [36m| [0m[34m|[0m /* 284.1047 */func registerDnsClientWireTest(): Unit[0m
     [36m| [0m[34m|[0m /* 284.1048 */}[0m
     [36m| [0m[34m|[0m /* 284.1049 */extend TestPackage <: TestPackageExtension_DnsClientWireTest {[0m
     [36m| [0m[34m|[0m /* 284.1050 */@Attribute[TEST_REGISTER][0m
     [36m| [0m[34m|[0m /* 284.1051 */public func registerDnsClientWireTest() {[0m
     [36m| [0m[34m|[0m /* 284.1052 */registerSuite({ => DnsClientWireTest().asTestSuite() })[0m
     [36m| [0m[34m|[0m /* 284.1053 */}[0m
     [36m| [0m[34m|[0m /* 284.1054 */}[0m
     [36m| [0m[34m|[0m /* 284.1055 */[0m
     [36m| [0m[34m|[0m[34m_[0m[34m_____________^[0m
     [36m| [0m

[31merror[0m: unable to infer generic argument of this function
    [36m| [0m
    [36m| [0m/* 284.598 */                            expectEqual("error.remoteEndpoint", "Some(api.NetworkEndpoint.Internet(endpoint))", error.remoteEndpoint, Some(api.NetworkEndpoint.Internet(endpoint)), isDelta: false)[0m
    [36m| [0m                                         [31m^^^^^^^^^^^ [0m
    [36m| [0m
[34mnote[0m: the error occurs after the macro is expanded
    [36m==>[0m /home/elliot/playground/Wirestack-pr-worktrees/M8-004-publication/src/net/dns_client_test.cj:284:1:
     [36m| [0m
[36m284[0m  [36m| [0m  @Test[0m
     [36m| [0m [34m_[0m[34m^[0m
[36m285[0m  [36m| [0m[34m|[0m class DnsClientWireTest {[0m
     [36m| [0m[34m|[0m ...[0m
[36m1069[0m [36m| [0m[34m|[0m }[0m
     [36m| [0m[34m|[0m[34m_[0m[34m^[0m
     [36m| [0m
[34mnote[0m: following constraints for type variable 'Generics-T' cannot be solved:
      'Enum-Option<Enum-NetworkEndpoint> <: Generics-T'
      'Generics-T <: Interface-Equatable<Generics-T>'
   [36m==>[0m (package std.unittest)assert.cj:101:25:
[34mnote[0m: constraint 'Enum-Option<Enum-NetworkEndpoint> <: Generics-T' may come from:
    [36m| [0m
    [36m| [0m/* 284.598 */                            expectEqual("error.remoteEndpoint", "Some(api.NetworkEndpoint.Internet(endpoint))", error.remoteEndpoint, Some(api.NetworkEndpoint.Internet(endpoint)), isDelta: false)[0m
    [36m| [0m                                                                                                                             [34m^^^^^^^^^^^^^^^^^^^^ of type 'Enum-Option<Enum-NetworkEndpoint>', should match parameter type 'Generics-T'[0m
    [36m| [0m

2 errors generated, 2 errors printed.
Error: cjpm test failed
