--------------------------------------------------------------------------------------------------
TP: wirestack.net, time elapsed: 208791603 ns, RESULT:
    TCS: DnsClientWireTest, time elapsed: 198926356 ns, RESULT:
    [ PASSED ] CASE: publicQueryAndLookupUseRealUdpAndRetainAbsoluteCacheExpiry (2454536 ns)
    [ PASSED ] CASE: publicQueryEncodesEveryModeledRecordType (8021759 ns)
    [ PASSED ] CASE: wrongSourceIdAndQuestionAreIgnoredBeforeValidUdpResponse (1014699 ns)
    [ PASSED ] CASE: validatedTruncationFallsBackToExactTcpFrame (1340873 ns)
    [ PASSED ] CASE: tcpResponseCannotRemainTruncated (1259719 ns)
    [ PASSED ] CASE: malformedMatchingResponseAndUnrelatedSectionsCannotPoisonCache (3259279 ns)
    [ PASSED ] CASE: cnameTraversalUsesAnswerOwnersAndRejectsConflictingTargets (1945980 ns)
    [ PASSED ] CASE: rfc2308CacheRetainsNxdomainVersusNodataWithoutNewPackets (2509433 ns)
    [ PASSED ] CASE: zeroTtlNeverCreatesAPositiveCacheEntry (2260359 ns)
    [ PASSED ] CASE: callerCancellationAndClientCloseWakeActiveNativeReceive (1809311 ns)
    [ ERROR  ] CASE: anyFamilyRetainsAddressesWhenTheOtherFamilyFails (169469183 ns)
    REASON: An exception has occurred:ResolveException: DNS server reported a temporary failure
	at std.io.IOException.init(std.core.String)(std/io/io_exception.cj:19)
	at wirestack.NetworkException.init(wirestack.NetworkErrorCategory, wirestack.NetworkPhase, wirestack.NetworkErrorCode, std.core.String, wirestack.Retryability, std.core.Option<...>, std.core.Option<...>, std.core.Option<...>, std.core.Option<...>)(/home/elliot/playground/Wirestack-pr-worktrees/M8-004-publication/src/network_error.cj:392)
	at wirestack.ResolveException.init(wirestack.ResolveErrorCode, std.core.String, std.core.Option<...>)(/home/elliot/playground/Wirestack-pr-worktrees/M8-004-publication/src/resolver.cj:245)
	at wirestack.net.DnsClient.queryWire(std.core.String, wirestack.net.DnsRecordType, wirestack.OperationContext)(/home/elliot/playground/Wirestack-pr-worktrees/M8-004-publication/src/net/dns_client.cj:389)
	at wirestack.net.DnsClient.resolveAddressType(std.core.String, wirestack.net.DnsRecordType, wirestack.OperationContext)(/home/elliot/playground/Wirestack-pr-worktrees/M8-004-publication/src/net/dns_client.cj:323)
	at wirestack.net.DnsClient.lookupWire(wirestack.HostName, wirestack.ResolveOptions, wirestack.OperationContext)(/home/elliot/playground/Wirestack-pr-worktrees/M8-004-publication/src/net/dns_client.cj:247)
	at wirestack.net.DnsClient.lookup(wirestack.HostName, wirestack.ResolveOptions, wirestack.OperationContext)(/home/elliot/playground/Wirestack-pr-worktrees/M8-004-publication/src/net/dns_client.cj:150)
	at wirestack.net/test.DnsClientWireTest.anyFamilyRetainsAddressesWhenTheOtherFamilyFails()(/home/elliot/playground/Wirestack-pr-worktrees/M8-004-publication/src/net/dns_client_test.cj:784)
	at wirestack.net/test.DnsClientWireTest.asTestSuite.lambda.10.lambda.0()(/home/elliot/playground/Wirestack-pr-worktrees/M8-004-publication/src/net/dns_client_test.cj:862)
    STDERR:
    An exception has occurred:
    NetworkException: transport is closed
    	 at wirestack.internal.transport_stdnet::networkClosedError(wirestack::NetworkErrorCategory, wirestack::NetworkPhase, std.core::Option<...>, std.core::Option<...>, std.core::Option<...>)(/home/elliot/playground/Wirestack-pr-worktrees/M8-004-publication/src/internal/transport_stdnet/package.cj:1197)
    	 at wirestack.internal.transport_stdnet::StdNetDatagramSocket::mapSocketError(std.net::SocketException, wirestack::OperationContext, wirestack::NetworkErrorCategory, wirestack::NetworkPhase, std.core::Option<...>)(/home/elliot/playground/Wirestack-pr-worktrees/M8-004-publication/src/internal/transport_stdnet/udp_socket.cj:778)
    	 at wirestack.internal.transport_stdnet::StdNetDatagramSocket::receive(Int64, wirestack::OperationContext)(/home/elliot/playground/Wirestack-pr-worktrees/M8-004-publication/src/internal/transport_stdnet/udp_socket.cj:376)
    	 at wirestack.net::DatagramSocketFacadeCore::receive(Int64, wirestack::OperationContext)(/home/elliot/playground/Wirestack-pr-worktrees/M8-004-publication/src/net/datagram_socket_core.cj:122)
    	 at wirestack.net::UdpSocket::receive(Int64, wirestack::OperationContext)(/home/elliot/playground/Wirestack-pr-worktrees/M8-004-publication/src/net/udp_socket.cj:123)
    	 at wirestack.net/test::DnsClientWireTest::anyFamilyRetainsAddressesWhenTheOtherFamilyFails::lambda.0()(/home/elliot/playground/Wirestack-pr-worktrees/M8-004-publication/src/net/dns_client_test.cj:755)
    [ FAILED ] CASE: boundedAdmissionRejectsExcessAndCloseWakesQueuedCallers (1164481 ns)
    Expect Failed: `(cancellations == 1)`
       left: 0
      right: 1

Summary: TOTAL: 85
    PASSED: 10, SKIPPED: 73, ERROR: 1
    FAILED: 1, listed below:
            TCS: DnsClientWireTest, CASE: anyFamilyRetainsAddressesWhenTheOtherFamilyFails
            TCS: DnsClientWireTest, CASE: boundedAdmissionRejectsExcessAndCloseWakesQueuedCallers
--------------------------------------------------------------------------------------------------
Project tests finished, time elapsed: 217028452 ns, RESULT:
TP: wirestack.*, time elapsed: 216933307 ns, RESULT:
    FAILED:
    TP: wirestack.net, time elapsed: 208791603 ns, RESULT:
        TCS: DnsClientWireTest, time elapsed: 198926356 ns, RESULT:
        [ ERROR  ] CASE: anyFamilyRetainsAddressesWhenTheOtherFamilyFails (169469183 ns)
        [ FAILED ] CASE: boundedAdmissionRejectsExcessAndCloseWakesQueuedCallers (1164481 ns)
Summary: TOTAL: 85
    PASSED: 10, SKIPPED: 73, ERROR: 1
    FAILED: 1
--------------------------------------------------------------------------------------------------
