--------------------------------------------------------------------------------------------------
TP: wirestack.net, time elapsed: 1491948265 ns, RESULT:
    TCS: DnsClientWireTest, time elapsed: 932803879 ns, RESULT:
    [ PASSED ] CASE: publicQueryAndLookupUseRealUdpAndRetainAbsoluteCacheExpiry (3265995 ns)
    [ PASSED ] CASE: publicQueryEncodesEveryModeledRecordType (7866379 ns)
    [ PASSED ] CASE: wrongSourceIdAndQuestionAreIgnoredBeforeValidUdpResponse (1021058 ns)
    [ PASSED ] CASE: validatedTruncationFallsBackToExactTcpFrame (1153912 ns)
    [ PASSED ] CASE: activeCancellationRetainsNameserverWithoutRetry (60449609 ns)
    [ PASSED ] CASE: silentDnsAttemptsLeaveBudgetForServerAndPassFailover (503631654 ns)
    [ PASSED ] CASE: exhaustedResponseCodesRetainTheLastRespondingNameserver (1864926 ns)
    [ PASSED ] CASE: unsupportedResponseCodeRetainsRespondingNameserver (958052 ns)
    [ PASSED ] CASE: dnsTransportFailuresRetainSelectedNameserver (252168702 ns)
    [ PASSED ] CASE: tcpResponseCannotRemainTruncated (1347302 ns)
    [ PASSED ] CASE: malformedMatchingResponseAndUnrelatedSectionsCannotPoisonCache (10252446 ns)
    [ PASSED ] CASE: cnameTraversalUsesAnswerOwnersAndRejectsConflictingTargets (6925398 ns)
    [ PASSED ] CASE: fullResultCapacityDoesNotQueryAnotherFamily (60582660 ns)
    [ PASSED ] CASE: rfc2308CacheRetainsNxdomainVersusNodataWithoutNewPackets (2897496 ns)
    [ PASSED ] CASE: zeroTtlNeverCreatesAPositiveCacheEntry (2022705 ns)
    [ PASSED ] CASE: callerCancellationAndClientCloseWakeActiveNativeReceive (3550406 ns)
    [ PASSED ] CASE: anyFamilyRetainsAddressesWhenTheOtherFamilyFails (5379847 ns)
    [ PASSED ] CASE: nameWideNegativeOverridesEarlierFamilyFailure (2574696 ns)
    [ PASSED ] CASE: boundedAdmissionRejectsExcessAndCloseWakesQueuedCallers (1164807 ns)
    TCS: DnsResolverPolicyTest, time elapsed: 289020300 ns, RESULT:
    [ PASSED ] CASE: fromSystemParsesTabsCommentsLastSearchAndClampedNdots (584193 ns)
    [ PASSED ] CASE: directConfigRejectsUnsupportedNameserverZonesBeforeQueries (41057 ns)
    [ PASSED ] CASE: numericNameserverZonesUseCanonicalEndpointIdentity (39408 ns)
    [ PASSED ] CASE: systemNameserversRetainOnlySupportedNumericZones (609696 ns)
    [ PASSED ] CASE: configOwnsInputArraysAndReturnsDefensiveCopies (68379 ns)
    [ PASSED ] CASE: systemFilesFailClosedWhenMissingOversizedOrNonregular (16535069 ns)
    [ PASSED ] CASE: ipv4LiteralsBypassHostsSearchAndNameservers (60352480 ns)
    [ PASSED ] CASE: hostsSnapshotRetainsOnlyUsableIpv6Zones (350385 ns)
    [ PASSED ] CASE: hostsAliasesFilterFamiliesAndRemainSnapshotted (918260 ns)
    [ PASSED ] CASE: trailingRootSkipsSearchWhileNdotsSelectsSearchOrAbsoluteFirst (5032022 ns)
    [ PASSED ] CASE: exactHostsEntryWinsBeforeSearchSuffixDns (200602069 ns)
    [ PASSED ] CASE: cancelledExpiredAndClosedCallsRetainPublicResolveClassifications (331325 ns)
    [ PASSED ] CASE: connectUsesHostsMappingForANativeListenerExchange (738481 ns)
    [ PASSED ] CASE: resolverConnectCarriesOneAbsoluteDeadlineIntoNativeTcpAdmission (512795 ns)
    TCS: DnsWireParserTest, time elapsed: 15377068 ns, RESULT:
    [ PASSED ] CASE: decodesCompressedTargetsBinaryTxtSoaAndUnknownData (218100 ns)
    [ PASSED ] CASE: recordOrderMakesAnswerAuthorityAndAdditionalBoundariesExplicit (81977 ns)
    [ PASSED ] CASE: summariesAndRecordsOwnParserAndConstructorInputs (56733 ns)
    [ PASSED ] CASE: publicSummaryRejectsCountsBeyondWireAndCombinedRecordBounds (10999623 ns)
    [ PASSED ] CASE: parserPreservesQuestionIdentityAndRejectsIncompleteRecords (185744 ns)
    [ PASSED ] CASE: asciiNameProfileRejectsAmbiguousLabels (244910 ns)
    [ PASSED ] CASE: compressionLoopsForwardPointersAndOutOfRangePointersAreRejected (116955 ns)
    [ PASSED ] CASE: expandedNameAndSectionCountsRespectConfiguredBounds (100927 ns)
    [ PASSED ] CASE: completeParserRejectsTrailingAndTruncatedSectionBytes (63906 ns)
    [ PASSED ] CASE: typedRdataLengthsAndTxtSegmentsAreExact (107592 ns)
    [ PASSED ] CASE: compressedRdataNamesCannotConsumeNeighboringRecordBytes (97638 ns)
    [ PASSED ] CASE: srvTargetCompressionIsRejectedEvenWhenPointerIsInBounds (68127 ns)
    [ PASSED ] CASE: summaryConstructorRejectsSectionMetadataThatCouldBlurBoundaries (36684 ns)
    [ PASSED ] CASE: additionalOwnerMayReferenceAuthorityNameserverTarget (153813 ns)
    [ PASSED ] CASE: additionalOwnerMayReferenceSecondLegacyMailboxName (201344 ns)
    TCS: DnsWireFuzzTest, time elapsed: 139802486 ns, RESULT:
    [ PASSED ] CASE: wireMutationsRejectMalformedMessagesOrRetainOwnedSections (139473843 ns)
    TCS: M8002TcpListenerTest, time elapsed: 55521579 ns, RESULT:
    [ PASSED ] CASE: bindRejectsInvalidBacklogAndStoppedContextsWithStructuredErrors (78233 ns)
    [ PASSED ] CASE: bindFailureRetainsPublicCoordinatesAndCause (107518 ns)
    [ PASSED ] CASE: cancelledAndExpiredAcceptsLeaveListenerReusable (23827267 ns)
    [ PASSED ] CASE: acceptedStreamTransfersExactDataInBothDirections (178281 ns)
    [ PASSED ] CASE: overlappingAcceptIsRejectedWithoutCreatingAPendingQueue (30006421 ns)
    [ PASSED ] CASE: stoppedCloseAdmissionHasNoNativeEffectAndListenerRemainsUsable (248144 ns)
    [ PASSED ] CASE: gracefulAndAbortTerminalOwnersAreStableAndWakeAccept (89697 ns)
    TCS: M8002UdpSocketTest, time elapsed: 22207619 ns, RESULT:
    [ PASSED ] CASE: datagramBoundariesAndOwnedPayloadSurviveScratchReuse (158589 ns)
    [ PASSED ] CASE: exactCapacityAndTruncationDiscardOnlyTheCurrentDatagramTail (117390 ns)
    [ PASSED ] CASE: connectedSocketSelectsNativePeerAndFiltersOtherSenders (169304 ns)
    [ PASSED ] CASE: invalidAndUnsupportedInputsLeaveSocketReusable (858641 ns)
    [ PASSED ] CASE: cancellationDeadlineCloseAndAbortRetainDistinctState (20357546 ns)
    TCS: NetworkFoundationContractTest, time elapsed: 36443033 ns, RESULT:
    [ PASSED ] CASE: unixEndpointFormsAreDistinctAndOwned (11426 ns)
    [ PASSED ] CASE: unixEndpointRejectsUnboundedNames (16637 ns)
    [ PASSED ] CASE: rawSocketCapabilityBoundaryRequiresDomainSpecificProtocol (31352 ns)
    [ PASSED ] CASE: cancelledConnectFailsBeforeSocketCreation (38945 ns)
    [ PASSED ] CASE: tcpStreamCancellationDistinguishesUntouchedFromAbortedDelegate (52499 ns)
    [ PASSED ] CASE: tcpStreamGracefulCloseIsRetainedAndIdempotent (18076 ns)
    [ PASSED ] CASE: tcpStreamTerminalCloseSkipsStoppedContextsAndCallerClock (56545 ns)
    [ PASSED ] CASE: tcpStreamNonterminalStoppedCloseAdmissionStillRejects (50448 ns)
    [ PASSED ] CASE: tcpStreamCloseNormalizesContextFailureWithoutTakingOwnership (35738 ns)
    [ PASSED ] CASE: tcpStreamAbortRetainsItsCauseAndConnectionFacts (67723 ns)
    [ PASSED ] CASE: tcpStreamDirectionalShutdownPublishesOnlySuccessfulTransitions (61542 ns)
    [ PASSED ] CASE: tcpStreamReadShutdownRejectsEveryReadPathWithoutLosingWrites (53457 ns)
    [ PASSED ] CASE: tcpStreamWriteShutdownRejectsEveryWritePathWithoutLosingReads (46849 ns)
    [ PASSED ] CASE: tcpStreamEmptyOperationsRemainImmediateAfterDirectionalShutdown (21325 ns)
    [ PASSED ] CASE: tcpStreamReadExactAddsCapturedEndpointsToUnexpectedEof (28495 ns)
    [ PASSED ] CASE: tcpStreamReadKeepsPeerEofGraceful (16284 ns)
    [ PASSED ] CASE: tcpStreamReadExactMergesCapturedAndStructuredEndpointMetadata (39780 ns)
    [ PASSED ] CASE: tcpStreamIoConflictsRetainCapturedEndpointsWithoutClosing (88386 ns)
    [ PASSED ] CASE: tcpStreamDirectionalShutdownDoesNotPromoteWokenIoToFailure (81780 ns)
    [ PASSED ] CASE: tcpStreamFinalShutdownRemainsGracefulWhenItWakesIo (39579 ns)
    [ PASSED ] CASE: tcpStreamFailuresRetainOriginalErrorAndReleaseDelegate (57480 ns)
    [ PASSED ] CASE: tcpStreamRetainsNativeCancellationOwnership (1234632 ns)
    [ PASSED ] CASE: tcpStreamNormalizesUnexpectedDelegateFailures (289488 ns)
    [ PASSED ] CASE: tcpStreamPrecancelledIoCannotClaimAnotherClosesOwnership (99201 ns)
    [ PASSED ] CASE: tcpStreamCancellationOwnershipSurvivesOtherObservers (93368 ns)
    [ PASSED ] CASE: tcpStreamAbortCannotRelabelClaimedGracefulNativeClose (38189 ns)
    [ PASSED ] CASE: tcpStreamAbortOwnershipSurvivesCompetingIoAndLateCloseFailure (67234 ns)
    [ PASSED ] CASE: tcpStreamCancellationBoundsCloseWaitAndLateSuccessRemainsGraceful (80226 ns)
    [ PASSED ] CASE: tcpStreamJoiningBackgroundCloseWaitsForCompletion (28037035 ns)
    [ PASSED ] CASE: tcpStreamDeadlineBoundsCloseWaitAndLateSuccessRemainsGraceful (83513 ns)
    [ PASSED ] CASE: tcpStreamLateCloseFailurePublishesFailedWithoutReplacingCallerCancellation (98984 ns)
    [ PASSED ] CASE: tcpStreamAbortRemainsTerminalWhenDetachedCloseFailsLate (97683 ns)
    [ PASSED ] CASE: tcpStreamCloseKeepsGracefulCauseWhenItWakesARead (53473 ns)
    [ PASSED ] CASE: unsafeOptionValueIsBoundedAndOwnedWithoutApplyingIt (65641 ns)
    [ PASSED ] CASE: datagramResultEnforcesTheIpv4PayloadBound (1478038 ns)
    [ PASSED ] CASE: datagramResultSurvivesReceiveBufferReuse (10466 ns)
Summary: TOTAL: 97
    PASSED: 97, SKIPPED: 0, ERROR: 0
    FAILED: 0
--------------------------------------------------------------------------------------------------
Project tests finished, time elapsed: 1500156349 ns, RESULT:
TP: wirestack.*, time elapsed: 1500040839 ns, RESULT:
    PASSED:
    TP: wirestack.net, time elapsed: 1491948265 ns
Summary: TOTAL: 97
    PASSED: 97, SKIPPED: 0, ERROR: 0
    FAILED: 0
--------------------------------------------------------------------------------------------------
cjpm test success
