--------------------------------------------------------------------------------------------------
TP: wirestack.net, time elapsed: 1483681593 ns, RESULT:
    TCS: DnsClientWireTest, time elapsed: 935515580 ns, RESULT:
    [ PASSED ] CASE: publicQueryAndLookupUseRealUdpAndRetainAbsoluteCacheExpiry (3944254 ns)
    [ PASSED ] CASE: publicQueryEncodesEveryModeledRecordType (14486166 ns)
    [ PASSED ] CASE: wrongSourceIdAndQuestionAreIgnoredBeforeValidUdpResponse (1828293 ns)
    [ PASSED ] CASE: validatedTruncationFallsBackToExactTcpFrame (1937593 ns)
    [ PASSED ] CASE: activeCancellationRetainsNameserverWithoutRetry (60430303 ns)
    [ PASSED ] CASE: silentDnsAttemptsLeaveBudgetForServerAndPassFailover (503372671 ns)
    [ PASSED ] CASE: exhaustedResponseCodesRetainTheLastRespondingNameserver (3366188 ns)
    [ PASSED ] CASE: unsupportedResponseCodeRetainsRespondingNameserver (1767359 ns)
    [ PASSED ] CASE: dnsTransportFailuresRetainSelectedNameserver (252834204 ns)
    [ PASSED ] CASE: tcpResponseCannotRemainTruncated (2047980 ns)
    [ PASSED ] CASE: malformedMatchingResponseAndUnrelatedSectionsCannotPoisonCache (2679530 ns)
    [ PASSED ] CASE: cnameTraversalUsesAnswerOwnersAndRejectsConflictingTargets (2433563 ns)
    [ PASSED ] CASE: fullResultCapacityDoesNotQueryAnotherFamily (60434706 ns)
    [ PASSED ] CASE: rfc2308CacheRetainsNxdomainVersusNodataWithoutNewPackets (3005844 ns)
    [ PASSED ] CASE: zeroTtlNeverCreatesAPositiveCacheEntry (1923917 ns)
    [ PASSED ] CASE: callerCancellationAndClientCloseWakeActiveNativeReceive (2333720 ns)
    [ PASSED ] CASE: anyFamilyRetainsAddressesWhenTheOtherFamilyFails (3746310 ns)
    [ PASSED ] CASE: crossFamilyConflictsRetainTheLivePeerAlongsideCachedResults (3785808 ns)
    [ PASSED ] CASE: nameWideNegativeOverridesEarlierFamilyFailure (1864455 ns)
    [ PASSED ] CASE: boundedAdmissionRejectsExcessAndCloseWakesQueuedCallers (934304 ns)
    [ FAILED ] CASE: noncacheableNxdomainStopsOtherFamilyQueries (1892600 ns)
    Assert Failed: `(@AssertThrows: Expected 'api.ResolveException' was not caught.)`

    TCS: DnsResolverPolicyTest, time elapsed: 284811891 ns, RESULT:
    [ PASSED ] CASE: fromSystemParsesTabsCommentsLastSearchAndClampedNdots (318841 ns)
    [ PASSED ] CASE: directConfigRejectsUnsupportedNameserverZonesBeforeQueries (35615 ns)
    [ PASSED ] CASE: numericNameserverZonesUseCanonicalEndpointIdentity (40403 ns)
    [ PASSED ] CASE: systemNameserversRetainOnlySupportedNumericZones (270861 ns)
    [ PASSED ] CASE: equivalentNameserverScopesDoNotConsumeTheServerLimit (206570 ns)
    [ PASSED ] CASE: configOwnsInputArraysAndReturnsDefensiveCopies (39367 ns)
    [ PASSED ] CASE: systemFilesFailClosedWhenMissingOversizedOrNonregular (12503482 ns)
    [ PASSED ] CASE: ipv4LiteralsBypassHostsSearchAndNameservers (60345226 ns)
    [ PASSED ] CASE: hostsSnapshotRetainsOnlyUsableIpv6Zones (452146 ns)
    [ PASSED ] CASE: hostsAliasesFilterFamiliesAndRemainSnapshotted (726137 ns)
    [ PASSED ] CASE: trailingRootSkipsSearchWhileNdotsSelectsSearchOrAbsoluteFirst (3512253 ns)
    [ PASSED ] CASE: exactHostsEntryWinsBeforeSearchSuffixDns (200588535 ns)
    [ PASSED ] CASE: cancelledExpiredAndClosedCallsRetainPublicResolveClassifications (574729 ns)
    [ PASSED ] CASE: connectUsesHostsMappingForANativeListenerExchange (1923315 ns)
    [ PASSED ] CASE: resolverConnectCarriesOneAbsoluteDeadlineIntoNativeTcpAdmission (634459 ns)
    TCS: DnsWireParserTest, time elapsed: 16424420 ns, RESULT:
    [ PASSED ] CASE: decodesCompressedTargetsBinaryTxtSoaAndUnknownData (224365 ns)
    [ PASSED ] CASE: recordOrderMakesAnswerAuthorityAndAdditionalBoundariesExplicit (82389 ns)
    [ PASSED ] CASE: summariesAndRecordsOwnParserAndConstructorInputs (57342 ns)
    [ PASSED ] CASE: publicSummaryRejectsCountsBeyondWireAndCombinedRecordBounds (10743725 ns)
    [ PASSED ] CASE: parserPreservesQuestionIdentityAndRejectsIncompleteRecords (194167 ns)
    [ PASSED ] CASE: asciiNameProfileRejectsAmbiguousLabels (286186 ns)
    [ PASSED ] CASE: compressionLoopsForwardPointersAndOutOfRangePointersAreRejected (134285 ns)
    [ PASSED ] CASE: expandedNameAndSectionCountsRespectConfiguredBounds (187214 ns)
    [ PASSED ] CASE: completeParserRejectsTrailingAndTruncatedSectionBytes (111128 ns)
    [ PASSED ] CASE: typedRdataLengthsAndTxtSegmentsAreExact (169645 ns)
    [ PASSED ] CASE: compressedRdataNamesCannotConsumeNeighboringRecordBytes (172279 ns)
    [ PASSED ] CASE: srvTargetCompressionIsRejectedEvenWhenPointerIsInBounds (111073 ns)
    [ PASSED ] CASE: summaryConstructorRejectsSectionMetadataThatCouldBlurBoundaries (48627 ns)
    [ PASSED ] CASE: additionalOwnerMayReferenceAuthorityNameserverTarget (147664 ns)
    [ PASSED ] CASE: additionalOwnerMayReferenceSecondLegacyMailboxName (195611 ns)
    TCS: DnsWireFuzzTest, time elapsed: 118626274 ns, RESULT:
    [ PASSED ] CASE: wireMutationsRejectMalformedMessagesOrRetainOwnedSections (118323431 ns)
    TCS: M8002TcpListenerTest, time elapsed: 55610674 ns, RESULT:
    [ PASSED ] CASE: bindRejectsInvalidBacklogAndStoppedContextsWithStructuredErrors (95650 ns)
    [ PASSED ] CASE: bindFailureRetainsPublicCoordinatesAndCause (160623 ns)
    [ PASSED ] CASE: cancelledAndExpiredAcceptsLeaveListenerReusable (23258058 ns)
    [ PASSED ] CASE: acceptedStreamTransfersExactDataInBothDirections (224107 ns)
    [ PASSED ] CASE: overlappingAcceptIsRejectedWithoutCreatingAPendingQueue (30063170 ns)
    [ PASSED ] CASE: stoppedCloseAdmissionHasNoNativeEffectAndListenerRemainsUsable (275014 ns)
    [ PASSED ] CASE: gracefulAndAbortTerminalOwnersAreStableAndWakeAccept (181356 ns)
    TCS: M8002UdpSocketTest, time elapsed: 33866494 ns, RESULT:
    [ PASSED ] CASE: datagramBoundariesAndOwnedPayloadSurviveScratchReuse (255988 ns)
    [ PASSED ] CASE: exactCapacityAndTruncationDiscardOnlyTheCurrentDatagramTail (209762 ns)
    [ PASSED ] CASE: connectedSocketSelectsNativePeerAndFiltersOtherSenders (229459 ns)
    [ PASSED ] CASE: invalidAndUnsupportedInputsLeaveSocketReusable (1695324 ns)
    [ PASSED ] CASE: cancellationDeadlineCloseAndAbortRetainDistinctState (30411414 ns)
    TCS: NetworkFoundationContractTest, time elapsed: 37786751 ns, RESULT:
    [ PASSED ] CASE: unixEndpointFormsAreDistinctAndOwned (16471 ns)
    [ PASSED ] CASE: unixEndpointRejectsUnboundedNames (23752 ns)
    [ PASSED ] CASE: rawSocketCapabilityBoundaryRequiresDomainSpecificProtocol (44313 ns)
    [ PASSED ] CASE: cancelledConnectFailsBeforeSocketCreation (41131 ns)
    [ PASSED ] CASE: tcpStreamCancellationDistinguishesUntouchedFromAbortedDelegate (80979 ns)
    [ PASSED ] CASE: tcpStreamGracefulCloseIsRetainedAndIdempotent (23462 ns)
    [ PASSED ] CASE: tcpStreamTerminalCloseSkipsStoppedContextsAndCallerClock (85623 ns)
    [ PASSED ] CASE: tcpStreamNonterminalStoppedCloseAdmissionStillRejects (62369 ns)
    [ PASSED ] CASE: tcpStreamCloseNormalizesContextFailureWithoutTakingOwnership (48913 ns)
    [ PASSED ] CASE: tcpStreamAbortRetainsItsCauseAndConnectionFacts (98842 ns)
    [ PASSED ] CASE: tcpStreamDirectionalShutdownPublishesOnlySuccessfulTransitions (58326 ns)
    [ PASSED ] CASE: tcpStreamReadShutdownRejectsEveryReadPathWithoutLosingWrites (78720 ns)
    [ PASSED ] CASE: tcpStreamWriteShutdownRejectsEveryWritePathWithoutLosingReads (76642 ns)
    [ PASSED ] CASE: tcpStreamEmptyOperationsRemainImmediateAfterDirectionalShutdown (26880 ns)
    [ PASSED ] CASE: tcpStreamReadExactAddsCapturedEndpointsToUnexpectedEof (39968 ns)
    [ PASSED ] CASE: tcpStreamReadKeepsPeerEofGraceful (28489 ns)
    [ PASSED ] CASE: tcpStreamReadExactMergesCapturedAndStructuredEndpointMetadata (51349 ns)
    [ PASSED ] CASE: tcpStreamIoConflictsRetainCapturedEndpointsWithoutClosing (123038 ns)
    [ PASSED ] CASE: tcpStreamDirectionalShutdownDoesNotPromoteWokenIoToFailure (88707 ns)
    [ PASSED ] CASE: tcpStreamFinalShutdownRemainsGracefulWhenItWakesIo (32644 ns)
    [ PASSED ] CASE: tcpStreamFailuresRetainOriginalErrorAndReleaseDelegate (60698 ns)
    [ PASSED ] CASE: tcpStreamRetainsNativeCancellationOwnership (1213188 ns)
    [ PASSED ] CASE: tcpStreamNormalizesUnexpectedDelegateFailures (229516 ns)
    [ PASSED ] CASE: tcpStreamPrecancelledIoCannotClaimAnotherClosesOwnership (100248 ns)
    [ PASSED ] CASE: tcpStreamCancellationOwnershipSurvivesOtherObservers (94198 ns)
    [ PASSED ] CASE: tcpStreamAbortCannotRelabelClaimedGracefulNativeClose (29886 ns)
    [ PASSED ] CASE: tcpStreamAbortOwnershipSurvivesCompetingIoAndLateCloseFailure (64048 ns)
    [ PASSED ] CASE: tcpStreamCancellationBoundsCloseWaitAndLateSuccessRemainsGraceful (76375 ns)
    [ PASSED ] CASE: tcpStreamJoiningBackgroundCloseWaitsForCompletion (28610269 ns)
    [ PASSED ] CASE: tcpStreamDeadlineBoundsCloseWaitAndLateSuccessRemainsGraceful (99028 ns)
    [ PASSED ] CASE: tcpStreamLateCloseFailurePublishesFailedWithoutReplacingCallerCancellation (96332 ns)
    [ PASSED ] CASE: tcpStreamAbortRemainsTerminalWhenDetachedCloseFailsLate (77266 ns)
    [ PASSED ] CASE: tcpStreamCloseKeepsGracefulCauseWhenItWakesARead (39487 ns)
    [ PASSED ] CASE: unsafeOptionValueIsBoundedAndOwnedWithoutApplyingIt (61242 ns)
    [ PASSED ] CASE: datagramResultEnforcesTheIpv4PayloadBound (1526584 ns)
    [ PASSED ] CASE: datagramResultSurvivesReceiveBufferReuse (10509 ns)
Summary: TOTAL: 100
    PASSED: 99, SKIPPED: 0, ERROR: 0
    FAILED: 1, listed below:
            TCS: DnsClientWireTest, CASE: noncacheableNxdomainStopsOtherFamilyQueries
--------------------------------------------------------------------------------------------------
Project tests finished, time elapsed: 1491242439 ns, RESULT:
TP: wirestack.*, time elapsed: 1491152667 ns, RESULT:
    FAILED:
    TP: wirestack.net, time elapsed: 1483681593 ns, RESULT:
        TCS: DnsClientWireTest, time elapsed: 935515580 ns, RESULT:
        [ FAILED ] CASE: noncacheableNxdomainStopsOtherFamilyQueries (1892600 ns)
        TCS: DnsResolverPolicyTest, time elapsed: 284811891 ns, RESULT:
        TCS: DnsWireParserTest, time elapsed: 16424420 ns, RESULT:
        TCS: DnsWireFuzzTest, time elapsed: 118626274 ns, RESULT:
        TCS: M8002TcpListenerTest, time elapsed: 55610674 ns, RESULT:
        TCS: M8002UdpSocketTest, time elapsed: 33866494 ns, RESULT:
        TCS: NetworkFoundationContractTest, time elapsed: 37786751 ns, RESULT:
Summary: TOTAL: 100
    PASSED: 99, SKIPPED: 0, ERROR: 0
    FAILED: 1
--------------------------------------------------------------------------------------------------
