--------------------------------------------------------------------------------------------------
TP: wirestack.net, time elapsed: 485874930 ns, RESULT:
    TCS: DnsClientWireTest, time elapsed: 31247282 ns, RESULT:
    [ PASSED ] CASE: publicQueryAndLookupUseRealUdpAndRetainAbsoluteCacheExpiry (2497904 ns)
    [ PASSED ] CASE: publicQueryEncodesEveryModeledRecordType (8240754 ns)
    [ PASSED ] CASE: wrongSourceIdAndQuestionAreIgnoredBeforeValidUdpResponse (1028930 ns)
    [ PASSED ] CASE: validatedTruncationFallsBackToExactTcpFrame (1225239 ns)
    [ PASSED ] CASE: tcpResponseCannotRemainTruncated (1225222 ns)
    [ PASSED ] CASE: malformedMatchingResponseAndUnrelatedSectionsCannotPoisonCache (2839061 ns)
    [ PASSED ] CASE: cnameTraversalUsesAnswerOwnersAndRejectsConflictingTargets (1967022 ns)
    [ PASSED ] CASE: rfc2308CacheRetainsNxdomainVersusNodataWithoutNewPackets (1997871 ns)
    [ PASSED ] CASE: zeroTtlNeverCreatesAPositiveCacheEntry (1874702 ns)
    [ PASSED ] CASE: callerCancellationAndClientCloseWakeActiveNativeReceive (1870580 ns)
    [ PASSED ] CASE: anyFamilyRetainsAddressesWhenTheOtherFamilyFails (3682082 ns)
    [ PASSED ] CASE: boundedAdmissionRejectsExcessAndCloseWakesQueuedCallers (950068 ns)
    TCS: DnsResolverPolicyTest, time elapsed: 221131450 ns, RESULT:
    [ PASSED ] CASE: fromSystemParsesTabsCommentsLastSearchAndClampedNdots (315313 ns)
    [ PASSED ] CASE: systemNameserversRetainOnlySupportedNumericZones (248305 ns)
    [ PASSED ] CASE: configOwnsInputArraysAndReturnsDefensiveCopies (43390 ns)
    [ PASSED ] CASE: systemFilesFailClosedWhenMissingOversizedOrNonregular (13187796 ns)
    [ PASSED ] CASE: hostsAliasesFilterFamiliesAndRemainSnapshotted (578055 ns)
    [ PASSED ] CASE: trailingRootSkipsSearchWhileNdotsSelectsSearchOrAbsoluteFirst (2907649 ns)
    [ PASSED ] CASE: exactHostsEntryWinsBeforeSearchSuffixDns (200777863 ns)
    [ PASSED ] CASE: cancelledExpiredAndClosedCallsRetainPublicResolveClassifications (422064 ns)
    [ PASSED ] CASE: connectUsesHostsMappingForANativeListenerExchange (783688 ns)
    [ PASSED ] CASE: resolverConnectCarriesOneAbsoluteDeadlineIntoNativeTcpAdmission (439024 ns)
    TCS: DnsWireParserTest, time elapsed: 2679306 ns, RESULT:
    [ PASSED ] CASE: decodesCompressedTargetsBinaryTxtSoaAndUnknownData (165079 ns)
    [ PASSED ] CASE: recordOrderMakesAnswerAuthorityAndAdditionalBoundariesExplicit (68496 ns)
    [ PASSED ] CASE: summariesAndRecordsOwnParserAndConstructorInputs (51726 ns)
    [ PASSED ] CASE: parserPreservesQuestionIdentityAndRejectsIncompleteRecords (79971 ns)
    [ PASSED ] CASE: asciiNameProfileRejectsAmbiguousLabels (143743 ns)
    [ PASSED ] CASE: compressionLoopsForwardPointersAndOutOfRangePointersAreRejected (67730 ns)
    [ PASSED ] CASE: expandedNameAndSectionCountsRespectConfiguredBounds (87708 ns)
    [ PASSED ] CASE: completeParserRejectsTrailingAndTruncatedSectionBytes (65834 ns)
    [ PASSED ] CASE: typedRdataLengthsAndTxtSegmentsAreExact (70414 ns)
    [ PASSED ] CASE: compressedRdataNamesCannotConsumeNeighboringRecordBytes (64454 ns)
    [ PASSED ] CASE: srvTargetCompressionIsRejectedEvenWhenPointerIsInBounds (39135 ns)
    [ PASSED ] CASE: summaryConstructorRejectsSectionMetadataThatCouldBlurBoundaries (17128 ns)
    [ PASSED ] CASE: additionalOwnerMayReferenceAuthorityNameserverTarget (46896 ns)
    [ PASSED ] CASE: additionalOwnerMayReferenceSecondLegacyMailboxName (64349 ns)
    TCS: DnsWireFuzzTest, time elapsed: 96557308 ns, RESULT:
    [ PASSED ] CASE: wireMutationsRejectMalformedMessagesOrRetainOwnedSections (96338013 ns)
    STDOUT:
    M8004_FUZZ target=dns-wire seed=8004 corpus=12 iterations=8544 accepted=3013 rejected=5531 decision=PASS
    TCS: M8002TcpListenerTest, time elapsed: 61647857 ns, RESULT:
    [ PASSED ] CASE: bindRejectsInvalidBacklogAndStoppedContextsWithStructuredErrors (110735 ns)
    [ PASSED ] CASE: bindFailureRetainsPublicCoordinatesAndCause (151808 ns)
    [ PASSED ] CASE: cancelledAndExpiredAcceptsLeaveListenerReusable (29665581 ns)
    [ PASSED ] CASE: acceptedStreamTransfersExactDataInBothDirections (249599 ns)
    [ PASSED ] CASE: overlappingAcceptIsRejectedWithoutCreatingAPendingQueue (30022467 ns)
    [ PASSED ] CASE: stoppedCloseAdmissionHasNoNativeEffectAndListenerRemainsUsable (207694 ns)
    [ PASSED ] CASE: gracefulAndAbortTerminalOwnersAreStableAndWakeAccept (103989 ns)
    TCS: M8002UdpSocketTest, time elapsed: 32954801 ns, RESULT:
    [ PASSED ] CASE: datagramBoundariesAndOwnedPayloadSurviveScratchReuse (187638 ns)
    [ PASSED ] CASE: exactCapacityAndTruncationDiscardOnlyTheCurrentDatagramTail (138038 ns)
    [ PASSED ] CASE: connectedSocketSelectsNativePeerAndFiltersOtherSenders (247147 ns)
    [ PASSED ] CASE: invalidAndUnsupportedInputsLeaveSocketReusable (1243439 ns)
    [ PASSED ] CASE: cancellationDeadlineCloseAndAbortRetainDistinctState (30399792 ns)
    TCS: NetworkFoundationContractTest, time elapsed: 38745345 ns, RESULT:
    [ PASSED ] CASE: unixEndpointFormsAreDistinctAndOwned (49419 ns)
    [ PASSED ] CASE: unixEndpointRejectsUnboundedNames (58289 ns)
    [ PASSED ] CASE: rawSocketCapabilityBoundaryRequiresDomainSpecificProtocol (124956 ns)
    [ PASSED ] CASE: cancelledConnectFailsBeforeSocketCreation (68352 ns)
    [ PASSED ] CASE: tcpStreamCancellationDistinguishesUntouchedFromAbortedDelegate (112909 ns)
    [ PASSED ] CASE: tcpStreamGracefulCloseIsRetainedAndIdempotent (28200 ns)
    [ PASSED ] CASE: tcpStreamTerminalCloseSkipsStoppedContextsAndCallerClock (104598 ns)
    [ PASSED ] CASE: tcpStreamNonterminalStoppedCloseAdmissionStillRejects (74360 ns)
    [ PASSED ] CASE: tcpStreamCloseNormalizesContextFailureWithoutTakingOwnership (38416 ns)
    [ PASSED ] CASE: tcpStreamAbortRetainsItsCauseAndConnectionFacts (69213 ns)
    [ PASSED ] CASE: tcpStreamDirectionalShutdownPublishesOnlySuccessfulTransitions (61852 ns)
    [ PASSED ] CASE: tcpStreamReadShutdownRejectsEveryReadPathWithoutLosingWrites (88347 ns)
    [ PASSED ] CASE: tcpStreamWriteShutdownRejectsEveryWritePathWithoutLosingReads (50604 ns)
    [ PASSED ] CASE: tcpStreamEmptyOperationsRemainImmediateAfterDirectionalShutdown (28962 ns)
    [ PASSED ] CASE: tcpStreamReadExactAddsCapturedEndpointsToUnexpectedEof (47441 ns)
    [ PASSED ] CASE: tcpStreamReadKeepsPeerEofGraceful (24752 ns)
    [ PASSED ] CASE: tcpStreamReadExactMergesCapturedAndStructuredEndpointMetadata (54874 ns)
    [ PASSED ] CASE: tcpStreamIoConflictsRetainCapturedEndpointsWithoutClosing (161091 ns)
    [ PASSED ] CASE: tcpStreamDirectionalShutdownDoesNotPromoteWokenIoToFailure (100088 ns)
    [ PASSED ] CASE: tcpStreamFinalShutdownRemainsGracefulWhenItWakesIo (43131 ns)
    [ PASSED ] CASE: tcpStreamFailuresRetainOriginalErrorAndReleaseDelegate (99805 ns)
    [ PASSED ] CASE: tcpStreamRetainsNativeCancellationOwnership (1277427 ns)
    [ PASSED ] CASE: tcpStreamNormalizesUnexpectedDelegateFailures (223089 ns)
    [ PASSED ] CASE: tcpStreamPrecancelledIoCannotClaimAnotherClosesOwnership (155232 ns)
    [ PASSED ] CASE: tcpStreamCancellationOwnershipSurvivesOtherObservers (62157 ns)
    [ PASSED ] CASE: tcpStreamAbortCannotRelabelClaimedGracefulNativeClose (27452 ns)
    [ PASSED ] CASE: tcpStreamAbortOwnershipSurvivesCompetingIoAndLateCloseFailure (94532 ns)
    [ PASSED ] CASE: tcpStreamCancellationBoundsCloseWaitAndLateSuccessRemainsGraceful (80229 ns)
    [ PASSED ] CASE: tcpStreamJoiningBackgroundCloseWaitsForCompletion (28827578 ns)
    [ PASSED ] CASE: tcpStreamDeadlineBoundsCloseWaitAndLateSuccessRemainsGraceful (90496 ns)
    [ PASSED ] CASE: tcpStreamLateCloseFailurePublishesFailedWithoutReplacingCallerCancellation (90675 ns)
    [ PASSED ] CASE: tcpStreamAbortRemainsTerminalWhenDetachedCloseFailsLate (63318 ns)
    [ PASSED ] CASE: tcpStreamCloseKeepsGracefulCauseWhenItWakesARead (50761 ns)
    [ PASSED ] CASE: unsafeOptionValueIsBoundedAndOwnedWithoutApplyingIt (73249 ns)
    [ PASSED ] CASE: datagramResultEnforcesTheIpv4PayloadBound (1508594 ns)
    [ PASSED ] CASE: datagramResultSurvivesReceiveBufferReuse (12608 ns)
Summary: TOTAL: 85
    PASSED: 85, SKIPPED: 0, ERROR: 0
    FAILED: 0
--------------------------------------------------------------------------------------------------
Project tests finished, time elapsed: 494253269 ns, RESULT:
TP: wirestack.*, time elapsed: 494160567 ns, RESULT:
    PASSED:
    TP: wirestack.net, time elapsed: 485874930 ns
Summary: TOTAL: 85
    PASSED: 85, SKIPPED: 0, ERROR: 0
    FAILED: 0
--------------------------------------------------------------------------------------------------
cjpm test success
