--------------------------------------------------------------------------------------------------
TP: wirestack.net, time elapsed: 1531686804 ns, RESULT:
    TCS: DnsClientWireTest, time elapsed: 989288054 ns, RESULT:
    [ PASSED ] CASE: publicQueryAndLookupUseRealUdpAndRetainAbsoluteCacheExpiry (2408379 ns)
    [ PASSED ] CASE: publicQueryEncodesEveryModeledRecordType (10168627 ns)
    [ PASSED ] CASE: wrongSourceIdAndQuestionAreIgnoredBeforeValidUdpResponse (2389850 ns)
    [ PASSED ] CASE: validatedTruncationFallsBackToExactTcpFrame (1393314 ns)
    [ PASSED ] CASE: activeCancellationRetainsNameserverWithoutRetry (60543494 ns)
    [ PASSED ] CASE: silentDnsAttemptsLeaveBudgetForServerAndPassFailover (505746084 ns)
    [ PASSED ] CASE: exhaustedResponseCodesRetainTheLastRespondingNameserver (3805972 ns)
    [ PASSED ] CASE: unsupportedResponseCodeRetainsRespondingNameserver (1974319 ns)
    [ PASSED ] CASE: dnsTransportFailuresRetainSelectedNameserver (253485288 ns)
    [ PASSED ] CASE: tcpResponseCannotRemainTruncated (2392473 ns)
    [ PASSED ] CASE: malformedMatchingResponseAndUnrelatedSectionsCannotPoisonCache (5806242 ns)
    [ PASSED ] CASE: cnameTraversalUsesAnswerOwnersAndRejectsConflictingTargets (3784452 ns)
    [ PASSED ] CASE: fullResultCapacityDoesNotQueryAnotherFamily (60694373 ns)
    [ PASSED ] CASE: rfc2308CacheRetainsNxdomainVersusNodataWithoutNewPackets (6364534 ns)
    [ PASSED ] CASE: zeroTtlNeverCreatesAPositiveCacheEntry (4717278 ns)
    [ PASSED ] CASE: callerCancellationAndClientCloseWakeActiveNativeReceive (3333159 ns)
    [ PASSED ] CASE: anyFamilyRetainsAddressesWhenTheOtherFamilyFails (8601938 ns)
    [ PASSED ] CASE: crossFamilyConflictsRetainTheLivePeerAlongsideCachedResults (7776991 ns)
    [ PASSED ] CASE: nxdomainInvalidatesVisitedTargetsAndOtherCachedAliases (27429897 ns)
    [ PASSED ] CASE: everyNxdomainInvalidatesPreviouslyCachedAddresses (5730994 ns)
    [ PASSED ] CASE: noncacheableNxdomainStopsOtherFamilyQueries (2089664 ns)
    [ PASSED ] CASE: nameWideNegativeOverridesEarlierFamilyFailure (2149794 ns)
    [ PASSED ] CASE: boundedAdmissionRejectsExcessAndCloseWakesQueuedCallers (1030019 ns)
    TCS: DnsResolverPolicyTest, time elapsed: 285094939 ns, RESULT:
    [ PASSED ] CASE: fromSystemParsesTabsCommentsLastSearchAndClampedNdots (330048 ns)
    [ PASSED ] CASE: directConfigRejectsUnsupportedNameserverZonesBeforeQueries (37762 ns)
    [ PASSED ] CASE: numericNameserverZonesUseCanonicalEndpointIdentity (38747 ns)
    [ PASSED ] CASE: systemNameserversRetainOnlySupportedNumericZones (294030 ns)
    [ PASSED ] CASE: equivalentNameserverScopesDoNotConsumeTheServerLimit (233777 ns)
    [ PASSED ] CASE: configOwnsInputArraysAndReturnsDefensiveCopies (45154 ns)
    [ PASSED ] CASE: adoptedClientRequiresMatchingConfigurationWithoutTakingRejectedOwnership (157695 ns)
    [ PASSED ] CASE: systemFilesFailClosedWhenMissingOversizedOrNonregular (15401746 ns)
    [ PASSED ] CASE: ipv4LiteralsBypassHostsSearchAndNameservers (60358910 ns)
    [ PASSED ] CASE: hostsSnapshotRetainsOnlyUsableIpv6Zones (354140 ns)
    [ PASSED ] CASE: hostsAliasesFilterFamiliesAndRemainSnapshotted (473802 ns)
    [ PASSED ] CASE: trailingRootSkipsSearchWhileNdotsSelectsSearchOrAbsoluteFirst (3100098 ns)
    [ PASSED ] CASE: exactHostsEntryWinsBeforeSearchSuffixDns (200640706 ns)
    [ PASSED ] CASE: cancelledExpiredAndClosedCallsRetainPublicResolveClassifications (307526 ns)
    [ PASSED ] CASE: connectUsesHostsMappingForANativeListenerExchange (622639 ns)
    [ PASSED ] CASE: resolverConnectCarriesOneAbsoluteDeadlineIntoNativeTcpAdmission (494828 ns)
    TCS: DnsWireParserTest, time elapsed: 23561466 ns, RESULT:
    [ PASSED ] CASE: decodesCompressedTargetsBinaryTxtSoaAndUnknownData (113183 ns)
    [ PASSED ] CASE: recordOrderMakesAnswerAuthorityAndAdditionalBoundariesExplicit (44801 ns)
    [ PASSED ] CASE: summariesAndRecordsOwnParserAndConstructorInputs (37561 ns)
    [ PASSED ] CASE: publicSummaryRejectsCountsBeyondWireAndCombinedRecordBounds (21403933 ns)
    [ PASSED ] CASE: parserPreservesQuestionIdentityAndRejectsIncompleteRecords (79702 ns)
    [ PASSED ] CASE: asciiNameProfileRejectsAmbiguousLabels (74576 ns)
    [ PASSED ] CASE: compressionLoopsForwardPointersAndOutOfRangePointersAreRejected (43781 ns)
    [ PASSED ] CASE: expandedNameAndSectionCountsRespectConfiguredBounds (52053 ns)
    [ PASSED ] CASE: completeParserRejectsTrailingAndTruncatedSectionBytes (34789 ns)
    [ PASSED ] CASE: typedRdataLengthsAndTxtSegmentsAreExact (56018 ns)
    [ PASSED ] CASE: compressedRdataNamesCannotConsumeNeighboringRecordBytes (47537 ns)
    [ PASSED ] CASE: srvTargetCompressionIsRejectedEvenWhenPointerIsInBounds (33858 ns)
    [ PASSED ] CASE: summaryConstructorRejectsSectionMetadataThatCouldBlurBoundaries (14223 ns)
    [ PASSED ] CASE: additionalOwnerMayReferenceAuthorityNameserverTarget (38103 ns)
    [ PASSED ] CASE: additionalOwnerMayReferenceSecondLegacyMailboxName (52415 ns)
    TCS: DnsWireFuzzTest, time elapsed: 101383228 ns, RESULT:
    [ PASSED ] CASE: wireMutationsRejectMalformedMessagesOrRetainOwnedSections (101163652 ns)
    TCS: M8002TcpListenerTest, time elapsed: 56092433 ns, RESULT:
    [ PASSED ] CASE: bindRejectsInvalidBacklogAndStoppedContextsWithStructuredErrors (76924 ns)
    [ PASSED ] CASE: bindFailureRetainsPublicCoordinatesAndCause (105840 ns)
    [ PASSED ] CASE: cancelledAndExpiredAcceptsLeaveListenerReusable (24089129 ns)
    [ PASSED ] CASE: acceptedStreamTransfersExactDataInBothDirections (234597 ns)
    [ PASSED ] CASE: overlappingAcceptIsRejectedWithoutCreatingAPendingQueue (30048559 ns)
    [ PASSED ] CASE: stoppedCloseAdmissionHasNoNativeEffectAndListenerRemainsUsable (303462 ns)
    [ PASSED ] CASE: gracefulAndAbortTerminalOwnersAreStableAndWakeAccept (148915 ns)
    TCS: M8002UdpSocketTest, time elapsed: 33708377 ns, RESULT:
    [ PASSED ] CASE: datagramBoundariesAndOwnedPayloadSurviveScratchReuse (327313 ns)
    [ PASSED ] CASE: exactCapacityAndTruncationDiscardOnlyTheCurrentDatagramTail (264110 ns)
    [ PASSED ] CASE: connectedSocketSelectsNativePeerAndFiltersOtherSenders (328119 ns)
    [ PASSED ] CASE: invalidAndUnsupportedInputsLeaveSocketReusable (1373577 ns)
    [ PASSED ] CASE: cancellationDeadlineCloseAndAbortRetainDistinctState (30393206 ns)
    TCS: NetworkFoundationContractTest, time elapsed: 41943337 ns, RESULT:
    [ PASSED ] CASE: unixEndpointFormsAreDistinctAndOwned (11562 ns)
    [ PASSED ] CASE: unixEndpointRejectsUnboundedNames (21254 ns)
    [ PASSED ] CASE: rawSocketCapabilityBoundaryRequiresDomainSpecificProtocol (30770 ns)
    [ PASSED ] CASE: cancelledConnectFailsBeforeSocketCreation (27260 ns)
    [ PASSED ] CASE: tcpStreamCancellationDistinguishesUntouchedFromAbortedDelegate (51001 ns)
    [ PASSED ] CASE: tcpStreamGracefulCloseIsRetainedAndIdempotent (16352 ns)
    [ PASSED ] CASE: tcpStreamTerminalCloseSkipsStoppedContextsAndCallerClock (59672 ns)
    [ PASSED ] CASE: tcpStreamNonterminalStoppedCloseAdmissionStillRejects (41601 ns)
    [ PASSED ] CASE: tcpStreamCloseNormalizesContextFailureWithoutTakingOwnership (35773 ns)
    [ PASSED ] CASE: tcpStreamAbortRetainsItsCauseAndConnectionFacts (64918 ns)
    [ PASSED ] CASE: tcpStreamDirectionalShutdownPublishesOnlySuccessfulTransitions (40235 ns)
    [ PASSED ] CASE: tcpStreamReadShutdownRejectsEveryReadPathWithoutLosingWrites (46456 ns)
    [ PASSED ] CASE: tcpStreamWriteShutdownRejectsEveryWritePathWithoutLosingReads (58194 ns)
    [ PASSED ] CASE: tcpStreamEmptyOperationsRemainImmediateAfterDirectionalShutdown (18723 ns)
    [ PASSED ] CASE: tcpStreamReadExactAddsCapturedEndpointsToUnexpectedEof (27741 ns)
    [ PASSED ] CASE: tcpStreamReadKeepsPeerEofGraceful (15759 ns)
    [ PASSED ] CASE: tcpStreamReadExactMergesCapturedAndStructuredEndpointMetadata (39584 ns)
    [ PASSED ] CASE: tcpStreamIoConflictsRetainCapturedEndpointsWithoutClosing (83339 ns)
    [ PASSED ] CASE: tcpStreamDirectionalShutdownDoesNotPromoteWokenIoToFailure (52023 ns)
    [ PASSED ] CASE: tcpStreamFinalShutdownRemainsGracefulWhenItWakesIo (30069 ns)
    [ PASSED ] CASE: tcpStreamFailuresRetainOriginalErrorAndReleaseDelegate (58335 ns)
    [ PASSED ] CASE: tcpStreamRetainsNativeCancellationOwnership (1235317 ns)
    [ PASSED ] CASE: tcpStreamNormalizesUnexpectedDelegateFailures (155364 ns)
    [ PASSED ] CASE: tcpStreamPrecancelledIoCannotClaimAnotherClosesOwnership (72315 ns)
    [ PASSED ] CASE: tcpStreamCancellationOwnershipSurvivesOtherObservers (57399 ns)
    [ PASSED ] CASE: tcpStreamAbortCannotRelabelClaimedGracefulNativeClose (36494 ns)
    [ PASSED ] CASE: tcpStreamAbortOwnershipSurvivesCompetingIoAndLateCloseFailure (47960 ns)
    [ PASSED ] CASE: tcpStreamCancellationBoundsCloseWaitAndLateSuccessRemainsGraceful (63441 ns)
    [ PASSED ] CASE: tcpStreamJoiningBackgroundCloseWaitsForCompletion (28955670 ns)
    [ PASSED ] CASE: tcpStreamDeadlineBoundsCloseWaitAndLateSuccessRemainsGraceful (223793 ns)
    [ PASSED ] CASE: tcpStreamLateCloseFailurePublishesFailedWithoutReplacingCallerCancellation (210130 ns)
    [ PASSED ] CASE: tcpStreamAbortRemainsTerminalWhenDetachedCloseFailsLate (277513 ns)
    [ PASSED ] CASE: tcpStreamCloseKeepsGracefulCauseWhenItWakesARead (100237 ns)
    [ PASSED ] CASE: unsafeOptionValueIsBoundedAndOwnedWithoutApplyingIt (168854 ns)
    [ PASSED ] CASE: datagramResultEnforcesTheIpv4PayloadBound (4565462 ns)
    [ PASSED ] CASE: datagramResultSurvivesReceiveBufferReuse (36621 ns)
Summary: TOTAL: 103
    PASSED: 103, SKIPPED: 0, ERROR: 0
    FAILED: 0
--------------------------------------------------------------------------------------------------
Project tests finished, time elapsed: 1540042635 ns, RESULT:
TP: wirestack.*, time elapsed: 1539938764 ns, RESULT:
    PASSED:
    TP: wirestack.net, time elapsed: 1531686804 ns
Summary: TOTAL: 103
    PASSED: 103, SKIPPED: 0, ERROR: 0
    FAILED: 0
--------------------------------------------------------------------------------------------------
cjpm test success
