--------------------------------------------------------------------------------------------------
TP: wirestack.net, time elapsed: 1440206077 ns, RESULT:
    TCS: DnsClientWireTest, time elapsed: 925752439 ns, RESULT:
    [ PASSED ] CASE: publicQueryAndLookupUseRealUdpAndRetainAbsoluteCacheExpiry (2478961 ns)
    [ PASSED ] CASE: publicQueryEncodesEveryModeledRecordType (8201347 ns)
    [ PASSED ] CASE: wrongSourceIdAndQuestionAreIgnoredBeforeValidUdpResponse (1067899 ns)
    [ PASSED ] CASE: validatedTruncationFallsBackToExactTcpFrame (1264450 ns)
    [ PASSED ] CASE: activeCancellationRetainsNameserverWithoutRetry (60577154 ns)
    [ PASSED ] CASE: silentDnsAttemptsLeaveBudgetForServerAndPassFailover (503971009 ns)
    [ PASSED ] CASE: exhaustedResponseCodesRetainTheLastRespondingNameserver (1880800 ns)
    [ PASSED ] CASE: unsupportedResponseCodeRetainsRespondingNameserver (996710 ns)
    [ PASSED ] CASE: dnsTransportFailuresRetainSelectedNameserver (252407584 ns)
    [ PASSED ] CASE: tcpResponseCannotRemainTruncated (1208377 ns)
    [ PASSED ] CASE: malformedMatchingResponseAndUnrelatedSectionsCannotPoisonCache (4795210 ns)
    [ PASSED ] CASE: cnameTraversalUsesAnswerOwnersAndRejectsConflictingTargets (2586603 ns)
    [ PASSED ] CASE: fullResultCapacityDoesNotQueryAnotherFamily (60543494 ns)
    [ PASSED ] CASE: rfc2308CacheRetainsNxdomainVersusNodataWithoutNewPackets (3375017 ns)
    [ PASSED ] CASE: zeroTtlNeverCreatesAPositiveCacheEntry (1953217 ns)
    [ PASSED ] CASE: callerCancellationAndClientCloseWakeActiveNativeReceive (2201687 ns)
    [ PASSED ] CASE: anyFamilyRetainsAddressesWhenTheOtherFamilyFails (3805968 ns)
    [ PASSED ] CASE: crossFamilyConflictsRetainTheLivePeerAlongsideCachedResults (3936359 ns)
    [ PASSED ] CASE: noncacheableNxdomainStopsOtherFamilyQueries (2156336 ns)
    [ PASSED ] CASE: nameWideNegativeOverridesEarlierFamilyFailure (1874819 ns)
    [ PASSED ] CASE: boundedAdmissionRejectsExcessAndCloseWakesQueuedCallers (953052 ns)
    TCS: DnsResolverPolicyTest, time elapsed: 282499305 ns, RESULT:
    [ PASSED ] CASE: fromSystemParsesTabsCommentsLastSearchAndClampedNdots (317690 ns)
    [ PASSED ] CASE: directConfigRejectsUnsupportedNameserverZonesBeforeQueries (30637 ns)
    [ PASSED ] CASE: numericNameserverZonesUseCanonicalEndpointIdentity (35294 ns)
    [ PASSED ] CASE: systemNameserversRetainOnlySupportedNumericZones (262386 ns)
    [ PASSED ] CASE: equivalentNameserverScopesDoNotConsumeTheServerLimit (275789 ns)
    [ PASSED ] CASE: configOwnsInputArraysAndReturnsDefensiveCopies (40319 ns)
    [ PASSED ] CASE: systemFilesFailClosedWhenMissingOversizedOrNonregular (13218447 ns)
    [ PASSED ] CASE: ipv4LiteralsBypassHostsSearchAndNameservers (60365941 ns)
    [ PASSED ] CASE: hostsSnapshotRetainsOnlyUsableIpv6Zones (337743 ns)
    [ PASSED ] CASE: hostsAliasesFilterFamiliesAndRemainSnapshotted (500399 ns)
    [ PASSED ] CASE: trailingRootSkipsSearchWhileNdotsSelectsSearchOrAbsoluteFirst (3157563 ns)
    [ PASSED ] CASE: exactHostsEntryWinsBeforeSearchSuffixDns (200705583 ns)
    [ PASSED ] CASE: cancelledExpiredAndClosedCallsRetainPublicResolveClassifications (306498 ns)
    [ PASSED ] CASE: connectUsesHostsMappingForANativeListenerExchange (648202 ns)
    [ PASSED ] CASE: resolverConnectCarriesOneAbsoluteDeadlineIntoNativeTcpAdmission (317071 ns)
    TCS: DnsWireParserTest, time elapsed: 9714781 ns, RESULT:
    [ PASSED ] CASE: decodesCompressedTargetsBinaryTxtSoaAndUnknownData (110733 ns)
    [ PASSED ] CASE: recordOrderMakesAnswerAuthorityAndAdditionalBoundariesExplicit (46175 ns)
    [ PASSED ] CASE: summariesAndRecordsOwnParserAndConstructorInputs (33156 ns)
    [ PASSED ] CASE: publicSummaryRejectsCountsBeyondWireAndCombinedRecordBounds (6410530 ns)
    [ PASSED ] CASE: parserPreservesQuestionIdentityAndRejectsIncompleteRecords (111410 ns)
    [ PASSED ] CASE: asciiNameProfileRejectsAmbiguousLabels (136886 ns)
    [ PASSED ] CASE: compressionLoopsForwardPointersAndOutOfRangePointersAreRejected (74689 ns)
    [ PASSED ] CASE: expandedNameAndSectionCountsRespectConfiguredBounds (101241 ns)
    [ PASSED ] CASE: completeParserRejectsTrailingAndTruncatedSectionBytes (66349 ns)
    [ PASSED ] CASE: typedRdataLengthsAndTxtSegmentsAreExact (95148 ns)
    [ PASSED ] CASE: compressedRdataNamesCannotConsumeNeighboringRecordBytes (104148 ns)
    [ PASSED ] CASE: srvTargetCompressionIsRejectedEvenWhenPointerIsInBounds (66638 ns)
    [ PASSED ] CASE: summaryConstructorRejectsSectionMetadataThatCouldBlurBoundaries (33634 ns)
    [ PASSED ] CASE: additionalOwnerMayReferenceAuthorityNameserverTarget (96056 ns)
    [ PASSED ] CASE: additionalOwnerMayReferenceSecondLegacyMailboxName (128299 ns)
    TCS: DnsWireFuzzTest, time elapsed: 102518646 ns, RESULT:
    [ PASSED ] CASE: wireMutationsRejectMalformedMessagesOrRetainOwnedSections (102260299 ns)
    TCS: M8002TcpListenerTest, time elapsed: 59412760 ns, RESULT:
    [ PASSED ] CASE: bindRejectsInvalidBacklogAndStoppedContextsWithStructuredErrors (78393 ns)
    [ PASSED ] CASE: bindFailureRetainsPublicCoordinatesAndCause (107103 ns)
    [ PASSED ] CASE: cancelledAndExpiredAcceptsLeaveListenerReusable (27054169 ns)
    [ PASSED ] CASE: acceptedStreamTransfersExactDataInBothDirections (192267 ns)
    [ PASSED ] CASE: overlappingAcceptIsRejectedWithoutCreatingAPendingQueue (30052531 ns)
    [ PASSED ] CASE: stoppedCloseAdmissionHasNoNativeEffectAndListenerRemainsUsable (344718 ns)
    [ PASSED ] CASE: gracefulAndAbortTerminalOwnersAreStableAndWakeAccept (232027 ns)
    TCS: M8002UdpSocketTest, time elapsed: 22982080 ns, RESULT:
    [ PASSED ] CASE: datagramBoundariesAndOwnedPayloadSurviveScratchReuse (302431 ns)
    [ PASSED ] CASE: exactCapacityAndTruncationDiscardOnlyTheCurrentDatagramTail (176267 ns)
    [ PASSED ] CASE: connectedSocketSelectsNativePeerAndFiltersOtherSenders (208799 ns)
    [ PASSED ] CASE: invalidAndUnsupportedInputsLeaveSocketReusable (1029199 ns)
    [ PASSED ] CASE: cancellationDeadlineCloseAndAbortRetainDistinctState (20351460 ns)
    TCS: NetworkFoundationContractTest, time elapsed: 36571751 ns, RESULT:
    [ PASSED ] CASE: unixEndpointFormsAreDistinctAndOwned (11231 ns)
    [ PASSED ] CASE: unixEndpointRejectsUnboundedNames (22091 ns)
    [ PASSED ] CASE: rawSocketCapabilityBoundaryRequiresDomainSpecificProtocol (28091 ns)
    [ PASSED ] CASE: cancelledConnectFailsBeforeSocketCreation (30810 ns)
    [ PASSED ] CASE: tcpStreamCancellationDistinguishesUntouchedFromAbortedDelegate (55440 ns)
    [ PASSED ] CASE: tcpStreamGracefulCloseIsRetainedAndIdempotent (15114 ns)
    [ PASSED ] CASE: tcpStreamTerminalCloseSkipsStoppedContextsAndCallerClock (51720 ns)
    [ PASSED ] CASE: tcpStreamNonterminalStoppedCloseAdmissionStillRejects (44183 ns)
    [ PASSED ] CASE: tcpStreamCloseNormalizesContextFailureWithoutTakingOwnership (38740 ns)
    [ PASSED ] CASE: tcpStreamAbortRetainsItsCauseAndConnectionFacts (67367 ns)
    [ PASSED ] CASE: tcpStreamDirectionalShutdownPublishesOnlySuccessfulTransitions (37512 ns)
    [ PASSED ] CASE: tcpStreamReadShutdownRejectsEveryReadPathWithoutLosingWrites (53522 ns)
    [ PASSED ] CASE: tcpStreamWriteShutdownRejectsEveryWritePathWithoutLosingReads (50220 ns)
    [ PASSED ] CASE: tcpStreamEmptyOperationsRemainImmediateAfterDirectionalShutdown (18790 ns)
    [ PASSED ] CASE: tcpStreamReadExactAddsCapturedEndpointsToUnexpectedEof (27906 ns)
    [ PASSED ] CASE: tcpStreamReadKeepsPeerEofGraceful (19022 ns)
    [ PASSED ] CASE: tcpStreamReadExactMergesCapturedAndStructuredEndpointMetadata (35851 ns)
    [ PASSED ] CASE: tcpStreamIoConflictsRetainCapturedEndpointsWithoutClosing (79873 ns)
    [ PASSED ] CASE: tcpStreamDirectionalShutdownDoesNotPromoteWokenIoToFailure (53390 ns)
    [ PASSED ] CASE: tcpStreamFinalShutdownRemainsGracefulWhenItWakesIo (33294 ns)
    [ PASSED ] CASE: tcpStreamFailuresRetainOriginalErrorAndReleaseDelegate (59984 ns)
    [ PASSED ] CASE: tcpStreamRetainsNativeCancellationOwnership (1201630 ns)
    [ PASSED ] CASE: tcpStreamNormalizesUnexpectedDelegateFailures (306102 ns)
    [ PASSED ] CASE: tcpStreamPrecancelledIoCannotClaimAnotherClosesOwnership (160512 ns)
    [ PASSED ] CASE: tcpStreamCancellationOwnershipSurvivesOtherObservers (60727 ns)
    [ PASSED ] CASE: tcpStreamAbortCannotRelabelClaimedGracefulNativeClose (26772 ns)
    [ PASSED ] CASE: tcpStreamAbortOwnershipSurvivesCompetingIoAndLateCloseFailure (43075 ns)
    [ PASSED ] CASE: tcpStreamCancellationBoundsCloseWaitAndLateSuccessRemainsGraceful (55199 ns)
    [ PASSED ] CASE: tcpStreamJoiningBackgroundCloseWaitsForCompletion (28818902 ns)
    [ PASSED ] CASE: tcpStreamDeadlineBoundsCloseWaitAndLateSuccessRemainsGraceful (66151 ns)
    [ PASSED ] CASE: tcpStreamLateCloseFailurePublishesFailedWithoutReplacingCallerCancellation (82567 ns)
    [ PASSED ] CASE: tcpStreamAbortRemainsTerminalWhenDetachedCloseFailsLate (83708 ns)
    [ PASSED ] CASE: tcpStreamCloseKeepsGracefulCauseWhenItWakesARead (40773 ns)
    [ PASSED ] CASE: unsafeOptionValueIsBoundedAndOwnedWithoutApplyingIt (61494 ns)
    [ PASSED ] CASE: datagramResultEnforcesTheIpv4PayloadBound (1481266 ns)
    [ PASSED ] CASE: datagramResultSurvivesReceiveBufferReuse (12897 ns)
Summary: TOTAL: 100
    PASSED: 100, SKIPPED: 0, ERROR: 0
    FAILED: 0
--------------------------------------------------------------------------------------------------
Project tests finished, time elapsed: 1448387913 ns, RESULT:
TP: wirestack.*, time elapsed: 1448281986 ns, RESULT:
    PASSED:
    TP: wirestack.net, time elapsed: 1440206077 ns
Summary: TOTAL: 100
    PASSED: 100, SKIPPED: 0, ERROR: 0
    FAILED: 0
--------------------------------------------------------------------------------------------------
cjpm test success
