--------------------------------------------------------------------------------------------------
TP: wirestack.net, time elapsed: 1964851207 ns, RESULT:
    TCS: DnsClientWireTest, time elapsed: 1012890342 ns, RESULT:
    [ PASSED ] CASE: publicQueryAndLookupUseRealUdpAndRetainAbsoluteCacheExpiry (5247424 ns)
    [ PASSED ] CASE: publicQueryEncodesEveryModeledRecordType (40155160 ns)
    [ PASSED ] CASE: wrongSourceIdAndQuestionAreIgnoredBeforeValidUdpResponse (2113915 ns)
    [ PASSED ] CASE: validatedTruncationFallsBackToExactTcpFrame (2390755 ns)
    [ PASSED ] CASE: activeCancellationRetainsNameserverWithoutRetry (60628664 ns)
    [ PASSED ] CASE: silentDnsAttemptsLeaveBudgetForServerAndPassFailover (504163187 ns)
    [ PASSED ] CASE: exhaustedResponseCodesRetainTheLastRespondingNameserver (3061854 ns)
    [ PASSED ] CASE: unsupportedResponseCodeRetainsRespondingNameserver (1647368 ns)
    [ PASSED ] CASE: dnsTransportFailuresRetainSelectedNameserver (252247111 ns)
    [ PASSED ] CASE: tcpResponseCannotRemainTruncated (2730828 ns)
    [ PASSED ] CASE: malformedMatchingResponseAndUnrelatedSectionsCannotPoisonCache (4928321 ns)
    [ PASSED ] CASE: cnameTraversalUsesAnswerOwnersAndRejectsConflictingTargets (3405852 ns)
    [ PASSED ] CASE: fullResultCapacityDoesNotQueryAnotherFamily (60533505 ns)
    [ PASSED ] CASE: rfc2308CacheRetainsNxdomainVersusNodataWithoutNewPackets (4862696 ns)
    [ PASSED ] CASE: zeroTtlNeverCreatesAPositiveCacheEntry (3155189 ns)
    [ PASSED ] CASE: callerCancellationAndClientCloseWakeActiveNativeReceive (3212279 ns)
    [ PASSED ] CASE: anyFamilyRetainsAddressesWhenTheOtherFamilyFails (3845355 ns)
    [ PASSED ] CASE: crossFamilyConflictsRetainTheLivePeerAlongsideCachedResults (7758614 ns)
    [ PASSED ] CASE: nxdomainInvalidatesVisitedTargetsAndOtherCachedAliases (25217628 ns)
    [ PASSED ] CASE: everyNxdomainInvalidatesPreviouslyCachedAddresses (6576774 ns)
    [ PASSED ] CASE: noncacheableNxdomainStopsOtherFamilyQueries (3700582 ns)
    [ PASSED ] CASE: nameWideNegativeOverridesEarlierFamilyFailure (2655123 ns)
    [ PASSED ] CASE: boundedAdmissionRejectsExcessAndCloseWakesQueuedCallers (1762885 ns)
    TCS: DnsResolverPolicyTest, time elapsed: 314043459 ns, RESULT:
    [ PASSED ] CASE: fromSystemParsesTabsCommentsLastSearchAndClampedNdots (628163 ns)
    [ PASSED ] CASE: directConfigRejectsUnsupportedNameserverZonesBeforeQueries (45480 ns)
    [ PASSED ] CASE: numericNameserverZonesUseCanonicalEndpointIdentity (56067 ns)
    [ PASSED ] CASE: systemNameserversRetainOnlySupportedNumericZones (659257 ns)
    [ PASSED ] CASE: equivalentNameserverScopesDoNotConsumeTheServerLimit (502078 ns)
    [ PASSED ] CASE: configOwnsInputArraysAndReturnsDefensiveCopies (70933 ns)
    [ PASSED ] CASE: adoptedClientRequiresMatchingConfigurationWithoutTakingRejectedOwnership (190174 ns)
    [ PASSED ] CASE: systemFilesFailClosedWhenMissingOversizedOrNonregular (34967696 ns)
    [ PASSED ] CASE: ipv4LiteralsBypassHostsSearchAndNameservers (60264394 ns)
    [ PASSED ] CASE: hostsSnapshotRetainsOnlyUsableIpv6Zones (413456 ns)
    [ PASSED ] CASE: hostsAliasesFilterFamiliesAndRemainSnapshotted (714195 ns)
    [ PASSED ] CASE: trailingRootSkipsSearchWhileNdotsSelectsSearchOrAbsoluteFirst (10221763 ns)
    [ PASSED ] CASE: exactHostsEntryWinsBeforeSearchSuffixDns (200528897 ns)
    [ PASSED ] CASE: cancelledExpiredAndClosedCallsRetainPublicResolveClassifications (397939 ns)
    [ PASSED ] CASE: connectUsesHostsMappingForANativeListenerExchange (876666 ns)
    [ PASSED ] CASE: resolverConnectCarriesOneAbsoluteDeadlineIntoNativeTcpAdmission (596361 ns)
    TCS: DnsWireParserTest, time elapsed: 271907460 ns, RESULT:
    [ PASSED ] CASE: decodesCompressedTargetsBinaryTxtSoaAndUnknownData (163578 ns)
    [ PASSED ] CASE: recordOrderMakesAnswerAuthorityAndAdditionalBoundariesExplicit (47818 ns)
    [ PASSED ] CASE: summariesAndRecordsOwnParserAndConstructorInputs (33892 ns)
    [ PASSED ] CASE: publicSummaryRejectsCountsBeyondWireAndCombinedRecordBounds (269463212 ns)
    [ PASSED ] CASE: parserPreservesQuestionIdentityAndRejectsIncompleteRecords (75936 ns)
    [ PASSED ] CASE: asciiNameProfileRejectsAmbiguousLabels (78754 ns)
    [ PASSED ] CASE: compressionLoopsForwardPointersAndOutOfRangePointersAreRejected (46091 ns)
    [ PASSED ] CASE: expandedNameAndSectionCountsRespectConfiguredBounds (57816 ns)
    [ PASSED ] CASE: completeParserRejectsTrailingAndTruncatedSectionBytes (35856 ns)
    [ PASSED ] CASE: typedRdataLengthsAndTxtSegmentsAreExact (57637 ns)
    [ PASSED ] CASE: compressedRdataNamesCannotConsumeNeighboringRecordBytes (49428 ns)
    [ PASSED ] CASE: srvTargetCompressionIsRejectedEvenWhenPointerIsInBounds (32693 ns)
    [ PASSED ] CASE: summaryConstructorRejectsSectionMetadataThatCouldBlurBoundaries (15035 ns)
    [ PASSED ] CASE: additionalOwnerMayReferenceAuthorityNameserverTarget (44358 ns)
    [ PASSED ] CASE: additionalOwnerMayReferenceSecondLegacyMailboxName (59736 ns)
    TCS: DnsWireFuzzTest, time elapsed: 170009880 ns, RESULT:
    [ PASSED ] CASE: wireMutationsRejectMalformedMessagesOrRetainOwnedSections (169710403 ns)
    TCS: M8002TcpListenerTest, time elapsed: 65321958 ns, RESULT:
    [ PASSED ] CASE: bindRejectsInvalidBacklogAndStoppedContextsWithStructuredErrors (112002 ns)
    [ PASSED ] CASE: bindFailureRetainsPublicCoordinatesAndCause (152312 ns)
    [ PASSED ] CASE: cancelledAndExpiredAcceptsLeaveListenerReusable (29466323 ns)
    [ PASSED ] CASE: acceptedStreamTransfersExactDataInBothDirections (266104 ns)
    [ PASSED ] CASE: overlappingAcceptIsRejectedWithoutCreatingAPendingQueue (30062841 ns)
    [ PASSED ] CASE: stoppedCloseAdmissionHasNoNativeEffectAndListenerRemainsUsable (3333554 ns)
    [ PASSED ] CASE: gracefulAndAbortTerminalOwnersAreStableAndWakeAccept (200828 ns)
    TCS: M8002UdpSocketTest, time elapsed: 38979550 ns, RESULT:
    [ PASSED ] CASE: datagramBoundariesAndOwnedPayloadSurviveScratchReuse (273017 ns)
    [ PASSED ] CASE: exactCapacityAndTruncationDiscardOnlyTheCurrentDatagramTail (247200 ns)
    [ PASSED ] CASE: connectedSocketSelectsNativePeerAndFiltersOtherSenders (462939 ns)
    [ PASSED ] CASE: invalidAndUnsupportedInputsLeaveSocketReusable (5931475 ns)
    [ PASSED ] CASE: cancellationDeadlineCloseAndAbortRetainDistinctState (30542523 ns)
    TCS: M8007TlsDeadlineCleanupTest, time elapsed: 33492737 ns, RESULT:
    [ PASSED ] CASE: closeDeadlineReleasesAnExistingNativeTcpReadWithoutPeerAssistance (30885941 ns)
    TCS: NetworkFoundationContractTest, time elapsed: 55702311 ns, RESULT:
    [ PASSED ] CASE: unixEndpointFormsAreDistinctAndOwned (35245 ns)
    [ PASSED ] CASE: unixEndpointRejectsUnboundedNames (44853 ns)
    [ PASSED ] CASE: rawSocketCapabilityBoundaryRequiresDomainSpecificProtocol (65844 ns)
    [ PASSED ] CASE: cancelledConnectFailsBeforeSocketCreation (61081 ns)
    [ PASSED ] CASE: tcpStreamCancellationDistinguishesUntouchedFromAbortedDelegate (113004 ns)
    [ PASSED ] CASE: tcpStreamGracefulCloseIsRetainedAndIdempotent (34726 ns)
    [ PASSED ] CASE: tcpStreamTerminalCloseSkipsStoppedContextsAndCallerClock (125885 ns)
    [ PASSED ] CASE: tcpStreamNonterminalStoppedCloseAdmissionStillRejects (93169 ns)
    [ PASSED ] CASE: tcpStreamCloseNormalizesContextFailureWithoutTakingOwnership (3839972 ns)
    [ PASSED ] CASE: tcpStreamAbortRetainsItsCauseAndConnectionFacts (166488 ns)
    [ PASSED ] CASE: tcpStreamDirectionalShutdownPublishesOnlySuccessfulTransitions (93457 ns)
    [ PASSED ] CASE: tcpStreamReadShutdownRejectsEveryReadPathWithoutLosingWrites (107473 ns)
    [ PASSED ] CASE: tcpStreamWriteShutdownRejectsEveryWritePathWithoutLosingReads (114951 ns)
    [ PASSED ] CASE: tcpStreamEmptyOperationsRemainImmediateAfterDirectionalShutdown (42917 ns)
    [ PASSED ] CASE: tcpStreamReadExactAddsCapturedEndpointsToUnexpectedEof (63773 ns)
    [ PASSED ] CASE: tcpStreamReadKeepsPeerEofGraceful (37548 ns)
    [ PASSED ] CASE: tcpStreamReadExactMergesCapturedAndStructuredEndpointMetadata (80386 ns)
    [ PASSED ] CASE: tcpStreamIoConflictsRetainCapturedEndpointsWithoutClosing (183889 ns)
    [ PASSED ] CASE: tcpStreamDirectionalShutdownDoesNotPromoteWokenIoToFailure (137419 ns)
    [ PASSED ] CASE: tcpStreamFinalShutdownRemainsGracefulWhenItWakesIo (70687 ns)
    [ PASSED ] CASE: tcpStreamFailuresRetainOriginalErrorAndReleaseDelegate (127506 ns)
    [ PASSED ] CASE: tcpStreamRetainsNativeCancellationOwnership (7083870 ns)
    [ PASSED ] CASE: tcpStreamNormalizesUnexpectedDelegateFailures (377586 ns)
    [ PASSED ] CASE: tcpStreamPrecancelledIoCannotClaimAnotherClosesOwnership (249413 ns)
    [ PASSED ] CASE: tcpStreamCancellationOwnershipSurvivesOtherObservers (127195 ns)
    [ PASSED ] CASE: tcpStreamAbortCannotRelabelClaimedGracefulNativeClose (60486 ns)
    [ PASSED ] CASE: tcpStreamAbortOwnershipSurvivesCompetingIoAndLateCloseFailure (95022 ns)
    [ PASSED ] CASE: tcpStreamCancellationBoundsCloseWaitAndLateSuccessRemainsGraceful (141204 ns)
    [ PASSED ] CASE: tcpStreamJoiningBackgroundCloseWaitsForCompletion (24703934 ns)
    [ PASSED ] CASE: tcpStreamDeadlineBoundsCloseWaitAndLateSuccessRemainsGraceful (123473 ns)
    [ PASSED ] CASE: tcpStreamLateCloseFailurePublishesFailedWithoutReplacingCallerCancellation (233729 ns)
    [ PASSED ] CASE: tcpStreamAbortRemainsTerminalWhenDetachedCloseFailsLate (405873 ns)
    [ PASSED ] CASE: tcpStreamCloseKeepsGracefulCauseWhenItWakesARead (85645 ns)
    [ PASSED ] CASE: unsafeOptionValueIsBoundedAndOwnedWithoutApplyingIt (171439 ns)
    [ PASSED ] CASE: datagramResultEnforcesTheIpv4PayloadBound (4885406 ns)
    [ PASSED ] CASE: datagramResultSurvivesReceiveBufferReuse (41892 ns)
Summary: TOTAL: 104
    PASSED: 104, SKIPPED: 0, ERROR: 0
    FAILED: 0
--------------------------------------------------------------------------------------------------
Project tests finished, time elapsed: 1971270899 ns, RESULT:
TP: wirestack.*, time elapsed: 1971130717 ns, RESULT:
    PASSED:
    TP: wirestack.net, time elapsed: 1964851207 ns
Summary: TOTAL: 104
    PASSED: 104, SKIPPED: 0, ERROR: 0
    FAILED: 0
--------------------------------------------------------------------------------------------------
cjpm test success
