test_artifact_marker_rejects_unresolved_shell_variable_operand (test_architecture_guard.ArchitectureGuardTests.test_artifact_marker_rejects_unresolved_shell_variable_operand) ... ok
test_assigned_digest_callable_cannot_hide_text_path_domain (test_architecture_guard.ArchitectureGuardTests.test_assigned_digest_callable_cannot_hide_text_path_domain) ... ok
test_assigned_subprocess_and_os_system_commands_are_rejected (test_architecture_guard.ArchitectureGuardTests.test_assigned_subprocess_and_os_system_commands_are_rejected) ... ok
test_assigned_text_path_rejects_artifact_byte_digest (test_architecture_guard.ArchitectureGuardTests.test_assigned_text_path_rejects_artifact_byte_digest) ... ok
test_build_configuration_rejects_openssl_loader_and_tls_ffi (test_architecture_guard.ArchitectureGuardTests.test_build_configuration_rejects_openssl_loader_and_tls_ffi) ... ok
test_build_configuration_rejects_system_openssl (test_architecture_guard.ArchitectureGuardTests.test_build_configuration_rejects_system_openssl) ... ok
test_cksum_sha256_routes_are_rejected (test_architecture_guard.ArchitectureGuardTests.test_cksum_sha256_routes_are_rejected) ... ok
test_composite_action_digest_is_scanned (test_architecture_guard.ArchitectureGuardTests.test_composite_action_digest_is_scanned) ... ok
test_composite_folded_command_and_helper_are_scanned (test_architecture_guard.ArchitectureGuardTests.test_composite_folded_command_and_helper_are_scanned) ... ok
test_concrete_provider_is_rejected_from_generic_tls_and_http (test_architecture_guard.ArchitectureGuardTests.test_concrete_provider_is_rejected_from_generic_tls_and_http) ... ok
test_config_scan_covers_nested_build_files (test_architecture_guard.ArchitectureGuardTests.test_config_scan_covers_nested_build_files) ... ok
test_fully_qualified_std_net_type_in_public_api_is_rejected (test_architecture_guard.ArchitectureGuardTests.test_fully_qualified_std_net_type_in_public_api_is_rejected) ... ok
test_generated_and_build_directories_are_ignored (test_architecture_guard.ArchitectureGuardTests.test_generated_and_build_directories_are_ignored) ... ok
test_internal_names_in_comments_and_literals_do_not_trigger (test_architecture_guard.ArchitectureGuardTests.test_internal_names_in_comments_and_literals_do_not_trigger) ... ok
test_invalid_utf8_helper_fails_closed (test_architecture_guard.ArchitectureGuardTests.test_invalid_utf8_helper_fails_closed) ... ok
test_json_mode_has_stable_machine_readable_shape (test_architecture_guard.ArchitectureGuardTests.test_json_mode_has_stable_machine_readable_shape) ... ok
test_keyword_text_path_rejects_artifact_byte_digest (test_architecture_guard.ArchitectureGuardTests.test_keyword_text_path_rejects_artifact_byte_digest) ... ok
test_legacy_global_tls_provider_is_rejected (test_architecture_guard.ArchitectureGuardTests.test_legacy_global_tls_provider_is_rejected) ... ok
test_literal_log_path_is_text_evidence (test_architecture_guard.ArchitectureGuardTests.test_literal_log_path_is_text_evidence) ... ok
test_local_digest_wrapper_cannot_hide_text_path_domain (test_architecture_guard.ArchitectureGuardTests.test_local_digest_wrapper_cannot_hide_text_path_domain) ... ok
test_low_level_names_in_public_comments_and_literals_do_not_trigger (test_architecture_guard.ArchitectureGuardTests.test_low_level_names_in_public_comments_and_literals_do_not_trigger) ... ok
test_manifest_cannot_hide_folded_text_operand (test_architecture_guard.ArchitectureGuardTests.test_manifest_cannot_hide_folded_text_operand) ... ok
test_multiple_rules_on_one_config_line_are_all_reported (test_architecture_guard.ArchitectureGuardTests.test_multiple_rules_on_one_config_line_are_all_reported) ... ok
test_native_code_rejects_system_openssl_runtime_loader (test_architecture_guard.ArchitectureGuardTests.test_native_code_rejects_system_openssl_runtime_loader) ... ok
test_network_package_rejects_sdk_socket_types_but_allows_owned_raw_socket (test_architecture_guard.ArchitectureGuardTests.test_network_package_rejects_sdk_socket_types_but_allows_owned_raw_socket) ... ok
test_non_python_digest_requires_explicit_domain_marker (test_architecture_guard.ArchitectureGuardTests.test_non_python_digest_requires_explicit_domain_marker) ... ok
test_non_python_domain_manifest_matches_exact_command (test_architecture_guard.ArchitectureGuardTests.test_non_python_domain_manifest_matches_exact_command) ... ok
test_non_python_tool_digest_is_scanned (test_architecture_guard.ArchitectureGuardTests.test_non_python_tool_digest_is_scanned) ... ok
test_one_way_public_to_internal_dependency_is_allowed (test_architecture_guard.ArchitectureGuardTests.test_one_way_public_to_internal_dependency_is_allowed) ... ok
test_openssl_and_embedded_python_digest_commands_are_rejected (test_architecture_guard.ArchitectureGuardTests.test_openssl_and_embedded_python_digest_commands_are_rejected) ... ok
test_openssl_shortcut_and_license_operand_are_rejected (test_architecture_guard.ArchitectureGuardTests.test_openssl_shortcut_and_license_operand_are_rejected) ... ok
test_package_must_match_source_path (test_architecture_guard.ArchitectureGuardTests.test_package_must_match_source_path) ... ok
test_pinned_static_provider_archive_is_allowed (test_architecture_guard.ArchitectureGuardTests.test_pinned_static_provider_archive_is_allowed) ... ok
test_powershell_sha256_api_is_rejected (test_architecture_guard.ArchitectureGuardTests.test_powershell_sha256_api_is_rejected) ... ok
test_private_runtime_and_legacy_stack_are_rejected (test_architecture_guard.ArchitectureGuardTests.test_private_runtime_and_legacy_stack_are_rejected) ... ok
test_public_alias_to_internal_import_is_rejected (test_architecture_guard.ArchitectureGuardTests.test_public_alias_to_internal_import_is_rejected) ... ok
test_public_alias_to_public_owner_is_allowed (test_architecture_guard.ArchitectureGuardTests.test_public_alias_to_public_owner_is_allowed) ... ok
test_public_header_with_internal_import_is_rejected (test_architecture_guard.ArchitectureGuardTests.test_public_header_with_internal_import_is_rejected) ... ok
test_public_internal_dependency_cycle_is_rejected_deterministically (test_architecture_guard.ArchitectureGuardTests.test_public_internal_dependency_cycle_is_rejected_deterministically) ... ok
test_public_member_of_private_class_is_not_exported (test_architecture_guard.ArchitectureGuardTests.test_public_member_of_private_class_is_not_exported) ... ok
test_public_member_of_public_class_with_internal_type_is_rejected (test_architecture_guard.ArchitectureGuardTests.test_public_member_of_public_class_with_internal_type_is_rejected) ... ok
test_python_digest_alias_and_raw_subprocess_are_rejected (test_architecture_guard.ArchitectureGuardTests.test_python_digest_alias_and_raw_subprocess_are_rejected) ... ok
test_repository_evidence_rejects_untyped_digest_comparison (test_architecture_guard.ArchitectureGuardTests.test_repository_evidence_rejects_untyped_digest_comparison) ... ok
test_repository_rejects_alternate_hashlib_constructor_import (test_architecture_guard.ArchitectureGuardTests.test_repository_rejects_alternate_hashlib_constructor_import) ... ok
test_repository_rejects_ambiguous_digest_helper (test_architecture_guard.ArchitectureGuardTests.test_repository_rejects_ambiguous_digest_helper) ... ok
test_repository_rejects_compare_digest_on_bare_digest_field (test_architecture_guard.ArchitectureGuardTests.test_repository_rejects_compare_digest_on_bare_digest_field) ... ok
test_repository_rejects_direct_sha256_import (test_architecture_guard.ArchitectureGuardTests.test_repository_rejects_direct_sha256_import) ... ok
test_repository_rejects_named_digest_field_comparison (test_architecture_guard.ArchitectureGuardTests.test_repository_rejects_named_digest_field_comparison) ... ok
test_repository_rejects_raw_hashlib_digest_outside_control_plane (test_architecture_guard.ArchitectureGuardTests.test_repository_rejects_raw_hashlib_digest_outside_control_plane) ... ok
test_repository_traces_assigned_digest_field_into_comparison (test_architecture_guard.ArchitectureGuardTests.test_repository_traces_assigned_digest_field_into_comparison) ... ok
test_root_build_rejects_provider_specific_paths (test_architecture_guard.ArchitectureGuardTests.test_root_build_rejects_provider_specific_paths) ... ok
test_scripts_python_is_scanned_for_digest_violations (test_architecture_guard.ArchitectureGuardTests.test_scripts_python_is_scanned_for_digest_violations) ... ok
test_source_comments_and_literals_do_not_trigger (test_architecture_guard.ArchitectureGuardTests.test_source_comments_and_literals_do_not_trigger) ... ok
test_std_net_import_outside_adapter_is_rejected (test_architecture_guard.ArchitectureGuardTests.test_std_net_import_outside_adapter_is_rejected) ... ok
test_test_provider_is_rejected_from_production_source (test_architecture_guard.ArchitectureGuardTests.test_test_provider_is_rejected_from_production_source) ... ok
test_text_domain_marker_cannot_approve_raw_digest_command (test_architecture_guard.ArchitectureGuardTests.test_text_domain_marker_cannot_approve_raw_digest_command) ... ok
test_text_evidence_rejects_artifact_digest_and_utf8_fallback (test_architecture_guard.ArchitectureGuardTests.test_text_evidence_rejects_artifact_digest_and_utf8_fallback) ... ok
test_text_path_rejects_artifact_byte_entry_outside_control_plane (test_architecture_guard.ArchitectureGuardTests.test_text_path_rejects_artifact_byte_entry_outside_control_plane) ... ok
test_unqualified_low_level_and_native_types_in_public_api_are_rejected (test_architecture_guard.ArchitectureGuardTests.test_unqualified_low_level_and_native_types_in_public_api_are_rejected) ... ok
test_valid_packages_and_allowed_std_net_adapter_pass (test_architecture_guard.ArchitectureGuardTests.test_valid_packages_and_allowed_std_net_adapter_pass) ... ok
test_fails_closed_when_live_leases_fill_capacity (test_build_apple_resolver.BuildAppleResolverCacheTests.test_fails_closed_when_live_leases_fill_capacity) ... ok
test_never_evicts_an_active_cjpm_lease (test_build_apple_resolver.BuildAppleResolverCacheTests.test_never_evicts_an_active_cjpm_lease) ... ok
test_rejects_malformed_lease_without_deleting_its_entry (test_build_apple_resolver.BuildAppleResolverCacheTests.test_rejects_malformed_lease_without_deleting_its_entry) ... ok
test_removes_stale_leases_before_pruning (test_build_apple_resolver.BuildAppleResolverCacheTests.test_removes_stale_leases_before_pruning) ... ok
test_darwin_resolver_selection_uses_the_cjpm_target_path (test_build_resolver.BuildResolverSelectionTests.test_darwin_resolver_selection_uses_the_cjpm_target_path) ... ok
test_native_dependency_plan_does_not_build_linux_tls_on_windows (test_build_resolver.BuildResolverSelectionTests.test_native_dependency_plan_does_not_build_linux_tls_on_windows) ... ok
test_normalizes_only_implemented_platforms (test_build_resolver.BuildResolverSelectionTests.test_normalizes_only_implemented_platforms) ... ok
test_windows_source_digest_is_line_ending_stable_and_content_bound (test_build_resolver.BuildResolverSelectionTests.test_windows_source_digest_is_line_ending_stable_and_content_bound) ... ok
test_atomic_json (test_codex_fleet.FleetTests.test_atomic_json) ... ok
test_blocked_excluded (test_codex_fleet.FleetTests.test_blocked_excluded) ... ok
test_prompt_boundaries (test_codex_fleet.FleetTests.test_prompt_boundaries) ... ok
test_range_expansion (test_codex_fleet.FleetTests.test_range_expansion) ... ok
test_ready_wave (test_codex_fleet.FleetTests.test_ready_wave) ... ok
test_rejects_missing_duplicate_and_non_https_assets (test_download_cangjie_nightly.DownloadCangjieNightlyTests.test_rejects_missing_duplicate_and_non_https_assets) ... ok
test_resolves_one_exact_official_asset_name (test_download_cangjie_nightly.DownloadCangjieNightlyTests.test_resolves_one_exact_official_asset_name) ... ok
test_accepted_adr_defines_the_sdk_trigger (test_linux_profile_scope.LinuxProfileScopeTests.test_accepted_adr_defines_the_sdk_trigger) ... ok
test_active_backlog_uses_glibc_and_future_task_owns_musl (test_linux_profile_scope.LinuxProfileScopeTests.test_active_backlog_uses_glibc_and_future_task_owns_musl) ... ok
test_linux_status_closes_glibc_tasks_without_claiming_musl (test_linux_profile_scope.LinuxProfileScopeTests.test_linux_status_closes_glibc_tasks_without_claiming_musl) ... ok
test_prd_defers_musl_and_requires_glibc (test_linux_profile_scope.LinuxProfileScopeTests.test_prd_defers_musl_and_requires_glibc) ... ok
test_build_is_content_addressed_and_cache_is_revalidated (test_linux_resolver_build.LinuxResolverBuildTests.test_build_is_content_addressed_and_cache_is_revalidated) ... ok
test_cached_manifest_requires_matching_fingerprint (test_linux_resolver_build.LinuxResolverBuildTests.test_cached_manifest_requires_matching_fingerprint) ... ok
test_fingerprint_covers_source_header_and_target (test_linux_resolver_build.LinuxResolverBuildTests.test_fingerprint_covers_source_header_and_target) ... ok
test_build_fingerprint_covers_shim_and_target (test_linux_tls_provider_build.LinuxTlsProviderBuildTests.test_build_fingerprint_covers_shim_and_target) ... ok
test_cached_archive_digest_is_revalidated (test_linux_tls_provider_build.LinuxTlsProviderBuildTests.test_cached_archive_digest_is_revalidated) ... ok
test_git_diagnostics_do_not_change_source_identity (test_linux_tls_provider_build.LinuxTlsProviderBuildTests.test_git_diagnostics_do_not_change_source_identity) ... ok
test_multicall_tool_symlink_name_is_preserved (test_linux_tls_provider_build.LinuxTlsProviderBuildTests.test_multicall_tool_symlink_name_is_preserved) ... ok
test_repository_manifest_is_exactly_pinned (test_linux_tls_provider_build.LinuxTlsProviderBuildTests.test_repository_manifest_is_exactly_pinned) ... ok
test_source_pin_changes_fail_closed (test_linux_tls_provider_build.LinuxTlsProviderBuildTests.test_source_pin_changes_fail_closed) ... ok
test_atomic_report_replaces_old_content_with_valid_json (test_m3_029_linux_tls_facade.M3029LinuxTlsFacadeTest.test_atomic_report_replaces_old_content_with_valid_json) ... ok
test_consumer_manifest_uses_public_dependency_without_internal_packages (test_m3_029_linux_tls_facade.M3029LinuxTlsFacadeTest.test_consumer_manifest_uses_public_dependency_without_internal_packages) ... ok
test_fixture_package_rewrite_is_exactly_one_source_declaration (test_m3_029_linux_tls_facade.M3029LinuxTlsFacadeTest.test_fixture_package_rewrite_is_exactly_one_source_declaration) ... ok
test_platform_gate_fails_closed (test_m3_029_linux_tls_facade.M3029LinuxTlsFacadeTest.test_platform_gate_fails_closed) ... ok
test_smoke_output_requires_both_real_and_public_markers (test_m3_029_linux_tls_facade.M3029LinuxTlsFacadeTest.test_smoke_output_requires_both_real_and_public_markers) ... ok
test_cangjie_ffi_parameter_and_return_drift_fail_closed (test_m3_030_tls_provider_architecture.M3030TlsProviderArchitectureTests.test_cangjie_ffi_parameter_and_return_drift_fail_closed) ... ok
test_contract_covers_every_production_tls_import (test_m3_030_tls_provider_architecture.M3030TlsProviderArchitectureTests.test_contract_covers_every_production_tls_import) ... ok
test_default_selection_is_exact_linux_aws_lc (test_m3_030_tls_provider_architecture.M3030TlsProviderArchitectureTests.test_default_selection_is_exact_linux_aws_lc) ... ok
test_disallowed_platform_provider_pair_fails_closed (test_m3_030_tls_provider_architecture.M3030TlsProviderArchitectureTests.test_disallowed_platform_provider_pair_fails_closed) ... ok
test_future_adapter_registration_does_not_modify_generic_source (test_m3_030_tls_provider_architecture.M3030TlsProviderArchitectureTests.test_future_adapter_registration_does_not_modify_generic_source) ... ok
test_manifest_identity_version_source_and_abi_mismatches_fail (test_m3_030_tls_provider_architecture.M3030TlsProviderArchitectureTests.test_manifest_identity_version_source_and_abi_mismatches_fail) ... ok
test_missing_abi_function_and_false_capability_are_rejected (test_m3_030_tls_provider_architecture.M3030TlsProviderArchitectureTests.test_missing_abi_function_and_false_capability_are_rejected) ... ok
test_missing_manifest_and_path_escape_are_rejected (test_m3_030_tls_provider_architecture.M3030TlsProviderArchitectureTests.test_missing_manifest_and_path_escape_are_rejected) ... ok
test_native_header_parameter_and_return_drift_fail_closed (test_m3_030_tls_provider_architecture.M3030TlsProviderArchitectureTests.test_native_header_parameter_and_return_drift_fail_closed) ... ok
test_signature_schema_and_calling_convention_fail_closed (test_m3_030_tls_provider_architecture.M3030TlsProviderArchitectureTests.test_signature_schema_and_calling_convention_fail_closed) ... ok
test_task_manifest_contains_no_long_gate (test_m3_030_tls_provider_architecture.M3030TlsProviderArchitectureTests.test_task_manifest_contains_no_long_gate) ... ok
test_unknown_platform_fails_without_fallback (test_m3_030_tls_provider_architecture.M3030TlsProviderArchitectureTests.test_unknown_platform_fails_without_fallback) ... ok
test_unknown_provider_on_known_platform_fails_without_fallback (test_m3_030_tls_provider_architecture.M3030TlsProviderArchitectureTests.test_unknown_provider_on_known_platform_fails_without_fallback) ... ok
test_unknown_schema_and_field_are_rejected (test_m3_030_tls_provider_architecture.M3030TlsProviderArchitectureTests.test_unknown_schema_and_field_are_rejected) ... ok
test_atomic_report_replacement_preserves_old_file_on_failure (test_m3_031_desktop_tls_adoption.M3031DesktopTlsAdoptionTests.test_atomic_report_replacement_preserves_old_file_on_failure) ... ok
test_dependency_evidence_json_preserves_exact_artifact_bytes (test_m3_031_desktop_tls_adoption.M3031DesktopTlsAdoptionTests.test_dependency_evidence_json_preserves_exact_artifact_bytes) ... ok
test_dependency_evidence_rejects_source_and_native_report_drift (test_m3_031_desktop_tls_adoption.M3031DesktopTlsAdoptionTests.test_dependency_evidence_rejects_source_and_native_report_drift) ... ok
test_desktop_acceptance_column_cannot_be_weakened (test_m3_031_desktop_tls_adoption.M3031DesktopTlsAdoptionTests.test_desktop_acceptance_column_cannot_be_weakened) ... ok
test_exact_native_desktop_results_pass (test_m3_031_desktop_tls_adoption.M3031DesktopTlsAdoptionTests.test_exact_native_desktop_results_pass) ... ok
test_failed_poc_wrong_runner_and_source_identity_are_rejected (test_m3_031_desktop_tls_adoption.M3031DesktopTlsAdoptionTests.test_failed_poc_wrong_runner_and_source_identity_are_rejected) ... ok
test_hosted_run_is_bound_to_current_provider_inputs (test_m3_031_desktop_tls_adoption.M3031DesktopTlsAdoptionTests.test_hosted_run_is_bound_to_current_provider_inputs) ... ok
test_missing_core_declaration_fails_closed (test_m3_031_desktop_tls_adoption.M3031DesktopTlsAdoptionTests.test_missing_core_declaration_fails_closed) ... ok
test_partial_skipped_and_unknown_schema_never_pass (test_m3_031_desktop_tls_adoption.M3031DesktopTlsAdoptionTests.test_partial_skipped_and_unknown_schema_never_pass) ... ok
test_provider_license_bundle_is_retained_and_digest_bound (test_m3_031_desktop_tls_adoption.M3031DesktopTlsAdoptionTests.test_provider_license_bundle_is_retained_and_digest_bound) ... ok
test_provider_manifest_cannot_move_the_approved_pin (test_m3_031_desktop_tls_adoption.M3031DesktopTlsAdoptionTests.test_provider_manifest_cannot_move_the_approved_pin) ... ok
test_repository_core_audit_rejects_legacy_dependency_evidence (test_m3_031_desktop_tls_adoption.M3031DesktopTlsAdoptionTests.test_repository_core_audit_rejects_legacy_dependency_evidence) ... ok
test_repository_text_digest_is_checkout_line_ending_stable (test_m3_031_desktop_tls_adoption.M3031DesktopTlsAdoptionTests.test_repository_text_digest_is_checkout_line_ending_stable) ... ok
test_retained_report_and_tls_source_drift_fail_closed (test_m3_031_desktop_tls_adoption.M3031DesktopTlsAdoptionTests.test_retained_report_and_tls_source_drift_fail_closed) ... ok
test_retained_windows_provider_license_digest_is_stale (test_m3_031_desktop_tls_adoption.M3031DesktopTlsAdoptionTests.test_retained_windows_provider_license_digest_is_stale) ... ok
test_stale_revision_is_rejected (test_m3_031_desktop_tls_adoption.M3031DesktopTlsAdoptionTests.test_stale_revision_is_rejected) ... ok
test_validate_provider_honors_selected_root (test_m3_031_desktop_tls_adoption.M3031DesktopTlsAdoptionTests.test_validate_provider_honors_selected_root) ... ok
test_wrong_platform_and_provider_are_rejected (test_m3_031_desktop_tls_adoption.M3031DesktopTlsAdoptionTests.test_wrong_p
[…285ln elided…]
_validate_threat_model.ThreatModelValidatorTests.test_well_formed_missing_backlog_task_is_rejected) ... ok
test_excluded_candidate_cannot_be_shortlisted (test_validate_tls_provider_matrix.Tests.test_excluded_candidate_cannot_be_shortlisted) ... ok
test_final_selection_must_be_deferred_to_m0_020 (test_validate_tls_provider_matrix.Tests.test_final_selection_must_be_deferred_to_m0_020) ... ok
test_harmony_cannot_be_claimed_before_poc (test_validate_tls_provider_matrix.Tests.test_harmony_cannot_be_claimed_before_poc) ... ok
test_incompatible_license_must_be_excluded (test_validate_tls_provider_matrix.Tests.test_incompatible_license_must_be_excluded) ... ok
test_missing_platform_fails (test_validate_tls_provider_matrix.Tests.test_missing_platform_fails) ... ok
test_repository_matrix_passes (test_validate_tls_provider_matrix.Tests.test_repository_matrix_passes) ... ok
test_third_party_comparison_source_rejected (test_validate_tls_provider_matrix.Tests.test_third_party_comparison_source_rejected) ... ok
test_unknown_schema_fails_closed (test_validate_tls_provider_matrix.Tests.test_unknown_schema_fails_closed) ... ok

----------------------------------------------------------------------
Ran 413 tests in 5.820s

OK
test_classification_detects_sustained_starvation (test_dns_carrier_thread.DnsCarrierThreadTests.test_classification_detects_sustained_starvation) ... ok
test_classification_does_not_fail_on_normal_jitter (test_dns_carrier_thread.DnsCarrierThreadTests.test_classification_does_not_fail_on_normal_jitter) ... ok
test_parse_int_list_rejects_duplicates (test_dns_carrier_thread.DnsCarrierThreadTests.test_parse_int_list_rejects_duplicates) ... ok
test_percentile_uses_nearest_rank (test_dns_carrier_thread.DnsCarrierThreadTests.test_percentile_uses_nearest_rank) ... ok
test_probe_parser_retains_host_timestamps_and_gaps (test_dns_carrier_thread.DnsCarrierThreadTests.test_probe_parser_retains_host_timestamps_and_gaps) ... ok
test_shim_parser_rejects_missing_exit (test_dns_carrier_thread.DnsCarrierThreadTests.test_shim_parser_rejects_missing_exit) ... ok
test_shim_parser_requires_paired_calls (test_dns_carrier_thread.DnsCarrierThreadTests.test_shim_parser_requires_paired_calls) ... ok
test_validate_sample_rejects_unintercepted_resolution (test_dns_carrier_thread.DnsCarrierThreadTests.test_validate_sample_rejects_unintercepted_resolution) ... ok
test_atomic_json_output_replaces_without_temporary_files (test_gate_runner.GateRunnerTests.test_atomic_json_output_replaces_without_temporary_files) ... ok
test_cli_writes_error_report_for_malformed_manifest (test_gate_runner.GateRunnerTests.test_cli_writes_error_report_for_malformed_manifest) ... ok
test_disabled_or_wrong_platform_is_skipped (test_gate_runner.GateRunnerTests.test_disabled_or_wrong_platform_is_skipped) ... ok
test_missing_required_tool_is_blocked (test_gate_runner.GateRunnerTests.test_missing_required_tool_is_blocked) ... ok
test_nonzero_exit_fails (test_gate_runner.GateRunnerTests.test_nonzero_exit_fails) ... ok
test_pass_plus_skip_does_not_pass_overall (test_gate_runner.GateRunnerTests.test_pass_plus_skip_does_not_pass_overall) ... ok
test_report_capture_is_bounded_while_full_log_is_retained (test_gate_runner.GateRunnerTests.test_report_capture_is_bounded_while_full_log_is_retained) ... ok
test_successful_scenario_passes (test_gate_runner.GateRunnerTests.test_successful_scenario_passes) ... ok
test_timeout_terminates_child_process_group (test_gate_runner.GateRunnerTests.test_timeout_terminates_child_process_group) ... ok
test_unknown_schema_and_fields_fail_closed (test_gate_runner.GateRunnerTests.test_unknown_schema_and_fields_fail_closed) ... ok
test_classification_requires_count_cases_and_clean_exit (test_http1_quality.Tests.test_classification_requires_count_cases_and_clean_exit) ... ok
test_parse_summary_uses_last_project_total (test_http1_quality.Tests.test_parse_summary_uses_last_project_total) ... ok
test_rejects_inconsistent_or_missing_summary (test_http1_quality.Tests.test_rejects_inconsistent_or_missing_summary) ... ok
test_source_fingerprint_is_stable_and_content_sensitive (test_http1_quality.Tests.test_source_fingerprint_is_stable_and_content_sensitive) ... ok
test_classification_requires_count_cases_and_clean_exit (test_http2_quality.Tests.test_classification_requires_count_cases_and_clean_exit) ... ok
test_parse_summary_uses_last_project_total (test_http2_quality.Tests.test_parse_summary_uses_last_project_total) ... ok
test_rejects_inconsistent_or_missing_summary (test_http2_quality.Tests.test_rejects_inconsistent_or_missing_summary) ... ok
test_source_fingerprint_is_stable_and_content_sensitive (test_http2_quality.Tests.test_source_fingerprint_is_stable_and_content_sensitive) ... ok
test_complete_report_requires_passing_loopback_and_lan (test_m0_005_raw_tcp_baseline.Tests.test_complete_report_requires_passing_loopback_and_lan) ... ok
test_invalid_repetition_bounds_fail_before_compilation (test_m0_005_raw_tcp_baseline.Tests.test_invalid_repetition_bounds_fail_before_compilation) ... ok
test_lan_report_rejects_loopback_route (test_m0_005_raw_tcp_baseline.Tests.test_lan_report_rejects_loopback_route) ... ok
test_parse_heaptrack_allocation_count (test_m0_005_raw_tcp_baseline.Tests.test_parse_heaptrack_allocation_count) ... ok
test_parse_heaptrack_rejects_missing_or_duplicate_count (test_m0_005_raw_tcp_baseline.Tests.test_parse_heaptrack_rejects_missing_or_duplicate_count) ... ok
test_parse_strace_recvfrom_counts_successful_copied_bytes (test_m0_005_raw_tcp_baseline.Tests.test_parse_strace_recvfrom_counts_successful_copied_bytes) ... ok
test_report_measures_counters_but_stays_blocked_without_lan (test_m0_005_raw_tcp_baseline.Tests.test_report_measures_counters_but_stays_blocked_without_lan) ... ok
test_required_payload_matrix_is_exact (test_m0_005_raw_tcp_baseline.Tests.test_required_payload_matrix_is_exact) ... ok
test_accepts_complete_native_windows_report (test_m0_014_windows_copy_profile.M0014ValidatorTests.test_accepts_complete_native_windows_report) ... ok
test_atomic_report_replaces_target_without_temp_residue (test_m0_014_windows_copy_profile.M0014ValidatorTests.test_atomic_report_replaces_target_without_temp_residue) ... ok
test_counting_receiver_adds_dynamic_counter_fields_once (test_m0_014_windows_copy_profile.M0014ValidatorTests.test_counting_receiver_adds_dynamic_counter_fields_once) ... ok
test_environment_report_always_returns_structured_status (test_m0_014_windows_copy_profile.M0014ValidatorTests.test_environment_report_always_returns_structured_status) ... ok
test_instrumentation_retries_empty_etw_heap_reports_with_a_bound (test_m0_014_windows_copy_profile.M0014ValidatorTests.test_instrumentation_retries_empty_etw_heap_reports_with_a_bound) ... ok
test_rejects_cross_compile_and_incomplete_payloads (test_m0_014_windows_copy_profile.M0014ValidatorTests.test_rejects_cross_compile_and_incomplete_payloads) ... ok
test_rejects_missing_four_k_cap_and_cleanup_failure (test_m0_014_windows_copy_profile.M0014ValidatorTests.test_rejects_missing_four_k_cap_and_cleanup_failure) ... ok
test_rejects_skipped_or_derived_metrics_as_pass (test_m0_014_windows_copy_profile.M0014ValidatorTests.test_rejects_skipped_or_derived_metrics_as_pass) ... ok
test_rejects_unknown_schema_and_stale_revision (test_m0_014_windows_copy_profile.M0014ValidatorTests.test_rejects_unknown_schema_and_stale_revision) ... ok
test_xperf_parser_is_bounded_and_fail_closed (test_m0_014_windows_copy_profile.M0014ValidatorTests.test_xperf_parser_is_bounded_and_fail_closed) ... ok
test_cancellation_parser_fails_closed_above_limit (test_m1_025_transport_qualification.M1025TransportQualificationTests.test_cancellation_parser_fails_closed_above_limit) ... ok
test_cancellation_parser_requires_both_complete_scenarios (test_m1_025_transport_qualification.M1025TransportQualificationTests.test_cancellation_parser_requires_both_complete_scenarios) ... ok
test_net05_validation_enforces_payloads_and_thresholds (test_m1_025_transport_qualification.M1025TransportQualificationTests.test_net05_validation_enforces_payloads_and_thresholds) ... ok
test_percentile_uses_nearest_rank (test_m1_025_transport_qualification.M1025TransportQualificationTests.test_percentile_uses_nearest_rank) ... ok
test_aggregate_timing_keeps_repetitions_and_range (test_m1_027_operation_context_profile.Tests.test_aggregate_timing_keeps_repetitions_and_range) ... ok
test_parse_profile_requires_one_expected_stage (test_m1_027_operation_context_profile.Tests.test_parse_profile_requires_one_expected_stage) ... ok
test_perf_output_parser_accepts_user_counters (test_m1_027_operation_context_profile.Tests.test_perf_output_parser_accepts_user_counters) ... ok
test_parser_counts_threads_concurrency_and_delay (test_m2_003_resolver_pool.M2003ResolverPoolGateTests.test_parser_counts_threads_concurrency_and_delay) ... ok
test_parser_requires_complete_native_calls (test_m2_003_resolver_pool.M2003ResolverPoolGateTests.test_parser_requires_complete_native_calls) ... ok
test_validation_rejects_missing_focused_cases (test_m2_003_resolver_pool.M2003ResolverPoolGateTests.test_validation_rejects_missing_focused_cases) ... ok
test_atomic_json_replaces_complete_document_without_temp_residue (test_m2_004_windows_resolver.M2004WindowsResolverGateTests.test_atomic_json_replaces_complete_document_without_temp_residue) ... ok
test_gate_injects_test_stub_only_into_its_workspace_manifest (test_m2_004_windows_resolver.M2004WindowsResolverGateTests.test_gate_injects_test_stub_only_into_its_workspace_manifest) ... ok
test_loaded_report_digest_cannot_follow_an_atomic_replacement (test_m2_004_windows_resolver.M2004WindowsResolverGateTests.test_loaded_report_digest_cannot_follow_an_atomic_replacement) ... ok
test_rejects_missing_test_only_link_stub_marker (test_m2_004_windows_resolver.M2004WindowsResolverGateTests.test_rejects_missing_test_only_link_stub_marker) ... ok
test_rejects_skipped_case_even_with_zero_exit (test_m2_004_windows_resolver.M2004WindowsResolverGateTests.test_rejects_skipped_case_even_with_zero_exit) ... ok
test_rejects_timeout_and_missing_fixture_binding (test_m2_004_windows_resolver.M2004WindowsResolverGateTests.test_rejects_timeout_and_missing_fixture_binding) ... ok
test_rejects_unknown_schema_stale_revision_and_wrong_platform (test_m2_004_windows_resolver.M2004WindowsResolverGateTests.test_rejects_unknown_schema_stale_revision_and_wrong_platform) ... ok
test_stored_validation_must_match_the_validated_report (test_m2_004_windows_resolver.M2004WindowsResolverGateTests.test_stored_validation_must_match_the_validated_report) ... ok
test_target_native_libraries_propagate_to_path_consumers (test_m2_004_windows_resolver.M2004WindowsResolverGateTests.test_target_native_libraries_propagate_to_path_consumers) ... ok
test_test_stub_binding_accepts_windows_as_last_target (test_m2_004_windows_resolver.M2004WindowsResolverGateTests.test_test_stub_binding_accepts_windows_as_last_target) ... ok
test_valid_report_passes (test_m2_004_windows_resolver.M2004WindowsResolverGateTests.test_valid_report_passes) ... ok
test_validation_payload_binds_the_exact_native_report (test_m2_004_windows_resolver.M2004WindowsResolverGateTests.test_validation_payload_binds_the_exact_native_report) ... ok
test_windows_native_source_preserves_distinct_results_and_native_errors (test_m2_004_windows_resolver.M2004WindowsResolverGateTests.test_windows_native_source_preserves_distinct_results_and_native_errors) ... ok
test_fixture_validation_rejects_missing_hosts (test_m2_005_system_resolver.M2005SystemResolverGateTests.test_fixture_validation_rejects_missing_hosts) ... ok
test_parser_allows_sequence_restart_in_another_process (test_m2_005_system_resolver.M2005SystemResolverGateTests.test_parser_allows_sequence_restart_in_another_process) ... ok
test_parser_requires_complete_calls (test_m2_005_system_resolver.M2005SystemResolverGateTests.test_parser_requires_complete_calls) ... ok
test_parser_retains_host_result_and_duration (test_m2_005_system_resolver.M2005SystemResolverGateTests.test_parser_retains_host_result_and_duration) ... ok
test_process_validation_rejects_skipped_gate_cases (test_m2_005_system_resolver.M2005SystemResolverGateTests.test_process_validation_rejects_skipped_gate_cases) ... ok
test_atomic_json_replaces_complete_document_without_temp_residue (test_m2_006_apple_resolver.M2006AppleResolverGateTests.test_atomic_json_replaces_complete_document_without_temp_residue) ... ok
test_atomic_links_and_bounded_cache (test_m2_006_apple_resolver.M2006AppleResolverGateTests.test_atomic_links_and_bounded_cache) ... ok
test_cancellation_waits_for_native_job_readiness (test_m2_006_apple_resolver.M2006AppleResolverGateTests.test_cancellation_waits_for_native_job_readiness) ... ok
test_gate_injects_test_stub_only_into_selected_workspace_target (test_m2_006_apple_resolver.M2006AppleResolverGateTests.test_gate_injects_test_stub_only_into_selected_workspace_target) ... ok
test_ios_launch_retry_is_limited_to_empty_timeout (test_m2_006_apple_resolver.M2006AppleResolverGateTests.test_ios_launch_retry_is_limited_to_empty_timeout) ... ok
test_ios_probe_accepts_cjc_equals_form_target_argument (test_m2_006_apple_resolver.M2006AppleResolverGateTests.test_ios_probe_accepts_cjc_equals_form_target_argument) ... ok
test_ios_runtime_libraries_use_only_the_simulator_sdk_directory (test_m2_006_apple_resolver.M2006AppleResolverGateTests.test_ios_runtime_libraries_use_only_the_simulator_sdk_directory) ... ok
test_ios_target_uses_builder_published_sysroot (test_m2_006_apple_resolver.M2006AppleResolverGateTests.test_ios_target_uses_builder_published_sysroot) ... ok
test_ios_uses_single_process_app_launch_and_fixed_deployment_target (test_m2_006_apple_resolver.M2006AppleResolverGateTests.test_ios_uses_single_process_app_launch_and_fixed_deployment_target) ... ok
test_rejects_cross_compile_only_and_missing_simulator_evidence (test_m2_006_apple_resolver.M2006AppleResolverGateTests.test_rejects_cross_compile_only_and_missing_simulator_evidence) ... ok
test_rejects_duplicate_case_names_and_unbound_probe_copy (test_m2_006_apple_resolver.M2006AppleResolverGateTests.test_rejects_duplicate_case_names_and_unbound_probe_copy) ... ok
test_rejects_incomplete_duplicate_or_failed_simulator_trace (test_m2_006_apple_resolver.M2006AppleResolverGateTests.test_rejects_incomplete_duplicate_or_failed_simulator_trace) ... ok
test_rejects_incomplete_or_changed_simulator_probe (test_m2_006_apple_resolver.M2006AppleResolverGateTests.test_rejects_incomplete_or_changed_simulator_probe) ... ok
test_rejects_skipped_timeout_and_fixture_not_bound (test_m2_006_apple_resolver.M2006AppleResolverGateTests.test_rejects_skipped_timeout_and_fixture_not_bound) ... ok
test_rejects_unknown_schema_stale_revision_and_wrong_platform (test_m2_006_apple_resolver.M2006AppleResolverGateTests.test_rejects_unknown_schema_stale_revision_and_wrong_platform) ... ok
test_retry_requires_empty_timeout_and_complete_recovery (test_m2_006_apple_resolver.M2006AppleResolverGateTests.test_retry_requires_empty_timeout_and_complete_recovery) ... ok
test_sdk_discovery_uses_the_configured_xcrun (test_m2_006_apple_resolver.M2006AppleResolverGateTests.test_sdk_discovery_uses_the_configured_xcrun) ... ok
test_target_native_libraries_propagate_to_path_consumers (test_m2_006_apple_resolver.M2006AppleResolverGateTests.test_target_native_libraries_propagate_to_path_consumers) ... ok
test_valid_native_ios_simulator_report_passes (test_m2_006_apple_resolver.M2006AppleResolverGateTests.test_valid_native_ios_simulator_report_passes) ... ok
test_valid_native_macos_report_passes (test_m2_006_apple_resolver.M2006AppleResolverGateTests.test_valid_native_macos_report_passes) ... ok
test_validation_payload_binds_the_exact_native_report (test_m2_006_apple_resolver.M2006AppleResolverGateTests.test_validation_payload_binds_the_exact_native_report) ... ok
test_parses_deadline_marker (test_m2_015_native_network.M2015NativeNetworkGateTest.test_parses_deadline_marker) ... ok
test_parses_success_marker (test_m2_015_native_network.M2015NativeNetworkGateTest.test_parses_success_marker) ... ok
test_rejects_missing_or_duplicate_result (test_m2_015_native_network.M2015NativeNetworkGateTest.test_rejects_missing_or_duplicate_result) ... ok
test_resource_trend_is_fail_closed_and_detects_growth (test_m2_015_native_network.M2015NativeNetworkGateTest.test_resource_trend_is_fail_closed_and_detects_growth) ... ok
test_campaign_manifest_is_not_in_generic_gate_runner_namespace (test_m7_023_linux_fuzz.M7023LinuxFuzzGateTest.test_campaign_manifest_is_not_in_generic_gate_runner_namespace) ... ok
test_classification_requires_one_exact_marker_and_threshold (test_m7_023_linux_fuzz.M7023LinuxFuzzGateTest.test_classification_requires_one_exact_marker_and_threshold) ... ok
test_crash_artifact_replays_only_checked_in_coordinates (test_m7_023_linux_fuzz.M7023LinuxFuzzGateTest.test_crash_artifact_replays_only_checked_in_coordinates) ... ok
test_manifest_covers_exact_prd_targets_and_verified_corpora (test_m7_023_linux_fuzz.M7023LinuxFuzzGateTest.test_manifest_covers_exact_prd_targets_and_verified_corpora) ... ok
test_nonzero_and_timeout_fail_even_with_a_pass_marker (test_m7_023_linux_fuzz.M7023LinuxFuzzGateTest.test_nonzero_and_timeout_fail_even_with_a_pass_marker) ... ok
test_o2_rewrite_requires_one_compile_option (test_m7_023_linux_fuzz.M7023LinuxFuzzGateTest.test_o2_rewrite_requires_one_compile_option) ... ok
test_path_escape_and_invalid_hex_fail_closed (test_m7_023_linux_fuzz.M7023LinuxFuzzGateTest.test_path_escape_and_invalid_hex_fail_closed) ... ok
test_campaign_manifest_is_not_in_generic_gate_runner_namespace (test_m7_024_linux_performance.M7024LinuxPerformanceGateTest.test_campaign_manifest_is_not_in_generic_gate_runner_namespace) ... ok
test_checked_in_baselines_pass_all_eight_domains (test_m7_024_linux_performance.M7024LinuxPerformanceGateTest.test_checked_in_baselines_pass_all_eight_domains) ... ok
test_domain_schema_error_and_atomic_failure_report_are_explicit (test_m7_024_linux_performance.M7024LinuxPerformanceGateTest.test_domain_schema_error_and_atomic_failure_report_are_explicit) ... ok
test_http2_source_drift_fails_domain (test_m7_024_linux_performance.M7024LinuxPerformanceGateTest.test_http2_source_drift_fails_domain) ... ok
test_manifest_inventory_and_digest_fail_closed (test_m7_024_linux_performance.M7024LinuxPerformanceGateTest.test_manifest_inventory_and_digest_fail_closed) ... ok
test_missing_workload_and_under_sampled_raw_tcp_fail (test_m7_024_linux_performance.M7024LinuxPerformanceGateTest.test_missing_workload_and_under_sampled_raw_tcp_fail) ... ok
test_path_escape_and_non_finite_json_fail_closed (test_m7_024_linux_performance.M7024LinuxPerformanceGateTest.test_path_escape_and_non_finite_json_fail_closed) ... ok
test_threshold_comparisons_accept_equality_and_reject_misses (test_m7_024_linux_performance.M7024LinuxPerformanceGateTest.test_threshold_comparisons_accept_equality_and_reject_misses) ... ok
test_toolchain_environment_mismatch_fails_domain (test_m7_024_linux_performance.M7024LinuxPerformanceGateTest.test_toolchain_environment_mismatch_fails_domain) ... ok
test_nearest_rank_percentile (test_net01_close_wakeup.Net01Tests.test_nearest_rank_percentile) ... ok
test_operation_must_be_blocked (test_net01_close_wakeup.Net01Tests.test_operation_must_be_blocked) ... ok
test_parse_exactly_one_result (test_net01_close_wakeup.Net01Tests.test_parse_exactly_one_result) ... ok
test_sources_use_public_api_only (test_net01_close_wakeup.Net01Tests.test_sources_use_public_api_only) ... ok
test_threshold_fails_closed (test_net01_close_wakeup.Net01Tests.test_threshold_fails_closed) ... ok
test_valid_close_terminal_passes (test_net01_close_wakeup.Net01Tests.test_valid_close_terminal_passes) ... ok
test_write_progress_means_not_blocked (test_net01_close_wakeup.Net01Tests.test_write_progress_means_not_blocked) ... ok
test_wrong_terminal_and_timeout_fail (test_net01_close_wakeup.Net01Tests.test_wrong_terminal_and_timeout_fail) ... ok
test_close_race_requires_both_waiters_after_close (test_net02_full_duplex_races.Net02Tests.test_close_race_requires_both_waiters_after_close) ... ok
test_full_duplex_requires_exact_bytes_and_patterns (test_net02_full_duplex_races.Net02Tests.test_full_duplex_requires_exact_bytes_and_patterns) ... ok
test_parse_and_percentile (test_net02_full_duplex_races.Net02Tests.test_parse_and_percentile) ... ok
test_process_timeout_is_bounded (test_net02_full_duplex_races.Net02Tests.test_process_timeout_is_bounded) ... ok
test_same_direction_evidence_is_observation_not_contract (test_net02_full_duplex_races.Net02Tests.test_same_direction_evidence_is_observation_not_contract) ... ok
test_sources_use_only_public_std_net (test_net02_full_duplex_races.Net02Tests.test_sources_use_only_public_std_net) ... ok
test_classify_accepts_absolute_budget_with_small_overshoot (test_net03_absolute_deadline.Net03AbsoluteDeadlineTests.test_classify_accepts_absolute_budget_with_small_overshoot) ... ok
test_classify_rejects_early_terminal (test_net03_absolute_deadline.Net03AbsoluteDeadlineTests.test_classify_rejects_early_terminal) ... ok
test_classify_rejects_excessive_overshoot (test_net03_absolute_deadline.Net03AbsoluteDeadlineTests.test_classify_rejects_excessive_overshoot) ... ok
test_parse_budgets (test_net03_absolute_deadline.Net03AbsoluteDeadlineTests.test_parse_budgets) ... ok
test_parse_result_requires_one_marker (test_net03_absolute_deadline.Net03AbsoluteDeadlineTests.test_parse_result_requires_one_marker) ... ok
test_partial_write_requires_stable_progress_window (test_net03_absolute_deadline.Net03AbsoluteDeadlineTests.test_partial_write_requires_stable_progress_window) ... ok
test_fin (test_net04_terminal_evidence.Tests.test_fin) ... ok
test_local_eof_ambiguous (test_net04_terminal_evidence.Tests.test_local_eof_ambiguous) ... ok
test_local_exception_distinct (test_net04_terminal_evidence.Tests.test_local_exception_distinct) ... ok
test_local_first_eof_ambiguous (test_net04_terminal_evidence.Tests.test_local_first_eof_ambiguous) ... ok
test_ordered_races (test_net04_terminal_evidence.Tests.test_ordered_races) ... ok
test_parse_exactly_one (test_net04_terminal_evidence.Tests.test_parse_exactly_one) ... ok
test_rst (test_net04_terminal_evidence.Tests.test_rst) ... ok
test_schedule_covers_orders (test_net04_terminal_evidence.Tests.test_schedule_covers_orders) ... ok
test_adapter_sample_requires_zero_staging_copies (test_net05_large_buffer_profile.Tests.test_adapter_sample_requires_zero_staging_copies) ... ok
test_classify_exact_sample (test_net05_large_buffer_profile.Tests.test_classify_exact_sample) ... ok
test_classify_rejects_byte_mismatch (test_net05_large_buffer_profile.Tests.test_classify_rejects_byte_mismatch) ... ok
test_comparison_applies_both_prd_thresholds (test_net05_large_buffer_profile.Tests.test_comparison_applies_both_prd_thresholds) ... ok
test_comparison_uses_one_unittest_binary_shape (test_net05_large_buffer_profile.Tests.test_comparison_uses_one_unittest_binary_shape) ... ok
test_fixed_4k_cap (test_net05_large_buffer_profile.Tests.test_fixed_4k_cap) ... ok
test_gate_covers_every_prd_payload (test_net05_large_buffer_profile.Tests.test_gate_covers_every_prd_payload) ... ok
test_parse_output (test_net05_large_buffer_profile.Tests.test_parse_output) ... ok
test_parse_rejects_missing_result (test_net05_large_buffer_profile.Tests.test_parse_rejects_missing_result) ... ok
test_parses_native_instrumentation (test_net05_large_buffer_profile.Tests.test_parses_native_instrumentation) ... ok
test_percentile_nearest_rank (test_net05_large_buffer_profile.Tests.test_percentile_nearest_rank) ... ok
test_small_payload_is_not_classified_as_a_fixed_4k_cap (test_net05_large_buffer_profile.Tests.test_small_payload_is_not_classified_as_a_fixed_4k_cap) ... ok
test_zero_byte_sample_needs_no_read_and_aggregates_empty_read_sizes (test_net05_large_buffer_profile.Tests.test_zero_byte_sample_needs_no_read_and_aggregates_empty_read_sizes) ... ok
test_connect_close_classification (test_net06_leak_soak.Tests.test_connect_close_classification) ... ok
test_echo_requires_exact_totals (test_net06_leak_soak.Tests.test_echo_requires_exact_totals) ... ok
test_full_linux_profile_uses_required_counts (test_net06_leak_soak.Tests.test_full_linux_profile_uses_required_counts) ... ok
test_parse_rejects_missing_result (test_net06_leak_soak.Tests.test_parse_rejects_missing_result) ... ok
test_parse_result (test_net06_leak_soak.Tests.test_parse_result) ... ok
test_reset_requires_one_socket_exception_per_iteration (test_net06_leak_soak.Tests.test_reset_requires_one_socket_exception_per_iteration) ... ok
test_resource_aggregate (test_net06_leak_soak.Tests.test_resource_aggregate) ... ok
test_resource_trend_excludes_warmup_and_accepts_bounded_plateau (test_net06_leak_soak.Tests.test_resource_trend_excludes_warmup_and_accepts_bounded_plateau) ... ok
test_resource_trend_is_inconclusive_without_enough_samples (test_net06_leak_soak.Tests.test_resource_trend_is_inconclusive_without_enough_samples) ... ok
test_resource_trend_rejects_sustained_rss_or_fd_growth (test_net06_leak_soak.Tests.test_resource_trend_rejects_sustained_rss_or_fd_growth) ... ok
test_scenario_parser (test_net06_leak_soak.Tests.test_scenario_parser) ... ok
test_tls_cleanup_report_is_fail_closed (test_net06_leak_soak.Tests.test_tls_cleanup_report_is_fail_closed) ... ok
test_transport_cleanup_pass_consumes_serialized_scenario_records (test_net06_leak_soak.Tests.test_transport_cleanup_pass_consumes_serialized_scenario_records) ... ok
test_parses_exact_markers_and_heap_plateau (test_net06_production_cleanup.Tests.test_parses_exact_markers_and_heap_plateau) ... ok
test_process_tree_snapshot_has_resource_classes (test_net06_production_cleanup.Tests.test_process_tree_snapshot_has_resource_classes) ... ok
test_rejects_duplicate_marker (test_net06_production_cleanup.Tests.test_rejects_duplicate_marker) ... ok
test_resource_summary_checks_lifecycle_plateau (test_net06_production_cleanup.Tests.test_resource_summary_checks_lifecycle_plateau) ... ok
test_reused_evidence_fails_closed (test_net06_production_cleanup.Tests.test_reused_evidence_fails_closed) ... ok
test_parse_completed_cycles (test_net06_tls_failure_cleanup.Tests.test_parse_completed_cycles) ... ok
test_parse_rejects_missing_or_duplicate_metric (test_net06_tls_failure_cleanup.Tests.test_parse_rejects_missing_or_duplicate_metric) ... ok
test_heap_trend_excludes_warmup_and_fails_growth (test_sse_streaming_profile.Tests.test_heap_trend_excludes_warmup_and_fails_growth) ... ok
test_parse_output_requires_one_protocol_result (test_sse_streaming_profile.Tests.test_parse_output_requires_one_protocol_result) ... ok
test_resource_trend_checks_every_resource_class (test_sse_streaming_profile.Tests.test_resource_trend_checks_every_resource_class) ... ok
test_short_runs_cannot_be_formal (test_sse_streaming_profile.Tests.test_short_runs_cannot_be_formal) ... ok

----------------------------------------------------------------------
Ran 178 tests in 3.461s

OK
test_baseline_threshold_is_ninety_percent (test_http1_benchmark.Http1BenchmarkTest.test_baseline_threshold_is_ninety_percent) ... ok
test_benchmark_snapshot_enables_o2_without_touching_source_manifest (test_http1_benchmark.Http1BenchmarkTest.test_benchmark_snapshot_enables_o2_without_touching_source_manifest) ... ok
test_descendant_totals_include_recursive_children (test_http1_benchmark.Http1BenchmarkTest.test_descendant_totals_include_recursive_children) ... ok
test_linear_memory_growth_fails (test_http1_benchmark.Http1BenchmarkTest.test_linear_memory_growth_fails) ... ok
test_missing_baseline_is_partial_not_pass (test_http1_benchmark.Http1BenchmarkTest.test_missing_baseline_is_partial_not_pass) ... ok
test_round_summary_rejects_inconsistent_checksums (test_http1_benchmark.Http1BenchmarkTest.test_round_summary_rejects_inconsistent_checksums) ... ok
test_round_summary_uses_median_duration (test_http1_benchmark.Http1BenchmarkTest.test_round_summary_uses_median_duration) ... ok
test_aggregate_combines_reversed_passes (test_http2_benchmark.Http2BenchmarkTest.test_aggregate_combines_reversed_passes) ... ok
test_classification_requires_bounds_and_connection_reduction (test_http2_benchmark.Http2BenchmarkTest.test_classification_requires_bounds_and_connection_reduction) ... ok
test_descendant_totals_include_recursive_children (test_http2_benchmark.Http2BenchmarkTest.test_descendant_totals_include_recursive_children) ... ok
test_nearest_rank_percentiles (test_http2_benchmark.Http2BenchmarkTest.test_nearest_rank_percentiles) ... ok
test_production_source_fingerprint_changes_with_source_bytes (test_http2_benchmark.Http2BenchmarkTest.test_production_source_fingerprint_changes_with_source_bytes) ... ok
test_blackhole_requires_two_connections (test_m2_016_dns_to_connected.M2016BenchmarkTest.test_blackhole_requires_two_connections) ... ok
test_duplicate_indexes_fail_closed (test_m2_016_dns_to_connected.M2016BenchmarkTest.test_duplicate_indexes_fail_closed) ... ok
test_loss_allows_delayed_second_attempt (test_m2_016_dns_to_connected.M2016BenchmarkTest.test_loss_allows_delayed_second_attempt) ... ok
test_nearest_rank (test_m2_016_dns_to_connected.M2016BenchmarkTest.test_nearest_rank) ... ok
test_o2_snapshot_does_not_touch_source_manifest (test_m2_016_dns_to_connected.M2016BenchmarkTest.test_o2_snapshot_does_not_touch_source_manifest) ... ok
test_parse_cancellation_sample (test_m2_016_dns_to_connected.M2016BenchmarkTest.test_parse_cancellation_sample) ... ok
test_parse_success_sample (test_m2_016_dns_to_connected.M2016BenchmarkTest.test_parse_success_sample) ... ok
test_classification_enforces_every_threshold (test_m3_028_tls.M3028TlsGateTest.test_classification_enforces_every_threshold) ... ok
test_nearest_rank_is_not_interpolated (test_m3_028_tls.M3028TlsGateTest.test_nearest_rank_is_not_interpolated) ... ok
test_o2_snapshot_rewrite_is_exact (test_m3_028_tls.M3028TlsGateTest.test_o2_snapshot_rewrite_is_exact) ... ok
test_parses_exact_wirestack_marker (test_m3_028_tls.M3028TlsGateTest.test_parses_exact_wirestack_marker) ... ok
test_rejects_duplicate_or_wrong_marker (test_m3_028_tls.M3028TlsGateTest.test_rejects_duplicate_or_wrong_marker) ... ok

----------------------------------------------------------------------
Ran 24 tests in 0.005s

OK
architecture guard: PASS
{"artifacts": {}, "commands": [], "expectedCjdoc": "0.7.2", "generatedAtUtc": "2026-09-10T18:13:13.164991Z", "issues": [{"code": "CJDOC_VERSION", "detail": "expected cjdoc 0.7.2, got 0.7.1"}], "layers": [], "platform": {"libc": "glibc", "machine": "x86_64", "system": "Linux"}, "schemaVersion": 1, "sourceSha256": {}, "status": "BLOCKED", "taskId": "M7-033"}


Wall time: 13.88 seconds

Command exited with code 3