--------------------------------------------------------------------------------------------------
TP: wirestack.net, time elapsed: 1638061359 ns, RESULT:
    TCS: DnsClientWireTest, time elapsed: 980067997 ns, RESULT:
    [ PASSED ] CASE: publicQueryAndLookupUseRealUdpAndRetainAbsoluteCacheExpiry (3400398 ns)
    [ PASSED ] CASE: publicQueryEncodesEveryModeledRecordType (12630928 ns)
    [ PASSED ] CASE: wrongSourceIdAndQuestionAreIgnoredBeforeValidUdpResponse (1277490 ns)
    [ PASSED ] CASE: validatedTruncationFallsBackToExactTcpFrame (1533312 ns)
    [ PASSED ] CASE: activeCancellationRetainsNameserverWithoutRetry (61096338 ns)
    [ PASSED ] CASE: silentDnsAttemptsLeaveBudgetForServerAndPassFailover (506469326 ns)
    [ PASSED ] CASE: exhaustedResponseCodesRetainTheLastRespondingNameserver (4950980 ns)
    [ PASSED ] CASE: unsupportedResponseCodeRetainsRespondingNameserver (2437231 ns)
    [ PASSED ] CASE: dnsTransportFailuresRetainSelectedNameserver (252931848 ns)
    [ PASSED ] CASE: tcpResponseCannotRemainTruncated (1481260 ns)
    [ PASSED ] CASE: malformedMatchingResponseAndUnrelatedSectionsCannotPoisonCache (4708719 ns)
    [ PASSED ] CASE: cnameTraversalUsesAnswerOwnersAndRejectsConflictingTargets (2319738 ns)
    [ PASSED ] CASE: fullResultCapacityDoesNotQueryAnotherFamily (60756712 ns)
    [ PASSED ] CASE: rfc2308CacheRetainsNxdomainVersusNodataWithoutNewPackets (8028095 ns)
    [ PASSED ] CASE: zeroTtlNeverCreatesAPositiveCacheEntry (3353955 ns)
    [ PASSED ] CASE: callerCancellationAndClientCloseWakeActiveNativeReceive (2524073 ns)
    [ PASSED ] CASE: anyFamilyRetainsAddressesWhenTheOtherFamilyFails (7370129 ns)
    [ PASSED ] CASE: crossFamilyConflictsRetainTheLivePeerAlongsideCachedResults (6194043 ns)
    [ PASSED ] CASE: nxdomainInvalidatesVisitedTargetsAndOtherCachedAliases (20815125 ns)
    [ PASSED ] CASE: everyNxdomainInvalidatesPreviouslyCachedAddresses (4559045 ns)
    [ PASSED ] CASE: noncacheableNxdomainStopsOtherFamilyQueries (1959573 ns)
    [ PASSED ] CASE: nameWideNegativeOverridesEarlierFamilyFailure (1874310 ns)
    [ PASSED ] CASE: boundedAdmissionRejectsExcessAndCloseWakesQueuedCallers (1037646 ns)
    TCS: DnsResolverPolicyTest, time elapsed: 288152428 ns, RESULT:
    [ PASSED ] CASE: fromSystemParsesTabsCommentsLastSearchAndClampedNdots (311393 ns)
    [ PASSED ] CASE: directConfigRejectsUnsupportedNameserverZonesBeforeQueries (27644 ns)
    [ PASSED ] CASE: numericNameserverZonesUseCanonicalEndpointIdentity (30435 ns)
    [ PASSED ] CASE: systemNameserversRetainOnlySupportedNumericZones (245715 ns)
    [ PASSED ] CASE: equivalentNameserverScopesDoNotConsumeTheServerLimit (316977 ns)
    [ PASSED ] CASE: configOwnsInputArraysAndReturnsDefensiveCopies (62363 ns)
    [ PASSED ] CASE: adoptedClientRequiresMatchingConfigurationWithoutTakingRejectedOwnership (263453 ns)
    [ PASSED ] CASE: systemFilesFailClosedWhenMissingOversizedOrNonregular (15426998 ns)
    [ PASSED ] CASE: ipv4LiteralsBypassHostsSearchAndNameservers (60373213 ns)
    [ PASSED ] CASE: hostsSnapshotRetainsOnlyUsableIpv6Zones (531176 ns)
    [ PASSED ] CASE: hostsAliasesFilterFamiliesAndRemainSnapshotted (626671 ns)
    [ PASSED ] CASE: trailingRootSkipsSearchWhileNdotsSelectsSearchOrAbsoluteFirst (3540136 ns)
    [ PASSED ] CASE: exactHostsEntryWinsBeforeSearchSuffixDns (200803584 ns)
    [ PASSED ] CASE: cancelledExpiredAndClosedCallsRetainPublicResolveClassifications (747336 ns)
    [ PASSED ] CASE: connectUsesHostsMappingForANativeListenerExchange (927933 ns)
    [ PASSED ] CASE: resolverConnectCarriesOneAbsoluteDeadlineIntoNativeTcpAdmission (635350 ns)
    TCS: DnsWireParserTest, time elapsed: 40336772 ns, RESULT:
    [ PASSED ] CASE: decodesCompressedTargetsBinaryTxtSoaAndUnknownData (232826 ns)
    [ PASSED ] CASE: recordOrderMakesAnswerAuthorityAndAdditionalBoundariesExplicit (97803 ns)
    [ PASSED ] CASE: summariesAndRecordsOwnParserAndConstructorInputs (51409 ns)
    [ PASSED ] CASE: publicSummaryRejectsCountsBeyondWireAndCombinedRecordBounds (35957124 ns)
    [ PASSED ] CASE: parserPreservesQuestionIdentityAndRejectsIncompleteRecords (248484 ns)
    [ PASSED ] CASE: asciiNameProfileRejectsAmbiguousLabels (133678 ns)
    [ PASSED ] CASE: compressionLoopsForwardPointersAndOutOfRangePointersAreRejected (107157 ns)
    [ PASSED ] CASE: expandedNameAndSectionCountsRespectConfiguredBounds (124431 ns)
    [ PASSED ] CASE: completeParserRejectsTrailingAndTruncatedSectionBytes (67531 ns)
    [ PASSED ] CASE: typedRdataLengthsAndTxtSegmentsAreExact (91455 ns)
    [ PASSED ] CASE: compressedRdataNamesCannotConsumeNeighboringRecordBytes (72562 ns)
    [ PASSED ] CASE: srvTargetCompressionIsRejectedEvenWhenPointerIsInBounds (33264 ns)
    [ PASSED ] CASE: summaryConstructorRejectsSectionMetadataThatCouldBlurBoundaries (19961 ns)
    [ PASSED ] CASE: additionalOwnerMayReferenceAuthorityNameserverTarget (46605 ns)
    [ PASSED ] CASE: additionalOwnerMayReferenceSecondLegacyMailboxName (60785 ns)
    TCS: DnsWireFuzzTest, time elapsed: 171056588 ns, RESULT:
    [ PASSED ] CASE: wireMutationsRejectMalformedMessagesOrRetainOwnedSections (170451548 ns)
    TCS: M8002TcpListenerTest, time elapsed: 59195986 ns, RESULT:
    [ PASSED ] CASE: bindRejectsInvalidBacklogAndStoppedContextsWithStructuredErrors (164822 ns)
    [ PASSED ] CASE: bindFailureRetainsPublicCoordinatesAndCause (193316 ns)
    [ PASSED ] CASE: cancelledAndExpiredAcceptsLeaveListenerReusable (26534458 ns)
    [ PASSED ] CASE: acceptedStreamTransfersExactDataInBothDirections (200024 ns)
    [ PASSED ] CASE: overlappingAcceptIsRejectedWithoutCreatingAPendingQueue (30097403 ns)
    [ PASSED ] CASE: stoppedCloseAdmissionHasNoNativeEffectAndListenerRemainsUsable (308047 ns)
    [ PASSED ] CASE: gracefulAndAbortTerminalOwnersAreStableAndWakeAccept (174895 ns)
    TCS: M8002UdpSocketTest, time elapsed: 34226091 ns, RESULT:
    [ PASSED ] CASE: datagramBoundariesAndOwnedPayloadSurviveScratchReuse (231260 ns)
    [ PASSED ] CASE: exactCapacityAndTruncationDiscardOnlyTheCurrentDatagramTail (256544 ns)
    [ PASSED ] CASE: connectedSocketSelectsNativePeerAndFiltersOtherSenders (266556 ns)
    [ PASSED ] CASE: invalidAndUnsupportedInputsLeaveSocketReusable (2062263 ns)
    [ PASSED ] CASE: cancellationDeadlineCloseAndAbortRetainDistinctState (30456501 ns)
    TCS: M8007TlsDeadlineCleanupTest, time elapsed: 23709120 ns, RESULT:
    [ PASSED ] CASE: closeDeadlineReleasesAnExistingNativeTcpReadWithoutPeerAssistance (23248772 ns)
    TCS: NetworkFoundationContractTest, time elapsed: 40178940 ns, RESULT:
    [ PASSED ] CASE: unixEndpointFormsAreDistinctAndOwned (20473 ns)
    [ PASSED ] CASE: unixEndpointRejectsUnboundedNames (30648 ns)
    [ PASSED ] CASE: rawSocketCapabilityBoundaryRequiresDomainSpecificProtocol (46233 ns)
    [ PASSED ] CASE: cancelledConnectFailsBeforeSocketCreation (41452 ns)
    [ PASSED ] CASE: tcpStreamCancellationDistinguishesUntouchedFromAbortedDelegate (83679 ns)
    [ PASSED ] CASE: tcpStreamGracefulCloseIsRetainedAndIdempotent (24917 ns)
    [ PASSED ] CASE: tcpStreamTerminalCloseSkipsStoppedContextsAndCallerClock (101129 ns)
    [ PASSED ] CASE: tcpStreamNonterminalStoppedCloseAdmissionStillRejects (71402 ns)
    [ PASSED ] CASE: tcpStreamCloseNormalizesContextFailureWithoutTakingOwnership (58089 ns)
    [ PASSED ] CASE: tcpStreamAbortRetainsItsCauseAndConnectionFacts (105583 ns)
    [ PASSED ] CASE: tcpStreamDirectionalShutdownPublishesOnlySuccessfulTransitions (71597 ns)
    [ PASSED ] CASE: tcpStreamReadShutdownRejectsEveryReadPathWithoutLosingWrites (90425 ns)
    [ PASSED ] CASE: tcpStreamWriteShutdownRejectsEveryWritePathWithoutLosingReads (82800 ns)
    [ PASSED ] CASE: tcpStreamEmptyOperationsRemainImmediateAfterDirectionalShutdown (31249 ns)
    [ PASSED ] CASE: tcpStreamReadExactAddsCapturedEndpointsToUnexpectedEof (53410 ns)
    [ PASSED ] CASE: tcpStreamReadKeepsPeerEofGraceful (28041 ns)
    [ PASSED ] CASE: tcpStreamReadExactMergesCapturedAndStructuredEndpointMetadata (66737 ns)
    [ PASSED ] CASE: tcpStreamIoConflictsRetainCapturedEndpointsWithoutClosing (151077 ns)
    [ PASSED ] CASE: tcpStreamDirectionalShutdownDoesNotPromoteWokenIoToFailure (86934 ns)
    [ PASSED ] CASE: tcpStreamFinalShutdownRemainsGracefulWhenItWakesIo (38731 ns)
    [ PASSED ] CASE: tcpStreamFailuresRetainOriginalErrorAndReleaseDelegate (58477 ns)
    [ PASSED ] CASE: tcpStreamRetainsNativeCancellationOwnership (1284600 ns)
    [ PASSED ] CASE: tcpStreamNormalizesUnexpectedDelegateFailures (195355 ns)
    [ PASSED ] CASE: tcpStreamPrecancelledIoCannotClaimAnotherClosesOwnership (108240 ns)
    [ PASSED ] CASE: tcpStreamCancellationOwnershipSurvivesOtherObservers (81037 ns)
    [ PASSED ] CASE: tcpStreamAbortCannotRelabelClaimedGracefulNativeClose (49454 ns)
    [ PASSED ] CASE: tcpStreamAbortOwnershipSurvivesCompetingIoAndLateCloseFailure (75124 ns)
    [ PASSED ] CASE: tcpStreamCancellationBoundsCloseWaitAndLateSuccessRemainsGraceful (88828 ns)
    [ PASSED ] CASE: tcpStreamJoiningBackgroundCloseWaitsForCompletion (28566614 ns)
    [ PASSED ] CASE: tcpStreamDeadlineBoundsCloseWaitAndLateSuccessRemainsGraceful (221512 ns)
    [ PASSED ] CASE: tcpStreamLateCloseFailurePublishesFailedWithoutReplacingCallerCancellation (116089 ns)
    [ PASSED ] CASE: tcpStreamAbortRemainsTerminalWhenDetachedCloseFailsLate (95051 ns)
    [ PASSED ] CASE: tcpStreamCloseKeepsGracefulCauseWhenItWakesARead (59487 ns)
    [ PASSED ] CASE: unsafeOptionValueIsBoundedAndOwnedWithoutApplyingIt (160127 ns)
    [ PASSED ] CASE: datagramResultEnforcesTheIpv4PayloadBound (2099523 ns)
    [ PASSED ] CASE: datagramResultSurvivesReceiveBufferReuse (44137 ns)
Summary: TOTAL: 104
    PASSED: 104, SKIPPED: 0, ERROR: 0
    FAILED: 0
--------------------------------------------------------------------------------------------------
Project tests finished, time elapsed: 1642539497 ns, RESULT:
TP: wirestack.*, time elapsed: 1642433980 ns, RESULT:
    PASSED:
    TP: wirestack.net, time elapsed: 1638061359 ns
Summary: TOTAL: 104
    PASSED: 104, SKIPPED: 0, ERROR: 0
    FAILED: 0
--------------------------------------------------------------------------------------------------
cjpm test success
