--------------------------------------------------------------------------------------------------
TP: wirestack.internal.tls_engine, time elapsed: 36534895875 ns, RESULT:
    TCS: TlsConnectionTest, time elapsed: 66931210 ns, RESULT:
    [ PASSED ] CASE: handshakeTransfersOwnershipAndPlaintextIoUsesTheEngine (1457245 ns)
    [ PASSED ] CASE: oneReadAndOneWriteMayOverlapButSecondReadFailsImmediately (1529921 ns)
    [ PASSED ] CASE: handshakeFailureAbortsTransportAndReleasesEngineExactlyOnce (191391 ns)
    [ PASSED ] CASE: expiredHandshakeDeadlineStillConsumesAndAbortsBothInputs (183411 ns)
    [ PASSED ] CASE: ioFailureAbortsAndRepeatedTerminalCallsDoNotReleaseTwice (1198843 ns)
    [ PASSED ] CASE: unsupportedHalfCloseDoesNotMutateAnOpenConnection (324253 ns)
    [ PASSED ] CASE: concurrentCloseAndAbortReleaseUnderlyingResourcesOnce (18643294 ns)
    [ PASSED ] CASE: gracefulCloseSendsAndProcessesCloseNotifyBeforeReleasingResources (470519 ns)
    [ PASSED ] CASE: tcpEofDuringGracefulCloseRetainsTruncationAndStillReleasesEverything (286014 ns)
    [ PASSED ] CASE: expiredCloseBudgetStillClosesTransportAndReleasesEngine (243186 ns)
    [ PASSED ] CASE: abortNeverAttemptsTlsShutdownAndRetainsLocalAbortEvidence (171384 ns)
    [ PASSED ] CASE: cancelledCloseReleasesEngineWhenImmediateAbortCallbackThrows (397276 ns)
    [ PASSED ] CASE: tcpEofDuringApplicationReadRetainsTruncationBeforeAbort (660674 ns)
    [ PASSED ] CASE: peerCloseNotifyProducesEofEvidenceAndRejectsNewApplicationWrites (949652 ns)
    [ PASSED ] CASE: closeDeadlineExpiresWhileAnExistingBackgroundReadOwnsPumpAdmission (29527477 ns)
    [ PASSED ] CASE: closeCancellationInterruptsAnExistingBackgroundReadWithinTheBound (2868620 ns)
    [ PASSED ] CASE: closeCancellationDoesNotWaitBehindAnExistingCiphertextWrite (2825648 ns)
    TCS: Net06TlsTransportCleanupGateTest, time elapsed: 3557058 ns, RESULT:
    [ PASSED ] CASE: failedHandshakesDisposeEngineAndTransportExactlyOnce (3093597 ns)
    TCS: TlsContextTest, time elapsed: 7172178 ns, RESULT:
    [ PASSED ] CASE: linuxCapabilitiesAreExplicitAndNeverInferredFromProviderNames (45476 ns)
    [ PASSED ] CASE: defaultSystemTrustFailsAtBuildUntilLinuxAdapterIsAvailable (202585 ns)
    [ PASSED ] CASE: modernClientContextIsImmutableAndConcurrentShareable (979706 ns)
    [ PASSED ] CASE: strictTls13RejectsAnyTls12Override (172530 ns)
    [ PASSED ] CASE: missingTls13AndHttp2CapabilitiesFailBeforeHandshake (191147 ns)
    [ PASSED ] CASE: alpnRejectsEmptyAndDuplicateProtocolNames (502151 ns)
    [ PASSED ] CASE: serverRequiresServerIdentityAndMtlSTrustAtBuildTime (1636215 ns)
    [ PASSED ] CASE: clientIdentityCapabilityIsValidatedAtBuildTime (1552389 ns)
    TCS: TlsEnginePumpTest, time elapsed: 538588359 ns, RESULT:
    [ PASSED ] CASE: awsLcClientEngineProducesAClientHelloWithoutSocketIo (48479406 ns)
    [ PASSED ] CASE: strictTls13PolicyIsAcceptedByTheNativeEngine (176321 ns)
    [ PASSED ] CASE: LinuxSystemTrustLoadsExplicitlyAndSniStaysSeparateFromReferenceIdentity (24112138 ns)
    [ PASSED ] CASE: customRootChainIsLoadedIntoARealAwsLcClientEngine (777378 ns)
    [ PASSED ] CASE: spkiPinPolicyConfiguresTheNativeVerificationPathBeforeHandshake (344232 ns)
    [ PASSED ] CASE: matchingSpkiPinCompletesARealClientServerHandshake (17408977 ns)
    [ PASSED ] CASE: matchingSpkiPinDoesNotBypassReferenceIdentityVerification (20730460 ns)
    [ PASSED ] CASE: realAwsLcEnginesExchangeCloseNotifyInBothDirections (19157906 ns)
    [ PASSED ] CASE: handshakeInfoReportsNegotiatedAlpnPeerChainAndVerificationEvidence (22228920 ns)
    [ PASSED ] CASE: tls13TicketResumesAcrossFreshEnginesWithoutEarlyData (23156920 ns)
    [ PASSED ] CASE: tls12TicketResumesAcrossFreshEngines (15382233 ns)
    [ PASSED ] CASE: sniSelectsTheCompleteImmutableContextAndItsCertificate (16567717 ns)
    [ PASSED ] CASE: sniSelectorRejectsMissingAndUnknownNamesWithStableEvidence (25034809 ns)
    [ PASSED ] CASE: noSharedAlpnFailsTheHandshakeInsteadOfSilentlySelectingNothing (15004956 ns)
    [ PASSED ] CASE: requiredMutualTlsUsesClientIdentityAndReturnsServerVerificationEvidence (22213012 ns)
    [ PASSED ] CASE: requiredMutualTlsRejectsMissingClientIdentityButOptionalAllowsIt (23586351 ns)
    [ PASSED ] CASE: mismatchedSpkiPinFailsARealClientServerHandshake (22226396 ns)
    [ PASSED ] CASE: externalSignerCompletesARealHandshakeOutsideTheNativeCallback (47422433 ns)
    [ PASSED ] CASE: externalSignerExceptionFailsClosedWithoutCrossingTheCAbi (34469953 ns)
    [ PASSED ] CASE: cancellationBeforeSignerInvocationFailsThePendingNativeOperation (26245456 ns)
    [ PASSED ] CASE: tls12ContextVersionsPartitionRealClientAndServerSessions (48948050 ns)
    [ PASSED ] CASE: tls13ContextVersionsPartitionRealClientAndServerTickets (47273825 ns)
    [ PASSED ] CASE: pumpHandlesWantReadWriteAndPartialIoWithBoundedBuffers (136439 ns)
    [ PASSED ] CASE: wantWriteWithoutCiphertextFailsInsteadOfSpinning (231146 ns)
    [ PASSED ] CASE: eofDuringWantReadRetainsTlsHandshakeEvidence (371839 ns)
    [ PASSED ] CASE: preCancellationStopsBeforeCallingProviderOrTransport (185267 ns)
    [ PASSED ] CASE: expiredDeadlineStopsBeforeCallingProviderOrTransport (179215 ns)
    TCS: LocalIdentityTest, time elapsed: 12222369 ns, RESULT:
    [ PASSED ] CASE: pkcs8InputIsExactBoundedAndZeroizable (1270328 ns)
    [ PASSED ] CASE: pkcs8FileAdapterReadsOneBoundedRegularFile (1134607 ns)
    [ PASSED ] CASE: localIdentityValidatesLeafKeyMatchAndHasStablePublicIdentity (3456928 ns)
    [ PASSED ] CASE: mismatchedCertificateAndPrivateKeyFailAtIdentityBuild (1765180 ns)
    [ PASSED ] CASE: externalSignerAndSystemHandleShareOneOpaqueKeyContract (764334 ns)
    [ PASSED ] CASE: duplicateSignerAlgorithmsAndMismatchedSpkiFailAtBuild (696381 ns)
    TCS: M3028TlsFuzzTest, time elapsed: 35900123190 ns, RESULT:
    [ PASSED ] CASE: recordMutationsHaveDeterministicTypedTerminals (15729241277 ns)
    [ PASSED ] CASE: handshakeMutationsHaveDeterministicTypedTerminals (14162911600 ns)
    [ PASSED ] CASE: certificateAdapterMutationsHaveDeterministicTypedTerminals (6006556784 ns)
    TCS: TlsM8006ContextTest, time elapsed: 2786005 ns, RESULT:
    [ PASSED ] CASE: sessionPartitionsRetainOnlyTheMatchingContextVersion (65578 ns)
    [ PASSED ] CASE: decryptorRequiresProviderCapabilityAndRsaExternalIdentity (1938226 ns)
    [ PASSED ] CASE: keyLogSinkRequiresExplicitProviderCapability (99109 ns)
    TCS: TlsProviderSubstitutionTest, time elapsed: 1347322 ns, RESULT:
    [ PASSED ] CASE: testProviderUsesTheProductionFactoryContract (382671 ns)
    [ PASSED ] CASE: objectsFromDifferentProviderInstancesCannotMix (447061 ns)
    [ PASSED ] CASE: activeEngineRetainsProviderUntilItCloses (24201 ns)
    TCS: TlsSessionStoreTest, time elapsed: 566162 ns, RESULT:
    [ PASSED ] CASE: boundedLruExpiryAndSingleUseAreDeterministic (65072 ns)
    [ PASSED ] CASE: everySecurityPartitionDimensionPreventsReuse (105669 ns)
Summary: TOTAL: 70
    PASSED: 70, SKIPPED: 0, ERROR: 0
    FAILED: 0
--------------------------------------------------------------------------------------------------
Project tests finished, time elapsed: 36540237562 ns, RESULT:
TP: wirestack.*, time elapsed: 36539896494 ns, RESULT:
    PASSED:
    TP: wirestack.internal.tls_engine, time elapsed: 36534895875 ns
Summary: TOTAL: 70
    PASSED: 70, SKIPPED: 0, ERROR: 0
    FAILED: 0
--------------------------------------------------------------------------------------------------
cjpm test success
