M7-022 Linux release soak: FAIL: SOAK_ALREADY_RUNNING: another invocation is active
M0-016 validation: PASS
architecture guard: PASS
{"artifacts": {"api": "docs/api/generated/api-surface.json", "coverage": "docs/api/generated/coverage.json", "docs": "docs/api/generated/docs.json", "markdown": "docs/api/generated/markdown"}, "cjdoc": {"path": "<repo-root>-pr-worktrees/M8-004-recovery-tools/cjdoc/bin/cjdoc", "version": "0.7.2"}, "combined": {"apiEntries": 1485, "apiSha256": "8b38d16cdebd6ea1d9a7c90dd3d9880f881acd4eb66f91c83452ec7784def8ff", "coverage": {"parameters": {"documented": 717, "percent": 100, "total": 717}, "symbols": {"documented": 1485, "percent": 100, "total": 1485}}, "coverageSha256": "e8365c7ebd1e6127364ab88fb02c7abd085b84228f34ece406783b58f2c75d56", "declarations": 2454, "docsSha256": "3c6c56c49d4a85a52ffc0fe8d62bb1feab549be00406a38c634aeb50a0a5a881", "markdownSha256": "988b54088600cbe0a4c63d442b309d59a3f11ecb93cf3db6b5ced6bd4f632518", "package": "combined", "status": "PASS"}, "commands": [{"kind": "check", "package": "wirestack", "returncode": 0, "status": "PASS", "stderr": "documentation coverage: symbols 662/662 (100%), parameters 262/262 (100%)\n", "stderr_truncated": false, "stdout": "", "stdout_truncated": false}, {"kind": "generate", "package": "wirestack", "returncode": 0, "status": "PASS", "stderr": "", "stderr_truncated": false, "stdout": "generated /tmp/wirestack-m7-033-pm5zs2t6/wirestack/output\n", "stdout_truncated": false}, {"kind": "check", "package": "wirestack.http", "returncode": 0, "status": "PASS", "stderr": "documentation coverage: symbols 1064/1064 (100%), parameters 482/482 (100%)\n", "stderr_truncated": false, "stdout": "", "stdout_truncated": false}, {"kind": "generate", "package": "wirestack.http", "returncode": 0, "status": "PASS", "stderr": "", "stderr_truncated": false, "stdout": "generated /tmp/wirestack-m7-033-pm5zs2t6/wirestack-http/output\n", "stdout_truncated": false}, {"kind": "check", "package": "wirestack.tls", "returncode": 0, "status": "PASS", "stderr": "documentation coverage: symbols 842/842 (100%), parameters 326/326 (100%)\n", "stderr_truncated": false, "stdout": "", "stdout_truncated": false}, {"kind": "generate", "package": "wirestack.tls", "returncode": 0, "status": "PASS", "stderr": "", "stderr_truncated": false, "stdout": "generated /tmp/wirestack-m7-033-pm5zs2t6/wirestack-tls/output\n", "stdout_truncated": false}, {"kind": "check", "package": "wirestack.net", "returncode": 0, "status": "PASS", "stderr": "documentation coverage: symbols 903/903 (100%), parameters 433/433 (100%)\n", "stderr_truncated": false, "stdout": "", "stdout_truncated": false}, {"kind": "generate", "package": "wirestack.net", "returncode": 0, "status": "PASS", "stderr": "", "stderr_truncated": false, "stdout": "generated /tmp/wirestack-m7-033-pm5zs2t6/wirestack-net/output\n", "stdout_truncated": false}, {"kind": "check", "package": "combined", "returncode": 0, "status": "PASS", "stderr": "documentation coverage: symbols 1485/1485 (100%), parameters 717/717 (100%)\n", "stderr_truncated": false, "stdout": "", "stdout_truncated": false}, {"kind": "generate", "package": "combined", "returncode": 0, "status": "PASS", "stderr": "", "stderr_truncated": false, "stdout": "generated /tmp/wirestack-m7-033-pm5zs2t6/combined/output\n", "stdout_truncated": false}], "expectedCjdoc": "0.7.2", "generatedAtUtc": "2026-09-13T23:41:04.711695Z", "issues": [], "layers": [{"apiEntries": 662, "apiSha256": "18ef8b0e5e6dd34daae0b7bfc98e0c0c370f7237eb07e72e432c76a13726a88e", "coverage": {"parameters": {"documented": 262, "percent": 100, "total": 262}, "symbols": {"documented": 662, "percent": 100, "total": 662}}, "coverageSha256": "a33481d03da902371e26245f67bb94f450d89ef66b9c0ad36bac6970eaf207b4", "declarations": 808, "docsSha256": "df3c07c4f0458a36021e9f7928e3e0fdbde27785c527e9d40ac60e00094f1014", "markdownSha256": "3055a19762b460c1f977ca0ed29a1154c7af8cda9d232351ef2bba0e2b409b45", "package": "wirestack", "status": "PASS"}, {"apiEntries": 1064, "apiSha256": "df063511115594aeb57225f01bb32c12549ec6888a45469c93fd0f19a7229a49", "coverage": {"parameters": {"documented": 482, "percent": 100, "total": 482}, "symbols": {"documented": 1064, "percent": 100, "total": 1064}}, "coverageSha256": "a5043809b426f1ca07c8ae09cfd3230e98484f4d664c61af9e977222ce072dfc", "declarations": 1732, "docsSha256": "7c220e541cac8832664b2ca81fd572a9672e1f111437a759d3eecef581d186af", "markdownSha256": "b90982339ea708b7f7715aac927745b2581b6855195119690f6e0f5582139392", "package": "wirestack.http", "status": "PASS"}, {"apiEntries": 842, "apiSha256": "5751a32c7a6a83cdf59c0a266f731106d1cd4c66544675f81f5fb098d0611c76", "coverage": {"parameters": {"documented": 326, "percent": 100, "total": 326}, "symbols": {"documented": 842, "percent": 100, "total": 842}}, "coverageSha256": "7a50e3c7e7db1d9f22cbc5ec22c1cf93dc67645d337f7e79f780703dee2dce38", "declarations": 1018, "docsSha256": "6f28917d93d959242c5738dcf2e96ec6514c502d893820da42e2ba99a23b53d2", "markdownSha256": "f11ae8b6080dd249c5c33562a00732f7bbd35c67e423c0bcfc39ae9935b07646", "package": "wirestack.tls", "status": "PASS"}, {"apiEntries": 903, "apiSha256": "cd4df30531ee0650e00fcd40cfbb9e53492082530725e8a9be73be80110505cd", "coverage": {"parameters": {"documented": 433, "percent": 100, "total": 433}, "symbols": {"documented": 903, "percent": 100, "total": 903}}, "coverageSha256": "6371ebd2d7a1b2ee19d799c9f26f93f4c0d25f2647e34ee6622e4e4a29d4b78a", "declarations": 1320, "docsSha256": "c70598deda76080c81076f9ec59bdcfd7362edc37ddeea322bfc6770e9b54391", "markdownSha256": "c665cef542630b9fbda37c53b17bfede25aa487c50b010430c1047257d4e1bfe", "package": "wirestack.net", "status": "PASS"}], "platform": {"libc": "glibc", "machine": "x86_64", "system": "Linux"}, "schemaVersion": 1, "sourceSha256": {"src/byte_span.cj": "4b38c6d184e172a56f0c39308294cbd2485ff683aba4f27028abe07c2b4661c4", "src/cancellation.cj": "c023b65acab9740096dc1ec9a770cf59d7361b2fec3dcdeebb3cc6033d78034d", "src/common.cj": "7a6d9bf1bd56bb9c5209152b2482dee044027f8d348233dcd6cc7b87d1c866e3", "src/deadline.cj": "15c5fd0c7f2dcfb4be7150359990c7c35cde11aa3332f80a9efe9f79e431a7c4", "src/hostname_verifier.cj": "a0d06b89cf163b91339e5690bf1d15d8e94bd4912c2792b35e0cdd09d4e34989", "src/http/cancellation.cj": "8ff94be6a771af4c56dab7dc982fca0a16e6df1da4d1a14303dfc179f9225537", "src/http/client.cj": "97131a36c964f68cbc6697a87a4fd5fe81a5a0d146dee3355b4386a47f97c628", "src/http/cookie.cj": "5326d61b5121e75e56750a29c960dc97e9b7fc34ba10f62236e3b19adbaee1d8", "src/http/duplex.cj": "e81f52f4efbc0b728a1891d67bc0f3a6292af471d16d992b65e2055e44ffac24", "src/http/error.cj": "d88c54a157e02063ab4048c197631daba3642a9618672841e4b98d3a25d275ad", "src/http/file_handler.cj": "2706ddeadba5c448a9bdf9ed1b604d5fe56c527b001d28ecb3b558b93728df74", "src/http/hooks.cj": "0b6016a645fd69bbb8743e5abfed22b4c325286a450587b4ff87b722ef04f2ed", "src/http/multipart.cj": "506c82b691fa280fc147fa7d6f73aa5ed7b1045f5fa1122bd7c667a62aead36e", "src/http/package.cj": "edae278034e8047e77649badec506b86ff2e6f3fc530d3eaf68394f77ff43ca0", "src/http/proxy.cj": "9576c9b153192c93943911557e8cce25f567e5ad0357074189437cc17af6fe1d", "src/http/redirect.cj": "e7e9f07fa0bb79299e46c1320b32daf238e702b66fcb8e1368439723d74d96b4", "src/http/resolver.cj": "8c44e5ff6961122d6483c22546a26dab02e8414b88d5e18b954ddcf0b3ff29e4", "src/http/retry.cj": "e889370833f2d5b7df07d4cd13aa3068ab6262e1c2252728cbcc99c788b4199b", "src/http/server.cj": "52ede5995cf2b5ac64948b36334eadd9782cdcaa26e4c2bf3914a85e25cdb529", "src/http/tls.cj": "b232989ad8c4e73d4480dcae4ce40aae55fbedf9ce13b5922cc61b8a6e8a1e62", "src/http/upgrade.cj": "3bf29c0ad5b9fd19f5b2d994d36abcf76cbcc7d22d46c18991378aab705e0f73", "src/http/websocket.cj": "1eafd0d9f728592adea31d4397a8173c98d6ad3551ab4ed84d3b77623b787ba7", "src/http/websocket_handshake.cj": "db5d899be8d22022db1e7aed502ad36c3cc5e52d6dbae8dce53112f797276d59", "src/http_body.cj": "49b72ad2517213133eb693a190061050b655edb02df01eaa414db216c60fc4fe", "src/http_contract.cj": "39d7fe3885f50211393d9e03dc478b7370566bf7b7b3d3f20d0a5d3de3dc9259", "src/http_message.cj": "4033d25f42135e43f498f11d2b459512dcb7c45bce6e91efaa85b18a053e8ef1", "src/http_model.cj": "993ad73017a4da224b98f851e1e39d46fe6016502044b934f7ab191fb0da5a8c", "src/http_push.cj": "5dde5a1ff4cee87c947c1867e56fe0e7b9d2a38e2ca91a597f5a8deb4c2fc20f", "src/http_url.cj": "074cc811771e49030292b278252947af9f29476f67e9fd53f6a82ac473690955", "src/net/datagram_socket_core.cj": "2095e7d3a02c805c3018badf7045b0d76a42a56e101a2e08867f32b676c34ae6", "src/net/dns_client.cj": "a63095f98489b93b83f76cebc878678391d338f9080e15cf2ea7277ff6562622", "src/net/dns_resolver.cj": "65b410bda4ed26d315848f68bdd70b432101153b12e3c5d6dcccd8bea14ec183", "src/net/dns_wire.cj": "08b6bfb5fb7b46502a2a897f44a251765947359408398bcb93442504de28bde0", "src/net/package.cj": "05ee39721856fab3dc82dc4a83baaa0adfd9bb8af4fb38e0af41d4f5cb4430cc", "src/net/tcp_listener.cj": "7735311cd3aa657a3be9a37216cb5a1b404854932ab66480ea78b9f42a2b2b1f", "src/net/udp_socket.cj": "a59cba97d797a3800338f6a8594bfcd0f93456fc926421b2f9bce81149c9546b", "src/net/unix_datagram_socket.cj": "7447856c277d45d943087e3285fd0ade950cf7047fbf232052e1cd9d0a730511", "src/net/unix_listener.cj": "aa964800977f95ff67a6351a91c16d950324bbe0c50d7b01c5f1484f06e01967", "src/net/unix_stream.cj": "399aeac5d19f6457e2342fd7b1af3a76943f00db50a21c1474bed3b3141acb8b", "src/network_error.cj": "4e272f9b9887804f0de87ec032d442a69b49803da66bffa005b7f0282aadc5e5", "src/network_event.cj": "55d93c151752e76c80c441e4bfc639f7d6da77e89ed582bae2ba6a43cdcc3084", "src/operation_context.cj": "523a1c1efaab2f3e6ba0755386460ea504a2caa8ef1453a18134f950c6e1234d", "src/package.cj": "f9035aacfa24f06fe88eda3f16a5cbcf5dbf482b2d86776ea27e09e4861e93d7", "src/private_key_contract.cj": "cb03bb9badc0552c2ac66dbb6bf4842559b5ea17b2aa77284e817a78d63c6e84", "src/resolver.cj": "7b2129a0e3fd4be72ad2dd6adaf0053d5de23a08214157c931d38d7627154b23", "src/tls/facade.cj": "d0b26f0d55faacf0b0612ea070ce468dbca703fb6ec8a0ba8f29e591d920bdfa", "src/tls/identity.cj": "055c4232b9e44ff3cc768a09f023cd7a19174f5ce0d4dc263ca675af90660d19", "src/tls/package.cj": "5afa752de915ccff3866a81b9dbd0e6d3da1df01e1ecfa7180eb42709694d2b9", "src/tls_contract.cj": "1cbeb94013b9a2b946dd731b335554340862388feadf354162a2f2320bb6dac1", "src/transport.cj": "6781aa3bf538523e02c4807eebff7ac37a773e5dc9bdb427e6a56ace3a0b7033", "src/trust.cj": "f64b49d84a58e034e3976089211f7b645b42e5bc51dbc353f2e0bcec14d17aba"}, "status": "PASS", "targetCfg": {"arch": "x86_64", "env": "gnu", "os": "Linux"}, "taskId": "M7-033"}
The valid serial compilation order is:
    wirestack -> wirestack.internal -> wirestack.internal.identity -> wirestack.internal.platform -> wirestack.internal.platform.android -> wirestack.internal.platform.apple -> wirestack.internal.platform.harmony -> wirestack.internal.platform.linux -> wirestack.internal.platform.windows -> wirestack.internal.common -> wirestack.internal.http_files -> wirestack.internal.http_model -> wirestack.internal.transport -> wirestack.internal.trust -> wirestack.internal.http2 -> wirestack.internal.resolver -> wirestack.internal.tls_engine -> wirestack.internal.connector -> wirestack.tls -> wirestack.internal.http1 -> wirestack.internal.transport_stdnet -> wirestack.net -> wirestack.http
cjpm check success
cjpm build success
--------------------------------------------------------------------------------------------------
TP: wirestack.internal.trust, time elapsed: 38299563 ns, RESULT:
    TCS: HostnameVerifierTest, time elapsed: 1830878 ns, RESULT:
    [ PASSED ] CASE: exactDnsAndAsciiIdnaALabelMatchCaseInsensitively (286377 ns)
    [ PASSED ] CASE: wildcardMatchesExactlyOneLeftmostLabelOnly (80735 ns)
    [ PASSED ] CASE: invalidOrOverbroadWildcardsAreRejectedAtCertificateBoundary (86083 ns)
    [ PASSED ] CASE: dnsAndIpReferenceIdentitiesNeverCrossMatch (59664 ns)
    [ PASSED ] CASE: subjectAlternativeNameCountIsHardBounded (96890 ns)
    TCS: M3028HostnameFuzzTest, time elapsed: 34819055 ns, RESULT:
    [ PASSED ] CASE: hostnameMutationsHaveDeterministicTypedTerminals (34587716 ns)
    TCS: TrustPolicyTest, time elapsed: 1469805 ns, RESULT:
    [ PASSED ] CASE: nativeX509ParserAcceptsOneExactDerObjectAndRejectsTrailingBytes (428521 ns)
    [ PASSED ] CASE: certificateAndChainLimitsFailBeforeUnboundedParsingOrCopying (254083 ns)
    [ PASSED ] CASE: everyTrustPolicyHasAStableContentIdentityAndNoTrustAllState (319436 ns)
    [ PASSED ] CASE: pinAlgorithmAndScopeAreExplicitAndMalformedPinsFail (25732 ns)
Summary: TOTAL: 10
    PASSED: 10, SKIPPED: 0, ERROR: 0
    FAILED: 0
--------------------------------------------------------------------------------------------------
TP: wirestack.internal.transport, time elapsed: 201700459 ns, RESULT:
    TCS: ByteSpanTest, time elapsed: 1920707 ns, RESULT:
    [ PASSED ] CASE: defaultsCoverWholeArrayAndEmptyArray (279614 ns)
    [ PASSED ] CASE: sliceAndAdvanceKeepTheOriginalArray (29590 ns)
    [ PASSED ] CASE: mutableViewWritesThroughAndConvertsWithoutCopying (20014 ns)
    [ PASSED ] CASE: permitsBoundaryEmptyRanges (19264 ns)
    [ PASSED ] CASE: rejectsEveryOutOfRangeShape (129697 ns)
    TCS: CancellationTest, time elapsed: 42011359 ns, RESULT:
    [ PASSED ] CASE: cancelIsOneWayAndCallbacksRunExactlyOnce (129027 ns)
    [ PASSED ] CASE: unregisterIsIdempotentAndPreventsPendingCallback (32647 ns)
    [ PASSED ] CASE: alreadyCancelledRegistrationRunsSynchronouslyOnce (18076 ns)
    [ PASSED ] CASE: noneTokenRemainsUsableAndNotCancelled (13878 ns)
    [ PASSED ] CASE: oneFailingCallbackDoesNotBlockOtherWaiters (30290 ns)
    [ PASSED ] CASE: concurrentCancelClaimsEveryCallbackExactlyOnce (18936816 ns)
    [ PASSED ] CASE: registrationRacingCancellationStillRunsExactlyOnce (19808961 ns)
    [ PASSED ] CASE: unregisterRacingCancellationIsAtMostOnce (1614047 ns)
    [ PASSED ] CASE: callbackMayReenterCancellationAndRegistrationWithoutDeadlock (34538 ns)
    TCS: OperationCompletionTest, time elapsed: 29280839 ns, RESULT:
    [ PASSED ] CASE: completionCleansEveryResourceBeforeTheWinnerCallback (37115 ns)
    [ PASSED ] CASE: unregisterAndLateRegistrationHaveExplicitTerminalSemantics (27781 ns)
    [ PASSED ] CASE: cleanupCapacityIsPositiveAndHardBounded (53787 ns)
    [ PASSED ] CASE: cleanupFailuresAndReentrancyCannotBlockTerminalProgress (42983 ns)
    [ PASSED ] CASE: winnerExceptionDoesNotReopenTheCompletion (31643 ns)
    [ PASSED ] CASE: cleanupCountPropertyHoldsAcrossEveryConfiguredOccupancy (391761 ns)
    [ PASSED ] CASE: concurrentTerminalCallersHaveOneWinner (2901883 ns)
    [ PASSED ] CASE: registrationRacingCompletionIsAlwaysCleanedOnce (22979254 ns)
    [ PASSED ] CASE: unregisterRacingCompletionRunsCleanupAtMostOnce (1539883 ns)
    TCS: DeadlineTest, time elapsed: 531014 ns, RESULT:
    [ PASSED ] CASE: remainingUsesTheInjectedMonotonicClock (17636 ns)
    [ PASSED ] CASE: remainingClampsAtZeroAfterExpiry (9885 ns)
    [ PASSED ] CASE: childCanShortenButNeverExtendParent (13038 ns)
    [ PASSED ] CASE: zeroAndExpiredChildrenCannotExtendTheParent (10048 ns)
    [ PASSED ] CASE: rejectsNegativeDurations (23513 ns)
    TCS: TransportLifecycleTest, time elapsed: 4834695 ns, RESULT:
    [ PASSED ] CASE: connectingAndAcceptedPathsReachOpenOnlyInOrder (15606 ns)
    [ PASSED ] CASE: halfCloseIsDirectionalIdempotentAndConvergesOnClosing (33349 ns)
    [ PASSED ] CASE: gracefulCloseIsIdempotentAndCompletesOnlyFromClosing (18970 ns)
    [ PASSED ] CASE: abortAndFailReachEveryNonTerminalStateWithoutOverwritingTerminalEvidence (98279 ns)
    [ PASSED ] CASE: illegalTransitionsHaveStableCodesAndDoNotMutateState (242479 ns)
    [ PASSED ] CASE: closingAndTerminalStatesRejectDataOperationsWithClosedCode (148891 ns)
    [ PASSED ] CASE: operationClaimsAllowDuplexButRejectSameDirectionConcurrency (39543 ns)
    [ PASSED ] CASE: everyTerminalModeReleasesRegisteredResourcesExactlyOnce (47405 ns)
    [ PASSED ] CASE: racingTerminalTransitionsRetainOneWinnerAndOneCleanup (3002239 ns)
    [ PASSED ] CASE: terminalCleanupMayReenterAndItsRegistryRemainsBounded (36003 ns)
    TCS: M124TransportRaceTest, time elapsed: 41139036 ns, RESULT:
    [ PASSED ] CASE: readCloseReleasesBlockedOperationAndDrainsWaiter (10814154 ns)
    [ PASSED ] CASE: writeAbortReleasesBlockedOperationAndDrainsWaiter (9860463 ns)
    [ PASSED ] CASE: successAndCancelOrderingsCompleteOnceWithoutDataLeak (19851949 ns)
    TCS: MemoryTransportListenerTest, time elapsed: 49951312 ns, RESULT:
    [ PASSED ] CASE: rejectsInvalidListenerAndSchedulerBounds (31743 ns)
    [ PASSED ] CASE: listenerDeliversConnectionsInFifoOrderAndBoundsBacklog (148147 ns)
    [ PASSED ] CASE: schedulerDefersDeliveryAndReleasesFailedReservations (93870 ns)
    [ PASSED ] CASE: schedulerRunsMultipleConnectionsInStableFifoOrder (69072 ns)
    [ PASSED ] CASE: cancellationWakesAcceptWithoutClosingListener (8778980 ns)
    [ PASSED ] CASE: deadlineBoundsBlockedAcceptWithoutClosingListener (29873500 ns)
    [ PASSED ] CASE: closeWakesAcceptAndAbortsOwnedConnectionsIdempotently (9825916 ns)
    TCS: MemoryTransportTest, time elapsed: 1699427 ns, RESULT:
    [ PASSED ] CASE: pairTransfersPartialDataInBothDirections (43739 ns)
    [ PASSED ] CASE: emptyBuffersReturnZeroWithoutProducingEofOrPeerData (24736 ns)
    [ PASSED ] CASE: writeShutdownProducesPeerEofAfterBufferedData (27425 ns)
    [ PASSED ] CASE: readShutdownMakesPeerWritesFailAsBrokenPipe (36518 ns)
    [ PASSED ] CASE: cancelledBeforeOperationHasNoDataSideEffect (25211 ns)
    [ PASSED ] CASE: closeAndAbortAreIdempotentAndTerminal (23050 ns)
    [ PASSED ] CASE: cancellationWakesABlockedRead (41598 ns)
    [ PASSED ] CASE: closeWakesABlockedLocalRead (33453 ns)
    [ PASSED ] CASE: writeShutdownWakesABlockedLocalWrite (30289 ns)
    [ PASSED ] CASE: boundedBackpressureResumesAfterPeerReads (166666 ns)
    [ PASSED ] CASE: expiredDeadlineFailsBeforeAnyWrite (39716 ns)
    TCS: NetworkErrorTest, time elapsed: 723238 ns, RESULT:
    [ PASSED ] CASE: retainsStableClassificationAndEndpointEvidence (37041 ns)
    [ PASSED ] CASE: retainsLocalEndpointCauseAndOptionalDefaults (33987 ns)
    [ PASSED ] CASE: caughtErrorRetainsUnixEndpointBytesNativeCodeAndCause (34084 ns)
    [ PASSED ] CASE: pathnameRejectsNulWhileAbstractRetainsIt (28027 ns)
    TCS: OperationContextTest, time elapsed: 994574 ns, RESULT:
    [ PASSED ] CASE: backgroundHasNoDeadlineCancellationOrTrace (16327 ns)
    [ PASSED ] CASE: derivedContextsRetainEventSinkAndSinkFailuresAreIsolated (46121 ns)
    [ PASSED ] CASE: derivedContextRetainsCancellationAndTrace (24176 ns)
    [ PASSED ] CASE: derivationHelpersChangeOnlyTheirNamedField (44723 ns)
    [ PASSED ] CASE: earlierDeadlineCannotBeExtended (20093 ns)
    [ PASSED ] CASE: traceIdentifiersAreBoundedAndNonEmpty (35783 ns)
    TCS: ScriptedTransportTest, time elapsed: 26130574 ns, RESULT:
    [ PASSED ] CASE: rejectsUnboundedOrInvalidScripts (73667 ns)
    [ PASSED ] CASE: shortReadAndWriteStepsAreConsumedInOrder (68263 ns)
    [ PASSED ] CASE: emptyIoDoesNotConsumeScriptAndEofIsExplicit (44211 ns)
    [ PASSED ] CASE: resetTerminatesTransportAtInjectedPhase (62974 ns)
    [ PASSED ] CASE: failurePreservesCoordinatesWithoutTerminatingTransport (62793 ns)
    [ PASSED ] CASE: virtualWaiterReleasesBlockedOperationsInFifoOrder (14910250 ns)
    [ PASSED ] CASE: cancellationWinsAReleaseRaceAndCleansWaiter (9786251 ns)
    TCS: TransportHelperTest, time elapsed: 1270469 ns, RESULT:
    [ PASSED ] CASE: writeAllHandlesPartialWritesAndEmptyInput (33595 ns)
    [ PASSED ] CASE: readExactHandlesPartialReads (23068 ns)
    [ PASSED ] CASE: readExactClassifiesPrematureEof (30108 ns)
    [ PASSED ] CASE: emptyHelpersDoNotCallTransport (20779 ns)
    [ PASSED ] CASE: invalidProgressFailsOnceWithoutSpinning (75530 ns)
    [ PASSED ] CASE: cancellationAfterPartialProgressPropagatesWithoutRestart (61149 ns)
    [ PASSED ] CASE: absoluteDeadlineExpiresAcrossPartialRetries (45415 ns)
Summary: TOTAL: 83
    PASSED: 83, SKIPPED: 0, ERROR: 0
    FAILED: 0
--------------------------------------------------------------------------------------------------
TP: wirestack.internal.resolver, time elapsed: 40910910 ns, RESULT:
    TCS: M2006AppleSystemResolverTest, time elapsed: 11545401 ns, RESULT:
    [ PASSED ] CASE: resolvesLocalhostThroughTheProviderNeutralContract (9722458 ns)
    [ PASSED ] CASE: fixtureReturnsAllCandidatesWithoutInventingTtl (22081 ns)
    [ PASSED ] CASE: fixtureAppliesFamilyAndResultBounds (19265 ns)
    [ PASSED ] CASE: fixtureMapsPosixFailuresAndUnknownCodes (15673 ns)
    [ PASSED ] CASE: fixtureCancellationAndDeadlineReturnBeforeNativeCleanup (18922 ns)
    [ PASSED ] CASE: newResolutionObservesNetworkGenerationChange (15997 ns)
    [ PASSED ] CASE: validatesBoundsAndRejectsUseAfterClose (97566 ns)
    [ PASSED ] CASE: fixtureBoundsAdmissionAndReleasesQueuedWorkAfterClose (13614 ns)
    TCS: M2003BoundedResolverBackendTest, time elapsed: 19506554 ns, RESULT:
    [ PASSED ] CASE: resolvesLocalhostWithBoundedMetricsAndIdempotentClose (8313512 ns)
    [ PASSED ] CASE: appliesIpv4FamilyAndRejectsUseAfterClose (9868292 ns)
    [ PASSED ] CASE: validatesPoolBounds (50196 ns)
    [ PASSED ] CASE: nativeFamilyValidationFailsClosedAndPollingBackoffIsBounded (35477 ns)
    [ PASSED ] CASE: preCancelledContextDoesNotSubmitNativeWork (144964 ns)
    [ PASSED ] CASE: delayedNativeWorkDoesNotStarveCangjieHeartbeat (12720 ns)
    [ PASSED ] CASE: cancellationCompletesPromptlyWhileNativeJobCleansUp (12907 ns)
    [ PASSED ] CASE: deadlineCompletesPromptlyWhileNativeJobCleansUp (14443 ns)
    [ PASSED ] CASE: queueAdmissionIsStrictlyBounded (11173 ns)
    TCS: ResolverContractTest, time elapsed: 429786 ns, RESULT:
    [ PASSED ] CASE: resultOwnsDeduplicatedAddressesAndDoesNotInventTtl (35604 ns)
    [ PASSED ] CASE: staticResolverFiltersFamiliesAndHonorsPreCancellation (39132 ns)
    [ PASSED ] CASE: rejectsEmptyFamilyResultAndInvalidLimits (29721 ns)
    TCS: M2002ResolverPublicContractTest, time elapsed: 689533 ns, RESULT:
    [ PASSED ] CASE: resultOwnsAllTypedCandidatesWithoutInventingTtl (33888 ns)
    [ PASSED ] CASE: staticResolverAppliesFamilyAndResultBounds (28710 ns)
    [ PASSED ] CASE: errorsRetainStablePublicCoordinates (42320 ns)
    [ PASSED ] CASE: cancellationAndDeadlineRemainDistinct (38949 ns)
    [ PASSED ] CASE: constructorsRejectInvalidBoundsAndDiagnostics (33888 ns)
    TCS: M2004WindowsSystemResolverTest, time elapsed: 8440328 ns, RESULT:
    [ PASSED ] CASE: resolvesLocalhostThroughTheProviderNeutralContract (7547398 ns)
    [ PASSED ] CASE: fixtureReturnsAllCandidatesWithoutInventingTtl (18643 ns)
    [ PASSED ] CASE: fixtureAppliesFamilyAndResultBounds (13577 ns)
    [ PASSED ] CASE: fixtureMapsWinsockFailuresAndUnknownCodes (11307 ns)
    [ PASSED ] CASE: fixtureCancellationAndDeadlineReturnBeforeNativeCleanup (15431 ns)
    [ PASSED ] CASE: validatesBoundsAndRejectsUseAfterClose (102523 ns)
Summary: TOTAL: 31
    PASSED: 31, SKIPPED: 0, ERROR: 0
    FAILED: 0
--------------------------------------------------------------------------------------------------
TP: wirestack.internal.common, time elapsed: 2987647 ns, RESULT:
    TCS: EndpointTest, time elapsed: 1772863 ns, RESULT:
    [ PASSED ] CASE: acceptsTypedIpv4AndIpv6WithoutDns (258303 ns)
    [ PASSED ] CASE: addressOwnsAnImmutableOctetSnapshot (20793 ns)
    [ PASSED ] CASE: rejectsWrongLengthsAndIpv4Zones (76212 ns)
    [ PASSED ] CASE: ipv6ZoneAndPortBoundariesRemainTypedIdentity (31380 ns)
    [ PASSED ] CASE: rejectsEmptyAndOversizedIpv6Zones (44799 ns)
    TCS: HostNameTest, time elapsed: 1095382 ns, RESULT:
    [ PASSED ] CASE: canonicalizesAsciiCaseAndOneRootDot (83953 ns)
    [ PASSED ] CASE: rejectsAmbiguousOrInvalidDnsNames (195316 ns)
    [ PASSED ] CASE: acceptsAsciiALabelAndExactDnsLengthBoundaries (118989 ns)
    [ PASSED ] CASE: rejectsOneByteBeyondLabelAndHostLimits (58474 ns)
Summary: TOTAL: 9
    PASSED: 9, SKIPPED: 0, ERROR: 0
    FAILED: 0
--------------------------------------------------------------------------------------------------
TP: wirestack.internal.http2, time elapsed: 2995741429 ns, RESULT:
    TCS: Http2ClientConnectionTest, time elapsed: 170601993 ns, RESULT:
    [ PASSED ] CASE: encodedHeaderFailureClosesTheConnection (865865 ns)
    [ PASSED ] CASE: tenConcurrentRequestsShareOneConnectionAndMapOutOfOrderResponses (2804554 ns)
    [ PASSED ] CASE: claimedStreamsPublishInitialHeadersInStreamIdOrder (4004701 ns)
    [ PASSED ] CASE: cancelledUnpublishedStreamDoesNotBlockNextClaim (2176027 ns)
    [ PASSED ] CASE: declaredLengthDoesNotReleaseStreamBeforeWireEndStream (913429 ns)
    [ PASSED ] CASE: streamsRequestBodyThroughFlowControlledDataAndEndsLocallyOnce (1284944 ns)
    [ PASSED ] CASE: peerResetFailsOnlyItsStreamAndConnectionRemainsUsable (2131107 ns)
    [ PASSED ] CASE: peerGoAwayDrainsConnectionWithoutFailingAcceptedStream (914081 ns)
    [ PASSED ] CASE: connectedStreamOutlivesHandshakeCancellationAndUsesOperationContexts (2607149 ns)
    [ PASSED ] CASE: contextlessHalfCloseDoesNotWaitForBlockedConnectionWriter (4103701 ns)
    [ PASSED ] CASE: halfCloseOrdersEndAfterAdmittedFlowControlledWrite (8689055 ns)
    [ PASSED ] CASE: gracefulCloseOrdersEndAfterAdmittedFlowControlledWrite (9958160 ns)
    [ PASSED ] CASE: gracefulCloseDeadlineStopsAdmittedFlowControlledWrite (109840663 ns)
    [ PASSED ] CASE: queuedHalfCloseCancellationDoesNotWaitForConnectionWriter (9688070 ns)
    [ PASSED ] CASE: rejectedConnectReturnsFullResponseAndClosesRequestDirection (2833642 ns)
    [ PASSED ] CASE: enabledPushAttachesBoundedCallerDrivenResponses (4484268 ns)
    TCS: Http2ClientMappingTest, time elapsed: 4833866 ns, RESULT:
    [ PASSED ] CASE: requestMapsOrderedPseudoFieldsAuthorityAndSensitiveHeaders (128538 ns)
    [ PASSED ] CASE: connectUsesOnlyMethodAndAuthorityPseudoFields (122224 ns)
    [ PASSED ] CASE: connectStreamMappingKeepsBothDataDirectionsOpen (156359 ns)
    [ PASSED ] CASE: requestRejectsAuthorityFramingAndConnectionAmbiguity (492786 ns)
    [ PASSED ] CASE: requestHeaderListHonorsHttp2BoundsBeforeHpackMutation (124891 ns)
    [ PASSED ] CASE: requestBodyProvesEofBeforeOneTerminalTrailerBlock (172519 ns)
    [ PASSED ] CASE: requestBodyRejectsPrematureEofAndConfiguredOverflow (220540 ns)
    [ PASSED ] CASE: responseMapsInformationalFinalDataAndTrailersInOrder (195930 ns)
    [ PASSED ] CASE: responseRejectsPseudoOrderCaseAndConnectionFieldsAsStreamErrors (117436 ns)
    [ PASSED ] CASE: responseRejectsInvalidStatusAndTooManyInformationalHeads (216259 ns)
    [ PASSED ] CASE: responseContentLengthMustMatchExactlyAtEndStream (227556 ns)
    [ PASSED ] CASE: streamingResponseMayExceedTheConfiguredRequestBodyBound (47976 ns)
    [ PASSED ] CASE: bodylessAndConnectResponseRulesAreExplicit (172626 ns)
    [ PASSED ] CASE: responseTrailersRequireFinalEndStreamAndRegularAllowedFields (145481 ns)
    [ PASSED ] CASE: promisedRequestValidationPrecedesApplicationPolicy (249607 ns)
    TCS: Http2ClientPushOwnershipTest, time elapsed: 1209547 ns, RESULT:
    [ PASSED ] CASE: resetLostOfferIsClosedAndNextOfferRemainsDeliverable (277763 ns)
    [ PASSED ] CASE: parentCancellationStopsTransferredStalledBodyWithoutCancellingIndependentSibling (332941 ns)
    [ PASSED ] CASE: expiredParentAbsoluteDeadlineStillGovernsTransferredBodyAfterHeaders (127011 ns)
    TCS: Http2ConformanceTest, time elapsed: 7412254 ns, RESULT:
    [ PASSED ] CASE: invalidFrameOrderMatrixFailsAtConnectionScope (396129 ns)
    [ PASSED ] CASE: continuationSequenceCompletesOnlyOnEndHeaders (117990 ns)
    [ PASSED ] CASE: rstStreamAndGoAwayRaceCompletesOwnerOnceAndCleansRegistrations (6437258 ns)
    TCS: Http2ConnectionStateMachineTest, time elapsed: 6614821 ns, RESULT:
    [ PASSED ] CASE: clientStartEmitsMagicAndSettingsThenPeerSettingsOpens (58920 ns)
    [ PASSED ] CASE: serverConsumesIncrementalMagicBeforeItsFirstSettings (67043 ns)
    [ PASSED ] CASE: invalidOrIncompletePrefaceFailsOnceWithProtocolEvidence (79298 ns)
    [ PASSED ] CASE: firstPeerFrameMustBeNonAcknowledgementSettings (63931 ns)
    [ PASSED ] CASE: openConnectionAppliesSettingsAndCompletesHeaderBlocks (56406 ns)
    [ PASSED ] CASE: peerGoAwayDrainsAndMayOnlyNarrowItsBoundary (83124 ns)
    [ PASSED ] CASE: localDrainUsesProcessedPeerBoundaryAndNeverIncreases (73017 ns)
    [ PASSED ] CASE: racingFinishTransitionsAndPublishesCompletionExactlyOnce (4945624 ns)
    TCS: Http2DeterministicFuzzTest, time elapsed: 69222200 ns, RESULT:
    [ PASSED ] CASE: frameParserDeterministicMutationCorpusStaysBounded (5165645 ns)
    [ PASSED ] CASE: hpackDecoderDeterministicMutationCorpusFailsClosed (63423905 ns)
    [ PASSED ] CASE: protocolLimitBoundaryMutationsRejectOversizedInputs (59525 ns)
    TCS: Http2FlowControllerTest, time elapsed: 2503340654 ns, RESULT:
    [ PASSED ] CASE: windowUpdateCodecIgnoresReservedBitAndRejectsZeroByScope (31825 ns)
    [ PASSED ] CASE: reservationsRespectConnectionStreamAndPeerFrameCredit (49270 ns)
    [ PASSED ] CASE: settingsShrinkPausesReservedDataAndCancellationReleasesIt (46086 ns)
    [ PASSED ] CASE: streamWindowUpdateWakesAReservedPermitAfterSettingsShrink (50055 ns)
    [ PASSED ] CASE: concurrentTryReserveNeverOvercommitsOneStream (326414 ns)
    [ PASSED ] CASE: receiveCreditReturnsOnlyAfterApplicationConsumption (50646 ns)
    [ PASSED ] CASE: smallReceiveReadsCoalesceWindowUpdates (108539 ns)
    [ PASSED ] CASE: stalledConnectionCreditFlushesOnceWithoutChangingSmallReadCoalescing (25673 ns)
    [ PASSED ] CASE: leastRecentlyServedStreamsReceiveCreditBeforeThePreviousOwner (2500892989 ns)
    [ PASSED ] CASE: connectionSendWindowIsSharedAcrossStreams (52417 ns)
    [ PASSED ] CASE: connectionAndStreamWindowViolationsHaveCorrectScope (33585 ns)
    [ PASSED ] CASE: settingsAndWindowOverflowFailAtomically (33431 ns)
    [ PASSED ] CASE: streamCleanupCancelsPermitsAndRestoresOnlyConnectionReceiveCredit (33798 ns)
    [ PASSED ] CASE: dataAccountingUsesTheEntireFramePayload (16550 ns)
    TCS: Http2FrameCodecTest, time elapsed: 957128 ns, RESULT:
    [ PASSED ] CASE: everyRequiredFrameEnvelopeRoundTrips (63872 ns)
    [ PASSED ] CASE: parserAcceptsEverySingleByteBoundaryAndMultipleFrames (60981 ns)
    [ PASSED ] CASE: incompleteInputStaysBoundedUntilCompletion (23480 ns)
    [ PASSED ] CASE: oversizedFrameFailsBeforePayloadBufferingAndParserBecomesTerminal (35169 ns)
    [ PASSED ] CASE: reservedBitIsIgnoredOnReadAndClearedOnWrite (21688 ns)
    [ PASSED ] CASE: unknownFramesAndFlagsRoundTripWithoutInterpretation (16060 ns)
    [ PASSED ] CASE: transportWriterHandlesRepeatedPartialWrites (24806 ns)
    TCS: Http2FrameModelTest, time elapsed: 707330 ns, RESULT:
    [ PASSED ] CASE: frameAndErrorCodesRoundTripIncludingExtensions (34667 ns)
    [ PASSED ] CASE: streamIdentifierIgnoresReservedBitAndKeepsThirtyOneBits (8241 ns)
    [ PASSED ] CASE: limitsAreExplicitAndFrameSizeIsBounded (20943 ns)
    [ PASSED ] CASE: fixedFrameShapesAndStreamScopesAreValidated (34224 ns)
    [ PASSED ] CASE: settingsRejectInvalidProtocolValuesButRetainExtensions (21076 ns)
    [ PASSED ] CASE: unknownFlagsAndFramesRemainForwardCompatible (11307 ns)
    TCS: Http2GoAwayManagerTest, time elapsed: 5398419 ns, RESULT:
    [ PASSED ] CASE: peerBoundaryRetiresOnlyDefinitelyUnprocessedStreams (164121 ns)
    [ PASSED ] CASE: narrowingBoundaryWakesEachNewlyExcludedOwnerExactlyOnce (101844 ns)
    [ PASSED ] CASE: localDrainQueuesGoAwayAndStopsAdmissionBeforeWriterRuns (97836 ns)
    [ PASSED ] CASE: fabricatedReceiveResultCannotDrainAnOpenCoordinator (47094 ns)
    [ PASSED ] CASE: racingAdmissionAndGoAwayNeverLeavesAnExcludedStreamActive (4349840 ns)
    TCS: Http2HeaderBlockAssemblerTest, time elapsed: 901701 ns, RESULT:
    [ PASSED ] CASE: sameStreamContinuationsAssembleInExactOrder (26004 ns)
    [ PASSED ] CASE: continuationWithoutStartWrongStreamAndInterleavingFailConnection (47076 ns)
    [ PASSED ] CASE: paddingAndPriorityOverheadAreExcludedFromHeaderBytes (23232 ns)
    [ PASSED ] CASE: pushPromiseRetainsPromisedStreamAndFragmentOnly (18776 ns)
    [ PASSED ] CASE: invalidPaddingPriorityAndSelfDependencyFailClosed (44454 ns)
    [ PASSED ] CASE: accumulatedCompressedBytesHaveOneHardLimit (28875 ns)
    TCS: Http2ConnectionHealthTest, time elapsed: 635117 ns, RESULT:
    [ PASSED ] CASE: pingCodecAndConnectionAckPreserveOpaqueBytes (38658 ns)
    [ PASSED ] CASE: idleProbeIsSingleOutstandingAndMatchingAckRestoresHealth (137118 ns)
    [ PASSED ] CASE: ordinaryActivityDefersIdleProbeWithoutAllocatingATimer (22606 ns)
    TCS: Http2ConnectionCloserTest, time elapsed: 1159736 ns, RESULT:
    [ PASSED ] CASE: gracefulCloseSendsGoAwayWaitsForStreamAndClosesTransportOnce (102649 ns)
    [ PASSED ] CASE: expiredCloseAbortsActiveStreamsWithoutStartingGracefulIo (56277 ns)
    [ PASSED ] CASE: racingShorterDeadlineUpgradesInFlightGracefulCloseToOneAbort (92751 ns)
    [ PASSED ] CASE: concurrentGracefulCallersShareOneTerminalResultAndTransportClose (141778 ns)
    [ PASSED ] CASE: failedGracefulTransportCloseFallsBackToOneAbort (83431 ns)
    TCS: HpackBlockTest, time elapsed: 1711328 ns, RESULT:
    [ PASSED ] CASE: rfcRequestBlocksDecodeWithSharedDynamicState (36342 ns)
    [ PASSED ] CASE: encoderMatchesFirstRfcHuffmanRequestExample (46658 ns)
    [ PASSED ] CASE: literalModesPreserveNeverIndexedAndOnlyIncrementalMutatesTable (777983 ns)
    [ PASSED ] CASE: tableSizeUpdateMustLeadBlockAndRespectAllowedMaximum (30967 ns)
    [ PASSED ] CASE: headerCountListAndCompressedLimitsFailClosed (219128 ns)
    [ PASSED ] CASE: peerCapacityUpdateIsEmittedBeforeHeaders (21128 ns)
    TCS: HpackCoreTest, time elapsed: 729265 ns, RESULT:
    [ PASSED ] CASE: rfcIntegerVectorsEncodeAndDecodeExactly (17313 ns)
    [ PASSED ] CASE: integerRejectsTruncationOverflowAndInvalidPrefix (22086 ns)
    [ PASSED ] CASE: rawStringRoundTripsAndOwnsItsBytes (14705 ns)
    [ PASSED ] CASE: stringLengthLimitAndTruncationFailBeforeCopy (84501 ns)
    [ PASSED ] CASE: staticTableMatchesRfcBoundariesAndRepresentativeEntries (20879 ns)
    [ PASSED ] CASE: everyStaticEntryHasBoundedRfcAccounting (54207 ns)
    TCS: HpackDynamicTableTest, time elapsed: 789682 ns, RESULT:
    [ PASSED ] CASE: newestEntryUsesIndexSixtyTwoAndOlderEntriesShift (11366 ns)
    [ PASSED ] CASE: exactRfcAccountingEvictsOldestEntriesFirst (17961 ns)
    [ PASSED ] CASE: oversizedEntryClearsTheEntireTableWithoutInsertion (10062 ns)
    [ PASSED ] CASE: capacityShrinkEvictsImmediatelyAndPeerLimitIsHard (17108 ns)
    [ PASSED ] CASE: withoutIndexingNeverIndexedAndSensitiveNeverEnterState (19018 ns)
    [ PASSED ] CASE: staticAndDynamicSearchReturnCanonicalLowestIndexes (108356 ns)
    [ PASSED ] CASE: zeroCapacityRetainsNoEntries (12828 ns)
    TCS: HpackHuffmanTest, time elapsed: 41932326 ns, RESULT:
    [ PASSED ] CASE: rfcRequestExamplesEncodeAndDecodeExactly (2129146 ns)
    [ PASSED ] CASE: everyOctetRoundTripsWithinAnExplicitBound (37183294 ns)
    [ PASSED ] CASE: huffmanStringLiteralUsesFlagAndSharedBounds (800879 ns)
    [ PASSED ] CASE: eosInvalidPaddingAndTruncatedPrefixFailClosed (482464 ns)
    [ PASSED ] CASE: decodedAndEncodedOutputLimitsApplyBeforeGrowth (713398 ns)
    TCS: Http2ConnectionReaderTest, time elapsed: 3060019 ns, RESULT:
    [ PASSED ] CASE: oneReaderDecodesEveryByteBoundaryAndDispatchesInWireOrder (367724 ns)
    [ PASSED ] CASE: serverConsumesMagicAndFirstFrameFromTheSameRead (266762 ns)
    [ PASSED ] CASE: eofDuringPrefaceOrFrameFailsAndWakesEveryStream (622395 ns)
    [ PASSED ] CASE: invalidTransportProgressAndHandlerFailureBecomeTerminal (580988 ns)
    [ PASSED ] CASE: readerLoopCanOnlyBeClaimedOnce (254475 ns)
    [ PASSED ] CASE: terminationRegistryIsBoundedRemovableAndExactlyOnce (279106 ns)
    [ PASSED ] CASE: readerRegistryReservesOneListenerBeyondTheStreamLimit (31089 ns)
    TCS: Http2ServerMappingTest, time elapsed: 7033756 ns, RESULT:
    [ PASSED ] CASE: requestHeadMapsPseudoFieldsHostAndContentLength (113060 ns)
    [ PASSED ] CASE: connectAndOptionsTargetsAreMappedStrictly (135490 ns)
    [ PASSED ] CASE: requestRejectsPseudoOrderCaseConnectionAndAuthorityAmbiguity (121022 ns)
    [ PASSED ] CASE: paddedDataReturnsAllFlowCreditAndPublishesTrailers (114405 ns)
    [ PASSED ] CASE: requestQueueIsBoundedBeforeFlowAccountingMutates (79584 ns)
    [ PASSED ] CASE: terminalLengthMismatchDoesNotConsumeFlowWindow (61563 ns)
    [ PASSED ] CASE: responseHeadersBodyFlowAndTrailersMapInOrder (528250 ns)
    [ PASSED ] CASE: streamingResponseMayExceedTheConfiguredRequestBodyBound (674567 ns)
    [ PASSED ] CASE: responseRulesCloseBodiesOnEveryTerminalOrFailurePath (73253 ns)
    [ PASSED ] CASE: handlerRunsOnceAndReleasesRequestOwnership (93237 ns)
    [ PASSED ] CASE: invalidDuplexResponseReleasesPreServeHandoffExactlyOnce (3970919 ns)
    TCS: Http2ServerPushLifecycleTest, time elapsed: 154232328 ns, RESULT:
    [ PASSED ] CASE: largePushDoesNotDelayParentHeadersUntilPushCreditReturns (68934529 ns)
    [ PASSED ] CASE: cancelledPushReleasesItsWorkerSlotForTheNextParent (40503471 ns)
    [ PASSED ] CASE: crossOriginPushIsRejectedAndItsResponseIsClosedBeforeAnyOffer (2211845 ns)
    [ PASSED ] CASE: parentResetWhileWaitingForPushSlotIsRevalidatedBeforeReservation (24543276 ns)
    [ PASSED ] CASE: resetOfBlockedPushDoesNotBlockReaderOrReleaseWorkerSlotEarly (11425166 ns)
    [ PASSED ] CASE: blockingHeaderOnlyBodyCloseDoesNotDelayInboundReset (2997961 ns)
    [ PASSED ] CASE: duplexHandlerReturnAbortsBothStreamDirections (2323636 ns)
    TCS: Http2SettingsTest, time elapsed: 1790785 ns, RESULT:
    [ PASSED ] CASE: codecPreservesKnownUnknownAndRepeatedSettingsInOrder (36428 ns)
    [ PASSED ] CASE: peerBatchAppliesAtomicallyAndReturnsAckAndWindowDelta (31241 ns)
    [ PASSED ] CASE: invalidPeerBatchLeavesEffectiveStateUnchanged (50813 ns)
    [ PASSED ] CASE: localBatchesAreAcknowledgedInFifoOrder (28506 ns)
    [ PASSED ] CASE: unexpectedAckAndPendingBatchOverflowFailClosed (49747 ns)
    [ PASSED ] CASE: advertisedResourceValuesAreCappedByLocalPolicy (33196 ns)
    [ PASSED ] CASE: settingsFrameLengthAndAckPayloadAreRejectedByFrameLayer (58747 ns)
    [ PASSED ] CASE: peerDefaultsAreRfcValuesCappedSeparatelyFromLocalAdvertisement (44162 ns)
    [ PASSED ] CASE: clientPushAdvertisementUsesItsOwnFiniteAdmissionBound (27025 ns)
    [ PASSED ] CASE: serverEnablePushSettingIsRejectedInBothDirections (37019 ns)
    TCS: Http2StreamLifecycleTest, time elapsed: 2793418 ns, RESULT:
    [ PASSED ] CASE: bothEndStreamOrdersReachClosedExactlyOnce (34688 ns)
    [ PASSED ] CASE: initialEndStreamHalfClosesTheInitiatingSide (22449 ns)
    [ PASSED ] CASE: clientAndServerAllocateCorrectMonotonicParity (31988 ns)
    [ PASSED ] CASE: peerParityReuseAndDecreasingIdsFailConnection (70667 ns)
    [ PASSED ] CASE: localAndPeerConcurrencyLimitsAreIndependentAndCapacityReturns (77424 ns)
    [ PASSED ] CASE: invalidHalfClosedDirectionsAndUnknownStreamsFailClosed (84757 ns)
    [ PASSED ] CASE: readerTerminationClosesAndUnregistersEveryActiveStream (86315 ns)
    [ PASSED ] CASE: racingAdmissionNeverExceedsConfiguredBoundOrDuplicatesIds (351639 ns)
    [ PASSED ] CASE: racingEndDirectionsCompleteAndCleanupExactlyOnce (797383 ns)
    TCS: Http2StreamResetManagerTest, time elapsed: 2253885 ns, RESULT:
    [ PASSED ] CASE: rstCodecPreservesKnownAndExtensionCodes (39450 ns)
    [ PASSED ] CASE: localCancelQueuesResetAndReleasesOnlyItsStream (58693 ns)
    [ PASSED ] CASE: peerResetCancelsQueuedDataPermitsAndWakesOwnerOnce (67764 ns)
    [ PASSED ] CASE: resetWakesBlockedServerBodyWithoutClosingConnection (93029 ns)
    [ PASSED ] CASE: racingLocalAndPeerResetCompletesEveryStreamExactlyOnce (1252706 ns)
    [ PASSED ] CASE: queuePressureIsAtomicAndCleanupCreditStaysBoundedForRetry (105975 ns)
    TCS: Http2WriteSchedulerTest, time elapsed: 4254680 ns, RESULT:
    [ PASSED ] CASE: controlPrecedesDataAndPartialWritesDrainGracefully (111408 ns)
    [ PASSED ] CASE: controlBurstIsBoundedAndDataStreamsRotateFairly (474661 ns)
    [ PASSED ] CASE: queueCountAndBytesAreHardAndCancellationReleasesCapacity (101163 ns)
    [ PASSED ] CASE: concurrentProducersStillUseExactlyOneWriter (884975 ns)
    [ PASSED ] CASE: abortInterruptsActiveWriteAndFailsEveryTicket (68104 ns)
    [ PASSED ] CASE: transportFailureFansOutAndTicketWaitHonorsCancellation (53274 ns)
    [ PASSED ] CASE: reservedDataConsumesFlowOnlyWhenTheWriterClaimsIt (28796 ns)
    [ PASSED ] CASE: serverDataEventTransfersItsPermitBeforeWriterClaim (31509 ns)
    [ PASSED ] CASE: cancellingQueuedReservedDataReturnsAllFlowCapacity (24010 ns)
    [ PASSED ] CASE: admittedHeaderBatchSurvivesResetDuringPartialFirstWrite (59170 ns)
    [ PASSED ] CASE: unstartedEncodedHeaderBatchIsIrrevocableAfterAdmission (56087 ns)
    [ PASSED ] CASE: largeHeaderBatchRemainsContiguousPastControlBurstLimit (86591 ns)
    [ PASSED ] CASE: failedHeaderBatchAdmissionTerminatesScheduler (32797 ns)
    [ PASSED ] CASE: concurrentHeaderBatchesStayContiguousOnTheWire (844078 ns)
Summary: TOTAL: 182
    PASSED: 182, SKIPPED: 0, ERROR: 0
    FAILED: 0
--------------------------------------------------------------------------------------------------
TP: wirestack.internal.platform.linux, time elapsed: 10795127 ns, RESULT:
    TCS: LinuxSystemTrustAdapterTest, time elapsed: 10795127 ns, RESULT:
    [ PASSED ] CASE: frozenSearchOrderCoversGlibcAndMuslLayouts (260810 ns)
    [ PASSED ] CASE: currentLinuxHostSelectsOneExplicitUsableSource (8389590 ns)
    [ PASSED ] CASE: missingCandidatesFailWithoutProviderDefaultFallback (57164 ns)
    [ PASSED ] CASE: directoryCandidateRequiresReadableHashedCertificateEntry (295699 ns)
    [ PASSED ] CASE: sourceIdentityChangesWhenSameSizeTrustContentChanges (368936 ns)
Summary: TOTAL: 5
    PASSED: 5, SKIPPED: 0, ERROR: 0
    FAILED: 0
--------------------------------------------------------------------------------------------------
TP: wirestack.net, time elapsed: 1565444629 ns, RESULT:
    TCS: DnsClientWireTest, time elapsed: 980505777 ns, RESULT:
    [ PASSED ] CASE: publicQueryAndLookupUseRealUdpAndRetainAbsoluteCacheExpiry (2508299 ns)
    [ PASSED ] CASE: publicQueryEncodesEveryModeledRecordType (8678670 ns)
    [ PASSED ] CASE: wrongSourceIdAndQuestionAreIgnoredBeforeValidUdpResponse (1041401 ns)
    [ PASSED ] CASE: validatedTruncationFallsBackToExactTcpFrame (1312764 ns)
    [ PASSED ] CASE: activeCancellationRetainsNameserverWithoutRetry (60569287 ns)
    [ PASSED ] CASE: silentDnsAttemptsLeaveBudgetForServerAndPassFailover (503467494 ns)
    [ PASSED ] CASE: exhaustedResponseCodesRetainTheLastRespondingNameserver (1873189 ns)
    [ PASSED ] CASE: unsupportedResponseCodeRetainsRespondingNameserver (1035010 ns)
    [ PASSED ] CASE: dnsTransportFailuresRetainSelectedNameserver (253548595 ns)
    [ PASSED ] CASE: tcpResponseCannotRemainTruncated (2903302 ns)
    [ PASSED ] CASE: malformedMatchingResponseAndUnrelatedSectionsCannotPoisonCache (9816587 ns)
    [ PASSED ] CASE: cnameTraversalUsesAnswerOwnersAndRejectsConflictingTargets (3073507 ns)
    [ PASSED ] CASE: fullResultCapacityDoesNotQueryAnotherFamily (60704930 ns)
    [ PASSED ] CASE: rfc2308CacheRetainsNxdomainVersusNodataWithoutNewPackets (4821174 ns)
    [ PASSED ] CASE: zeroTtlNeverCreatesAPositiveCacheEntry (4036241 ns)
    [ PASSED ] CASE: callerCancellationAndClientCloseWakeActiveNativeReceive (4159204 ns)
    [ PASSED ] CASE: anyFamilyRetainsAddressesWhenTheOtherFamilyFails (5382873 ns)
    [ PASSED ] CASE: crossFamilyConflictsRetainTheLivePeerAlongsideCachedResults (6567822 ns)
    [ PASSED ] CASE: nxdomainInvalidatesVisitedTargetsAndOtherCachedAliases (25818394 ns)
    [ PASSED ] CASE: everyNxdomainInvalidatesPreviouslyCachedAddresses (7167082 ns)
    [ PASSED ] CASE: noncacheableNxdomainStopsOtherFamilyQueries (3653491 ns)
    [ PASSED ] CASE: nameWideNegativeOverridesEarlierFamilyFailure (3000600 ns)
    [ PASSED ] CASE: boundedAdmissionRejectsExcessAndCloseWakesQueuedCallers (1055459 ns)
    TCS: DnsResolverPolicyTest, time elapsed: 283271310 ns, RESULT:
    [ PASSED ] CASE: fromSystemParsesTabsCommentsLastSearchAndClampedNdots (317517 ns)
    [ PASSED ] CASE: directConfigRejectsUnsupportedNameserverZonesBeforeQueries (31370 ns)
    [ PASSED ] CASE: numericNameserverZonesUseCanonicalEndpointIdentity (35045 ns)
    [ PASSED ] CASE: systemNameserversRetainOnlySupportedNumericZones (282436 ns)
    [ PASSED ] CASE: equivalentNameserverScopesDoNotConsumeTheServerLimit (214147 ns)
    [ PASSED ] CASE: configOwnsInputArraysAndReturnsDefensiveCopies (40451 ns)
    [ PASSED ] CASE: adoptedClientRequiresMatchingConfigurationWithoutTakingRejectedOwnership (170923 ns)
    [ PASSED ] CASE: systemFilesFailClosedWhenMissingOversizedOrNonregular (13043343 ns)
    [ PASSED ] CASE: ipv4LiteralsBypassHostsSearchAndNameservers (60211664 ns)
    [ PASSED ] CASE: hostsSnapshotRetainsOnlyUsableIpv6Zones (374907 ns)
    [ PASSED ] CASE: hostsAliasesFilterFamiliesAndRemainSnapshotted (515486 ns)
    [ PASSED ] CASE: trailingRootSkipsSearchWhileNdotsSelectsSearchOrAbsoluteFirst (3153490 ns)
    [ PASSED ] CASE: exactHostsEntryWinsBeforeSearchSuffixDns (200558020 ns)
    [ PASSED ] CASE: cancelledExpiredAndClosedCallsRetainPublicResolveClassifications (544505 ns)
    [ PASSED ] CASE: connectUsesHostsMappingForANativeListenerExchange (950774 ns)
    [ PASSED ] CASE: resolverConnectCarriesOneAbsoluteDeadlineIntoNativeTcpAdmission (562930 ns)
    TCS: DnsWireParserTest, time elapsed: 42681911 ns, RESULT:
    [ PASSED ] CASE: decodesCompressedTargetsBinaryTxtSoaAndUnknownData (222174 ns)
    [ PASSED ] CASE: recordOrderMakesAnswerAuthorityAndAdditionalBoundariesExplicit (91181 ns)
    [ PASSED ] CASE: summariesAndRecordsOwnParserAndConstructorInputs (66522 ns)
    [ PASSED ] CASE: publicSummaryRejectsCountsBeyondWireAndCombinedRecordBounds (39491882 ns)
    [ PASSED ] CASE: parserPreservesQuestionIdentityAndRejectsIncompleteRecords (95732 ns)
    [ PASSED ] CASE: asciiNameProfileRejectsAmbiguousLabels (110728 ns)
    [ PASSED ] CASE: compressionLoopsForwardPointersAndOutOfRangePointersAreRejected (59332 ns)
    [ PASSED ] CASE: expandedNameAndSectionCountsRespectConfiguredBounds (80332 ns)
    [ PASSED ] CASE: completeParserRejectsTrailingAndTruncatedSectionBytes (55624 ns)
    [ PASSED ] CASE: typedRdataLengthsAndTxtSegmentsAreExact (85403 ns)
    [ PASSED ] CASE: compressedRdataNamesCannotConsumeNeighboringRecordBytes (74667 ns)
    [ PASSED ] CASE: srvTargetCompressionIsRejectedEvenWhenPointerIsInBounds (46901 ns)
    [ PASSED ] CASE: summaryConstructorRejectsSectionMetadataThatCouldBlurBoundaries (19868 ns)
    [ PASSED ] CASE: additionalOwnerMayReferenceAuthorityNameserverTarget (64976 ns)
    [ PASSED ] CASE: additionalOwnerMayReferenceSecondLegacyMailboxName (90265 ns)
    TCS: DnsWireFuzzTest, time elapsed: 132165000 ns, RESULT:
    [ PASSED ] CASE: wireMutationsRejectMalformedMessagesOrRetainOwnedSections (131920746 ns)
    TCS: M8002TcpListenerTest, time elapsed: 56292469 ns, RESULT:
    [ PASSED ] CASE: bindRejectsInvalidBacklogAndStoppedContextsWithStructuredErrors (78478 ns)
    [ PASSED ] CASE: bindFailureRetainsPublicCoordinatesAndCause (104573 ns)
    [ PASSED ] CASE: cancelledAndExpiredAcceptsLeaveListenerReusable (24219327 ns)
    [ PASSED ] CASE: acceptedStreamTransfersExactDataInBothDirections (332035 ns)
    [ PASSED ] CASE: overlappingAcceptIsRejectedWithoutCreatingAPendingQueue (30068807 ns)
    [ PASSED ] CASE: stoppedCloseAdmissionHasNoNativeEffectAndListenerRemainsUsable (237149 ns)
    [ PASSED ] CASE: gracefulAndAbortTerminalOwnersAreStableAndWakeAccept (98971 ns)
    TCS: M8002UdpSocketTest, time elapsed: 32451452 ns, RESULT:
    [ PASSED ] CASE: datagramBoundariesAndOwnedPayloadSurviveScratchReuse (195557 ns)
    [ PASSED ] CASE: exactCapacityAndTruncationDiscardOnlyTheCurrentDatagramTail (122946 ns)
    [ PASSED ] CASE: connectedSocketSelectsNativePeerAndFiltersOtherSenders (171042 ns)
    [ PASSED ] CASE: invalidAndUnsupportedInputsLeaveSocketReusable (998916 ns)
    [ PASSED ] CASE: cancellationDeadlineCloseAndAbortRetainDistinctState (30423688 ns)
    TCS: NetworkFoundationContractTest, time elapsed: 37398566 ns, RESULT:
    [ PASSED ] CASE: unixEndpointFormsAreDistinctAndOwned (16843 ns)
    [ PASSED ] CASE: unixEndpointRejectsUnboundedNames (28000 ns)
    [ PASSED ] CASE: rawSocketCapabilityBoundaryRequiresDomainSpecificProtocol (45362 ns)
    [ PASSED ] CASE: cancelledConnectFailsBeforeSocketCreation (37584 ns)
    [ PASSED ] CASE: tcpStreamCancellationDistinguishesUntouchedFromAbortedDelegate (79367 ns)
    [ PASSED ] CASE: tcpStreamGracefulCloseIsRetainedAndIdempotent (23049 ns)
    [ PASSED ] CASE: tcpStreamTerminalCloseSkipsStoppedContextsAndCallerClock (84255 ns)
    [ PASSED ] CASE: tcpStreamNonterminalStoppedCloseAdmissionStillRejects (64258 ns)
    [ PASSED ] CASE: tcpStreamCloseNormalizesContextFailureWithoutTakingOwnership (56185 ns)
    [ PASSED ] CASE: tcpStreamAbortRetainsItsCauseAndConnectionFacts (99753 ns)
    [ PASSED ] CASE: tcpStreamDirectionalShutdownPublishesOnlySuccessfulTransitions (58308 ns)
    [ PASSED ] CASE: tcpStreamReadShutdownRejectsEveryReadPathWithoutLosingWrites (83674 ns)
    [ PASSED ] CASE: tcpStreamWriteShutdownRejectsEveryWritePathWithoutLosingReads (82725 ns)
    [ PASSED ] CASE: tcpStreamEmptyOperationsRemainImmediateAfterDirectionalShutdown (28713 ns)
    [ PASSED ] CASE: tcpStreamReadExactAddsCapturedEndpointsToUnexpectedEof (47012 ns)
    [ PASSED ] CASE: tcpStreamReadKeepsPeerEofGraceful (29691 ns)
    [ PASSED ] CASE: tcpStreamReadExactMergesCapturedAndStructuredEndpointMetadata (56496 ns)
    [ PASSED ] CASE: tcpStreamIoConflictsRetainCapturedEndpointsWithoutClosing (130660 ns)
    [ PASSED ] CASE: tcpStreamDirectionalShutdownDoesNotPromoteWokenIoToFailure (74064 ns)
    [ PASSED ] CASE: tcpStreamFinalShutdownRemainsGracefulWhenItWakesIo (44071 ns)
    [ PASSED ] CASE: tcpStreamFailuresRetainOriginalErrorAndReleaseDelegate (88130 ns)
    [ PASSED ] CASE: tcpStreamRetainsNativeCancellationOwnership (1212974 ns)
    [ PASSED ] CASE: tcpStreamNormalizesUnexpectedDelegateFailures (164346 ns)
    [ PASSED ] CASE: tcpStreamPrecancelledIoCannotClaimAnotherClosesOwnership (111356 ns)
    [ PASSED ] CASE: tcpStreamCancellationOwnershipSurvivesOtherObservers (97683 ns)
    [ PASSED ] CASE: tcpStreamAbortCannotRelabelClaimedGracefulNativeClose (33992 ns)
    [ PASSED ] CASE: tcpStreamAbortOwnershipSurvivesCompetingIoAndLateCloseFailure (63519 ns)
    [ PASSED ] CASE: tcpStreamCancellationBoundsCloseWaitAndLateSuccessRemainsGraceful (84787 ns)
    [ PASSED ] CASE: tcpStreamJoiningBackgroundCloseWaitsForCompletion (28078215 ns)
    [ PASSED ] CASE: tcpStreamDeadlineBoundsCloseWaitAndLateSuccessRemainsGraceful (77174 ns)
    [ PASSED ] CASE: tcpStreamLateCloseFailurePublishesFailedWithoutReplacingCallerCancellation (84580 ns)
    [ PASSED ] CASE: tcpStreamAbortRemainsTerminalWhenDetachedCloseFailsLate (68669 ns)
    [ PASSED ] CASE: tcpStreamCloseKeepsGracefulCauseWhenItWakesARead (47360 ns)
    [ PASSED ] CASE: unsafeOptionValueIsBoundedAndOwnedWithoutApplyingIt (69102 ns)
    [ PASSED ] CASE: datagramResultEnforcesTheIpv4PayloadBound (1527931 ns)
    [ PASSED ] CASE: datagramResultSurvivesReceiveBufferReuse (9659 ns)
Summary: TOTAL: 103
    PASSED: 103, SKIPPED: 0, ERROR: 0
    FAILED: 0
--------------------------------------------------------------------------------------------------
TP: wirestack.internal.transport_stdnet, time elapsed: 208779393 ns, RESULT:
    TCS: StdNetTransportListenerTest, time elapsed: 91050512 ns, RESULT:
    [ PASSED ] CASE: listenerRejectsOutOfRangeBacklogBeforeBinding (321782 ns)
    [ PASSED ] CASE: listenerPreCancelledAndExpiredAcceptsFailFast (181562 ns)
    [ PASSED ] CASE: listenerDeadlineBoundsBlockedAcceptAndListenerRemainsUsable (38521475 ns)
    [ PASSED ] CASE: listenerCancellationWakesActiveAcceptAndListenerRemainsUsable (40088833 ns)
    [ PASSED ] CASE: listenerCloseWakesActiveAcceptWithStructuredErrorAndIsIdempotent (10765426 ns)
    TCS: M123TransportDiagnosticsTest, time elapsed: 683808 ns, RESULT:
    [ PASSED ] CASE: stdNetReportsRuntimeEndpointsAndCapabilitiesWithoutGuessingIoBackend (293050 ns)
    [ PASSED ] CASE: deterministicTransportUsesTheSameProviderNeutralContract (55754 ns)
    TCS: M127BackgroundFastPathTest, time elapsed: 34218490 ns, RESULT:
    [ PASSED ] CASE: backgroundAndObservedPathsTransferEquivalentData (178932 ns)
    [ PASSED ] CASE: backgroundPeerCloseRemainsEof (140401 ns)
    [ PASSED ] CASE: backgroundLocalCloseRaceRemainsClosed (1192719 ns)
    [ PASSED ] CASE: backgroundStillRejectsConcurrentReaders (1211663 ns)
    [ PASSED ] CASE: cancellableAndDeadlineContextsRetainGenericChecks (192808 ns)
    [ PASSED ] CASE: deadlineTimeoutIsClearedBeforeBackgroundRead (30341786 ns)
    TCS: Net06CancellationGateTest, time elapsed: 5946196 ns, RESULT:
    [ PASSED ] CASE: cancelledReadsReleaseSocketsWaitersAndTasks (5616587 ns)
    TCS: StdNetTransportTest, time elapsed: 74221979 ns, RESULT:
    [ PASSED ] CASE: writeSomeIsPartialAndReusesBoundedConnectionStaging (351126 ns)
    [ PASSED ] CASE: wholeArrayReadAndWriteBypassStagingForATypicalTlsRecord (3884710 ns)
    [ PASSED ] CASE: subrangesRetainBoundedStagingAndCopyAccounting (205232 ns)
    [ PASSED ] CASE: connectsByResolvedIpAndTransfersBothDirections (201677 ns)
    [ PASSED ] CASE: emptyOperationsAreImmediate (159653 ns)
    [ PASSED ] CASE: unsupportedHalfClosePreservesBothDirections (264181 ns)
    [ PASSED ] CASE: cancellationAbortRemainsNativeOwnerAfterLaterClose (1185891 ns)
    [ PASSED ] CASE: listenerCloseWakesBlockedAcceptAsClosed (1075549 ns)
    [ PASSED ] CASE: cancellingOneAcceptLeavesListenerReusable (29154789 ns)
    [ PASSED ] CASE: preCancelledConnectDoesNotCreateASocket (40440 ns)
    [ PASSED ] CASE: peerGracefulCloseIsReportedAsEof (161427 ns)
    [ PASSED ] CASE: deadlineBoundsBlockedReadWithoutClosingConnection (30267878 ns)
    [ PASSED ] CASE: localCloseMapsBlockedReadWithStableEvidence (1268636 ns)
    [ PASSED ] CASE: explicitAbortWakesBlockedReadWithStableEvidence (1203417 ns)
    [ PASSED ] CASE: gracefulNativeCloseRemainsGracefulAfterLaterAbort (150102 ns)
    [ PASSED ] CASE: explicitAbortRemainsNativeOwnerAfterLaterClose (188688 ns)
    [ PASSED ] CASE: unknownConnectFailureMapsWithoutMessageOrNativeCode (190754 ns)
    [ PASSED ] CASE: concurrentReadsFailWithoutDisturbingTheActiveRead (1219044 ns)
    [ PASSED ] CASE: happyEyeballsComposesWithTheDefaultStdNetFactory (248791 ns)
Summary: TOTAL: 50
    PASSED: 33, SKIPPED: 17, ERROR: 0
    FAILED: 0
--------------------------------------------------------------------------------------------------
TP: wirestack.tls, time elapsed: 95697341 ns, RESULT:
    TCS: PublicTlsFacadeTest, time elapsed: 71259287 ns, RESULT:
    [ PASSED ] CASE: clientBuilderRejectsReversedVersionRangeBeforeTransportIo (39295042 ns)
    [ PASSED ] CASE: serverBuilderRequiresAnIdentityBeforeTransportIo (7326006 ns)
    [ PASSED ] CASE: clientBuilderCopiesAlpnAndPublishesProviderNeutralCapabilities (8341662 ns)
    [ PASSED ] CASE: preCancelledHandshakeConsumesAndAbortsTheTransport (15018942 ns)
    TCS: TlsM8006ContractTest, time elapsed: 8104336 ns, RESULT:
    [ PASSED ] CASE: externalDecryptionRequestIsStrictlyRawRsaBoundedAndOwned (53422 ns)
    [ PASSED ] CASE: keyLogLineAcceptsOnlyBoundedNssShapeAndOwnsSecrets (64298 ns)
    [ PASSED ] CASE: clientContextRejectsExternalDecryptionBeforeHandshake (7576773 ns)
    TCS: TlsRuntimeTest, time elapsed: 16164423 ns, RESULT:
    [ PASSED ] CASE: reportsHandleFreeLinuxProviderAndBuildIdentity (7401701 ns)
    [ PASSED ] CASE: returnsDefensiveCopiesOfRuntimeInventories (8299565 ns)
Summary: TOTAL: 9
    PASSED: 9, SKIPPED: 0, ERROR: 0
    FAILED: 0
--------------------------------------------------------------------------------------------------
TP: wirestack.internal.tls_engine, time elapsed: 26030592798 ns, RESULT:
    TCS: TlsConnectionTest, time elapsed: 19396732 ns, RESULT:
    [ PASSED ] CASE: handshakeTransfersOwnershipAndPlaintextIoUsesTheEngine (2146282 ns)
    [ PASSED ] CASE: oneReadAndOneWriteMayOverlapButSecondReadFailsImmediately (1895248 ns)
    [ PASSED ] CASE: handshakeFailureAbortsTransportAndReleasesEngineExactlyOnce (135957 ns)
    [ PASSED ] CASE: expiredHandshakeDeadlineStillConsumesAndAbortsBothInputs (137652 ns)
    [ PASSED ] CASE: ioFailureAbortsAndRepeatedTerminalCallsDoNotReleaseTwice (911539 ns)
    [ PASSED ] CASE: unsupportedHalfCloseDoesNotMutateAnOpenConnection (229776 ns)
    [ PASSED ] CASE: concurrentCloseAndAbortReleaseUnderlyingResourcesOnce (10360559 ns)
    [ PASSED ] CASE: gracefulCloseSendsAndProcessesCloseNotifyBeforeReleasingResources (122739 ns)
    [ PASSED ] CASE: tcpEofDuringGracefulCloseRetainsTruncationAndStillReleasesEverything (130009 ns)
    [ PASSED ] CASE: expiredCloseBudgetStillClosesTransportAndReleasesEngine (125582 ns)
    [ PASSED ] CASE: abortNeverAttemptsTlsShutdownAndRetainsLocalAbortEvidence (71482 ns)
    [ PASSED ] CASE: tcpEofDuringApplicationReadRetainsTruncationBeforeAbort (453980 ns)
    [ PASSED ] CASE: peerCloseNotifyProducesEofEvidenceAndRejectsNewApplicationWrites (491229 ns)
    TCS: Net06TlsTransportCleanupGateTest, time elapsed: 2142173 ns, RESULT:
    [ PASSED ] CASE: failedHandshakesDisposeEngineAndTransportExactlyOnce (1859921 ns)
    TCS: TlsContextTest, time elapsed: 4801629 ns, RESULT:
    [ PASSED ] CASE: linuxCapabilitiesAreExplicitAndNeverInferredFromProviderNames (56209 ns)
    [ PASSED ] CASE: defaultSystemTrustFailsAtBuildUntilLinuxAdapterIsAvailable (159867 ns)
    [ PASSED ] CASE: modernClientContextIsImmutableAndConcurrentShareable (519538 ns)
    [ PASSED ] CASE: strictTls13RejectsAnyTls12Override (177156 ns)
    [ PASSED ] CASE: missingTls13AndHttp2CapabilitiesFailBeforeHandshake (171875 ns)
    [ PASSED ] CASE: alpnRejectsEmptyAndDuplicateProtocolNames (722651 ns)
    [ PASSED ] CASE: serverRequiresServerIdentityAndMtlSTrustAtBuildTime (904860 ns)
    [ PASSED ] CASE: clientIdentityCapabilityIsValidatedAtBuildTime (784631 ns)
    TCS: TlsEnginePumpTest, time elapsed: 326658879 ns, RESULT:
    [ PASSED ] CASE: awsLcClientEngineProducesAClientHelloWithoutSocketIo (31780190 ns)
    [ PASSED ] CASE: strictTls13PolicyIsAcceptedByTheNativeEngine (124952 ns)
    [ PASSED ] CASE: LinuxSystemTrustLoadsExplicitlyAndSniStaysSeparateFromReferenceIdentity (19051010 ns)
    [ PASSED ] CASE: customRootChainIsLoadedIntoARealAwsLcClientEngine (583355 ns)
    [ PASSED ] CASE: spkiPinPolicyConfiguresTheNativeVerificationPathBeforeHandshake (222524 ns)
    [ PASSED ] CASE: matchingSpkiPinCompletesARealClientServerHandshake (16340101 ns)
    [ PASSED ] CASE: matchingSpkiPinDoesNotBypassReferenceIdentityVerification (14971835 ns)
    [ PASSED ] CASE: realAwsLcEnginesExchangeCloseNotifyInBothDirections (16901798 ns)
    [ PASSED ] CASE: handshakeInfoReportsNegotiatedAlpnPeerChainAndVerificationEvidence (16408645 ns)
    [ PASSED ] CASE: tls13TicketResumesAcrossFreshEnginesWithoutEarlyData (14316601 ns)
    [ PASSED ] CASE: tls12TicketResumesAcrossFreshEngines (12155372 ns)
    [ PASSED ] CASE: sniSelectsTheCompleteImmutableContextAndItsCertificate (18089431 ns)
    [ PASSED ] CASE: sniSelectorRejectsMissingAndUnknownNamesWithStableEvidence (24412436 ns)
    [ PASSED ] CASE: noSharedAlpnFailsTheHandshakeInsteadOfSilentlySelectingNothing (12293677 ns)
    [ PASSED ] CASE: requiredMutualTlsUsesClientIdentityAndReturnsServerVerificationEvidence (17072893 ns)
    [ PASSED ] CASE: requiredMutualTlsRejectsMissingClientIdentityButOptionalAllowsIt (18856665 ns)
    [ PASSED ] CASE: mismatchedSpkiPinFailsARealClientServerHandshake (13268019 ns)
    [ PASSED ] CASE: externalSignerCompletesARealHandshakeOutsideTheNativeCallback (17014008 ns)
    [ PASSED ] CASE: externalSignerExceptionFailsClosedWithoutCrossingTheCAbi (8658756 ns)
    [ PASSED ] CASE: cancellationBeforeSignerInvocationFailsThePendingNativeOperation (8822452 ns)
    [ PASSED ] CASE: tls12ContextVersionsPartitionRealClientAndServerSessions (20139273 ns)
    [ PASSED ] CASE: tls13ContextVersionsPartitionRealClientAndServerTickets (20074770 ns)
    [ PASSED ] CASE: pumpHandlesWantReadWriteAndPartialIoWithBoundedBuffers (63517 ns)
    [ PASSED ] CASE: wantWriteWithoutCiphertextFailsInsteadOfSpinning (73038 ns)
    [ PASSED ] CASE: eofDuringWantReadRetainsTlsHandshakeEvidence (65081 ns)
    [ PASSED ] CASE: preCancellationStopsBeforeCallingProviderOrTransport (74792 ns)
    [ PASSED ] CASE: expiredDeadlineStopsBeforeCallingProviderOrTransport (62971 ns)
    TCS: LocalIdentityTest, time elapsed: 4296701 ns, RESULT:
    [ PASSED ] CASE: pkcs8InputIsExactBoundedAndZeroizable (454557 ns)
    [ PASSED ] CASE: pkcs8FileAdapterReadsOneBoundedRegularFile (459344 ns)
    [ PASSED ] CASE: localIdentityValidatesLeafKeyMatchAndHasStablePublicIdentity (1408160 ns)
    [ PASSED ] CASE: mismatchedCertificateAndPrivateKeyFailAtIdentityBuild (725889 ns)
    [ PASSED ] CASE: externalSignerAndSystemHandleShareOneOpaqueKeyContract (359546 ns)
    [ PASSED ] CASE: duplicateSignerAlgorithmsAndMismatchedSpkiFailAtBuild (295956 ns)
    TCS: M3028TlsFuzzTest, time elapsed: 25670195219 ns, RESULT:
    [ PASSED ] CASE: recordMutationsHaveDeterministicTypedTerminals (10156048502 ns)
    [ PASSED ] CASE: handshakeMutationsHaveDeterministicTypedTerminals (10272138704 ns)
    [ PASSED ] CASE: certificateAdapterMutationsHaveDeterministicTypedTerminals (5241256623 ns)
    TCS: TlsM8006ContextTest, time elapsed: 1381200 ns, RESULT:
    [ PASSED ] CASE: sessionPartitionsRetainOnlyTheMatchingContextVersion (38852 ns)
    [ PASSED ] CASE: decryptorRequiresProviderCapabilityAndRsaExternalIdentity (950086 ns)
    [ PASSED ] CASE: keyLogSinkRequiresExplicitProviderCapability (56412 ns)
    TCS: TlsProviderSubstitutionTest, time elapsed: 763414 ns, RESULT:
    [ PASSED ] CASE: testProviderUsesTheProductionFactoryContract (218250 ns)
    [ PASSED ] CASE: objectsFromDifferentProviderInstancesCannotMix (215319 ns)
    [ PASSED ] CASE: activeEngineRetainsProviderUntilItCloses (17448 ns)
    TCS: TlsSessionStoreTest, time elapsed: 288018 ns, RESULT:
    [ PASSED ] CASE: boundedLruExpiryAndSingleUseAreDeterministic (23451 ns)
    [ PASSED ] CASE: everySecurityPartitionDimensionPreventsReuse (37035 ns)
Summary: TOTAL: 66
    PASSED: 66, SKIPPED: 0, ERROR: 0
    FAILED: 0
--------------------------------------------------------------------------------------------------
TP: wirestack.http, time elapsed: 11374462286 ns, RESULT:
    TCS: RequestBodyTest, time elapsed: 1613775 ns, RESULT:
    [ PASSED ] CASE: byteBodiesOwnInputAndReplayWithIndependentOffsets (263874 ns)
    [ PASSED ] CASE: emptyAndUtf8StringBodiesHaveExactLengths (33447 ns)
    [ PASSED ] CASE: oneShotBodyCanOnlyBeClaimedOnce (74433 ns)
    [ PASSED ] CASE: factoryMustReturnTheDeclaredLengthAndMismatchIsClosed (36187 ns)
    [ PASSED ] CASE: closedStreamRejectsFurtherReads (32593 ns)
    [ PASSED ] CASE: fileBodyStreamsAndReopensWithoutEagerReads (144176 ns)
    [ PASSED ] CASE: fileBodyRejectsOversizeAndChangesBeforeOpen (98503 ns)
    TCS: HttpClientExtensionsTest, time elapsed: 45944458 ns, RESULT:
    [ PASSED ] CASE: nativeCookiesAndServiceHooksSurviveThrowingPoolObservers (33879508 ns)
    [ PASSED ] CASE: mismatchedUpgradePairingsNeverOpenConnections (244817 ns)
    [ PASSED ] CASE: unavailableServerPushClosesTheOwnedResponse (11277756 ns)
    TCS: HttpCookieJarTest, time elapsed: 221911842 ns, RESULT:
    [ PASSED ] CASE: cookieSerializesStandardMetadataWithoutInventingBrowserPolicy (64116 ns)
    [ PASSED ] CASE: hostOnlyAndDomainCookiesDoNotLeakAcrossDnsBoundaries (273696 ns)
    [ PASSED ] CASE: bundledPublicSuffixRulesProtectRegistrableBoundariesByDefault (751932 ns)
    [ PASSED ] CASE: defaultPathAndPathMatchUseDirectoryAndSlashBoundaries (175844 ns)
    [ PASSED ] CASE: maxAgeTakesPrecedenceAndNonPositiveValuesDeleteTheIdentity (316137 ns)
    [ PASSED ] CASE: secureMetadataControlsTransportAndHttpOnlyDoesNotChangeWireSelection (119382 ns)
    [ PASSED ] CASE: valuedSecureAttributeCannotLeakCookiesToCleartext (111608 ns)
    [ PASSED ] CASE: cleartextOriginsCannotCreateOrOverlaySecureCookies (551649 ns)
    [ PASSED ] CASE: cleartextQuotaFloodCannotEvictSecureIdentityAndInstallReplacement (223077 ns)
    [ PASSED ] CASE: allSecureQuotaRejectsCleartextInsertionsFromBothStorageEntrypoints (226724 ns)
    [ PASSED ] CASE: rejectsHeaderInjectionAndInvalidCookieOctetsBeforeStorage (144072 ns)
    [ PASSED ] CASE: capacityHeaderBoundsAndReplacementRemainDeterministic (139505 ns)
    [ PASSED ] CASE: removalClearAndSnapshotsExposeOnlyLiveImmutableCookies (141060 ns)
    [ PASSED ] CASE: concurrentStoresAndReadsRemainRaceFreeAndBounded (2080331 ns)
    [ PASSED ] CASE: boundedSetCookieMutationsPreserveScopeAndHeaderSafety (214510434 ns)
    TCS: Http1DeterministicFuzzTest, time elapsed: 7207490 ns, RESULT:
    [ PASSED ] CASE: acceptedUrlMutationsRoundTripToOneCanonicalIdentity (4014060 ns)
    [ PASSED ] CASE: acceptedNoProxyMutationsRemainDeterministicAcrossTargets (2628424 ns)
    [ PASSED ] CASE: proxyAuthorizationMutationCannotInjectBeforeDnsOrConnect (183575 ns)
    TCS: HttpErrorTest, time elapsed: 427046 ns, RESULT:
    [ PASSED ] CASE: publicGetMapsInvalidUrlWithoutNetworkSideEffects (149694 ns)
    [ PASSED ] CASE: classifierProvidesStableHttpFailureCodes (43236 ns)
    TCS: HttpFacadeTest, time elapsed: 675042448 ns, RESULT:
    [ PASSED ] CASE: requestCancellationOutlivesCompletedParentWhileTransferredPushStalls (57483512 ns)
    [ PASSED ] CASE: cancellationWrapperPreservesProtocolCompletionPolicy (27534 ns)
    [ PASSED ] CASE: typedCancellationHandlesAreScopedIdempotentAndStopBeforeNetworkIo (2206359 ns)
    [ PASSED ] CASE: publicHttp1ConnectionHandleCancelsBodyAndLeavesClientReusable (10984706 ns)
    [ PASSED ] CASE: publicHttp2StreamAndConnectionHandlesRespectTheirScopes (65093684 ns)
    [ PASSED ] CASE: publicHttp2SlowStreamCannotStarveOneTenOrHundredSiblings (165536801 ns)
    [ PASSED ] CASE: tlsHttp2StreamLimitIsAppliedAcrossConcurrentPublicRequests (26411503 ns)
    [ PASSED ] CASE: tlsFacadeNegotiatesHttp2AndMapsBodyTrailersAndResponse (42484365 ns)
    [ PASSED ] CASE: explicitResolverConnectsPublicClientAndServer (1895291 ns)
    [ PASSED ] CASE: defaultSystemResolverConnectsPublicClientAndServer (262322731 ns)
    [ PASSED ] CASE: clientFollowsOriginRelativeRedirectEndToEnd (3100266 ns)
    [ PASSED ] CASE: clientRetriesOneTemporaryDnsFailureWithinTheSameDeadline (2040914 ns)
    [ PASSED ] CASE: forwardProxyUsesAbsoluteFormIndependentDnsAndHookCredentials (1927818 ns)
    [ PASSED ] CASE: serverBuilderRequiresEndpointAndHandler (22029 ns)
    [ PASSED ] CASE: tlsServerConfigFailsClosedBeforeBinding (159633 ns)
    [ PASSED ] CASE: followedHttp2RedirectClosesUnclaimedPushBeforeClientTeardown (30946537 ns)
    TCS: Http2ConcurrentResponseBodyTest, time elapsed: 36116556 ns, RESULT:
    [ PASSED ] CASE: twoPublicHttp2BodiesCompleteIndependently (35875329 ns)
    TCS: FileHandlerTest, time elapsed: 14896500 ns, RESULT:
    [ PASSED ] CASE: confinedDownloadRejectsTraversalAndSymlinkWhileOpenBodyOutlivesHandler (4980141 ns)
    [ PASSED ] CASE: uploadPublishesOneCompleteBinaryFileAndNeverPublishesRejectedMultipart (9056040 ns)
    [ PASSED ] CASE: uploadCommitChecksContextAfterDurabilityBeforePublication (295791 ns)
    TCS: HttpMessageTest, time elapsed: 1390984 ns, RESULT:
    [ PASSED ] CASE: requestFactoriesProduceImmutableProtocolNeutralModels (67505 ns)
    [ PASSED ] CASE: responseEofCompletesObserverExactlyOnce (35520 ns)
    [ PASSED ] CASE: earlyCloseAbandonsObserverExactlyOnce (38150 ns)
    [ PASSED ] CASE: readFailureClosesAndAbandonsTheBody (30235 ns)
    [ PASSED ] CASE: emptyDestinationDoesNotMistakeNoProgressForEof (20166 ns)
    [ PASSED ] CASE: boundedDrainCompletesOnlyWhenEofIsProven (32559 ns)
    [ PASSED ] CASE: invalidSourceProgressFailsClosed (33171 ns)
    [ PASSED ] CASE: responseRejectsInvalidStatusAndReason (48652 ns)
    TCS: MultipartTest, time elapsed: 4170962132 ns, RESULT:
    [ PASSED ] CASE: writerStreamsExactBinaryFramingAndReplaysIndependently (386580 ns)
    [ PASSED ] CASE: boundarySeparatorsRoundtripThroughContentTypeAndBody (1705787 ns)
    [ PASSED ] CASE: readerPreservesBinaryWhenEveryDelimiterIsSplitAcrossReads (745812 ns)
    [ PASSED ] CASE: closingPartDiscardsOnlyThatPartAndReleasesNextPart (852628 ns)
    [ PASSED ] CASE: malformedAndConfiguredLimitsCloseOwnedSource (192190 ns)
    [ PASSED ] CASE: partCountLimitRejectsBeforeParsingUnboundedAdditionalMetadata (255604 ns)
    [ PASSED ] CASE: boundedDeterministicWireMutationsAreChunkIndependent (4162926575 ns)
    [ PASSED ] CASE: deterministicMutationHarnessEnforcesSmallLimitsAndOwnedClosure (2700614 ns)
    TCS: HttpModelTest, time elapsed: 1387396 ns, RESULT:
    [ PASSED ] CASE: methodSupportsStandardAndExtensionTokens (20973 ns)
    [ PASSED ] CASE: headersPreserveOrderAndMultipleValues (37430 ns)
    [ PASSED ] CASE: headersOwnTheirInputAndOutputArrays (18181 ns)
    [ PASSED ] CASE: builderSetAndRemoveUseCaseInsensitiveNames (33739 ns)
    [ PASSED ] CASE: rejectsInjectionAndInvalidNames (39938 ns)
    [ PASSED ] CASE: enforcesCountLineAndTotalLimits (27529 ns)
    [ PASSED ] CASE: urlNormalizesSchemeHostAndDefaultTarget (23397 ns)
    [ PASSED ] CASE: urlPreservesExplicitPortPathAndQuery (21106 ns)
    [ PASSED ] CASE: urlRequiresBracketedIpv6AndKeepsQueryOnlyTargetValid (19935 ns)
    [ PASSED ] CASE: urlRejectsAmbiguousAndUnsafeInputs (86957 ns)
    [ PASSED ] CASE: trailerRejectsRoutingAndFramingFields (109501 ns)
    TCS: HttpProxyPolicyTest, time elapsed: 732975 ns, RESULT:
    [ PASSED ] CASE: noProxyMatchesDnsBoundariesAndOptionalPorts (88855 ns)
    [ PASSED ] CASE: noProxyMatchesTypedIpLiteralsExactlyAndWildcardExplicitly (56557 ns)
    [ PASSED ] CASE: endpointsRetainDnsIpv4AndIpv6RouteIdentity (25217 ns)
    [ PASSED ] CASE: routeSelectionUsesNoProxyWithoutCallingAuthorizationHook (49468 ns)
    [ PASSED ] CASE: rejectsAmbiguousNoProxyPatternsAndEndpointPorts (42176 ns)
    TCS: HttpRedirectPolicyTest, time elapsed: 1190594 ns, RESULT:
    [ PASSED ] CASE: rewritesPostOn302AndRemovesBodyHeaders (145990 ns)
    [ PASSED ] CASE: stripsSensitiveHeadersOnlyAcrossOrigins (208962 ns)
    [ PASSED ] CASE: rejectsDowngradeLimitAndOneShotReplay (136571 ns)
    [ PASSED ] CASE: resolvesSchemeRelativeAndQueryOnlyLocations (70841 ns)
    [ PASSED ] CASE: resolvesRelativePathsAndRemovesDotSegments (97586 ns)
    TCS: HttpRetryPolicyTest, time elapsed: 550561 ns, RESULT:
    [ PASSED ] CASE: retriesOnlyIdempotentReplayableStructuredFailures (49603 ns)
    [ PASSED ] CASE: explicitSafetyAllowsPostButDisabledAndOneShotFailClosed (41323 ns)
    [ PASSED ] CASE: cancellationDeadlineUnknownAndNeverAreNotRetried (41320 ns)
    [ PASSED ] CASE: goAwayRetriesOnlyDefinitelyUnprocessedSafeReplayableRequests (45393 ns)
    TCS: Http1SseStreamingProfileTest, time elapsed: 3004500178 ns, RESULT:
    [ PASSED ] CASE: http1StreamsWithoutLifetimeAccumulationAndCancels (3004297596 ns)
    TCS: Http2SseStreamingProfileTest, time elapsed: 3025394902 ns, RESULT:
    [ PASSED ] CASE: http2StreamsWithoutLifetimeAccumulationAndPreservesSibling (3025179032 ns)
    TCS: M2005SystemResolverTest, time elapsed: 9567526 ns, RESULT:
    [ PASSED ] CASE: resolvesLocalhostThroughThePublicContract (8677411 ns)
    [ PASSED ] CASE: fixtureReturnsAllCandidatesAndDoesNotInventTtl (14432 ns)
    [ PASSED ] CASE: fixtureAppliesFamilyAndResultBounds (10718 ns)
    [ PASSED ] CASE: fixtureMapsStableErrorsAndRetainsNativeEvidence (10886 ns)
    [ PASSED ] CASE: fixtureCancellationAndDeadlineReturnBeforeNativeCleanup (15004 ns)
    [ PASSED ] CASE: validatesBoundsAndRejectsUseAfterClose (76434 ns)
    TCS: WebSocketHandshakeTest, time elapsed: 46551024 ns, RESULT:
    [ PASSED ] CASE: nativeHttp1UpgradeTransfersFramesAndClosesSession (3094724 ns)
    [ PASSED ] CASE: nativeHttp2ExtendedConnectKeepsSiblingRequestsUsable (43167441 ns)
    TCS: WebSocketConnectionTest, time elapsed: 106688626 ns, RESULT:
    [ PASSED ] CASE: fragmentedUtf8AndAutomaticPongSurviveOneByteTransportReads (213142 ns)
    [ PASSED ] CASE: preCancelledSendPerformsNoIoAndLeavesUntouchedSessionHealthy (97420 ns)
    [ PASSED ] CASE: fragmentedMessageBoundRejectsBeforeWritingAndPreservesProgression (127791 ns)
    [ PASSED ] CASE: roleMaskingAndNonCanonicalLengthFailClosedWithProtocolStatus (229447 ns)
    [ PASSED ] CASE: fragmentedTextRejectsInvalidContinuationAtTheMessageBoundary (110744 ns)
    [ PASSED ] CASE: gracefulCloseEchoesStatusAndCompletesBothOwners (133884 ns)
    [ PASSED ] CASE: handshakeCryptoMatchesRfcVectorAndReturnsCanonicalFreshKeyShape (44976 ns)
    [ PASSED ] CASE: framePayloadIsOwnedAndCloseInputIsStrict (43231 ns)
    [ PASSED ] CASE: boundedDeterministicWireMutationsAreSplitInvariantAndFailClosed (104414894 ns)
Summary: TOTAL: 113
    PASSED: 110, SKIPPED: 3, ERROR: 0
    FAILED: 0
--------------------------------------------------------------------------------------------------
TP: wirestack.internal.connector, time elapsed: 13655173 ns, RESULT:
    TCS: AttemptPlanTest, time elapsed: 1313699 ns, RESULT:
    [ PASSED ] CASE: alternatesFamiliesAndPreservesFamilyOrder (257515 ns)
    [ PASSED ] CASE: firstFamilyControlsPreferenceAndDuplicatesAreRemoved (32236 ns)
    [ PASSED ] CASE: distinctIpv6ZonesAreNotDeduplicated (26316 ns)
    [ PASSED ] CASE: rejectsEmptyCandidatesAndNegativeDelay (55015 ns)
    TCS: HappyEyeballsConnectorTest, time elapsed: 10359147 ns, RESULT:
    [ PASSED ] CASE: emitsCompleteDnsAttemptAndConnectedLifecycle (230161 ns)
    [ PASSED ] CASE: blackholedFirstCandidateIsCancelledAndJoinedBeforeReturn (8155806 ns)
    [ PASSED ] CASE: ipv6FirstSuccessSkipsLaterIpv4Attempt (150634 ns)
    [ PASSED ] CASE: simultaneousSuccessKeepsOneWinnerAndAbortsEveryLoser (183495 ns)
    [ PASSED ] CASE: allFailuresAreJoinedAndRetainedAsDiagnostics (132508 ns)
    [ PASSED ] CASE: preCancelledParentStartsNeitherDnsNorAttempts (52204 ns)
    [ PASSED ] CASE: parentCancellationAfterSuccessPreventsWinnerPublication (160829 ns)
    [ PASSED ] CASE: deadlineAtSuccessBoundaryPreventsWinnerPublication (152128 ns)
    TCS: ConnectionRouteTest, time elapsed: 1788753 ns, RESULT:
    [ PASSED ] CASE: directRouteRetainsItsLocalOriginResolver (142721 ns)
    [ PASSED ] CASE: explicitProxySeparatesOriginAndProxyDns (97179 ns)
    [ PASSED ] CASE: typedIpTargetsNeverCarryResolvers (101557 ns)
    [ PASSED ] CASE: rejectsDelegatedDnsWithoutAnOwningProxyAndInvalidConnectTargets (117465 ns)
    [ PASSED ] CASE: networkAndTlsParametersAreBoundedAndOwned (583717 ns)
Summary: TOTAL: 17
    PASSED: 17, SKIPPED: 0, ERROR: 0
    FAILED: 0
--------------------------------------------------------------------------------------------------
TP: wirestack.internal.http1, time elapsed: 1707093284 ns, RESULT:
    TCS: HttpAutomaticHttpsClientTest, time elapsed: 7236301 ns, RESULT:
    [ PASSED ] CASE: h2NegotiationMultiplexesTenRequestsOnOneTlsConnection (5046568 ns)
    [ PASSED ] CASE: http11NegotiationFallsBackAndReusesTheAdoptedConnection (1332229 ns)
    TCS: Http1ChunkedCodecTest, time elapsed: 1453168 ns, RESULT:
    [ PASSED ] CASE: decoderStreamsDataExtensionsTrailersAndRemainder (75517 ns)
    [ PASSED ] CASE: decoderHandlesEveryBoundaryOneByteAtATime (53283 ns)
    [ PASSED ] CASE: encoderProducesCanonicalChunksAndBoundedTrailers (56573 ns)
    [ PASSED ] CASE: rejectsInvalidSizeExtensionAndTerminators (57808 ns)
    [ PASSED ] CASE: enforcesBodyChunkLineAndTrailerBounds (53215 ns)
    [ PASSED ] CASE: streamingResponseKeepsEachChunkBoundedWithoutALifetimeCeiling (115269 ns)
    [ PASSED ] CASE: rejectsForbiddenOrFoldedTrailers (69174 ns)
    [ PASSED ] CASE: eofAndPostCompletionUseFailClosedStates (48736 ns)
    [ PASSED ] CASE: decodeBatchesOwnDataAndRemainingBytes (36740 ns)
    TCS: Http1ClientConnectionTest, time elapsed: 23237375 ns, RESULT:
    [ PASSED ] CASE: expectContinueWaitsForApprovalBeforeOpeningBody (816350 ns)
    [ PASSED ] CASE: finalRejectionBeforeContinueNeverOpensRequestBody (538498 ns)
    [ PASSED ] CASE: continueWaitTimeoutSendsBodyUnderTheOriginalBudget (19488431 ns)
    [ PASSED ] CASE: serializesRequestsUntilBodyEofThenReusesConnection (723992 ns)
    [ PASSED ] CASE: earlyBodyCloseClosesInsteadOfReturningConnectionForReuse (446093 ns)
    [ PASSED ] CASE: connectionCloseResponseIsNeverReusableAfterEof (477441 ns)
    TCS: Http1CleartextClientTest, time elapsed: 2490256 ns, RESULT:
    [ PASSED ] CASE: resolvesConnectsAndReusesOnlyAfterBodyCompletion (2052655 ns)
    [ PASSED ] CASE: rejectsHttpsBeforeDnsOrPoolMutation (90507 ns)
    TCS: Http1ConnectionPoolTest, time elapsed: 3971162 ns, RESULT:
    [ PASSED ] CASE: emitsSecretFreeAcquireAndReleaseLifecycle (497318 ns)
    [ PASSED ] CASE: reusesOnlyTheSameCompleteKey (380297 ns)
    [ PASSED ] CASE: enforcesTotalPerKeyIdleAndWaiterBounds (602707 ns)
    [ PASSED ] CASE: activeWaitHonorsCancellationAndReleasesWaiterSlot (297121 ns)
    [ PASSED ] CASE: evictsExpiredAndClosedConnectionsInsteadOfReusingThem (869548 ns)
    [ PASSED ] CASE: failedCreationRollsBackItsCapacityReservation (466951 ns)
    TCS: Http1HeadParserTest, time elapsed: 2910107 ns, RESULT:
    [ PASSED ] CASE: requestParsesIncrementallyAndReturnsBodyRemainder (235722 ns)
    [ PASSED ] CASE: oneFeedRetainsBytesAfterTheHead (124361 ns)
    [ PASSED ] CASE: responseParsesStatusReasonHeadersAndFraming (154895 ns)
    [ PASSED ] CASE: acceptsOriginAbsoluteAuthorityAndAsteriskFormsOnlyWhereValid (403853 ns)
    [ PASSED ] CASE: rejectsBareLfObsFoldAndInvalidHeaderSyntax (169827 ns)
    [ PASSED ] CASE: requiresOneValidHostAndMatchingAbsoluteAuthority (356499 ns)
    [ PASSED ] CASE: rejectsInvalidTargetVersionAndBoundViolations (212285 ns)
    [ PASSED ] CASE: completedParserCannotBeReused (108029 ns)
    TCS: Http2Streams1BenchmarkTest, time elapsed: 22230114 ns, RESULT:
    [ PASSED ] CASE: benchmarkOneConcurrentStream (21948611 ns)
    TCS: Http2Streams10BenchmarkTest, time elapsed: 114961254 ns, RESULT:
    [ PASSED ] CASE: benchmarkTenConcurrentStreams (114665904 ns)
    TCS: Http2Streams100BenchmarkTest, time elapsed: 1166145349 ns, RESULT:
    [ PASSED ] CASE: benchmarkHundredConcurrentStreams (1165807408 ns)
    TCS: Http1HundredConnectionBaselineTest, time elapsed: 47062063 ns, RESULT:
    [ PASSED ] CASE: benchmarkHundredConcurrentConnections (46747961 ns)
    TCS: Http2ConnectionPoolTest, time elapsed: 3181927 ns, RESULT:
    [ PASSED ] CASE: alpnPrefersH2AndFallsBackOnlyToHttp11 (37344 ns)
    [ PASSED ] CASE: oneConnectionIsSharedUntilPeerStreamCapacityIsFull (277918 ns)
    [ PASSED ] CASE: concurrentFirstUseDoesNotCreateAConnectionStampede (980515 ns)
    [ PASSED ] CASE: newConnectionIsPublishedOnlyAfterItsFirstStreamIsAdmitted (98522 ns)
    [ PASSED ] CASE: completeSecurityKeyPreventsCrossContextReuse (112807 ns)
    [ PASSED ] CASE: drainingConnectionRetainsExistingStreamButReceivesNoNewLease (109990 ns)
    [ PASSED ] CASE: drainingConnectionWaitsForNonLocalOwnersBeforeDiscard (105530 ns)
    [ PASSED ] CASE: fullBoundedPoolHonorsOneCallerDeadline (90065 ns)
    [ PASSED ] CASE: poolCloseAbortsEverySharedConnectionExactlyOnce (68454 ns)
    TCS: Http1FramingTest, time elapsed: 1048809 ns, RESULT:
    [ PASSED ] CASE: requestUsesOneSharedEmptyLengthOrChunkedDecision (52820 ns)
    [ PASSED ] CASE: identicalContentLengthsAreAcceptedAcrossFieldsAndLists (25596 ns)
    [ PASSED ] CASE: conflictingOrInvalidContentLengthsAreRejected (99118 ns)
    [ PASSED ] CASE: contentLengthAndTransferEncodingNeverCoexist (32807 ns)
    [ PASSED ] CASE: ambiguousTransferEncodingIsRejected (91947 ns)
    [ PASSED ] CASE: responseHandlesHeadStatusesConnectAndCloseDelimiting (64628 ns)
    [ PASSED ] CASE: bodylessAndSuccessfulConnectResponsesRejectFramingFields (56097 ns)
    TCS: HttpConnectionPoolKeyTest, time elapsed: 440252 ns, RESULT:
    [ PASSED ] CASE: canonicalOriginProducesStableEqualityAndHash (19197 ns)
    [ PASSED ] CASE: everySecurityAndRouteDimensionPartitionsReuse (39691 ns)
    [ PASSED ] CASE: refusesIncompletePartitionIdentities (20122 ns)
    TCS: Http1ProxyClientPipelineTest, time elapsed: 3915451 ns, RESULT:
    [ PASSED ] CASE: dynamicConnectCredentialsNeverReuseAnAuthenticatedTunnel (2168398 ns)
    [ PASSED ] CASE: rejectedConnectDrainsClosesAndReturnsStructuredNonRetryableFailure (1490723 ns)
    TCS: Http1RequestWriterTest, time elapsed: 2145693 ns, RESULT:
    [ PASSED ] CASE: twoStageWriterDoesNotOpenBodyBeforeExplicitCommit (422868 ns)
    [ PASSED ] CASE: writesFixedBodyThroughPartialTransportOperations (332864 ns)
    [ PASSED ] CASE: streamsUnknownLengthBodyAsCanonicalChunks (333508 ns)
    [ PASSED ] CASE: rejectsDeclaredMismatchBeforeWritingAnything (85962 ns)
    [ PASSED ] CASE: prematureBodyEofRetainsPartialCommitEvidence (318001 ns)
    [ PASSED ] CASE: emptyFramingProbesSourceInsteadOfDroppingUnexpectedBytes (86950 ns)
    TCS: Http1ResponseReaderTest, time elapsed: 7295899 ns, RESULT:
    [ PASSED ] CASE: explicitUpgradeTransfersOnlyAMatching101Protocol (953230 ns)
    [ PASSED ] CASE: mismatchedUpgradeResponseFailsClosed (600164 ns)
    [ PASSED ] CASE: explicitConnectTransfersBufferedTunnelBytesAndTransportOwnership (908115 ns)
    [ PASSED ] CASE: failedConnectRemainsAnHttpResponseAndClosesAfterBody (1171117 ns)
    [ PASSED ] CASE: readsInterimAndFixedResponseWithoutBufferingTheBody (379785 ns)
    [ PASSED ] CASE: received4xxAnd5xxRemainHttpResponses (540519 ns)
    [ PASSED ] CASE: decodesChunkedResponseAndPublishesTrailerAtEof (349917 ns)
    [ PASSED ] CASE: closeDelimitedBodyCompletesOnlyAtTransportEof (255459 ns)
    [ PASSED ] CASE: chunkedStreamingResponseMayExceedThePerSegmentBodyBound (302624 ns)
    [ PASSED ] CASE: prematureFixedBodyEofAbandonsResponseExactlyOnce (283771 ns)
    [ PASSED ] CASE: rejectsImplicitUpgradeAndConnectTransportTransfer (515816 ns)
    TCS: Http1SerializerTest, time elapsed: 1191729 ns, RESULT:
    [ PASSED ] CASE: clientRequestAddsHostAndUsesOriginForm (74470 ns)
    [ PASSED ] CASE: forwardProxyRequestUsesAbsoluteFormAndOriginHost (71816 ns)
    [ PASSED ] CASE: requestPreservesOrderedMultipleFieldsAndLengthFraming (61350 ns)
    [ PASSED ] CASE: requestRejectsMissingDuplicateOrMismatchedHost (56460 ns)
    [ PASSED ] CASE: responseSerializesStatusAndUsesSharedFraming (35242 ns)
    [ PASSED ] CASE: responseRejectsInjectionAndForbiddenBodyFraming (44215 ns)
    [ PASSED ] CASE: writerHandlesPartialTransportWritesUnderOneContext (84752 ns)
    [ PASSED ] CASE: serializedBytesAreDefensiveCopies (58453 ns)
    TCS: Http1ServerConnectionTest, time elapsed: 7271585 ns, RESULT:
    [ PASSED ] CASE: serializesTwoKeepAliveExchanges (1623764 ns)
    [ PASSED ] CASE: unreadRequestBodyForcesConnectionCloseAfterResponse (1063258 ns)
    [ PASSED ] CASE: handlerFailureProducesBounded500AndCloses (964859 ns)
    [ PASSED ] CASE: rejectedHandoffReleasesSessionOwnershipExactlyOnce (2395749 ns)
    [ PASSED ] CASE: selectedUpgradeOfferTransfersBufferedSessionBytes (653993 ns)
    TCS: Http1ServerRequestReaderTest, time elapsed: 17715810 ns, RESULT:
    [ PASSED ] CASE: streamsFixedRequestBodyWithoutReadingPastItsLength (592256 ns)
    [ PASSED ] CASE: decodesChunkedRequestAndPublishesTrailer (599150 ns)
    [ PASSED ] CASE: sendsContinueOnlyWhenHandlerStartsReadingTheBody (15073680 ns)
    [ PASSED ] CASE: rejectingWithoutReadingNeverSendsContinue (875740 ns)
    TCS: Http1ServerTest, time elapsed: 28579078 ns, RESULT:
    [ PASSED ] CASE: shutdownAbortsConnectionBlockedInsideTlsHandshake (8273414 ns)
    [ PASSED ] CASE: acceptSideTlsHookOwnsConnectionAndClosesAfterShutdown (491537 ns)
    [ PASSED ] CASE: gracefulShutdownStopsAcceptAfterCompletedConnection (667657 ns)
    [ PASSED ] CASE: expiredShutdownAbortsBlockedConnectionAndReturnsBoundedly (8474074 ns)
    [ PASSED ] CASE: connectionLimitPreventsSecondAcceptUntilCapacityReturns (9879208 ns)
    TCS: Http1ServerResponseWriterTest, time elapsed: 2352976 ns, RESULT:
    [ PASSED ] CASE: writesFixedResponseThroughPartialTransportOperations (295189 ns)
    [ PASSED ] CASE: streamsChunkedResponseAndTrailer (350522 ns)
    [ PASSED ] CASE: chunkedStreamingResponseMayExceedThePerSegmentBodyBound (291733 ns)
    [ PASSED ] CASE: headResponseNeverTransfersRepresentationBytes (110532 ns)
    [ PASSED ] CASE: closeDelimitedResponseRequiresConnectionClose (481458 ns)
    [ PASSED ] CASE: rejectsKnownLengthMismatchBeforeCommittingHead (98197 ns)
    TCS: Http1SmugglingCorpusTest, time elapsed: 103538135 ns, RESULT:
    [ PASSED ] CASE: clientAndServerFramingRejectTheSameAmbiguousHeaderCorpus (2724295 ns)
    [ PASSED ] CASE: identicalLengthsAndOneFinalChunkedCodingRemainUnambiguous (909447 ns)
    [ PASSED ] CASE: rejectsWhitespaceTargetAndProxyDifferentialCorpus (898654 ns)
    [ PASSED ] CASE: rejectsMalformedChunkAndTrailerCorpusAtInputOrEof (204268 ns)
    [ PASSED ] CASE: everyAcceptedSingleByteMutationHasACanonicalReparse (91496854 ns)
    [ PASSED ] CASE: chunkedMutationsHaveDeterministicBoundedTerminals (2129242 ns)
    [ PASSED ] CASE: validHeadParsesAtEveryTransportSplitBoundary (4233103 ns)
    TCS: Http1HttpsClientTest, time elapsed: 2364694 ns, RESULT:
    [ PASSED ] CASE: partitionsHandshakesAndReusesHttpsAfterBodyCompletion (2149571 ns)
    TCS: Http1TlsServerTest, time elapsed: 132042109 ns, RESULT:
    [ PASSED ] CASE: alpnServerRejectsAClientWithNoSharedHttpProtocol (58400348 ns)
    [ PASSED ] CASE: automaticClientOffersH2FirstAndFallsBackToServerHttp11 (21022732 ns)
    [ PASSED ] CASE: requiredMutualTlsCarriesAuthenticatedHttp1Exchange (25016648 ns)
    [ PASSED ] CASE: realAwsLcHandshakeCarriesOneHttp1Exchange (26643824 ns)
Summary: TOTAL: 118
    PASSED: 115, SKIPPED: 3, ERROR: 0
    FAILED: 0
--------------------------------------------------------------------------------------------------
Project tests finished, time elapsed: 44430828776 ns, RESULT:
TP: wirestack.*, time elapsed: 44430775928 ns, RESULT:
    PASSED:
    TP: wirestack.internal.platform.linux, time elapsed: 10795127 ns
    TP: wirestack.internal.common, time elapsed: 2987647 ns
    TP: wirestack.internal.transport, time elapsed: 201700459 ns
    TP: wirestack.internal.trust, time elapsed: 38299563 ns
    TP: wirestack.internal.http2, time elapsed: 2995741429 ns
    TP: wirestack.internal.resolver, time elapsed: 40910910 ns
    TP: wirestack.internal.tls_engine, time elapsed: 26030592798 ns
    TP: wirestack.internal.connector, time elapsed: 13655173 ns
    TP: wirestack.tls, time elapsed: 95697341 ns
    TP: wirestack.internal.http1, time elapsed: 1707093284 ns
    TP: wirestack.internal.transport_stdnet, time elapsed: 208779393 ns
    TP: wirestack.net, time elapsed: 1565444629 ns
    TP: wirestack.http, time elapsed: 11374462286 ns
Summary: TOTAL: 796
    PASSED: 773, SKIPPED: 23, ERROR: 0
    FAILED: 0
--------------------------------------------------------------------------------------------------
cjpm test success
