M2005_GAI phase=enter seq=0 pid=2578867 tid=2578888 ns=242160471067250 family=0 result=0 host=localhost
M2005_GAI phase=exit seq=0 pid=2578867 tid=2578888 ns=242160474205455 family=0 result=0 host=localhost
M2005_GAI phase=enter seq=1 pid=2578867 tid=2578891 ns=242160483878586 family=0 result=0 host=all.m2-005.test
M2005_GAI phase=exit seq=1 pid=2578867 tid=2578891 ns=242160483902171 family=0 result=0 host=all.m2-005.test
M2005_GAI phase=enter seq=2 pid=2578867 tid=2578911 ns=242160495027925 family=2 result=0 host=all.m2-005.test
M2005_GAI phase=exit seq=2 pid=2578867 tid=2578911 ns=242160495041158 family=2 result=0 host=all.m2-005.test
M2005_GAI phase=enter seq=3 pid=2578867 tid=2578911 ns=242160502347870 family=0 result=0 host=all.m2-005.test
M2005_GAI phase=exit seq=3 pid=2578867 tid=2578911 ns=242160502373545 family=0 result=0 host=all.m2-005.test
M2005_GAI phase=enter seq=4 pid=2578867 tid=2578922 ns=242160514648765 family=0 result=0 host=noname.m2-005.test
M2005_GAI phase=exit seq=4 pid=2578867 tid=2578922 ns=242160514658565 family=0 result=-2 host=noname.m2-005.test
M2005_GAI phase=enter seq=5 pid=2578867 tid=2578922 ns=242160522862553 family=0 result=0 host=nodata.m2-005.test
M2005_GAI phase=exit seq=5 pid=2578867 tid=2578922 ns=242160522879941 family=0 result=0 host=nodata.m2-005.test
M2005_GAI phase=enter seq=6 pid=2578867 tid=2578922 ns=242160532369701 family=0 result=0 host=again.m2-005.test
M2005_GAI phase=exit seq=6 pid=2578867 tid=2578922 ns=242160532383389 family=0 result=-3 host=again.m2-005.test
M2005_GAI phase=enter seq=7 pid=2578867 tid=2578922 ns=242160542647688 family=0 result=0 host=family.m2-005.test
M2005_GAI phase=exit seq=7 pid=2578867 tid=2578922 ns=242160542667207 family=0 result=-6 host=family.m2-005.test
M2005_GAI phase=enter seq=8 pid=2578867 tid=2578922 ns=242160554533281 family=0 result=0 host=system.m2-005.test
M2005_GAI phase=exit seq=8 pid=2578867 tid=2578922 ns=242160554563990 family=0 result=-11 host=system.m2-005.test
M2005_GAI phase=enter seq=9 pid=2578867 tid=2578953 ns=242160565014537 family=0 result=0 host=delay.m2-005.test
M2005_GAI phase=exit seq=9 pid=2578867 tid=2578953 ns=242160765054010 family=0 result=0 host=delay.m2-005.test
M2005_GAI phase=enter seq=0 pid=2579406 tid=2579430 ns=242161634875385 family=0 result=0 host=localhost
M2005_GAI phase=exit seq=0 pid=2579406 tid=2579430 ns=242161637163679 family=0 result=0 host=localhost
