--------------------------------------------------------------------------------------------------
TP: wirestack.internal.transport_stdnet, time elapsed: 683361348 ns, RESULT:
    TCS: StdNetTransportTest, time elapsed: 679948355 ns, RESULT:
    [ PASSED ] CASE: cancellationAbortRemainsNativeOwnerAfterLaterClose (677854195 ns)
    STDOUT:
    CANCEL_DIAGNOSTIC category=true phase=true code=true retryability=true native_none=true local=true remote=true cause=true message=operation cancelled
    CANCEL_DIAGNOSTIC category=true phase=true code=true retryability=true native_none=true local=true remote=true cause=true message=operation cancelled
    CANCEL_DIAGNOSTIC category=true phase=true code=true retryability=true native_none=true local=true remote=true cause=false message=operation cancelled
    CANCEL_DIAGNOSTIC category=true phase=true code=true retryability=true native_none=true local=true remote=true cause=false message=operation cancelled
    CANCEL_DIAGNOSTIC category=true phase=true code=true retryability=true native_none=true local=true remote=true cause=false message=operation cancelled
    CANCEL_DIAGNOSTIC category=true phase=true code=true retryability=true native_none=true local=true remote=true cause=false message=operation cancelled
    CANCEL_DIAGNOSTIC category=true phase=true code=true retryability=true native_none=true local=true remote=true cause=false message=operation cancelled
    CANCEL_DIAGNOSTIC category=true phase=true code=true retryability=true native_none=true local=true remote=true cause=false message=operation cancelled
    CANCEL_DIAGNOSTIC category=true phase=true code=true retryability=true native_none=true local=true remote=true cause=false message=operation cancelled
    CANCEL_DIAGNOSTIC category=true phase=true code=true retryability=true native_none=true local=true remote=true cause=false message=operation cancelled
    CANCEL_DIAGNOSTIC category=true phase=true code=true retryability=true native_none=true local=true remote=true cause=false message=operation cancelled
    CANCEL_DIAGNOSTIC category=true phase=true code=true retryability=true native_none=true local=true remote=true cause=false message=operation cancelled
    CANCEL_DIAGNOSTIC category=true phase=true code=true retryability=true native_none=true local=true remote=true cause=false message=operation cancelled
    CANCEL_DIAGNOSTIC category=true phase=true code=true retryability=true native_none=true local=true remote=true cause=true message=operation cancelled
    CANCEL_DIAGNOSTIC category=true phase=true code=true retryability=true native_none=true local=true remote=true cause=true message=operation cancelled
    CANCEL_DIAGNOSTIC category=true phase=true code=true retryability=true native_none=true local=true remote=true cause=false message=operation cancelled
    CANCEL_DIAGNOSTIC category=true phase=true code=true retryability=true native_none=true local=true remote=true cause=false message=operation cancelled
    CANCEL_DIAGNOSTIC category=true phase=true code=true retryability=true native_none=true local=true remote=true cause=false message=operation cancelled
    CANCEL_DIAGNOSTIC category=true phase=true code=true retryability=true native_none=true local=true remote=true cause=false message=operation cancelled
    CANCEL_DIAGNOSTIC category=true phase=true code=true retryability=true native_none=true local=true remote=true cause=false message=operation cancelled
    CANCEL_DIAGNOSTIC category=true phase=true code=true retryability=true native_none=true local=true remote=true cause=false message=operation cancelled
    CANCEL_DIAGNOSTIC category=true phase=true code=true retryability=true native_none=true local=true remote=true cause=false message=operation cancelled
    CANCEL_DIAGNOSTIC category=true phase=true code=true retryability=true native_none=true local=true remote=true cause=true message=operation cancelled
    CANCEL_DIAGNOSTIC category=true phase=true code=true retryability=true native_none=true local=true remote=true cause=false message=operation cancelled
    CANCEL_DIAGNOSTIC category=true phase=true code=true retryability=true native_none=true local=true remote=true cause=false message=operation cancelled
    CANCEL_DIAGNOSTIC category=true phase=true code=true retryability=true native_none=true local=true remote=true cause=false message=operation cancelled
    CANCEL_DIAGNOSTIC category=true phase=true code=true retryability=true native_none=true local=true remote=true cause=true message=operation cancelled
    CANCEL_DIAGNOSTIC category=true phase=true code=true retryability=true native_none=true local=true remote=true cause=false message=operation cancelled
    CANCEL_DIAGNOSTIC category=true phase=true code=true retryability=true native_none=true local=true remote=true cause=false message=operation cancelled
    CANCEL_DIAGNOSTIC category=true phase=true code=true retryability=true native_none=true local=true remote=true cause=true message=operation cancelled
    CANCEL_DIAGNOSTIC category=true phase=true code=true retryability=true native_none=true local=true remote=true cause=false message=operation cancelled
    CANCEL_DIAGNOSTIC category=true phase=true code=true retryability=true native_none=true local=true remote=true cause=true message=operation cancelled
    CANCEL_DIAGNOSTIC category=true phase=true code=true retryability=true native_none=true local=true remote=true cause=false message=operation cancelled
    CANCEL_DIAGNOSTIC category=true phase=true code=true retryability=true native_none=true local=true remote=true cause=false message=operation cancelled
    CANCEL_DIAGNOSTIC category=true phase=true code=true retryability=true native_none=true local=true remote=true cause=true message=operation cancelled
    CANCEL_DIAGNOSTIC category=true phase=true code=true retryability=true native_none=true local=true remote=true cause=false message=operation cancelled
    CANCEL_DIAGNOSTIC category=true phase=true code=true retryability=true native_none=true local=true remote=true cause=false message=operation cancelled
    CANCEL_DIAGNOSTIC category=true phase=true code=true retryability=true native_none=true local=true remote=true cause=true message=operation cancelled
    CANCEL_DIAGNOSTIC category=true phase=true code=true retryability=true native_none=true local=true remote=true cause=false message=operation cancelled
    CANCEL_DIAGNOSTIC category=true phase=true code=true retryability=true native_none=true local=true remote=true cause=false message=operation cancelled
    CANCEL_DIAGNOSTIC category=true phase=true code=true retryability=true native_none=true local=true remote=true cause=true message=operation cancelled
    CANCEL_DIAGNOSTIC category=true phase=true code=true retryability=true native_none=true local=true remote=true cause=false message=operation cancelled
    CANCEL_DIAGNOSTIC category=true phase=true code=true retryability=true native_none=true local=true remote=true cause=false message=operation cancelled
    CANCEL_DIAGNOSTIC category=true phase=true code=true retryability=true native_none=true local=true remote=true cause=false message=operation cancelled
    CANCEL_DIAGNOSTIC category=true phase=true code=true retryability=true native_none=true local=true remote=true cause=false message=operation cancelled
    CANCEL_DIAGNOSTIC category=true phase=true code=true retryability=true native_none=true local=true remote=true cause=false message=operation cancelled
    CANCEL_DIAGNOSTIC category=true phase=true code=true retryability=true native_none=true local=true remote=true cause=true message=operation cancelled
    CANCEL_DIAGNOSTIC category=true phase=true code=true retryability=true native_none=true local=true remote=true cause=false message=operation cancelled
    CANCEL_DIAGNOSTIC category=true phase=true code=true retryability=true native_none=true local=true remote=true cause=false message=operation cancelled
    CANCEL_DIAGNOSTIC category=true phase=true code=true retryability=true native_none=true local=true remote=true cause=false message=operation cancelled
    CANCEL_DIAGNOSTIC category=true phase=true code=true retryability=true native_none=true local=true remote=true cause=false message=operation cancelled
    CANCEL_DIAGNOSTIC category=true phase=true code=true retryability=true native_none=true local=true remote=true cause=false message=operation cancelled
    CANCEL_DIAGNOSTIC category=true phase=true code=true retryability=true native_none=true local=true remote=true cause=false message=operation cancelled
    CANCEL_DIAGNOSTIC category=true phase=true code=true retryability=true native_none=true local=true remote=true cause=false message=operation cancelled
    CANCEL_DIAGNOSTIC category=true phase=true code=true retryability=true native_none=true local=true remote=true cause=false message=operation cancelled
    CANCEL_DIAGNOSTIC category=true phase=true code=true retryability=true native_none=true local=true remote=true cause=false message=operation cancelled
    CANCEL_DIAGNOSTIC category=true phase=true code=true retryability=true native_none=true local=true remote=true cause=false message=operation cancelled
    CANCEL_DIAGNOSTIC category=true phase=true code=true retryability=true native_none=true local=true remote=true cause=false message=operation cancelled
    CANCEL_DIAGNOSTIC category=true phase=true code=true retryability=true native_none=true local=true remote=true cause=false message=operation cancelled
    CANCEL_DIAGNOSTIC category=true phase=true code=true retryability=true native_none=true local=true remote=true cause=false message=operation cancelled
    CANCEL_DIAGNOSTIC category=true phase=true code=true retryability=true native_none=true local=true remote=true cause=false message=operation cancelled
    CANCEL_DIAGNOSTIC category=true phase=true code=true retryability=true native_none=true local=true remote=true cause=false message=operation cancelled
    CANCEL_DIAGNOSTIC category=true phase=true code=true retryability=true native_none=true local=true remote=true cause=false message=operation cancelled
    CANCEL_DIAGNOSTIC category=true phase=true code=true retryability=true native_none=true local=true remote=true cause=false message=operation cancelled
    CANCEL_DIAGNOSTIC category=true phase=true code=true retryability=true native_none=true local=true remote=true cause=false message=operation cancelled
    CANCEL_DIAGNOSTIC category=true phase=true code=true retryability=true native_none=true local=true remote=true cause=false message=operation cancelled
    CANCEL_DIAGNOSTIC category=true phase=true code=true retryability=true native_none=true local=true remote=true cause=false message=operation cancelled
    CANCEL_DIAGNOSTIC category=true phase=true code=true retryability=true native_none=true local=true remote=true cause=false message=operation cancelled
    CANCEL_DIAGNOSTIC category=true phase=true code=true retryability=true native_none=true local=true remote=true cause=false message=operation cancelled
    CANCEL_DIAGNOSTIC category=true phase=true code=true retryability=true native_none=true local=true remote=true cause=false message=operation cancelled
    CANCEL_DIAGNOSTIC category=true phase=true code=true retryability=true native_none=true local=true remote=true cause=false message=operation cancelled
    CANCEL_DIAGNOSTIC category=true phase=true code=true retryability=true native_none=true local=true remote=true cause=false message=operation cancelled
    CANCEL_DIAGNOSTIC category=true phase=true code=true retryability=true native_none=true local=true remote=true cause=false message=operation cancelled
    CANCEL_DIAGNOSTIC category=true phase=true code=true retryability=true native_none=true local=true remote=true cause=false message=operation cancelled
    CANCEL_DIAGNOSTIC category=true phase=true code=true retryability=true native_none=true local=true remote=true cause=false message=operation cancelled
    CANCEL_DIAGNOSTIC category=true phase=true code=true retryability=true native_none=true local=true remote=true cause=false message=operation cancelled
    CANCEL_DIAGNOSTIC category=true phase=true code=true retryability=true native_none=true local=true remote=true cause=false message=operation cancelled
    CANCEL_DIAGNOSTIC category=true phase=true code=true retryability=true native_none=true local=true remote=true cause=false message=operation cancelled
    CANCEL_DIAGNOSTIC category=true phase=true code=true retryability=true native_none=true local=true remote=true cause=false message=operation cancelled
    CANCEL_DIAGNOSTIC category=true phase=true code=true retryability=true native_none=true local=true remote=true cause=true message=operation cancelled
    CANCEL_DIAGNOSTIC category=true phase=true code=true retryability=true native_none=true local=true remote=true cause=false message=operation cancelled
    CANCEL_DIAGNOSTIC category=true phase=true code=true retryability=true native_none=true local=true remote=true cause=false message=operation cancelled
    CANCEL_DIAGNOSTIC category=true phase=true code=true retryability=true native_none=true local=true remote=true cause=false message=operation cancelled
    CANCEL_DIAGNOSTIC category=true phase=true code=true retryability=true native_none=true local=true remote=true cause=false message=operation cancelled
    CANCEL_DIAGNOSTIC category=true phase=true code=true retryability=true native_none=true local=true remote=true cause=false message=operation cancelled
    CANCEL_DIAGNOSTIC category=true phase=true code=true retryability=true native_none=true local=true remote=true cause=false message=operation cancelled
    CANCEL_DIAGNOSTIC category=true phase=true code=true retryability=true native_none=true local=true remote=true cause=false message=operation cancelled
    CANCEL_DIAGNOSTIC category=true phase=true code=true retryability=true native_none=true local=true remote=true cause=false message=operation cancelled
    CANCEL_DIAGNOSTIC category=true phase=true code=true retryability=true native_none=true local=true remote=true cause=false message=operation cancelled
    CANCEL_DIAGNOSTIC category=true phase=true code=true retryability=true native_none=true local=true remote=true cause=false message=operation cancelled
    CANCEL_DIAGNOSTIC category=true phase=true code=true retryability=true native_none=true local=true remote=true cause=false message=operation cancelled
    CANCEL_DIAGNOSTIC category=true phase=true code=true retryability=true native_none=true local=true remote=true cause=false message=operation cancelled
    CANCEL_DIAGNOSTIC category=true phase=true code=true retryability=true native_none=true local=true remote=true cause=false message=operation cancelled
    CANCEL_DIAGNOSTIC category=true phase=true code=true retryability=true native_none=true local=true remote=true cause=false message=operation cancelled
    CANCEL_DIAGNOSTIC category=true phase=true code=true retryability=true native_none=true local=true remote=true cause=false message=operation cancelled
    CANCEL_DIAGNOSTIC category=true phase=true code=true retryability=true native_none=true local=true remote=true cause=true message=operation cancelled
    CANCEL_DIAGNOSTIC category=true phase=true code=true retryability=true native_none=true local=true remote=true cause=false message=operation cancelled
    CANCEL_DIAGNOSTIC category=true phase=true code=true retryability=true native_none=true local=true remote=true cause=false message=operation cancelled
    CANCEL_DIAGNOSTIC category=true phase=true code=true retryability=true native_none=true local=true remote=true cause=false message=operation cancelled
    CANCEL_DIAGNOSTIC category=true phase=true code=true retryability=true native_none=true local=true remote=true cause=false message=operation cancelled
    CANCEL_DIAGNOSTIC category=true phase=true code=true retryability=true native_none=true local=true remote=true cause=false message=operation cancelled
    CANCEL_DIAGNOSTIC category=true phase=true code=true retryability=true native_none=true local=true remote=true cause=false message=operation cancelled
    CANCEL_DIAGNOSTIC category=true phase=true code=true retryability=true native_none=true local=true remote=true cause=false message=operation cancelled
    CANCEL_DIAGNOSTIC category=true phase=true code=true retryability=true native_none=true local=true remote=true cause=false message=operation cancelled
    CANCEL_DIAGNOSTIC category=true phase=true code=true retryability=true native_none=true local=true remote=true cause=false message=operation cancelled
    CANCEL_DIAGNOSTIC category=true phase=true code=true retryability=true native_none=true local=true remote=true cause=false message=operation cancelled
    CANCEL_DIAGNOSTIC category=true phase=true code=true retryability=true native_none=true local=true remote=true cause=false message=operation cancelled
    CANCEL_DIAGNOSTIC category=true phase=true code=true retryability=true native_none=true local=true remote=true cause=false message=operation cancelled
    CANCEL_DIAGNOSTIC category=true phase=true code=true retryability=true native_none=true local=true remote=true cause=false message=operation cancelled
    CANCEL_DIAGNOSTIC category=true phase=true code=true retryability=true native_none=true local=true remote=true cause=false message=operation cancelled
    CANCEL_DIAGNOSTIC category=true phase=true code=true retryability=true native_none=true local=true remote=true cause=false message=operation cancelled
    CANCEL_DIAGNOSTIC category=true phase=true code=true retryability=true native_none=true local=true remote=true cause=false message=operation cancelled
    CANCEL_DIAGNOSTIC category=true phase=true code=true retryability=true native_none=true local=true remote=true cause=false message=operation cancelled
    CANCEL_DIAGNOSTIC category=true phase=true code=true retryability=true native_none=true local=true remote=true cause=false message=operation cancelled
    CANCEL_DIAGNOSTIC category=true phase=true code=true retryability=true native_none=true local=true remote=true cause=false message=operation cancelled
    CANCEL_DIAGNOSTIC category=true phase=true code=true retryability=true native_none=true local=true remote=true cause=false message=operation cancelled
    CANCEL_DIAGNOSTIC category=true phase=true code=true retryability=true native_none=true local=true remote=true cause=false message=operation cancelled
    CANCEL_DIAGNOSTIC category=true phase=true code=true retryability=true native_none=true local=true remote=true cause=false message=operation cancelled
    CANCEL_DIAGNOSTIC category=true phase=true code=true retryability=true native_none=true local=true remote=true cause=false message=operation cancelled
    CANCEL_DIAGNOSTIC category=true phase=true code=true retryability=true native_none=true local=true remote=true cause=false message=operation cancelled
    CANCEL_DIAGNOSTIC category=true phase=true code=true retryability=true native_none=true local=true remote=true cause=false message=operation cancelled
    CANCEL_DIAGNOSTIC category=true phase=true code=true retryability=true native_none=true local=true remote=true cause=false message=operation cancelled
    CANCEL_DIAGNOSTIC category=true phase=true code=true retryability=true native_none=true local=true remote=true cause=false message=operation cancelled
    CANCEL_DIAGNOSTIC category=true phase=true code=true retryability=true native_none=true local=true remote=true cause=false message=operation cancelled
    CANCEL_DIAGNOSTIC category=true phase=true code=true retryability=true native_none=true local=true remote=true cause=false message=operation cancelled
    CANCEL_DIAGNOSTIC category=true phase=true code=true retryability=true native_none=true local=true remote=true cause=false message=operation cancelled
    CANCEL_DIAGNOSTIC category=true phase=true code=true retryability=true native_none=true local=true remote=true cause=false message=operation cancelled
    CANCEL_DIAGNOSTIC category=true phase=true code=true retryability=true native_none=true local=true remote=true cause=true message=operation cancelled
    CANCEL_DIAGNOSTIC category=true phase=true code=true retryability=true native_none=true local=true remote=true cause=false message=operation cancelled
    CANCEL_DIAGNOSTIC category=true phase=true code=true retryability=true native_none=true local=true remote=true cause=false message=operation cancelled
    CANCEL_DIAGNOSTIC category=true phase=true code=true retryability=true native_none=true local=true remote=true cause=false message=operation cancelled
    CANCEL_DIAGNOSTIC category=true phase=true code=true retryability=true native_none=true local=true remote=true cause=false message=operation cancelled
    CANCEL_DIAGNOSTIC category=true phase=true code=true retryability=true native_none=true local=true remote=true cause=false message=operation cancelled
    CANCEL_DIAGNOSTIC category=true phase=true code=true retryability=true native_none=true local=true remote=true cause=false message=operation cancelled
    CANCEL_DIAGNOSTIC category=true phase=true code=true retryability=true native_none=true local=true remote=true cause=false message=operation cancelled
    CANCEL_DIAGNOSTIC category=true phase=true code=true retryability=true native_none=true local=true remote=true cause=false message=operation cancelled
    CANCEL_DIAGNOSTIC category=true phase=true code=true retryability=true native_none=true local=true remote=true cause=true message=operation cancelled
    CANCEL_DIAGNOSTIC category=true phase=true code=true retryability=true native_none=true local=true remote=true cause=false message=operation cancelled
    CANCEL_DIAGNOSTIC category=true phase=true code=true retryability=true native_none=true local=true remote=true cause=false message=operation cancelled
    CANCEL_DIAGNOSTIC category=true phase=true code=true retryability=true native_none=true local=true remote=true cause=false message=operation cancelled
    CANCEL_DIAGNOSTIC category=true phase=true code=true retryability=true native_none=true local=true remote=true cause=false message=operation cancelled
    CANCEL_DIAGNOSTIC category=true phase=true code=true retryability=true native_none=true local=true remote=true cause=false message=operation cancelled
    CANCEL_DIAGNOSTIC category=true phase=true code=true retryability=true native_none=true local=true remote=true cause=false message=operation cancelled
    CANCEL_DIAGNOSTIC category=true phase=true code=true retryability=true native_none=true local=true remote=true cause=false message=operation cancelled
    CANCEL_DIAGNOSTIC category=true phase=true code=true retryability=true native_none=true local=true remote=true cause=false message=operation cancelled
    CANCEL_DIAGNOSTIC category=true phase=true code=true retryability=true native_none=true local=true remote=true cause=false message=operation cancelled
    CANCEL_DIAGNOSTIC category=true phase=true code=true retryability=true native_none=true local=true remote=true cause=false message=operation cancelled
    CANCEL_DIAGNOSTIC category=true phase=true code=true retryability=true native_none=true local=true remote=true cause=false message=operation cancelled
    CANCEL_DIAGNOSTIC category=true phase=true code=true retryability=true native_none=true local=true remote=true cause=false message=operation cancelled
    CANCEL_DIAGNOSTIC category=true phase=true code=true retryability=true native_none=true local=true remote=true cause=false message=operation cancelled
    CANCEL_DIAGNOSTIC category=true phase=true code=true retryability=true native_none=true local=true remote=true cause=false message=operation cancelled
    CANCEL_DIAGNOSTIC category=true phase=true code=true retryability=true native_none=true local=true remote=true cause=false message=operation cancelled
    CANCEL_DIAGNOSTIC category=true phase=true code=true retryability=true native_none=true local=true remote=true cause=true message=operation cancelled
    CANCEL_DIAGNOSTIC category=true phase=true code=true retryability=true native_none=true local=true remote=true cause=false message=operation cancelled
    CANCEL_DIAGNOSTIC category=true phase=true code=true retryability=true native_none=true local=true remote=true cause=true message=operation cancelled
    CANCEL_DIAGNOSTIC category=true phase=true code=true retryability=true native_none=true local=true remote=true cause=false message=operation cancelled
    CANCEL_DIAGNOSTIC category=true phase=true code=true retryability=true native_none=true local=true remote=true cause=false message=operation cancelled
    CANCEL_DIAGNOSTIC category=true phase=true code=true retryability=true native_none=true local=true remote=true cause=false message=operation cancelled
    CANCEL_DIAGNOSTIC category=true phase=true code=true retryability=true native_none=true local=true remote=true cause=false message=operation cancelled
    CANCEL_DIAGNOSTIC category=true phase=true code=true retryability=true native_none=true local=true remote=true cause=false message=operation cancelled
    CANCEL_DIAGNOSTIC category=true phase=true code=true retryability=true native_none=true local=true remote=true cause=false message=operation cancelled
    CANCEL_DIAGNOSTIC category=true phase=true code=true retryability=true native_none=true local=true remote=true cause=false message=operation cancelled
    CANCEL_DIAGNOSTIC category=true phase=true code=true retryability=true native_none=true local=true remote=true cause=false message=operation cancelled
    CANCEL_DIAGNOSTIC category=true phase=true code=true retryability=true native_none=true local=true remote=true cause=false message=operation cancelled
    CANCEL_DIAGNOSTIC category=true phase=true code=true retryability=true native_none=true local=true remote=true cause=false message=operation cancelled
    CANCEL_DIAGNOSTIC category=true phase=true code=true retryability=true native_none=true local=true remote=true cause=false message=operation cancelled
    CANCEL_DIAGNOSTIC category=true phase=true code=true retryability=true native_none=true local=true remote=true cause=false message=operation cancelled
    CANCEL_DIAGNOSTIC category=true phase=true code=true retryability=true native_none=true local=true remote=true cause=false message=operation cancelled
    CANCEL_DIAGNOSTIC category=true phase=true code=true retryability=true native_none=true local=true remote=true cause=false message=operation cancelled
    CANCEL_DIAGNOSTIC category=true phase=true code=true retryability=true native_none=true local=true remote=true cause=false message=operation cancelled
    CANCEL_DIAGNOSTIC category=true phase=true code=true retryability=true native_none=true local=true remote=true cause=false message=operation cancelled
    CANCEL_DIAGNOSTIC category=true phase=true code=true retryability=true native_none=true local=true remote=true cause=false message=operation cancelled
    CANCEL_DIAGNOSTIC category=true phase=true code=true retryability=true native_none=true local=true remote=true cause=false message=operation cancelled
    CANCEL_DIAGNOSTIC category=true phase=true code=true retryability=true native_none=true local=true remote=true cause=false message=operation cancelled
    CANCEL_DIAGNOSTIC category=true phase=true code=true retryability=true native_none=true local=true remote=true cause=false message=operation cancelled
    CANCEL_DIAGNOSTIC category=true phase=true code=true retryability=true native_none=true local=true remote=true cause=false message=operation cancelled
    CANCEL_DIAGNOSTIC category=true phase=true code=true retryability=true native_none=true local=true remote=true cause=false message=operation cancelled
    CANCEL_DIAGNOSTIC category=true phase=true code=true retryability=true native_none=true local=true remote=true cause=true message=operation cancelled
    CANCEL_DIAGNOSTIC category=true phase=true code=true retryability=true native_none=true local=true remote=true cause=false message=operation cancelled
    CANCEL_DIAGNOSTIC category=true phase=true code=true retryability=true native_none=true local=true remote=true cause=false message=operation cancelled
    CANCEL_DIAGNOSTIC category=true phase=true code=true retryability=true native_none=true local=true remote=true cause=false message=operation cancelled
    CANCEL_DIAGNOSTIC category=true phase=true code=true retryability=true native_none=true local=true remote=true cause=false message=operation cancelled
    CANCEL_DIAGNOSTIC category=true phase=true code=true retryability=true native_none=true local=true remote=true cause=false message=operation cancelled
    CANCEL_DIAGNOSTIC category=true phase=true code=true retryability=true native_none=true local=true remote=true cause=false message=operation cancelled
    CANCEL_DIAGNOSTIC category=true phase=true code=true retryability=true native_none=true local=true remote=true cause=false message=operation cancelled
    CANCEL_DIAGNOSTIC category=true phase=true code=true retryability=true native_none=true local=true remote=true cause=false message=operation cancelled
    CANCEL_DIAGNOSTIC category=true phase=true code=true retryability=true native_none=true local=true remote=true cause=false message=operation cancelled
    CANCEL_DIAGNOSTIC category=true phase=true code=true retryability=true native_none=true local=true remote=true cause=false message=operation cancelled
    CANCEL_DIAGNOSTIC category=true phase=true code=true retryability=true native_none=true local=true remote=true cause=true message=operation cancelled
    CANCEL_DIAGNOSTIC category=true phase=true code=true retryability=true native_none=true local=true remote=true cause=false message=operation cancelled
    CANCEL_DIAGNOSTIC category=true phase=true code=true retryability=true native_none=true local=true remote=true cause=true message=operation cancelled
    CANCEL_DIAGNOSTIC category=true phase=true code=true retryability=true native_none=true local=true remote=true cause=false message=operation cancelled
    CANCEL_DIAGNOSTIC category=true phase=true code=true retryability=true native_none=true local=true remote=true cause=false message=operation cancelled
    CANCEL_DIAGNOSTIC category=true phase=true code=true retryability=true native_none=true local=true remote=true cause=true message=operation cancelled
    CANCEL_DIAGNOSTIC category=true phase=true code=true retryability=true native_none=true local=true remote=true cause=false message=operation cancelled
    CANCEL_DIAGNOSTIC category=true phase=true code=true retryability=true native_none=true local=true remote=true cause=false message=operation cancelled
    CANCEL_DIAGNOSTIC category=true phase=true code=true retryability=true native_none=true local=true remote=true cause=false message=operation cancelled
    CANCEL_DIAGNOSTIC category=true phase=true code=true retryability=true native_none=true local=true remote=true cause=false message=operation cancelled
    CANCEL_DIAGNOSTIC category=true phase=true code=true retryability=true native_none=true local=true remote=true cause=false message=operation cancelled
    CANCEL_DIAGNOSTIC category=true phase=true code=true retryability=true native_none=true local=true remote=true cause=false message=operation cancelled
    CANCEL_DIAGNOSTIC category=true phase=true code=true retryability=true native_none=true local=true remote=true cause=false message=operation cancelled
    CANCEL_DIAGNOSTIC category=true phase=true code=true retryability=true native_none=true local=true remote=true cause=false message=operation cancelled
    CANCEL_DIAGNOSTIC category=true phase=true code=true retryability=true native_none=true local=true remote=true cause=false message=operation cancelled
    CANCEL_DIAGNOSTIC category=true phase=true code=true retryability=true native_none=true local=true remote=true cause=false message=operation cancelled
    CANCEL_DIAGNOSTIC category=true phase=true code=true retryability=true native_none=true local=true remote=true cause=false message=operation cancelled
    CANCEL_DIAGNOSTIC category=true phase=true code=true retryability=true native_none=true local=true remote=true cause=false message=operation cancelled
    CANCEL_DIAGNOSTIC category=true phase=true code=true retryability=true native_none=true local=true remote=true cause=true message=operation cancelled
    CANCEL_DIAGNOSTIC category=true phase=true code=true retryability=true native_none=true local=true remote=true cause=false message=operation cancelled
    CANCEL_DIAGNOSTIC category=true phase=true code=true retryability=true native_none=true local=true remote=true cause=false message=operation cancelled
    CANCEL_DIAGNOSTIC category=true phase=true code=true retryability=true native_none=true local=true remote=true cause=false message=operation cancelled
    CANCEL_DIAGNOSTIC category=true phase=true code=true retryability=true native_none=true local=true remote=true cause=false message=operation cancelled
    CANCEL_DIAGNOSTIC category=true phase=true code=true retryability=true native_none=true local=true remote=true cause=false message=operation cancelled
    CANCEL_DIAGNOSTIC category=true phase=true code=true retryability=true native_none=true local=true remote=true cause=false message=operation cancelled
    CANCEL_DIAGNOSTIC category=true phase=true code=true retryability=true native_none=true local=true remote=true cause=false message=operation cancelled
    CANCEL_DIAGNOSTIC category=true phase=true code=true retryability=true native_none=true local=true remote=true cause=false message=operation cancelled
    CANCEL_DIAGNOSTIC category=true phase=true code=true retryability=true native_none=true local=true remote=true cause=false message=operation cancelled
    CANCEL_DIAGNOSTIC category=true phase=true code=true retryability=true native_none=true local=true remote=true cause=true message=operation cancelled
    CANCEL_DIAGNOSTIC category=true phase=true code=true retryability=true native_none=true local=true remote=true cause=false message=operation cancelled
    CANCEL_DIAGNOSTIC category=true phase=true code=true retryability=true native_none=true local=true remote=true cause=false message=operation cancelled
    CANCEL_DIAGNOSTIC category=true phase=true code=true retryability=true native_none=true local=true remote=true cause=false message=operation cancelled
    CANCEL_DIAGNOSTIC category=true phase=true code=true retryability=true native_none=true local=true remote=true cause=false message=operation cancelled
    CANCEL_DIAGNOSTIC category=true phase=true code=true retryability=true native_none=true local=true remote=true cause=false message=operation cancelled
    CANCEL_DIAGNOSTIC category=true phase=true code=true retryability=true native_none=true local=true remote=true cause=false message=operation cancelled
    CANCEL_DIAGNOSTIC category=true phase=true code=true retryability=true native_none=true local=true remote=true cause=false message=operation cancelled
    CANCEL_DIAGNOSTIC category=true phase=true code=true retryability=true native_none=true local=true remote=true cause=false message=operation cancelled
    CANCEL_DIAGNOSTIC category=true phase=true code=true retryability=true native_none=true local=true remote=true cause=false message=operation cancelled
    CANCEL_DIAGNOSTIC category=true phase=true code=true retryability=true native_none=true local=true remote=true cause=false message=operation cancelled
    CANCEL_DIAGNOSTIC category=true phase=true code=true retryability=true native_none=true local=true remote=true cause=false message=operation cancelled
    CANCEL_DIAGNOSTIC category=true phase=true code=true retryability=true native_none=true local=true remote=true cause=false message=operation cancelled
    CANCEL_DIAGNOSTIC category=true phase=true code=true retryability=true native_none=true local=true remote=true cause=false message=operation cancelled
    CANCEL_DIAGNOSTIC category=true phase=true code=true retryability=true native_none=true local=true remote=true cause=false message=operation cancelled
    CANCEL_DIAGNOSTIC category=true phase=true code=true retryability=true native_none=true local=true remote=true cause=false message=operation cancelled
    CANCEL_DIAGNOSTIC category=true phase=true code=true retryability=true native_none=true local=true remote=true cause=false message=operation cancelled
    CANCEL_DIAGNOSTIC category=true phase=true code=true retryability=true native_none=true local=true remote=true cause=false message=operation cancelled
    CANCEL_DIAGNOSTIC category=true phase=true code=true retryability=true native_none=true local=true remote=true cause=false message=operation cancelled
    CANCEL_DIAGNOSTIC category=true phase=true code=true retryability=true native_none=true local=true remote=true cause=false message=operation cancelled
    CANCEL_DIAGNOSTIC category=true phase=true code=true retryability=true native_none=true local=true remote=true cause=true message=operation cancelled
    CANCEL_DIAGNOSTIC category=true phase=true code=true retryability=true native_none=true local=true remote=true cause=false message=operation cancelled
    CANCEL_DIAGNOSTIC category=true phase=true code=true retryability=true native_none=true local=true remote=true cause=false message=operation cancelled
    CANCEL_DIAGNOSTIC category=true phase=true code=true retryability=true native_none=true local=true remote=true cause=false message=operation cancelled
    CANCEL_DIAGNOSTIC category=true phase=true code=true retryability=true native_none=true local=true remote=true cause=false message=operation cancelled
    CANCEL_DIAGNOSTIC category=true phase=true code=true retryability=true native_none=true local=true remote=true cause=false message=operation cancelled
    CANCEL_DIAGNOSTIC category=true phase=true code=true retryability=true native_none=true local=true remote=true cause=false message=operation cancelled
    CANCEL_DIAGNOSTIC category=true phase=true code=true retryability=true native_none=true local=true remote=true cause=false message=operation cancelled
    CANCEL_DIAGNOSTIC category=true phase=true code=true retryability=true native_none=true local=true remote=true cause=false message=operation cancelled
    CANCEL_DIAGNOSTIC category=true phase=true code=true retryability=true native_none=true local=true remote=true cause=false message=operation cancelled
    CANCEL_DIAGNOSTIC category=true phase=true code=true retryability=true native_none=true local=true remote=true cause=false message=operation cancelled
    CANCEL_DIAGNOSTIC category=true phase=true code=true retryability=true native_none=true local=true remote=true cause=false message=operation cancelled
    CANCEL_DIAGNOSTIC category=true phase=true code=true retryability=true native_none=true local=true remote=true cause=false message=operation cancelled
    CANCEL_DIAGNOSTIC category=true phase=true code=true retryability=true native_none=true local=true remote=true cause=false message=operation cancelled
    CANCEL_DIAGNOSTIC category=true phase=true code=true retryability=true native_none=true local=true remote=true cause=true message=operation cancelled
    CANCEL_DIAGNOSTIC category=true phase=true code=true retryability=true native_none=true local=true remote=true cause=false message=operation cancelled
    CANCEL_DIAGNOSTIC category=true phase=true code=true retryability=true native_none=true local=true remote=true cause=false message=operation cancelled
    CANCEL_DIAGNOSTIC category=true phase=true code=true retryability=true native_none=true local=true remote=true cause=false message=operation cancelled
    CANCEL_DIAGNOSTIC category=true phase=true code=true retryability=true native_none=true local=true remote=true cause=false message=operation cancelled
    CANCEL_DIAGNOSTIC category=true phase=true code=true retryability=true native_none=true local=true remote=true cause=false message=operation cancelled
    CANCEL_DIAGNOSTIC category=true phase=true code=true retryability=true native_none=true local=true remote=true cause=false message=operation cancelled
    CANCEL_DIAGNOSTIC category=true phase=true code=true retryability=true native_none=true local=true remote=true cause=false message=operation cancelled
    CANCEL_DIAGNOSTIC category=true phase=true code=true retryability=true native_none=true local=true remote=true cause=true message=operation cancelled
    CANCEL_DIAGNOSTIC category=true phase=true code=true retryability=true native_none=true local=true remote=true cause=false message=operation cancelled
    CANCEL_DIAGNOSTIC category=true phase=true code=true retryability=true native_none=true local=true remote=true cause=false message=operation cancelled
    CANCEL_DIAGNOSTIC category=true phase=true code=true retryability=true native_none=true local=true remote=true cause=false message=operation cancelled
    CANCEL_DIAGNOSTIC category=true phase=true code=true retryability=true native_none=true local=true remote=true cause=false message=operation cancelled
    CANCEL_DIAGNOSTIC category=true phase=true code=true retryability=true native_none=true local=true remote=true cause=true message=operation cancelled
    CANCEL_DIAGNOSTIC category=true phase=true code=true retryability=true native_none=true local=true remote=true cause=false message=operation cancelled
    CANCEL_DIAGNOSTIC category=true phase=true code=true retryability=true native_none=true local=true remote=true cause=false message=operation cancelled
    CANCEL_DIAGNOSTIC category=true phase=true code=true retryability=true native_none=true local=true remote=true cause=false message=operation cancelled
    CANCEL_DIAGNOSTIC category=true phase=true code=true retryability=true native_none=true local=true remote=true cause=false message=operation cancelled
    CANCEL_DIAGNOSTIC category=true phase=true code=true retryability=true native_none=true local=true remote=true cause=false message=operation cancelled
    CANCEL_DIAGNOSTIC category=true phase=true code=true retryability=true native_none=true local=true remote=true cause=false message=operation cancelled
    CANCEL_DIAGNOSTIC category=true phase=true code=true retryability=true native_none=true local=true remote=true cause=false message=operation cancelled
    CANCEL_DIAGNOSTIC category=true phase=true code=true retryability=true native_none=true local=true remote=true cause=false message=operation cancelled
    CANCEL_DIAGNOSTIC category=true phase=true code=true retryability=true native_none=true local=true remote=true cause=false message=operation cancelled
    CANCEL_DIAGNOSTIC category=true phase=true code=true retryability=true native_none=true local=true remote=true cause=false message=operation cancelled
    CANCEL_DIAGNOSTIC category=true phase=true code=true retryability=true native_none=true local=true remote=true cause=false message=operation cancelled
    CANCEL_DIAGNOSTIC category=true phase=true code=true retryability=true native_none=true local=true remote=true cause=false message=operation cancelled
    CANCEL_DIAGNOSTIC category=true phase=true code=true retryability=true native_none=true local=true remote=true cause=false message=operation cancelled
    CANCEL_DIAGNOSTIC category=true phase=true code=true retryability=true native_none=true local=true remote=true cause=false message=operation cancelled
    CANCEL_DIAGNOSTIC category=true phase=true code=true retryability=true native_none=true local=true remote=true cause=true message=operation cancelled
    CANCEL_DIAGNOSTIC category=true phase=true code=true retryability=true native_none=true local=true remote=true cause=false message=operation cancelled
    CANCEL_DIAGNOSTIC category=true phase=true code=true retryability=true native_none=true local=true remote=true cause=false message=operation cancelled
    CANCEL_DIAGNOSTIC category=true phase=true code=true retryability=true native_none=true local=true remote=true cause=false message=operation cancelled
    CANCEL_DIAGNOSTIC category=true phase=true code=true retryability=true native_none=true local=true remote=true cause=false message=operation cancelled
    CANCEL_DIAGNOSTIC category=true phase=true code=true retryability=true native_none=true local=true remote=true cause=true message=operation cancelled
    CANCEL_DIAGNOSTIC category=true phase=true code=true retryability=true native_none=true local=true remote=true cause=false message=operation cancelled
    CANCEL_DIAGNOSTIC category=true phase=true code=true retryability=true native_none=true local=true remote=true cause=false message=operation cancelled
    CANCEL_DIAGNOSTIC category=true phase=true code=true retryability=true native_none=true local=true remote=true cause=false message=operation cancelled
    CANCEL_DIAGNOSTIC category=true phase=true code=true retryability=true native_none=true local=true remote=true cause=false message=operation cancelled
    CANCEL_DIAGNOSTIC category=true phase=true code=true retryability=true native_none=true local=true remote=true cause=true message=operation cancelled
    CANCEL_DIAGNOSTIC category=true phase=true code=true retryability=true native_none=true local=true remote=true cause=false message=operation cancelled
    CANCEL_DIAGNOSTIC category=true phase=true code=true retryability=true native_none=true local=true remote=true cause=false message=operation cancelled
    CANCEL_DIAGNOSTIC category=true phase=true code=true retryability=true native_none=true local=true remote=true cause=false message=operation cancelled
    CANCEL_DIAGNOSTIC category=true phase=true code=true retryability=true native_none=true local=true remote=true cause=false message=operation cancelled
    CANCEL_DIAGNOSTIC category=true phase=true code=true retryability=true native_none=true local=true remote=true cause=false message=operation cancelled
    CANCEL_DIAGNOSTIC category=true phase=true code=true retryability=true native_none=true local=true remote=true cause=false message=operation cancelled
    CANCEL_DIAGNOSTIC category=true phase=true code=true retryability=true native_none=true local=true remote=true cause=false message=operation cancelled
    CANCEL_DIAGNOSTIC category=true phase=true code=true retryability=true native_none=true local=true remote=true cause=true message=operation cancelled
    CANCEL_DIAGNOSTIC category=true phase=true code=true retryability=true native_none=true local=true remote=true cause=false message=operation cancelled
    CANCEL_DIAGNOSTIC category=true phase=true code=true retryability=true native_none=true local=true remote=true cause=false message=operation cancelled
    CANCEL_DIAGNOSTIC category=true phase=true code=true retryability=true native_none=true local=true remote=true cause=false message=operation cancelled
    CANCEL_DIAGNOSTIC category=true phase=true code=true retryability=true native_none=true local=true remote=true cause=true message=operation cancelled
    CANCEL_DIAGNOSTIC category=true phase=true code=true retryability=true native_none=true local=true remote=true cause=false message=operation cancelled
    CANCEL_DIAGNOSTIC category=true phase=true code=true retryability=true native_none=true local=true remote=true cause=false message=operation cancelled
    CANCEL_DIAGNOSTIC category=true phase=true code=true retryability=true native_none=true local=true remote=true cause=false message=operation cancelled
    CANCEL_DIAGNOSTIC category=true phase=true code=true retryability=true native_none=true local=true remote=true cause=false message=operation cancelled
    CANCEL_DIAGNOSTIC category=true phase=true code=true retryability=true native_none=true local=true remote=true cause=false message=operation cancelled
    CANCEL_DIAGNOSTIC category=true phase=true code=true retryability=true native_none=true local=true remote=true cause=false message=operation cancelled
    CANCEL_DIAGNOSTIC category=true phase=true code=true retryability=true native_none=true local=true remote=true cause=false message=operation cancelled
    CANCEL_DIAGNOSTIC category=true phase=true code=true retryability=true native_none=true local=true remote=true cause=false message=operation cancelled
    CANCEL_DIAGNOSTIC category=true phase=true code=true retryability=true native_none=true local=true remote=true cause=false message=operation cancelled
    CANCEL_DIAGNOSTIC category=true phase=true code=true retryability=true native_none=true local=true remote=true cause=true message=operation cancelled
    CANCEL_DIAGNOSTIC category=true phase=true code=true retryability=true native_none=true local=true remote=true cause=false message=operation cancelled
    CANCEL_DIAGNOSTIC category=true phase=true code=true retryability=true native_none=true local=true remote=true cause=false message=operation cancelled
    CANCEL_DIAGNOSTIC category=true phase=true code=true retryability=true native_none=true local=true remote=true cause=false message=operation cancelled
    CANCEL_DIAGNOSTIC category=true phase=true code=true retryability=true native_none=true local=true remote=true cause=true message=operation cancelled
    CANCEL_DIAGNOSTIC category=true phase=true code=true retryability=true native_none=true local=true remote=true cause=false message=operation cancelled
    CANCEL_DIAGNOSTIC category=true phase=true code=true retryability=true native_none=true local=true remote=true cause=false message=operation cancelled
    CANCEL_DIAGNOSTIC category=true phase=true code=true retryability=true native_none=true local=true remote=true cause=false message=operation cancelled
    CANCEL_DIAGNOSTIC category=true phase=true code=true retryability=true native_none=true local=true remote=true cause=false message=operation cancelled
    CANCEL_DIAGNOSTIC category=true phase=true code=true retryability=true native_none=true local=true remote=true cause=false message=operation cancelled
    CANCEL_DIAGNOSTIC category=true phase=true code=true retryability=true native_none=true local=true remote=true cause=false message=operation cancelled
    CANCEL_DIAGNOSTIC category=true phase=true code=true retryability=true native_none=true local=true remote=true cause=false message=operation cancelled
    CANCEL_DIAGNOSTIC category=true phase=true code=true retryability=true native_none=true local=true remote=true cause=false message=operation cancelled
    CANCEL_DIAGNOSTIC category=true phase=true code=true retryability=true native_none=true local=true remote=true cause=false message=operation cancelled
    CANCEL_DIAGNOSTIC category=true phase=true code=true retryability=true native_none=true local=true remote=true cause=false message=operation cancelled
    CANCEL_DIAGNOSTIC category=true phase=true code=true retryability=true native_none=true local=true remote=true cause=false message=operation cancelled
    CANCEL_DIAGNOSTIC category=true phase=true code=true retryability=true native_none=true local=true remote=true cause=false message=operation cancelled
    CANCEL_DIAGNOSTIC category=true phase=true code=true retryability=true native_none=true local=true remote=true cause=false message=operation cancelled
    CANCEL_DIAGNOSTIC category=true phase=true code=true retryability=true native_none=true local=true remote=true cause=false message=operation cancelled
    CANCEL_DIAGNOSTIC category=true phase=true code=true retryability=true native_none=true local=true remote=true cause=false message=operation cancelled
    CANCEL_DIAGNOSTIC category=true phase=true code=true retryability=true native_none=true local=true remote=true cause=false message=operation cancelled
    CANCEL_DIAGNOSTIC category=true phase=true code=true retryability=true native_none=true local=true remote=true cause=false message=operation cancelled
    CANCEL_DIAGNOSTIC category=true phase=true code=true retryability=true native_none=true local=true remote=true cause=false message=operation cancelled
    CANCEL_DIAGNOSTIC category=true phase=true code=true retryability=true native_none=true local=true remote=true cause=false message=operation cancelled
    CANCEL_DIAGNOSTIC category=true phase=true code=true retryability=true native_none=true local=true remote=true cause=false message=operation cancelled
    CANCEL_DIAGNOSTIC category=true phase=true code=true retryability=true native_none=true local=true remote=true cause=false message=operation cancelled
    CANCEL_DIAGNOSTIC category=true phase=true code=true retryability=true native_none=true local=true remote=true cause=false message=operation cancelled
    CANCEL_DIAGNOSTIC category=true phase=true code=true retryability=true native_none=true local=true remote=true cause=false message=operation cancelled
    CANCEL_DIAGNOSTIC category=true phase=true code=true retryability=true native_none=true local=true remote=true cause=false message=operation cancelled
    CANCEL_DIAGNOSTIC category=true phase=true code=true retryability=true native_none=true local=true remote=true cause=false message=operation cancelled
    CANCEL_DIAGNOSTIC category=true phase=true code=true retryability=true native_none=true local=true remote=true cause=false message=operation cancelled
    CANCEL_DIAGNOSTIC category=true phase=true code=true retryability=true native_none=true local=true remote=true cause=false message=operation cancelled
    CANCEL_DIAGNOSTIC category=true phase=true code=true retryability=true native_none=true local=true remote=true cause=false message=operation cancelled
    CANCEL_DIAGNOSTIC category=true phase=true code=true retryability=true native_none=true local=true remote=true cause=false message=operation cancelled
    CANCEL_DIAGNOSTIC category=true phase=true code=true retryability=true native_none=true local=true remote=true cause=false message=operation cancelled
    CANCEL_DIAGNOSTIC category=true phase=true code=true retryability=true native_none=true local=true remote=true cause=false message=operation cancelled
    CANCEL_DIAGNOSTIC category=true phase=true code=true retryability=true native_none=true local=true remote=true cause=false message=operation cancelled
    CANCEL_DIAGNOSTIC category=true phase=true code=true retryability=true native_none=true local=true remote=true cause=false message=operation cancelled
    CANCEL_DIAGNOSTIC category=true phase=true code=true retryability=true native_none=true local=true remote=true cause=false message=operation cancelled
    CANCEL_DIAGNOSTIC category=true phase=true code=true retryability=true native_none=true local=true remote=true cause=false message=operation cancelled
    CANCEL_DIAGNOSTIC category=true phase=true code=true retryability=true native_none=true local=true remote=true cause=false message=operation cancelled
    CANCEL_DIAGNOSTIC category=true phase=true code=true retryability=true native_none=true local=true remote=true cause=false message=operation cancelled
    CANCEL_DIAGNOSTIC category=true phase=true code=true retryability=true native_none=true local=true remote=true cause=false message=operation cancelled
    CANCEL_DIAGNOSTIC category=true phase=true code=true retryability=true native_none=true local=true remote=true cause=false message=operation cancelled
    CANCEL_DIAGNOSTIC category=true phase=true code=true retryability=true native_none=true local=true remote=true cause=false message=operation cancelled
    CANCEL_DIAGNOSTIC category=true phase=true code=true retryability=true native_none=true local=true remote=true cause=false message=operation cancelled
    CANCEL_DIAGNOSTIC category=true phase=true code=true retryability=true native_none=true local=true remote=true cause=false message=operation cancelled
    CANCEL_DIAGNOSTIC category=true phase=true code=true retryability=true native_none=true local=true remote=true cause=false message=operation cancelled
    CANCEL_DIAGNOSTIC category=true phase=true code=true retryability=true native_none=true local=true remote=true cause=false message=operation cancelled
    CANCEL_DIAGNOSTIC category=true phase=true code=true retryability=true native_none=true local=true remote=true cause=false message=operation cancelled
    CANCEL_DIAGNOSTIC category=true phase=true code=true retryability=true native_none=true local=true remote=true cause=false message=operation cancelled
    CANCEL_DIAGNOSTIC category=true phase=true code=true retryability=true native_none=true local=true remote=true cause=false message=operation cancelled
    CANCEL_DIAGNOSTIC category=true phase=true code=true retryability=true native_none=true local=true remote=true cause=false message=operation cancelled
    CANCEL_DIAGNOSTIC category=true phase=true code=true retryability=true native_none=true local=true remote=true cause=true message=operation cancelled
    CANCEL_DIAGNOSTIC category=true phase=true code=true retryability=true native_none=true local=true remote=true cause=false message=operation cancelled
    CANCEL_DIAGNOSTIC category=true phase=true code=true retryability=true native_none=true local=true remote=true cause=true message=operation cancelled
    CANCEL_DIAGNOSTIC category=true phase=true code=true retryability=true native_none=true local=true remote=true cause=false message=operation cancelled
    CANCEL_DIAGNOSTIC category=true phase=true code=true retryability=true native_none=true local=true remote=true cause=false message=operation cancelled
    CANCEL_DIAGNOSTIC category=true phase=true code=true retryability=true native_none=true local=true remote=true cause=false message=operation cancelled
    CANCEL_DIAGNOSTIC category=true phase=true code=true retryability=true native_none=true local=true remote=true cause=false message=operation cancelled
    CANCEL_DIAGNOSTIC category=true phase=true code=true retryability=true native_none=true local=true remote=true cause=false message=operation cancelled
    CANCEL_DIAGNOSTIC category=true phase=true code=true retryability=true native_none=true local=true remote=true cause=false message=operation cancelled
    CANCEL_DIAGNOSTIC category=true phase=true code=true retryability=true native_none=true local=true remote=true cause=false message=operation cancelled
    CANCEL_DIAGNOSTIC category=true phase=true code=true retryability=true native_none=true local=true remote=true cause=false message=operation cancelled
    CANCEL_DIAGNOSTIC category=true phase=true code=true retryability=true native_none=true local=true remote=true cause=false message=operation cancelled
    CANCEL_DIAGNOSTIC category=true phase=true code=true retryability=true native_none=true local=true remote=true cause=false message=operation cancelled
    CANCEL_DIAGNOSTIC category=true phase=true code=true retryability=true native_none=true local=true remote=true cause=false message=operation cancelled
    CANCEL_DIAGNOSTIC category=true phase=true code=true retryability=true native_none=true local=true remote=true cause=false message=operation cancelled
    CANCEL_DIAGNOSTIC category=true phase=true code=true retryability=true native_none=true local=true remote=true cause=true message=operation cancelled
    CANCEL_DIAGNOSTIC category=true phase=true code=true retryability=true native_none=true local=true remote=true cause=false message=operation cancelled
    CANCEL_DIAGNOSTIC category=true phase=true code=true retryability=true native_none=true local=true remote=true cause=false message=operation cancelled
    CANCEL_DIAGNOSTIC category=true phase=true code=true retryability=true native_none=true local=true remote=true cause=false message=operation cancelled
    CANCEL_DIAGNOSTIC category=true phase=true code=true retryability=true native_none=true local=true remote=true cause=true message=operation cancelled
    CANCEL_DIAGNOSTIC category=true phase=true code=true retryability=true native_none=true local=true remote=true cause=false message=operation cancelled
    CANCEL_DIAGNOSTIC category=true phase=true code=true retryability=true native_none=true local=true remote=true cause=false message=operation cancelled
    CANCEL_DIAGNOSTIC category=true phase=true code=true retryability=true native_none=true local=true remote=true cause=true message=operation cancelled
    CANCEL_DIAGNOSTIC category=true phase=true code=true retryability=true native_none=true local=true remote=true cause=false message=operation cancelled
    CANCEL_DIAGNOSTIC category=true phase=true code=true retryability=true native_none=true local=true remote=true cause=false message=operation cancelled
    CANCEL_DIAGNOSTIC category=true phase=true code=true retryability=true native_none=true local=true remote=true cause=false message=operation cancelled
    CANCEL_DIAGNOSTIC category=true phase=true code=true retryability=true native_none=true local=true remote=true cause=false message=operation cancelled
    CANCEL_DIAGNOSTIC category=true phase=true code=true retryability=true native_none=true local=true remote=true cause=false message=operation cancelled
    CANCEL_DIAGNOSTIC category=true phase=true code=true retryability=true native_none=true local=true remote=true cause=false message=operation cancelled
    CANCEL_DIAGNOSTIC category=true phase=true code=true retryability=true native_none=true local=true remote=true cause=false message=operation cancelled
    CANCEL_DIAGNOSTIC category=true phase=true code=true retryability=true native_none=true local=true remote=true cause=false message=operation cancelled
    CANCEL_DIAGNOSTIC category=true phase=true code=true retryability=true native_none=true local=true remote=true cause=false message=operation cancelled
    CANCEL_DIAGNOSTIC category=true phase=true code=true retryability=true native_none=true local=true remote=true cause=false message=operation cancelled
    CANCEL_DIAGNOSTIC category=true phase=true code=true retryability=true native_none=true local=true remote=true cause=true message=operation cancelled
    CANCEL_DIAGNOSTIC category=true phase=true code=true retryability=true native_none=true local=true remote=true cause=false message=operation cancelled
    CANCEL_DIAGNOSTIC category=true phase=true code=true retryability=true native_none=true local=true remote=true cause=false message=operation cancelled
    CANCEL_DIAGNOSTIC category=true phase=true code=true retryability=true native_none=true local=true remote=true cause=true message=operation cancelled
    CANCEL_DIAGNOSTIC category=true phase=true code=true retryability=true native_none=true local=true remote=true cause=false message=operation cancelled
    CANCEL_DIAGNOSTIC category=true phase=true code=true retryability=true native_none=true local=true remote=true cause=false message=operation cancelled
    CANCEL_DIAGNOSTIC category=true phase=true code=true retryability=true native_none=true local=true remote=true cause=false message=operation cancelled
    CANCEL_DIAGNOSTIC category=true phase=true code=true retryability=true native_none=true local=true remote=true cause=false message=operation cancelled
    CANCEL_DIAGNOSTIC category=true phase=true code=true retryability=true native_none=true local=true remote=true cause=false message=operation cancelled
    CANCEL_DIAGNOSTIC category=true phase=true code=true retryability=true native_none=true local=true remote=true cause=false message=operation cancelled
    CANCEL_DIAGNOSTIC category=true phase=true code=true retryability=true native_none=true local=true remote=true cause=false message=operation cancelled
    CANCEL_DIAGNOSTIC category=true phase=true code=true retryability=true native_none=true local=true remote=true cause=false message=operation cancelled
    CANCEL_DIAGNOSTIC category=true phase=true code=true retryability=true native_none=true local=true remote=true cause=false message=operation cancelled
    CANCEL_DIAGNOSTIC category=true phase=true code=true retryability=true native_none=true local=true remote=true cause=false message=operation cancelled
    CANCEL_DIAGNOSTIC category=true phase=true code=true retryability=true native_none=true local=true remote=true cause=false message=operation cancelled
    CANCEL_DIAGNOSTIC category=true phase=true code=true retryability=true native_none=true local=true remote=true cause=false message=operation cancelled
    CANCEL_DIAGNOSTIC category=true phase=true code=true retryability=true native_none=true local=true remote=true cause=true message=operation cancelled
    CANCEL_DIAGNOSTIC category=true phase=true code=true retryability=true native_none=true local=true remote=true cause=false message=operation cancelled
    CANCEL_DIAGNOSTIC category=true phase=true code=true retryability=true native_none=true local=true remote=true cause=false message=operation cancelled
    CANCEL_DIAGNOSTIC category=true phase=true code=true retryability=true native_none=true local=true remote=true cause=false message=operation cancelled
    CANCEL_DIAGNOSTIC category=true phase=true code=true retryability=true native_none=true local=true remote=true cause=true message=operation cancelled
    CANCEL_DIAGNOSTIC category=true phase=true code=true retryability=true native_none=true local=true remote=true cause=false message=operation cancelled
    CANCEL_DIAGNOSTIC category=true phase=true code=true retryability=true native_none=true local=true remote=true cause=false message=operation cancelled
    CANCEL_DIAGNOSTIC category=true phase=true code=true retryability=true native_none=true local=true remote=true cause=false message=operation cancelled
    CANCEL_DIAGNOSTIC category=true phase=true code=true retryability=true native_none=true local=true remote=true cause=false message=operation cancelled
    CANCEL_DIAGNOSTIC category=true phase=true code=true retryability=true native_none=true local=true remote=true cause=false message=operation cancelled
    CANCEL_DIAGNOSTIC category=true phase=true code=true retryability=true native_none=true local=true remote=true cause=false message=operation cancelled
    CANCEL_DIAGNOSTIC category=true phase=true code=true retryability=true native_none=true local=true remote=true cause=false message=operation cancelled
    CANCEL_DIAGNOSTIC category=true phase=true code=true retryability=true native_none=true local=true remote=true cause=false message=operation cancelled
    CANCEL_DIAGNOSTIC category=true phase=true code=true retryability=true native_none=true local=true remote=true cause=false message=operation cancelled
    CANCEL_DIAGNOSTIC category=true phase=true code=true retryability=true native_none=true local=true remote=true cause=false message=operation cancelled
    CANCEL_DIAGNOSTIC category=true phase=true code=true retryability=true native_none=true local=true remote=true cause=false message=operation cancelled
    CANCEL_DIAGNOSTIC category=true phase=true code=true retryability=true native_none=true local=true remote=true cause=false message=operation cancelled
    CANCEL_DIAGNOSTIC category=true phase=true code=true retryability=true native_none=true local=true remote=true cause=false message=operation cancelled
    CANCEL_DIAGNOSTIC category=true phase=true code=true retryability=true native_none=true local=true remote=true cause=false message=operation cancelled
    CANCEL_DIAGNOSTIC category=true phase=true code=true retryability=true native_none=true local=true remote=true cause=false message=operation cancelled
    CANCEL_DIAGNOSTIC category=true phase=true code=true retryability=true native_none=true local=true remote=true cause=false message=operation cancelled
    CANCEL_DIAGNOSTIC category=true phase=true code=true retryability=true native_none=true local=true remote=true cause=false message=operation cancelled
    CANCEL_DIAGNOSTIC category=true phase=true code=true retryability=true native_none=true local=true remote=true cause=true message=operation cancelled
    CANCEL_DIAGNOSTIC category=true phase=true code=true retryability=true native_none=true local=true remote=true cause=false message=operation cancelled
    CANCEL_DIAGNOSTIC category=true phase=true code=true retryability=true native_none=true local=true remote=true cause=true message=operation cancelled
    CANCEL_DIAGNOSTIC category=true phase=true code=true retryability=true native_none=true local=true remote=true cause=false message=operation cancelled
    CANCEL_DIAGNOSTIC category=true phase=true code=true retryability=true native_none=true local=true remote=true cause=false message=operation cancelled
    CANCEL_DIAGNOSTIC category=true phase=true code=true retryability=true native_none=true local=true remote=true cause=false message=operation cancelled
    CANCEL_DIAGNOSTIC category=true phase=true code=true retryability=true native_none=true local=true remote=true cause=false message=operation cancelled
    CANCEL_DIAGNOSTIC category=true phase=true code=true retryability=true native_none=true local=true remote=true cause=false message=operation cancelled
    CANCEL_DIAGNOSTIC category=true phase=true code=true retryability=true native_none=true local=true remote=true cause=true message=operation cancelled
    CANCEL_DIAGNOSTIC category=true phase=true code=true retryability=true native_none=true local=true remote=true cause=false message=operation cancelled
    CANCEL_DIAGNOSTIC category=true phase=true code=true retryability=true native_none=true local=true remote=true cause=false message=operation cancelled
    CANCEL_DIAGNOSTIC category=true phase=true code=true retryability=true native_none=true local=true remote=true cause=false message=operation cancelled
    CANCEL_DIAGNOSTIC category=true phase=true code=true retryability=true native_none=true local=true remote=true cause=false message=operation cancelled
    CANCEL_DIAGNOSTIC category=true phase=true code=true retryability=true native_none=true local=true remote=true cause=false message=operation cancelled
    CANCEL_DIAGNOSTIC category=true phase=true code=true retryability=true native_none=true local=true remote=true cause=false message=operation cancelled
    CANCEL_DIAGNOSTIC category=true phase=true code=true retryability=true native_none=true local=true remote=true cause=false message=operation cancelled
    CANCEL_DIAGNOSTIC category=true phase=true code=true retryability=true native_none=true local=true remote=true cause=false message=operation cancelled
    CANCEL_DIAGNOSTIC category=true phase=true code=true retryability=true native_none=true local=true remote=true cause=true message=operation cancelled
    CANCEL_DIAGNOSTIC category=true phase=true code=true retryability=true native_none=true local=true remote=true cause=false message=operation cancelled
    CANCEL_DIAGNOSTIC category=true phase=true code=true retryability=true native_none=true local=true remote=true cause=false message=operation cancelled
    CANCEL_DIAGNOSTIC category=true phase=true code=true retryability=true native_none=true local=true remote=true cause=false message=operation cancelled
    CANCEL_DIAGNOSTIC category=true phase=true code=true retryability=true native_none=true local=true remote=true cause=false message=operation cancelled
    CANCEL_DIAGNOSTIC category=true phase=true code=true retryability=true native_none=true local=true remote=true cause=false message=operation cancelled
    CANCEL_DIAGNOSTIC category=true phase=true code=true retryability=true native_none=true local=true remote=true cause=false message=operation cancelled
    CANCEL_DIAGNOSTIC category=true phase=true code=true retryability=true native_none=true local=true remote=true cause=false message=operation cancelled
    CANCEL_DIAGNOSTIC category=true phase=true code=true retryability=true native_none=true local=true remote=true cause=false message=operation cancelled
    CANCEL_DIAGNOSTIC category=true phase=true code=true retryability=true native_none=true local=true remote=true cause=false message=operation cancelled
    CANCEL_DIAGNOSTIC category=true phase=true code=true retryability=true native_none=true local=true remote=true cause=true message=operation cancelled
    CANCEL_DIAGNOSTIC category=true phase=true code=true retryability=true native_none=true local=true remote=true cause=false message=operation cancelled
    CANCEL_DIAGNOSTIC category=true phase=true code=true retryability=true native_none=true local=true remote=true cause=false message=operation cancelled
    CANCEL_DIAGNOSTIC category=true phase=true code=true retryability=true native_none=true local=true remote=true cause=false message=operation cancelled
    CANCEL_DIAGNOSTIC category=true phase=true code=true retryability=true native_none=true local=true remote=true cause=false message=operation cancelled
    CANCEL_DIAGNOSTIC category=true phase=true code=true retryability=true native_none=true local=true remote=true cause=false message=operation cancelled
    CANCEL_DIAGNOSTIC category=true phase=true code=true retryability=true native_none=true local=true remote=true cause=true message=operation cancelled
    CANCEL_DIAGNOSTIC category=true phase=true code=true retryability=true native_none=true local=true remote=true cause=false message=operation cancelled
    CANCEL_DIAGNOSTIC category=true phase=true code=true retryability=true native_none=true local=true remote=true cause=false message=operation cancelled
    CANCEL_DIAGNOSTIC category=true phase=true code=true retryability=true native_none=true local=true remote=true cause=true message=operation cancelled
    CANCEL_DIAGNOSTIC category=true phase=true code=true retryability=true native_none=true local=true remote=true cause=false message=operation cancelled
    CANCEL_DIAGNOSTIC category=true phase=true code=true retryability=true native_none=true local=true remote=true cause=false message=operation cancelled
    CANCEL_DIAGNOSTIC category=true phase=true code=true retryability=true native_none=true local=true remote=true cause=true message=operation cancelled
    CANCEL_DIAGNOSTIC category=true phase=true code=true retryability=true native_none=true local=true remote=true cause=false message=operation cancelled
    CANCEL_DIAGNOSTIC category=true phase=true code=true retryability=true native_none=true local=true remote=true cause=false message=operation cancelled
    CANCEL_DIAGNOSTIC category=true phase=true code=true retryability=true native_none=true local=true remote=true cause=false message=operation cancelled
    CANCEL_DIAGNOSTIC category=true phase=true code=true retryability=true native_none=true local=true remote=true cause=false message=operation cancelled
    CANCEL_DIAGNOSTIC category=true phase=true code=true retryability=true native_none=true local=true remote=true cause=false message=operation cancelled
    CANCEL_DIAGNOSTIC category=true phase=true code=true retryability=true native_none=true local=true remote=true cause=false message=operation cancelled
    CANCEL_DIAGNOSTIC category=true phase=true code=true retryability=true native_none=true local=true remote=true cause=false message=operation cancelled
    CANCEL_DIAGNOSTIC category=true phase=true code=true retryability=true native_none=true local=true remote=true cause=true message=operation cancelled
    CANCEL_DIAGNOSTIC category=true phase=true code=true retryability=true native_none=true local=true remote=true cause=false message=operation cancelled
    CANCEL_DIAGNOSTIC category=true phase=true code=true retryability=true native_none=true local=true remote=true cause=false message=operation cancelled
    CANCEL_DIAGNOSTIC category=true phase=true code=true retryability=true native_none=true local=true remote=true cause=false message=operation cancelled
    CANCEL_DIAGNOSTIC category=true phase=true code=true retryability=true native_none=true local=true remote=true cause=false message=operation cancelled
    CANCEL_DIAGNOSTIC category=true phase=true code=true retryability=true native_none=true local=true remote=true cause=false message=operation cancelled
    CANCEL_DIAGNOSTIC category=true phase=true code=true retryability=true native_none=true local=true remote=true cause=true message=operation cancelled
    CANCEL_DIAGNOSTIC category=true phase=true code=true retryability=true native_none=true local=true remote=true cause=false message=operation cancelled
    CANCEL_DIAGNOSTIC category=true phase=true code=true retryability=true native_none=true local=true remote=true cause=true message=operation cancelled
    CANCEL_DIAGNOSTIC category=true phase=true code=true retryability=true native_none=true local=true remote=true cause=true message=operation cancelled
    CANCEL_DIAGNOSTIC category=true phase=true code=true retryability=true native_none=true local=true remote=true cause=true message=operation cancelled
    CANCEL_DIAGNOSTIC category=true phase=true code=true retryability=true native_none=true local=true remote=true cause=true message=operation cancelled
    CANCEL_DIAGNOSTIC category=true phase=true code=true retryability=true native_none=true local=true remote=true cause=false message=operation cancelled
    CANCEL_DIAGNOSTIC category=true phase=true code=true retryability=true native_none=true local=true remote=true cause=false message=operation cancelled
    CANCEL_DIAGNOSTIC category=true phase=true code=true retryability=true native_none=true local=true remote=true cause=false message=operation cancelled
    CANCEL_DIAGNOSTIC category=true phase=true code=true retryability=true native_none=true local=true remote=true cause=false message=operation cancelled
    CANCEL_DIAGNOSTIC category=true phase=true code=true retryability=true native_none=true local=true remote=true cause=false message=operation cancelled
    CANCEL_DIAGNOSTIC category=true phase=true code=true retryability=true native_none=true local=true remote=true cause=false message=operation cancelled
    CANCEL_DIAGNOSTIC category=true phase=true code=true retryability=true native_none=true local=true remote=true cause=false message=operation cancelled
    CANCEL_DIAGNOSTIC category=true phase=true code=true retryability=true native_none=true local=true remote=true cause=false message=operation cancelled
    CANCEL_DIAGNOSTIC category=true phase=true code=true retryability=true native_none=true local=true remote=true cause=false message=operation cancelled
    CANCEL_DIAGNOSTIC category=true phase=true code=true retryability=true native_none=true local=true remote=true cause=false message=operation cancelled
    CANCEL_DIAGNOSTIC category=true phase=true code=true retryability=true native_none=true local=true remote=true cause=false message=operation cancelled
    CANCEL_DIAGNOSTIC category=true phase=true code=true retryability=true native_none=true local=true remote=true cause=false message=operation cancelled
    CANCEL_DIAGNOSTIC category=true phase=true code=true retryability=true native_none=true local=true remote=true cause=false message=operation cancelled
    CANCEL_DIAGNOSTIC category=true phase=true code=true retryability=true native_none=true local=true remote=true cause=false message=operation cancelled
    CANCEL_DIAGNOSTIC category=true phase=true code=true retryability=true native_none=true local=true remote=true cause=true message=operation cancelled
    CANCEL_DIAGNOSTIC category=true phase=true code=true retryability=true native_none=true local=true remote=true cause=false message=operation cancelled
    CANCEL_DIAGNOSTIC category=true phase=true code=true retryability=true native_none=true local=true remote=true cause=false message=operation cancelled
    CANCEL_DIAGNOSTIC category=true phase=true code=true retryability=true native_none=true local=true remote=true cause=false message=operation cancelled
    CANCEL_DIAGNOSTIC category=true phase=true code=true retryability=true native_none=true local=true remote=true cause=false message=operation cancelled
Summary: TOTAL: 50
    PASSED: 1, SKIPPED: 49, ERROR: 0
    FAILED: 0
--------------------------------------------------------------------------------------------------
Project tests finished, time elapsed: 691321846 ns, RESULT:
TP: wirestack.*, time elapsed: 691204492 ns, RESULT:
    PASSED:
    TP: wirestack.internal.transport_stdnet, time elapsed: 683361348 ns
Summary: TOTAL: 50
    PASSED: 1, SKIPPED: 49, ERROR: 0
    FAILED: 0
--------------------------------------------------------------------------------------------------
cjpm test success
