--------------------------------------------------------------------------------------------------
TP: wirestack.net, time elapsed: 1590425161 ns, RESULT:
    TCS: DnsClientWireTest, time elapsed: 976710624 ns, RESULT:
    [ PASSED ] CASE: publicQueryAndLookupUseRealUdpAndRetainAbsoluteCacheExpiry (2726300 ns)
    [ PASSED ] CASE: publicQueryEncodesEveryModeledRecordType (8666415 ns)
    [ PASSED ] CASE: wrongSourceIdAndQuestionAreIgnoredBeforeValidUdpResponse (1069650 ns)
    [ PASSED ] CASE: validatedTruncationFallsBackToExactTcpFrame (1908694 ns)
    [ PASSED ] CASE: activeCancellationRetainsNameserverWithoutRetry (60427025 ns)
    [ PASSED ] CASE: silentDnsAttemptsLeaveBudgetForServerAndPassFailover (503832253 ns)
    [ PASSED ] CASE: exhaustedResponseCodesRetainTheLastRespondingNameserver (2350407 ns)
    [ PASSED ] CASE: unsupportedResponseCodeRetainsRespondingNameserver (973861 ns)
    [ PASSED ] CASE: dnsTransportFailuresRetainSelectedNameserver (253784956 ns)
    [ PASSED ] CASE: tcpResponseCannotRemainTruncated (2411689 ns)
    [ PASSED ] CASE: malformedMatchingResponseAndUnrelatedSectionsCannotPoisonCache (2964657 ns)
    [ PASSED ] CASE: cnameTraversalUsesAnswerOwnersAndRejectsConflictingTargets (4105816 ns)
    [ PASSED ] CASE: fullResultCapacityDoesNotQueryAnotherFamily (60549498 ns)
    [ PASSED ] CASE: rfc2308CacheRetainsNxdomainVersusNodataWithoutNewPackets (5806367 ns)
    [ PASSED ] CASE: zeroTtlNeverCreatesAPositiveCacheEntry (3907224 ns)
    [ PASSED ] CASE: callerCancellationAndClientCloseWakeActiveNativeReceive (3837769 ns)
    [ PASSED ] CASE: anyFamilyRetainsAddressesWhenTheOtherFamilyFails (6679344 ns)
    [ PASSED ] CASE: crossFamilyConflictsRetainTheLivePeerAlongsideCachedResults (6315209 ns)
    [ PASSED ] CASE: nxdomainInvalidatesVisitedTargetsAndOtherCachedAliases (20096527 ns)
    [ PASSED ] CASE: everyNxdomainInvalidatesPreviouslyCachedAddresses (7004263 ns)
    [ PASSED ] CASE: noncacheableNxdomainStopsOtherFamilyQueries (4455654 ns)
    [ PASSED ] CASE: nameWideNegativeOverridesEarlierFamilyFailure (4209741 ns)
    [ PASSED ] CASE: boundedAdmissionRejectsExcessAndCloseWakesQueuedCallers (2848122 ns)
    TCS: DnsResolverPolicyTest, time elapsed: 288907883 ns, RESULT:
    [ PASSED ] CASE: fromSystemParsesTabsCommentsLastSearchAndClampedNdots (331117 ns)
    [ PASSED ] CASE: directConfigRejectsUnsupportedNameserverZonesBeforeQueries (32130 ns)
    [ PASSED ] CASE: numericNameserverZonesUseCanonicalEndpointIdentity (38895 ns)
    [ PASSED ] CASE: systemNameserversRetainOnlySupportedNumericZones (278670 ns)
    [ PASSED ] CASE: equivalentNameserverScopesDoNotConsumeTheServerLimit (213146 ns)
    [ PASSED ] CASE: configOwnsInputArraysAndReturnsDefensiveCopies (41467 ns)
    [ PASSED ] CASE: adoptedClientRequiresMatchingConfigurationWithoutTakingRejectedOwnership (212641 ns)
    [ PASSED ] CASE: systemFilesFailClosedWhenMissingOversizedOrNonregular (15710749 ns)
    [ PASSED ] CASE: ipv4LiteralsBypassHostsSearchAndNameservers (60284353 ns)
    [ PASSED ] CASE: hostsSnapshotRetainsOnlyUsableIpv6Zones (507947 ns)
    [ PASSED ] CASE: hostsAliasesFilterFamiliesAndRemainSnapshotted (966943 ns)
    [ PASSED ] CASE: trailingRootSkipsSearchWhileNdotsSelectsSearchOrAbsoluteFirst (4711013 ns)
    [ PASSED ] CASE: exactHostsEntryWinsBeforeSearchSuffixDns (201309168 ns)
    [ PASSED ] CASE: cancelledExpiredAndClosedCallsRetainPublicResolveClassifications (440375 ns)
    [ PASSED ] CASE: connectUsesHostsMappingForANativeListenerExchange (686662 ns)
    [ PASSED ] CASE: resolverConnectCarriesOneAbsoluteDeadlineIntoNativeTcpAdmission (474997 ns)
    TCS: DnsWireParserTest, time elapsed: 55496971 ns, RESULT:
    [ PASSED ] CASE: decodesCompressedTargetsBinaryTxtSoaAndUnknownData (225553 ns)
    [ PASSED ] CASE: recordOrderMakesAnswerAuthorityAndAdditionalBoundariesExplicit (84551 ns)
    [ PASSED ] CASE: summariesAndRecordsOwnParserAndConstructorInputs (60081 ns)
    [ PASSED ] CASE: publicSummaryRejectsCountsBeyondWireAndCombinedRecordBounds (52303432 ns)
    [ PASSED ] CASE: parserPreservesQuestionIdentityAndRejectsIncompleteRecords (66425 ns)
    [ PASSED ] CASE: asciiNameProfileRejectsAmbiguousLabels (75487 ns)
    [ PASSED ] CASE: compressionLoopsForwardPointersAndOutOfRangePointersAreRejected (75393 ns)
    [ PASSED ] CASE: expandedNameAndSectionCountsRespectConfiguredBounds (70677 ns)
    [ PASSED ] CASE: completeParserRejectsTrailingAndTruncatedSectionBytes (63755 ns)
    [ PASSED ] CASE: typedRdataLengthsAndTxtSegmentsAreExact (100235 ns)
    [ PASSED ] CASE: compressedRdataNamesCannotConsumeNeighboringRecordBytes (98212 ns)
    [ PASSED ] CASE: srvTargetCompressionIsRejectedEvenWhenPointerIsInBounds (57619 ns)
    [ PASSED ] CASE: summaryConstructorRejectsSectionMetadataThatCouldBlurBoundaries (28112 ns)
    [ PASSED ] CASE: additionalOwnerMayReferenceAuthorityNameserverTarget (83629 ns)
    [ PASSED ] CASE: additionalOwnerMayReferenceSecondLegacyMailboxName (118120 ns)
    TCS: DnsWireFuzzTest, time elapsed: 117616023 ns, RESULT:
    [ PASSED ] CASE: wireMutationsRejectMalformedMessagesOrRetainOwnedSections (117346914 ns)
    TCS: M8002TcpListenerTest, time elapsed: 58083488 ns, RESULT:
    [ PASSED ] CASE: bindRejectsInvalidBacklogAndStoppedContextsWithStructuredErrors (74145 ns)
    [ PASSED ] CASE: bindFailureRetainsPublicCoordinatesAndCause (111201 ns)
    [ PASSED ] CASE: cancelledAndExpiredAcceptsLeaveListenerReusable (25991253 ns)
    [ PASSED ] CASE: acceptedStreamTransfersExactDataInBothDirections (327256 ns)
    [ PASSED ] CASE: overlappingAcceptIsRejectedWithoutCreatingAPendingQueue (29965264 ns)
    [ PASSED ] CASE: stoppedCloseAdmissionHasNoNativeEffectAndListenerRemainsUsable (265473 ns)
    [ PASSED ] CASE: gracefulAndAbortTerminalOwnersAreStableAndWakeAccept (103525 ns)
    TCS: M8002UdpSocketTest, time elapsed: 22510769 ns, RESULT:
    [ PASSED ] CASE: datagramBoundariesAndOwnedPayloadSurviveScratchReuse (184045 ns)
    [ PASSED ] CASE: exactCapacityAndTruncationDiscardOnlyTheCurrentDatagramTail (142180 ns)
    [ PASSED ] CASE: connectedSocketSelectsNativePeerAndFiltersOtherSenders (205898 ns)
    [ PASSED ] CASE: invalidAndUnsupportedInputsLeaveSocketReusable (997969 ns)
    [ PASSED ] CASE: cancellationDeadlineCloseAndAbortRetainDistinctState (20382897 ns)
    TCS: M8007TlsDeadlineCleanupTest, time elapsed: 31735843 ns, RESULT:
    [ PASSED ] CASE: closeDeadlineReleasesAnExistingNativeTcpReadWithoutPeerAssistance (31498107 ns)
    TCS: NetworkFoundationContractTest, time elapsed: 38593150 ns, RESULT:
    [ PASSED ] CASE: unixEndpointFormsAreDistinctAndOwned (12989 ns)
    [ PASSED ] CASE: unixEndpointRejectsUnboundedNames (18510 ns)
    [ PASSED ] CASE: rawSocketCapabilityBoundaryRequiresDomainSpecificProtocol (29418 ns)
    [ PASSED ] CASE: cancelledConnectFailsBeforeSocketCreation (32284 ns)
    [ PASSED ] CASE: tcpStreamCancellationDistinguishesUntouchedFromAbortedDelegate (65659 ns)
    [ PASSED ] CASE: tcpStreamGracefulCloseIsRetainedAndIdempotent (28300 ns)
    [ PASSED ] CASE: tcpStreamTerminalCloseSkipsStoppedContextsAndCallerClock (57750 ns)
    [ PASSED ] CASE: tcpStreamNonterminalStoppedCloseAdmissionStillRejects (54064 ns)
    [ PASSED ] CASE: tcpStreamCloseNormalizesContextFailureWithoutTakingOwnership (36444 ns)
    [ PASSED ] CASE: tcpStreamAbortRetainsItsCauseAndConnectionFacts (68837 ns)
    [ PASSED ] CASE: tcpStreamDirectionalShutdownPublishesOnlySuccessfulTransitions (39274 ns)
    [ PASSED ] CASE: tcpStreamReadShutdownRejectsEveryReadPathWithoutLosingWrites (50930 ns)
    [ PASSED ] CASE: tcpStreamWriteShutdownRejectsEveryWritePathWithoutLosingReads (47220 ns)
    [ PASSED ] CASE: tcpStreamEmptyOperationsRemainImmediateAfterDirectionalShutdown (18838 ns)
    [ PASSED ] CASE: tcpStreamReadExactAddsCapturedEndpointsToUnexpectedEof (34334 ns)
    [ PASSED ] CASE: tcpStreamReadKeepsPeerEofGraceful (17076 ns)
    [ PASSED ] CASE: tcpStreamReadExactMergesCapturedAndStructuredEndpointMetadata (36510 ns)
    [ PASSED ] CASE: tcpStreamIoConflictsRetainCapturedEndpointsWithoutClosing (81578 ns)
    [ PASSED ] CASE: tcpStreamDirectionalShutdownDoesNotPromoteWokenIoToFailure (60180 ns)
    [ PASSED ] CASE: tcpStreamFinalShutdownRemainsGracefulWhenItWakesIo (34523 ns)
    [ PASSED ] CASE: tcpStreamFailuresRetainOriginalErrorAndReleaseDelegate (56580 ns)
    [ PASSED ] CASE: tcpStreamRetainsNativeCancellationOwnership (1255185 ns)
    [ PASSED ] CASE: tcpStreamNormalizesUnexpectedDelegateFailures (146393 ns)
    [ PASSED ] CASE: tcpStreamPrecancelledIoCannotClaimAnotherClosesOwnership (104066 ns)
    [ PASSED ] CASE: tcpStreamCancellationOwnershipSurvivesOtherObservers (90807 ns)
    [ PASSED ] CASE: tcpStreamAbortCannotRelabelClaimedGracefulNativeClose (38241 ns)
    [ PASSED ] CASE: tcpStreamAbortOwnershipSurvivesCompetingIoAndLateCloseFailure (70736 ns)
    [ PASSED ] CASE: tcpStreamCancellationBoundsCloseWaitAndLateSuccessRemainsGraceful (75541 ns)
    [ PASSED ] CASE: tcpStreamJoiningBackgroundCloseWaitsForCompletion (28554642 ns)
    [ PASSED ] CASE: tcpStreamDeadlineBoundsCloseWaitAndLateSuccessRemainsGraceful (99891 ns)
    [ PASSED ] CASE: tcpStreamLateCloseFailurePublishesFailedWithoutReplacingCallerCancellation (118026 ns)
    [ PASSED ] CASE: tcpStreamAbortRemainsTerminalWhenDetachedCloseFailsLate (91568 ns)
    [ PASSED ] CASE: tcpStreamCloseKeepsGracefulCauseWhenItWakesARead (53552 ns)
    [ PASSED ] CASE: unsafeOptionValueIsBoundedAndOwnedWithoutApplyingIt (110236 ns)
    [ PASSED ] CASE: datagramResultEnforcesTheIpv4PayloadBound (2546737 ns)
    [ PASSED ] CASE: datagramResultSurvivesReceiveBufferReuse (17788 ns)
Summary: TOTAL: 104
    PASSED: 104, SKIPPED: 0, ERROR: 0
    FAILED: 0
--------------------------------------------------------------------------------------------------
Project tests finished, time elapsed: 1598278524 ns, RESULT:
TP: wirestack.*, time elapsed: 1598167104 ns, RESULT:
    PASSED:
    TP: wirestack.net, time elapsed: 1590425161 ns
Summary: TOTAL: 104
    PASSED: 104, SKIPPED: 0, ERROR: 0
    FAILED: 0
--------------------------------------------------------------------------------------------------
cjpm test success
