--------------------------------------------------------------------------------------------------
TP: wirestack.internal.http1, time elapsed: 942498392 ns, RESULT:
    TCS: HttpAutomaticHttpsClientTest, time elapsed: 6529509 ns, RESULT:
    [ PASSED ] CASE: h2NegotiationMultiplexesTenRequestsOnOneTlsConnection (2797684 ns)
    [ PASSED ] CASE: http11NegotiationFallsBackAndReusesTheAdoptedConnection (2484962 ns)
    TCS: Http1ChunkedCodecTest, time elapsed: 2479900 ns, RESULT:
    [ PASSED ] CASE: decoderStreamsDataExtensionsTrailersAndRemainder (85516 ns)
    [ PASSED ] CASE: decoderHandlesEveryBoundaryOneByteAtATime (89997 ns)
    [ PASSED ] CASE: encoderProducesCanonicalChunksAndBoundedTrailers (86648 ns)
    [ PASSED ] CASE: rejectsInvalidSizeExtensionAndTerminators (227003 ns)
    [ PASSED ] CASE: enforcesBodyChunkLineAndTrailerBounds (96059 ns)
    [ PASSED ] CASE: streamingResponseKeepsEachChunkBoundedWithoutALifetimeCeiling (211676 ns)
    [ PASSED ] CASE: rejectsForbiddenOrFoldedTrailers (130045 ns)
    [ PASSED ] CASE: eofAndPostCompletionUseFailClosedStates (54634 ns)
    [ PASSED ] CASE: decodeBatchesOwnDataAndRemainingBytes (46243 ns)
    TCS: Http1ClientConnectionTest, time elapsed: 23008878 ns, RESULT:
    [ PASSED ] CASE: expectContinueWaitsForApprovalBeforeOpeningBody (1176470 ns)
    [ PASSED ] CASE: finalRejectionBeforeContinueNeverOpensRequestBody (1115938 ns)
    [ PASSED ] CASE: continueWaitTimeoutSendsBodyUnderTheOriginalBudget (17850617 ns)
    [ PASSED ] CASE: serializesRequestsUntilBodyEofThenReusesConnection (792431 ns)
    [ PASSED ] CASE: earlyBodyCloseClosesInsteadOfReturningConnectionForReuse (459817 ns)
    [ PASSED ] CASE: connectionCloseResponseIsNeverReusableAfterEof (574517 ns)
    TCS: Http1CleartextClientTest, time elapsed: 1787698 ns, RESULT:
    [ PASSED ] CASE: resolvesConnectsAndReusesOnlyAfterBodyCompletion (1400230 ns)
    [ PASSED ] CASE: rejectsHttpsBeforeDnsOrPoolMutation (80336 ns)
    TCS: Http1ConnectionPoolTest, time elapsed: 2750272 ns, RESULT:
    [ PASSED ] CASE: emitsSecretFreeAcquireAndReleaseLifecycle (289846 ns)
    [ PASSED ] CASE: reusesOnlyTheSameCompleteKey (257873 ns)
    [ PASSED ] CASE: enforcesTotalPerKeyIdleAndWaiterBounds (481378 ns)
    [ PASSED ] CASE: activeWaitHonorsCancellationAndReleasesWaiterSlot (275537 ns)
    [ PASSED ] CASE: evictsExpiredAndClosedConnectionsInsteadOfReusingThem (471285 ns)
    [ PASSED ] CASE: failedCreationRollsBackItsCapacityReservation (270742 ns)
    TCS: Http1HeadParserTest, time elapsed: 2257786 ns, RESULT:
    [ PASSED ] CASE: requestParsesIncrementallyAndReturnsBodyRemainder (148008 ns)
    [ PASSED ] CASE: oneFeedRetainsBytesAfterTheHead (76179 ns)
    [ PASSED ] CASE: responseParsesStatusReasonHeadersAndFraming (108204 ns)
    [ PASSED ] CASE: acceptsOriginAbsoluteAuthorityAndAsteriskFormsOnlyWhereValid (244059 ns)
    [ PASSED ] CASE: rejectsBareLfObsFoldAndInvalidHeaderSyntax (132630 ns)
    [ PASSED ] CASE: requiresOneValidHostAndMatchingAbsoluteAuthority (276496 ns)
    [ PASSED ] CASE: rejectsInvalidTargetVersionAndBoundViolations (127983 ns)
    [ PASSED ] CASE: completedParserCannotBeReused (131040 ns)
    TCS: Http2Streams1BenchmarkTest, time elapsed: 12224846 ns, RESULT:
    [ PASSED ] CASE: benchmarkOneConcurrentStream (11947465 ns)
    TCS: Http2Streams10BenchmarkTest, time elapsed: 42171723 ns, RESULT:
    [ PASSED ] CASE: benchmarkTenConcurrentStreams (41862736 ns)
    TCS: Http2Streams100BenchmarkTest, time elapsed: 481585208 ns, RESULT:
    [ PASSED ] CASE: benchmarkHundredConcurrentStreams (481271289 ns)
    TCS: Http1HundredConnectionBaselineTest, time elapsed: 36963688 ns, RESULT:
    [ PASSED ] CASE: benchmarkHundredConcurrentConnections (36691058 ns)
    TCS: Http2ConnectionPoolTest, time elapsed: 6571800 ns, RESULT:
    [ PASSED ] CASE: alpnPrefersH2AndFallsBackOnlyToHttp11 (29843 ns)
    [ PASSED ] CASE: oneConnectionIsSharedUntilPeerStreamCapacityIsFull (332401 ns)
    [ PASSED ] CASE: concurrentFirstUseDoesNotCreateAConnectionStampede (1039483 ns)
    [ PASSED ] CASE: newConnectionIsPublishedOnlyAfterItsFirstStreamIsAdmitted (73074 ns)
    [ PASSED ] CASE: closeRacingUnpublishedAdmissionReleasesConnectionOwners (3413198 ns)
    [ PASSED ] CASE: completeSecurityKeyPreventsCrossContextReuse (130407 ns)
    [ PASSED ] CASE: drainingConnectionRetainsExistingStreamButReceivesNoNewLease (64662 ns)
    [ PASSED ] CASE: drainingConnectionWaitsForNonLocalOwnersBeforeDiscard (67330 ns)
    [ PASSED ] CASE: fullBoundedPoolHonorsOneCallerDeadline (83145 ns)
    [ PASSED ] CASE: poolCloseAbortsEverySharedConnectionExactlyOnce (89649 ns)
    TCS: Http1FramingTest, time elapsed: 1693333 ns, RESULT:
    [ PASSED ] CASE: requestUsesOneSharedEmptyLengthOrChunkedDecision (96630 ns)
    [ PASSED ] CASE: identicalContentLengthsAreAcceptedAcrossFieldsAndLists (50313 ns)
    [ PASSED ] CASE: conflictingOrInvalidContentLengthsAreRejected (212869 ns)
    [ PASSED ] CASE: contentLengthAndTransferEncodingNeverCoexist (61367 ns)
    [ PASSED ] CASE: ambiguousTransferEncodingIsRejected (119025 ns)
    [ PASSED ] CASE: responseHandlesHeadStatusesConnectAndCloseDelimiting (140665 ns)
    [ PASSED ] CASE: bodylessAndSuccessfulConnectResponsesRejectFramingFields (119875 ns)
    TCS: HttpConnectionPoolKeyTest, time elapsed: 581234 ns, RESULT:
    [ PASSED ] CASE: canonicalOriginProducesStableEqualityAndHash (23031 ns)
    [ PASSED ] CASE: everySecurityAndRouteDimensionPartitionsReuse (58838 ns)
    [ PASSED ] CASE: refusesIncompletePartitionIdentities (23658 ns)
    TCS: Http1ProxyClientPipelineTest, time elapsed: 6730949 ns, RESULT:
    [ PASSED ] CASE: dynamicConnectCredentialsNeverReuseAnAuthenticatedTunnel (4237693 ns)
    [ PASSED ] CASE: rejectedConnectDrainsClosesAndReturnsStructuredNonRetryableFailure (1933711 ns)
    TCS: Http1RequestWriterTest, time elapsed: 5470797 ns, RESULT:
    [ PASSED ] CASE: twoStageWriterDoesNotOpenBodyBeforeExplicitCommit (756011 ns)
    [ PASSED ] CASE: writesFixedBodyThroughPartialTransportOperations (949280 ns)
    [ PASSED ] CASE: streamsUnknownLengthBodyAsCanonicalChunks (963511 ns)
    [ PASSED ] CASE: rejectsDeclaredMismatchBeforeWritingAnything (266780 ns)
    [ PASSED ] CASE: fixedBodyLimitRejectsBeforeConsumingOrCommittingRequest (180912 ns)
    [ PASSED ] CASE: prematureBodyEofRetainsPartialCommitEvidence (721144 ns)
    [ PASSED ] CASE: emptyFramingProbesSourceInsteadOfDroppingUnexpectedBytes (281270 ns)
    TCS: Http1ResponseReaderTest, time elapsed: 14977630 ns, RESULT:
    [ PASSED ] CASE: explicitUpgradeTransfersOnlyAMatching101Protocol (2235329 ns)
    [ PASSED ] CASE: mismatchedUpgradeResponseFailsClosed (1009238 ns)
    [ PASSED ] CASE: explicitConnectTransfersBufferedTunnelBytesAndTransportOwnership (712542 ns)
    [ PASSED ] CASE: failedConnectRemainsAnHttpResponseAndClosesAfterBody (835099 ns)
    [ PASSED ] CASE: readsInterimAndFixedResponseWithoutBufferingTheBody (707092 ns)
    [ PASSED ] CASE: received4xxAnd5xxRemainHttpResponses (1102800 ns)
    [ PASSED ] CASE: decodesChunkedResponseAndPublishesTrailerAtEof (839524 ns)
    [ PASSED ] CASE: closeDelimitedBodyCompletesOnlyAtTransportEof (564238 ns)
    [ PASSED ] CASE: chunkedStreamingResponseMayExceedThePerSegmentBodyBound (843158 ns)
    [ PASSED ] CASE: prematureFixedBodyEofAbandonsResponseExactlyOnce (666731 ns)
    [ PASSED ] CASE: rejectsImplicitUpgradeAndConnectTransportTransfer (1920466 ns)
    TCS: Http1SerializerTest, time elapsed: 3436578 ns, RESULT:
    [ PASSED ] CASE: clientRequestAddsHostAndUsesOriginForm (231252 ns)
    [ PASSED ] CASE: forwardProxyRequestUsesAbsoluteFormAndOriginHost (234818 ns)
    [ PASSED ] CASE: requestPreservesOrderedMultipleFieldsAndLengthFraming (182019 ns)
    [ PASSED ] CASE: requestRejectsMissingDuplicateOrMismatchedHost (157083 ns)
    [ PASSED ] CASE: responseSerializesStatusAndUsesSharedFraming (101775 ns)
    [ PASSED ] CASE: responseRejectsInjectionAndForbiddenBodyFraming (98850 ns)
    [ PASSED ] CASE: writerHandlesPartialTransportWritesUnderOneContext (202841 ns)
    [ PASSED ] CASE: serializedBytesAreDefensiveCopies (110058 ns)
    TCS: Http1ServerConnectionTest, time elapsed: 10311291 ns, RESULT:
    [ PASSED ] CASE: serializesTwoKeepAliveExchanges (2585514 ns)
    [ PASSED ] CASE: unreadRequestBodyForcesConnectionCloseAfterResponse (925645 ns)
    [ PASSED ] CASE: handlerFailureProducesBounded500AndCloses (1545598 ns)
    [ PASSED ] CASE: rejectedHandoffReleasesSessionOwnershipExactlyOnce (2208627 ns)
    [ PASSED ] CASE: selectedUpgradeOfferTransfersBufferedSessionBytes (1417108 ns)
    TCS: Http1ServerRequestReaderTest, time elapsed: 20679300 ns, RESULT:
    [ PASSED ] CASE: streamsFixedRequestBodyWithoutReadingPastItsLength (620993 ns)
    [ PASSED ] CASE: rejectsOversizedFixedRequestBeforeReadingItsBody (940122 ns)
    [ PASSED ] CASE: decodesChunkedRequestAndPublishesTrailer (1240755 ns)
    [ PASSED ] CASE: sendsContinueOnlyWhenHandlerStartsReadingTheBody (15562542 ns)
    [ PASSED ] CASE: rejectingWithoutReadingNeverSendsContinue (769251 ns)
    TCS: Http1ServerTest, time elapsed: 28715839 ns, RESULT:
    [ PASSED ] CASE: shutdownAbortsConnectionBlockedInsideTlsHandshake (8024221 ns)
    [ PASSED ] CASE: acceptSideTlsHookOwnsConnectionAndClosesAfterShutdown (654179 ns)
    [ PASSED ] CASE: gracefulShutdownStopsAcceptAfterCompletedConnection (840541 ns)
    [ PASSED ] CASE: expiredShutdownAbortsBlockedConnectionAndReturnsBoundedly (7912948 ns)
    [ PASSED ] CASE: connectionLimitPreventsSecondAcceptUntilCapacityReturns (9903893 ns)
    TCS: Http1ServerResponseWriterTest, time elapsed: 4716103 ns, RESULT:
    [ PASSED ] CASE: writesFixedResponseThroughPartialTransportOperations (1146024 ns)
    [ PASSED ] CASE: streamsChunkedResponseAndTrailer (1200565 ns)
    [ PASSED ] CASE: chunkedStreamingResponseMayExceedThePerSegmentBodyBound (846800 ns)
    [ PASSED ] CASE: headResponseNeverTransfersRepresentationBytes (76209 ns)
    [ PASSED ] CASE: closeDelimitedResponseRequiresConnectionClose (244346 ns)
    [ PASSED ] CASE: rejectsKnownLengthMismatchBeforeCommittingHead (81174 ns)
    TCS: Http1SmugglingCorpusTest, time elapsed: 95890503 ns, RESULT:
    [ PASSED ] CASE: clientAndServerFramingRejectTheSameAmbiguousHeaderCorpus (3679070 ns)
    [ PASSED ] CASE: identicalLengthsAndOneFinalChunkedCodingRemainUnambiguous (1168635 ns)
    [ PASSED ] CASE: rejectsWhitespaceTargetAndProxyDifferentialCorpus (1204790 ns)
    [ PASSED ] CASE: rejectsMalformedChunkAndTrailerCorpusAtInputOrEof (255118 ns)
    [ PASSED ] CASE: everyAcceptedSingleByteMutationHasACanonicalReparse (81625717 ns)
    [ PASSED ] CASE: chunkedMutationsHaveDeterministicBoundedTerminals (2222499 ns)
    [ PASSED ] CASE: validHeadParsesAtEveryTransportSplitBoundary (4159101 ns)
    TCS: Http1HttpsClientTest, time elapsed: 2512766 ns, RESULT:
    [ PASSED ] CASE: partitionsHandshakesAndReusesHttpsAfterBodyCompletion (1318533 ns)
    [ PASSED ] CASE: zeroLengthConnectionCloseDoesNotWaitForTlsPeerShutdown (816015 ns)
    TCS: Http1TlsServerTest, time elapsed: 124864876 ns, RESULT:
    [ PASSED ] CASE: alpnServerRejectsAClientWithNoSharedHttpProtocol (55336825 ns)
    [ PASSED ] CASE: automaticClientOffersH2FirstAndFallsBackToServerHttp11 (21103175 ns)
    [ PASSED ] CASE: requiredMutualTlsCarriesAuthenticatedHttp1Exchange (22409883 ns)
    [ PASSED ] CASE: realAwsLcHandshakeCarriesOneHttp1Exchange (24758485 ns)
Summary: TOTAL: 122
    PASSED: 119, SKIPPED: 3, ERROR: 0
    FAILED: 0
--------------------------------------------------------------------------------------------------
Project tests finished, time elapsed: 947949333 ns, RESULT:
TP: wirestack.*, time elapsed: 947850475 ns, RESULT:
    PASSED:
    TP: wirestack.internal.http1, time elapsed: 942498392 ns
Summary: TOTAL: 122
    PASSED: 119, SKIPPED: 3, ERROR: 0
    FAILED: 0
--------------------------------------------------------------------------------------------------
cjpm test success
