[33mwarning[0m: unused import 'wirestack.internal.http_model.*'
 [36m==>[0m <repo-root>/build/m8-008/red-20260909T172645Z/green-repo/src/internal/http2/stream_reset_test.cj:7:1:
  [36m| [0m
[36m7[0m [36m| [0mimport wirestack.internal.http_model.*[0m
  [36m| [0m[33m^^^^^^^^^^^^^^^^^^^^^^^^^^^^^^^^^^^^^^ unused import[0m
  [36m| [0m
  [36m#[0m [0mnote[0m: this warning can be suppressed by setting the compiler option `-Woff unused`

1 warning generated, 1 warning printed.
[33mwarning[0m: unused expression
   [36m| [0m
   [36m| [0m/* 10.29 */                    None < TlsProviderException >[0m
   [36m| [0m                               [33m^^^^^^^^^^^^^^^^^^^^^^^^^^^^^ unused expression[0m
   [36m| [0m
   [36m#[0m [0mnote[0m: this warning can be suppressed by setting the compiler option `-Woff unused`
[34mnote[0m: the code after the macro is expanded as follows
    [36m| [0m
    [36m| [0m  /* 10.1 */@Attribute[TEST_GENERATED] class TlsProviderSubstitutionTest <: TestClass {[0m
    [36m| [0m [34m_[0m[34m^[0m
    [36m| [0m[34m|[0m /* 10.2 */    @Attribute[TestCase_64][0m
    [36m| [0m[34m|[0m /* 10.3 */    func testProviderUsesTheProductionFactoryContract(): Unit {[0m
    [36m| [0m[34m|[0m /* 10.4 */        let provider = TestTlsProviderFactory("test-one").create()[0m
    [36m| [0m[34m|[0m /* 10.5 */        try {[0m
    [36m| [0m[34m|[0m /* 10.6 */            expectEqual("provider.manifest().providerId", "\"wirestack-test\"", provider.manifest().providerId, "wirestack-test", isDelta: false)[0m
    [36m| [0m[34m|[0m /* 10.7 */            expectEqual("provider.manifest().fingerprint", "\"test-one\"", provider.manifest().fingerprint, "test-one", isDelta: false)[0m
    [36m| [0m[34m|[0m /* 10.8 */            expectEqual("provider.capabilities().supports(TlsCapability.Tls13)", "true", provider.capabilities().supports(TlsCapability.Tls13), true, isDelta: false)[0m
    [36m| [0m[34m|[0m /* 10.9 */            let context = TlsClientContext.builder(provider.manifest(), provider.capabilities()).trust(TrustPolicy.customRoots(CertificateChain([DerCertificate(tlsTestCertificateDer())]))).build()[0m
    [36m| [0m[34m|[0m /* 10.10 */            let engine = provider.createClientEngine(context, ReferenceIdentity.Dns(HostName("example.com")), serverName: None < HostName >)[0m
    [36m| [0m[34m|[0m /* 10.11 */            expectEqual("isComplete(engine.handshakeStep())", "true", isComplete(engine.handshakeStep()), true, isDelta: false)[0m
    [36m| [0m[34m|[0m /* 10.12 */            engine.close()[0m
    [36m| [0m[34m|[0m /* 10.13 */        } finally {[0m
    [36m| [0m[34m|[0m /* 10.14 */            provider.close()[0m
    [36m| [0m[34m|[0m /* 10.15 */        }[0m
    [36m| [0m[34m|[0m /* 10.16 */    }[0m
    [36m| [0m[34m|[0m /* 10.17 */    [0m
    [36m| [0m[34m|[0m /* 10.18 */    @Attribute[TestCase_65][0m
    [36m| [0m[34m|[0m /* 10.19 */    func objectsFromDifferentProviderInstancesCannotMix(): Unit {[0m
    [36m| [0m[34m|[0m /* 10.20 */        let first = TestTlsProvider("first")[0m
    [36m| [0m[34m|[0m /* 10.21 */        let second = TestTlsProvider("second")[0m
    [36m| [0m[34m|[0m /* 10.22 */        try {[0m
    [36m| [0m[34m|[0m /* 10.23 */            let context = TlsClientContext.builder(first.manifest(), first.capabilities()).trust(TrustPolicy.customRoots(CertificateChain([DerCertificate(tlsTestCertificateDer())]))).build()[0m
    [36m| [0m[34m|[0m /* 10.24 */            try {[0m
    [36m| [0m[34m|[0m /* 10.25 */                try {[0m
    [36m| [0m[34m|[0m /* 10.26 */                    assertEqual("true", "true", true, true)[0m
    [36m| [0m[34m|[0m /* 10.27 */                    second.createClientEngine(context, ReferenceIdentity.Dns(HostName("example.com")), serverName: None < HostName >)[0m
    [36m| [0m[34m|[0m /* 10.28 */                    failExpect("@ExpectThrows: Expected 'TlsProviderException' was not caught.")[0m
    [36m| [0m[34m|[0m /* 10.29 */                    None < TlsProviderException >[0m
    [36m| [0m[34m|[0m /* 10.30 */                } catch(e: TlsProviderException) {[0m
    [36m| [0m[34m|[0m /* 10.31 */                    if(e is AssertException) {[0m
    [36m| [0m[34m|[0m /* 10.32 */                        throw e[0m
    [36m| [0m[34m|[0m /* 10.33 */                    }[0m
    [36m| [0m[34m|[0m /* 10.34 */                    if(e is AssertIntermediateException) {[0m
    [36m| [0m[34m|[0m /* 10.35 */                        throw e[0m
    [36m| [0m[34m|[0m /* 10.36 */                    }[0m
    [36m| [0m[34m|[0m /* 10.37 */                    if(e is UnittestTimeoutException) {[0m
    [36m| [0m[34m|[0m /* 10.38 */                        throw e[0m
    [36m| [0m[34m|[0m /* 10.39 */                    }[0m
    [36m| [0m[34m|[0m /* 10.40 */                    e[0m
    [36m| [0m[34m|[0m /* 10.41 */                }[0m
    [36m| [0m[34m|[0m /* 10.42 */            } catch(e: Exception) {[0m
    [36m| [0m[34m|[0m /* 10.43 */                if(e is AssertException || e is AssertIntermediateException || e is UnittestTimeoutException) {[0m
    [36m| [0m[34m|[0m /* 10.44 */                    throw e[0m
    [36m| [0m[34m|[0m /* 10.45 */                }[0m
    [36m| [0m[34m|[0m /* 10.46 */                expectCaughtUnexpectedE("@ExpectThrows(TlsProviderException)", "TlsProviderException", e.toString())[0m
    [36m| [0m[34m|[0m /* 10.47 */                None < TlsProviderException >[0m
    [36m| [0m[34m|[0m /* 10.48 */            }[0m
    [36m| [0m[34m|[0m /* 10.49 */        } finally {[0m
    [36m| [0m[34m|[0m /* 10.50 */            first.close()[0m
    [36m| [0m[34m|[0m /* 10.51 */            second.close()[0m
    [36m| [0m[34m|[0m /* 10.52 */        }[0m
    [36m| [0m[34m|[0m /* 10.53 */    }[0m
    [36m| [0m[34m|[0m /* 10.54 */    [0m
    [36m| [0m[34m|[0m /* 10.55 */    @Attribute[TestCase_66][0m
    [36m| [0m[34m|[0m /* 10.56 */    func activeEngineRetainsProviderUntilItCloses(): Unit {[0m
    [36m| [0m[34m|[0m /* 10.57 */        let provider = TestTlsProvider("lifetime")[0m
    [36m| [0m[34m|[0m /* 10.58 */        let engine = provider.createEngine(TlsEngineRole.Client, TlsSecurityPolicy.forProfile(TlsSecurityProfile.Modern))[0m
    [36m| [0m[34m|[0m /* 10.59 */        provider.close()[0m
    [36m| [0m[34m|[0m /* 10.60 */        expectEqual("provider.closeRequested()", "true", provider.closeRequested(), true, isDelta: false)[0m
    [36m| [0m[34m|[0m /* 10.61 */        expectEqual("! provider.resourcesReleased()", "true", ! provider.resourcesReleased(), true, isDelta: false)[0m
    [36m| [0m[34m|[0m /* 10.62 */        expectEqual("isComplete(engine.handshakeStep())", "true", isComplete(engine.handshakeStep()), true, isDelta: false)[0m
    [36m| [0m[34m|[0m /* 10.63 */        engine.close()[0m
    [36m| [0m[34m|[0m /* 10.64 */        expectEqual("provider.resourcesReleased()", "true", provider.resourcesReleased(), true, isDelta: false)[0m
    [36m| [0m[34m|[0m /* 10.65 */        engine.close()[0m
    [36m| [0m[34m|[0m /* 10.66 */        expectEqual("provider.resourcesReleased()", "true", provider.resourcesReleased(), true, isDelta: false)[0m
    [36m| [0m[34m|[0m /* 10.67 */    }[0m
    [36m| [0m[34m|[0m /* 10.68 */    [0m
    [36m| [0m[34m|[0m /* 10.69 */    init() {[0m
    [36m| [0m[34m|[0m /* 10.70 */    }[0m
    [36m| [0m[34m|[0m /* 10.71 */    private func classConfiguration(): Configuration {[0m
    [36m| [0m[34m|[0m /* 10.72 */        let configuration = Configuration()[0m
    [36m| [0m[34m|[0m /* 10.73 */        [0m
    [36m| [0m[34m|[0m /* 10.74 */        return configuration[0m
    [36m| [0m[34m|[0m /* 10.75 */    }[0m
    [36m| [0m[34m|[0m /* 10.76 */    public override func asTestSuite(): TestSuite {[0m
    [36m| [0m[34m|[0m /* 10.77 */        [0m
    [36m| [0m[34m|[0m /* 10.78 */        let suiteConfiguration = classConfiguration()[0m
    [36m| [0m[34m|[0m /* 10.79 */        let suiteBuilder = TestSuite.builder("TlsProviderSubstitutionTest").configure(suiteConfiguration)[0m
    [36m| [0m[34m|[0m /* 10.80 */        [0m
    [36m| [0m[34m|[0m /* 10.81 */        { => let caseConfig = Configuration()[0m
    [36m| [0m[34m|[0m /* 10.82 */            [0m
    [36m| [0m[34m|[0m /* 10.83 */            let testProviderUsesTheProductionFactoryContractTestFunc = { => testProviderUsesTheProductionFactoryContract();() }[0m
    [36m| [0m[34m|[0m /* 10.84 */            suiteBuilder.add([0m
    [36m| [0m[34m|[0m /* 10.85 */            UnitTestCase.create([0m
    [36m| [0m[34m|[0m /* 10.86 */            "testProviderUsesTheProductionFactoryContract",[0m
    [36m| [0m[34m|[0m /* 10.87 */            configuration: caseConfig,[0m
    [36m| [0m[34m|[0m /* 10.88 */            body: testProviderUsesTheProductionFactoryContractTestFunc[0m
    [36m| [0m[34m|[0m /* 10.89 */            )[0m
    [36m| [0m[34m|[0m /* 10.90 */            )[0m
    [36m| [0m[34m|[0m /* 10.91 */            [0m
    [36m| [0m[34m|[0m /* 10.92 */        }()[0m
    [36m| [0m[34m|[0m /* 10.93 */        [0m
    [36m| [0m[34m|[0m /* 10.94 */        [0m
    [36m| [0m[34m|[0m /* 10.95 */        { => let caseConfig = Configuration()[0m
    [36m| [0m[34m|[0m /* 10.96 */            [0m
    [36m| [0m[34m|[0m /* 10.97 */            let objectsFromDifferentProviderInstancesCannotMixTestFunc = { => objectsFromDifferentProviderInstancesCannotMix();() }[0m
    [36m| [0m[34m|[0m /* 10.98 */            suiteBuilder.add([0m
    [36m| [0m[34m|[0m /* 10.99 */            UnitTestCase.create([0m
    [36m| [0m[34m|[0m /* 10.100 */            "objectsFromDifferentProviderInstancesCannotMix",[0m
    [36m| [0m[34m|[0m /* 10.101 */            configuration: caseConfig,[0m
    [36m| [0m[34m|[0m /* 10.102 */            body: objectsFromDifferentProviderInstancesCannotMixTestFunc[0m
    [36m| [0m[34m|[0m /* 10.103 */            )[0m
    [36m| [0m[34m|[0m /* 10.104 */            )[0m
    [36m| [0m[34m|[0m /* 10.105 */            [0m
    [36m| [0m[34m|[0m /* 10.106 */        }()[0m
    [36m| [0m[34m|[0m /* 10.107 */        [0m
    [36m| [0m[34m|[0m /* 10.108 */        [0m
    [36m| [0m[34m|[0m /* 10.109 */        { => let caseConfig = Configuration()[0m
    [36m| [0m[34m|[0m /* 10.110 */            [0m
    [36m| [0m[34m|[0m /* 10.111 */            let activeEngineRetainsProviderUntilItClosesTestFunc = { => activeEngineRetainsProviderUntilItCloses();() }[0m
    [36m| [0m[34m|[0m /* 10.112 */            suiteBuilder.add([0m
    [36m| [0m[34m|[0m /* 10.113 */            UnitTestCase.create([0m
    [36m| [0m[34m|[0m /* 10.114 */            "activeEngineRetainsProviderUntilItCloses",[0m
    [36m| [0m[34m|[0m /* 10.115 */            configuration: caseConfig,[0m
    [36m| [0m[34m|[0m /* 10.116 */            body: activeEngineRetainsProviderUntilItClosesTestFunc[0m
    [36m| [0m[34m|[0m /* 10.117 */            )[0m
    [36m| [0m[34m|[0m /* 10.118 */            )[0m
    [36m| [0m[34m|[0m /* 10.119 */            [0m
    [36m| [0m[34m|[0m /* 10.120 */        }()[0m
    [36m| [0m[34m|[0m /* 10.121 */        [0m
    [36m| [0m[34m|[0m /* 10.122 */        return suiteBuilder.build()[0m
    [36m| [0m[34m|[0m /* 10.123 */    }[0m
    [36m| [0m[34m|[0m /* 10.124 */    private func inheritedFromClassAnnotatedByTestTemplate < T >(): TestSuite where T <: TestClass {[0m
    [36m| [0m[34m|[0m /* 10.125 */        throw Exception("Unreachable code")[0m
    [36m| [0m[34m|[0m /* 10.126 */    }[0m
    [36m| [0m[34m|[0m /* 10.127 */}[0m
    [36m| [0m[34m|[0m /* 10.128 */[0m
    [36m| [0m[34m|[0m /* 10.129 */[0m
    [36m| [0m[34m|[0m /* 10.130 */interface TestPackageExtension_TlsProviderSubstitutionTest {[0m
    [36m| [0m[34m|[0m /* 10.131 */    func registerTlsProviderSubstitutionTest(): Unit[0m
    [36m| [0m[34m|[0m /* 10.132 */}[0m
    [36m| [0m[34m|[0m /* 10.133 */extend TestPackage <: TestPackageExtension_TlsProviderSubstitutionTest {[0m
    [36m| [0m[34m|[0m /* 10.134 */    @Attribute[TEST_REGISTER][0m
    [36m| [0m[34m|[0m /* 10.135 */    public func registerTlsProviderSubstitutionTest() {[0m
    [36m| [0m[34m|[0m /* 10.136 */        registerSuite({ => TlsProviderSubstitutionTest().asTestSuite() })[0m
    [36m| [0m[34m|[0m /* 10.137 */    }[0m
    [36m| [0m[34m|[0m /* 10.138 */}[0m
    [36m| [0m[34m|[0m /* 10.139 */[0m
    [36m| [0m[34m|[0m[34m_[0m[34m___________^[0m
    [36m| [0m
[34mnote[0m: the warning occurs after the macro is expanded
  [36m==>[0m <repo-root>/build/m8-008/red-20260909T172645Z/green-repo/src/internal/tls_engine/provider_test.cj:10:1:
   [36m| [0m
[36m10[0m [36m| [0m  @Test[0m
   [36m| [0m [34m_[0m[34m^[0m
[36m11[0m [36m| [0m[34m|[0m class TlsProviderSubstitutionTest {[0m
   [36m| [0m[34m|[0m ...[0m
[36m79[0m [36m| [0m[34m|[0m }[0m
   [36m| [0m[34m|[0m[34m_[0m[34m^[0m
   [36m| [0m

[33mwarning[0m: unreachable block in 'if' expression
   [36m| [0m
   [36m| [0m  /* 10.31 */                    if(e is AssertException) {[0m
   [36m| [0m [33m_[0m[33m________________________________________________________^[0m
   [36m| [0m[33m|[0m /* 10.32 */                        throw e[0m
   [36m| [0m[33m|[0m /* 10.33 */                    }[0m
   [36m| [0m[33m|[0m[33m_[0m[33m_______________________________^ unreachable block in 'if' expression[0m
   [36m| [0m
   [36m#[0m [0mnote[0m: this warning can be suppressed by setting the compiler option `-Woff unused`
[34mnote[0m: the warning occurs after the macro is expanded
  [36m==>[0m <repo-root>/build/m8-008/red-20260909T172645Z/green-repo/src/internal/tls_engine/provider_test.cj:10:1:
   [36m| [0m
[36m10[0m [36m| [0m  @Test[0m
   [36m| [0m [34m_[0m[34m^[0m
[36m11[0m [36m| [0m[34m|[0m class TlsProviderSubstitutionTest {[0m
   [36m| [0m[34m|[0m ...[0m
[36m79[0m [36m| [0m[34m|[0m }[0m
   [36m| [0m[34m|[0m[34m_[0m[34m^[0m
   [36m| [0m

[33mwarning[0m: unreachable block in 'if' expression
   [36m| [0m
   [36m| [0m  /* 10.34 */                    if(e is AssertIntermediateException) {[0m
   [36m| [0m [33m_[0m[33m____________________________________________________________________^[0m
   [36m| [0m[33m|[0m /* 10.35 */                        throw e[0m
   [36m| [0m[33m|[0m /* 10.36 */                    }[0m
   [36m| [0m[33m|[0m[33m_[0m[33m_______________________________^ unreachable block in 'if' expression[0m
   [36m| [0m
   [36m#[0m [0mnote[0m: this warning can be suppressed by setting the compiler option `-Woff unused`
[34mnote[0m: the warning occurs after the macro is expanded
  [36m==>[0m <repo-root>/build/m8-008/red-20260909T172645Z/green-repo/src/internal/tls_engine/provider_test.cj:10:1:
   [36m| [0m
[36m10[0m [36m| [0m  @Test[0m
   [36m| [0m [34m_[0m[34m^[0m
[36m11[0m [36m| [0m[34m|[0m class TlsProviderSubstitutionTest {[0m
   [36m| [0m[34m|[0m ...[0m
[36m79[0m [36m| [0m[34m|[0m }[0m
   [36m| [0m[34m|[0m[34m_[0m[34m^[0m
   [36m| [0m

[33mwarning[0m: unreachable block in 'if' expression
   [36m| [0m
   [36m| [0m  /* 10.37 */                    if(e is UnittestTimeoutException) {[0m
   [36m| [0m [33m_[0m[33m_________________________________________________________________^[0m
   [36m| [0m[33m|[0m /* 10.38 */                        throw e[0m
   [36m| [0m[33m|[0m /* 10.39 */                    }[0m
   [36m| [0m[33m|[0m[33m_[0m[33m_______________________________^ unreachable block in 'if' expression[0m
   [36m| [0m
   [36m#[0m [0mnote[0m: this warning can be suppressed by setting the compiler option `-Woff unused`
[34mnote[0m: the warning occurs after the macro is expanded
  [36m==>[0m <repo-root>/build/m8-008/red-20260909T172645Z/green-repo/src/internal/tls_engine/provider_test.cj:10:1:
   [36m| [0m
[36m10[0m [36m| [0m  @Test[0m
   [36m| [0m [34m_[0m[34m^[0m
[36m11[0m [36m| [0m[34m|[0m class TlsProviderSubstitutionTest {[0m
   [36m| [0m[34m|[0m ...[0m
[36m79[0m [36m| [0m[34m|[0m }[0m
   [36m| [0m[34m|[0m[34m_[0m[34m^[0m
   [36m| [0m

[33mwarning[0m: unused expression
   [36m| [0m
   [36m| [0m/* 10.47 */                None < TlsProviderException >[0m
   [36m| [0m                           [33m^^^^^^^^^^^^^^^^^^^^^^^^^^^^^ unused expression[0m
   [36m| [0m
   [36m#[0m [0mnote[0m: this warning can be suppressed by setting the compiler option `-Woff unused`
[34mnote[0m: the warning occurs after the macro is expanded
  [36m==>[0m <repo-root>/build/m8-008/red-20260909T172645Z/green-repo/src/internal/tls_engine/provider_test.cj:10:1:
   [36m| [0m
[36m10[0m [36m| [0m  @Test[0m
   [36m| [0m [34m_[0m[34m^[0m
[36m11[0m [36m| [0m[34m|[0m class TlsProviderSubstitutionTest {[0m
   [36m| [0m[34m|[0m ...[0m
[36m79[0m [36m| [0m[34m|[0m }[0m
   [36m| [0m[34m|[0m[34m_[0m[34m^[0m
   [36m| [0m

[33mwarning[0m: unused variable:'serverName'
   [36m==>[0m <repo-root>/build/m8-008/red-20260909T172645Z/green-repo/src/internal/tls_engine/provider_test.cj:141:9:
    [36m| [0m
[36m141[0m [36m| [0m        serverName!: ?HostName[0m
    [36m| [0m        [33m^^^^^^^^^^ unused variable[0m
    [36m| [0m
    [36m#[0m [0mnote[0m: this warning can be suppressed by setting the compiler option `-Woff unused`

[33mwarning[0m: unused function:'containsAscii'
   [36m==>[0m <repo-root>/build/m8-008/red-20260909T172645Z/green-repo/src/internal/tls_engine/engine_pump_test.cj:896:1:
    [36m| [0m
[36m896[0m [36m| [0m  private func containsAscii(buffer: Array<Byte>, length: Int64, needle: String): Bool {[0m
    [36m| [0m [33m_[0m[33m^[0m
[36m897[0m [36m| [0m[33m|[0m     let bytes = needle.toArray()[0m
    [36m| [0m[33m|[0m ...[0m
[36m910[0m [36m| [0m[33m|[0m }[0m
    [36m| [0m[33m|[0m[33m_[0m[33m^ unused function[0m
    [36m| [0m
    [36m#[0m [0mnote[0m: this warning can be suppressed by setting the compiler option `-Woff unused`

7 warnings generated, 7 warnings printed.
--------------------------------------------------------------------------------------------------
TP: wirestack.internal.http1, time elapsed: 1691136126 ns, RESULT:
    TCS: HttpAutomaticHttpsClientTest, time elapsed: 7701074 ns, RESULT:
    [ PASSED ] CASE: h2NegotiationMultiplexesTenRequestsOnOneTlsConnection (3972049 ns)
    [ PASSED ] CASE: http11NegotiationFallsBackAndReusesTheAdoptedConnection (2734624 ns)
    TCS: Http1ChunkedCodecTest, time elapsed: 2348242 ns, RESULT:
    [ PASSED ] CASE: decoderStreamsDataExtensionsTrailersAndRemainder (130923 ns)
    [ PASSED ] CASE: decoderHandlesEveryBoundaryOneByteAtATime (88116 ns)
    [ PASSED ] CASE: encoderProducesCanonicalChunksAndBoundedTrailers (95788 ns)
    [ PASSED ] CASE: rejectsInvalidSizeExtensionAndTerminators (99902 ns)
    [ PASSED ] CASE: enforcesBodyChunkLineAndTrailerBounds (95059 ns)
    [ PASSED ] CASE: streamingResponseKeepsEachChunkBoundedWithoutALifetimeCeiling (169697 ns)
    [ PASSED ] CASE: rejectsForbiddenOrFoldedTrailers (106079 ns)
    [ PASSED ] CASE: eofAndPostCompletionUseFailClosedStates (81684 ns)
    [ PASSED ] CASE: decodeBatchesOwnDataAndRemainingBytes (59027 ns)
    TCS: Http1ClientConnectionTest, time elapsed: 22343679 ns, RESULT:
    [ PASSED ] CASE: expectContinueWaitsForApprovalBeforeOpeningBody (1429172 ns)
    [ PASSED ] CASE: finalRejectionBeforeContinueNeverOpensRequestBody (577869 ns)
    [ PASSED ] CASE: continueWaitTimeoutSendsBodyUnderTheOriginalBudget (17366114 ns)
    [ PASSED ] CASE: serializesRequestsUntilBodyEofThenReusesConnection (1134933 ns)
    [ PASSED ] CASE: earlyBodyCloseClosesInsteadOfReturningConnectionForReuse (450344 ns)
    [ PASSED ] CASE: connectionCloseResponseIsNeverReusableAfterEof (453012 ns)
    TCS: Http1CleartextClientTest, time elapsed: 2290536 ns, RESULT:
    [ PASSED ] CASE: resolvesConnectsAndReusesOnlyAfterBodyCompletion (1818176 ns)
    [ PASSED ] CASE: rejectsHttpsBeforeDnsOrPoolMutation (99088 ns)
    TCS: Http1ConnectionPoolTest, time elapsed: 2563383 ns, RESULT:
    [ PASSED ] CASE: emitsSecretFreeAcquireAndReleaseLifecycle (264045 ns)
    [ PASSED ] CASE: reusesOnlyTheSameCompleteKey (232495 ns)
    [ PASSED ] CASE: enforcesTotalPerKeyIdleAndWaiterBounds (459776 ns)
    [ PASSED ] CASE: activeWaitHonorsCancellationAndReleasesWaiterSlot (253086 ns)
    [ PASSED ] CASE: evictsExpiredAndClosedConnectionsInsteadOfReusingThem (440593 ns)
    [ PASSED ] CASE: failedCreationRollsBackItsCapacityReservation (230933 ns)
    TCS: Http1HeadParserTest, time elapsed: 2047707 ns, RESULT:
    [ PASSED ] CASE: requestParsesIncrementallyAndReturnsBodyRemainder (163597 ns)
    [ PASSED ] CASE: oneFeedRetainsBytesAfterTheHead (73063 ns)
    [ PASSED ] CASE: responseParsesStatusReasonHeadersAndFraming (93697 ns)
    [ PASSED ] CASE: acceptsOriginAbsoluteAuthorityAndAsteriskFormsOnlyWhereValid (294484 ns)
    [ PASSED ] CASE: rejectsBareLfObsFoldAndInvalidHeaderSyntax (180271 ns)
    [ PASSED ] CASE: requiresOneValidHostAndMatchingAbsoluteAuthority (212839 ns)
    [ PASSED ] CASE: rejectsInvalidTargetVersionAndBoundViolations (116283 ns)
    [ PASSED ] CASE: completedParserCannotBeReused (69829 ns)
    TCS: Http2Streams1BenchmarkTest, time elapsed: 14753968 ns, RESULT:
    [ PASSED ] CASE: benchmarkOneConcurrentStream (14546103 ns)
    STDOUT:
    HTTP2_BENCH scenario=streams_1 concurrency=1 measuredRequests=20 durationNs=12339117 connections=1 maxPendingWrites=1 maxPendingWriteBytes=31 pendingWrites=1 pendingFlowPermits=0 flowControlStalls=0 checksum=92 latenciesNs=442582,463559,470359,782022,453121,460217,418398,467978,557527,531490,506300,988467,709344,552501,677850,632839,600670,1399210,515586,580624
    TCS: Http2Streams10BenchmarkTest, time elapsed: 120926486 ns, RESULT:
    [ PASSED ] CASE: benchmarkTenConcurrentStreams (120689385 ns)
    STDOUT:
    HTTP2_BENCH scenario=streams_10 concurrency=10 measuredRequests=200 durationNs=112834609 connections=1 maxPendingWrites=4 maxPendingWriteBytes=86 pendingWrites=0 pendingFlowPermits=0 flowControlStalls=0 checksum=920 latenciesNs=9506833,9510754,9478018,9420905,9182186,9059487,9261591,9057298,9215627,9312271,9734617,9792651,9757379,9670025,9407080,9544509,9509274,9405528,9269327,9535534,7437590,6830681,6640188,7390904,6674282,6750344,7280620,6799221,6996063,6971003,6294803,6182941,5960649,5559244,5910706,6122054,5748793,6023337,5898819,6244452,3213831,3193264,3036188,2976568,2865058,2934862,3140725,2818594,3003445,3146268,2560594,2400762,2266904,2341926,2217261,2578632,2174073,2531953,1985911,2623585,2872229,2695647,2753833,2431099,2817811,2441370,2762595,2581983,2377427,2645868,5298207,5249828,5188648,5068823,5114175,4844933,4948297,4913980,4450452,5019952,4433553,4495706,4232835,3768763,4297663,3697187,4354852,4162578,4021123,4100717,3837385,3543050,3781854,3718738,3511720,3477881,3684821,3427787,3635129,3805102,4977886,4571675,4965199,4951636,4865912,4881501,4776706,4769221,4533764,4758766,5216559,5293028,5112306,5142731,4864493,4677398,4980017,4791303,4928396,5261070,3854746,3802728,3710084,3777382,3737042,3703894,3666163,3487420,3417514,3441486,4187438,3984518,4031316,3919578,3684621,3723236,3429414,3873112,3768322,4079377,8024416,7967333,7880130,7797985,7715598,7442989,7297836,7340870,7174485,6959328,4711350,4913831,4476033,4587383,4615670,4964214,4341584,4869116,4753593,4885014,6022492,6079184,5604876,5374327,5948548,5886369,5821458,5613783,5462311,5687134,7848504,7454324,7716230,7528600,7209173,7172151,7529518,7284573,7751224,7814357,5389348,5353015,5248756,5031608,4633514,4856740,5073599,4880097,5114558,5195633,6346050,5966725,5899086,5847238,5648159,6238850,5745701,6247270,6151220,6302371
    TCS: Http2Streams100BenchmarkTest, time elapsed: 1171881240 ns, RESULT:
    [ PASSED ] CASE: benchmarkHundredConcurrentStreams (1171593159 ns)
    STDOUT:
    HTTP2_BENCH scenario=streams_100 concurrency=100 measuredRequests=2000 durationNs=1053162231 connections=1 maxPendingWrites=7 maxPendingWriteBytes=131 pendingWrites=0 pendingFlowPermits=0 flowControlStalls=0 checksum=11000 latenciesNs=47411285,47456628,47227527,47305759,47120965,47046115,46560158,46975483,46474822,47510670,46911073,46702141,45591445,46334278,45885006,45957772,47332494,46777666,46399260,46033077,45538792,45452447,46272049,42314432,45569473,45425211,46889151,45859962,45723293,45341788,43723226,45158205,43207286,45624138,45144681,44938478,46622494,46136584,40251942,42212992,45199441,43668588,45254035,45019782,42893531,42627903,44956139,43521063,43209401,41785080,43082051,40958160,37721350,43333475,42728230,42435520,42851260,41973230,42911805,41187311,43260837,42443475,37288417,41327153,40464702,40618312,42268943,42132222,41388037,37410388,42388726,40087190,40551684,40205193,40356813,39952956,41804750,39820799,39550074,39440071,39249711,39150228,41492584,38963533,38889634,38748933,38629552,41177646,40921504,40548922,36879389,38261380,40324867,36503314,38403660,35797017,36344842,36130961,36504172,38522819,38200607,39032269,30460007,38925543,38932853,38790857,38696698,38610094,38521141,38433016,38244259,37244120,36918785,29030689,34820078,35517213,34840026,34028191,33468056,28620467,36287593,28960643,34001319,34417933,34108097,33965067,38289988,37681858,37265994,36679434,35973014,35465479,36484386,33159783,37978958,37480237,37360147,37022364,38162680,37599643,37849460,38079972,35953181,36856700,30149659,35187468,34758293,33398607,34144478,30236454,33106378,28001406,29031886,33570790,33150136,29791236,28881016,32788043,29399699,28732626,27594747,32660646,29852193,29130352,32635412,27417388,27926534,27487391,32628481,28056367,38009908,37527446,36764599,36394378,35826004,35289252,34625216,28655964,30340547,36205843,35720084,35293950,35094483,34638655,32920873,37106450,29292862,36114979,30471558,34986309,29592504,34322912,32574565,36591940,36009187,30289341,34310397,33496949,33785337,38367468,61599569,61570024,61552821,61489365,61137419,61326709,61515185,61447184,61371419,61284263,61197857,61254747,61073318,61189869,60826441,61008296,60669433,60164257,59627057,55848053,55062558,50307783,58225679,55377388,57378719,56140421,55900521,55608675,55888010,50462598,54331414,55270750,50613345,56778379,55601323,55784561,50699111,50539570,49359288,58610808,58089915,57624661,57050351,56559374,51724368,56271552,51385011,51291418,50815797,55628441,55209921,54659605,51850922,51548176,49527767,56655335,56414700,50932161,60903104,60480345,59896722,59107587,58441360,55815433,50315501,57475447,58059793,57293410,50747710,60333011,59807371,59086158,59718551,59289113,60229527,59223713,57305783,57954366,57761582,60856900,60454155,55517515,55328022,58727225,58412310,60075364,59439060,59083079,58897128,60648792,59997512,59509442,58786344,56405140,57279071,55610389,54455093,50166550,51103789,61419109,46329414,46088590,46348121,44876676,44403604,42760471,41751295,46315853,46151656,45897570,45848171,45551559,46259541,45984596,45598042,44720107,43271127,43913912,43322498,40337354,41202760,43680155,40505096,42324379,46238543,45933439,45181269,37971131,44326120,43813724,43190210,40963477,39971762,38195414,38037450,37369202,37901408,41674730,35187680,46230320,46023522,45691931,45028705,44140856,40507339,43118855,41506897,41618341,40463416,37082509,35954929,40391003,40939778,45870717,45871022,45440260,44624783,44064087,43707953,40672893,41968429,40101932,41878438,37655523,37484123,36952814,36644062,40647654,41072883,36477064,40787547,36819284,35745387,36293169,36005545,36150136,40642024,45410142,45318930,45199349,44756571,43566525,40754062,42859355,44557695,44208004,43395319,40396616,36339942,44945758,35707424,42885720,43124932,42792312,42433838,42184729,37777311,42077285,41968362,46129731,45849147,45752334,45375960,45802722,45620957,45431426,45179630,44692300,44320479,43886099,37052820,43273806,42517073,42190444,41753080,39398045,45563896,45161885,44927196,44589055,44128291,43477902,43110509,42739462,40083652,41767372,41459919,40273203,45657156,45323173,44999148,44748082,35287693,44063987,43295638,42819386,42069785,41153702,41045912,39572138,37146473,45287777,45085300,44831991,44655382,43985362,43570411,38557069,37372164,42309864,40388738,41013017,37932484,39471177,34789449,39046586,38838340,38471165,39811790,37916551,38738294,44668566,44659746,43791708,43379031,43006412,42639051,42379870,41980301,41545794,40835776,38131546,37334273,36806730,38172844,37916426,34292690,37812589,34486266,39213775,36556645,44212281,43661741,42920725,41972798,39924101,36379016,41267982,37768742,38581274,37517708,37216789,38561829,36295079,35995868,38033538,37087203,36454056,35871092,40763624,48908243,37614646,48781664,48083792,47396381,46946849,47185794,48364946,47911633,41335897,47111681,43495584,48820676,48708239,47856824,47330307,47041806,48196856,47477919,40553086,48645443,48140111,47651169,38438739,46273275,46089137,42323631,43807027,43342807,41651203,41046961,40159706,42967875,37477366,40790989,37285338,39244818,41406793,40411017,39641633,42298434,36771085,48577618,48247176,47564441,46366390,46381622,40796445,44443993,40239806,43445469,44375361,42215573,43245261,39436585,45804851,44263100,42366402,41533166,40684557,36528766,39513131,48513347,47960613,46476266,45922726,42487318,43890709,39338201,41895701,41167160,40016693,39375248,42617016,36897700,37634996,42170932,42368868,37747741,47773020,47263202,46665191,46831229,38150246,44162947,43831994,40946595,37173731,45824828,44165562,42981214,46654770,46030851,45654014,43989561,43576583,42466744,41301042,41787390,48422815,43531843,43025026,43177490,42733812,39730501,43241701,42800396,42361855,36648381,34210800,43454147,43082110,42661937,42122893,41850196,41709370,41455878,41025944,33745929,39972599,39686850,39354594,38920577,38263753,38067890,34467010,41275220,40464025,40055433,39809116,35092191,38720679,35571175,43386268,42513907,42221475,34129562,36244728,41635122,40714267,40809983,35560698,31618539,39069400,32755404,33823970,41193310,40232465,39501052,34937976,35362750,37764941,35344801,36139427,42734681,43001388,42494439,42025980,41454757,34181272,40703253,39704527,39171436,34835742,36426119,35650279,34230876,36071356,33807026,32738799,31076589,32866290,31218198,35861278,32449281,42936530,42282401,41945076,41236857,41528053,40892718,40368601,34833199,35264042,39269575,38626684,38461024,37831557,35018349,38343290,33957134,40498718,40112954,38049350,32753501,34109905,33961488,35554096,35740452,43321479,46589277,46652089,46495722,46362519,45709154,44927443,43384146,42738626,41803990,42027769,41238650,40865427,39665892,40468611,39873064,39570463,39434899,38122558,39973096,36977459,38393260,37430295,35678084,37481080,40352581,35983580,36668259,45996015,45926188,45344637,42980096,42382941,42335969,41828291,37501983,39611079,41290070,41072878,38893886,40235318,45258833,44703605,44772841,42531883,36328288,39591475,43204446,44508443,42291204,39678738,38811184,46296864,45513387,45006914,44621327,42969197,38715735,41937098,41064117,39035288,38773324,38091009,36430251,37188207,38118774,43116946,39574350,37704815,39488213,40700372,39707540,36753219,36533932,35693979,36410607,46224923,44512359,45184551,43139961,42755157,39881657,38982185,41701375,41386312,36661546,41528981,40693667,46154316,45606117,44447933,44422661,42540817,40470463,46060908,45424972,45018613,45280917,45846327,45782764,46435667,79064506,79121815,79017518,78946019,78829797,78751215,78694827,77590988,77739775,77145148,77004040,78212882,77665000,75975461,71112819,78593508,77987087,77019282,68524862,75322209,78516405,77928472,78062456,77282288,78873159,78298118,77653641,75222916,75744619,75201880,74482442,73556666,74001115,78354231,77833650,77127208,75732427,75578180,74883981,74649360,78484669,77900692,77364297,75885244,75397538,71077201,74094373,74799890,72952174,71383595,73698465,73343512,72086768,72946823,72761613,74670171,74159168,70458947,71604011,71805917,73217664,71240853,70370360,67761255,77507985,75567063,75157068,74630681,74262283,74051593,68720557,71477152,70842461,72495552,71580622,67991937,70027908,71704826,71163545,72080341,72126532,73588976,73001014,70491135,73507210,71330689,70958634,70235010,67410322,72001524,67897734,67502592,71723990,72460575,72259757,68177009,66996353,71591084,67781529,78131337,45252544,45294840,45202833,44840032,43857873,43622584,42127944,38539117,39295139,45094564,44464420,44104673,42722929,41924393,41453968,40834023,35505227,39438622,35541964,36550860,39247327,45130113,44972305,44308443,44512964,43995002,44354552,42838250,44561410,43844407,42276712,41551174,40671983,40081210,44769761,44643199,44691616,43921492,42576148,38057496,38401103,39189382,40145929,37688631,37363435,42466947,41824536,41333115,39011600,39390518,38334763,44091672,42641832,42002086,40532957,39922800,38158939,35412126,36621087,35635100,41615632,41026142,39266351,37335304,35180273,35138530,36324002,44284749,43684817,42380310,41730802,41251553,38884820,40337358,38629295,38553135,37595678,42178579,41179169,40455730,39215874,38423845,37066507,36462770,36458262,37599626,36164335,40950755,38075843,39780258,35283625,34789669,35494651,40748551,39357650,39692574,37200214,36803084,39344542,44913782,49191531,49159738,49165166,49110821,48903283,48556564,47895995,47396468,46945251,42588253,40372850,45530836,42661049,41559488,43480894,49015624,49002473,48620981,48234940,41145385,46804567,46430979,45982451,45579547,45078956,41259610,41087579,42974387,43240659,40689426,42745761,40148887,48678624,48278416,43394510,43775511,46324617,45932983,42030978,42762914,41694265,40982744,40872204,40445466,40246962,40016193,38299311,42705999,48954277,48883071,48789913,48396350,47961503,47200936,42422695,39008476,48502771,48059888,47466139,45717149,42349693,42682681,40836452,41485324,47599126,47044141,46528488,46180447,45734423,43160051,38648103,45787393,42545700,43736136,48874329,48802922,48570777,48205232,47604689,47121066,46614142,48450045,47722830,46686078,46077096,41659454,45201633,48694855,48357572,47804566,47309609,46859552,46317345,43856906,43641649,42343462,45242815,45399471,41315338,49054907,57744354,53557243,57477297,57184769,57245293,56787141,57402294,56908492,56701589,54256417,56043182,55527065,54987778,47666880,54004567,56581907,56223717,51169326,55598150,55165711,51555908,57661800,57079475,52706651,52334227,55825197,55291673,54900176,54503915,51509581,48772572,52804956,51083458,55730445,50964447,54815234,54233858,48723082,47340624,51584945,57603922,57487777,56962980,49464315,56326330,55881055,55093437,54713360,54305381,53430317,57017444,56426626,56043564,55350366,54606689,54111882,53699213,53335703,52824209,52654545,56507596,56137215,55450465,51802523,54409696,53905354,53478212,53221759,52919707,52333790,52443104,52165135,48049507,49972019,51926737,47506894,50295020,49891566,47610014,47365406,51522799,46982008,51270479,53558852,52329977,53115361,50851884,50156794,47806193,47229163,46683786,46160748,48480499,48171056,52933546,50724105,53047577,50982075,50607438,57542051,43454392,43274171,43486781,39365272,39024974,33804110,43421473,43245342,42926107,42616497,42253856,40594001,37964892,38670792,43386675,43151843,42832715,42641304,42314378,40830472,40509584,40075741,39625006,37696469,37519163,36813395,36391197,36136074,36004783,35679984,34329714,43223385,42885057,42377821,39435211,39754898,40229290,39961088,39553162,43104879,42790386,42562846,42272103,42022919,40694829,40278135,43108556,42997909,42692434,42444941,42146868,41865219,38122793,39765923,34586291,37579406,33843352,39144340,38793301,38672155,34117432,38148434,38401667,33906258,35888379,36970689,38140526,35768420,33268535,33720677,35422528,35560059,35290132,43198877,42858911,42521751,42075692,41787594,34754340,36912336,39430570,37582899,38046060,36525856,36272837,39278253,43141693,42742840,42510126,38515703,38022722,38417834,34634135,38856836,37249914,42188028,41927780,40471354,39843652,43336109,60420774,58381830,57928192,57441635,56708153,52607544,60365995,60072092,59365524,58776608,57670539,60004186,59555069,58929119,58475092,60268512,59820381,59482396,58985499,58377175,57818845,56937458,56515394,49189956,51947198,53286016,53571654,55748459,55616940,55302309,56077282,55173039,52921029,50277072,50399624,48481076,49995973,56690422,56416414,56313827,51154153,52773833,53425389,53194604,50534170,52883195,51284836,52517346,51703879,52560955,60194445,59742831,59279263,58839721,57780579,56255396,52580211,55955769,56216337,52719115,51925242,51508110,51097205,53327505,50701030,49238892,52439407,51618422,52841510,51210313,60131294,59888307,59172706,58663454,58111099,54196936,59632901,59102696,58576279,50958682,57124048,52400284,59428037,58706988,58186815,55923165,52661748,55646965,53069928,59105287,49530064,58101543,57647891,57399602,57248289,56829569,52376408,57146750,52466419,59945314,76689335,76800417,76622593,76720702,76317967,75875228,76476331,76013856,76200627,76404953,76260927,75747308,75387305,74602245,73328576,72490079,70258864,65869109,71859584,70276147,67379491,67149479,71246766,70714448,69749668,70136922,71308912,70866885,70696559,65969568,70774566,66491267,75845495,75266716,74868983,74320177,73518591,72767237,72186621,66055060,67261206,70606048,66366061,65292959,65752933,66072443,70400661,71137055,66956031,70186947,70201594,70431913,66232452,66687985,76120867,75475747,74792845,74036585,73329718,72975353,72415664,70374940,73947918,73398813,71663049,71960959,75563114,72209384,74240750,73803834,72872572,70051972,67048157,69797818,70937848,65638765,70412002,75980426,75635589,75030928,74705133,73906669,70391423,73686155,74126791,73113291,72627005,67752023,76128466,75344482,75144605,74515720,72103416,70324882,72277190,74946420,74407925,71546256,72638956,76531179,47633491,47463481,45652784,47568780,47515946,45788190,47302061,47084666,46961318,47392395,46885393,47154247,47013269,46581118,45738623,44999612,44525778,44722008,39729674,37109985,38780355,41747675,37706759,37576617,41947067,37015967,35418208,41667976,43975116,42957754,38356239,42518756,41689704,37270579,37132761,36869062,44818911,44344110,37159104,41985062,43610531,39210052,43011569,42948691,39315640,38673044,37874587,42762933,39831583,43310832,38901234,42839492,35739585,41985515,38118300,42427817,46843573,46686580,46319707,45570050,45249426,39858494,36159960,43937971,43403241,43169312,37368498,43519571,42790048,44622850,38668298,44079410,39089969,38541351,38005689,35374171,42337058,42116052,46715982,43492673,46053417,45354090,45056391,44462703,46397489,46218268,45965735,46191561,45887416,46502991,45843306,45077911,45431194,39653197,42763252,44528314,44092758,43903805,37908756,47332343,48223111,48253492,48146871,48065703,47736174,47838785,47649627,46891384,46470554,47395679,46593105,47204337,47106118,46259079,40297586,43108433,44834115,45427187,47904544,47540655,46929397,44500658,45626501,45042295,44508216,47266825,46745643,46396250,45915605,44225853,45337758,48004850,47472107,45475207,46181427,45998003,43448323,44707490,43540770,44182232,41343107,43971514,37177193,41408753,42681480,47771128,47052509,46663562,46178671,44485960,44643600,44377029,45828632,45241531,41651838,45706943,45561510,44934618,40321045,38869392,43721604,43320038,40499002,39445152,38207804,41104598,40228078,40931261,40072668,43603518,41363912,39021228,42252168,41040457,41244667,40659600,41062395,42761131,43354359,43666404,38342610,43258126,39827463,39581027,39131395,37159348,36903783,38053158,36575084,36884781,38765943,43140954,43171549,38772370,38621566,37033814,40360585,39325309,38900829,41429086,54397205,54039989,54417301,54324870,54265710,54474864,54169893,51865197,53302700,54020249,53571346,53663758,53593549,53364303,52827199,52518594,52113952,51820388,49655309,49303668,48594449,48297798,44248186,44710285,48944100,49496915,46900955,45293687,44762193,45080066,44842882,44578906,50695345,50933814,52999849,53147154,45162783,51856143,51168453,50649450,49981983,44531428,48809929,48122095,47871560,47215780,44970555,43162858,43938437,44448012,50928319,48189377,43953700,47103441,45164861,53961911,53426266,53018877,52621518,52362069,51362960,50949263,50226980,52492591,51301067,50375589,50450245,53091467,52738342,52325579,50777581,49880319,49094136,49712374,51929195,50849545,50098096,53126226,53224570,52685752,52260395,52017092,51080022,50550930,49768586,49162393,44022238,48557941,47964813,47788008,47012260,47592823,45411961,48675835,43549500,47713657,47491690,44073186,47434799,54074964,65546580,65549109,65280965,65610098,65627381,65363419,65420393,65141128,65129877,64634352,64140793,63753790,55804697,54336379,62790097,62262236,57542813,57039570,60113118,53746347,61553304,60197322,61934356,56836191,64993027,64919017,61855579,54364750,63449813,64566169,64180476,63655359,64865980,64484916,64049281,61584615,64370580,63267514,55852124,62969954,64793702,64711050,64294203,63845125,63089049,63282642,61806223,62594231,62150418,61795847,56501403,55483398,57416920,62475693,61773098,54009261,56090938,63477765,63539502,62289791,57195700,62373921,60508073,57658164,57254800,56283735,59847671,57361001,56681379,60933123,61589660,64414014,63913248,55631220,61871668,62676610,61397348,56385729,60830769,56169180,55829325,59375710,59951719,59564018,53251704,60623075,60215361,55655635,55720026,55956442,55407502,60328197,60449205,55314914,54554997,53264228,53358622,59446081,54684724,65280046,44702087,44643270,44583440,44736704,44524543,44149737,43295567,43546456,44157482,44269372,36186380,44351963,44012355,43172316,42143226,41006990,37359595,41199409,37602219,40682816,40173696,39587139,38846292,38937519,35212497,35355538,34230959,34932798,34238232,34514079,35465499,35075650,35699876,39199445,43857218,43313436,42214495,41149979,42151518,36886119,40235943,37749999,37309244,36763423,36555417,36066965,39709182,41495986,41138552,39189215,37446602,40849506,35254625,37925460,37136081,44016941,43432586,42875965,41830720,41876443,41412566,39876293,37845634,37220646,36917027,36378305,35950663,36661803,40298377,37671276,40664779,40457317,39996121,34275157,39045950,36177611,35811357,44207025,43857682,43618051,42458367,42754787,42420469,43129771,42956168,42492862,42733826,42578171,43774373,43479859,35322419,42281060,41638251,41789961,41577025,34839260,40693563,35143750,38015600,44459651
    TCS: Http1HundredConnectionBaselineTest, time elapsed: 43912444 ns, RESULT:
    [ PASSED ] CASE: benchmarkHundredConcurrentConnections (43582953 ns)
    STDOUT:
    HTTP2_BASELINE protocol=http1 concurrency=100 requests=100 durationNs=7373285 connections=100 checksum=20000
    TCS: Http2ConnectionPoolTest, time elapsed: 2622591 ns, RESULT:
    [ PASSED ] CASE: alpnPrefersH2AndFallsBackOnlyToHttp11 (33156 ns)
    [ PASSED ] CASE: oneConnectionIsSharedUntilPeerStreamCapacityIsFull (307517 ns)
    [ PASSED ] CASE: concurrentFirstUseDoesNotCreateAConnectionStampede (795054 ns)
    [ PASSED ] CASE: newConnectionIsPublishedOnlyAfterItsFirstStreamIsAdmitted (84045 ns)
    [ PASSED ] CASE: completeSecurityKeyPreventsCrossContextReuse (110158 ns)
    [ PASSED ] CASE: drainingConnectionRetainsExistingStreamButReceivesNoNewLease (105175 ns)
    [ PASSED ] CASE: fullBoundedPoolHonorsOneCallerDeadline (85559 ns)
    [ PASSED ] CASE: poolCloseAbortsEverySharedConnectionExactlyOnce (51193 ns)
    TCS: Http1FramingTest, time elapsed: 1051904 ns, RESULT:
    [ PASSED ] CASE: requestUsesOneSharedEmptyLengthOrChunkedDecision (59734 ns)
    [ PASSED ] CASE: identicalContentLengthsAreAcceptedAcrossFieldsAndLists (29745 ns)
    [ PASSED ] CASE: conflictingOrInvalidContentLengthsAreRejected (98761 ns)
    [ PASSED ] CASE: contentLengthAndTransferEncodingNeverCoexist (42985 ns)
    [ PASSED ] CASE: ambiguousTransferEncodingIsRejected (92489 ns)
    [ PASSED ] CASE: responseHandlesHeadStatusesConnectAndCloseDelimiting (68818 ns)
    [ PASSED ] CASE: bodylessAndSuccessfulConnectResponsesRejectFramingFields (60252 ns)
    TCS: HttpConnectionPoolKeyTest, time elapsed: 339154 ns, RESULT:
    [ PASSED ] CASE: canonicalOriginProducesStableEqualityAndHash (15449 ns)
    [ PASSED ] CASE: everySecurityAndRouteDimensionPartitionsReuse (27960 ns)
    [ PASSED ] CASE: refusesIncompletePartitionIdentities (18215 ns)
    TCS: Http1ProxyClientPipelineTest, time elapsed: 6806674 ns, RESULT:
    [ PASSED ] CASE: dynamicConnectCredentialsNeverReuseAnAuthenticatedTunnel (4652749 ns)
    STDERR:
    An exception has occurred:
    NetworkException: peer closed before completing the HTTP/1 request head
    An exception has occurred:
    NetworkException: peer closed before completing the HTTP/1 request head
    [ PASSED ] CASE: rejectedConnectDrainsClosesAndReturnsStructuredNonRetryableFailure (1764386 ns)
    TCS: Http1RequestWriterTest, time elapsed: 3720468 ns, RESULT:
    [ PASSED ] CASE: twoStageWriterDoesNotOpenBodyBeforeExplicitCommit (748126 ns)
    [ PASSED ] CASE: writesFixedBodyThroughPartialTransportOperations (624497 ns)
    [ PASSED ] CASE: streamsUnknownLengthBodyAsCanonicalChunks (631484 ns)
    [ PASSED ] CASE: rejectsDeclaredMismatchBeforeWritingAnything (152112 ns)
    [ PASSED ] CASE: prematureBodyEofRetainsPartialCommitEvidence (581510 ns)
    STDERR:
    	 at wirestack.internal.http1::readHttp1ServerRequest(wirestack::DuplexTransport, wirestack::OperationContext, wirestack::HttpLimits, wirestack::ResponseBodyObserver, std.core::Option<...>)(<repo-root>/build/m8-008/red-20260909T172645Z/green-repo/src/internal/http1/server_reader.cj:52)
    	 at wirestack.internal.http1::serveHttp1Connection(wirestack::DuplexTransport, wirestack.internal.http1::Http1ServerHandler, wirestack::OperationContext, wirestack::HttpLimits, Int64)(<repo-root>/build/m8-008/red-20260909T172645Z/green-repo/src/internal/http1/server_connection.cj:56)
    	 at wirestack.internal.http1/test::ConnectPipelineTransportFactory::connect::lambda.0()(<repo-root>/build/m8-008/red-20260909T172645Z/green-repo/src/internal/http1/proxy_client_pipeline_test.cj:140)
    [ PASSED ] CASE: emptyFramingProbesSourceInsteadOfDroppingUnexpectedBytes (137996 ns)
    STDERR:
    	 at wirestack.internal.http1::readHttp1ServerRequest(wirestack::DuplexTransport, wirestack::OperationContext, wirestack::HttpLimits, wirestack::ResponseBodyObserver, std.core::Option<...>)(<repo-root>/build/m8-008/red-20260909T172645Z/green-repo/src/internal/http1/server_reader.cj:52)
    	 at wirestack.internal.http1::serveHttp1Connection(wirestack::DuplexTransport, wirestack.internal.http1::Http1ServerHandler, wirestack::OperationContext, wirestack::HttpLimits, Int64)(<repo-root>/build/m8-008/red-20260909T172645Z/green-repo/src/internal/http1/server_connection.cj:56)
    	 at wirestack.internal.http1/test::ConnectPipelineTransportFactory::connect::lambda.0()(<repo-root>/build/m8-008/red-20260909T172645Z/green-repo/src/internal/http1/proxy_client_pipeline_test.cj:140)
    TCS: Http1ResponseReaderTest, time elapsed: 6327352 ns, RESULT:
    [ PASSED ] CASE: explicitUpgradeTransfersOnlyAMatching101Protocol (440815 ns)
    [ PASSED ] CASE: mismatchedUpgradeResponseFailsClosed (431127 ns)
    [ PASSED ] CASE: explicitConnectTransfersBufferedTunnelBytesAndTransportOwnership (433272 ns)
    [ PASSED ] CASE: failedConnectRemainsAnHttpResponseAndClosesAfterBody (776692 ns)
    [ PASSED ] CASE: readsInterimAndFixedResponseWithoutBufferingTheBody (331347 ns)
    [ PASSED ] CASE: received4xxAnd5xxRemainHttpResponses (1039016 ns)
    [ PASSED ] CASE: decodesChunkedResponseAndPublishesTrailerAtEof (342510 ns)
    [ PASSED ] CASE: closeDelimitedBodyCompletesOnlyAtTransportEof (241486 ns)
    [ PASSED ] CASE: chunkedStreamingResponseMayExceedThePerSegmentBodyBound (295253 ns)
    [ PASSED ] CASE: prematureFixedBodyEofAbandonsResponseExactlyOnce (284190 ns)
    [ PASSED ] CASE: rejectsImplicitUpgradeAndConnectTransportTransfer (486723 ns)
    TCS: Http1SerializerTest, time elapsed: 1151057 ns, RESULT:
    [ PASSED ] CASE: clientRequestAddsHostAndUsesOriginForm (72098 ns)
    [ PASSED ] CASE: forwardProxyRequestUsesAbsoluteFormAndOriginHost (71607 ns)
    [ PASSED ] CASE: requestPreservesOrderedMultipleFieldsAndLengthFraming (61389 ns)
    [ PASSED ] CASE: requestRejectsMissingDuplicateOrMismatchedHost (56353 ns)
    [ PASSED ] CASE: responseSerializesStatusAndUsesSharedFraming (35343 ns)
    [ PASSED ] CASE: responseRejectsInjectionAndForbiddenBodyFraming (43580 ns)
    [ PASSED ] CASE: writerHandlesPartialTransportWritesUnderOneContext (90629 ns)
    [ PASSED ] CASE: serializedBytesAreDefensiveCopies (51902 ns)
    TCS: Http1ServerConnectionTest, time elapsed: 3899218 ns, RESULT:
    [ PASSED ] CASE: serializesTwoKeepAliveExchanges (2099133 ns)
    [ PASSED ] CASE: unreadRequestBodyForcesConnectionCloseAfterResponse (665584 ns)
    [ PASSED ] CASE: handlerFailureProducesBounded500AndCloses (670301 ns)
    TCS: Http1ServerRequestReaderTest, time elapsed: 15618630 ns, RESULT:
    [ PASSED ] CASE: streamsFixedRequestBodyWithoutReadingPastItsLength (1072929 ns)
    [ PASSED ] CASE: decodesChunkedRequestAndPublishesTrailer (1194717 ns)
    [ PASSED ] CASE: sendsContinueOnlyWhenHandlerStartsReadingTheBody (12276555 ns)
    [ PASSED ] CASE: rejectingWithoutReadingNeverSendsContinue (456707 ns)
    TCS: Http1ServerTest, time elapsed: 29288897 ns, RESULT:
    [ PASSED ] CASE: shutdownAbortsConnectionBlockedInsideTlsHandshake (8929138 ns)
    [ PASSED ] CASE: acceptSideTlsHookOwnsConnectionAndClosesAfterShutdown (778967 ns)
    [ PASSED ] CASE: gracefulShutdownStopsAcceptAfterCompletedConnection (648464 ns)
    [ PASSED ] CASE: expiredShutdownAbortsBlockedConnectionAndReturnsBoundedly (8069383 ns)
    [ PASSED ] CASE: shutdownClosesTransportReturnedAfterAcceptStopsWithoutDispatch (54260 ns)
    [ PASSED ] CASE: connectionLimitPreventsSecondAcceptUntilCapacityReturns (9798761 ns)
    TCS: Http1ServerResponseWriterTest, time elapsed: 3429509 ns, RESULT:
    [ PASSED ] CASE: writesFixedResponseThroughPartialTransportOperations (530354 ns)
    [ PASSED ] CASE: streamsChunkedResponseAndTrailer (558487 ns)
    [ PASSED ] CASE: chunkedStreamingResponseMayExceedThePerSegmentBodyBound (512380 ns)
    [ PASSED ] CASE: headResponseNeverTransfersRepresentationBytes (113415 ns)
    [ PASSED ] CASE: closeDelimitedResponseRequiresConnectionClose (458741 ns)
    [ PASSED ] CASE: rejectsKnownLengthMismatchBeforeCommittingHeadAndClosesBody (113082 ns)
    [ PASSED ] CASE: closeFailureDoesNotReplacePrecommitLengthMismatch (115588 ns)
    TCS: Http1SmugglingCorpusTest, time elapsed: 94833169 ns, RESULT:
    [ PASSED ] CASE: clientAndServerFramingRejectTheSameAmbiguousHeaderCorpus (2837728 ns)
    [ PASSED ] CASE: identicalLengthsAndOneFinalChunkedCodingRemainUnambiguous (899821 ns)
    [ PASSED ] CASE: rejectsWhitespaceTargetAndProxyDifferentialCorpus (932774 ns)
    [ PASSED ] CASE: rejectsMalformedChunkAndTrailerCorpusAtInputOrEof (217493 ns)
    [ PASSED ] CASE: everyAcceptedSingleByteMutationHasACanonicalReparse (83129186 ns)
    STDOUT:
    M7023_FUZZ target=http1-parser seed=7023 iterations=870 decision=PASS
    [ PASSED ] CASE: chunkedMutationsHaveDeterministicBoundedTerminals (2197043 ns)
    STDOUT:
    M7023_FUZZ target=chunked-decoder seed=7023 iterations=127 decision=PASS
    [ PASSED ] CASE: validHeadParsesAtEveryTransportSplitBoundary (3501990 ns)
    TCS: Http1HttpsClientTest, time elapsed: 1602721 ns, RESULT:
    [ PASSED ] CASE: partitionsHandshakesAndReusesHttpsAfterBodyCompletion (1433732 ns)
    TCS: Http1TlsServerTest, time elapsed: 127145359 ns, RESULT:
    [ PASSED ] CASE: alpnServerRejectsAClientWithNoSharedHttpProtocol (56524251 ns)
    [ PASSED ] CASE: automaticClientOffersH2FirstAndFallsBackToServerHttp11 (17168656 ns)
    [ PASSED ] CASE: requiredMutualTlsCarriesAuthenticatedHttp1Exchange (23369844 ns)
    [ PASSED ] CASE: realAwsLcHandshakeCarriesOneHttp1Exchange (29220199 ns)
Summary: TOTAL: 117
    PASSED: 114, SKIPPED: 3, ERROR: 0
    FAILED: 0
--------------------------------------------------------------------------------------------------
TP: wirestack.internal.platform.linux, time elapsed: 14658443 ns, RESULT:
    TCS: LinuxSystemTrustAdapterTest, time elapsed: 14658443 ns, RESULT:
    [ PASSED ] CASE: frozenSearchOrderCoversGlibcAndMuslLayouts (191973 ns)
    [ PASSED ] CASE: currentLinuxHostSelectsOneExplicitUsableSource (12092315 ns)
    [ PASSED ] CASE: missingCandidatesFailWithoutProviderDefaultFallback (57014 ns)
    [ PASSED ] CASE: directoryCandidateRequiresReadableHashedCertificateEntry (410645 ns)
    [ PASSED ] CASE: sourceIdentityChangesWhenSameSizeTrustContentChanges (416807 ns)
Summary: TOTAL: 5
    PASSED: 5, SKIPPED: 0, ERROR: 0
    FAILED: 0
--------------------------------------------------------------------------------------------------
TP: wirestack.internal.http2, time elapsed: 3307380590 ns, RESULT:
    TCS: Http2ClientConnectionTest, time elapsed: 19070419 ns, RESULT:
    [ PASSED ] CASE: tenConcurrentRequestsShareOneConnectionAndMapOutOfOrderResponses (3725065 ns)
    [ PASSED ] CASE: claimedStreamsPublishInitialHeadersInStreamIdOrder (4223558 ns)
    [ PASSED ] CASE: cancelledUnpublishedStreamDoesNotBlockNextClaim (5237257 ns)
    [ PASSED ] CASE: declaredLengthDoesNotReleaseStreamBeforeWireEndStream (585674 ns)
    [ PASSED ] CASE: streamsRequestBodyThroughFlowControlledDataAndEndsLocallyOnce (813932 ns)
    [ PASSED ] CASE: peerResetFailsOnlyItsStreamAndConnectionRemainsUsable (1831915 ns)
    [ PASSED ] CASE: peerGoAwayDrainsConnectionWithoutFailingAcceptedStream (799405 ns)
    TCS: Http2ClientMappingTest, time elapsed: 2662481 ns, RESULT:
    [ PASSED ] CASE: requestMapsOrderedPseudoFieldsAuthorityAndSensitiveHeaders (96234 ns)
    [ PASSED ] CASE: connectUsesOnlyMethodAndAuthorityPseudoFields (51396 ns)
    [ PASSED ] CASE: requestRejectsAuthorityFramingAndConnectionAmbiguity (243963 ns)
    [ PASSED ] CASE: requestHeaderListHonorsHttp2BoundsBeforeHpackMutation (57176 ns)
    [ PASSED ] CASE: requestBodyProvesEofBeforeOneTerminalTrailerBlock (111534 ns)
    [ PASSED ] CASE: requestBodyRejectsPrematureEofAndConfiguredOverflow (102025 ns)
    [ PASSED ] CASE: responseMapsInformationalFinalDataAndTrailersInOrder (98417 ns)
    [ PASSED ] CASE: responseRejectsPseudoOrderCaseAndConnectionFieldsAsStreamErrors (58644 ns)
    [ PASSED ] CASE: responseRejectsInvalidStatusAndTooManyInformationalHeads (155402 ns)
    [ PASSED ] CASE: responseContentLengthMustMatchExactlyAtEndStream (115433 ns)
    [ PASSED ] CASE: streamingResponseMayExceedTheConfiguredRequestBodyBound (25472 ns)
    [ PASSED ] CASE: bodylessAndConnectResponseRulesAreExplicit (106644 ns)
    [ PASSED ] CASE: responseTrailersRequireFinalEndStreamAndRegularAllowedFields (100119 ns)
    TCS: Http2ConformanceTest, time elapsed: 5820425 ns, RESULT:
    [ PASSED ] CASE: invalidFrameOrderMatrixFailsAtConnectionScope (266797 ns)
    [ PASSED ] CASE: continuationSequenceCompletesOnlyOnEndHeaders (123896 ns)
    [ PASSED ] CASE: rstStreamAndGoAwayRaceCompletesOwnerOnceAndCleansRegistrations (5006044 ns)
    TCS: Http2ConnectionStateMachineTest, time elapsed: 5819060 ns, RESULT:
    [ PASSED ] CASE: clientStartEmitsMagicAndSettingsThenPeerSettingsOpens (35475 ns)
    [ PASSED ] CASE: serverConsumesIncrementalMagicBeforeItsFirstSettings (44629 ns)
    [ PASSED ] CASE: invalidOrIncompletePrefaceFailsOnceWithProtocolEvidence (52093 ns)
    [ PASSED ] CASE: firstPeerFrameMustBeNonAcknowledgementSettings (39032 ns)
    [ PASSED ] CASE: openConnectionAppliesSettingsAndCompletesHeaderBlocks (43489 ns)
    [ PASSED ] CASE: peerGoAwayDrainsAndMayOnlyNarrowItsBoundary (52918 ns)
    [ PASSED ] CASE: peerAdmissionDefinesGoAwayBoundaryAndRejectedAdmissionDoesNotAdvanceIt (60667 ns)
    [ PASSED ] CASE: firstPeerSettingsCannotReopenAConnectionThatAlreadyBeganDraining (37952 ns)
    [ PASSED ] CASE: racingFinishTransitionsAndPublishesCompletionExactlyOnce (4455262 ns)
    TCS: Http2DeterministicFuzzTest, time elapsed: 57803835 ns, RESULT:
    [ PASSED ] CASE: frameParserDeterministicMutationCorpusStaysBounded (4367575 ns)
    STDOUT:
    M7023_FUZZ target=http2-frame seed=7023 iterations=289 decision=PASS
    [ PASSED ] CASE: hpackDecoderDeterministicMutationCorpusFailsClosed (52838115 ns)
    STDOUT:
    M7023_FUZZ target=hpack-decoder seed=7023 iterations=280 decision=PASS
    [ PASSED ] CASE: protocolLimitBoundaryMutationsRejectOversizedInputs (66795 ns)
    TCS: Http2FlowControllerTest, time elapsed: 2822740713 ns, RESULT:
    [ PASSED ] CASE: windowUpdateCodecIgnoresReservedBitAndRejectsZeroByScope (31365 ns)
    [ PASSED ] CASE: reservationsRespectConnectionStreamAndPeerFrameCredit (46872 ns)
    [ PASSED ] CASE: settingsShrinkPausesReservedDataAndCancellationReleasesIt (48835 ns)
    [ PASSED ] CASE: streamWindowUpdateWakesAReservedPermitAfterSettingsShrink (39134 ns)
    [ PASSED ] CASE: concurrentTryReserveNeverOvercommitsOneStream (221333 ns)
    [ PASSED ] CASE: receiveCreditReturnsOnlyAfterApplicationConsumption (54620 ns)
    [ PASSED ] CASE: smallReceiveReadsCoalesceWindowUpdates (123495 ns)
    [ PASSED ] CASE: stalledConnectionCreditFlushesOnceWithoutChangingSmallReadCoalescing (24217 ns)
    [ PASSED ] CASE: leastRecentlyServedStreamsReceiveCreditBeforeThePreviousOwner (2820554546 ns)
    STDOUT:
    M6_024_FLOW_RESULT siblings=100 connectionCredit=4096 flowControlStalls=101 pendingReservations=0 connectionWindowUpdateFrames=1
    [ PASSED ] CASE: connectionSendWindowIsSharedAcrossStreams (33778 ns)
    [ PASSED ] CASE: connectionAndStreamWindowViolationsHaveCorrectScope (36588 ns)
    [ PASSED ] CASE: settingsAndWindowOverflowFailAtomically (32587 ns)
    [ PASSED ] CASE: streamCleanupCancelsPermitsAndRestoresOnlyConnectionReceiveCredit (28809 ns)
    [ PASSED ] CASE: dataAccountingUsesTheEntireFramePayload (15933 ns)
    TCS: Http2FrameCodecTest, time elapsed: 773938 ns, RESULT:
    [ PASSED ] CASE: everyRequiredFrameEnvelopeRoundTrips (62976 ns)
    [ PASSED ] CASE: parserAcceptsEverySingleByteBoundaryAndMultipleFrames (40264 ns)
    [ PASSED ] CASE: incompleteInputStaysBoundedUntilCompletion (14685 ns)
    [ PASSED ] CASE: oversizedFrameFailsBeforePayloadBufferingAndParserBecomesTerminal (21838 ns)
    [ PASSED ] CASE: reservedBitIsIgnoredOnReadAndClearedOnWrite (12994 ns)
    [ PASSED ] CASE: unknownFramesAndFlagsRoundTripWithoutInterpretation (14461 ns)
    [ PASSED ] CASE: transportWriterHandlesRepeatedPartialWrites (23989 ns)
    TCS: Http2FrameModelTest, time elapsed: 619432 ns, RESULT:
    [ PASSED ] CASE: frameAndErrorCodesRoundTripIncludingExtensions (21011 ns)
    [ PASSED ] CASE: streamIdentifierIgnoresReservedBitAndKeepsThirtyOneBits (12025 ns)
    [ PASSED ] CASE: limitsAreExplicitAndFrameSizeIsBounded (19443 ns)
    [ PASSED ] CASE: fixedFrameShapesAndStreamScopesAreValidated (26543 ns)
    [ PASSED ] CASE: settingsRejectInvalidProtocolValuesButRetainExtensions (24554 ns)
    [ PASSED ] CASE: unknownFlagsAndFramesRemainForwardCompatible (8470 ns)
    TCS: Http2GoAwayManagerTest, time elapsed: 4966991 ns, RESULT:
    [ PASSED ] CASE: peerBoundaryRetiresOnlyDefinitelyUnprocessedStreams (117031 ns)
    [ PASSED ] CASE: narrowingBoundaryWakesEachNewlyExcludedOwnerExactlyOnce (120160 ns)
    [ PASSED ] CASE: localDrainQueuesGoAwayAndStopsAdmissionBeforeWriterRuns (75919 ns)
    [ PASSED ] CASE: fabricatedReceiveResultCannotDrainAnOpenCoordinator (57501 ns)
    [ PASSED ] CASE: racingAdmissionAndGoAwayNeverLeavesAnExcludedStreamActive (3935996 ns)
    TCS: Http2HeaderBlockAssemblerTest, time elapsed: 950172 ns, RESULT:
    [ PASSED ] CASE: sameStreamContinuationsAssembleInExactOrder (24986 ns)
    [ PASSED ] CASE: continuationWithoutStartWrongStreamAndInterleavingFailConnection (49331 ns)
    [ PASSED ] CASE: paddingAndPriorityOverheadAreExcludedFromHeaderBytes (20382 ns)
    [ PASSED ] CASE: pushPromiseRetainsPromisedStreamAndFragmentOnly (29790 ns)
    [ PASSED ] CASE: invalidPaddingPriorityAndSelfDependencyFailClosed (45415 ns)
    [ PASSED ] CASE: accumulatedCompressedBytesHaveOneHardLimit (25506 ns)
    TCS: Http2ConnectionHealthTest, time elapsed: 658305 ns, RESULT:
    [ PASSED ] CASE: pingCodecAndConnectionAckPreserveOpaqueBytes (40030 ns)
    [ PASSED ] CASE: idleProbeIsSingleOutstandingAndMatchingAckRestoresHealth (148052 ns)
    [ PASSED ] CASE: ordinaryActivityDefersIdleProbeWithoutAllocatingATimer (22845 ns)
    TCS: Http2ConnectionCloserTest, time elapsed: 1588762 ns, RESULT:
    [ PASSED ] CASE: gracefulCloseSendsGoAwayWaitsForStreamAndClosesTransportOnce (118561 ns)
    [ PASSED ] CASE: expiredCloseAbortsActiveStreamsWithoutStartingGracefulIo (89024 ns)
    [ PASSED ] CASE: racingShorterDeadlineUpgradesInFlightGracefulCloseToOneAbort (116408 ns)
    [ PASSED ] CASE: concurrentGracefulCallersShareOneTerminalResultAndTransportClose (392880 ns)
    [ PASSED ] CASE: failedGracefulTransportCloseFallsBackToOneAbort (106363 ns)
    TCS: HpackBlockTest, time elapsed: 2901198 ns, RESULT:
    [ PASSED ] CASE: rfcRequestBlocksDecodeWithSharedDynamicState (58394 ns)
    [ PASSED ] CASE: encoderMatchesFirstRfcHuffmanRequestExample (76400 ns)
    [ PASSED ] CASE: literalModesPreserveNeverIndexedAndOnlyIncrementalMutatesTable (1145659 ns)
    [ PASSED ] CASE: tableSizeUpdateMustLeadBlockAndRespectAllowedMaximum (37023 ns)
    [ PASSED ] CASE: headerCountListAndCompressedLimitsFailClosed (810161 ns)
    [ PASSED ] CASE: peerCapacityUpdateIsEmittedBeforeHeaders (30905 ns)
    TCS: HpackCoreTest, time elapsed: 1239385 ns, RESULT:
    [ PASSED ] CASE: rfcIntegerVectorsEncodeAndDecodeExactly (20048 ns)
    [ PASSED ] CASE: integerRejectsTruncationOverflowAndInvalidPrefix (42239 ns)
    [ PASSED ] CASE: rawStringRoundTripsAndOwnsItsBytes (24251 ns)
    [ PASSED ] CASE: stringLengthLimitAndTruncationFailBeforeCopy (253220 ns)
    [ PASSED ] CASE: staticTableMatchesRfcBoundariesAndRepresentativeEntries (40462 ns)
    [ PASSED ] CASE: everyStaticEntryHasBoundedRfcAccounting (110567 ns)
    TCS: HpackDynamicTableTest, time elapsed: 1221787 ns, RESULT:
    [ PASSED ] CASE: newestEntryUsesIndexSixtyTwoAndOlderEntriesShift (18269 ns)
    [ PASSED ] CASE: exactRfcAccountingEvictsOldestEntriesFirst (27642 ns)
    [ PASSED ] CASE: oversizedEntryClearsTheEntireTableWithoutInsertion (15350 ns)
    [ PASSED ] CASE: capacityShrinkEvictsImmediatelyAndPeerLimitIsHard (33154 ns)
    [ PASSED ] CASE: withoutIndexingNeverIndexedAndSensitiveNeverEnterState (23350 ns)
    [ PASSED ] CASE: staticAndDynamicSearchReturnCanonicalLowestIndexes (154217 ns)
    [ PASSED ] CASE: zeroCapacityRetainsNoEntries (15021 ns)
    TCS: HpackHuffmanTest, time elapsed: 47226775 ns, RESULT:
    [ PASSED ] CASE: rfcRequestExamplesEncodeAndDecodeExactly (2178837 ns)
    [ PASSED ] CASE: everyOctetRoundTripsWithinAnExplicitBound (42497382 ns)
    [ PASSED ] CASE: huffmanStringLiteralUsesFlagAndSharedBounds (730451 ns)
    [ PASSED ] CASE: eosInvalidPaddingAndTruncatedPrefixFailClosed (544094 ns)
    [ PASSED ] CASE: decodedAndEncodedOutputLimitsApplyBeforeGrowth (682393 ns)
    TCS: Http2ConnectionReaderTest, time elapsed: 3309557 ns, RESULT:
    [ PASSED ] CASE: oneReaderDecodesEveryByteBoundaryAndDispatchesInWireOrder (372100 ns)
    [ PASSED ] CASE: serverConsumesMagicAndFirstFrameFromTheSameRead (239952 ns)
    [ PASSED ] CASE: eofDuringPrefaceOrFrameFailsAndWakesEveryStream (661592 ns)
    [ PASSED ] CASE: invalidTransportProgressAndHandlerFailureBecomeTerminal (763080 ns)
    [ PASSED ] CASE: readerLoopCanOnlyBeClaimedOnce (238327 ns)
    [ PASSED ] CASE: terminationRegistryIsBoundedRemovableAndExactlyOnce (339060 ns)
    [ PASSED ] CASE: readerRegistryReservesOneListenerBeyondTheStreamLimit (24644 ns)
    TCS: Http2ServerConnectionTest, time elapsed: 309206741 ns, RESULT:
    [ PASSED ] CASE: explicitAbortWakesBlockedRequestBodyAndConverges (2551443 ns)
    [ PASSED ] CASE: readerEofWakesBlockedRequestBodyWithoutInventingEof (2635325 ns)
    [ PASSED ] CASE: serveCancellationUsesTheSameContextForHandlerBodyAndWriter (2406344 ns)
    [ PASSED ] CASE: serveDeadlineWakesBlockedRequestBodyAndAllOwnedTasksConverge (258329406 ns)
    [ PASSED ] CASE: flowBackpressureStopsOnServeCancellationAndClosesResponsePlan (32984677 ns)
    [ PASSED ] CASE: initialHeadersWriteFailureStillClosesUnopenedResponsePlan (2834093 ns)
    [ PASSED ] CASE: completedResponseUnregistersReaderListenerBeforeNextStream (1553669 ns)
    [ PASSED ] CASE: handlerFailureResetsStreamWithoutPublishingItsMessage (4226878 ns)
    STDERR:
    An exception has occurred:
    Http2ProtocolException: HTTP/2 server handler failed
    	 at wirestack.internal.http2::Http2ServerExchange::start::lambda.0()(<repo-root>/build/m8-008/red-20260909T172645Z/green-repo/src/internal/http2/server_mapping.cj:186)
    TCS: Http2ServerMappingTest, time elapsed: 6292723 ns, RESULT:
    [ PASSED ] CASE: requestHeadMapsPseudoFieldsHostAndContentLength (122577 ns)
    [ PASSED ] CASE: connectAndOptionsTargetsAreMappedStrictly (182841 ns)
    [ PASSED ] CASE: requestRejectsPseudoOrderCaseConnectionAndAuthorityAmbiguity (178274 ns)
    [ PASSED ] CASE: paddedDataReturnsAllFlowCreditAndPublishesTrailers (117844 ns)
    [ PASSED ] CASE: requestQueueIsBoundedBeforeFlowAccountingMutates (79433 ns)
    [ PASSED ] CASE: terminalLengthMismatchDoesNotConsumeFlowWindow (66432 ns)
    [ PASSED ] CASE: responseHeadersBodyFlowAndTrailersMapInOrder (512631 ns)
    [ PASSED ] CASE: streamingResponseMayExceedTheConfiguredRequestBodyBound (1142170 ns)
    [ PASSED ] CASE: responseRulesCloseBodiesOnEveryTerminalOrFailurePath (81171 ns)
    [ PASSED ] CASE: handlerRunsOnceAndReleasesRequestOwnership (99334 ns)
    [ PASSED ] CASE: handlerFailureFutureDoesNotRetainArbitraryApplicationMessage (1867571 ns)
    STDERR:
    An exception has occurred:
    Http2ProtocolException: HTTP/2 server handler failed
    	 at wirestack.internal.http2::Http2ServerExchange::start::lambda.0()(<repo-root>/build/m8-008/red-20260909T172645Z/green-repo/src/internal/http2/server_mapping.cj:186)
    [ PASSED ] CASE: readerTerminationWakesBlockedRequestBodyWithConnectionScope (106619 ns)
    [ PASSED ] CASE: streamResetAndReaderTerminationRetainDistinctFailureScopes (128277 ns)
    [ PASSED ] CASE: originalRequestContextWinsOverRetainedConnectionTermination (78097 ns)
    TCS: Http2SettingsTest, time elapsed: 1148919 ns, RESULT:
    [ PASSED ] CASE: codecPreservesKnownUnknownAndRepeatedSettingsInOrder (22437 ns)
    [ PASSED ] CASE: peerBatchAppliesAtomicallyAndReturnsAckAndWindowDelta (24620 ns)
    [ PASSED ] CASE: invalidPeerBatchLeavesEffectiveStateUnchanged (27598 ns)
    [ PASSED ] CASE: localBatchesAreAcknowledgedInFifoOrder (33026 ns)
    [ PASSED ] CASE: unexpectedAckAndPendingBatchOverflowFailClosed (29625 ns)
    [ PASSED ] CASE: advertisedResourceValuesAreCappedByLocalPolicy (21160 ns)
    [ PASSED ] CASE: settingsFrameLengthAndAckPayloadAreRejectedByFrameLayer (40109 ns)
    [ PASSED ] CASE: peerDefaultsAreRfcValuesCappedSeparatelyFromLocalAdvertisement (32982 ns)
    [ PASSED ] CASE: serverEnablePushSettingIsRejectedInBothDirections (27583 ns)
    TCS: Http2StreamLifecycleTest, time elapsed: 2668781 ns, RESULT:
    [ PASSED ] CASE: bothEndStreamOrdersReachClosedExactlyOnce (23952 ns)
    [ PASSED ] CASE: initialEndStreamHalfClosesTheInitiatingSide (19335 ns)
    [ PASSED ] CASE: clientAndServerAllocateCorrectMonotonicParity (20661 ns)
    [ PASSED ] CASE: peerParityReuseAndDecreasingIdsFailConnection (40936 ns)
    [ PASSED ] CASE: localAndPeerConcurrencyLimitsAreIndependentAndCapacityReturns (53355 ns)
    [ PASSED ] CASE: invalidHalfClosedDirectionsAndUnknownStreamsFailClosed (44233 ns)
    [ PASSED ] CASE: readerTerminationClosesAndUnregistersEveryActiveStream (53344 ns)
    [ PASSED ] CASE: racingAdmissionNeverExceedsConfiguredBoundOrDuplicatesIds (524273 ns)
    [ PASSED ] CASE: racingEndDirectionsCompleteAndCleanupExactlyOnce (930637 ns)
    TCS: Http2StreamResetManagerTest, time elapsed: 2829106 ns, RESULT:
    [ PASSED ] CASE: rstCodecPreservesKnownAndExtensionCodes (58071 ns)
    [ PASSED ] CASE: localCancelQueuesResetAndReleasesOnlyItsStream (79380 ns)
    [ PASSED ] CASE: peerResetCancelsQueuedDataPermitsAndWakesOwnerOnce (76225 ns)
    [ PASSED ] CASE: resetWakesBlockedServerBodyWithoutClosingConnection (146795 ns)
    [ PASSED ] CASE: racingLocalAndPeerResetCompletesEveryStreamExactlyOnce (1480798 ns)
    [ PASSED ] CASE: queuePressureIsAtomicAndCleanupCreditStaysBoundedForRetry (110617 ns)
    TCS: Http2WriteSchedulerTest, time elapsed: 3765042 ns, RESULT:
    [ PASSED ] CASE: controlPrecedesDataAndPartialWritesDrainGracefully (113882 ns)
    [ PASSED ] CASE: controlBurstIsBoundedAndDataStreamsRotateFairly (406168 ns)
    [ PASSED ] CASE: queueCountAndBytesAreHardAndCancellationReleasesCapacity (68238 ns)
    [ PASSED ] CASE: concurrentProducersStillUseExactlyOneWriter (877157 ns)
    [ PASSED ] CASE: abortInterruptsActiveWriteAndFailsEveryTicket (87025 ns)
    [ PASSED ] CASE: transportFailureFansOutAndTicketWaitHonorsCancellation (66922 ns)
    [ PASSED ] CASE: reservedDataConsumesFlowOnlyWhenTheWriterClaimsIt (42372 ns)
    [ PASSED ] CASE: serverDataEventTransfersItsPermitBeforeWriterClaim (36492 ns)
    [ PASSED ] CASE: cancellingQueuedReservedDataReturnsAllFlowCapacity (43787 ns)
    [ PASSED ] CASE: concurrentHeaderBatchesStayContiguousOnTheWire (757827 ns)
Summary: TOTAL: 168
    PASSED: 168, SKIPPED: 0, ERROR: 0
    FAILED: 0
--------------------------------------------------------------------------------------------------
TP: wirestack.internal.tls_engine, time elapsed: 26476027287 ns, RESULT:
    TCS: TlsConnectionTest, time elapsed: 24390516 ns, RESULT:
    [ PASSED ] CASE: handshakeTransfersOwnershipAndPlaintextIoUsesTheEngine (3225427 ns)
    [ PASSED ] CASE: oneReadAndOneWriteMayOverlapButSecondReadFailsImmediately (1724113 ns)
    [ PASSED ] CASE: handshakeFailureAbortsTransportAndReleasesEngineExactlyOnce (135344 ns)
    [ PASSED ] CASE: expiredHandshakeDeadlineStillConsumesAndAbortsBothInputs (120663 ns)
    [ PASSED ] CASE: ioFailureAbortsAndRepeatedTerminalCallsDoNotReleaseTwice (812620 ns)
    [ PASSED ] CASE: unsupportedHalfCloseDoesNotMutateAnOpenConnection (203373 ns)
    [ PASSED ] CASE: concurrentCloseAndAbortReleaseUnderlyingResourcesOnce (13370682 ns)
    [ PASSED ] CASE: gracefulCloseSendsAndProcessesCloseNotifyBeforeReleasingResources (356046 ns)
    [ PASSED ] CASE: tcpEofDuringGracefulCloseRetainsTruncationAndStillReleasesEverything (208281 ns)
    [ PASSED ] CASE: expiredCloseBudgetStillClosesTransportAndReleasesEngine (387729 ns)
    [ PASSED ] CASE: abortNeverAttemptsTlsShutdownAndRetainsLocalAbortEvidence (168646 ns)
    [ PASSED ] CASE: tcpEofDuringApplicationReadRetainsTruncationBeforeAbort (488635 ns)
    [ PASSED ] CASE: peerCloseNotifyProducesEofEvidenceAndRejectsNewApplicationWrites (669120 ns)
    TCS: Net06TlsTransportCleanupGateTest, time elapsed: 1820243 ns, RESULT:
    [ PASSED ] CASE: failedHandshakesDisposeEngineAndTransportExactlyOnce (1526107 ns)
    STDOUT:
    NET06_HEAP scenario=tls-transport-cleanup index=0 usedHeapBytes=2535424
    NET06_HEAP scenario=tls-transport-cleanup index=3 usedHeapBytes=2555904
    NET06_TLS_TRANSPORT requested=3 completed=3 engineClosed=3 transportAborted=3 terminalDisposals=3 backgroundTasks=0
    TCS: TlsContextTest, time elapsed: 5776471 ns, RESULT:
    [ PASSED ] CASE: linuxCapabilitiesAreExplicitAndNeverInferredFromProviderNames (36053 ns)
    [ PASSED ] CASE: defaultSystemTrustFailsAtBuildUntilLinuxAdapterIsAvailable (168983 ns)
    [ PASSED ] CASE: modernClientContextIsImmutableAndConcurrentShareable (671156 ns)
    [ PASSED ] CASE: strictTls13RejectsAnyTls12Override (181271 ns)
    [ PASSED ] CASE: missingTls13AndHttp2CapabilitiesFailBeforeHandshake (176032 ns)
    [ PASSED ] CASE: alpnRejectsEmptyAndDuplicateProtocolNames (424625 ns)
    [ PASSED ] CASE: serverRequiresServerIdentityAndMtlSTrustAtBuildTime (1330706 ns)
    [ PASSED ] CASE: clientIdentityCapabilityIsValidatedAtBuildTime (1490617 ns)
    TCS: TlsEnginePumpTest, time elapsed: 266773557 ns, RESULT:
    [ PASSED ] CASE: awsLcClientEngineProducesAClientHelloWithoutSocketIo (33846656 ns)
    [ PASSED ] CASE: strictTls13PolicyIsAcceptedByTheNativeEngine (128705 ns)
    [ PASSED ] CASE: systemTrustCompletesARealHandshakeWithDiscoveredTestOwnedPem (11781837 ns)
    [ PASSED ] CASE: customRootChainIsLoadedIntoARealAwsLcClientEngine (478046 ns)
    [ PASSED ] CASE: spkiPinPolicyConfiguresTheNativeVerificationPathBeforeHandshake (229292 ns)
    [ PASSED ] CASE: matchingSpkiPinCompletesARealClientServerHandshake (10725314 ns)
    [ PASSED ] CASE: matchingSpkiPinDoesNotBypassReferenceIdentityVerification (10465705 ns)
    [ PASSED ] CASE: realAwsLcEnginesExchangeCloseNotifyInBothDirections (12211301 ns)
    [ PASSED ] CASE: handshakeInfoReportsNegotiatedAlpnPeerChainAndVerificationEvidence (10993409 ns)
    [ PASSED ] CASE: tls13TicketResumesAcrossFreshEnginesWithoutEarlyData (13371026 ns)
    [ PASSED ] CASE: tls12TicketResumesAcrossFreshEngines (17014041 ns)
    [ PASSED ] CASE: sniSelectsTheCompleteImmutableContextAndItsCertificate (16500683 ns)
    [ PASSED ] CASE: sniSelectorRejectsMissingAndUnknownNamesWithStableEvidence (22040908 ns)
    [ PASSED ] CASE: noSharedAlpnFailsTheHandshakeInsteadOfSilentlySelectingNothing (8776768 ns)
    [ PASSED ] CASE: requiredMutualTlsUsesClientIdentityAndReturnsServerVerificationEvidence (13540007 ns)
    [ PASSED ] CASE: requiredMutualTlsRejectsMissingClientIdentityButOptionalAllowsIt (16539263 ns)
    [ PASSED ] CASE: mismatchedSpkiPinFailsARealClientServerHandshake (13807669 ns)
    [ PASSED ] CASE: externalSignerCompletesARealHandshakeOutsideTheNativeCallback (24046445 ns)
    [ PASSED ] CASE: externalSignerExceptionFailsClosedWithoutCrossingTheCAbi (12586732 ns)
    [ PASSED ] CASE: cancellationBeforeSignerInvocationFailsThePendingNativeOperation (12518796 ns)
    [ PASSED ] CASE: pumpHandlesWantReadWriteAndPartialIoWithBoundedBuffers (46376 ns)
    [ PASSED ] CASE: wantWriteWithoutCiphertextFailsInsteadOfSpinning (92513 ns)
    [ PASSED ] CASE: eofDuringWantReadRetainsTlsHandshakeEvidence (64815 ns)
    [ PASSED ] CASE: preCancellationStopsBeforeCallingProviderOrTransport (68250 ns)
    [ PASSED ] CASE: expiredDeadlineStopsBeforeCallingProviderOrTransport (89158 ns)
    TCS: LocalIdentityTest, time elapsed: 4831660 ns, RESULT:
    [ PASSED ] CASE: pkcs8InputIsExactBoundedAndZeroizable (555589 ns)
    [ PASSED ] CASE: pkcs8FileAdapterReadsOneBoundedRegularFile (570300 ns)
    [ PASSED ] CASE: localIdentityValidatesLeafKeyMatchAndHasStablePublicIdentity (1545998 ns)
    [ PASSED ] CASE: mismatchedCertificateAndPrivateKeyFailAtIdentityBuild (786136 ns)
    [ PASSED ] CASE: externalSignerAndSystemHandleShareOneOpaqueKeyContract (384343 ns)
    [ PASSED ] CASE: duplicateSignerAlgorithmsAndMismatchedSpkiFailAtBuild (352286 ns)
    TCS: M3028TlsFuzzTest, time elapsed: 26170329263 ns, RESULT:
    [ PASSED ] CASE: recordMutationsHaveDeterministicTypedTerminals (10531281125 ns)
    STDOUT:
    M7023_FUZZ target=tls-record seed=7023 iterations=512 decision=PASS
    [ PASSED ] CASE: handshakeMutationsHaveDeterministicTypedTerminals (10241949163 ns)
    STDOUT:
    M7023_FUZZ target=tls-handshake seed=7023 iterations=512 decision=PASS
    M3028_FUZZ target=tls-record,tls-handshake seed=3028 mutations=1024 decision=PASS
    [ PASSED ] CASE: certificateAdapterMutationsHaveDeterministicTypedTerminals (5396442994 ns)
    STDOUT:
    M7023_FUZZ target=certificate-adapter seed=7023 iterations=512 decision=PASS
    M3028_FUZZ target=certificate-adapter seed=3028 mutations=512 decision=PASS
    TCS: TlsContextSessionVersionTest, time elapsed: 177446 ns, RESULT:
    [ PASSED ] CASE: sessionKeysSeparateContextEpochs (11049 ns)
    TCS: TlsProviderSubstitutionTest, time elapsed: 755514 ns, RESULT:
    [ PASSED ] CASE: testProviderUsesTheProductionFactoryContract (227913 ns)
    [ PASSED ] CASE: objectsFromDifferentProviderInstancesCannotMix (211457 ns)
    [ PASSED ] CASE: activeEngineRetainsProviderUntilItCloses (11657 ns)
    TCS: TlsSessionStoreTest, time elapsed: 288395 ns, RESULT:
    [ PASSED ] CASE: boundedLruExpiryAndSingleUseAreDeterministic (24109 ns)
    [ PASSED ] CASE: everySecurityPartitionDimensionPreventsReuse (40588 ns)
Summary: TOTAL: 62
    PASSED: 62, SKIPPED: 0, ERROR: 0
    FAILED: 0
--------------------------------------------------------------------------------------------------
TP: wirestack.internal.transport_stdnet, time elapsed: 210144455 ns, RESULT:
    TCS: StdNetTransportListenerTest, time elapsed: 91144448 ns, RESULT:
    [ PASSED ] CASE: listenerRejectsOutOfRangeBacklogBeforeBinding (258441 ns)
    [ PASSED ] CASE: listenerPreCancelledAndExpiredAcceptsFailFast (205524 ns)
    [ PASSED ] CASE: listenerDeadlineBoundsBlockedAcceptAndListenerRemainsUsable (38427776 ns)
    [ PASSED ] CASE: listenerCancellationWakesActiveAcceptAndListenerRemainsUsable (40197888 ns)
    [ PASSED ] CASE: listenerCloseWakesActiveAcceptWithStructuredErrorAndIsIdempotent (10839217 ns)
    TCS: M123TransportDiagnosticsTest, time elapsed: 580334 ns, RESULT:
    [ PASSED ] CASE: stdNetReportsRuntimeEndpointsAndCapabilitiesWithoutGuessingIoBackend (251481 ns)
    [ PASSED ] CASE: deterministicTransportUsesTheSameProviderNeutralContract (47526 ns)
    TCS: M127BackgroundFastPathTest, time elapsed: 34208546 ns, RESULT:
    [ PASSED ] CASE: backgroundAndObservedPathsTransferEquivalentData (176357 ns)
    [ PASSED ] CASE: backgroundPeerCloseRemainsEof (138389 ns)
    [ PASSED ] CASE: backgroundLocalCloseRaceRemainsClosed (1197623 ns)
    [ PASSED ] CASE: backgroundStillRejectsConcurrentReaders (1249929 ns)
    [ PASSED ] CASE: cancellableAndDeadlineContextsRetainGenericChecks (240508 ns)
    [ PASSED ] CASE: deadlineTimeoutIsClearedBeforeBackgroundRead (30301611 ns)
    TCS: Net06CancellationGateTest, time elapsed: 5603550 ns, RESULT:
    [ PASSED ] CASE: cancelledReadsReleaseSocketsWaitersAndTasks (5300221 ns)
    STDOUT:
    NET06_HEAP scenario=cancellation index=0 usedHeapBytes=2134016
    NET06_HEAP scenario=cancellation index=3 usedHeapBytes=2301952
    NET06_CANCELLATION requested=3 completed=3 joinedTasks=6 activeReads=0 backgroundTasks=0
    TCS: StdNetTransportTest, time elapsed: 76244447 ns, RESULT:
    [ PASSED ] CASE: activityWaitsObserveAdmissionTerminalAndTimeoutWithoutChangingLifecycle (11345295 ns)
    [ PASSED ] CASE: activityWaitersWakeWhenTransportBecomesTerminal (229452 ns)
    [ PASSED ] CASE: writeTimeoutIsNeverRetryableWithoutZeroCommitProof (17700 ns)
    [ PASSED ] CASE: writeSomeIsPartialAndReusesBoundedConnectionStaging (264988 ns)
    [ PASSED ] CASE: wholeArrayReadAndWriteBypassStagingForATypicalTlsRecord (3447405 ns)
    [ PASSED ] CASE: subrangesRetainBoundedStagingAndCopyAccounting (219232 ns)
    [ PASSED ] CASE: connectsByResolvedIpAndTransfersBothDirections (256342 ns)
    [ PASSED ] CASE: emptyOperationsAreImmediate (177924 ns)
    [ PASSED ] CASE: unsupportedHalfClosePreservesBothDirections (282291 ns)
    [ PASSED ] CASE: cancellationWakesBlockedReadAndIsNeverReportedAsEof (1221527 ns)
    STDOUT:
    STDNET_CANCEL_READ outcome=network-error categoryRead=true phaseTcpRead=true codeCancelled=true retryNever=true cause=false local=true remote=true
    [ PASSED ] CASE: listenerCloseWakesBlockedAcceptAsClosed (1099493 ns)
    [ PASSED ] CASE: cancellingOneAcceptLeavesListenerReusable (29130230 ns)
    [ PASSED ] CASE: preCancelledConnectDoesNotCreateASocket (45770 ns)
    [ PASSED ] CASE: peerGracefulCloseIsReportedAsEof (149868 ns)
    [ PASSED ] CASE: deadlineBoundsBlockedReadWithoutClosingConnection (20279626 ns)
    [ PASSED ] CASE: localCloseMapsBlockedReadWithStableEvidence (1223700 ns)
    [ PASSED ] CASE: explicitAbortWakesBlockedReadWithStableEvidence (1228348 ns)
    [ PASSED ] CASE: firstCloseOrAbortKeepsItsPeerVisibleTerminalResult (454255 ns)
    [ PASSED ] CASE: unknownConnectFailureMapsWithoutMessageOrNativeCode (155366 ns)
    [ PASSED ] CASE: concurrentReadsFailWithoutDisturbingTheActiveRead (1230944 ns)
    [ PASSED ] CASE: happyEyeballsComposesWithTheDefaultStdNetFactory (408443 ns)
Summary: TOTAL: 52
    PASSED: 35, SKIPPED: 17, ERROR: 0
    FAILED: 0
--------------------------------------------------------------------------------------------------
Project tests finished, time elapsed: 31753999953 ns, RESULT:
TP: wirestack.*, time elapsed: 31753951885 ns, RESULT:
    PASSED:
    TP: wirestack.internal.platform.linux, time elapsed: 14658443 ns
    TP: wirestack.internal.http2, time elapsed: 3307380590 ns
    TP: wirestack.internal.tls_engine, time elapsed: 26476027287 ns
    TP: wirestack.internal.http1, time elapsed: 1691136126 ns
    TP: wirestack.internal.transport_stdnet, time elapsed: 210144455 ns
Summary: TOTAL: 404
    PASSED: 384, SKIPPED: 20, ERROR: 0
    FAILED: 0
--------------------------------------------------------------------------------------------------
cjpm test success
