test_atomic_report_preserves_target_on_injected_failure (tools.tests.test_p1_014_evidence_digest_types.EvidenceDigestTypeTests.test_atomic_report_preserves_target_on_injected_failure) ... ok
test_crlf_report_is_bounded_and_uses_actual_platform (tools.tests.test_p1_014_evidence_digest_types.EvidenceDigestTypeTests.test_crlf_report_is_bounded_and_uses_actual_platform) ... ok
test_crlf_report_reads_tracked_checkout_fixture_without_text_override (tools.tests.test_p1_014_evidence_digest_types.EvidenceDigestTypeTests.test_crlf_report_reads_tracked_checkout_fixture_without_text_override) ... ok
test_crlf_report_rejects_claimed_revision_different_from_checkout (tools.tests.test_p1_014_evidence_digest_types.EvidenceDigestTypeTests.test_crlf_report_rejects_claimed_revision_different_from_checkout) ... ok
test_crlf_report_rejects_wrong_architecture_and_libc (tools.tests.test_p1_014_evidence_digest_types.EvidenceDigestTypeTests.test_crlf_report_rejects_wrong_architecture_and_libc) ... ok
test_crlf_report_rejects_wrong_native_platform (tools.tests.test_p1_014_evidence_digest_types.EvidenceDigestTypeTests.test_crlf_report_rejects_wrong_native_platform) ... ok
test_current_inventory_has_no_legacy_task_local_digest_calls (tools.tests.test_p1_014_evidence_digest_types.EvidenceDigestTypeTests.test_current_inventory_has_no_legacy_task_local_digest_calls) ... ok
test_digest_equality_requires_both_serialized_domains (tools.tests.test_p1_014_evidence_digest_types.EvidenceDigestTypeTests.test_digest_equality_requires_both_serialized_domains) ... ok
test_digest_types_and_serialized_domains_are_not_interchangeable (tools.tests.test_p1_014_evidence_digest_types.EvidenceDigestTypeTests.test_digest_types_and_serialized_domains_are_not_interchangeable) ... ok
test_invalid_utf8_fails_without_byte_fallback (tools.tests.test_p1_014_evidence_digest_types.EvidenceDigestTypeTests.test_invalid_utf8_fails_without_byte_fallback) ... ok
test_inventory_classifies_literal_log_as_text_evidence (tools.tests.test_p1_014_evidence_digest_types.EvidenceDigestTypeTests.test_inventory_classifies_literal_log_as_text_evidence) ... ok
test_inventory_excludes_generated_children_not_checkout_ancestors (tools.tests.test_p1_014_evidence_digest_types.EvidenceDigestTypeTests.test_inventory_excludes_generated_children_not_checkout_ancestors) ... ok
test_inventory_manifest_cannot_hide_folded_text_operand (tools.tests.test_p1_014_evidence_digest_types.EvidenceDigestTypeTests.test_inventory_manifest_cannot_hide_folded_text_operand) ... ok
test_inventory_rejects_alternate_hashlib_constructor_import (tools.tests.test_p1_014_evidence_digest_types.EvidenceDigestTypeTests.test_inventory_rejects_alternate_hashlib_constructor_import) ... ok
test_inventory_rejects_artifact_marker_with_shell_variable_operand (tools.tests.test_p1_014_evidence_digest_types.EvidenceDigestTypeTests.test_inventory_rejects_artifact_marker_with_shell_variable_operand) ... ok
test_inventory_rejects_assigned_subprocess_and_os_system_commands (tools.tests.test_p1_014_evidence_digest_types.EvidenceDigestTypeTests.test_inventory_rejects_assigned_subprocess_and_os_system_commands) ... ok
test_inventory_rejects_cksum_sha256_routes (tools.tests.test_p1_014_evidence_digest_types.EvidenceDigestTypeTests.test_inventory_rejects_cksum_sha256_routes) ... ok
test_inventory_rejects_compare_digest_on_bare_digest_field (tools.tests.test_p1_014_evidence_digest_types.EvidenceDigestTypeTests.test_inventory_rejects_compare_digest_on_bare_digest_field) ... ok
test_inventory_rejects_direct_sha256_import_and_untyped_shell_command (tools.tests.test_p1_014_evidence_digest_types.EvidenceDigestTypeTests.test_inventory_rejects_direct_sha256_import_and_untyped_shell_command) ... ok
test_inventory_rejects_local_digest_wrapper (tools.tests.test_p1_014_evidence_digest_types.EvidenceDigestTypeTests.test_inventory_rejects_local_digest_wrapper) ... ok
test_inventory_rejects_named_digest_field_comparison (tools.tests.test_p1_014_evidence_digest_types.EvidenceDigestTypeTests.test_inventory_rejects_named_digest_field_comparison) ... ok
test_inventory_rejects_openssl_and_embedded_python_digest_commands (tools.tests.test_p1_014_evidence_digest_types.EvidenceDigestTypeTests.test_inventory_rejects_openssl_and_embedded_python_digest_commands) ... ok
test_inventory_rejects_openssl_shortcut_and_license_operand (tools.tests.test_p1_014_evidence_digest_types.EvidenceDigestTypeTests.test_inventory_rejects_openssl_shortcut_and_license_operand) ... ok
test_inventory_rejects_powershell_sha256_api (tools.tests.test_p1_014_evidence_digest_types.EvidenceDigestTypeTests.test_inventory_rejects_powershell_sha256_api) ... ok
test_inventory_rejects_text_marker_on_raw_digest_command (tools.tests.test_p1_014_evidence_digest_types.EvidenceDigestTypeTests.test_inventory_rejects_text_marker_on_raw_digest_command) ... ok
test_inventory_rejects_typed_alias_and_raw_python_subprocess (tools.tests.test_p1_014_evidence_digest_types.EvidenceDigestTypeTests.test_inventory_rejects_typed_alias_and_raw_python_subprocess) ... ok
test_inventory_rejects_untyped_digest_anywhere_in_repository_tools (tools.tests.test_p1_014_evidence_digest_types.EvidenceDigestTypeTests.test_inventory_rejects_untyped_digest_anywhere_in_repository_tools) ... ok
test_inventory_resolves_assigned_text_path_before_byte_digest (tools.tests.test_p1_014_evidence_digest_types.EvidenceDigestTypeTests.test_inventory_resolves_assigned_text_path_before_byte_digest) ... ok
test_inventory_resolves_assigned_typed_callable_alias (tools.tests.test_p1_014_evidence_digest_types.EvidenceDigestTypeTests.test_inventory_resolves_assigned_typed_callable_alias) ... ok
test_inventory_resolves_keyword_text_path_before_byte_digest (tools.tests.test_p1_014_evidence_digest_types.EvidenceDigestTypeTests.test_inventory_resolves_keyword_text_path_before_byte_digest) ... ok
test_inventory_scans_composite_actions (tools.tests.test_p1_014_evidence_digest_types.EvidenceDigestTypeTests.test_inventory_scans_composite_actions) ... ok
test_inventory_scans_folded_composite_commands_and_helpers (tools.tests.test_p1_014_evidence_digest_types.EvidenceDigestTypeTests.test_inventory_scans_folded_composite_commands_and_helpers) ... ok
test_inventory_scans_non_python_tools_and_untyped_comparisons (tools.tests.test_p1_014_evidence_digest_types.EvidenceDigestTypeTests.test_inventory_scans_non_python_tools_and_untyped_comparisons) ... ok
test_inventory_traces_assigned_digest_field_into_comparison (tools.tests.test_p1_014_evidence_digest_types.EvidenceDigestTypeTests.test_inventory_traces_assigned_digest_field_into_comparison) ... ok
test_line_endings_share_text_digest_but_not_byte_digest (tools.tests.test_p1_014_evidence_digest_types.EvidenceDigestTypeTests.test_line_endings_share_text_digest_but_not_byte_digest) ... ok
test_production_digest_imports_bootstrap_direct_cli_execution (tools.tests.test_p1_014_evidence_digest_types.EvidenceDigestTypeTests.test_production_digest_imports_bootstrap_direct_cli_execution) ... ok
test_text_inventory_rejects_nul_framing_ambiguity (tools.tests.test_p1_014_evidence_digest_types.EvidenceDigestTypeTests.test_text_inventory_rejects_nul_framing_ambiguity) ... ok
test_untyped_unknown_and_malformed_digest_documents_fail_closed (tools.tests.test_p1_014_evidence_digest_types.EvidenceDigestTypeTests.test_untyped_unknown_and_malformed_digest_documents_fail_closed) ... ok
test_windows_crlf_report_requires_actual_crlf_checkout (tools.tests.test_p1_014_evidence_digest_types.EvidenceDigestTypeTests.test_windows_crlf_report_requires_actual_crlf_checkout) ... ok
test_windows_workflow_is_pinned_and_runs_only_bounded_python_checks (tools.tests.test_p1_014_evidence_digest_types.EvidenceDigestTypeTests.test_windows_workflow_is_pinned_and_runs_only_bounded_python_checks) ... ok
test_cjdoc_version_gate_rejects_non_exact_tool (tools.tests.test_m8_008_http_contracts.M8008HttpContractsTest.test_cjdoc_version_gate_rejects_non_exact_tool) ... ok
test_raw_artifact_mismatch_rejects_pass (tools.tests.test_m8_008_http_contracts.M8008HttpContractsTest.test_raw_artifact_mismatch_rejects_pass) ... ok
test_real_nonzero_subprocess_stops_ordered_chain (tools.tests.test_m8_008_http_contracts.M8008HttpContractsTest.test_real_nonzero_subprocess_stops_ordered_chain) ... ok
test_run_roots_are_unique_and_outputs_cannot_escape (tools.tests.test_m8_008_http_contracts.M8008HttpContractsTest.test_run_roots_are_unique_and_outputs_cannot_escape) ... ok
test_snapshot_captures_dirty_and_nonignored_bytes_but_not_caches (tools.tests.test_m8_008_http_contracts.M8008HttpContractsTest.test_snapshot_captures_dirty_and_nonignored_bytes_but_not_caches) ... ok
test_timeout_stops_descendants_before_returning (tools.tests.test_m8_008_http_contracts.M8008HttpContractsTest.test_timeout_stops_descendants_before_returning) ... ok

----------------------------------------------------------------------
Ran 46 tests in 4.072s

OK
