M7-022 Linux release soak: FAIL: SOAK_ALREADY_RUNNING: another invocation is active
M0-016 validation: PASS
architecture guard: PASS
{"artifacts": {"api": "docs/api/generated/api-surface.json", "coverage": "docs/api/generated/coverage.json", "docs": "docs/api/generated/docs.json", "markdown": "docs/api/generated/markdown"}, "cjdoc": {"path": "/home/elliot/playground/Wirestack-pr-worktrees/M8-004-recovery-tools/cjdoc/bin/cjdoc", "version": "0.7.2"}, "combined": {"apiEntries": 1443, "apiSha256": "7e1d3132d21ef1b2b3b3dba705320d06ee99006582f4b960f9ab63c2361de360", "coverage": {"parameters": {"documented": 689, "percent": 100, "total": 689}, "symbols": {"documented": 1443, "percent": 100, "total": 1443}}, "coverageSha256": "eb40c0dff77ae8e69a252f05d5b64771a1485b66a58058f7e66756898ff279d4", "declarations": 2407, "docsSha256": "ae0fd4aedb087a9a803489c1b59717b852e7cf90eb3fb30a02003575203f9e74", "markdownSha256": "988b54088600cbe0a4c63d442b309d59a3f11ecb93cf3db6b5ced6bd4f632518", "package": "combined", "status": "PASS"}, "commands": [{"kind": "check", "package": "wirestack", "returncode": 0, "status": "PASS", "stderr": "documentation coverage: symbols 646/646 (100%), parameters 253/253 (100%)\n", "stderr_truncated": false, "stdout": "", "stdout_truncated": false}, {"kind": "generate", "package": "wirestack", "returncode": 0, "status": "PASS", "stderr": "", "stderr_truncated": false, "stdout": "generated /tmp/wirestack-m7-033-rr2642ru/wirestack/output\n", "stdout_truncated": false}, {"kind": "check", "package": "wirestack.http", "returncode": 0, "status": "PASS", "stderr": "documentation coverage: symbols 1048/1048 (100%), parameters 473/473 (100%)\n", "stderr_truncated": false, "stdout": "", "stdout_truncated": false}, {"kind": "generate", "package": "wirestack.http", "returncode": 0, "status": "PASS", "stderr": "", "stderr_truncated": false, "stdout": "generated /tmp/wirestack-m7-033-rr2642ru/wirestack-http/output\n", "stdout_truncated": false}, {"kind": "check", "package": "wirestack.tls", "returncode": 0, "status": "PASS", "stderr": "documentation coverage: symbols 800/800 (100%), parameters 298/298 (100%)\n", "stderr_truncated": false, "stdout": "", "stdout_truncated": false}, {"kind": "generate", "package": "wirestack.tls", "returncode": 0, "status": "PASS", "stderr": "", "stderr_truncated": false, "stdout": "generated /tmp/wirestack-m7-033-rr2642ru/wirestack-tls/output\n", "stdout_truncated": false}, {"kind": "check", "package": "wirestack.net", "returncode": 0, "status": "PASS", "stderr": "documentation coverage: symbols 887/887 (100%), parameters 424/424 (100%)\n", "stderr_truncated": false, "stdout": "", "stdout_truncated": false}, {"kind": "generate", "package": "wirestack.net", "returncode": 0, "status": "PASS", "stderr": "", "stderr_truncated": false, "stdout": "generated /tmp/wirestack-m7-033-rr2642ru/wirestack-net/output\n", "stdout_truncated": false}, {"kind": "check", "package": "combined", "returncode": 0, "status": "PASS", "stderr": "documentation coverage: symbols 1443/1443 (100%), parameters 689/689 (100%)\n", "stderr_truncated": false, "stdout": "", "stdout_truncated": false}, {"kind": "generate", "package": "combined", "returncode": 0, "status": "PASS", "stderr": "", "stderr_truncated": false, "stdout": "generated /tmp/wirestack-m7-033-rr2642ru/combined/output\n", "stdout_truncated": false}], "expectedCjdoc": "0.7.2", "generatedAtUtc": "2026-09-13T19:54:37.509510Z", "issues": [], "layers": [{"apiEntries": 646, "apiSha256": "69378f9dd90fca54576bed883abea3d309535b09546b422ee5dd93737fd72374", "coverage": {"parameters": {"documented": 253, "percent": 100, "total": 253}, "symbols": {"documented": 646, "percent": 100, "total": 646}}, "coverageSha256": "38c008ed140aa4cc6fb436c854610699a0c9ea71cd233ec71d7ca12b63fdbc28", "declarations": 789, "docsSha256": "66eec7d03245ce99b8a0821a39e9765bc8030cd5cc8c00e68392f6372155f79b", "markdownSha256": "3055a19762b460c1f977ca0ed29a1154c7af8cda9d232351ef2bba0e2b409b45", "package": "wirestack", "status": "PASS"}, {"apiEntries": 1048, "apiSha256": "79421833f69c509b6805251a5f20a48b7216faf94b5c397f2a0942a9aff37a59", "coverage": {"parameters": {"documented": 473, "percent": 100, "total": 473}, "symbols": {"documented": 1048, "percent": 100, "total": 1048}}, "coverageSha256": "f322c080ee70a400b3807aa26879ce64b9357d927cd342af6460e2ae50f46ca7", "declarations": 1713, "docsSha256": "263af1a9d2acc760f0ff54bac7cfbe960743417f4efbe677775584034e2595e4", "markdownSha256": "b90982339ea708b7f7715aac927745b2581b6855195119690f6e0f5582139392", "package": "wirestack.http", "status": "PASS"}, {"apiEntries": 800, "apiSha256": "4afa53d04ea7a23f835be0261fb852cfff645148731570fcdacce8972fc652c8", "coverage": {"parameters": {"documented": 298, "percent": 100, "total": 298}, "symbols": {"documented": 800, "percent": 100, "total": 800}}, "coverageSha256": "1277bdbb3a54bcd4f2263c20a0420046ff2d7e320970035eba67c2f04d457eb6", "declarations": 971, "docsSha256": "a4b6b2eb2fbc3e98cd30ab4aa1701326c79dc4a501a2eb701a96e824ec48feca", "markdownSha256": "f11ae8b6080dd249c5c33562a00732f7bbd35c67e423c0bcfc39ae9935b07646", "package": "wirestack.tls", "status": "PASS"}, {"apiEntries": 887, "apiSha256": "4455b181ac56385d5a90c87e89d00a79c1a6cba4c1be65477590546af59c590f", "coverage": {"parameters": {"documented": 424, "percent": 100, "total": 424}, "symbols": {"documented": 887, "percent": 100, "total": 887}}, "coverageSha256": "28526d2cdda06c477c23509da56bd0cbbabbb346afe9afe5e03fcaefe2a4cdf2", "declarations": 1301, "docsSha256": "ba853352adfb121b5bbacf1c8f0ff93e7f778df3e328e1332484b59cab690f67", "markdownSha256": "c665cef542630b9fbda37c53b17bfede25aa487c50b010430c1047257d4e1bfe", "package": "wirestack.net", "status": "PASS"}], "platform": {"libc": "glibc", "machine": "x86_64", "system": "Linux"}, "schemaVersion": 1, "sourceSha256": {"src/byte_span.cj": "4b38c6d184e172a56f0c39308294cbd2485ff683aba4f27028abe07c2b4661c4", "src/cancellation.cj": "c023b65acab9740096dc1ec9a770cf59d7361b2fec3dcdeebb3cc6033d78034d", "src/common.cj": "7a6d9bf1bd56bb9c5209152b2482dee044027f8d348233dcd6cc7b87d1c866e3", "src/deadline.cj": "15c5fd0c7f2dcfb4be7150359990c7c35cde11aa3332f80a9efe9f79e431a7c4", "src/hostname_verifier.cj": "a0d06b89cf163b91339e5690bf1d15d8e94bd4912c2792b35e0cdd09d4e34989", "src/http/cancellation.cj": "8ff94be6a771af4c56dab7dc982fca0a16e6df1da4d1a14303dfc179f9225537", "src/http/client.cj": "97131a36c964f68cbc6697a87a4fd5fe81a5a0d146dee3355b4386a47f97c628", "src/http/cookie.cj": "95e912b05ffb19a0604b0acf97867062b297d86e1578ed2bee2f4edb5f6bd78c", "src/http/duplex.cj": "e81f52f4efbc0b728a1891d67bc0f3a6292af471d16d992b65e2055e44ffac24", "src/http/error.cj": "d88c54a157e02063ab4048c197631daba3642a9618672841e4b98d3a25d275ad", "src/http/file_handler.cj": "2706ddeadba5c448a9bdf9ed1b604d5fe56c527b001d28ecb3b558b93728df74", "src/http/hooks.cj": "0b6016a645fd69bbb8743e5abfed22b4c325286a450587b4ff87b722ef04f2ed", "src/http/multipart.cj": "506c82b691fa280fc147fa7d6f73aa5ed7b1045f5fa1122bd7c667a62aead36e", "src/http/package.cj": "edae278034e8047e77649badec506b86ff2e6f3fc530d3eaf68394f77ff43ca0", "src/http/proxy.cj": "9576c9b153192c93943911557e8cce25f567e5ad0357074189437cc17af6fe1d", "src/http/redirect.cj": "e7e9f07fa0bb79299e46c1320b32daf238e702b66fcb8e1368439723d74d96b4", "src/http/resolver.cj": "8c44e5ff6961122d6483c22546a26dab02e8414b88d5e18b954ddcf0b3ff29e4", "src/http/retry.cj": "e889370833f2d5b7df07d4cd13aa3068ab6262e1c2252728cbcc99c788b4199b", "src/http/server.cj": "52ede5995cf2b5ac64948b36334eadd9782cdcaa26e4c2bf3914a85e25cdb529", "src/http/tls.cj": "b232989ad8c4e73d4480dcae4ce40aae55fbedf9ce13b5922cc61b8a6e8a1e62", "src/http/upgrade.cj": "3bf29c0ad5b9fd19f5b2d994d36abcf76cbcc7d22d46c18991378aab705e0f73", "src/http/websocket.cj": "1eafd0d9f728592adea31d4397a8173c98d6ad3551ab4ed84d3b77623b787ba7", "src/http/websocket_handshake.cj": "db5d899be8d22022db1e7aed502ad36c3cc5e52d6dbae8dce53112f797276d59", "src/http_body.cj": "49b72ad2517213133eb693a190061050b655edb02df01eaa414db216c60fc4fe", "src/http_contract.cj": "39d7fe3885f50211393d9e03dc478b7370566bf7b7b3d3f20d0a5d3de3dc9259", "src/http_message.cj": "4033d25f42135e43f498f11d2b459512dcb7c45bce6e91efaa85b18a053e8ef1", "src/http_model.cj": "993ad73017a4da224b98f851e1e39d46fe6016502044b934f7ab191fb0da5a8c", "src/http_push.cj": "5dde5a1ff4cee87c947c1867e56fe0e7b9d2a38e2ca91a597f5a8deb4c2fc20f", "src/http_url.cj": "074cc811771e49030292b278252947af9f29476f67e9fd53f6a82ac473690955", "src/net/datagram_socket_core.cj": "2095e7d3a02c805c3018badf7045b0d76a42a56e101a2e08867f32b676c34ae6", "src/net/dns_client.cj": "a63095f98489b93b83f76cebc878678391d338f9080e15cf2ea7277ff6562622", "src/net/dns_resolver.cj": "65b410bda4ed26d315848f68bdd70b432101153b12e3c5d6dcccd8bea14ec183", "src/net/dns_wire.cj": "08b6bfb5fb7b46502a2a897f44a251765947359408398bcb93442504de28bde0", "src/net/package.cj": "05ee39721856fab3dc82dc4a83baaa0adfd9bb8af4fb38e0af41d4f5cb4430cc", "src/net/tcp_listener.cj": "7735311cd3aa657a3be9a37216cb5a1b404854932ab66480ea78b9f42a2b2b1f", "src/net/udp_socket.cj": "a59cba97d797a3800338f6a8594bfcd0f93456fc926421b2f9bce81149c9546b", "src/net/unix_datagram_socket.cj": "7447856c277d45d943087e3285fd0ade950cf7047fbf232052e1cd9d0a730511", "src/net/unix_listener.cj": "aa964800977f95ff67a6351a91c16d950324bbe0c50d7b01c5f1484f06e01967", "src/net/unix_stream.cj": "399aeac5d19f6457e2342fd7b1af3a76943f00db50a21c1474bed3b3141acb8b", "src/network_error.cj": "4e272f9b9887804f0de87ec032d442a69b49803da66bffa005b7f0282aadc5e5", "src/network_event.cj": "55d93c151752e76c80c441e4bfc639f7d6da77e89ed582bae2ba6a43cdcc3084", "src/operation_context.cj": "523a1c1efaab2f3e6ba0755386460ea504a2caa8ef1453a18134f950c6e1234d", "src/package.cj": "f9035aacfa24f06fe88eda3f16a5cbcf5dbf482b2d86776ea27e09e4861e93d7", "src/private_key_contract.cj": "cb03bb9badc0552c2ac66dbb6bf4842559b5ea17b2aa77284e817a78d63c6e84", "src/resolver.cj": "7b2129a0e3fd4be72ad2dd6adaf0053d5de23a08214157c931d38d7627154b23", "src/tls/facade.cj": "7cdea5920f34d68eb670f0ac701bc9003eb9a0b1823d7c27ccc5d2941692bccd", "src/tls/identity.cj": "763b6b5f60e3afaed998a21ea7d1ca2f7db8d016255e670cab5fb96c2dfbd714", "src/tls/package.cj": "dd45ea5dbcb3846376a1621faf38bdf31e4509e99efb2fbe36b4a9bdb1f3c819", "src/tls_contract.cj": "e8d453029bd16914b5f3c7c3b4b44a5e2e16b69233a27f8b06c633b056a54267", "src/transport.cj": "6781aa3bf538523e02c4807eebff7ac37a773e5dc9bdb427e6a56ace3a0b7033", "src/trust.cj": "f64b49d84a58e034e3976089211f7b645b42e5bc51dbc353f2e0bcec14d17aba"}, "status": "PASS", "targetCfg": {"arch": "x86_64", "env": "gnu", "os": "Linux"}, "taskId": "M7-033"}
The valid serial compilation order is:
    wirestack -> wirestack.internal -> wirestack.internal.identity -> wirestack.internal.platform -> wirestack.internal.platform.android -> wirestack.internal.platform.apple -> wirestack.internal.platform.harmony -> wirestack.internal.platform.linux -> wirestack.internal.platform.windows -> wirestack.internal.common -> wirestack.internal.http_files -> wirestack.internal.http_model -> wirestack.internal.transport -> wirestack.internal.trust -> wirestack.internal.http2 -> wirestack.internal.resolver -> wirestack.internal.tls_engine -> wirestack.internal.connector -> wirestack.tls -> wirestack.internal.http1 -> wirestack.internal.transport_stdnet -> wirestack.net -> wirestack.http
cjpm check success
cjpm build success
--------------------------------------------------------------------------------------------------
TP: wirestack.net, time elapsed: 1495865627 ns, RESULT:
    TCS: DnsClientWireTest, time elapsed: 948094402 ns, RESULT:
    [ PASSED ] CASE: publicQueryAndLookupUseRealUdpAndRetainAbsoluteCacheExpiry (2370098 ns)
    [ PASSED ] CASE: publicQueryEncodesEveryModeledRecordType (8633140 ns)
    [ PASSED ] CASE: wrongSourceIdAndQuestionAreIgnoredBeforeValidUdpResponse (1050058 ns)
    [ PASSED ] CASE: validatedTruncationFallsBackToExactTcpFrame (1143596 ns)
    [ PASSED ] CASE: activeCancellationRetainsNameserverWithoutRetry (60630778 ns)
    [ PASSED ] CASE: silentDnsAttemptsLeaveBudgetForServerAndPassFailover (504344163 ns)
    [ PASSED ] CASE: exhaustedResponseCodesRetainTheLastRespondingNameserver (2933015 ns)
    [ PASSED ] CASE: unsupportedResponseCodeRetainsRespondingNameserver (1014028 ns)
    [ PASSED ] CASE: dnsTransportFailuresRetainSelectedNameserver (252299920 ns)
    [ PASSED ] CASE: tcpResponseCannotRemainTruncated (2009504 ns)
    [ PASSED ] CASE: malformedMatchingResponseAndUnrelatedSectionsCannotPoisonCache (2983507 ns)
    [ PASSED ] CASE: cnameTraversalUsesAnswerOwnersAndRejectsConflictingTargets (1920362 ns)
    [ PASSED ] CASE: fullResultCapacityDoesNotQueryAnotherFamily (60474909 ns)
    [ PASSED ] CASE: rfc2308CacheRetainsNxdomainVersusNodataWithoutNewPackets (2941770 ns)
    [ PASSED ] CASE: zeroTtlNeverCreatesAPositiveCacheEntry (1912728 ns)
    [ PASSED ] CASE: callerCancellationAndClientCloseWakeActiveNativeReceive (2115753 ns)
    [ PASSED ] CASE: anyFamilyRetainsAddressesWhenTheOtherFamilyFails (3603105 ns)
    [ PASSED ] CASE: crossFamilyConflictsRetainTheLivePeerAlongsideCachedResults (3754826 ns)
    [ PASSED ] CASE: nxdomainInvalidatesVisitedTargetsAndOtherCachedAliases (14966728 ns)
    [ PASSED ] CASE: everyNxdomainInvalidatesPreviouslyCachedAddresses (6729091 ns)
    [ PASSED ] CASE: noncacheableNxdomainStopsOtherFamilyQueries (2288410 ns)
    [ PASSED ] CASE: nameWideNegativeOverridesEarlierFamilyFailure (2500435 ns)
    [ PASSED ] CASE: boundedAdmissionRejectsExcessAndCloseWakesQueuedCallers (1253953 ns)
    TCS: DnsResolverPolicyTest, time elapsed: 285009386 ns, RESULT:
    [ PASSED ] CASE: fromSystemParsesTabsCommentsLastSearchAndClampedNdots (333382 ns)
    [ PASSED ] CASE: directConfigRejectsUnsupportedNameserverZonesBeforeQueries (43912 ns)
    [ PASSED ] CASE: numericNameserverZonesUseCanonicalEndpointIdentity (55285 ns)
    [ PASSED ] CASE: systemNameserversRetainOnlySupportedNumericZones (645014 ns)
    [ PASSED ] CASE: equivalentNameserverScopesDoNotConsumeTheServerLimit (242100 ns)
    [ PASSED ] CASE: configOwnsInputArraysAndReturnsDefensiveCopies (41957 ns)
    [ PASSED ] CASE: adoptedClientRequiresMatchingConfigurationWithoutTakingRejectedOwnership (167464 ns)
    [ PASSED ] CASE: systemFilesFailClosedWhenMissingOversizedOrNonregular (13760699 ns)
    [ PASSED ] CASE: ipv4LiteralsBypassHostsSearchAndNameservers (60414010 ns)
    [ PASSED ] CASE: hostsSnapshotRetainsOnlyUsableIpv6Zones (406302 ns)
    [ PASSED ] CASE: hostsAliasesFilterFamiliesAndRemainSnapshotted (546707 ns)
    [ PASSED ] CASE: trailingRootSkipsSearchWhileNdotsSelectsSearchOrAbsoluteFirst (4220469 ns)
    [ PASSED ] CASE: exactHostsEntryWinsBeforeSearchSuffixDns (200421537 ns)
    [ PASSED ] CASE: cancelledExpiredAndClosedCallsRetainPublicResolveClassifications (310497 ns)
    [ PASSED ] CASE: connectUsesHostsMappingForANativeListenerExchange (620739 ns)
    [ PASSED ] CASE: resolverConnectCarriesOneAbsoluteDeadlineIntoNativeTcpAdmission (341870 ns)
    TCS: DnsWireParserTest, time elapsed: 29292980 ns, RESULT:
    [ PASSED ] CASE: decodesCompressedTargetsBinaryTxtSoaAndUnknownData (218858 ns)
    [ PASSED ] CASE: recordOrderMakesAnswerAuthorityAndAdditionalBoundariesExplicit (88376 ns)
    [ PASSED ] CASE: summariesAndRecordsOwnParserAndConstructorInputs (55946 ns)
    [ PASSED ] CASE: publicSummaryRejectsCountsBeyondWireAndCombinedRecordBounds (26012263 ns)
    [ PASSED ] CASE: parserPreservesQuestionIdentityAndRejectsIncompleteRecords (84948 ns)
    [ PASSED ] CASE: asciiNameProfileRejectsAmbiguousLabels (117572 ns)
    [ PASSED ] CASE: compressionLoopsForwardPointersAndOutOfRangePointersAreRejected (63987 ns)
    [ PASSED ] CASE: expandedNameAndSectionCountsRespectConfiguredBounds (87291 ns)
    [ PASSED ] CASE: completeParserRejectsTrailingAndTruncatedSectionBytes (73512 ns)
    [ PASSED ] CASE: typedRdataLengthsAndTxtSegmentsAreExact (86419 ns)
    [ PASSED ] CASE: compressedRdataNamesCannotConsumeNeighboringRecordBytes (79295 ns)
    [ PASSED ] CASE: srvTargetCompressionIsRejectedEvenWhenPointerIsInBounds (50967 ns)
    [ PASSED ] CASE: summaryConstructorRejectsSectionMetadataThatCouldBlurBoundaries (28046 ns)
    [ PASSED ] CASE: additionalOwnerMayReferenceAuthorityNameserverTarget (76295 ns)
    [ PASSED ] CASE: additionalOwnerMayReferenceSecondLegacyMailboxName (105162 ns)
    TCS: DnsWireFuzzTest, time elapsed: 112225570 ns, RESULT:
    [ PASSED ] CASE: wireMutationsRejectMalformedMessagesOrRetainOwnedSections (111959344 ns)
    TCS: M8002TcpListenerTest, time elapsed: 59918588 ns, RESULT:
    [ PASSED ] CASE: bindRejectsInvalidBacklogAndStoppedContextsWithStructuredErrors (71590 ns)
    [ PASSED ] CASE: bindFailureRetainsPublicCoordinatesAndCause (103960 ns)
    [ PASSED ] CASE: cancelledAndExpiredAcceptsLeaveListenerReusable (27782941 ns)
    [ PASSED ] CASE: acceptedStreamTransfersExactDataInBothDirections (248760 ns)
    [ PASSED ] CASE: overlappingAcceptIsRejectedWithoutCreatingAPendingQueue (29997174 ns)
    [ PASSED ] CASE: stoppedCloseAdmissionHasNoNativeEffectAndListenerRemainsUsable (326369 ns)
    [ PASSED ] CASE: gracefulAndAbortTerminalOwnersAreStableAndWakeAccept (153148 ns)
    TCS: M8002UdpSocketTest, time elapsed: 24032170 ns, RESULT:
    [ PASSED ] CASE: datagramBoundariesAndOwnedPayloadSurviveScratchReuse (312296 ns)
    [ PASSED ] CASE: exactCapacityAndTruncationDiscardOnlyTheCurrentDatagramTail (263745 ns)
    [ PASSED ] CASE: connectedSocketSelectsNativePeerAndFiltersOtherSenders (248019 ns)
    [ PASSED ] CASE: invalidAndUnsupportedInputsLeaveSocketReusable (2021552 ns)
    [ PASSED ] CASE: cancellationDeadlineCloseAndAbortRetainDistinctState (20348597 ns)
    TCS: NetworkFoundationContractTest, time elapsed: 36461505 ns, RESULT:
    [ PASSED ] CASE: unixEndpointFormsAreDistinctAndOwned (20477 ns)
    [ PASSED ] CASE: unixEndpointRejectsUnboundedNames (25280 ns)
    [ PASSED ] CASE: rawSocketCapabilityBoundaryRequiresDomainSpecificProtocol (43356 ns)
    [ PASSED ] CASE: cancelledConnectFailsBeforeSocketCreation (41712 ns)
    [ PASSED ] CASE: tcpStreamCancellationDistinguishesUntouchedFromAbortedDelegate (76346 ns)
    [ PASSED ] CASE: tcpStreamGracefulCloseIsRetainedAndIdempotent (26136 ns)
    [ PASSED ] CASE: tcpStreamTerminalCloseSkipsStoppedContextsAndCallerClock (86657 ns)
    [ PASSED ] CASE: tcpStreamNonterminalStoppedCloseAdmissionStillRejects (69078 ns)
    [ PASSED ] CASE: tcpStreamCloseNormalizesContextFailureWithoutTakingOwnership (37158 ns)
    [ PASSED ] CASE: tcpStreamAbortRetainsItsCauseAndConnectionFacts (79231 ns)
    [ PASSED ] CASE: tcpStreamDirectionalShutdownPublishesOnlySuccessfulTransitions (43555 ns)
    [ PASSED ] CASE: tcpStreamReadShutdownRejectsEveryReadPathWithoutLosingWrites (49906 ns)
    [ PASSED ] CASE: tcpStreamWriteShutdownRejectsEveryWritePathWithoutLosingReads (48919 ns)
    [ PASSED ] CASE: tcpStreamEmptyOperationsRemainImmediateAfterDirectionalShutdown (27997 ns)
    [ PASSED ] CASE: tcpStreamReadExactAddsCapturedEndpointsToUnexpectedEof (32352 ns)
    [ PASSED ] CASE: tcpStreamReadKeepsPeerEofGraceful (16162 ns)
    [ PASSED ] CASE: tcpStreamReadExactMergesCapturedAndStructuredEndpointMetadata (37347 ns)
    [ PASSED ] CASE: tcpStreamIoConflictsRetainCapturedEndpointsWithoutClosing (93967 ns)
    [ PASSED ] CASE: tcpStreamDirectionalShutdownDoesNotPromoteWokenIoToFailure (55639 ns)
    [ PASSED ] CASE: tcpStreamFinalShutdownRemainsGracefulWhenItWakesIo (29552 ns)
    [ PASSED ] CASE: tcpStreamFailuresRetainOriginalErrorAndReleaseDelegate (55342 ns)
    [ PASSED ] CASE: tcpStreamRetainsNativeCancellationOwnership (1227229 ns)
    [ PASSED ] CASE: tcpStreamNormalizesUnexpectedDelegateFailures (141959 ns)
    [ PASSED ] CASE: tcpStreamPrecancelledIoCannotClaimAnotherClosesOwnership (146438 ns)
    [ PASSED ] CASE: tcpStreamCancellationOwnershipSurvivesOtherObservers (98151 ns)
    [ PASSED ] CASE: tcpStreamAbortCannotRelabelClaimedGracefulNativeClose (27450 ns)
    [ PASSED ] CASE: tcpStreamAbortOwnershipSurvivesCompetingIoAndLateCloseFailure (43249 ns)
    [ PASSED ] CASE: tcpStreamCancellationBoundsCloseWaitAndLateSuccessRemainsGraceful (60476 ns)
    [ PASSED ] CASE: tcpStreamJoiningBackgroundCloseWaitsForCompletion (27901304 ns)
    [ PASSED ] CASE: tcpStreamDeadlineBoundsCloseWaitAndLateSuccessRemainsGraceful (58067 ns)
    [ PASSED ] CASE: tcpStreamLateCloseFailurePublishesFailedWithoutReplacingCallerCancellation (66072 ns)
    [ PASSED ] CASE: tcpStreamAbortRemainsTerminalWhenDetachedCloseFailsLate (85041 ns)
    [ PASSED ] CASE: tcpStreamCloseKeepsGracefulCauseWhenItWakesARead (41135 ns)
    [ PASSED ] CASE: unsafeOptionValueIsBoundedAndOwnedWithoutApplyingIt (62456 ns)
    [ PASSED ] CASE: datagramResultEnforcesTheIpv4PayloadBound (1705320 ns)
    [ PASSED ] CASE: datagramResultSurvivesReceiveBufferReuse (9918 ns)
Summary: TOTAL: 103
    PASSED: 103, SKIPPED: 0, ERROR: 0
    FAILED: 0
--------------------------------------------------------------------------------------------------
TP: wirestack.internal.common, time elapsed: 1998509 ns, RESULT:
    TCS: EndpointTest, time elapsed: 1226811 ns, RESULT:
    [ PASSED ] CASE: acceptsTypedIpv4AndIpv6WithoutDns (191689 ns)
    [ PASSED ] CASE: addressOwnsAnImmutableOctetSnapshot (16533 ns)
    [ PASSED ] CASE: rejectsWrongLengthsAndIpv4Zones (41021 ns)
    [ PASSED ] CASE: ipv6ZoneAndPortBoundariesRemainTypedIdentity (16362 ns)
    [ PASSED ] CASE: rejectsEmptyAndOversizedIpv6Zones (25905 ns)
    TCS: HostNameTest, time elapsed: 700403 ns, RESULT:
    [ PASSED ] CASE: canonicalizesAsciiCaseAndOneRootDot (35271 ns)
    [ PASSED ] CASE: rejectsAmbiguousOrInvalidDnsNames (85589 ns)
    [ PASSED ] CASE: acceptsAsciiALabelAndExactDnsLengthBoundaries (80413 ns)
    [ PASSED ] CASE: rejectsOneByteBeyondLabelAndHostLimits (30403 ns)
Summary: TOTAL: 9
    PASSED: 9, SKIPPED: 0, ERROR: 0
    FAILED: 0
--------------------------------------------------------------------------------------------------
TP: wirestack.internal.http2, time elapsed: 3038855275 ns, RESULT:
    TCS: Http2ClientConnectionTest, time elapsed: 169860887 ns, RESULT:
    [ PASSED ] CASE: encodedHeaderFailureClosesTheConnection (925662 ns)
    [ PASSED ] CASE: tenConcurrentRequestsShareOneConnectionAndMapOutOfOrderResponses (3519631 ns)
    [ PASSED ] CASE: claimedStreamsPublishInitialHeadersInStreamIdOrder (3622524 ns)
    [ PASSED ] CASE: cancelledUnpublishedStreamDoesNotBlockNextClaim (2521293 ns)
    [ PASSED ] CASE: declaredLengthDoesNotReleaseStreamBeforeWireEndStream (940882 ns)
    [ PASSED ] CASE: streamsRequestBodyThroughFlowControlledDataAndEndsLocallyOnce (1113963 ns)
    [ PASSED ] CASE: peerResetFailsOnlyItsStreamAndConnectionRemainsUsable (2665573 ns)
    [ PASSED ] CASE: peerGoAwayDrainsConnectionWithoutFailingAcceptedStream (772685 ns)
    [ PASSED ] CASE: connectedStreamOutlivesHandshakeCancellationAndUsesOperationContexts (2493704 ns)
    [ PASSED ] CASE: contextlessHalfCloseDoesNotWaitForBlockedConnectionWriter (3956389 ns)
    [ PASSED ] CASE: halfCloseOrdersEndAfterAdmittedFlowControlledWrite (7830515 ns)
    [ PASSED ] CASE: gracefulCloseOrdersEndAfterAdmittedFlowControlledWrite (9040891 ns)
    [ PASSED ] CASE: gracefulCloseDeadlineStopsAdmittedFlowControlledWrite (110070028 ns)
    [ PASSED ] CASE: queuedHalfCloseCancellationDoesNotWaitForConnectionWriter (9829063 ns)
    [ PASSED ] CASE: rejectedConnectReturnsFullResponseAndClosesRequestDirection (3216120 ns)
    [ PASSED ] CASE: enabledPushAttachesBoundedCallerDrivenResponses (4237092 ns)
    TCS: Http2ClientMappingTest, time elapsed: 3467213 ns, RESULT:
    [ PASSED ] CASE: requestMapsOrderedPseudoFieldsAuthorityAndSensitiveHeaders (93178 ns)
    [ PASSED ] CASE: connectUsesOnlyMethodAndAuthorityPseudoFields (54407 ns)
    [ PASSED ] CASE: connectStreamMappingKeepsBothDataDirectionsOpen (91629 ns)
    [ PASSED ] CASE: requestRejectsAuthorityFramingAndConnectionAmbiguity (233554 ns)
    [ PASSED ] CASE: requestHeaderListHonorsHttp2BoundsBeforeHpackMutation (63320 ns)
    [ PASSED ] CASE: requestBodyProvesEofBeforeOneTerminalTrailerBlock (107145 ns)
    [ PASSED ] CASE: requestBodyRejectsPrematureEofAndConfiguredOverflow (129085 ns)
    [ PASSED ] CASE: responseMapsInformationalFinalDataAndTrailersInOrder (139872 ns)
    [ PASSED ] CASE: responseRejectsPseudoOrderCaseAndConnectionFieldsAsStreamErrors (61108 ns)
    [ PASSED ] CASE: responseRejectsInvalidStatusAndTooManyInformationalHeads (154913 ns)
    [ PASSED ] CASE: responseContentLengthMustMatchExactlyAtEndStream (107908 ns)
    [ PASSED ] CASE: streamingResponseMayExceedTheConfiguredRequestBodyBound (25084 ns)
    [ PASSED ] CASE: bodylessAndConnectResponseRulesAreExplicit (190132 ns)
    [ PASSED ] CASE: responseTrailersRequireFinalEndStreamAndRegularAllowedFields (132816 ns)
    [ PASSED ] CASE: promisedRequestValidationPrecedesApplicationPolicy (238579 ns)
    TCS: Http2ClientPushOwnershipTest, time elapsed: 1334403 ns, RESULT:
    [ PASSED ] CASE: resetLostOfferIsClosedAndNextOfferRemainsDeliverable (273600 ns)
    [ PASSED ] CASE: parentCancellationStopsTransferredStalledBodyWithoutCancellingIndependentSibling (358648 ns)
    [ PASSED ] CASE: expiredParentAbsoluteDeadlineStillGovernsTransferredBodyAfterHeaders (171856 ns)
    TCS: Http2ConformanceTest, time elapsed: 5915858 ns, RESULT:
    [ PASSED ] CASE: invalidFrameOrderMatrixFailsAtConnectionScope (359175 ns)
    [ PASSED ] CASE: continuationSequenceCompletesOnlyOnEndHeaders (146186 ns)
    [ PASSED ] CASE: rstStreamAndGoAwayRaceCompletesOwnerOnceAndCleansRegistrations (4901872 ns)
    TCS: Http2ConnectionStateMachineTest, time elapsed: 5220055 ns, RESULT:
    [ PASSED ] CASE: clientStartEmitsMagicAndSettingsThenPeerSettingsOpens (36118 ns)
    [ PASSED ] CASE: serverConsumesIncrementalMagicBeforeItsFirstSettings (41799 ns)
    [ PASSED ] CASE: invalidOrIncompletePrefaceFailsOnceWithProtocolEvidence (54232 ns)
    [ PASSED ] CASE: firstPeerFrameMustBeNonAcknowledgementSettings (40046 ns)
    [ PASSED ] CASE: openConnectionAppliesSettingsAndCompletesHeaderBlocks (36657 ns)
    [ PASSED ] CASE: peerGoAwayDrainsAndMayOnlyNarrowItsBoundary (51044 ns)
    [ PASSED ] CASE: localDrainUsesProcessedPeerBoundaryAndNeverIncreases (46411 ns)
    [ PASSED ] CASE: racingFinishTransitionsAndPublishesCompletionExactlyOnce (4041948 ns)
    TCS: Http2DeterministicFuzzTest, time elapsed: 62485797 ns, RESULT:
    [ PASSED ] CASE: frameParserDeterministicMutationCorpusStaysBounded (6340194 ns)
    [ PASSED ] CASE: hpackDecoderDeterministicMutationCorpusFailsClosed (55384888 ns)
    [ PASSED ] CASE: protocolLimitBoundaryMutationsRejectOversizedInputs (60202 ns)
    TCS: Http2FlowControllerTest, time elapsed: 2587924266 ns, RESULT:
    [ PASSED ] CASE: windowUpdateCodecIgnoresReservedBitAndRejectsZeroByScope (29103 ns)
    [ PASSED ] CASE: reservationsRespectConnectionStreamAndPeerFrameCredit (44604 ns)
    [ PASSED ] CASE: settingsShrinkPausesReservedDataAndCancellationReleasesIt (50721 ns)
    [ PASSED ] CASE: streamWindowUpdateWakesAReservedPermitAfterSettingsShrink (34687 ns)
    [ PASSED ] CASE: concurrentTryReserveNeverOvercommitsOneStream (440375 ns)
    [ PASSED ] CASE: receiveCreditReturnsOnlyAfterApplicationConsumption (70789 ns)
    [ PASSED ] CASE: smallReceiveReadsCoalesceWindowUpdates (176557 ns)
    [ PASSED ] CASE: stalledConnectionCreditFlushesOnceWithoutChangingSmallReadCoalescing (31443 ns)
    [ PASSED ] CASE: leastRecentlyServedStreamsReceiveCreditBeforeThePreviousOwner (2584921543 ns)
    [ PASSED ] CASE: connectionSendWindowIsSharedAcrossStreams (47599 ns)
    [ PASSED ] CASE: connectionAndStreamWindowViolationsHaveCorrectScope (52198 ns)
    [ PASSED ] CASE: settingsAndWindowOverflowFailAtomically (64692 ns)
    [ PASSED ] CASE: streamCleanupCancelsPermitsAndRestoresOnlyConnectionReceiveCredit (65047 ns)
    [ PASSED ] CASE: dataAccountingUsesTheEntireFramePayload (27227 ns)
    TCS: Http2FrameCodecTest, time elapsed: 1438008 ns, RESULT:
    [ PASSED ] CASE: everyRequiredFrameEnvelopeRoundTrips (144707 ns)
    [ PASSED ] CASE: parserAcceptsEverySingleByteBoundaryAndMultipleFrames (86787 ns)
    [ PASSED ] CASE: incompleteInputStaysBoundedUntilCompletion (27974 ns)
    [ PASSED ] CASE: oversizedFrameFailsBeforePayloadBufferingAndParserBecomesTerminal (50489 ns)
    [ PASSED ] CASE: reservedBitIsIgnoredOnReadAndClearedOnWrite (21531 ns)
    [ PASSED ] CASE: unknownFramesAndFlagsRoundTripWithoutInterpretation (30799 ns)
    [ PASSED ] CASE: transportWriterHandlesRepeatedPartialWrites (41713 ns)
    TCS: Http2FrameModelTest, time elapsed: 1117540 ns, RESULT:
    [ PASSED ] CASE: frameAndErrorCodesRoundTripIncludingExtensions (41672 ns)
    [ PASSED ] CASE: streamIdentifierIgnoresReservedBitAndKeepsThirtyOneBits (13444 ns)
    [ PASSED ] CASE: limitsAreExplicitAndFrameSizeIsBounded (37929 ns)
    [ PASSED ] CASE: fixedFrameShapesAndStreamScopesAreValidated (53640 ns)
    [ PASSED ] CASE: settingsRejectInvalidProtocolValuesButRetainExtensions (33888 ns)
    [ PASSED ] CASE: unknownFlagsAndFramesRemainForwardCompatible (14602 ns)
    TCS: Http2GoAwayManagerTest, time elapsed: 5556420 ns, RESULT:
    [ PASSED ] CASE: peerBoundaryRetiresOnlyDefinitelyUnprocessedStreams (150107 ns)
    [ PASSED ] CASE: narrowingBoundaryWakesEachNewlyExcludedOwnerExactlyOnce (115573 ns)
    [ PASSED ] CASE: localDrainQueuesGoAwayAndStopsAdmissionBeforeWriterRuns (96553 ns)
    [ PASSED ] CASE: fabricatedReceiveResultCannotDrainAnOpenCoordinator (74919 ns)
    [ PASSED ] CASE: racingAdmissionAndGoAwayNeverLeavesAnExcludedStreamActive (4392124 ns)
    TCS: Http2HeaderBlockAssemblerTest, time elapsed: 895362 ns, RESULT:
    [ PASSED ] CASE: sameStreamContinuationsAssembleInExactOrder (27386 ns)
    [ PASSED ] CASE: continuationWithoutStartWrongStreamAndInterleavingFailConnection (46575 ns)
    [ PASSED ] CASE: paddingAndPriorityOverheadAreExcludedFromHeaderBytes (18602 ns)
    [ PASSED ] CASE: pushPromiseRetainsPromisedStreamAndFragmentOnly (18369 ns)
    [ PASSED ] CASE: invalidPaddingPriorityAndSelfDependencyFailClosed (44096 ns)
    [ PASSED ] CASE: accumulatedCompressedBytesHaveOneHardLimit (24126 ns)
    TCS: Http2ConnectionHealthTest, time elapsed: 596787 ns, RESULT:
    [ PASSED ] CASE: pingCodecAndConnectionAckPreserveOpaqueBytes (42206 ns)
    [ PASSED ] CASE: idleProbeIsSingleOutstandingAndMatchingAckRestoresHealth (127210 ns)
    [ PASSED ] CASE: ordinaryActivityDefersIdleProbeWithoutAllocatingATimer (22194 ns)
    TCS: Http2ConnectionCloserTest, time elapsed: 1027594 ns, RESULT:
    [ PASSED ] CASE: gracefulCloseSendsGoAwayWaitsForStreamAndClosesTransportOnce (125498 ns)
    [ PASSED ] CASE: expiredCloseAbortsActiveStreamsWithoutStartingGracefulIo (59788 ns)
    [ PASSED ] CASE: racingShorterDeadlineUpgradesInFlightGracefulCloseToOneAbort (86011 ns)
    [ PASSED ] CASE: concurrentGracefulCallersShareOneTerminalResultAndTransportClose (103078 ns)
    [ PASSED ] CASE: failedGracefulTransportCloseFallsBackToOneAbort (59796 ns)
    TCS: HpackBlockTest, time elapsed: 1636485 ns, RESULT:
    [ PASSED ] CASE: rfcRequestBlocksDecodeWithSharedDynamicState (35594 ns)
    [ PASSED ] CASE: encoderMatchesFirstRfcHuffmanRequestExample (38392 ns)
    [ PASSED ] CASE: literalModesPreserveNeverIndexedAndOnlyIncrementalMutatesTable (783673 ns)
    [ PASSED ] CASE: tableSizeUpdateMustLeadBlockAndRespectAllowedMaximum (26716 ns)
    [ PASSED ] CASE: headerCountListAndCompressedLimitsFailClosed (229230 ns)
    [ PASSED ] CASE: peerCapacityUpdateIsEmittedBeforeHeaders (16890 ns)
    TCS: HpackCoreTest, time elapsed: 681366 ns, RESULT:
    [ PASSED ] CASE: rfcIntegerVectorsEncodeAndDecodeExactly (16051 ns)
    [ PASSED ] CASE: integerRejectsTruncationOverflowAndInvalidPrefix (21735 ns)
    [ PASSED ] CASE: rawStringRoundTripsAndOwnsItsBytes (13902 ns)
    [ PASSED ] CASE: stringLengthLimitAndTruncationFailBeforeCopy (75673 ns)
    [ PASSED ] CASE: staticTableMatchesRfcBoundariesAndRepresentativeEntries (19910 ns)
    [ PASSED ] CASE: everyStaticEntryHasBoundedRfcAccounting (50656 ns)
    TCS: HpackDynamicTableTest, time elapsed: 728940 ns, RESULT:
    [ PASSED ] CASE: newestEntryUsesIndexSixtyTwoAndOlderEntriesShift (10760 ns)
    [ PASSED ] CASE: exactRfcAccountingEvictsOldestEntriesFirst (17415 ns)
    [ PASSED ] CASE: oversizedEntryClearsTheEntireTableWithoutInsertion (9836 ns)
    [ PASSED ] CASE: capacityShrinkEvictsImmediatelyAndPeerLimitIsHard (17001 ns)
    [ PASSED ] CASE: withoutIndexingNeverIndexedAndSensitiveNeverEnterState (18159 ns)
    [ PASSED ] CASE: staticAndDynamicSearchReturnCanonicalLowestIndexes (92118 ns)
    [ PASSED ] CASE: zeroCapacityRetainsNoEntries (9195 ns)
    TCS: HpackHuffmanTest, time elapsed: 53277780 ns, RESULT:
    [ PASSED ] CASE: rfcRequestExamplesEncodeAndDecodeExactly (3880423 ns)
    [ PASSED ] CASE: everyOctetRoundTripsWithinAnExplicitBound (46621860 ns)
    [ PASSED ] CASE: huffmanStringLiteralUsesFlagAndSharedBounds (900874 ns)
    [ PASSED ] CASE: eosInvalidPaddingAndTruncatedPrefixFailClosed (401264 ns)
    [ PASSED ] CASE: decodedAndEncodedOutputLimitsApplyBeforeGrowth (833620 ns)
    TCS: Http2ConnectionReaderTest, time elapsed: 3561163 ns, RESULT:
    [ PASSED ] CASE: oneReaderDecodesEveryByteBoundaryAndDispatchesInWireOrder (718333 ns)
    [ PASSED ] CASE: serverConsumesMagicAndFirstFrameFromTheSameRead (314244 ns)
    [ PASSED ] CASE: eofDuringPrefaceOrFrameFailsAndWakesEveryStream (659813 ns)
    [ PASSED ] CASE: invalidTransportProgressAndHandlerFailureBecomeTerminal (488269 ns)
    [ PASSED ] CASE: readerLoopCanOnlyBeClaimedOnce (257330 ns)
    [ PASSED ] CASE: terminationRegistryIsBoundedRemovableAndExactlyOnce (293287 ns)
    [ PASSED ] CASE: readerRegistryReservesOneListenerBeyondTheStreamLimit (27797 ns)
    TCS: Http2ServerMappingTest, time elapsed: 7391869 ns, RESULT:
    [ PASSED ] CASE: requestHeadMapsPseudoFieldsHostAndContentLength (83329 ns)
    [ PASSED ] CASE: connectAndOptionsTargetsAreMappedStrictly (97573 ns)
    [ PASSED ] CASE: requestRejectsPseudoOrderCaseConnectionAndAuthorityAmbiguity (130681 ns)
    [ PASSED ] CASE: paddedDataReturnsAllFlowCreditAndPublishesTrailers (125135 ns)
    [ PASSED ] CASE: requestQueueIsBoundedBeforeFlowAccountingMutates (83051 ns)
    [ PASSED ] CASE: terminalLengthMismatchDoesNotConsumeFlowWindow (77261 ns)
    [ PASSED ] CASE: responseHeadersBodyFlowAndTrailersMapInOrder (504286 ns)
    [ PASSED ] CASE: streamingResponseMayExceedTheConfiguredRequestBodyBound (675731 ns)
    [ PASSED ] CASE: responseRulesCloseBodiesOnEveryTerminalOrFailurePath (79172 ns)
    [ PASSED ] CASE: handlerRunsOnceAndReleasesRequestOwnership (134859 ns)
    [ PASSED ] CASE: invalidDuplexResponseReleasesPreServeHandoffExactlyOnce (4281181 ns)
    TCS: Http2ServerPushLifecycleTest, time elapsed: 111477895 ns, RESULT:
    [ PASSED ] CASE: largePushDoesNotDelayParentHeadersUntilPushCreditReturns (54199019 ns)
    [ PASSED ] CASE: cancelledPushReleasesItsWorkerSlotForTheNextParent (30542896 ns)
    [ PASSED ] CASE: crossOriginPushIsRejectedAndItsResponseIsClosedBeforeAnyOffer (1622957 ns)
    [ PASSED ] CASE: parentResetWhileWaitingForPushSlotIsRevalidatedBeforeReservation (8423314 ns)
    [ PASSED ] CASE: resetOfBlockedPushDoesNotBlockReaderOrReleaseWorkerSlotEarly (8090816 ns)
    [ PASSED ] CASE: blockingHeaderOnlyBodyCloseDoesNotDelayInboundReset (5073967 ns)
    [ PASSED ] CASE: duplexHandlerReturnAbortsBothStreamDirections (2296642 ns)
    TCS: Http2SettingsTest, time elapsed: 1466208 ns, RESULT:
    [ PASSED ] CASE: codecPreservesKnownUnknownAndRepeatedSettingsInOrder (23628 ns)
    [ PASSED ] CASE: peerBatchAppliesAtomicallyAndReturnsAckAndWindowDelta (25270 ns)
    [ PASSED ] CASE: invalidPeerBatchLeavesEffectiveStateUnchanged (31510 ns)
    [ PASSED ] CASE: localBatchesAreAcknowledgedInFifoOrder (23002 ns)
    [ PASSED ] CASE: unexpectedAckAndPendingBatchOverflowFailClosed (29233 ns)
    [ PASSED ] CASE: advertisedResourceValuesAreCappedByLocalPolicy (26962 ns)
    [ PASSED ] CASE: settingsFrameLengthAndAckPayloadAreRejectedByFrameLayer (38162 ns)
    [ PASSED ] CASE: peerDefaultsAreRfcValuesCappedSeparatelyFromLocalAdvertisement (38499 ns)
    [ PASSED ] CASE: clientPushAdvertisementUsesItsOwnFiniteAdmissionBound (20885 ns)
    [ PASSED ] CASE: serverEnablePushSettingIsRejectedInBothDirections (31298 ns)
    TCS: Http2StreamLifecycleTest, time elapsed: 2552657 ns, RESULT:
    [ PASSED ] CASE: bothEndStreamOrdersReachClosedExactlyOnce (21774 ns)
    [ PASSED ] CASE: initialEndStreamHalfClosesTheInitiatingSide (17492 ns)
    [ PASSED ] CASE: clientAndServerAllocateCorrectMonotonicParity (19972 ns)
    [ PASSED ] CASE: peerParityReuseAndDecreasingIdsFailConnection (54491 ns)
    [ PASSED ] CASE: localAndPeerConcurrencyLimitsAreIndependentAndCapacityReturns (52361 ns)
    [ PASSED ] CASE: invalidHalfClosedDirectionsAndUnknownStreamsFailClosed (55775 ns)
    [ PASSED ] CASE: readerTerminationClosesAndUnregistersEveryActiveStream (56794 ns)
    [ PASSED ] CASE: racingAdmissionNeverExceedsConfiguredBoundOrDuplicatesIds (578908 ns)
    [ PASSED ] CASE: racingEndDirectionsCompleteAndCleanupExactlyOnce (647475 ns)
    TCS: Http2StreamResetManagerTest, time elapsed: 2349390 ns, RESULT:
    [ PASSED ] CASE: rstCodecPreservesKnownAndExtensionCodes (63857 ns)
    [ PASSED ] CASE: localCancelQueuesResetAndReleasesOnlyItsStream (78637 ns)
    [ PASSED ] CASE: peerResetCancelsQueuedDataPermitsAndWakesOwnerOnce (85390 ns)
    [ PASSED ] CASE: resetWakesBlockedServerBodyWithoutClosingConnection (107511 ns)
    [ PASSED ] CASE: racingLocalAndPeerResetCompletesEveryStreamExactlyOnce (1132170 ns)
    [ PASSED ] CASE: queuePressureIsAtomicAndCleanupCreditStaysBoundedForRetry (85914 ns)
    TCS: Http2WriteSchedulerTest, time elapsed: 4721808 ns, RESULT:
    [ PASSED ] CASE: controlPrecedesDataAndPartialWritesDrainGracefully (93295 ns)
    [ PASSED ] CASE: controlBurstIsBoundedAndDataStreamsRotateFairly (342757 ns)
    [ PASSED ] CASE: queueCountAndBytesAreHardAndCancellationReleasesCapacity (79689 ns)
    [ PASSED ] CASE: concurrentProducersStillUseExactlyOneWriter (1213553 ns)
    [ PASSED ] CASE: abortInterruptsActiveWriteAndFailsEveryTicket (83402 ns)
    [ PASSED ] CASE: transportFailureFansOutAndTicketWaitHonorsCancellation (71114 ns)
    [ PASSED ] CASE: reservedDataConsumesFlowOnlyWhenTheWriterClaimsIt (36498 ns)
    [ PASSED ] CASE: serverDataEventTransfersItsPermitBeforeWriterClaim (40919 ns)
    [ PASSED ] CASE: cancellingQueuedReservedDataReturnsAllFlowCapacity (31294 ns)
    [ PASSED ] CASE: admittedHeaderBatchSurvivesResetDuringPartialFirstWrite (80283 ns)
    [ PASSED ] CASE: unstartedEncodedHeaderBatchIsIrrevocableAfterAdmission (48014 ns)
    [ PASSED ] CASE: largeHeaderBatchRemainsContiguousPastControlBurstLimit (140913 ns)
    [ PASSED ] CASE: failedHeaderBatchAdmissionTerminatesScheduler (42170 ns)
    [ PASSED ] CASE: concurrentHeaderBatchesStayContiguousOnTheWire (761156 ns)
Summary: TOTAL: 182
    PASSED: 182, SKIPPED: 0, ERROR: 0
    FAILED: 0
--------------------------------------------------------------------------------------------------
TP: wirestack.internal.trust, time elapsed: 48006520 ns, RESULT:
    TCS: HostnameVerifierTest, time elapsed: 1535407 ns, RESULT:
    [ PASSED ] CASE: exactDnsAndAsciiIdnaALabelMatchCaseInsensitively (208106 ns)
    [ PASSED ] CASE: wildcardMatchesExactlyOneLeftmostLabelOnly (85702 ns)
    [ PASSED ] CASE: invalidOrOverbroadWildcardsAreRejectedAtCertificateBoundary (87376 ns)
    [ PASSED ] CASE: dnsAndIpReferenceIdentitiesNeverCrossMatch (47879 ns)
    [ PASSED ] CASE: subjectAlternativeNameCountIsHardBounded (92428 ns)
    TCS: M3028HostnameFuzzTest, time elapsed: 44054152 ns, RESULT:
    [ PASSED ] CASE: hostnameMutationsHaveDeterministicTypedTerminals (43814126 ns)
    TCS: TrustPolicyTest, time elapsed: 2244588 ns, RESULT:
    [ PASSED ] CASE: nativeX509ParserAcceptsOneExactDerObjectAndRejectsTrailingBytes (652377 ns)
    [ PASSED ] CASE: certificateAndChainLimitsFailBeforeUnboundedParsingOrCopying (435228 ns)
    [ PASSED ] CASE: everyTrustPolicyHasAStableContentIdentityAndNoTrustAllState (516035 ns)
    [ PASSED ] CASE: pinAlgorithmAndScopeAreExplicitAndMalformedPinsFail (26335 ns)
Summary: TOTAL: 10
    PASSED: 10, SKIPPED: 0, ERROR: 0
    FAILED: 0
--------------------------------------------------------------------------------------------------
TP: wirestack.http, time elapsed: 11586705008 ns, RESULT:
    TCS: RequestBodyTest, time elapsed: 1951721 ns, RESULT:
    [ PASSED ] CASE: byteBodiesOwnInputAndReplayWithIndependentOffsets (298167 ns)
    [ PASSED ] CASE: emptyAndUtf8StringBodiesHaveExactLengths (27954 ns)
    [ PASSED ] CASE: oneShotBodyCanOnlyBeClaimedOnce (70001 ns)
    [ PASSED ] CASE: factoryMustReturnTheDeclaredLengthAndMismatchIsClosed (26715 ns)
    [ PASSED ] CASE: closedStreamRejectsFurtherReads (32661 ns)
    [ PASSED ] CASE: fileBodyStreamsAndReopensWithoutEagerReads (174994 ns)
    [ PASSED ] CASE: fileBodyRejectsOversizeAndChangesBeforeOpen (122839 ns)
    TCS: HttpClientExtensionsTest, time elapsed: 46560162 ns, RESULT:
    [ PASSED ] CASE: nativeCookiesAndServiceHooksSurviveThrowingPoolObservers (34774297 ns)
    [ PASSED ] CASE: mismatchedUpgradePairingsNeverOpenConnections (201098 ns)
    [ PASSED ] CASE: unavailableServerPushClosesTheOwnedResponse (10957749 ns)
    TCS: HttpCookieJarTest, time elapsed: 223052083 ns, RESULT:
    [ PASSED ] CASE: cookieSerializesStandardMetadataWithoutInventingBrowserPolicy (51731 ns)
    [ PASSED ] CASE: hostOnlyAndDomainCookiesDoNotLeakAcrossDnsBoundaries (230207 ns)
    [ PASSED ] CASE: bundledPublicSuffixRulesProtectRegistrableBoundariesByDefault (818577 ns)
    [ PASSED ] CASE: defaultPathAndPathMatchUseDirectoryAndSlashBoundaries (115173 ns)
    [ PASSED ] CASE: maxAgeTakesPrecedenceAndNonPositiveValuesDeleteTheIdentity (144062 ns)
    [ PASSED ] CASE: secureMetadataControlsTransportAndHttpOnlyDoesNotChangeWireSelection (52951 ns)
    [ PASSED ] CASE: valuedSecureAttributeCannotLeakCookiesToCleartext (52454 ns)
    [ PASSED ] CASE: cleartextOriginsCannotCreateOrOverlaySecureCookies (258449 ns)
    [ PASSED ] CASE: rejectsHeaderInjectionAndInvalidCookieOctetsBeforeStorage (84775 ns)
    [ PASSED ] CASE: capacityHeaderBoundsAndReplacementRemainDeterministic (102619 ns)
    [ PASSED ] CASE: removalClearAndSnapshotsExposeOnlyLiveImmutableCookies (69650 ns)
    [ PASSED ] CASE: concurrentStoresAndReadsRemainRaceFreeAndBounded (2102502 ns)
    [ PASSED ] CASE: boundedSetCookieMutationsPreserveScopeAndHeaderSafety (217409859 ns)
    TCS: Http1DeterministicFuzzTest, time elapsed: 11262536 ns, RESULT:
    [ PASSED ] CASE: acceptedUrlMutationsRoundTripToOneCanonicalIdentity (6254845 ns)
    [ PASSED ] CASE: acceptedNoProxyMutationsRemainDeterministicAcrossTargets (4146827 ns)
    [ PASSED ] CASE: proxyAuthorizationMutationCannotInjectBeforeDnsOrConnect (293131 ns)
    TCS: HttpErrorTest, time elapsed: 548531 ns, RESULT:
    [ PASSED ] CASE: publicGetMapsInvalidUrlWithoutNetworkSideEffects (168587 ns)
    [ PASSED ] CASE: classifierProvidesStableHttpFailureCodes (55228 ns)
    TCS: HttpFacadeTest, time elapsed: 713645513 ns, RESULT:
    [ PASSED ] CASE: requestCancellationOutlivesCompletedParentWhileTransferredPushStalls (65934294 ns)
    [ PASSED ] CASE: cancellationWrapperPreservesProtocolCompletionPolicy (34238 ns)
    [ PASSED ] CASE: typedCancellationHandlesAreScopedIdempotentAndStopBeforeNetworkIo (2932635 ns)
    [ PASSED ] CASE: publicHttp1ConnectionHandleCancelsBodyAndLeavesClientReusable (11436991 ns)
    [ PASSED ] CASE: publicHttp2StreamAndConnectionHandlesRespectTheirScopes (85133994 ns)
    [ PASSED ] CASE: publicHttp2SlowStreamCannotStarveOneTenOrHundredSiblings (166294241 ns)
    [ PASSED ] CASE: tlsHttp2StreamLimitIsAppliedAcrossConcurrentPublicRequests (34616241 ns)
    [ PASSED ] CASE: tlsFacadeNegotiatesHttp2AndMapsBodyTrailersAndResponse (45562237 ns)
    [ PASSED ] CASE: explicitResolverConnectsPublicClientAndServer (2023517 ns)
    [ PASSED ] CASE: defaultSystemResolverConnectsPublicClientAndServer (261775213 ns)
    [ PASSED ] CASE: clientFollowsOriginRelativeRedirectEndToEnd (2537104 ns)
    [ PASSED ] CASE: clientRetriesOneTemporaryDnsFailureWithinTheSameDeadline (1835484 ns)
    [ PASSED ] CASE: forwardProxyUsesAbsoluteFormIndependentDnsAndHookCredentials (2167337 ns)
    [ PASSED ] CASE: serverBuilderRequiresEndpointAndHandler (29518 ns)
    [ PASSED ] CASE: tlsServerConfigFailsClosedBeforeBinding (147824 ns)
    [ PASSED ] CASE: followedHttp2RedirectClosesUnclaimedPushBeforeClientTeardown (28514529 ns)
    TCS: Http2ConcurrentResponseBodyTest, time elapsed: 24199221 ns, RESULT:
    [ PASSED ] CASE: twoPublicHttp2BodiesCompleteIndependently (24010849 ns)
    TCS: FileHandlerTest, time elapsed: 12471196 ns, RESULT:
    [ PASSED ] CASE: confinedDownloadRejectsTraversalAndSymlinkWhileOpenBodyOutlivesHandler (4668518 ns)
    [ PASSED ] CASE: uploadPublishesOneCompleteBinaryFileAndNeverPublishesRejectedMultipart (6994855 ns)
    [ PASSED ] CASE: uploadCommitChecksContextAfterDurabilityBeforePublication (293667 ns)
    TCS: HttpMessageTest, time elapsed: 1369334 ns, RESULT:
    [ PASSED ] CASE: requestFactoriesProduceImmutableProtocolNeutralModels (72014 ns)
    [ PASSED ] CASE: responseEofCompletesObserverExactlyOnce (39292 ns)
    [ PASSED ] CASE: earlyCloseAbandonsObserverExactlyOnce (40889 ns)
    [ PASSED ] CASE: readFailureClosesAndAbandonsTheBody (34213 ns)
    [ PASSED ] CASE: emptyDestinationDoesNotMistakeNoProgressForEof (21717 ns)
    [ PASSED ] CASE: boundedDrainCompletesOnlyWhenEofIsProven (25447 ns)
    [ PASSED ] CASE: invalidSourceProgressFailsClosed (24382 ns)
    [ PASSED ] CASE: responseRejectsInvalidStatusAndReason (37125 ns)
    TCS: MultipartTest, time elapsed: 4341676179 ns, RESULT:
    [ PASSED ] CASE: writerStreamsExactBinaryFramingAndReplaysIndependently (238386 ns)
    [ PASSED ] CASE: boundarySeparatorsRoundtripThroughContentTypeAndBody (1023572 ns)
    [ PASSED ] CASE: readerPreservesBinaryWhenEveryDelimiterIsSplitAcrossReads (444183 ns)
    [ PASSED ] CASE: closingPartDiscardsOnlyThatPartAndReleasesNextPart (719152 ns)
    [ PASSED ] CASE: malformedAndConfiguredLimitsCloseOwnedSource (123453 ns)
    [ PASSED ] CASE: partCountLimitRejectsBeforeParsingUnboundedAdditionalMetadata (161434 ns)
    [ PASSED ] CASE: boundedDeterministicWireMutationsAreChunkIndependent (4334912303 ns)
    [ PASSED ] CASE: deterministicMutationHarnessEnforcesSmallLimitsAndOwnedClosure (3029733 ns)
    TCS: HttpModelTest, time elapsed: 1427496 ns, RESULT:
    [ PASSED ] CASE: methodSupportsStandardAndExtensionTokens (24401 ns)
    [ PASSED ] CASE: headersPreserveOrderAndMultipleValues (33116 ns)
    [ PASSED ] CASE: headersOwnTheirInputAndOutputArrays (17864 ns)
    [ PASSED ] CASE: builderSetAndRemoveUseCaseInsensitiveNames (37582 ns)
    [ PASSED ] CASE: rejectsInjectionAndInvalidNames (53606 ns)
    [ PASSED ] CASE: enforcesCountLineAndTotalLimits (25889 ns)
    [ PASSED ] CASE: urlNormalizesSchemeHostAndDefaultTarget (21976 ns)
    [ PASSED ] CASE: urlPreservesExplicitPortPathAndQuery (24647 ns)
    [ PASSED ] CASE: urlRequiresBracketedIpv6AndKeepsQueryOnlyTargetValid (25578 ns)
    [ PASSED ] CASE: urlRejectsAmbiguousAndUnsafeInputs (100268 ns)
    [ PASSED ] CASE: trailerRejectsRoutingAndFramingFields (112306 ns)
    TCS: HttpProxyPolicyTest, time elapsed: 740907 ns, RESULT:
    [ PASSED ] CASE: noProxyMatchesDnsBoundariesAndOptionalPorts (91866 ns)
    [ PASSED ] CASE: noProxyMatchesTypedIpLiteralsExactlyAndWildcardExplicitly (57749 ns)
    [ PASSED ] CASE: endpointsRetainDnsIpv4AndIpv6RouteIdentity (20943 ns)
    [ PASSED ] CASE: routeSelectionUsesNoProxyWithoutCallingAuthorizationHook (51128 ns)
    [ PASSED ] CASE: rejectsAmbiguousNoProxyPatternsAndEndpointPorts (33508 ns)
    TCS: HttpRedirectPolicyTest, time elapsed: 1416582 ns, RESULT:
    [ PASSED ] CASE: rewritesPostOn302AndRemovesBodyHeaders (173200 ns)
    [ PASSED ] CASE: stripsSensitiveHeadersOnlyAcrossOrigins (115327 ns)
    [ PASSED ] CASE: rejectsDowngradeLimitAndOneShotReplay (282211 ns)
    [ PASSED ] CASE: resolvesSchemeRelativeAndQueryOnlyLocations (142441 ns)
    [ PASSED ] CASE: resolvesRelativePathsAndRemovesDotSegments (95403 ns)
    TCS: HttpRetryPolicyTest, time elapsed: 829018 ns, RESULT:
    [ PASSED ] CASE: retriesOnlyIdempotentReplayableStructuredFailures (110358 ns)
    [ PASSED ] CASE: explicitSafetyAllowsPostButDisabledAndOneShotFailClosed (90008 ns)
    [ PASSED ] CASE: cancellationDeadlineUnknownAndNeverAreNotRetried (61221 ns)
    [ PASSED ] CASE: goAwayRetriesOnlyDefinitelyUnprocessedSafeReplayableRequests (55713 ns)
    TCS: Http1SseStreamingProfileTest, time elapsed: 3013188746 ns, RESULT:
    [ PASSED ] CASE: http1StreamsWithoutLifetimeAccumulationAndCancels (3012958814 ns)
    TCS: Http2SseStreamingProfileTest, time elapsed: 3032944363 ns, RESULT:
    [ PASSED ] CASE: http2StreamsWithoutLifetimeAccumulationAndPreservesSibling (3032654083 ns)
    TCS: M2005SystemResolverTest, time elapsed: 9344228 ns, RESULT:
    [ PASSED ] CASE: resolvesLocalhostThroughThePublicContract (8561674 ns)
    [ PASSED ] CASE: fixtureReturnsAllCandidatesAndDoesNotInventTtl (15139 ns)
    [ PASSED ] CASE: fixtureAppliesFamilyAndResultBounds (8514 ns)
    [ PASSED ] CASE: fixtureMapsStableErrorsAndRetainsNativeEvidence (8267 ns)
    [ PASSED ] CASE: fixtureCancellationAndDeadlineReturnBeforeNativeCleanup (11781 ns)
    [ PASSED ] CASE: validatesBoundsAndRejectsUseAfterClose (82350 ns)
    TCS: WebSocketHandshakeTest, time elapsed: 41432237 ns, RESULT:
    [ PASSED ] CASE: nativeHttp1UpgradeTransfersFramesAndClosesSession (3547895 ns)
    [ PASSED ] CASE: nativeHttp2ExtendedConnectKeepsSiblingRequestsUsable (37584153 ns)
    TCS: WebSocketConnectionTest, time elapsed: 106294518 ns, RESULT:
    [ PASSED ] CASE: fragmentedUtf8AndAutomaticPongSurviveOneByteTransportReads (145280 ns)
    [ PASSED ] CASE: preCancelledSendPerformsNoIoAndLeavesUntouchedSessionHealthy (64204 ns)
    [ PASSED ] CASE: fragmentedMessageBoundRejectsBeforeWritingAndPreservesProgression (83534 ns)
    [ PASSED ] CASE: roleMaskingAndNonCanonicalLengthFailClosedWithProtocolStatus (151053 ns)
    [ PASSED ] CASE: fragmentedTextRejectsInvalidContinuationAtTheMessageBoundary (70775 ns)
    [ PASSED ] CASE: gracefulCloseEchoesStatusAndCompletesBothOwners (125663 ns)
    [ PASSED ] CASE: handshakeCryptoMatchesRfcVectorAndReturnsCanonicalFreshKeyShape (46984 ns)
    [ PASSED ] CASE: framePayloadIsOwnedAndCloseInputIsStrict (40159 ns)
    [ PASSED ] CASE: boundedDeterministicWireMutationsAreSplitInvariantAndFailClosed (104540609 ns)
Summary: TOTAL: 111
    PASSED: 108, SKIPPED: 3, ERROR: 0
    FAILED: 0
--------------------------------------------------------------------------------------------------
TP: wirestack.internal.resolver, time elapsed: 40624479 ns, RESULT:
    TCS: M2006AppleSystemResolverTest, time elapsed: 11105614 ns, RESULT:
    [ PASSED ] CASE: resolvesLocalhostThroughTheProviderNeutralContract (9536475 ns)
    [ PASSED ] CASE: fixtureReturnsAllCandidatesWithoutInventingTtl (17076 ns)
    [ PASSED ] CASE: fixtureAppliesFamilyAndResultBounds (16218 ns)
    [ PASSED ] CASE: fixtureMapsPosixFailuresAndUnknownCodes (12704 ns)
    [ PASSED ] CASE: fixtureCancellationAndDeadlineReturnBeforeNativeCleanup (11000 ns)
    [ PASSED ] CASE: newResolutionObservesNetworkGenerationChange (14411 ns)
    [ PASSED ] CASE: validatesBoundsAndRejectsUseAfterClose (97059 ns)
    [ PASSED ] CASE: fixtureBoundsAdmissionAndReleasesQueuedWorkAfterClose (13200 ns)
    TCS: M2003BoundedResolverBackendTest, time elapsed: 20227501 ns, RESULT:
    [ PASSED ] CASE: resolvesLocalhostWithBoundedMetricsAndIdempotentClose (8659498 ns)
    [ PASSED ] CASE: appliesIpv4FamilyAndRejectsUseAfterClose (9820598 ns)
    [ PASSED ] CASE: validatesPoolBounds (57041 ns)
    [ PASSED ] CASE: nativeFamilyValidationFailsClosedAndPollingBackoffIsBounded (45441 ns)
    [ PASSED ] CASE: preCancelledContextDoesNotSubmitNativeWork (176668 ns)
    [ PASSED ] CASE: delayedNativeWorkDoesNotStarveCangjieHeartbeat (17628 ns)
    [ PASSED ] CASE: cancellationCompletesPromptlyWhileNativeJobCleansUp (17907 ns)
    [ PASSED ] CASE: deadlineCompletesPromptlyWhileNativeJobCleansUp (17757 ns)
    [ PASSED ] CASE: queueAdmissionIsStrictlyBounded (15159 ns)
    TCS: ResolverContractTest, time elapsed: 549162 ns, RESULT:
    [ PASSED ] CASE: resultOwnsDeduplicatedAddressesAndDoesNotInventTtl (49020 ns)
    [ PASSED ] CASE: staticResolverFiltersFamiliesAndHonorsPreCancellation (48971 ns)
    [ PASSED ] CASE: rejectsEmptyFamilyResultAndInvalidLimits (30072 ns)
    TCS: M2002ResolverPublicContractTest, time elapsed: 711270 ns, RESULT:
    [ PASSED ] CASE: resultOwnsAllTypedCandidatesWithoutInventingTtl (34907 ns)
    [ PASSED ] CASE: staticResolverAppliesFamilyAndResultBounds (31525 ns)
    [ PASSED ] CASE: errorsRetainStablePublicCoordinates (39318 ns)
    [ PASSED ] CASE: cancellationAndDeadlineRemainDistinct (38675 ns)
    [ PASSED ] CASE: constructorsRejectInvalidBoundsAndDiagnostics (29636 ns)
    TCS: M2004WindowsSystemResolverTest, time elapsed: 7703986 ns, RESULT:
    [ PASSED ] CASE: resolvesLocalhostThroughTheProviderNeutralContract (6903593 ns)
    [ PASSED ] CASE: fixtureReturnsAllCandidatesWithoutInventingTtl (17325 ns)
    [ PASSED ] CASE: fixtureAppliesFamilyAndResultBounds (11225 ns)
    [ PASSED ] CASE: fixtureMapsWinsockFailuresAndUnknownCodes (10892 ns)
    [ PASSED ] CASE: fixtureCancellationAndDeadlineReturnBeforeNativeCleanup (10969 ns)
    [ PASSED ] CASE: validatesBoundsAndRejectsUseAfterClose (75433 ns)
Summary: TOTAL: 31
    PASSED: 31, SKIPPED: 0, ERROR: 0
    FAILED: 0
--------------------------------------------------------------------------------------------------
TP: wirestack.tls, time elapsed: 97719351 ns, RESULT:
    TCS: PublicTlsFacadeTest, time elapsed: 82093933 ns, RESULT:
    [ PASSED ] CASE: clientBuilderRejectsReversedVersionRangeBeforeTransportIo (44930200 ns)
    [ PASSED ] CASE: serverBuilderRequiresAnIdentityBeforeTransportIo (8491315 ns)
    [ PASSED ] CASE: clientBuilderCopiesAlpnAndPublishesProviderNeutralCapabilities (8152306 ns)
    [ PASSED ] CASE: preCancelledHandshakeConsumesAndAbortsTheTransport (19253764 ns)
    TCS: TlsRuntimeTest, time elapsed: 15539771 ns, RESULT:
    [ PASSED ] CASE: reportsHandleFreeLinuxProviderAndBuildIdentity (7635579 ns)
    [ PASSED ] CASE: returnsDefensiveCopiesOfRuntimeInventories (7518880 ns)
Summary: TOTAL: 6
    PASSED: 6, SKIPPED: 0, ERROR: 0
    FAILED: 0
--------------------------------------------------------------------------------------------------
TP: wirestack.internal.connector, time elapsed: 13301038 ns, RESULT:
    TCS: AttemptPlanTest, time elapsed: 1621014 ns, RESULT:
    [ PASSED ] CASE: alternatesFamiliesAndPreservesFamilyOrder (301692 ns)
    [ PASSED ] CASE: firstFamilyControlsPreferenceAndDuplicatesAreRemoved (48221 ns)
    [ PASSED ] CASE: distinctIpv6ZonesAreNotDeduplicated (30104 ns)
    [ PASSED ] CASE: rejectsEmptyCandidatesAndNegativeDelay (89958 ns)
    TCS: HappyEyeballsConnectorTest, time elapsed: 9825300 ns, RESULT:
    [ PASSED ] CASE: emitsCompleteDnsAttemptAndConnectedLifecycle (367449 ns)
    [ PASSED ] CASE: blackholedFirstCandidateIsCancelledAndJoinedBeforeReturn (7573872 ns)
    [ PASSED ] CASE: ipv6FirstSuccessSkipsLaterIpv4Attempt (124634 ns)
    [ PASSED ] CASE: simultaneousSuccessKeepsOneWinnerAndAbortsEveryLoser (160365 ns)
    [ PASSED ] CASE: allFailuresAreJoinedAndRetainedAsDiagnostics (132083 ns)
    [ PASSED ] CASE: preCancelledParentStartsNeitherDnsNorAttempts (47781 ns)
    [ PASSED ] CASE: parentCancellationAfterSuccessPreventsWinnerPublication (135555 ns)
    [ PASSED ] CASE: deadlineAtSuccessBoundaryPreventsWinnerPublication (124743 ns)
    TCS: ConnectionRouteTest, time elapsed: 1633118 ns, RESULT:
    [ PASSED ] CASE: directRouteRetainsItsLocalOriginResolver (121514 ns)
    [ PASSED ] CASE: explicitProxySeparatesOriginAndProxyDns (63642 ns)
    [ PASSED ] CASE: typedIpTargetsNeverCarryResolvers (98910 ns)
    [ PASSED ] CASE: rejectsDelegatedDnsWithoutAnOwningProxyAndInvalidConnectTargets (77425 ns)
    [ PASSED ] CASE: networkAndTlsParametersAreBoundedAndOwned (548621 ns)
Summary: TOTAL: 17
    PASSED: 17, SKIPPED: 0, ERROR: 0
    FAILED: 0
--------------------------------------------------------------------------------------------------
TP: wirestack.internal.transport_stdnet, time elapsed: 206119944 ns, RESULT:
    TCS: StdNetTransportListenerTest, time elapsed: 91236306 ns, RESULT:
    [ PASSED ] CASE: listenerRejectsOutOfRangeBacklogBeforeBinding (270679 ns)
    [ PASSED ] CASE: listenerPreCancelledAndExpiredAcceptsFailFast (161785 ns)
    [ PASSED ] CASE: listenerDeadlineBoundsBlockedAcceptAndListenerRemainsUsable (38819156 ns)
    [ PASSED ] CASE: listenerCancellationWakesActiveAcceptAndListenerRemainsUsable (40036580 ns)
    [ PASSED ] CASE: listenerCloseWakesActiveAcceptWithStructuredErrorAndIsIdempotent (10878235 ns)
    TCS: M123TransportDiagnosticsTest, time elapsed: 724082 ns, RESULT:
    [ PASSED ] CASE: stdNetReportsRuntimeEndpointsAndCapabilitiesWithoutGuessingIoBackend (292051 ns)
    [ PASSED ] CASE: deterministicTransportUsesTheSameProviderNeutralContract (51957 ns)
    TCS: M127BackgroundFastPathTest, time elapsed: 34143328 ns, RESULT:
    [ PASSED ] CASE: backgroundAndObservedPathsTransferEquivalentData (163812 ns)
    [ PASSED ] CASE: backgroundPeerCloseRemainsEof (165637 ns)
    [ PASSED ] CASE: backgroundLocalCloseRaceRemainsClosed (1231335 ns)
    [ PASSED ] CASE: backgroundStillRejectsConcurrentReaders (1207235 ns)
    [ PASSED ] CASE: cancellableAndDeadlineContextsRetainGenericChecks (168923 ns)
    [ PASSED ] CASE: deadlineTimeoutIsClearedBeforeBackgroundRead (30297594 ns)
    TCS: Net06CancellationGateTest, time elapsed: 5273822 ns, RESULT:
    [ PASSED ] CASE: cancelledReadsReleaseSocketsWaitersAndTasks (5035165 ns)
    TCS: StdNetTransportTest, time elapsed: 72565191 ns, RESULT:
    [ PASSED ] CASE: writeSomeIsPartialAndReusesBoundedConnectionStaging (588556 ns)
    [ PASSED ] CASE: wholeArrayReadAndWriteBypassStagingForATypicalTlsRecord (2024668 ns)
    [ PASSED ] CASE: subrangesRetainBoundedStagingAndCopyAccounting (190916 ns)
    [ PASSED ] CASE: connectsByResolvedIpAndTransfersBothDirections (233999 ns)
    [ PASSED ] CASE: emptyOperationsAreImmediate (141745 ns)
    [ PASSED ] CASE: unsupportedHalfClosePreservesBothDirections (249581 ns)
    [ PASSED ] CASE: cancellationAbortRemainsNativeOwnerAfterLaterClose (1202230 ns)
    [ PASSED ] CASE: listenerCloseWakesBlockedAcceptAsClosed (1069399 ns)
    [ PASSED ] CASE: cancellingOneAcceptLeavesListenerReusable (29114488 ns)
    [ PASSED ] CASE: preCancelledConnectDoesNotCreateASocket (38046 ns)
    [ PASSED ] CASE: peerGracefulCloseIsReportedAsEof (120011 ns)
    [ PASSED ] CASE: deadlineBoundsBlockedReadWithoutClosingConnection (30243383 ns)
    [ PASSED ] CASE: localCloseMapsBlockedReadWithStableEvidence (1287425 ns)
    [ PASSED ] CASE: explicitAbortWakesBlockedReadWithStableEvidence (1223924 ns)
    [ PASSED ] CASE: gracefulNativeCloseRemainsGracefulAfterLaterAbort (173792 ns)
    [ PASSED ] CASE: explicitAbortRemainsNativeOwnerAfterLaterClose (201493 ns)
    [ PASSED ] CASE: unknownConnectFailureMapsWithoutMessageOrNativeCode (166880 ns)
    [ PASSED ] CASE: concurrentReadsFailWithoutDisturbingTheActiveRead (1208649 ns)
    [ PASSED ] CASE: happyEyeballsComposesWithTheDefaultStdNetFactory (306929 ns)
Summary: TOTAL: 50
    PASSED: 33, SKIPPED: 17, ERROR: 0
    FAILED: 0
--------------------------------------------------------------------------------------------------
TP: wirestack.internal.http1, time elapsed: 1550002863 ns, RESULT:
    TCS: HttpAutomaticHttpsClientTest, time elapsed: 8024549 ns, RESULT:
    [ PASSED ] CASE: h2NegotiationMultiplexesTenRequestsOnOneTlsConnection (4390890 ns)
    [ PASSED ] CASE: http11NegotiationFallsBackAndReusesTheAdoptedConnection (2580859 ns)
    TCS: Http1ChunkedCodecTest, time elapsed: 2016154 ns, RESULT:
    [ PASSED ] CASE: decoderStreamsDataExtensionsTrailersAndRemainder (112200 ns)
    [ PASSED ] CASE: decoderHandlesEveryBoundaryOneByteAtATime (76545 ns)
    [ PASSED ] CASE: encoderProducesCanonicalChunksAndBoundedTrailers (84978 ns)
    [ PASSED ] CASE: rejectsInvalidSizeExtensionAndTerminators (89862 ns)
    [ PASSED ] CASE: enforcesBodyChunkLineAndTrailerBounds (78042 ns)
    [ PASSED ] CASE: streamingResponseKeepsEachChunkBoundedWithoutALifetimeCeiling (158717 ns)
    [ PASSED ] CASE: rejectsForbiddenOrFoldedTrailers (92590 ns)
    [ PASSED ] CASE: eofAndPostCompletionUseFailClosedStates (63087 ns)
    [ PASSED ] CASE: decodeBatchesOwnDataAndRemainingBytes (59529 ns)
    TCS: Http1ClientConnectionTest, time elapsed: 21820178 ns, RESULT:
    [ PASSED ] CASE: expectContinueWaitsForApprovalBeforeOpeningBody (1294440 ns)
    [ PASSED ] CASE: finalRejectionBeforeContinueNeverOpensRequestBody (696220 ns)
    [ PASSED ] CASE: continueWaitTimeoutSendsBodyUnderTheOriginalBudget (17277844 ns)
    [ PASSED ] CASE: serializesRequestsUntilBodyEofThenReusesConnection (720499 ns)
    [ PASSED ] CASE: earlyBodyCloseClosesInsteadOfReturningConnectionForReuse (480101 ns)
    [ PASSED ] CASE: connectionCloseResponseIsNeverReusableAfterEof (449995 ns)
    TCS: Http1CleartextClientTest, time elapsed: 2737456 ns, RESULT:
    [ PASSED ] CASE: resolvesConnectsAndReusesOnlyAfterBodyCompletion (2380902 ns)
    [ PASSED ] CASE: rejectsHttpsBeforeDnsOrPoolMutation (66136 ns)
    TCS: Http1ConnectionPoolTest, time elapsed: 2726647 ns, RESULT:
    [ PASSED ] CASE: emitsSecretFreeAcquireAndReleaseLifecycle (342924 ns)
    [ PASSED ] CASE: reusesOnlyTheSameCompleteKey (257442 ns)
    [ PASSED ] CASE: enforcesTotalPerKeyIdleAndWaiterBounds (521717 ns)
    [ PASSED ] CASE: activeWaitHonorsCancellationAndReleasesWaiterSlot (261486 ns)
    [ PASSED ] CASE: evictsExpiredAndClosedConnectionsInsteadOfReusingThem (459206 ns)
    [ PASSED ] CASE: failedCreationRollsBackItsCapacityReservation (248201 ns)
    TCS: Http1HeadParserTest, time elapsed: 1874169 ns, RESULT:
    [ PASSED ] CASE: requestParsesIncrementallyAndReturnsBodyRemainder (140113 ns)
    [ PASSED ] CASE: oneFeedRetainsBytesAfterTheHead (72514 ns)
    [ PASSED ] CASE: responseParsesStatusReasonHeadersAndFraming (93167 ns)
    [ PASSED ] CASE: acceptsOriginAbsoluteAuthorityAndAsteriskFormsOnlyWhereValid (252110 ns)
    [ PASSED ] CASE: rejectsBareLfObsFoldAndInvalidHeaderSyntax (109788 ns)
    [ PASSED ] CASE: requiresOneValidHostAndMatchingAbsoluteAuthority (219181 ns)
    [ PASSED ] CASE: rejectsInvalidTargetVersionAndBoundViolations (111561 ns)
    [ PASSED ] CASE: completedParserCannotBeReused (69042 ns)
    TCS: Http2Streams1BenchmarkTest, time elapsed: 20411288 ns, RESULT:
    [ PASSED ] CASE: benchmarkOneConcurrentStream (20131776 ns)
    TCS: Http2Streams10BenchmarkTest, time elapsed: 103333239 ns, RESULT:
    [ PASSED ] CASE: benchmarkTenConcurrentStreams (103021517 ns)
    TCS: Http2Streams100BenchmarkTest, time elapsed: 1071025045 ns, RESULT:
    [ PASSED ] CASE: benchmarkHundredConcurrentStreams (1070747790 ns)
    TCS: Http1HundredConnectionBaselineTest, time elapsed: 40895174 ns, RESULT:
    [ PASSED ] CASE: benchmarkHundredConcurrentConnections (40583461 ns)
    TCS: Http2ConnectionPoolTest, time elapsed: 3432526 ns, RESULT:
    [ PASSED ] CASE: alpnPrefersH2AndFallsBackOnlyToHttp11 (53456 ns)
    [ PASSED ] CASE: oneConnectionIsSharedUntilPeerStreamCapacityIsFull (439172 ns)
    [ PASSED ] CASE: concurrentFirstUseDoesNotCreateAConnectionStampede (1097761 ns)
    [ PASSED ] CASE: newConnectionIsPublishedOnlyAfterItsFirstStreamIsAdmitted (67520 ns)
    [ PASSED ] CASE: completeSecurityKeyPreventsCrossContextReuse (59533 ns)
    [ PASSED ] CASE: drainingConnectionRetainsExistingStreamButReceivesNoNewLease (105235 ns)
    [ PASSED ] CASE: drainingConnectionWaitsForNonLocalOwnersBeforeDiscard (115113 ns)
    [ PASSED ] CASE: fullBoundedPoolHonorsOneCallerDeadline (82070 ns)
    [ PASSED ] CASE: poolCloseAbortsEverySharedConnectionExactlyOnce (76348 ns)
    TCS: Http1FramingTest, time elapsed: 1831630 ns, RESULT:
    [ PASSED ] CASE: requestUsesOneSharedEmptyLengthOrChunkedDecision (120734 ns)
    [ PASSED ] CASE: identicalContentLengthsAreAcceptedAcrossFieldsAndLists (52853 ns)
    [ PASSED ] CASE: conflictingOrInvalidContentLengthsAreRejected (209023 ns)
    [ PASSED ] CASE: contentLengthAndTransferEncodingNeverCoexist (58576 ns)
    [ PASSED ] CASE: ambiguousTransferEncodingIsRejected (194283 ns)
    [ PASSED ] CASE: responseHandlesHeadStatusesConnectAndCloseDelimiting (119492 ns)
    [ PASSED ] CASE: bodylessAndSuccessfulConnectResponsesRejectFramingFields (100967 ns)
    TCS: HttpConnectionPoolKeyTest, time elapsed: 502865 ns, RESULT:
    [ PASSED ] CASE: canonicalOriginProducesStableEqualityAndHash (25061 ns)
    [ PASSED ] CASE: everySecurityAndRouteDimensionPartitionsReuse (45669 ns)
    [ PASSED ] CASE: refusesIncompletePartitionIdentities (19814 ns)
    TCS: Http1ProxyClientPipelineTest, time elapsed: 7570048 ns, RESULT:
    [ PASSED ] CASE: dynamicConnectCredentialsNeverReuseAnAuthenticatedTunnel (5036745 ns)
    [ PASSED ] CASE: rejectedConnectDrainsClosesAndReturnsStructuredNonRetryableFailure (2102054 ns)
    TCS: Http1RequestWriterTest, time elapsed: 3755448 ns, RESULT:
    [ PASSED ] CASE: twoStageWriterDoesNotOpenBodyBeforeExplicitCommit (787781 ns)
    [ PASSED ] CASE: writesFixedBodyThroughPartialTransportOperations (611357 ns)
    [ PASSED ] CASE: streamsUnknownLengthBodyAsCanonicalChunks (635641 ns)
    [ PASSED ] CASE: rejectsDeclaredMismatchBeforeWritingAnything (157452 ns)
    [ PASSED ] CASE: prematureBodyEofRetainsPartialCommitEvidence (592510 ns)
    [ PASSED ] CASE: emptyFramingProbesSourceInsteadOfDroppingUnexpectedBytes (142302 ns)
    TCS: Http1ResponseReaderTest, time elapsed: 6053672 ns, RESULT:
    [ PASSED ] CASE: explicitUpgradeTransfersOnlyAMatching101Protocol (796098 ns)
    [ PASSED ] CASE: mismatchedUpgradeResponseFailsClosed (682322 ns)
    [ PASSED ] CASE: explicitConnectTransfersBufferedTunnelBytesAndTransportOwnership (348797 ns)
    [ PASSED ] CASE: failedConnectRemainsAnHttpResponseAndClosesAfterBody (616971 ns)
    [ PASSED ] CASE: readsInterimAndFixedResponseWithoutBufferingTheBody (353304 ns)
    [ PASSED ] CASE: received4xxAnd5xxRemainHttpResponses (543490 ns)
    [ PASSED ] CASE: decodesChunkedResponseAndPublishesTrailerAtEof (347005 ns)
    [ PASSED ] CASE: closeDelimitedBodyCompletesOnlyAtTransportEof (264598 ns)
    [ PASSED ] CASE: chunkedStreamingResponseMayExceedThePerSegmentBodyBound (292326 ns)
    [ PASSED ] CASE: prematureFixedBodyEofAbandonsResponseExactlyOnce (272010 ns)
    [ PASSED ] CASE: rejectsImplicitUpgradeAndConnectTransportTransfer (516207 ns)
    TCS: Http1SerializerTest, time elapsed: 1248098 ns, RESULT:
    [ PASSED ] CASE: clientRequestAddsHostAndUsesOriginForm (68201 ns)
    [ PASSED ] CASE: forwardProxyRequestUsesAbsoluteFormAndOriginHost (74540 ns)
    [ PASSED ] CASE: requestPreservesOrderedMultipleFieldsAndLengthFraming (98180 ns)
    [ PASSED ] CASE: requestRejectsMissingDuplicateOrMismatchedHost (68819 ns)
    [ PASSED ] CASE: responseSerializesStatusAndUsesSharedFraming (38744 ns)
    [ PASSED ] CASE: responseRejectsInjectionAndForbiddenBodyFraming (53775 ns)
    [ PASSED ] CASE: writerHandlesPartialTransportWritesUnderOneContext (86990 ns)
    [ PASSED ] CASE: serializedBytesAreDefensiveCopies (59835 ns)
    TCS: Http1ServerConnectionTest, time elapsed: 6367641 ns, RESULT:
    [ PASSED ] CASE: serializesTwoKeepAliveExchanges (2213120 ns)
    [ PASSED ] CASE: unreadRequestBodyForcesConnectionCloseAfterResponse (642513 ns)
    [ PASSED ] CASE: handlerFailureProducesBounded500AndCloses (646320 ns)
    [ PASSED ] CASE: rejectedHandoffReleasesSessionOwnershipExactlyOnce (1392253 ns)
    [ PASSED ] CASE: selectedUpgradeOfferTransfersBufferedSessionBytes (770535 ns)
    TCS: Http1ServerRequestReaderTest, time elapsed: 18546355 ns, RESULT:
    [ PASSED ] CASE: streamsFixedRequestBodyWithoutReadingPastItsLength (579142 ns)
    [ PASSED ] CASE: decodesChunkedRequestAndPublishesTrailer (694398 ns)
    [ PASSED ] CASE: sendsContinueOnlyWhenHandlerStartsReadingTheBody (15846554 ns)
    [ PASSED ] CASE: rejectingWithoutReadingNeverSendsContinue (823286 ns)
    TCS: Http1ServerTest, time elapsed: 28526077 ns, RESULT:
    [ PASSED ] CASE: shutdownAbortsConnectionBlockedInsideTlsHandshake (8286437 ns)
    [ PASSED ] CASE: acceptSideTlsHookOwnsConnectionAndClosesAfterShutdown (841332 ns)
    [ PASSED ] CASE: gracefulShutdownStopsAcceptAfterCompletedConnection (853279 ns)
    [ PASSED ] CASE: expiredShutdownAbortsBlockedConnectionAndReturnsBoundedly (7794796 ns)
    [ PASSED ] CASE: connectionLimitPreventsSecondAcceptUntilCapacityReturns (9922645 ns)
    TCS: Http1ServerResponseWriterTest, time elapsed: 3061512 ns, RESULT:
    [ PASSED ] CASE: writesFixedResponseThroughPartialTransportOperations (409318 ns)
    [ PASSED ] CASE: streamsChunkedResponseAndTrailer (389575 ns)
    [ PASSED ] CASE: chunkedStreamingResponseMayExceedThePerSegmentBodyBound (335928 ns)
    [ PASSED ] CASE: headResponseNeverTransfersRepresentationBytes (139851 ns)
    [ PASSED ] CASE: closeDelimitedResponseRequiresConnectionClose (516862 ns)
    [ PASSED ] CASE: rejectsKnownLengthMismatchBeforeCommittingHead (125579 ns)
    TCS: Http1SmugglingCorpusTest, time elapsed: 80598036 ns, RESULT:
    [ PASSED ] CASE: clientAndServerFramingRejectTheSameAmbiguousHeaderCorpus (3160812 ns)
    [ PASSED ] CASE: identicalLengthsAndOneFinalChunkedCodingRemainUnambiguous (546785 ns)
    [ PASSED ] CASE: rejectsWhitespaceTargetAndProxyDifferentialCorpus (508277 ns)
    [ PASSED ] CASE: rejectsMalformedChunkAndTrailerCorpusAtInputOrEof (129480 ns)
    [ PASSED ] CASE: everyAcceptedSingleByteMutationHasACanonicalReparse (69359842 ns)
    [ PASSED ] CASE: chunkedMutationsHaveDeterministicBoundedTerminals (2163928 ns)
    [ PASSED ] CASE: validHeadParsesAtEveryTransportSplitBoundary (3777952 ns)
    TCS: Http1HttpsClientTest, time elapsed: 2378869 ns, RESULT:
    [ PASSED ] CASE: partitionsHandshakesAndReusesHttpsAfterBodyCompletion (2119941 ns)
    TCS: Http1TlsServerTest, time elapsed: 108488502 ns, RESULT:
    [ PASSED ] CASE: alpnServerRejectsAClientWithNoSharedHttpProtocol (48638313 ns)
    [ PASSED ] CASE: automaticClientOffersH2FirstAndFallsBackToServerHttp11 (17953664 ns)
    [ PASSED ] CASE: requiredMutualTlsCarriesAuthenticatedHttp1Exchange (21542765 ns)
    [ PASSED ] CASE: realAwsLcHandshakeCarriesOneHttp1Exchange (19532571 ns)
Summary: TOTAL: 118
    PASSED: 115, SKIPPED: 3, ERROR: 0
    FAILED: 0
--------------------------------------------------------------------------------------------------
TP: wirestack.internal.transport, time elapsed: 191560456 ns, RESULT:
    TCS: ByteSpanTest, time elapsed: 1687536 ns, RESULT:
    [ PASSED ] CASE: defaultsCoverWholeArrayAndEmptyArray (235930 ns)
    [ PASSED ] CASE: sliceAndAdvanceKeepTheOriginalArray (22761 ns)
    [ PASSED ] CASE: mutableViewWritesThroughAndConvertsWithoutCopying (19242 ns)
    [ PASSED ] CASE: permitsBoundaryEmptyRanges (23211 ns)
    [ PASSED ] CASE: rejectsEveryOutOfRangeShape (106522 ns)
    TCS: CancellationTest, time elapsed: 43721732 ns, RESULT:
    [ PASSED ] CASE: cancelIsOneWayAndCallbacksRunExactlyOnce (169033 ns)
    [ PASSED ] CASE: unregisterIsIdempotentAndPreventsPendingCallback (25506 ns)
    [ PASSED ] CASE: alreadyCancelledRegistrationRunsSynchronouslyOnce (22692 ns)
    [ PASSED ] CASE: noneTokenRemainsUsableAndNotCancelled (17605 ns)
    [ PASSED ] CASE: oneFailingCallbackDoesNotBlockOtherWaiters (45208 ns)
    [ PASSED ] CASE: concurrentCancelClaimsEveryCallbackExactlyOnce (18244858 ns)
    [ PASSED ] CASE: registrationRacingCancellationStillRunsExactlyOnce (21971578 ns)
    [ PASSED ] CASE: unregisterRacingCancellationIsAtMostOnce (1759300 ns)
    [ PASSED ] CASE: callbackMayReenterCancellationAndRegistrationWithoutDeadlock (37285 ns)
    TCS: OperationCompletionTest, time elapsed: 26970111 ns, RESULT:
    [ PASSED ] CASE: completionCleansEveryResourceBeforeTheWinnerCallback (37620 ns)
    [ PASSED ] CASE: unregisterAndLateRegistrationHaveExplicitTerminalSemantics (26681 ns)
    [ PASSED ] CASE: cleanupCapacityIsPositiveAndHardBounded (67439 ns)
    [ PASSED ] CASE: cleanupFailuresAndReentrancyCannotBlockTerminalProgress (41885 ns)
    [ PASSED ] CASE: winnerExceptionDoesNotReopenTheCompletion (30320 ns)
    [ PASSED ] CASE: cleanupCountPropertyHoldsAcrossEveryConfiguredOccupancy (500177 ns)
    [ PASSED ] CASE: concurrentTerminalCallersHaveOneWinner (3280837 ns)
    [ PASSED ] CASE: registrationRacingCompletionIsAlwaysCleanedOnce (20866442 ns)
    [ PASSED ] CASE: unregisterRacingCompletionRunsCleanupAtMostOnce (819003 ns)
    TCS: DeadlineTest, time elapsed: 692212 ns, RESULT:
    [ PASSED ] CASE: remainingUsesTheInjectedMonotonicClock (17254 ns)
    [ PASSED ] CASE: remainingClampsAtZeroAfterExpiry (16565 ns)
    [ PASSED ] CASE: childCanShortenButNeverExtendParent (14666 ns)
    [ PASSED ] CASE: zeroAndExpiredChildrenCannotExtendTheParent (14680 ns)
    [ PASSED ] CASE: rejectsNegativeDurations (32094 ns)
    TCS: TransportLifecycleTest, time elapsed: 4929179 ns, RESULT:
    [ PASSED ] CASE: connectingAndAcceptedPathsReachOpenOnlyInOrder (18348 ns)
    [ PASSED ] CASE: halfCloseIsDirectionalIdempotentAndConvergesOnClosing (47604 ns)
    [ PASSED ] CASE: gracefulCloseIsIdempotentAndCompletesOnlyFromClosing (18656 ns)
    [ PASSED ] CASE: abortAndFailReachEveryNonTerminalStateWithoutOverwritingTerminalEvidence (119889 ns)
    [ PASSED ] CASE: illegalTransitionsHaveStableCodesAndDoNotMutateState (117453 ns)
    [ PASSED ] CASE: closingAndTerminalStatesRejectDataOperationsWithClosedCode (75189 ns)
    [ PASSED ] CASE: operationClaimsAllowDuplexButRejectSameDirectionConcurrency (37955 ns)
    [ PASSED ] CASE: everyTerminalModeReleasesRegisteredResourcesExactlyOnce (28497 ns)
    [ PASSED ] CASE: racingTerminalTransitionsRetainOneWinnerAndOneCleanup (3237041 ns)
    [ PASSED ] CASE: terminalCleanupMayReenterAndItsRegistryRemainsBounded (39916 ns)
    TCS: M124TransportRaceTest, time elapsed: 31644946 ns, RESULT:
    [ PASSED ] CASE: readCloseReleasesBlockedOperationAndDrainsWaiter (1336726 ns)
    [ PASSED ] CASE: writeAbortReleasesBlockedOperationAndDrainsWaiter (9889616 ns)
    [ PASSED ] CASE: successAndCancelOrderingsCompleteOnceWithoutDataLeak (19885247 ns)
    TCS: MemoryTransportListenerTest, time elapsed: 49924900 ns, RESULT:
    [ PASSED ] CASE: rejectsInvalidListenerAndSchedulerBounds (43486 ns)
    [ PASSED ] CASE: listenerDeliversConnectionsInFifoOrderAndBoundsBacklog (139035 ns)
    [ PASSED ] CASE: schedulerDefersDeliveryAndReleasesFailedReservations (84113 ns)
    [ PASSED ] CASE: schedulerRunsMultipleConnectionsInStableFifoOrder (58711 ns)
    [ PASSED ] CASE: cancellationWakesAcceptWithoutClosingListener (8831596 ns)
    [ PASSED ] CASE: deadlineBoundsBlockedAcceptWithoutClosingListener (29854475 ns)
    [ PASSED ] CASE: closeWakesAcceptAndAbortsOwnedConnectionsIdempotently (9824505 ns)
    TCS: MemoryTransportTest, time elapsed: 1812081 ns, RESULT:
    [ PASSED ] CASE: pairTransfersPartialDataInBothDirections (28337 ns)
    [ PASSED ] CASE: emptyBuffersReturnZeroWithoutProducingEofOrPeerData (26315 ns)
    [ PASSED ] CASE: writeShutdownProducesPeerEofAfterBufferedData (34067 ns)
    [ PASSED ] CASE: readShutdownMakesPeerWritesFailAsBrokenPipe (38641 ns)
    [ PASSED ] CASE: cancelledBeforeOperationHasNoDataSideEffect (39199 ns)
    [ PASSED ] CASE: closeAndAbortAreIdempotentAndTerminal (43609 ns)
    [ PASSED ] CASE: cancellationWakesABlockedRead (70802 ns)
    [ PASSED ] CASE: closeWakesABlockedLocalRead (52614 ns)
    [ PASSED ] CASE: writeShutdownWakesABlockedLocalWrite (57746 ns)
    [ PASSED ] CASE: boundedBackpressureResumesAfterPeerReads (139637 ns)
    [ PASSED ] CASE: expiredDeadlineFailsBeforeAnyWrite (31051 ns)
    TCS: NetworkErrorTest, time elapsed: 530654 ns, RESULT:
    [ PASSED ] CASE: retainsStableClassificationAndEndpointEvidence (25645 ns)
    [ PASSED ] CASE: retainsLocalEndpointCauseAndOptionalDefaults (21399 ns)
    [ PASSED ] CASE: caughtErrorRetainsUnixEndpointBytesNativeCodeAndCause (37572 ns)
    [ PASSED ] CASE: pathnameRejectsNulWhileAbstractRetainsIt (26232 ns)
    TCS: OperationContextTest, time elapsed: 668370 ns, RESULT:
    [ PASSED ] CASE: backgroundHasNoDeadlineCancellationOrTrace (14270 ns)
    [ PASSED ] CASE: derivedContextsRetainEventSinkAndSinkFailuresAreIsolated (35710 ns)
    [ PASSED ] CASE: derivedContextRetainsCancellationAndTrace (16388 ns)
    [ PASSED ] CASE: derivationHelpersChangeOnlyTheirNamedField (32733 ns)
    [ PASSED ] CASE: earlierDeadlineCannotBeExtended (10556 ns)
    [ PASSED ] CASE: traceIdentifiersAreBoundedAndNonEmpty (22440 ns)
    TCS: ScriptedTransportTest, time elapsed: 26756669 ns, RESULT:
    [ PASSED ] CASE: rejectsUnboundedOrInvalidScripts (48113 ns)
    [ PASSED ] CASE: shortReadAndWriteStepsAreConsumedInOrder (39976 ns)
    [ PASSED ] CASE: emptyIoDoesNotConsumeScriptAndEofIsExplicit (26587 ns)
    [ PASSED ] CASE: resetTerminatesTransportAtInjectedPhase (44139 ns)
    [ PASSED ] CASE: failurePreservesCoordinatesWithoutTerminatingTransport (36868 ns)
    [ PASSED ] CASE: virtualWaiterReleasesBlockedOperationsInFifoOrder (15899183 ns)
    [ PASSED ] CASE: cancellationWinsAReleaseRaceAndCleansWaiter (9788654 ns)
    TCS: TransportHelperTest, time elapsed: 1183740 ns, RESULT:
    [ PASSED ] CASE: writeAllHandlesPartialWritesAndEmptyInput (36238 ns)
    [ PASSED ] CASE: readExactHandlesPartialReads (21510 ns)
    [ PASSED ] CASE: readExactClassifiesPrematureEof (30864 ns)
    [ PASSED ] CASE: emptyHelpersDoNotCallTransport (14077 ns)
    [ PASSED ] CASE: invalidProgressFailsOnceWithoutSpinning (68357 ns)
    [ PASSED ] CASE: cancellationAfterPartialProgressPropagatesWithoutRestart (53739 ns)
    [ PASSED ] CASE: absoluteDeadlineExpiresAcrossPartialRetries (41122 ns)
Summary: TOTAL: 83
    PASSED: 83, SKIPPED: 0, ERROR: 0
    FAILED: 0
--------------------------------------------------------------------------------------------------
TP: wirestack.internal.tls_engine, time elapsed: 25374398860 ns, RESULT:
    TCS: TlsConnectionTest, time elapsed: 17750716 ns, RESULT:
    [ PASSED ] CASE: handshakeTransfersOwnershipAndPlaintextIoUsesTheEngine (1157469 ns)
    [ PASSED ] CASE: oneReadAndOneWriteMayOverlapButSecondReadFailsImmediately (1192802 ns)
    [ PASSED ] CASE: handshakeFailureAbortsTransportAndReleasesEngineExactlyOnce (78773 ns)
    [ PASSED ] CASE: expiredHandshakeDeadlineStillConsumesAndAbortsBothInputs (74105 ns)
    [ PASSED ] CASE: ioFailureAbortsAndRepeatedTerminalCallsDoNotReleaseTwice (441194 ns)
    [ PASSED ] CASE: unsupportedHalfCloseDoesNotMutateAnOpenConnection (119095 ns)
    [ PASSED ] CASE: concurrentCloseAndAbortReleaseUnderlyingResourcesOnce (9662323 ns)
    [ PASSED ] CASE: gracefulCloseSendsAndProcessesCloseNotifyBeforeReleasingResources (253085 ns)
    [ PASSED ] CASE: tcpEofDuringGracefulCloseRetainsTruncationAndStillReleasesEverything (260475 ns)
    [ PASSED ] CASE: expiredCloseBudgetStillClosesTransportAndReleasesEngine (248951 ns)
    [ PASSED ] CASE: abortNeverAttemptsTlsShutdownAndRetainsLocalAbortEvidence (139768 ns)
    [ PASSED ] CASE: tcpEofDuringApplicationReadRetainsTruncationBeforeAbort (933819 ns)
    [ PASSED ] CASE: peerCloseNotifyProducesEofEvidenceAndRejectsNewApplicationWrites (1073331 ns)
    TCS: Net06TlsTransportCleanupGateTest, time elapsed: 2465067 ns, RESULT:
    [ PASSED ] CASE: failedHandshakesDisposeEngineAndTransportExactlyOnce (2177880 ns)
    TCS: TlsContextTest, time elapsed: 5853323 ns, RESULT:
    [ PASSED ] CASE: linuxCapabilitiesAreExplicitAndNeverInferredFromProviderNames (20671 ns)
    [ PASSED ] CASE: defaultSystemTrustFailsAtBuildUntilLinuxAdapterIsAvailable (160828 ns)
    [ PASSED ] CASE: modernClientContextIsImmutableAndConcurrentShareable (557979 ns)
    [ PASSED ] CASE: strictTls13RejectsAnyTls12Override (236567 ns)
    [ PASSED ] CASE: missingTls13AndHttp2CapabilitiesFailBeforeHandshake (146563 ns)
    [ PASSED ] CASE: alpnRejectsEmptyAndDuplicateProtocolNames (544551 ns)
    [ PASSED ] CASE: serverRequiresServerIdentityAndMtlSTrustAtBuildTime (1519191 ns)
    [ PASSED ] CASE: clientIdentityCapabilityIsValidatedAtBuildTime (1377491 ns)
    TCS: TlsEnginePumpTest, time elapsed: 270422527 ns, RESULT:
    [ PASSED ] CASE: awsLcClientEngineProducesAClientHelloWithoutSocketIo (49617964 ns)
    [ PASSED ] CASE: strictTls13PolicyIsAcceptedByTheNativeEngine (166298 ns)
    [ PASSED ] CASE: LinuxSystemTrustLoadsExplicitlyAndSniStaysSeparateFromReferenceIdentity (17229368 ns)
    [ PASSED ] CASE: customRootChainIsLoadedIntoARealAwsLcClientEngine (386585 ns)
    [ PASSED ] CASE: spkiPinPolicyConfiguresTheNativeVerificationPathBeforeHandshake (156935 ns)
    [ PASSED ] CASE: matchingSpkiPinCompletesARealClientServerHandshake (11355387 ns)
    [ PASSED ] CASE: matchingSpkiPinDoesNotBypassReferenceIdentityVerification (10275039 ns)
    [ PASSED ] CASE: realAwsLcEnginesExchangeCloseNotifyInBothDirections (12084973 ns)
    [ PASSED ] CASE: handshakeInfoReportsNegotiatedAlpnPeerChainAndVerificationEvidence (12625501 ns)
    [ PASSED ] CASE: tls13TicketResumesAcrossFreshEnginesWithoutEarlyData (16556934 ns)
    [ PASSED ] CASE: tls12TicketResumesAcrossFreshEngines (19546653 ns)
    [ PASSED ] CASE: sniSelectsTheCompleteImmutableContextAndItsCertificate (11336408 ns)
    [ PASSED ] CASE: sniSelectorRejectsMissingAndUnknownNamesWithStableEvidence (16337757 ns)
    [ PASSED ] CASE: noSharedAlpnFailsTheHandshakeInsteadOfSilentlySelectingNothing (8549615 ns)
    [ PASSED ] CASE: requiredMutualTlsUsesClientIdentityAndReturnsServerVerificationEvidence (12298622 ns)
    [ PASSED ] CASE: requiredMutualTlsRejectsMissingClientIdentityButOptionalAllowsIt (11993048 ns)
    [ PASSED ] CASE: mismatchedSpkiPinFailsARealClientServerHandshake (10945768 ns)
    [ PASSED ] CASE: externalSignerCompletesARealHandshakeOutsideTheNativeCallback (27170103 ns)
    [ PASSED ] CASE: externalSignerExceptionFailsClosedWithoutCrossingTheCAbi (8396488 ns)
    [ PASSED ] CASE: cancellationBeforeSignerInvocationFailsThePendingNativeOperation (8837082 ns)
    [ PASSED ] CASE: pumpHandlesWantReadWriteAndPartialIoWithBoundedBuffers (51238 ns)
    [ PASSED ] CASE: wantWriteWithoutCiphertextFailsInsteadOfSpinning (79651 ns)
    [ PASSED ] CASE: eofDuringWantReadRetainsTlsHandshakeEvidence (72249 ns)
    [ PASSED ] CASE: preCancellationStopsBeforeCallingProviderOrTransport (74978 ns)
    [ PASSED ] CASE: expiredDeadlineStopsBeforeCallingProviderOrTransport (74825 ns)
    TCS: LocalIdentityTest, time elapsed: 5075156 ns, RESULT:
    [ PASSED ] CASE: pkcs8InputIsExactBoundedAndZeroizable (526123 ns)
    [ PASSED ] CASE: pkcs8FileAdapterReadsOneBoundedRegularFile (489658 ns)
    [ PASSED ] CASE: localIdentityValidatesLeafKeyMatchAndHasStablePublicIdentity (1479834 ns)
    [ PASSED ] CASE: mismatchedCertificateAndPrivateKeyFailAtIdentityBuild (744161 ns)
    [ PASSED ] CASE: externalSignerAndSystemHandleShareOneOpaqueKeyContract (521733 ns)
    [ PASSED ] CASE: duplicateSignerAlgorithmsAndMismatchedSpkiFailAtBuild (593284 ns)
    TCS: M3028TlsFuzzTest, time elapsed: 25070870832 ns, RESULT:
    [ PASSED ] CASE: recordMutationsHaveDeterministicTypedTerminals (9901742731 ns)
    [ PASSED ] CASE: handshakeMutationsHaveDeterministicTypedTerminals (9770094563 ns)
    [ PASSED ] CASE: certificateAdapterMutationsHaveDeterministicTypedTerminals (5398336148 ns)
    TCS: TlsProviderSubstitutionTest, time elapsed: 898388 ns, RESULT:
    [ PASSED ] CASE: testProviderUsesTheProductionFactoryContract (261063 ns)
    [ PASSED ] CASE: objectsFromDifferentProviderInstancesCannotMix (238193 ns)
    [ PASSED ] CASE: activeEngineRetainsProviderUntilItCloses (17829 ns)
    TCS: TlsSessionStoreTest, time elapsed: 325769 ns, RESULT:
    [ PASSED ] CASE: boundedLruExpiryAndSingleUseAreDeterministic (30002 ns)
    [ PASSED ] CASE: everySecurityPartitionDimensionPreventsReuse (42758 ns)
Summary: TOTAL: 61
    PASSED: 61, SKIPPED: 0, ERROR: 0
    FAILED: 0
--------------------------------------------------------------------------------------------------
TP: wirestack.internal.platform.linux, time elapsed: 9873379 ns, RESULT:
    TCS: LinuxSystemTrustAdapterTest, time elapsed: 9873379 ns, RESULT:
    [ PASSED ] CASE: frozenSearchOrderCoversGlibcAndMuslLayouts (178359 ns)
    [ PASSED ] CASE: currentLinuxHostSelectsOneExplicitUsableSource (7842447 ns)
    [ PASSED ] CASE: missingCandidatesFailWithoutProviderDefaultFallback (42829 ns)
    [ PASSED ] CASE: directoryCandidateRequiresReadableHashedCertificateEntry (284737 ns)
    [ PASSED ] CASE: sourceIdentityChangesWhenSameSizeTrustContentChanges (366785 ns)
Summary: TOTAL: 5
    PASSED: 5, SKIPPED: 0, ERROR: 0
    FAILED: 0
--------------------------------------------------------------------------------------------------
Project tests finished, time elapsed: 43808397253 ns, RESULT:
TP: wirestack.*, time elapsed: 43808339384 ns, RESULT:
    PASSED:
    TP: wirestack.internal.platform.linux, time elapsed: 9873379 ns
    TP: wirestack.internal.common, time elapsed: 1998509 ns
    TP: wirestack.internal.transport, time elapsed: 191560456 ns
    TP: wirestack.internal.trust, time elapsed: 48006520 ns
    TP: wirestack.internal.http2, time elapsed: 3038855275 ns
    TP: wirestack.internal.resolver, time elapsed: 40624479 ns
    TP: wirestack.internal.tls_engine, time elapsed: 25374398860 ns
    TP: wirestack.internal.connector, time elapsed: 13301038 ns
    TP: wirestack.tls, time elapsed: 97719351 ns
    TP: wirestack.internal.http1, time elapsed: 1550002863 ns
    TP: wirestack.internal.transport_stdnet, time elapsed: 206119944 ns
    TP: wirestack.net, time elapsed: 1495865627 ns
    TP: wirestack.http, time elapsed: 11586705008 ns
Summary: TOTAL: 786
    PASSED: 763, SKIPPED: 23, ERROR: 0
    FAILED: 0
--------------------------------------------------------------------------------------------------
cjpm test success
