3559282 close(3)                        = 0
3559282 close(3)                        = 0
3559282 close(3)                        = 0
3559282 close(3)                        = 0
3559282 close(3)                        = 0
3559282 close(3)                        = 0
3559282 close(3)                        = 0
3559282 close(3)                        = 0
3559282 close(3)                        = 0
3559282 close(3)                        = 0
3559282 close(3)                        = 0
3559282 close(3)                        = 0
3559282 close(3)                        = 0
3559282 socket(AF_UNIX, SOCK_STREAM|SOCK_CLOEXEC|SOCK_NONBLOCK, 0) = 3
3559282 bind(3, {sa_family=AF_UNIX, sun_path=@"/tmp/wirestack-m8-003-peer-q29xh_df-listener\0tail\303\251zzzzzzzzzzzzzzzzzzzzzzzzzzzzzzzzzzzzzzzzzzzzzzzzzzzzzzzz"}, 110) = 0
3559282 listen(3, 128)                  = 0
3559282 socket(AF_UNIX, SOCK_DGRAM|SOCK_CLOEXEC|SOCK_NONBLOCK, 0) = 5
3559282 bind(5, {sa_family=AF_UNIX, sun_path=@"/tmp/wirestack-m8-003-peer-q29xh_df-datagram\0tail\303\251zzzzzzzzzzzzzzzzzzzzzzzzzzzzzzzzzzzzzzzzzzzzzzzzzzzzzzzz"}, 110) = 0
3559287 accept4(3, {sa_family=AF_UNIX}, [120 => 2], SOCK_CLOEXEC|SOCK_NONBLOCK) = 6
3559287 recvfrom(6, "\0\1\2\3\4\5\6\7\10\t\n\v\f\r\16\17\20\21\22\23\24\25\26\27\30\31\32\33\34\35\36\37"..., 16384, 0, NULL, NULL) = 16384
3559287 recvfrom(6, "EFGHIJKLMNOPQRSTUVWXYZ[\\]^_`abcd"..., 16384, 0, NULL, NULL) = 16384
3559287 sendto(6, "\0\1\2\3\4\5\6\7\10\t\n\v\f\r\16\17\20\21\22\23\24\25\26\27\30\31\32\33\34\35\36\37"..., 16384, MSG_NOSIGNAL, NULL, 0) = 16384
3559287 sendto(6, "EFGHIJKLMNOPQRSTUVWXYZ[\\]^_`abcd"..., 16384, MSG_NOSIGNAL, NULL, 0) = 16384
3559287 close(6)                        = 0
3559287 close(3)                        = 0
3559287 socket(AF_UNIX, SOCK_STREAM|SOCK_CLOEXEC|SOCK_NONBLOCK, 0) = 3
3559287 connect(3, {sa_family=AF_UNIX, sun_path=@"/tmp/wirestack-m8-003-peer-q29xh_df-peer-stream\0tail\303\251zzzzzzzzzzzzzzzzzzzzzzzzzzzzzzzzzzzzzzzzzzzzzzzzzzzzz"}, 110) = 0
3559287 sendto(3, "\0\1\2\3\4\5\6\7\10\t\n\v\f\r\16\17\20\21\22\23\24\25\26\27\30\31\32\33\34\35\36\37"..., 16384, MSG_NOSIGNAL, NULL, 0) = 16384
3559287 sendto(3, "EFGHIJKLMNOPQRSTUVWXYZ[\\]^_`abcd"..., 16384, MSG_NOSIGNAL, NULL, 0) = 16384
3559287 recvfrom(3, "\0\1\2\3\4\5\6\7\10\t\n\v\f\r\16\17\20\21\22\23\24\25\26\27\30\31\32\33\34\35\36\37"..., 16384, 0, NULL, NULL) = 16384
3559287 recvfrom(3, "EFGHIJKLMNOPQRSTUVWXYZ[\\]^_`abcd"..., 16384, 0, NULL, NULL) = 16384
3559287 recvfrom(3, "", 1, 0, NULL, NULL) = 0
3559287 recvfrom(3, "", 1, 0, NULL, NULL) = 0
3559287 sendto(3, "after", 5, MSG_NOSIGNAL, NULL, 0) = 5
3559287 close(3)                        = 0
3559287 socket(AF_UNIX, SOCK_STREAM|SOCK_CLOEXEC|SOCK_NONBLOCK, 0) = 3
3559287 bind(3, {sa_family=AF_UNIX, sun_path=@"/tmp/wirestack-m8-003-peer-q29xh_df-write-timeout\0tail\303\251zzzzzzzzzzzzzzzzzzzzzzzzzzzzzzzzzzzzzzzzzzzzzzzzzzz"}, 110) = 0
3559287 listen(3, 128)                  = 0
3559288 accept4(3, {sa_family=AF_UNIX}, [120 => 2], SOCK_CLOEXEC|SOCK_NONBLOCK) = 6
3559288 sendto(6, "\0\1\2\3\4\5\6\7\10\t\n\v\f\r\16\17\20\21\22\23\24\25\26\27\30\31\32\33\34\35\36\37"..., 16384, MSG_NOSIGNAL, NULL, 0) = 16384
3559288 sendto(6, "EFGHIJKLMNOPQRSTUVWXYZ[\\]^_`abcd"..., 16384, MSG_NOSIGNAL, NULL, 0) = 16384
3559288 sendto(6, "\212\213\214\215\216\217\220\221\222\223\224\225\226\227\230\231\232\233\234\235\236\237\240\241\242\243\244\245\246\247\250\251"..., 16384, MSG_NOSIGNAL, NULL, 0) = 16384
3559288 sendto(6, "\317\320\321\322\323\324\325\326\327\330\331\332\333\334\335\336\337\340\341\342\343\344\345\346\347\350\351\352\353\354\355\356"..., 16384, MSG_NOSIGNAL, NULL, 0) = 16384
3559288 sendto(6, "\31\32\33\34\35\36\37 !\"#$%&'()*+,-./012345678"..., 16384, MSG_NOSIGNAL, NULL, 0) = 16384
3559288 sendto(6, "^_`abcdefghijklmnopqrstuvwxyz{|}"..., 16384, MSG_NOSIGNAL, NULL, 0) = 16384
3559288 sendto(6, "\243\244\245\246\247\250\251\252\253\254\255\256\257\260\261\262\263\264\265\266\267\270\271\272\273\274\275\276\277\300\301\302"..., 16384, MSG_NOSIGNAL, NULL, 0) = 16384
3559288 sendto(6, "\350\351\352\353\354\355\356\357\360\361\362\363\364\365\366\367\370\371\372\0\1\2\3\4\5\6\7\10\t\n\v\f"..., 16384, MSG_NOSIGNAL, NULL, 0) = 16384
3559288 sendto(6, "23456789:;<=>?@ABCDEFGHIJKLMNOPQ"..., 16384, MSG_NOSIGNAL, NULL, 0) = 16384
3559288 sendto(6, "wxyz{|}~\177\200\201\202\203\204\205\206\207\210\211\212\213\214\215\216\217\220\221\222\223\224\225\226"..., 16384, MSG_NOSIGNAL, NULL, 0) = 16384
3559288 sendto(6, "\274\275\276\277\300\301\302\303\304\305\306\307\310\311\312\313\314\315\316\317\320\321\322\323\324\325\326\327\330\331\332\333"..., 16384, MSG_NOSIGNAL, NULL, 0) = 16384
3559288 sendto(6, "\6\7\10\t\n\v\f\r\16\17\20\21\22\23\24\25\26\27\30\31\32\33\34\35\36\37 !\"#$%"..., 16384, MSG_NOSIGNAL, NULL, 0) = 16384
3559288 sendto(6, "KLMNOPQRSTUVWXYZ[\\]^_`abcdefghij"..., 16384, MSG_NOSIGNAL, NULL, 0) = 16384
3559288 sendto(6, "\220\221\222\223\224\225\226\227\230\231\232\233\234\235\236\237\240\241\242\243\244\245\246\247\250\251\252\253\254\255\256\257"..., 16384, MSG_NOSIGNAL, NULL, 0) = -1 EAGAIN (Resource temporarily unavailable)
3559288 sendto(6, "\220\221\222\223\224\225\226\227\230\231\232\233\234\235\236\237\240\241\242\243\244\245\246\247\250\251\252\253\254\255\256\257"..., 16384, MSG_NOSIGNAL, NULL, 0) = -1 EAGAIN (Resource temporarily unavailable)
3559288 close(6)                        = 0
3559288 close(3)                        = 0
3559288 recvfrom(5, "", 5, 0, {sa_family=AF_UNIX, sun_path=@"/tmp/wirestack-m8-003-peer-q29xh_df-peer-datagram\0tail\303\251zzzzzzzzzzzzzzzzzzzzzzzzzzzzzzzzzzzzzzzzzzzzzzzzzzz"}, [120 => 110]) = 0
3559288 recvfrom(5, "\1\2\3\4\5", 5, 0, {sa_family=AF_UNIX, sun_path=@"/tmp/wirestack-m8-003-peer-q29xh_df-peer-datagram\0tail\303\251zzzzzzzzzzzzzzzzzzzzzzzzzzzzzzzzzzzzzzzzzzzzzzzzzzz"}, [120 => 110]) = 5
3559288 recvfrom(5, "\t\n\v\f", 5, 0, {sa_family=AF_UNIX, sun_path=@"/tmp/wirestack-m8-003-peer-q29xh_df-peer-datagram\0tail\303\251zzzzzzzzzzzzzzzzzzzzzzzzzzzzzzzzzzzzzzzzzzzzzzzzzzz"}, [120 => 110]) = 4
3559288 recvfrom(5, "raw", 5, 0, {sa_family=AF_UNIX, sun_path=@"/tmp/wirestack-m8-003-peer-q29xh_df-arbitrary-\377"}, [120 => 50]) = 3
3559288 connect(5, {sa_family=AF_UNIX, sun_path=@"/tmp/wirestack-m8-003-peer-q29xh_df-peer-datagram\0tail\303\251zzzzzzzzzzzzzzzzzzzzzzzzzzzzzzzzzzzzzzzzzzzzzzzzzzz"}, 110) = 0
3559288 sendto(5, "AB", 2, 0, {sa_family=AF_UNIX, sun_path=@"/tmp/wirestack-m8-003-peer-q29xh_df-peer-datagram\0tail\303\251zzzzzzzzzzzzzzzzzzzzzzzzzzzzzzzzzzzzzzzzzzzzzzzzzzz"}, 110) = 2
3559288 recvfrom(5, 0x559ddb2ad4f0, 5, 0, 0x7f20d4020e70, [120]) = -1 EAGAIN (Resource temporarily unavailable)
3559288 recvfrom(5, 0x559ddb2ad4f0, 5, 0, 0x7f20d4020e70, [120]) = -1 EAGAIN (Resource temporarily unavailable)
3559288 recvfrom(5, "D", 5, 0, {sa_family=AF_UNIX, sun_path=@"/tmp/wirestack-m8-003-peer-q29xh_df-peer-datagram\0tail\303\251zzzzzzzzzzzzzzzzzzzzzzzzzzzzzzzzzzzzzzzzzzzzzzzzzzz"}, [120 => 110]) = 1
3559288 sendto(5, "\0\1\2\3\4\5\6\7\10\t\n\v\f\r\16\17\20\21\22\23\24\25\26\27\30\31\32\33\34\35\36\37"..., 65507, 0, {sa_family=AF_UNIX, sun_path=@"/tmp/wirestack-m8-003-peer-q29xh_df-peer-datagram\0tail\303\251zzzzzzzzzzzzzzzzzzzzzzzzzzzzzzzzzzzzzzzzzzzzzzzzzzz"}, 110) = 65507
3559288 recvfrom(5, 0x559ddb2ad4f0, 65508, 0, 0x7f20d4020e70, [120]) = -1 EAGAIN (Resource temporarily unavailable)
3559288 recvfrom(5, "\0\1\2\3\4\5\6\7\10\t\n\v\f\r\16\17\20\21\22\23\24\25\26\27\30\31\32\33\34\35\36\37"..., 65508, 0, {sa_family=AF_UNIX, sun_path=@"/tmp/wirestack-m8-003-peer-q29xh_df-peer-datagram\0tail\303\251zzzzzzzzzzzzzzzzzzzzzzzzzzzzzzzzzzzzzzzzzzzzzzzzzzz"}, [120 => 110]) = 65507
3559288 recvfrom(5, 0x559ddb2ad4f0, 5, 0, 0x7f20d4020e70, [120]) = -1 EAGAIN (Resource temporarily unavailable)
3559288 close(5)                        = 0
3559288 socket(AF_UNIX, SOCK_STREAM|SOCK_CLOEXEC|SOCK_NONBLOCK, 0) = 3
3559288 bind(3, {sa_family=AF_UNIX, sun_path=@"/tmp/wirestack-m8-003-peer-q29xh_df-cycle-stream-0\0tail\303\251zzzzzzzzzzzzzzzzzzzzzzzzzzzzzzzzzzzzzzzzzzzzzzzzzz"}, 110) = 0
3559288 listen(3, 128)                  = 0
3559288 socket(AF_UNIX, SOCK_DGRAM|SOCK_CLOEXEC|SOCK_NONBLOCK, 0) = 5
3559288 bind(5, {sa_family=AF_UNIX, sun_path=@"/tmp/wirestack-m8-003-peer-q29xh_df-cycle-datagram-0\0tail\303\251zzzzzzzzzzzzzzzzzzzzzzzzzzzzzzzzzzzzzzzzzzzzzzzz"}, 110) = 0
3559288 close(5)                        = 0
3559288 close(3)                        = 0
3559288 close(3)                        = 0
3559288 socket(AF_UNIX, SOCK_STREAM|SOCK_CLOEXEC|SOCK_NONBLOCK, 0) = 3
3559288 bind(3, {sa_family=AF_UNIX, sun_path=@"/tmp/wirestack-m8-003-peer-q29xh_df-cycle-stream-1\0tail\303\251zzzzzzzzzzzzzzzzzzzzzzzzzzzzzzzzzzzzzzzzzzzzzzzzzz"}, 110) = 0
3559288 listen(3, 128)                  = 0
3559288 socket(AF_UNIX, SOCK_DGRAM|SOCK_CLOEXEC|SOCK_NONBLOCK, 0) = 5
3559288 bind(5, {sa_family=AF_UNIX, sun_path=@"/tmp/wirestack-m8-003-peer-q29xh_df-cycle-datagram-1\0tail\303\251zzzzzzzzzzzzzzzzzzzzzzzzzzzzzzzzzzzzzzzzzzzzzzzz"}, 110) = 0
3559288 close(5)                        = 0
3559288 close(3)                        = 0
3559288 socket(AF_UNIX, SOCK_STREAM|SOCK_CLOEXEC|SOCK_NONBLOCK, 0) = 3
3559288 bind(3, {sa_family=AF_UNIX, sun_path=@"/tmp/wirestack-m8-003-peer-q29xh_df-cycle-stream-2\0tail\303\251zzzzzzzzzzzzzzzzzzzzzzzzzzzzzzzzzzzzzzzzzzzzzzzzzz"}, 110) = 0
3559288 listen(3, 128)                  = 0
3559288 socket(AF_UNIX, SOCK_DGRAM|SOCK_CLOEXEC|SOCK_NONBLOCK, 0) = 5
3559288 bind(5, {sa_family=AF_UNIX, sun_path=@"/tmp/wirestack-m8-003-peer-q29xh_df-cycle-datagram-2\0tail\303\251zzzzzzzzzzzzzzzzzzzzzzzzzzzzzzzzzzzzzzzzzzzzzzzz"}, 110) = 0
3559288 close(5)                        = 0
3559288 close(3)                        = 0
3559288 socket(AF_UNIX, SOCK_STREAM|SOCK_CLOEXEC|SOCK_NONBLOCK, 0) = 3
3559288 bind(3, {sa_family=AF_UNIX, sun_path=@"/tmp/wirestack-m8-003-peer-q29xh_df-cycle-stream-3\0tail\303\251zzzzzzzzzzzzzzzzzzzzzzzzzzzzzzzzzzzzzzzzzzzzzzzzzz"}, 110) = 0
3559288 listen(3, 128)                  = 0
3559288 socket(AF_UNIX, SOCK_DGRAM|SOCK_CLOEXEC|SOCK_NONBLOCK, 0) = 5
3559288 bind(5, {sa_family=AF_UNIX, sun_path=@"/tmp/wirestack-m8-003-peer-q29xh_df-cycle-datagram-3\0tail\303\251zzzzzzzzzzzzzzzzzzzzzzzzzzzzzzzzzzzzzzzzzzzzzzzz"}, 110) = 0
3559288 close(5)                        = 0
3559288 close(3)                        = 0
3559288 socket(AF_UNIX, SOCK_STREAM|SOCK_CLOEXEC|SOCK_NONBLOCK, 0) = 3
3559288 bind(3, {sa_family=AF_UNIX, sun_path=@"/tmp/wirestack-m8-003-peer-q29xh_df-cycle-stream-4\0tail\303\251zzzzzzzzzzzzzzzzzzzzzzzzzzzzzzzzzzzzzzzzzzzzzzzzzz"}, 110) = 0
3559288 listen(3, 128)                  = 0
3559288 socket(AF_UNIX, SOCK_DGRAM|SOCK_CLOEXEC|SOCK_NONBLOCK, 0) = 5
3559288 bind(5, {sa_family=AF_UNIX, sun_path=@"/tmp/wirestack-m8-003-peer-q29xh_df-cycle-datagram-4\0tail\303\251zzzzzzzzzzzzzzzzzzzzzzzzzzzzzzzzzzzzzzzzzzzzzzzz"}, 110) = 0
3559288 close(5)                        = 0
3559288 close(3)                        = 0
3559288 socket(AF_UNIX, SOCK_STREAM|SOCK_CLOEXEC|SOCK_NONBLOCK, 0) = 3
3559288 bind(3, {sa_family=AF_UNIX, sun_path=@"/tmp/wirestack-m8-003-peer-q29xh_df-cycle-stream-5\0tail\303\251zzzzzzzzzzzzzzzzzzzzzzzzzzzzzzzzzzzzzzzzzzzzzzzzzz"}, 110) = 0
3559288 listen(3, 128)                  = 0
3559288 socket(AF_UNIX, SOCK_DGRAM|SOCK_CLOEXEC|SOCK_NONBLOCK, 0) = 5
3559288 bind(5, {sa_family=AF_UNIX, sun_path=@"/tmp/wirestack-m8-003-peer-q29xh_df-cycle-datagram-5\0tail\303\251zzzzzzzzzzzzzzzzzzzzzzzzzzzzzzzzzzzzzzzzzzzzzzzz"}, 110) = 0
3559288 close(5)                        = 0
3559288 close(3)                        = 0
3559288 socket(AF_UNIX, SOCK_STREAM|SOCK_CLOEXEC|SOCK_NONBLOCK, 0) = 3
3559288 bind(3, {sa_family=AF_UNIX, sun_path=@"/tmp/wirestack-m8-003-peer-q29xh_df-cycle-stream-6\0tail\303\251zzzzzzzzzzzzzzzzzzzzzzzzzzzzzzzzzzzzzzzzzzzzzzzzzz"}, 110) = 0
3559288 listen(3, 128)                  = 0
3559288 socket(AF_UNIX, SOCK_DGRAM|SOCK_CLOEXEC|SOCK_NONBLOCK, 0) = 5
3559288 bind(5, {sa_family=AF_UNIX, sun_path=@"/tmp/wirestack-m8-003-peer-q29xh_df-cycle-datagram-6\0tail\303\251zzzzzzzzzzzzzzzzzzzzzzzzzzzzzzzzzzzzzzzzzzzzzzzz"}, 110) = 0
3559288 close(5)                        = 0
3559288 close(3)                        = 0
3559288 socket(AF_UNIX, SOCK_STREAM|SOCK_CLOEXEC|SOCK_NONBLOCK, 0) = 3
3559288 bind(3, {sa_family=AF_UNIX, sun_path=@"/tmp/wirestack-m8-003-peer-q29xh_df-cycle-stream-7\0tail\303\251zzzzzzzzzzzzzzzzzzzzzzzzzzzzzzzzzzzzzzzzzzzzzzzzzz"}, 110) = 0
3559288 listen(3, 128)                  = 0
3559288 socket(AF_UNIX, SOCK_DGRAM|SOCK_CLOEXEC|SOCK_NONBLOCK, 0) = 5
3559288 bind(5, {sa_family=AF_UNIX, sun_path=@"/tmp/wirestack-m8-003-peer-q29xh_df-cycle-datagram-7\0tail\303\251zzzzzzzzzzzzzzzzzzzzzzzzzzzzzzzzzzzzzzzzzzzzzzzz"}, 110) = 0
3559288 close(5)                        = 0
3559288 close(3)                        = 0
3559288 socket(AF_UNIX, SOCK_STREAM|SOCK_CLOEXEC|SOCK_NONBLOCK, 0) = 3
3559288 bind(3, {sa_family=AF_UNIX, sun_path=@"/tmp/wirestack-m8-003-peer-q29xh_df-cycle-stream-8\0tail\303\251zzzzzzzzzzzzzzzzzzzzzzzzzzzzzzzzzzzzzzzzzzzzzzzzzz"}, 110) = 0
3559288 listen(3, 128)                  = 0
3559288 socket(AF_UNIX, SOCK_DGRAM|SOCK_CLOEXEC|SOCK_NONBLOCK, 0) = 5
3559288 bind(5, {sa_family=AF_UNIX, sun_path=@"/tmp/wirestack-m8-003-peer-q29xh_df-cycle-datagram-8\0tail\303\251zzzzzzzzzzzzzzzzzzzzzzzzzzzzzzzzzzzzzzzzzzzzzzzz"}, 110) = 0
3559288 close(5)                        = 0
3559288 close(3)                        = 0
3559288 socket(AF_UNIX, SOCK_STREAM|SOCK_CLOEXEC|SOCK_NONBLOCK, 0) = 3
3559288 bind(3, {sa_family=AF_UNIX, sun_path=@"/tmp/wirestack-m8-003-peer-q29xh_df-cycle-stream-9\0tail\303\251zzzzzzzzzzzzzzzzzzzzzzzzzzzzzzzzzzzzzzzzzzzzzzzzzz"}, 110) = 0
3559288 listen(3, 128)                  = 0
3559288 socket(AF_UNIX, SOCK_DGRAM|SOCK_CLOEXEC|SOCK_NONBLOCK, 0) = 5
3559288 bind(5, {sa_family=AF_UNIX, sun_path=@"/tmp/wirestack-m8-003-peer-q29xh_df-cycle-datagram-9\0tail\303\251zzzzzzzzzzzzzzzzzzzzzzzzzzzzzzzzzzzzzzzzzzzzzzzz"}, 110) = 0
3559288 close(5)                        = 0
3559288 close(3)                        = 0
3559288 socket(AF_UNIX, SOCK_STREAM|SOCK_CLOEXEC|SOCK_NONBLOCK, 0) = 3
3559288 bind(3, {sa_family=AF_UNIX, sun_path=@"/tmp/wirestack-m8-003-peer-q29xh_df-cycle-stream-10\0tail\303\251zzzzzzzzzzzzzzzzzzzzzzzzzzzzzzzzzzzzzzzzzzzzzzzzz"}, 110) = 0
3559288 listen(3, 128)                  = 0
3559288 socket(AF_UNIX, SOCK_DGRAM|SOCK_CLOEXEC|SOCK_NONBLOCK, 0) = 5
3559288 bind(5, {sa_family=AF_UNIX, sun_path=@"/tmp/wirestack-m8-003-peer-q29xh_df-cycle-datagram-10\0tail\303\251zzzzzzzzzzzzzzzzzzzzzzzzzzzzzzzzzzzzzzzzzzzzzzz"}, 110) = 0
3559288 close(5)                        = 0
3559288 close(3)                        = 0
3559288 socket(AF_UNIX, SOCK_STREAM|SOCK_CLOEXEC|SOCK_NONBLOCK, 0) = 3
3559288 bind(3, {sa_family=AF_UNIX, sun_path=@"/tmp/wirestack-m8-003-peer-q29xh_df-cycle-stream-11\0tail\303\251zzzzzzzzzzzzzzzzzzzzzzzzzzzzzzzzzzzzzzzzzzzzzzzzz"}, 110) = 0
3559288 listen(3, 128)                  = 0
3559288 socket(AF_UNIX, SOCK_DGRAM|SOCK_CLOEXEC|SOCK_NONBLOCK, 0) = 5
3559288 bind(5, {sa_family=AF_UNIX, sun_path=@"/tmp/wirestack-m8-003-peer-q29xh_df-cycle-datagram-11\0tail\303\251zzzzzzzzzzzzzzzzzzzzzzzzzzzzzzzzzzzzzzzzzzzzzzz"}, 110) = 0
3559288 close(5)                        = 0
3559288 close(3)                        = 0
3559288 socket(AF_UNIX, SOCK_STREAM|SOCK_CLOEXEC|SOCK_NONBLOCK, 0) = 3
3559288 bind(3, {sa_family=AF_UNIX, sun_path=@"/tmp/wirestack-m8-003-peer-q29xh_df-cycle-stream-12\0tail\303\251zzzzzzzzzzzzzzzzzzzzzzzzzzzzzzzzzzzzzzzzzzzzzzzzz"}, 110) = 0
3559288 listen(3, 128)                  = 0
3559288 socket(AF_UNIX, SOCK_DGRAM|SOCK_CLOEXEC|SOCK_NONBLOCK, 0) = 5
3559288 bind(5, {sa_family=AF_UNIX, sun_path=@"/tmp/wirestack-m8-003-peer-q29xh_df-cycle-datagram-12\0tail\303\251zzzzzzzzzzzzzzzzzzzzzzzzzzzzzzzzzzzzzzzzzzzzzzz"}, 110) = 0
3559288 close(5)                        = 0
3559288 close(3)                        = 0
3559288 socket(AF_UNIX, SOCK_STREAM|SOCK_CLOEXEC|SOCK_NONBLOCK, 0) = 3
3559288 bind(3, {sa_family=AF_UNIX, sun_path=@"/tmp/wirestack-m8-003-peer-q29xh_df-cycle-stream-13\0tail\303\251zzzzzzzzzzzzzzzzzzzzzzzzzzzzzzzzzzzzzzzzzzzzzzzzz"}, 110) = 0
3559288 listen(3, 128)                  = 0
3559288 socket(AF_UNIX, SOCK_DGRAM|SOCK_CLOEXEC|SOCK_NONBLOCK, 0) = 5
3559288 bind(5, {sa_family=AF_UNIX, sun_path=@"/tmp/wirestack-m8-003-peer-q29xh_df-cycle-datagram-13\0tail\303\251zzzzzzzzzzzzzzzzzzzzzzzzzzzzzzzzzzzzzzzzzzzzzzz"}, 110) = 0
3559288 close(5)                        = 0
3559288 close(3)                        = 0
3559288 socket(AF_UNIX, SOCK_STREAM|SOCK_CLOEXEC|SOCK_NONBLOCK, 0) = 3
3559288 bind(3, {sa_family=AF_UNIX, sun_path=@"/tmp/wirestack-m8-003-peer-q29xh_df-cycle-stream-14\0tail\303\251zzzzzzzzzzzzzzzzzzzzzzzzzzzzzzzzzzzzzzzzzzzzzzzzz"}, 110) = 0
3559288 listen(3, 128)                  = 0
3559288 socket(AF_UNIX, SOCK_DGRAM|SOCK_CLOEXEC|SOCK_NONBLOCK, 0) = 5
3559288 bind(5, {sa_family=AF_UNIX, sun_path=@"/tmp/wirestack-m8-003-peer-q29xh_df-cycle-datagram-14\0tail\303\251zzzzzzzzzzzzzzzzzzzzzzzzzzzzzzzzzzzzzzzzzzzzzzz"}, 110) = 0
3559288 close(5)                        = 0
3559288 close(3)                        = 0
3559288 socket(AF_UNIX, SOCK_STREAM|SOCK_CLOEXEC|SOCK_NONBLOCK, 0) = 3
3559288 bind(3, {sa_family=AF_UNIX, sun_path=@"/tmp/wirestack-m8-003-peer-q29xh_df-cycle-stream-15\0tail\303\251zzzzzzzzzzzzzzzzzzzzzzzzzzzzzzzzzzzzzzzzzzzzzzzzz"}, 110) = 0
3559288 listen(3, 128)                  = 0
3559288 socket(AF_UNIX, SOCK_DGRAM|SOCK_CLOEXEC|SOCK_NONBLOCK, 0) = 5
3559288 bind(5, {sa_family=AF_UNIX, sun_path=@"/tmp/wirestack-m8-003-peer-q29xh_df-cycle-datagram-15\0tail\303\251zzzzzzzzzzzzzzzzzzzzzzzzzzzzzzzzzzzzzzzzzzzzzzz"}, 110) = 0
3559288 close(5)                        = 0
3559288 close(3)                        = 0
3559288 socket(AF_UNIX, SOCK_STREAM|SOCK_CLOEXEC|SOCK_NONBLOCK, 0) = 3
3559288 bind(3, {sa_family=AF_UNIX, sun_path=@"/tmp/wirestack-m8-003-peer-q29xh_df-cycle-stream-16\0tail\303\251zzzzzzzzzzzzzzzzzzzzzzzzzzzzzzzzzzzzzzzzzzzzzzzzz"}, 110) = 0
3559288 listen(3, 128)                  = 0
3559288 socket(AF_UNIX, SOCK_DGRAM|SOCK_CLOEXEC|SOCK_NONBLOCK, 0) = 5
3559288 bind(5, {sa_family=AF_UNIX, sun_path=@"/tmp/wirestack-m8-003-peer-q29xh_df-cycle-datagram-16\0tail\303\251zzzzzzzzzzzzzzzzzzzzzzzzzzzzzzzzzzzzzzzzzzzzzzz"}, 110) = 0
3559288 close(5)                        = 0
3559288 close(3)                        = 0
3559288 socket(AF_UNIX, SOCK_STREAM|SOCK_CLOEXEC|SOCK_NONBLOCK, 0) = 3
3559288 bind(3, {sa_family=AF_UNIX, sun_path=@"/tmp/wirestack-m8-003-peer-q29xh_df-cycle-stream-17\0tail\303\251zzzzzzzzzzzzzzzzzzzzzzzzzzzzzzzzzzzzzzzzzzzzzzzzz"}, 110) = 0
3559288 listen(3, 128)                  = 0
3559288 socket(AF_UNIX, SOCK_DGRAM|SOCK_CLOEXEC|SOCK_NONBLOCK, 0) = 5
3559288 bind(5, {sa_family=AF_UNIX, sun_path=@"/tmp/wirestack-m8-003-peer-q29xh_df-cycle-datagram-17\0tail\303\251zzzzzzzzzzzzzzzzzzzzzzzzzzzzzzzzzzzzzzzzzzzzzzz"}, 110) = 0
3559288 close(5)                        = 0
3559288 close(3)                        = 0
3559288 socket(AF_UNIX, SOCK_STREAM|SOCK_CLOEXEC|SOCK_NONBLOCK, 0) = 3
3559288 bind(3, {sa_family=AF_UNIX, sun_path=@"/tmp/wirestack-m8-003-peer-q29xh_df-cycle-stream-18\0tail\303\251zzzzzzzzzzzzzzzzzzzzzzzzzzzzzzzzzzzzzzzzzzzzzzzzz"}, 110) = 0
3559288 listen(3, 128)                  = 0
3559288 socket(AF_UNIX, SOCK_DGRAM|SOCK_CLOEXEC|SOCK_NONBLOCK, 0) = 5
3559288 bind(5, {sa_family=AF_UNIX, sun_path=@"/tmp/wirestack-m8-003-peer-q29xh_df-cycle-datagram-18\0tail\303\251zzzzzzzzzzzzzzzzzzzzzzzzzzzzzzzzzzzzzzzzzzzzzzz"}, 110) = 0
3559288 close(5)                        = 0
3559288 close(3)                        = 0
3559288 socket(AF_UNIX, SOCK_STREAM|SOCK_CLOEXEC|SOCK_NONBLOCK, 0) = 3
3559288 bind(3, {sa_family=AF_UNIX, sun_path=@"/tmp/wirestack-m8-003-peer-q29xh_df-cycle-stream-19\0tail\303\251zzzzzzzzzzzzzzzzzzzzzzzzzzzzzzzzzzzzzzzzzzzzzzzzz"}, 110) = 0
3559288 listen(3, 128)                  = 0
3559288 socket(AF_UNIX, SOCK_DGRAM|SOCK_CLOEXEC|SOCK_NONBLOCK, 0) = 5
3559288 bind(5, {sa_family=AF_UNIX, sun_path=@"/tmp/wirestack-m8-003-peer-q29xh_df-cycle-datagram-19\0tail\303\251zzzzzzzzzzzzzzzzzzzzzzzzzzzzzzzzzzzzzzzzzzzzzzz"}, 110) = 0
3559288 close(5)                        = 0
3559288 close(3)                        = 0
3559288 socket(AF_UNIX, SOCK_STREAM|SOCK_CLOEXEC|SOCK_NONBLOCK, 0) = 3
3559288 bind(3, {sa_family=AF_UNIX, sun_path=@"/tmp/wirestack-m8-003-peer-q29xh_df-cycle-stream-20\0tail\303\251zzzzzzzzzzzzzzzzzzzzzzzzzzzzzzzzzzzzzzzzzzzzzzzzz"}, 110) = 0
3559288 listen(3, 128)                  = 0
3559288 socket(AF_UNIX, SOCK_DGRAM|SOCK_CLOEXEC|SOCK_NONBLOCK, 0) = 5
3559288 bind(5, {sa_family=AF_UNIX, sun_path=@"/tmp/wirestack-m8-003-peer-q29xh_df-cycle-datagram-20\0tail\303\251zzzzzzzzzzzzzzzzzzzzzzzzzzzzzzzzzzzzzzzzzzzzzzz"}, 110) = 0
3559288 close(5)                        = 0
3559288 close(3)                        = 0
3559288 socket(AF_UNIX, SOCK_STREAM|SOCK_CLOEXEC|SOCK_NONBLOCK, 0) = 3
3559288 bind(3, {sa_family=AF_UNIX, sun_path=@"/tmp/wirestack-m8-003-peer-q29xh_df-cycle-stream-21\0tail\303\251zzzzzzzzzzzzzzzzzzzzzzzzzzzzzzzzzzzzzzzzzzzzzzzzz"}, 110) = 0
3559288 listen(3, 128)                  = 0
3559288 socket(AF_UNIX, SOCK_DGRAM|SOCK_CLOEXEC|SOCK_NONBLOCK, 0) = 5
3559288 bind(5, {sa_family=AF_UNIX, sun_path=@"/tmp/wirestack-m8-003-peer-q29xh_df-cycle-datagram-21\0tail\303\251zzzzzzzzzzzzzzzzzzzzzzzzzzzzzzzzzzzzzzzzzzzzzzz"}, 110) = 0
3559288 close(5)                        = 0
3559288 close(3)                        = 0
3559288 socket(AF_UNIX, SOCK_STREAM|SOCK_CLOEXEC|SOCK_NONBLOCK, 0) = 3
3559288 bind(3, {sa_family=AF_UNIX, sun_path=@"/tmp/wirestack-m8-003-peer-q29xh_df-cycle-stream-22\0tail\303\251zzzzzzzzzzzzzzzzzzzzzzzzzzzzzzzzzzzzzzzzzzzzzzzzz"}, 110) = 0
3559288 listen(3, 128)                  = 0
3559288 socket(AF_UNIX, SOCK_DGRAM|SOCK_CLOEXEC|SOCK_NONBLOCK, 0) = 5
3559288 bind(5, {sa_family=AF_UNIX, sun_path=@"/tmp/wirestack-m8-003-peer-q29xh_df-cycle-datagram-22\0tail\303\251zzzzzzzzzzzzzzzzzzzzzzzzzzzzzzzzzzzzzzzzzzzzzzz"}, 110) = 0
3559288 close(5)                        = 0
3559288 close(3)                        = 0
3559288 socket(AF_UNIX, SOCK_STREAM|SOCK_CLOEXEC|SOCK_NONBLOCK, 0) = 3
3559288 bind(3, {sa_family=AF_UNIX, sun_path=@"/tmp/wirestack-m8-003-peer-q29xh_df-cycle-stream-23\0tail\303\251zzzzzzzzzzzzzzzzzzzzzzzzzzzzzzzzzzzzzzzzzzzzzzzzz"}, 110) = 0
3559288 listen(3, 128)                  = 0
3559288 socket(AF_UNIX, SOCK_DGRAM|SOCK_CLOEXEC|SOCK_NONBLOCK, 0) = 5
3559288 bind(5, {sa_family=AF_UNIX, sun_path=@"/tmp/wirestack-m8-003-peer-q29xh_df-cycle-datagram-23\0tail\303\251zzzzzzzzzzzzzzzzzzzzzzzzzzzzzzzzzzzzzzzzzzzzzzz"}, 110) = 0
3559288 close(5)                        = 0
3559288 close(3)                        = 0
3559288 socket(AF_UNIX, SOCK_STREAM|SOCK_CLOEXEC|SOCK_NONBLOCK, 0) = 3
3559288 bind(3, {sa_family=AF_UNIX, sun_path=@"/tmp/wirestack-m8-003-peer-q29xh_df-cycle-stream-24\0tail\303\251zzzzzzzzzzzzzzzzzzzzzzzzzzzzzzzzzzzzzzzzzzzzzzzzz"}, 110) = 0
3559288 listen(3, 128)                  = 0
3559288 socket(AF_UNIX, SOCK_DGRAM|SOCK_CLOEXEC|SOCK_NONBLOCK, 0) = 5
3559288 bind(5, {sa_family=AF_UNIX, sun_path=@"/tmp/wirestack-m8-003-peer-q29xh_df-cycle-datagram-24\0tail\303\251zzzzzzzzzzzzzzzzzzzzzzzzzzzzzzzzzzzzzzzzzzzzzzz"}, 110) = 0
3559288 close(5)                        = 0
3559288 close(3)                        = 0
3559288 socket(AF_UNIX, SOCK_STREAM|SOCK_CLOEXEC|SOCK_NONBLOCK, 0) = 3
3559288 bind(3, {sa_family=AF_UNIX, sun_path=@"/tmp/wirestack-m8-003-peer-q29xh_df-cycle-stream-25\0tail\303\251zzzzzzzzzzzzzzzzzzzzzzzzzzzzzzzzzzzzzzzzzzzzzzzzz"}, 110) = 0
3559288 listen(3, 128)                  = 0
3559288 socket(AF_UNIX, SOCK_DGRAM|SOCK_CLOEXEC|SOCK_NONBLOCK, 0) = 5
3559288 bind(5, {sa_family=AF_UNIX, sun_path=@"/tmp/wirestack-m8-003-peer-q29xh_df-cycle-datagram-25\0tail\303\251zzzzzzzzzzzzzzzzzzzzzzzzzzzzzzzzzzzzzzzzzzzzzzz"}, 110) = 0
3559288 close(5)                        = 0
3559288 close(3)                        = 0
3559288 socket(AF_UNIX, SOCK_STREAM|SOCK_CLOEXEC|SOCK_NONBLOCK, 0) = 3
3559288 bind(3, {sa_family=AF_UNIX, sun_path=@"/tmp/wirestack-m8-003-peer-q29xh_df-cycle-stream-26\0tail\303\251zzzzzzzzzzzzzzzzzzzzzzzzzzzzzzzzzzzzzzzzzzzzzzzzz"}, 110) = 0
3559288 listen(3, 128)                  = 0
3559288 socket(AF_UNIX, SOCK_DGRAM|SOCK_CLOEXEC|SOCK_NONBLOCK, 0) = 5
3559288 bind(5, {sa_family=AF_UNIX, sun_path=@"/tmp/wirestack-m8-003-peer-q29xh_df-cycle-datagram-26\0tail\303\251zzzzzzzzzzzzzzzzzzzzzzzzzzzzzzzzzzzzzzzzzzzzzzz"}, 110) = 0
3559288 close(5)                        = 0
3559288 close(3)                        = 0
3559288 socket(AF_UNIX, SOCK_STREAM|SOCK_CLOEXEC|SOCK_NONBLOCK, 0) = 3
3559288 bind(3, {sa_family=AF_UNIX, sun_path=@"/tmp/wirestack-m8-003-peer-q29xh_df-cycle-stream-27\0tail\303\251zzzzzzzzzzzzzzzzzzzzzzzzzzzzzzzzzzzzzzzzzzzzzzzzz"}, 110) = 0
3559288 listen(3, 128)                  = 0
3559288 socket(AF_UNIX, SOCK_DGRAM|SOCK_CLOEXEC|SOCK_NONBLOCK, 0) = 5
3559288 bind(5, {sa_family=AF_UNIX, sun_path=@"/tmp/wirestack-m8-003-peer-q29xh_df-cycle-datagram-27\0tail\303\251zzzzzzzzzzzzzzzzzzzzzzzzzzzzzzzzzzzzzzzzzzzzzzz"}, 110) = 0
3559288 close(5)                        = 0
3559288 close(3)                        = 0
3559288 socket(AF_UNIX, SOCK_STREAM|SOCK_CLOEXEC|SOCK_NONBLOCK, 0) = 3
3559288 bind(3, {sa_family=AF_UNIX, sun_path=@"/tmp/wirestack-m8-003-peer-q29xh_df-cycle-stream-28\0tail\303\251zzzzzzzzzzzzzzzzzzzzzzzzzzzzzzzzzzzzzzzzzzzzzzzzz"}, 110) = 0
3559288 listen(3, 128)                  = 0
3559288 socket(AF_UNIX, SOCK_DGRAM|SOCK_CLOEXEC|SOCK_NONBLOCK, 0) = 5
3559288 bind(5, {sa_family=AF_UNIX, sun_path=@"/tmp/wirestack-m8-003-peer-q29xh_df-cycle-datagram-28\0tail\303\251zzzzzzzzzzzzzzzzzzzzzzzzzzzzzzzzzzzzzzzzzzzzzzz"}, 110) = 0
3559288 close(5)                        = 0
3559288 close(3)                        = 0
3559288 socket(AF_UNIX, SOCK_STREAM|SOCK_CLOEXEC|SOCK_NONBLOCK, 0) = 3
3559288 bind(3, {sa_family=AF_UNIX, sun_path=@"/tmp/wirestack-m8-003-peer-q29xh_df-cycle-stream-29\0tail\303\251zzzzzzzzzzzzzzzzzzzzzzzzzzzzzzzzzzzzzzzzzzzzzzzzz"}, 110) = 0
3559288 listen(3, 128)                  = 0
3559288 socket(AF_UNIX, SOCK_DGRAM|SOCK_CLOEXEC|SOCK_NONBLOCK, 0) = 5
3559288 bind(5, {sa_family=AF_UNIX, sun_path=@"/tmp/wirestack-m8-003-peer-q29xh_df-cycle-datagram-29\0tail\303\251zzzzzzzzzzzzzzzzzzzzzzzzzzzzzzzzzzzzzzzzzzzzzzz"}, 110) = 0
3559288 close(5)                        = 0
3559288 close(3)                        = 0
3559288 socket(AF_UNIX, SOCK_STREAM|SOCK_CLOEXEC|SOCK_NONBLOCK, 0) = 3
3559288 bind(3, {sa_family=AF_UNIX, sun_path=@"/tmp/wirestack-m8-003-peer-q29xh_df-cycle-stream-30\0tail\303\251zzzzzzzzzzzzzzzzzzzzzzzzzzzzzzzzzzzzzzzzzzzzzzzzz"}, 110) = 0
3559288 listen(3, 128)                  = 0
3559288 socket(AF_UNIX, SOCK_DGRAM|SOCK_CLOEXEC|SOCK_NONBLOCK, 0) = 5
3559288 bind(5, {sa_family=AF_UNIX, sun_path=@"/tmp/wirestack-m8-003-peer-q29xh_df-cycle-datagram-30\0tail\303\251zzzzzzzzzzzzzzzzzzzzzzzzzzzzzzzzzzzzzzzzzzzzzzz"}, 110) = 0
3559288 close(5)                        = 0
3559288 close(3)                        = 0
3559288 socket(AF_UNIX, SOCK_STREAM|SOCK_CLOEXEC|SOCK_NONBLOCK, 0) = 3
3559288 bind(3, {sa_family=AF_UNIX, sun_path=@"/tmp/wirestack-m8-003-peer-q29xh_df-cycle-stream-31\0tail\303\251zzzzzzzzzzzzzzzzzzzzzzzzzzzzzzzzzzzzzzzzzzzzzzzzz"}, 110) = 0
3559288 listen(3, 128)                  = 0
3559288 socket(AF_UNIX, SOCK_DGRAM|SOCK_CLOEXEC|SOCK_NONBLOCK, 0) = 5
3559288 bind(5, {sa_family=AF_UNIX, sun_path=@"/tmp/wirestack-m8-003-peer-q29xh_df-cycle-datagram-31\0tail\303\251zzzzzzzzzzzzzzzzzzzzzzzzzzzzzzzzzzzzzzzzzzzzzzz"}, 110) = 0
3559288 close(5)                        = 0
3559288 close(3)                        = 0
3559288 socket(AF_UNIX, SOCK_STREAM|SOCK_CLOEXEC|SOCK_NONBLOCK, 0) = 3
3559288 bind(3, {sa_family=AF_UNIX, sun_path=@"/tmp/wirestack-m8-003-peer-q29xh_df-cycle-stream-32\0tail\303\251zzzzzzzzzzzzzzzzzzzzzzzzzzzzzzzzzzzzzzzzzzzzzzzzz"}, 110) = 0
3559288 listen(3, 128)                  = 0
3559288 socket(AF_UNIX, SOCK_DGRAM|SOCK_CLOEXEC|SOCK_NONBLOCK, 0) = 5
3559288 bind(5, {sa_family=AF_UNIX, sun_path=@"/tmp/wirestack-m8-003-peer-q29xh_df-cycle-datagram-32\0tail\303\251zzzzzzzzzzzzzzzzzzzzzzzzzzzzzzzzzzzzzzzzzzzzzzz"}, 110) = 0
3559288 close(5)                        = 0
3559288 close(3)                        = 0
3559288 socket(AF_UNIX, SOCK_STREAM|SOCK_CLOEXEC|SOCK_NONBLOCK, 0) = 3
3559288 bind(3, {sa_family=AF_UNIX, sun_path=@"/tmp/wirestack-m8-003-peer-q29xh_df-cycle-stream-33\0tail\303\251zzzzzzzzzzzzzzzzzzzzzzzzzzzzzzzzzzzzzzzzzzzzzzzzz"}, 110) = 0
3559288 listen(3, 128)                  = 0
3559288 socket(AF_UNIX, SOCK_DGRAM|SOCK_CLOEXEC|SOCK_NONBLOCK, 0) = 5
3559288 bind(5, {sa_family=AF_UNIX, sun_path=@"/tmp/wirestack-m8-003-peer-q29xh_df-cycle-datagram-33\0tail\303\251zzzzzzzzzzzzzzzzzzzzzzzzzzzzzzzzzzzzzzzzzzzzzzz"}, 110) = 0
3559288 close(5)                        = 0
3559288 close(3)                        = 0
3559288 socket(AF_UNIX, SOCK_STREAM|SOCK_CLOEXEC|SOCK_NONBLOCK, 0) = 3
3559288 bind(3, {sa_family=AF_UNIX, sun_path=@"/tmp/wirestack-m8-003-peer-q29xh_df-cycle-stream-34\0tail\303\251zzzzzzzzzzzzzzzzzzzzzzzzzzzzzzzzzzzzzzzzzzzzzzzzz"}, 110) = 0
3559288 listen(3, 128)                  = 0
3559288 socket(AF_UNIX, SOCK_DGRAM|SOCK_CLOEXEC|SOCK_NONBLOCK, 0) = 5
3559288 bind(5, {sa_family=AF_UNIX, sun_path=@"/tmp/wirestack-m8-003-peer-q29xh_df-cycle-datagram-34\0tail\303\251zzzzzzzzzzzzzzzzzzzzzzzzzzzzzzzzzzzzzzzzzzzzzzz"}, 110) = 0
3559288 close(5)                        = 0
3559288 close(3)                        = 0
3559288 socket(AF_UNIX, SOCK_STREAM|SOCK_CLOEXEC|SOCK_NONBLOCK, 0) = 3
3559288 bind(3, {sa_family=AF_UNIX, sun_path=@"/tmp/wirestack-m8-003-peer-q29xh_df-cycle-stream-35\0tail\303\251zzzzzzzzzzzzzzzzzzzzzzzzzzzzzzzzzzzzzzzzzzzzzzzzz"}, 110) = 0
3559288 listen(3, 128)                  = 0
3559288 socket(AF_UNIX, SOCK_DGRAM|SOCK_CLOEXEC|SOCK_NONBLOCK, 0) = 5
3559288 bind(5, {sa_family=AF_UNIX, sun_path=@"/tmp/wirestack-m8-003-peer-q29xh_df-cycle-datagram-35\0tail\303\251zzzzzzzzzzzzzzzzzzzzzzzzzzzzzzzzzzzzzzzzzzzzzzz"}, 110) = 0
3559288 close(5)                        = 0
3559288 close(3)                        = 0
3559288 socket(AF_UNIX, SOCK_STREAM|SOCK_CLOEXEC|SOCK_NONBLOCK, 0) = 3
3559288 bind(3, {sa_family=AF_UNIX, sun_path=@"/tmp/wirestack-m8-003-peer-q29xh_df-cycle-stream-36\0tail\303\251zzzzzzzzzzzzzzzzzzzzzzzzzzzzzzzzzzzzzzzzzzzzzzzzz"}, 110) = 0
3559288 listen(3, 128)                  = 0
3559288 socket(AF_UNIX, SOCK_DGRAM|SOCK_CLOEXEC|SOCK_NONBLOCK, 0) = 5
3559288 bind(5, {sa_family=AF_UNIX, sun_path=@"/tmp/wirestack-m8-003-peer-q29xh_df-cycle-datagram-36\0tail\303\251zzzzzzzzzzzzzzzzzzzzzzzzzzzzzzzzzzzzzzzzzzzzzzz"}, 110) = 0
3559288 close(5)                        = 0
3559288 close(3)                        = 0
3559288 socket(AF_UNIX, SOCK_STREAM|SOCK_CLOEXEC|SOCK_NONBLOCK, 0) = 3
3559288 bind(3, {sa_family=AF_UNIX, sun_path=@"/tmp/wirestack-m8-003-peer-q29xh_df-cycle-stream-37\0tail\303\251zzzzzzzzzzzzzzzzzzzzzzzzzzzzzzzzzzzzzzzzzzzzzzzzz"}, 110) = 0
3559288 listen(3, 128)                  = 0
3559288 socket(AF_UNIX, SOCK_DGRAM|SOCK_CLOEXEC|SOCK_NONBLOCK, 0) = 5
3559288 bind(5, {sa_family=AF_UNIX, sun_path=@"/tmp/wirestack-m8-003-peer-q29xh_df-cycle-datagram-37\0tail\303\251zzzzzzzzzzzzzzzzzzzzzzzzzzzzzzzzzzzzzzzzzzzzzzz"}, 110) = 0
3559288 close(5)                        = 0
3559288 close(3)                        = 0
3559288 socket(AF_UNIX, SOCK_STREAM|SOCK_CLOEXEC|SOCK_NONBLOCK, 0) = 3
3559288 bind(3, {sa_family=AF_UNIX, sun_path=@"/tmp/wirestack-m8-003-peer-q29xh_df-cycle-stream-38\0tail\303\251zzzzzzzzzzzzzzzzzzzzzzzzzzzzzzzzzzzzzzzzzzzzzzzzz"}, 110) = 0
3559288 listen(3, 128)                  = 0
3559288 socket(AF_UNIX, SOCK_DGRAM|SOCK_CLOEXEC|SOCK_NONBLOCK, 0) = 5
3559288 bind(5, {sa_family=AF_UNIX, sun_path=@"/tmp/wirestack-m8-003-peer-q29xh_df-cycle-datagram-38\0tail\303\251zzzzzzzzzzzzzzzzzzzzzzzzzzzzzzzzzzzzzzzzzzzzzzz"}, 110) = 0
3559288 close(5)                        = 0
3559288 close(3)                        = 0
3559288 socket(AF_UNIX, SOCK_STREAM|SOCK_CLOEXEC|SOCK_NONBLOCK, 0) = 3
3559288 bind(3, {sa_family=AF_UNIX, sun_path=@"/tmp/wirestack-m8-003-peer-q29xh_df-cycle-stream-39\0tail\303\251zzzzzzzzzzzzzzzzzzzzzzzzzzzzzzzzzzzzzzzzzzzzzzzzz"}, 110) = 0
3559288 listen(3, 128)                  = 0
3559288 socket(AF_UNIX, SOCK_DGRAM|SOCK_CLOEXEC|SOCK_NONBLOCK, 0) = 5
3559288 bind(5, {sa_family=AF_UNIX, sun_path=@"/tmp/wirestack-m8-003-peer-q29xh_df-cycle-datagram-39\0tail\303\251zzzzzzzzzzzzzzzzzzzzzzzzzzzzzzzzzzzzzzzzzzzzzzz"}, 110) = 0
3559288 close(5)                        = 0
3559288 close(3)                        = 0
3559288 socket(AF_UNIX, SOCK_STREAM|SOCK_CLOEXEC|SOCK_NONBLOCK, 0) = 3
3559288 bind(3, {sa_family=AF_UNIX, sun_path=@"/tmp/wirestack-m8-003-peer-q29xh_df-cycle-stream-40\0tail\303\251zzzzzzzzzzzzzzzzzzzzzzzzzzzzzzzzzzzzzzzzzzzzzzzzz"}, 110) = 0
3559288 listen(3, 128)                  = 0
3559288 socket(AF_UNIX, SOCK_DGRAM|SOCK_CLOEXEC|SOCK_NONBLOCK, 0) = 5
3559288 bind(5, {sa_family=AF_UNIX, sun_path=@"/tmp/wirestack-m8-003-peer-q29xh_df-cycle-datagram-40\0tail\303\251zzzzzzzzzzzzzzzzzzzzzzzzzzzzzzzzzzzzzzzzzzzzzzz"}, 110) = 0
3559288 close(5)                        = 0
3559288 close(3)                        = 0
3559288 socket(AF_UNIX, SOCK_STREAM|SOCK_CLOEXEC|SOCK_NONBLOCK, 0) = 3
3559288 bind(3, {sa_family=AF_UNIX, sun_path=@"/tmp/wirestack-m8-003-peer-q29xh_df-cycle-stream-41\0tail\303\251zzzzzzzzzzzzzzzzzzzzzzzzzzzzzzzzzzzzzzzzzzzzzzzzz"}, 110) = 0
3559288 listen(3, 128)                  = 0
3559288 socket(AF_UNIX, SOCK_DGRAM|SOCK_CLOEXEC|SOCK_NONBLOCK, 0) = 5
3559288 bind(5, {sa_family=AF_UNIX, sun_path=@"/tmp/wirestack-m8-003-peer-q29xh_df-cycle-datagram-41\0tail\303\251zzzzzzzzzzzzzzzzzzzzzzzzzzzzzzzzzzzzzzzzzzzzzzz"}, 110) = 0
3559288 close(5)                        = 0
3559288 close(3)                        = 0
3559288 socket(AF_UNIX, SOCK_STREAM|SOCK_CLOEXEC|SOCK_NONBLOCK, 0) = 3
3559288 bind(3, {sa_family=AF_UNIX, sun_path=@"/tmp/wirestack-m8-003-peer-q29xh_df-cycle-stream-42\0tail\303\251zzzzzzzzzzzzzzzzzzzzzzzzzzzzzzzzzzzzzzzzzzzzzzzzz"}, 110) = 0
3559288 listen(3, 128)                  = 0
3559288 socket(AF_UNIX, SOCK_DGRAM|SOCK_CLOEXEC|SOCK_NONBLOCK, 0) = 5
3559288 bind(5, {sa_family=AF_UNIX, sun_path=@"/tmp/wirestack-m8-003-peer-q29xh_df-cycle-datagram-42\0tail\303\251zzzzzzzzzzzzzzzzzzzzzzzzzzzzzzzzzzzzzzzzzzzzzzz"}, 110) = 0
3559288 close(5)                        = 0
3559288 close(3)                        = 0
3559288 socket(AF_UNIX, SOCK_STREAM|SOCK_CLOEXEC|SOCK_NONBLOCK, 0) = 3
3559288 bind(3, {sa_family=AF_UNIX, sun_path=@"/tmp/wirestack-m8-003-peer-q29xh_df-cycle-stream-43\0tail\303\251zzzzzzzzzzzzzzzzzzzzzzzzzzzzzzzzzzzzzzzzzzzzzzzzz"}, 110) = 0
3559288 listen(3, 128)                  = 0
3559288 socket(AF_UNIX, SOCK_DGRAM|SOCK_CLOEXEC|SOCK_NONBLOCK, 0) = 5
3559288 bind(5, {sa_family=AF_UNIX, sun_path=@"/tmp/wirestack-m8-003-peer-q29xh_df-cycle-datagram-43\0tail\303\251zzzzzzzzzzzzzzzzzzzzzzzzzzzzzzzzzzzzzzzzzzzzzzz"}, 110) = 0
3559288 close(5)                        = 0
3559288 close(3)                        = 0
3559288 socket(AF_UNIX, SOCK_STREAM|SOCK_CLOEXEC|SOCK_NONBLOCK, 0) = 3
3559288 bind(3, {sa_family=AF_UNIX, sun_path=@"/tmp/wirestack-m8-003-peer-q29xh_df-cycle-stream-44\0tail\303\251zzzzzzzzzzzzzzzzzzzzzzzzzzzzzzzzzzzzzzzzzzzzzzzzz"}, 110) = 0
3559288 listen(3, 128)                  = 0
3559288 socket(AF_UNIX, SOCK_DGRAM|SOCK_CLOEXEC|SOCK_NONBLOCK, 0) = 5
3559288 bind(5, {sa_family=AF_UNIX, sun_path=@"/tmp/wirestack-m8-003-peer-q29xh_df-cycle-datagram-44\0tail\303\251zzzzzzzzzzzzzzzzzzzzzzzzzzzzzzzzzzzzzzzzzzzzzzz"}, 110) = 0
3559288 close(5)                        = 0
3559288 close(3)                        = 0
3559288 socket(AF_UNIX, SOCK_STREAM|SOCK_CLOEXEC|SOCK_NONBLOCK, 0) = 3
3559288 bind(3, {sa_family=AF_UNIX, sun_path=@"/tmp/wirestack-m8-003-peer-q29xh_df-cycle-stream-45\0tail\303\251zzzzzzzzzzzzzzzzzzzzzzzzzzzzzzzzzzzzzzzzzzzzzzzzz"}, 110) = 0
3559288 listen(3, 128)                  = 0
3559288 socket(AF_UNIX, SOCK_DGRAM|SOCK_CLOEXEC|SOCK_NONBLOCK, 0) = 5
3559288 bind(5, {sa_family=AF_UNIX, sun_path=@"/tmp/wirestack-m8-003-peer-q29xh_df-cycle-datagram-45\0tail\303\251zzzzzzzzzzzzzzzzzzzzzzzzzzzzzzzzzzzzzzzzzzzzzzz"}, 110) = 0
3559288 close(5)                        = 0
3559288 close(3)                        = 0
3559288 socket(AF_UNIX, SOCK_STREAM|SOCK_CLOEXEC|SOCK_NONBLOCK, 0) = 3
3559288 bind(3, {sa_family=AF_UNIX, sun_path=@"/tmp/wirestack-m8-003-peer-q29xh_df-cycle-stream-46\0tail\303\251zzzzzzzzzzzzzzzzzzzzzzzzzzzzzzzzzzzzzzzzzzzzzzzzz"}, 110) = 0
3559288 listen(3, 128)                  = 0
3559288 socket(AF_UNIX, SOCK_DGRAM|SOCK_CLOEXEC|SOCK_NONBLOCK, 0) = 5
3559288 bind(5, {sa_family=AF_UNIX, sun_path=@"/tmp/wirestack-m8-003-peer-q29xh_df-cycle-datagram-46\0tail\303\251zzzzzzzzzzzzzzzzzzzzzzzzzzzzzzzzzzzzzzzzzzzzzzz"}, 110) = 0
3559288 close(5)                        = 0
3559288 close(3)                        = 0
3559288 socket(AF_UNIX, SOCK_STREAM|SOCK_CLOEXEC|SOCK_NONBLOCK, 0) = 3
3559288 bind(3, {sa_family=AF_UNIX, sun_path=@"/tmp/wirestack-m8-003-peer-q29xh_df-cycle-stream-47\0tail\303\251zzzzzzzzzzzzzzzzzzzzzzzzzzzzzzzzzzzzzzzzzzzzzzzzz"}, 110) = 0
3559288 listen(3, 128)                  = 0
3559288 socket(AF_UNIX, SOCK_DGRAM|SOCK_CLOEXEC|SOCK_NONBLOCK, 0) = 5
3559288 bind(5, {sa_family=AF_UNIX, sun_path=@"/tmp/wirestack-m8-003-peer-q29xh_df-cycle-datagram-47\0tail\303\251zzzzzzzzzzzzzzzzzzzzzzzzzzzzzzzzzzzzzzzzzzzzzzz"}, 110) = 0
3559288 close(5)                        = 0
3559288 close(3)                        = 0
3559288 socket(AF_UNIX, SOCK_STREAM|SOCK_CLOEXEC|SOCK_NONBLOCK, 0) = 3
3559288 bind(3, {sa_family=AF_UNIX, sun_path=@"/tmp/wirestack-m8-003-peer-q29xh_df-cycle-stream-48\0tail\303\251zzzzzzzzzzzzzzzzzzzzzzzzzzzzzzzzzzzzzzzzzzzzzzzzz"}, 110) = 0
3559288 listen(3, 128)                  = 0
3559288 socket(AF_UNIX, SOCK_DGRAM|SOCK_CLOEXEC|SOCK_NONBLOCK, 0) = 5
3559288 bind(5, {sa_family=AF_UNIX, sun_path=@"/tmp/wirestack-m8-003-peer-q29xh_df-cycle-datagram-48\0tail\303\251zzzzzzzzzzzzzzzzzzzzzzzzzzzzzzzzzzzzzzzzzzzzzzz"}, 110) = 0
3559288 close(5)                        = 0
3559288 close(3)                        = 0
3559288 socket(AF_UNIX, SOCK_STREAM|SOCK_CLOEXEC|SOCK_NONBLOCK, 0) = 3
3559288 bind(3, {sa_family=AF_UNIX, sun_path=@"/tmp/wirestack-m8-003-peer-q29xh_df-cycle-stream-49\0tail\303\251zzzzzzzzzzzzzzzzzzzzzzzzzzzzzzzzzzzzzzzzzzzzzzzzz"}, 110) = 0
3559288 listen(3, 128)                  = 0
3559288 socket(AF_UNIX, SOCK_DGRAM|SOCK_CLOEXEC|SOCK_NONBLOCK, 0) = 5
3559288 bind(5, {sa_family=AF_UNIX, sun_path=@"/tmp/wirestack-m8-003-peer-q29xh_df-cycle-datagram-49\0tail\303\251zzzzzzzzzzzzzzzzzzzzzzzzzzzzzzzzzzzzzzzzzzzzzzz"}, 110) = 0
3559288 close(5)                        = 0
3559288 close(3)                        = 0
3559288 socket(AF_UNIX, SOCK_STREAM|SOCK_CLOEXEC|SOCK_NONBLOCK, 0) = 3
3559288 bind(3, {sa_family=AF_UNIX, sun_path=@"/tmp/wirestack-m8-003-peer-q29xh_df-cycle-stream-50\0tail\303\251zzzzzzzzzzzzzzzzzzzzzzzzzzzzzzzzzzzzzzzzzzzzzzzzz"}, 110) = 0
3559288 listen(3, 128)                  = 0
3559288 socket(AF_UNIX, SOCK_DGRAM|SOCK_CLOEXEC|SOCK_NONBLOCK, 0) = 5
3559288 bind(5, {sa_family=AF_UNIX, sun_path=@"/tmp/wirestack-m8-003-peer-q29xh_df-cycle-datagram-50\0tail\303\251zzzzzzzzzzzzzzzzzzzzzzzzzzzzzzzzzzzzzzzzzzzzzzz"}, 110) = 0
3559288 close(5)                        = 0
3559288 close(3)                        = 0
3559288 socket(AF_UNIX, SOCK_STREAM|SOCK_CLOEXEC|SOCK_NONBLOCK, 0) = 3
3559288 bind(3, {sa_family=AF_UNIX, sun_path=@"/tmp/wirestack-m8-003-peer-q29xh_df-cycle-stream-51\0tail\303\251zzzzzzzzzzzzzzzzzzzzzzzzzzzzzzzzzzzzzzzzzzzzzzzzz"}, 110) = 0
3559288 listen(3, 128)                  = 0
3559288 socket(AF_UNIX, SOCK_DGRAM|SOCK_CLOEXEC|SOCK_NONBLOCK, 0) = 5
3559288 bind(5, {sa_family=AF_UNIX, sun_path=@"/tmp/wirestack-m8-003-peer-q29xh_df-cycle-datagram-51\0tail\303\251zzzzzzzzzzzzzzzzzzzzzzzzzzzzzzzzzzzzzzzzzzzzzzz"}, 110) = 0
3559288 close(5)                        = 0
3559288 close(3)                        = 0
3559288 socket(AF_UNIX, SOCK_STREAM|SOCK_CLOEXEC|SOCK_NONBLOCK, 0) = 3
3559288 bind(3, {sa_family=AF_UNIX, sun_path=@"/tmp/wirestack-m8-003-peer-q29xh_df-cycle-stream-52\0tail\303\251zzzzzzzzzzzzzzzzzzzzzzzzzzzzzzzzzzzzzzzzzzzzzzzzz"}, 110) = 0
3559288 listen(3, 128)                  = 0
3559288 socket(AF_UNIX, SOCK_DGRAM|SOCK_CLOEXEC|SOCK_NONBLOCK, 0) = 5
3559288 bind(5, {sa_family=AF_UNIX, sun_path=@"/tmp/wirestack-m8-003-peer-q29xh_df-cycle-datagram-52\0tail\303\251zzzzzzzzzzzzzzzzzzzzzzzzzzzzzzzzzzzzzzzzzzzzzzz"}, 110) = 0
3559288 close(5)                        = 0
3559288 close(3)                        = 0
3559288 socket(AF_UNIX, SOCK_STREAM|SOCK_CLOEXEC|SOCK_NONBLOCK, 0) = 3
3559288 bind(3, {sa_family=AF_UNIX, sun_path=@"/tmp/wirestack-m8-003-peer-q29xh_df-cycle-stream-53\0tail\303\251zzzzzzzzzzzzzzzzzzzzzzzzzzzzzzzzzzzzzzzzzzzzzzzzz"}, 110) = 0
3559288 listen(3, 128)                  = 0
3559288 socket(AF_UNIX, SOCK_DGRAM|SOCK_CLOEXEC|SOCK_NONBLOCK, 0) = 5
3559288 bind(5, {sa_family=AF_UNIX, sun_path=@"/tmp/wirestack-m8-003-peer-q29xh_df-cycle-datagram-53\0tail\303\251zzzzzzzzzzzzzzzzzzzzzzzzzzzzzzzzzzzzzzzzzzzzzzz"}, 110) = 0
3559288 close(5)                        = 0
3559288 close(3)                        = 0
3559288 socket(AF_UNIX, SOCK_STREAM|SOCK_CLOEXEC|SOCK_NONBLOCK, 0) = 3
3559288 bind(3, {sa_family=AF_UNIX, sun_path=@"/tmp/wirestack-m8-003-peer-q29xh_df-cycle-stream-54\0tail\303\251zzzzzzzzzzzzzzzzzzzzzzzzzzzzzzzzzzzzzzzzzzzzzzzzz"}, 110) = 0
3559288 listen(3, 128)                  = 0
3559288 socket(AF_UNIX, SOCK_DGRAM|SOCK_CLOEXEC|SOCK_NONBLOCK, 0) = 5
3559288 bind(5, {sa_family=AF_UNIX, sun_path=@"/tmp/wirestack-m8-003-peer-q29xh_df-cycle-datagram-54\0tail\303\251zzzzzzzzzzzzzzzzzzzzzzzzzzzzzzzzzzzzzzzzzzzzzzz"}, 110) = 0
3559288 close(5)                        = 0
3559288 close(3)                        = 0
3559288 socket(AF_UNIX, SOCK_STREAM|SOCK_CLOEXEC|SOCK_NONBLOCK, 0) = 3
3559288 bind(3, {sa_family=AF_UNIX, sun_path=@"/tmp/wirestack-m8-003-peer-q29xh_df-cycle-stream-55\0tail\303\251zzzzzzzzzzzzzzzzzzzzzzzzzzzzzzzzzzzzzzzzzzzzzzzzz"}, 110) = 0
3559288 listen(3, 128)                  = 0
3559288 socket(AF_UNIX, SOCK_DGRAM|SOCK_CLOEXEC|SOCK_NONBLOCK, 0) = 5
3559288 bind(5, {sa_family=AF_UNIX, sun_path=@"/tmp/wirestack-m8-003-peer-q29xh_df-cycle-datagram-55\0tail\303\251zzzzzzzzzzzzzzzzzzzzzzzzzzzzzzzzzzzzzzzzzzzzzzz"}, 110) = 0
3559288 close(5)                        = 0
3559288 close(3)                        = 0
3559288 socket(AF_UNIX, SOCK_STREAM|SOCK_CLOEXEC|SOCK_NONBLOCK, 0) = 3
3559288 bind(3, {sa_family=AF_UNIX, sun_path=@"/tmp/wirestack-m8-003-peer-q29xh_df-cycle-stream-56\0tail\303\251zzzzzzzzzzzzzzzzzzzzzzzzzzzzzzzzzzzzzzzzzzzzzzzzz"}, 110) = 0
3559288 listen(3, 128)                  = 0
3559288 socket(AF_UNIX, SOCK_DGRAM|SOCK_CLOEXEC|SOCK_NONBLOCK, 0) = 5
3559288 bind(5, {sa_family=AF_UNIX, sun_path=@"/tmp/wirestack-m8-003-peer-q29xh_df-cycle-datagram-56\0tail\303\251zzzzzzzzzzzzzzzzzzzzzzzzzzzzzzzzzzzzzzzzzzzzzzz"}, 110) = 0
3559288 close(5)                        = 0
3559288 close(3)                        = 0
3559288 socket(AF_UNIX, SOCK_STREAM|SOCK_CLOEXEC|SOCK_NONBLOCK, 0) = 3
3559288 bind(3, {sa_family=AF_UNIX, sun_path=@"/tmp/wirestack-m8-003-peer-q29xh_df-cycle-stream-57\0tail\303\251zzzzzzzzzzzzzzzzzzzzzzzzzzzzzzzzzzzzzzzzzzzzzzzzz"}, 110) = 0
3559288 listen(3, 128)                  = 0
3559288 socket(AF_UNIX, SOCK_DGRAM|SOCK_CLOEXEC|SOCK_NONBLOCK, 0) = 5
3559288 bind(5, {sa_family=AF_UNIX, sun_path=@"/tmp/wirestack-m8-003-peer-q29xh_df-cycle-datagram-57\0tail\303\251zzzzzzzzzzzzzzzzzzzzzzzzzzzzzzzzzzzzzzzzzzzzzzz"}, 110) = 0
3559288 close(5)                        = 0
3559288 close(3)                        = 0
3559288 socket(AF_UNIX, SOCK_STREAM|SOCK_CLOEXEC|SOCK_NONBLOCK, 0) = 3
3559288 bind(3, {sa_family=AF_UNIX, sun_path=@"/tmp/wirestack-m8-003-peer-q29xh_df-cycle-stream-58\0tail\303\251zzzzzzzzzzzzzzzzzzzzzzzzzzzzzzzzzzzzzzzzzzzzzzzzz"}, 110) = 0
3559288 listen(3, 128)                  = 0
3559288 socket(AF_UNIX, SOCK_DGRAM|SOCK_CLOEXEC|SOCK_NONBLOCK, 0) = 5
3559288 bind(5, {sa_family=AF_UNIX, sun_path=@"/tmp/wirestack-m8-003-peer-q29xh_df-cycle-datagram-58\0tail\303\251zzzzzzzzzzzzzzzzzzzzzzzzzzzzzzzzzzzzzzzzzzzzzzz"}, 110) = 0
3559288 close(5)                        = 0
3559288 close(3)                        = 0
3559288 socket(AF_UNIX, SOCK_STREAM|SOCK_CLOEXEC|SOCK_NONBLOCK, 0) = 3
3559288 bind(3, {sa_family=AF_UNIX, sun_path=@"/tmp/wirestack-m8-003-peer-q29xh_df-cycle-stream-59\0tail\303\251zzzzzzzzzzzzzzzzzzzzzzzzzzzzzzzzzzzzzzzzzzzzzzzzz"}, 110) = 0
3559288 listen(3, 128)                  = 0
3559288 socket(AF_UNIX, SOCK_DGRAM|SOCK_CLOEXEC|SOCK_NONBLOCK, 0) = 5
3559288 bind(5, {sa_family=AF_UNIX, sun_path=@"/tmp/wirestack-m8-003-peer-q29xh_df-cycle-datagram-59\0tail\303\251zzzzzzzzzzzzzzzzzzzzzzzzzzzzzzzzzzzzzzzzzzzzzzz"}, 110) = 0
3559288 close(5)                        = 0
3559288 close(3)                        = 0
3559288 socket(AF_UNIX, SOCK_STREAM|SOCK_CLOEXEC|SOCK_NONBLOCK, 0) = 3
3559288 bind(3, {sa_family=AF_UNIX, sun_path=@"/tmp/wirestack-m8-003-peer-q29xh_df-cycle-stream-60\0tail\303\251zzzzzzzzzzzzzzzzzzzzzzzzzzzzzzzzzzzzzzzzzzzzzzzzz"}, 110) = 0
3559288 listen(3, 128)                  = 0
3559288 socket(AF_UNIX, SOCK_DGRAM|SOCK_CLOEXEC|SOCK_NONBLOCK, 0) = 5
3559288 bind(5, {sa_family=AF_UNIX, sun_path=@"/tmp/wirestack-m8-003-peer-q29xh_df-cycle-datagram-60\0tail\303\251zzzzzzzzzzzzzzzzzzzzzzzzzzzzzzzzzzzzzzzzzzzzzzz"}, 110) = 0
3559288 close(5)                        = 0
3559288 close(3)                        = 0
3559288 socket(AF_UNIX, SOCK_STREAM|SOCK_CLOEXEC|SOCK_NONBLOCK, 0) = 3
3559288 bind(3, {sa_family=AF_UNIX, sun_path=@"/tmp/wirestack-m8-003-peer-q29xh_df-cycle-stream-61\0tail\303\251zzzzzzzzzzzzzzzzzzzzzzzzzzzzzzzzzzzzzzzzzzzzzzzzz"}, 110) = 0
3559288 listen(3, 128)                  = 0
3559288 socket(AF_UNIX, SOCK_DGRAM|SOCK_CLOEXEC|SOCK_NONBLOCK, 0) = 5
3559288 bind(5, {sa_family=AF_UNIX, sun_path=@"/tmp/wirestack-m8-003-peer-q29xh_df-cycle-datagram-61\0tail\303\251zzzzzzzzzzzzzzzzzzzzzzzzzzzzzzzzzzzzzzzzzzzzzzz"}, 110) = 0
3559288 close(5)                        = 0
3559288 close(3)                        = 0
3559288 socket(AF_UNIX, SOCK_STREAM|SOCK_CLOEXEC|SOCK_NONBLOCK, 0) = 3
3559288 bind(3, {sa_family=AF_UNIX, sun_path=@"/tmp/wirestack-m8-003-peer-q29xh_df-cycle-stream-62\0tail\303\251zzzzzzzzzzzzzzzzzzzzzzzzzzzzzzzzzzzzzzzzzzzzzzzzz"}, 110) = 0
3559288 listen(3, 128)                  = 0
3559288 socket(AF_UNIX, SOCK_DGRAM|SOCK_CLOEXEC|SOCK_NONBLOCK, 0) = 5
3559288 bind(5, {sa_family=AF_UNIX, sun_path=@"/tmp/wirestack-m8-003-peer-q29xh_df-cycle-datagram-62\0tail\303\251zzzzzzzzzzzzzzzzzzzzzzzzzzzzzzzzzzzzzzzzzzzzzzz"}, 110) = 0
3559288 close(5)                        = 0
3559288 close(3)                        = 0
3559288 socket(AF_UNIX, SOCK_STREAM|SOCK_CLOEXEC|SOCK_NONBLOCK, 0) = 3
3559288 bind(3, {sa_family=AF_UNIX, sun_path=@"/tmp/wirestack-m8-003-peer-q29xh_df-cycle-stream-63\0tail\303\251zzzzzzzzzzzzzzzzzzzzzzzzzzzzzzzzzzzzzzzzzzzzzzzzz"}, 110) = 0
3559288 listen(3, 128)                  = 0
3559288 socket(AF_UNIX, SOCK_DGRAM|SOCK_CLOEXEC|SOCK_NONBLOCK, 0) = 5
3559288 bind(5, {sa_family=AF_UNIX, sun_path=@"/tmp/wirestack-m8-003-peer-q29xh_df-cycle-datagram-63\0tail\303\251zzzzzzzzzzzzzzzzzzzzzzzzzzzzzzzzzzzzzzzzzzzzzzz"}, 110) = 0
3559288 close(5)                        = 0
3559288 close(3)                        = 0
3559288 socket(AF_UNIX, SOCK_STREAM|SOCK_CLOEXEC|SOCK_NONBLOCK, 0) = 3
3559288 bind(3, {sa_family=AF_UNIX, sun_path=@"/tmp/wirestack-m8-003-peer-q29xh_df-wait-listener\0tail\303\251zzzzzzzzzzzzzzzzzzzzzzzzzzzzzzzzzzzzzzzzzzzzzzzzzzz"}, 110) = 0
3559288 listen(3, 128)                  = 0
3559287 accept4(3, 0x7f20dc0212a0, [120], SOCK_CLOEXEC|SOCK_NONBLOCK) = -1 EAGAIN (Resource temporarily unavailable)
3559287 accept4(3, {sa_family=AF_UNIX}, [120 => 2], SOCK_CLOEXEC|SOCK_NONBLOCK) = 5
3559288 recvfrom(5, "ok", 2, 0, NULL, NULL) = 2
3559288 close(5)                        = 0
3559288 close(3)                        = 0
3559288 socket(AF_UNIX, SOCK_STREAM|SOCK_CLOEXEC|SOCK_NONBLOCK, 0) = 3
3559288 bind(3, {sa_family=AF_UNIX, sun_path=@"/tmp/wirestack-m8-003-peer-q29xh_df-wait-stream-cancel\0tail\303\251zzzzzzzzzzzzzzzzzzzzzzzzzzzzzzzzzzzzzzzzzzzzzz"}, 110) = 0
3559288 listen(3, 128)                  = 0
3559288 accept4(3, 0x7f20dc0212a0, [120], SOCK_CLOEXEC|SOCK_NONBLOCK) = -1 EAGAIN (Resource temporarily unavailable)
3559449 accept4(3, {sa_family=AF_UNIX}, [120 => 2], SOCK_CLOEXEC|SOCK_NONBLOCK) = 5
3559288 recvfrom(5, 0x7f20d0001720, 1, 0, NULL, NULL) = -1 EAGAIN (Resource temporarily unavailable)
3559449 sendto(5, "live", 4, MSG_NOSIGNAL, NULL, 0) = 4
3559449 close(5)                        = 0
3559449 close(3)                        = 0
3559449 socket(AF_UNIX, SOCK_STREAM|SOCK_CLOEXEC|SOCK_NONBLOCK, 0) = 3
3559449 bind(3, {sa_family=AF_UNIX, sun_path=@"/tmp/wirestack-m8-003-peer-q29xh_df-wait-stream-close\0tail\303\251zzzzzzzzzzzzzzzzzzzzzzzzzzzzzzzzzzzzzzzzzzzzzzz"}, 110) = 0
3559449 listen(3, 128)                  = 0
3559449 accept4(3, 0x7f20dc0212a0, [120], SOCK_CLOEXEC|SOCK_NONBLOCK) = -1 EAGAIN (Resource temporarily unavailable)
3559288 accept4(3, {sa_family=AF_UNIX}, [120 => 2], SOCK_CLOEXEC|SOCK_NONBLOCK) = 5
3559449 recvfrom(5, 0x7f20d4000bb0, 1, 0, NULL, NULL) = -1 EAGAIN (Resource temporarily unavailable)
3559288 close(5)                        = 0
3559288 close(3)                        = 0
3559288 socket(AF_UNIX, SOCK_DGRAM|SOCK_CLOEXEC|SOCK_NONBLOCK, 0) = 3
3559288 bind(3, {sa_family=AF_UNIX, sun_path=@"/tmp/wirestack-m8-003-peer-q29xh_df-wait-cancel\0tail\303\251zzzzzzzzzzzzzzzzzzzzzzzzzzzzzzzzzzzzzzzzzzzzzzzzzzzzz"}, 110) = 0
3559449 recvfrom(3, 0x7f20d4000bb0, 2, 0, 0x7f20d0000a80, [120]) = -1 EAGAIN (Resource temporarily unavailable)
3559288 sendto(3, "live", 4, 0, {sa_family=AF_UNIX, sun_path=@"/tmp/wirestack-m8-003-peer-q29xh_df-peer-datagram\0tail\303\251zzzzzzzzzzzzzzzzzzzzzzzzzzzzzzzzzzzzzzzzzzzzzzzzzzz"}, 110) = 4
3559288 close(3)                        = 0
3559288 socket(AF_UNIX, SOCK_DGRAM|SOCK_CLOEXEC|SOCK_NONBLOCK, 0) = 3
3559288 bind(3, {sa_family=AF_UNIX, sun_path=@"/tmp/wirestack-m8-003-peer-q29xh_df-wait-close\0tail\303\251zzzzzzzzzzzzzzzzzzzzzzzzzzzzzzzzzzzzzzzzzzzzzzzzzzzzzz"}, 110) = 0
3559449 recvfrom(3, 0x7f20d4000bb0, 2, 0, 0x7f20d0000a80, [120]) = -1 EAGAIN (Resource temporarily unavailable)
3559288 close(3)                        = 0
3559286 +++ exited with 0 +++
3559285 +++ exited with 0 +++
3559284 +++ exited with 0 +++
3559283 +++ exited with 0 +++
3559288 close(4)                        = 0
3559288 +++ exited with 0 +++
3559287 +++ exited with 0 +++
3559449 +++ exited with 0 +++
3559282 +++ exited with 0 +++
