3559004 close(3)                        = 0
3559004 close(3)                        = 0
3559004 close(3)                        = 0
3559004 close(3)                        = 0
3559004 close(3)                        = 0
3559004 close(3)                        = 0
3559004 close(3)                        = 0
3559004 close(3)                        = 0
3559004 close(3)                        = 0
3559004 close(3)                        = 0
3559004 close(3)                        = 0
3559004 close(3)                        = 0
3559004 close(3)                        = 0
3559004 socket(AF_UNIX, SOCK_STREAM|SOCK_CLOEXEC|SOCK_NONBLOCK, 0) = 3
3559004 bind(3, {sa_family=AF_UNIX, sun_path="/tmp/wirestack-m8-003-peer-xfiq078k/listener"}, 110) = 0
3559004 listen(3, 128)                  = 0
3559004 socket(AF_UNIX, SOCK_DGRAM|SOCK_CLOEXEC|SOCK_NONBLOCK, 0) = 5
3559004 bind(5, {sa_family=AF_UNIX, sun_path="/tmp/wirestack-m8-003-peer-xfiq078k/datagram"}, 110) = 0
3559009 accept4(3, {sa_family=AF_UNIX}, [120 => 2], SOCK_CLOEXEC|SOCK_NONBLOCK) = 6
3559009 recvfrom(6, "\0\1\2\3\4\5\6\7\10\t\n\v\f\r\16\17\20\21\22\23\24\25\26\27\30\31\32\33\34\35\36\37"..., 16384, 0, NULL, NULL) = 16384
3559009 recvfrom(6, "EFGHIJKLMNOPQRSTUVWXYZ[\\]^_`abcd"..., 16384, 0, NULL, NULL) = 16384
3559009 sendto(6, "\0\1\2\3\4\5\6\7\10\t\n\v\f\r\16\17\20\21\22\23\24\25\26\27\30\31\32\33\34\35\36\37"..., 16384, MSG_NOSIGNAL, NULL, 0) = 16384
3559009 sendto(6, "EFGHIJKLMNOPQRSTUVWXYZ[\\]^_`abcd"..., 16384, MSG_NOSIGNAL, NULL, 0) = 16384
3559009 close(6)                        = 0
3559009 close(3)                        = 0
3559009 socket(AF_UNIX, SOCK_STREAM|SOCK_CLOEXEC|SOCK_NONBLOCK, 0) = 3
3559009 connect(3, {sa_family=AF_UNIX, sun_path="/tmp/wirestack-m8-003-peer-xfiq078k/peer-stream"}, 110) = 0
3559009 sendto(3, "\0\1\2\3\4\5\6\7\10\t\n\v\f\r\16\17\20\21\22\23\24\25\26\27\30\31\32\33\34\35\36\37"..., 16384, MSG_NOSIGNAL, NULL, 0) = 16384
3559009 sendto(3, "EFGHIJKLMNOPQRSTUVWXYZ[\\]^_`abcd"..., 16384, MSG_NOSIGNAL, NULL, 0) = 16384
3559009 recvfrom(3, "\0\1\2\3\4\5\6\7\10\t\n\v\f\r\16\17\20\21\22\23\24\25\26\27\30\31\32\33\34\35\36\37"..., 16384, 0, NULL, NULL) = 16384
3559009 recvfrom(3, "EFGHIJKLMNOPQRSTUVWXYZ[\\]^_`abcd"..., 16384, 0, NULL, NULL) = 16384
3559009 recvfrom(3, "", 1, 0, NULL, NULL) = 0
3559009 recvfrom(3, "", 1, 0, NULL, NULL) = 0
3559009 sendto(3, "after", 5, MSG_NOSIGNAL, NULL, 0) = 5
3559009 close(3)                        = 0
3559009 socket(AF_UNIX, SOCK_STREAM|SOCK_CLOEXEC|SOCK_NONBLOCK, 0) = 3
3559009 bind(3, {sa_family=AF_UNIX, sun_path="/tmp/wirestack-m8-003-peer-xfiq078k/write-timeout"}, 110) = 0
3559009 listen(3, 128)                  = 0
3559009 accept4(3, 0x7f01b40212a0, [120], SOCK_CLOEXEC|SOCK_NONBLOCK) = -1 EAGAIN (Resource temporarily unavailable)
3559009 accept4(3, {sa_family=AF_UNIX}, [120 => 2], SOCK_CLOEXEC|SOCK_NONBLOCK) = 6
3559009 sendto(6, "\0\1\2\3\4\5\6\7\10\t\n\v\f\r\16\17\20\21\22\23\24\25\26\27\30\31\32\33\34\35\36\37"..., 16384, MSG_NOSIGNAL, NULL, 0) = 16384
3559009 sendto(6, "EFGHIJKLMNOPQRSTUVWXYZ[\\]^_`abcd"..., 16384, MSG_NOSIGNAL, NULL, 0) = 16384
3559009 sendto(6, "\212\213\214\215\216\217\220\221\222\223\224\225\226\227\230\231\232\233\234\235\236\237\240\241\242\243\244\245\246\247\250\251"..., 16384, MSG_NOSIGNAL, NULL, 0) = 16384
3559009 sendto(6, "\317\320\321\322\323\324\325\326\327\330\331\332\333\334\335\336\337\340\341\342\343\344\345\346\347\350\351\352\353\354\355\356"..., 16384, MSG_NOSIGNAL, NULL, 0) = 16384
3559009 sendto(6, "\31\32\33\34\35\36\37 !\"#$%&'()*+,-./012345678"..., 16384, MSG_NOSIGNAL, NULL, 0) = 16384
3559009 sendto(6, "^_`abcdefghijklmnopqrstuvwxyz{|}"..., 16384, MSG_NOSIGNAL, NULL, 0) = 16384
3559009 sendto(6, "\243\244\245\246\247\250\251\252\253\254\255\256\257\260\261\262\263\264\265\266\267\270\271\272\273\274\275\276\277\300\301\302"..., 16384, MSG_NOSIGNAL, NULL, 0) = 16384
3559009 sendto(6, "\350\351\352\353\354\355\356\357\360\361\362\363\364\365\366\367\370\371\372\0\1\2\3\4\5\6\7\10\t\n\v\f"..., 16384, MSG_NOSIGNAL, NULL, 0) = 16384
3559009 sendto(6, "23456789:;<=>?@ABCDEFGHIJKLMNOPQ"..., 16384, MSG_NOSIGNAL, NULL, 0) = 16384
3559009 sendto(6, "wxyz{|}~\177\200\201\202\203\204\205\206\207\210\211\212\213\214\215\216\217\220\221\222\223\224\225\226"..., 16384, MSG_NOSIGNAL, NULL, 0) = 16384
3559009 sendto(6, "\274\275\276\277\300\301\302\303\304\305\306\307\310\311\312\313\314\315\316\317\320\321\322\323\324\325\326\327\330\331\332\333"..., 16384, MSG_NOSIGNAL, NULL, 0) = 16384
3559009 sendto(6, "\6\7\10\t\n\v\f\r\16\17\20\21\22\23\24\25\26\27\30\31\32\33\34\35\36\37 !\"#$%"..., 16384, MSG_NOSIGNAL, NULL, 0) = 16384
3559009 sendto(6, "KLMNOPQRSTUVWXYZ[\\]^_`abcdefghij"..., 16384, MSG_NOSIGNAL, NULL, 0) = 16384
3559009 sendto(6, "\220\221\222\223\224\225\226\227\230\231\232\233\234\235\236\237\240\241\242\243\244\245\246\247\250\251\252\253\254\255\256\257"..., 16384, MSG_NOSIGNAL, NULL, 0) = -1 EAGAIN (Resource temporarily unavailable)
3559009 sendto(6, "\220\221\222\223\224\225\226\227\230\231\232\233\234\235\236\237\240\241\242\243\244\245\246\247\250\251\252\253\254\255\256\257"..., 16384, MSG_NOSIGNAL, NULL, 0) = -1 EAGAIN (Resource temporarily unavailable)
3559009 close(6)                        = 0
3559009 close(3)                        = 0
3559009 close(3)                        = 0
3559009 recvfrom(5, "", 5, 0, {sa_family=AF_UNIX, sun_path="/tmp/wirestack-m8-003-peer-xfiq078k/peer-datagram"}, [120 => 52]) = 0
3559009 recvfrom(5, "\1\2\3\4\5", 5, 0, {sa_family=AF_UNIX, sun_path="/tmp/wirestack-m8-003-peer-xfiq078k/peer-datagram"}, [120 => 52]) = 5
3559009 recvfrom(5, "\t\n\v\f", 5, 0, {sa_family=AF_UNIX, sun_path="/tmp/wirestack-m8-003-peer-xfiq078k/peer-datagram"}, [120 => 52]) = 4
3559009 recvfrom(5, "raw", 5, 0, {sa_family=AF_UNIX, sun_path=@"/tmp/wirestack-m8-003-peer-xfiq078k-arbitrary-\377"}, [120 => 50]) = 3
3559009 connect(5, {sa_family=AF_UNIX, sun_path="/tmp/wirestack-m8-003-peer-xfiq078k/peer-datagram"}, 110) = 0
3559009 sendto(5, "AB", 2, 0, {sa_family=AF_UNIX, sun_path="/tmp/wirestack-m8-003-peer-xfiq078k/peer-datagram"}, 110) = 2
3559009 recvfrom(5, 0x55e5e07dd750, 5, 0, 0x7f01b40328c0, [120]) = -1 EAGAIN (Resource temporarily unavailable)
3559009 recvfrom(5, "D", 5, 0, {sa_family=AF_UNIX, sun_path="/tmp/wirestack-m8-003-peer-xfiq078k/peer-datagram"}, [120 => 52]) = 1
3559009 sendto(5, "\0\1\2\3\4\5\6\7\10\t\n\v\f\r\16\17\20\21\22\23\24\25\26\27\30\31\32\33\34\35\36\37"..., 65507, 0, {sa_family=AF_UNIX, sun_path="/tmp/wirestack-m8-003-peer-xfiq078k/peer-datagram"}, 110) = 65507
3559009 recvfrom(5, 0x55e5e07dd750, 65508, 0, 0x7f01b40328c0, [120]) = -1 EAGAIN (Resource temporarily unavailable)
3559009 recvfrom(5, 0x55e5e07dd750, 65508, 0, 0x7f01b40328c0, [120]) = -1 EAGAIN (Resource temporarily unavailable)
3559009 recvfrom(5, "\0\1\2\3\4\5\6\7\10\t\n\v\f\r\16\17\20\21\22\23\24\25\26\27\30\31\32\33\34\35\36\37"..., 65508, 0, {sa_family=AF_UNIX, sun_path="/tmp/wirestack-m8-003-peer-xfiq078k/peer-datagram"}, [120 => 52]) = 65507
3559009 recvfrom(5, 0x55e5e07dd750, 5, 0, 0x7f01b40328c0, [120]) = -1 EAGAIN (Resource temporarily unavailable)
3559009 close(5)                        = 0
3559009 socket(AF_UNIX, SOCK_DGRAM|SOCK_CLOEXEC|SOCK_NONBLOCK, 0) = 3
3559009 bind(3, {sa_family=AF_UNIX, sun_path="/tmp/wirestack-m8-003-peer-xfiq078k/connected-identity"}, 110) = 0
3559009 connect(3, {sa_family=AF_UNIX, sun_path="/tmp/wirestack-m8-003-peer-xfiq078k/identity-peer"}, 110) = 0
3559009 recvfrom(3, 0x7f01b4021440, 9, 0, 0x7f01b40328c0, [120]) = -1 EAGAIN (Resource temporarily unavailable)
3559009 recvfrom(3, "right", 9, 0, {sa_family=AF_UNIX, sun_path="/tmp/wirestack-m8-003-peer-xfiq078k/identity-peer"}, [120 => 52]) = 5
3559009 sendto(3, "override", 8, 0, {sa_family=AF_UNIX, sun_path="/tmp/wirestack-m8-003-peer-xfiq078k/identity-peer"}, 110) = 8
3559009 close(3)                        = 0
3559009 socket(AF_UNIX, SOCK_STREAM|SOCK_CLOEXEC|SOCK_NONBLOCK, 0) = 3
3559009 bind(3, {sa_family=AF_UNIX, sun_path="/tmp/wirestack-m8-003-peer-xfiq078k/cycle-stream-0"}, 110) = 0
3559009 listen(3, 128)                  = 0
3559009 socket(AF_UNIX, SOCK_DGRAM|SOCK_CLOEXEC|SOCK_NONBLOCK, 0) = 5
3559009 bind(5, {sa_family=AF_UNIX, sun_path="/tmp/wirestack-m8-003-peer-xfiq078k/cycle-datagram-0"}, 110) = 0
3559009 close(5)                        = 0
3559009 close(3)                        = 0
3559009 socket(AF_UNIX, SOCK_STREAM|SOCK_CLOEXEC|SOCK_NONBLOCK, 0) = 3
3559009 bind(3, {sa_family=AF_UNIX, sun_path="/tmp/wirestack-m8-003-peer-xfiq078k/cycle-stream-1"}, 110) = 0
3559009 listen(3, 128)                  = 0
3559009 socket(AF_UNIX, SOCK_DGRAM|SOCK_CLOEXEC|SOCK_NONBLOCK, 0) = 5
3559009 bind(5, {sa_family=AF_UNIX, sun_path="/tmp/wirestack-m8-003-peer-xfiq078k/cycle-datagram-1"}, 110) = 0
3559009 close(5)                        = 0
3559009 close(3)                        = 0
3559009 socket(AF_UNIX, SOCK_STREAM|SOCK_CLOEXEC|SOCK_NONBLOCK, 0) = 3
3559009 bind(3, {sa_family=AF_UNIX, sun_path="/tmp/wirestack-m8-003-peer-xfiq078k/cycle-stream-2"}, 110) = 0
3559009 listen(3, 128)                  = 0
3559009 socket(AF_UNIX, SOCK_DGRAM|SOCK_CLOEXEC|SOCK_NONBLOCK, 0) = 5
3559009 bind(5, {sa_family=AF_UNIX, sun_path="/tmp/wirestack-m8-003-peer-xfiq078k/cycle-datagram-2"}, 110) = 0
3559009 close(5)                        = 0
3559009 close(3)                        = 0
3559009 socket(AF_UNIX, SOCK_STREAM|SOCK_CLOEXEC|SOCK_NONBLOCK, 0) = 3
3559009 bind(3, {sa_family=AF_UNIX, sun_path="/tmp/wirestack-m8-003-peer-xfiq078k/cycle-stream-3"}, 110) = 0
3559009 listen(3, 128)                  = 0
3559009 socket(AF_UNIX, SOCK_DGRAM|SOCK_CLOEXEC|SOCK_NONBLOCK, 0) = 5
3559009 bind(5, {sa_family=AF_UNIX, sun_path="/tmp/wirestack-m8-003-peer-xfiq078k/cycle-datagram-3"}, 110) = 0
3559009 close(5)                        = 0
3559009 close(3)                        = 0
3559009 socket(AF_UNIX, SOCK_STREAM|SOCK_CLOEXEC|SOCK_NONBLOCK, 0) = 3
3559009 bind(3, {sa_family=AF_UNIX, sun_path="/tmp/wirestack-m8-003-peer-xfiq078k/cycle-stream-4"}, 110) = 0
3559009 listen(3, 128)                  = 0
3559009 socket(AF_UNIX, SOCK_DGRAM|SOCK_CLOEXEC|SOCK_NONBLOCK, 0) = 5
3559009 bind(5, {sa_family=AF_UNIX, sun_path="/tmp/wirestack-m8-003-peer-xfiq078k/cycle-datagram-4"}, 110) = 0
3559009 close(5)                        = 0
3559009 close(3)                        = 0
3559009 socket(AF_UNIX, SOCK_STREAM|SOCK_CLOEXEC|SOCK_NONBLOCK, 0) = 3
3559009 bind(3, {sa_family=AF_UNIX, sun_path="/tmp/wirestack-m8-003-peer-xfiq078k/cycle-stream-5"}, 110) = 0
3559009 listen(3, 128)                  = 0
3559009 socket(AF_UNIX, SOCK_DGRAM|SOCK_CLOEXEC|SOCK_NONBLOCK, 0) = 5
3559009 bind(5, {sa_family=AF_UNIX, sun_path="/tmp/wirestack-m8-003-peer-xfiq078k/cycle-datagram-5"}, 110) = 0
3559009 close(5)                        = 0
3559009 close(3)                        = 0
3559009 socket(AF_UNIX, SOCK_STREAM|SOCK_CLOEXEC|SOCK_NONBLOCK, 0) = 3
3559009 bind(3, {sa_family=AF_UNIX, sun_path="/tmp/wirestack-m8-003-peer-xfiq078k/cycle-stream-6"}, 110) = 0
3559009 listen(3, 128)                  = 0
3559009 socket(AF_UNIX, SOCK_DGRAM|SOCK_CLOEXEC|SOCK_NONBLOCK, 0) = 5
3559009 bind(5, {sa_family=AF_UNIX, sun_path="/tmp/wirestack-m8-003-peer-xfiq078k/cycle-datagram-6"}, 110) = 0
3559009 close(5)                        = 0
3559009 close(3)                        = 0
3559009 socket(AF_UNIX, SOCK_STREAM|SOCK_CLOEXEC|SOCK_NONBLOCK, 0) = 3
3559009 bind(3, {sa_family=AF_UNIX, sun_path="/tmp/wirestack-m8-003-peer-xfiq078k/cycle-stream-7"}, 110) = 0
3559009 listen(3, 128)                  = 0
3559009 socket(AF_UNIX, SOCK_DGRAM|SOCK_CLOEXEC|SOCK_NONBLOCK, 0) = 5
3559009 bind(5, {sa_family=AF_UNIX, sun_path="/tmp/wirestack-m8-003-peer-xfiq078k/cycle-datagram-7"}, 110) = 0
3559009 close(5)                        = 0
3559009 close(3)                        = 0
3559009 socket(AF_UNIX, SOCK_STREAM|SOCK_CLOEXEC|SOCK_NONBLOCK, 0) = 3
3559009 bind(3, {sa_family=AF_UNIX, sun_path="/tmp/wirestack-m8-003-peer-xfiq078k/cycle-stream-8"}, 110) = 0
3559009 listen(3, 128)                  = 0
3559009 socket(AF_UNIX, SOCK_DGRAM|SOCK_CLOEXEC|SOCK_NONBLOCK, 0) = 5
3559009 bind(5, {sa_family=AF_UNIX, sun_path="/tmp/wirestack-m8-003-peer-xfiq078k/cycle-datagram-8"}, 110) = 0
3559009 close(5)                        = 0
3559009 close(3)                        = 0
3559009 socket(AF_UNIX, SOCK_STREAM|SOCK_CLOEXEC|SOCK_NONBLOCK, 0) = 3
3559009 bind(3, {sa_family=AF_UNIX, sun_path="/tmp/wirestack-m8-003-peer-xfiq078k/cycle-stream-9"}, 110) = 0
3559009 listen(3, 128)                  = 0
3559009 socket(AF_UNIX, SOCK_DGRAM|SOCK_CLOEXEC|SOCK_NONBLOCK, 0) = 5
3559009 bind(5, {sa_family=AF_UNIX, sun_path="/tmp/wirestack-m8-003-peer-xfiq078k/cycle-datagram-9"}, 110) = 0
3559009 close(5)                        = 0
3559009 close(3)                        = 0
3559009 socket(AF_UNIX, SOCK_STREAM|SOCK_CLOEXEC|SOCK_NONBLOCK, 0) = 3
3559009 bind(3, {sa_family=AF_UNIX, sun_path="/tmp/wirestack-m8-003-peer-xfiq078k/cycle-stream-10"}, 110) = 0
3559009 listen(3, 128)                  = 0
3559009 socket(AF_UNIX, SOCK_DGRAM|SOCK_CLOEXEC|SOCK_NONBLOCK, 0) = 5
3559009 bind(5, {sa_family=AF_UNIX, sun_path="/tmp/wirestack-m8-003-peer-xfiq078k/cycle-datagram-10"}, 110) = 0
3559009 close(5)                        = 0
3559009 close(3)                        = 0
3559009 socket(AF_UNIX, SOCK_STREAM|SOCK_CLOEXEC|SOCK_NONBLOCK, 0) = 3
3559009 bind(3, {sa_family=AF_UNIX, sun_path="/tmp/wirestack-m8-003-peer-xfiq078k/cycle-stream-11"}, 110) = 0
3559009 listen(3, 128)                  = 0
3559009 socket(AF_UNIX, SOCK_DGRAM|SOCK_CLOEXEC|SOCK_NONBLOCK, 0) = 5
3559009 bind(5, {sa_family=AF_UNIX, sun_path="/tmp/wirestack-m8-003-peer-xfiq078k/cycle-datagram-11"}, 110) = 0
3559009 close(5)                        = 0
3559009 close(3)                        = 0
3559009 socket(AF_UNIX, SOCK_STREAM|SOCK_CLOEXEC|SOCK_NONBLOCK, 0) = 3
3559009 bind(3, {sa_family=AF_UNIX, sun_path="/tmp/wirestack-m8-003-peer-xfiq078k/cycle-stream-12"}, 110) = 0
3559009 listen(3, 128)                  = 0
3559009 socket(AF_UNIX, SOCK_DGRAM|SOCK_CLOEXEC|SOCK_NONBLOCK, 0) = 5
3559009 bind(5, {sa_family=AF_UNIX, sun_path="/tmp/wirestack-m8-003-peer-xfiq078k/cycle-datagram-12"}, 110) = 0
3559009 close(5)                        = 0
3559009 close(3)                        = 0
3559009 socket(AF_UNIX, SOCK_STREAM|SOCK_CLOEXEC|SOCK_NONBLOCK, 0) = 3
3559009 bind(3, {sa_family=AF_UNIX, sun_path="/tmp/wirestack-m8-003-peer-xfiq078k/cycle-stream-13"}, 110) = 0
3559009 listen(3, 128)                  = 0
3559009 socket(AF_UNIX, SOCK_DGRAM|SOCK_CLOEXEC|SOCK_NONBLOCK, 0) = 5
3559009 bind(5, {sa_family=AF_UNIX, sun_path="/tmp/wirestack-m8-003-peer-xfiq078k/cycle-datagram-13"}, 110) = 0
3559009 close(5)                        = 0
3559009 close(3)                        = 0
3559009 socket(AF_UNIX, SOCK_STREAM|SOCK_CLOEXEC|SOCK_NONBLOCK, 0) = 3
3559009 bind(3, {sa_family=AF_UNIX, sun_path="/tmp/wirestack-m8-003-peer-xfiq078k/cycle-stream-14"}, 110) = 0
3559009 listen(3, 128)                  = 0
3559009 socket(AF_UNIX, SOCK_DGRAM|SOCK_CLOEXEC|SOCK_NONBLOCK, 0) = 5
3559009 bind(5, {sa_family=AF_UNIX, sun_path="/tmp/wirestack-m8-003-peer-xfiq078k/cycle-datagram-14"}, 110) = 0
3559009 close(5)                        = 0
3559009 close(3)                        = 0
3559009 socket(AF_UNIX, SOCK_STREAM|SOCK_CLOEXEC|SOCK_NONBLOCK, 0) = 3
3559009 bind(3, {sa_family=AF_UNIX, sun_path="/tmp/wirestack-m8-003-peer-xfiq078k/cycle-stream-15"}, 110) = 0
3559009 listen(3, 128)                  = 0
3559009 socket(AF_UNIX, SOCK_DGRAM|SOCK_CLOEXEC|SOCK_NONBLOCK, 0) = 5
3559009 bind(5, {sa_family=AF_UNIX, sun_path="/tmp/wirestack-m8-003-peer-xfiq078k/cycle-datagram-15"}, 110) = 0
3559009 close(5)                        = 0
3559009 close(3)                        = 0
3559009 socket(AF_UNIX, SOCK_STREAM|SOCK_CLOEXEC|SOCK_NONBLOCK, 0) = 3
3559009 bind(3, {sa_family=AF_UNIX, sun_path="/tmp/wirestack-m8-003-peer-xfiq078k/cycle-stream-16"}, 110) = 0
3559009 listen(3, 128)                  = 0
3559009 socket(AF_UNIX, SOCK_DGRAM|SOCK_CLOEXEC|SOCK_NONBLOCK, 0) = 5
3559009 bind(5, {sa_family=AF_UNIX, sun_path="/tmp/wirestack-m8-003-peer-xfiq078k/cycle-datagram-16"}, 110) = 0
3559009 close(5)                        = 0
3559009 close(3)                        = 0
3559009 socket(AF_UNIX, SOCK_STREAM|SOCK_CLOEXEC|SOCK_NONBLOCK, 0) = 3
3559009 bind(3, {sa_family=AF_UNIX, sun_path="/tmp/wirestack-m8-003-peer-xfiq078k/cycle-stream-17"}, 110) = 0
3559009 listen(3, 128)                  = 0
3559009 socket(AF_UNIX, SOCK_DGRAM|SOCK_CLOEXEC|SOCK_NONBLOCK, 0) = 5
3559009 bind(5, {sa_family=AF_UNIX, sun_path="/tmp/wirestack-m8-003-peer-xfiq078k/cycle-datagram-17"}, 110) = 0
3559009 close(5)                        = 0
3559009 close(3)                        = 0
3559009 socket(AF_UNIX, SOCK_STREAM|SOCK_CLOEXEC|SOCK_NONBLOCK, 0) = 3
3559009 bind(3, {sa_family=AF_UNIX, sun_path="/tmp/wirestack-m8-003-peer-xfiq078k/cycle-stream-18"}, 110) = 0
3559009 listen(3, 128)                  = 0
3559009 socket(AF_UNIX, SOCK_DGRAM|SOCK_CLOEXEC|SOCK_NONBLOCK, 0) = 5
3559009 bind(5, {sa_family=AF_UNIX, sun_path="/tmp/wirestack-m8-003-peer-xfiq078k/cycle-datagram-18"}, 110) = 0
3559009 close(5)                        = 0
3559009 close(3)                        = 0
3559009 socket(AF_UNIX, SOCK_STREAM|SOCK_CLOEXEC|SOCK_NONBLOCK, 0) = 3
3559009 bind(3, {sa_family=AF_UNIX, sun_path="/tmp/wirestack-m8-003-peer-xfiq078k/cycle-stream-19"}, 110) = 0
3559009 listen(3, 128)                  = 0
3559009 socket(AF_UNIX, SOCK_DGRAM|SOCK_CLOEXEC|SOCK_NONBLOCK, 0) = 5
3559009 bind(5, {sa_family=AF_UNIX, sun_path="/tmp/wirestack-m8-003-peer-xfiq078k/cycle-datagram-19"}, 110) = 0
3559009 close(5)                        = 0
3559009 close(3)                        = 0
3559009 socket(AF_UNIX, SOCK_STREAM|SOCK_CLOEXEC|SOCK_NONBLOCK, 0) = 3
3559009 bind(3, {sa_family=AF_UNIX, sun_path="/tmp/wirestack-m8-003-peer-xfiq078k/cycle-stream-20"}, 110) = 0
3559009 listen(3, 128)                  = 0
3559009 socket(AF_UNIX, SOCK_DGRAM|SOCK_CLOEXEC|SOCK_NONBLOCK, 0) = 5
3559009 bind(5, {sa_family=AF_UNIX, sun_path="/tmp/wirestack-m8-003-peer-xfiq078k/cycle-datagram-20"}, 110) = 0
3559009 close(5)                        = 0
3559009 close(3)                        = 0
3559009 socket(AF_UNIX, SOCK_STREAM|SOCK_CLOEXEC|SOCK_NONBLOCK, 0) = 3
3559009 bind(3, {sa_family=AF_UNIX, sun_path="/tmp/wirestack-m8-003-peer-xfiq078k/cycle-stream-21"}, 110) = 0
3559009 listen(3, 128)                  = 0
3559009 socket(AF_UNIX, SOCK_DGRAM|SOCK_CLOEXEC|SOCK_NONBLOCK, 0) = 5
3559009 bind(5, {sa_family=AF_UNIX, sun_path="/tmp/wirestack-m8-003-peer-xfiq078k/cycle-datagram-21"}, 110) = 0
3559009 close(5)                        = 0
3559009 close(3)                        = 0
3559009 socket(AF_UNIX, SOCK_STREAM|SOCK_CLOEXEC|SOCK_NONBLOCK, 0) = 3
3559009 bind(3, {sa_family=AF_UNIX, sun_path="/tmp/wirestack-m8-003-peer-xfiq078k/cycle-stream-22"}, 110) = 0
3559009 listen(3, 128)                  = 0
3559009 socket(AF_UNIX, SOCK_DGRAM|SOCK_CLOEXEC|SOCK_NONBLOCK, 0) = 5
3559009 bind(5, {sa_family=AF_UNIX, sun_path="/tmp/wirestack-m8-003-peer-xfiq078k/cycle-datagram-22"}, 110) = 0
3559009 close(5)                        = 0
3559009 close(3)                        = 0
3559009 socket(AF_UNIX, SOCK_STREAM|SOCK_CLOEXEC|SOCK_NONBLOCK, 0) = 3
3559009 bind(3, {sa_family=AF_UNIX, sun_path="/tmp/wirestack-m8-003-peer-xfiq078k/cycle-stream-23"}, 110) = 0
3559009 listen(3, 128)                  = 0
3559009 socket(AF_UNIX, SOCK_DGRAM|SOCK_CLOEXEC|SOCK_NONBLOCK, 0) = 5
3559009 bind(5, {sa_family=AF_UNIX, sun_path="/tmp/wirestack-m8-003-peer-xfiq078k/cycle-datagram-23"}, 110) = 0
3559009 close(5)                        = 0
3559009 close(3)                        = 0
3559009 socket(AF_UNIX, SOCK_STREAM|SOCK_CLOEXEC|SOCK_NONBLOCK, 0) = 3
3559009 bind(3, {sa_family=AF_UNIX, sun_path="/tmp/wirestack-m8-003-peer-xfiq078k/cycle-stream-24"}, 110) = 0
3559009 listen(3, 128)                  = 0
3559009 socket(AF_UNIX, SOCK_DGRAM|SOCK_CLOEXEC|SOCK_NONBLOCK, 0) = 5
3559009 bind(5, {sa_family=AF_UNIX, sun_path="/tmp/wirestack-m8-003-peer-xfiq078k/cycle-datagram-24"}, 110) = 0
3559009 close(5)                        = 0
3559009 close(3)                        = 0
3559009 socket(AF_UNIX, SOCK_STREAM|SOCK_CLOEXEC|SOCK_NONBLOCK, 0) = 3
3559009 bind(3, {sa_family=AF_UNIX, sun_path="/tmp/wirestack-m8-003-peer-xfiq078k/cycle-stream-25"}, 110) = 0
3559009 listen(3, 128)                  = 0
3559009 socket(AF_UNIX, SOCK_DGRAM|SOCK_CLOEXEC|SOCK_NONBLOCK, 0) = 5
3559009 bind(5, {sa_family=AF_UNIX, sun_path="/tmp/wirestack-m8-003-peer-xfiq078k/cycle-datagram-25"}, 110) = 0
3559009 close(5)                        = 0
3559009 close(3)                        = 0
3559009 socket(AF_UNIX, SOCK_STREAM|SOCK_CLOEXEC|SOCK_NONBLOCK, 0) = 3
3559009 bind(3, {sa_family=AF_UNIX, sun_path="/tmp/wirestack-m8-003-peer-xfiq078k/cycle-stream-26"}, 110) = 0
3559009 listen(3, 128)                  = 0
3559009 socket(AF_UNIX, SOCK_DGRAM|SOCK_CLOEXEC|SOCK_NONBLOCK, 0) = 5
3559009 bind(5, {sa_family=AF_UNIX, sun_path="/tmp/wirestack-m8-003-peer-xfiq078k/cycle-datagram-26"}, 110) = 0
3559009 close(5)                        = 0
3559009 close(3)                        = 0
3559009 socket(AF_UNIX, SOCK_STREAM|SOCK_CLOEXEC|SOCK_NONBLOCK, 0) = 3
3559009 bind(3, {sa_family=AF_UNIX, sun_path="/tmp/wirestack-m8-003-peer-xfiq078k/cycle-stream-27"}, 110) = 0
3559009 listen(3, 128)                  = 0
3559009 socket(AF_UNIX, SOCK_DGRAM|SOCK_CLOEXEC|SOCK_NONBLOCK, 0) = 5
3559009 bind(5, {sa_family=AF_UNIX, sun_path="/tmp/wirestack-m8-003-peer-xfiq078k/cycle-datagram-27"}, 110) = 0
3559009 close(5)                        = 0
3559009 close(3)                        = 0
3559009 socket(AF_UNIX, SOCK_STREAM|SOCK_CLOEXEC|SOCK_NONBLOCK, 0) = 3
3559009 bind(3, {sa_family=AF_UNIX, sun_path="/tmp/wirestack-m8-003-peer-xfiq078k/cycle-stream-28"}, 110) = 0
3559009 listen(3, 128)                  = 0
3559009 socket(AF_UNIX, SOCK_DGRAM|SOCK_CLOEXEC|SOCK_NONBLOCK, 0) = 5
3559009 bind(5, {sa_family=AF_UNIX, sun_path="/tmp/wirestack-m8-003-peer-xfiq078k/cycle-datagram-28"}, 110) = 0
3559009 close(5)                        = 0
3559009 close(3)                        = 0
3559009 socket(AF_UNIX, SOCK_STREAM|SOCK_CLOEXEC|SOCK_NONBLOCK, 0) = 3
3559009 bind(3, {sa_family=AF_UNIX, sun_path="/tmp/wirestack-m8-003-peer-xfiq078k/cycle-stream-29"}, 110) = 0
3559009 listen(3, 128)                  = 0
3559009 socket(AF_UNIX, SOCK_DGRAM|SOCK_CLOEXEC|SOCK_NONBLOCK, 0) = 5
3559009 bind(5, {sa_family=AF_UNIX, sun_path="/tmp/wirestack-m8-003-peer-xfiq078k/cycle-datagram-29"}, 110) = 0
3559009 close(5)                        = 0
3559009 close(3)                        = 0
3559009 socket(AF_UNIX, SOCK_STREAM|SOCK_CLOEXEC|SOCK_NONBLOCK, 0) = 3
3559009 bind(3, {sa_family=AF_UNIX, sun_path="/tmp/wirestack-m8-003-peer-xfiq078k/cycle-stream-30"}, 110) = 0
3559009 listen(3, 128)                  = 0
3559009 socket(AF_UNIX, SOCK_DGRAM|SOCK_CLOEXEC|SOCK_NONBLOCK, 0) = 5
3559009 bind(5, {sa_family=AF_UNIX, sun_path="/tmp/wirestack-m8-003-peer-xfiq078k/cycle-datagram-30"}, 110) = 0
3559009 close(5)                        = 0
3559009 close(3)                        = 0
3559009 socket(AF_UNIX, SOCK_STREAM|SOCK_CLOEXEC|SOCK_NONBLOCK, 0) = 3
3559009 bind(3, {sa_family=AF_UNIX, sun_path="/tmp/wirestack-m8-003-peer-xfiq078k/cycle-stream-31"}, 110) = 0
3559009 listen(3, 128)                  = 0
3559009 socket(AF_UNIX, SOCK_DGRAM|SOCK_CLOEXEC|SOCK_NONBLOCK, 0) = 5
3559009 bind(5, {sa_family=AF_UNIX, sun_path="/tmp/wirestack-m8-003-peer-xfiq078k/cycle-datagram-31"}, 110) = 0
3559009 close(5)                        = 0
3559009 close(3)                        = 0
3559009 socket(AF_UNIX, SOCK_STREAM|SOCK_CLOEXEC|SOCK_NONBLOCK, 0) = 3
3559009 bind(3, {sa_family=AF_UNIX, sun_path="/tmp/wirestack-m8-003-peer-xfiq078k/cycle-stream-32"}, 110) = 0
3559009 listen(3, 128)                  = 0
3559009 socket(AF_UNIX, SOCK_DGRAM|SOCK_CLOEXEC|SOCK_NONBLOCK, 0) = 5
3559009 bind(5, {sa_family=AF_UNIX, sun_path="/tmp/wirestack-m8-003-peer-xfiq078k/cycle-datagram-32"}, 110) = 0
3559009 close(5)                        = 0
3559009 close(3)                        = 0
3559009 socket(AF_UNIX, SOCK_STREAM|SOCK_CLOEXEC|SOCK_NONBLOCK, 0) = 3
3559009 bind(3, {sa_family=AF_UNIX, sun_path="/tmp/wirestack-m8-003-peer-xfiq078k/cycle-stream-33"}, 110) = 0
3559009 listen(3, 128)                  = 0
3559009 socket(AF_UNIX, SOCK_DGRAM|SOCK_CLOEXEC|SOCK_NONBLOCK, 0) = 5
3559009 bind(5, {sa_family=AF_UNIX, sun_path="/tmp/wirestack-m8-003-peer-xfiq078k/cycle-datagram-33"}, 110) = 0
3559009 close(5)                        = 0
3559009 close(3)                        = 0
3559009 socket(AF_UNIX, SOCK_STREAM|SOCK_CLOEXEC|SOCK_NONBLOCK, 0) = 3
3559009 bind(3, {sa_family=AF_UNIX, sun_path="/tmp/wirestack-m8-003-peer-xfiq078k/cycle-stream-34"}, 110) = 0
3559009 listen(3, 128)                  = 0
3559009 socket(AF_UNIX, SOCK_DGRAM|SOCK_CLOEXEC|SOCK_NONBLOCK, 0) = 5
3559009 bind(5, {sa_family=AF_UNIX, sun_path="/tmp/wirestack-m8-003-peer-xfiq078k/cycle-datagram-34"}, 110) = 0
3559009 close(5)                        = 0
3559009 close(3)                        = 0
3559009 socket(AF_UNIX, SOCK_STREAM|SOCK_CLOEXEC|SOCK_NONBLOCK, 0) = 3
3559009 bind(3, {sa_family=AF_UNIX, sun_path="/tmp/wirestack-m8-003-peer-xfiq078k/cycle-stream-35"}, 110) = 0
3559009 listen(3, 128)                  = 0
3559009 socket(AF_UNIX, SOCK_DGRAM|SOCK_CLOEXEC|SOCK_NONBLOCK, 0) = 5
3559009 bind(5, {sa_family=AF_UNIX, sun_path="/tmp/wirestack-m8-003-peer-xfiq078k/cycle-datagram-35"}, 110) = 0
3559009 close(5)                        = 0
3559009 close(3)                        = 0
3559009 socket(AF_UNIX, SOCK_STREAM|SOCK_CLOEXEC|SOCK_NONBLOCK, 0) = 3
3559009 bind(3, {sa_family=AF_UNIX, sun_path="/tmp/wirestack-m8-003-peer-xfiq078k/cycle-stream-36"}, 110) = 0
3559009 listen(3, 128)                  = 0
3559009 socket(AF_UNIX, SOCK_DGRAM|SOCK_CLOEXEC|SOCK_NONBLOCK, 0) = 5
3559009 bind(5, {sa_family=AF_UNIX, sun_path="/tmp/wirestack-m8-003-peer-xfiq078k/cycle-datagram-36"}, 110) = 0
3559009 close(5)                        = 0
3559009 close(3)                        = 0
3559009 socket(AF_UNIX, SOCK_STREAM|SOCK_CLOEXEC|SOCK_NONBLOCK, 0) = 3
3559009 bind(3, {sa_family=AF_UNIX, sun_path="/tmp/wirestack-m8-003-peer-xfiq078k/cycle-stream-37"}, 110) = 0
3559009 listen(3, 128)                  = 0
3559009 socket(AF_UNIX, SOCK_DGRAM|SOCK_CLOEXEC|SOCK_NONBLOCK, 0) = 5
3559009 bind(5, {sa_family=AF_UNIX, sun_path="/tmp/wirestack-m8-003-peer-xfiq078k/cycle-datagram-37"}, 110) = 0
3559009 close(5)                        = 0
3559009 close(3)                        = 0
3559009 socket(AF_UNIX, SOCK_STREAM|SOCK_CLOEXEC|SOCK_NONBLOCK, 0) = 3
3559009 bind(3, {sa_family=AF_UNIX, sun_path="/tmp/wirestack-m8-003-peer-xfiq078k/cycle-stream-38"}, 110) = 0
3559009 listen(3, 128)                  = 0
3559009 socket(AF_UNIX, SOCK_DGRAM|SOCK_CLOEXEC|SOCK_NONBLOCK, 0) = 5
3559009 bind(5, {sa_family=AF_UNIX, sun_path="/tmp/wirestack-m8-003-peer-xfiq078k/cycle-datagram-38"}, 110) = 0
3559009 close(5)                        = 0
3559009 close(3)                        = 0
3559009 socket(AF_UNIX, SOCK_STREAM|SOCK_CLOEXEC|SOCK_NONBLOCK, 0) = 3
3559009 bind(3, {sa_family=AF_UNIX, sun_path="/tmp/wirestack-m8-003-peer-xfiq078k/cycle-stream-39"}, 110) = 0
3559009 listen(3, 128)                  = 0
3559009 socket(AF_UNIX, SOCK_DGRAM|SOCK_CLOEXEC|SOCK_NONBLOCK, 0) = 5
3559009 bind(5, {sa_family=AF_UNIX, sun_path="/tmp/wirestack-m8-003-peer-xfiq078k/cycle-datagram-39"}, 110) = 0
3559009 close(5)                        = 0
3559009 close(3)                        = 0
3559009 socket(AF_UNIX, SOCK_STREAM|SOCK_CLOEXEC|SOCK_NONBLOCK, 0) = 3
3559009 bind(3, {sa_family=AF_UNIX, sun_path="/tmp/wirestack-m8-003-peer-xfiq078k/cycle-stream-40"}, 110) = 0
3559009 listen(3, 128)                  = 0
3559009 socket(AF_UNIX, SOCK_DGRAM|SOCK_CLOEXEC|SOCK_NONBLOCK, 0) = 5
3559009 bind(5, {sa_family=AF_UNIX, sun_path="/tmp/wirestack-m8-003-peer-xfiq078k/cycle-datagram-40"}, 110) = 0
3559009 close(5)                        = 0
3559009 close(3)                        = 0
3559009 socket(AF_UNIX, SOCK_STREAM|SOCK_CLOEXEC|SOCK_NONBLOCK, 0) = 3
3559009 bind(3, {sa_family=AF_UNIX, sun_path="/tmp/wirestack-m8-003-peer-xfiq078k/cycle-stream-41"}, 110) = 0
3559009 listen(3, 128)                  = 0
3559009 socket(AF_UNIX, SOCK_DGRAM|SOCK_CLOEXEC|SOCK_NONBLOCK, 0) = 5
3559009 bind(5, {sa_family=AF_UNIX, sun_path="/tmp/wirestack-m8-003-peer-xfiq078k/cycle-datagram-41"}, 110) = 0
3559009 close(5)                        = 0
3559009 close(3)                        = 0
3559009 socket(AF_UNIX, SOCK_STREAM|SOCK_CLOEXEC|SOCK_NONBLOCK, 0) = 3
3559009 bind(3, {sa_family=AF_UNIX, sun_path="/tmp/wirestack-m8-003-peer-xfiq078k/cycle-stream-42"}, 110) = 0
3559009 listen(3, 128)                  = 0
3559009 socket(AF_UNIX, SOCK_DGRAM|SOCK_CLOEXEC|SOCK_NONBLOCK, 0) = 5
3559009 bind(5, {sa_family=AF_UNIX, sun_path="/tmp/wirestack-m8-003-peer-xfiq078k/cycle-datagram-42"}, 110) = 0
3559009 close(5)                        = 0
3559009 close(3)                        = 0
3559009 socket(AF_UNIX, SOCK_STREAM|SOCK_CLOEXEC|SOCK_NONBLOCK, 0) = 3
3559009 bind(3, {sa_family=AF_UNIX, sun_path="/tmp/wirestack-m8-003-peer-xfiq078k/cycle-stream-43"}, 110) = 0
3559009 listen(3, 128)                  = 0
3559009 socket(AF_UNIX, SOCK_DGRAM|SOCK_CLOEXEC|SOCK_NONBLOCK, 0) = 5
3559009 bind(5, {sa_family=AF_UNIX, sun_path="/tmp/wirestack-m8-003-peer-xfiq078k/cycle-datagram-43"}, 110) = 0
3559009 close(5)                        = 0
3559009 close(3)                        = 0
3559009 socket(AF_UNIX, SOCK_STREAM|SOCK_CLOEXEC|SOCK_NONBLOCK, 0) = 3
3559009 bind(3, {sa_family=AF_UNIX, sun_path="/tmp/wirestack-m8-003-peer-xfiq078k/cycle-stream-44"}, 110) = 0
3559009 listen(3, 128)                  = 0
3559009 socket(AF_UNIX, SOCK_DGRAM|SOCK_CLOEXEC|SOCK_NONBLOCK, 0) = 5
3559009 bind(5, {sa_family=AF_UNIX, sun_path="/tmp/wirestack-m8-003-peer-xfiq078k/cycle-datagram-44"}, 110) = 0
3559009 close(5)                        = 0
3559009 close(3)                        = 0
3559009 socket(AF_UNIX, SOCK_STREAM|SOCK_CLOEXEC|SOCK_NONBLOCK, 0) = 3
3559009 bind(3, {sa_family=AF_UNIX, sun_path="/tmp/wirestack-m8-003-peer-xfiq078k/cycle-stream-45"}, 110) = 0
3559009 listen(3, 128)                  = 0
3559009 socket(AF_UNIX, SOCK_DGRAM|SOCK_CLOEXEC|SOCK_NONBLOCK, 0) = 5
3559009 bind(5, {sa_family=AF_UNIX, sun_path="/tmp/wirestack-m8-003-peer-xfiq078k/cycle-datagram-45"}, 110) = 0
3559009 close(5)                        = 0
3559009 close(3)                        = 0
3559009 socket(AF_UNIX, SOCK_STREAM|SOCK_CLOEXEC|SOCK_NONBLOCK, 0) = 3
3559009 bind(3, {sa_family=AF_UNIX, sun_path="/tmp/wirestack-m8-003-peer-xfiq078k/cycle-stream-46"}, 110) = 0
3559009 listen(3, 128)                  = 0
3559009 socket(AF_UNIX, SOCK_DGRAM|SOCK_CLOEXEC|SOCK_NONBLOCK, 0) = 5
3559009 bind(5, {sa_family=AF_UNIX, sun_path="/tmp/wirestack-m8-003-peer-xfiq078k/cycle-datagram-46"}, 110) = 0
3559009 close(5)                        = 0
3559009 close(3)                        = 0
3559009 socket(AF_UNIX, SOCK_STREAM|SOCK_CLOEXEC|SOCK_NONBLOCK, 0) = 3
3559009 bind(3, {sa_family=AF_UNIX, sun_path="/tmp/wirestack-m8-003-peer-xfiq078k/cycle-stream-47"}, 110) = 0
3559009 listen(3, 128)                  = 0
3559009 socket(AF_UNIX, SOCK_DGRAM|SOCK_CLOEXEC|SOCK_NONBLOCK, 0) = 5
3559009 bind(5, {sa_family=AF_UNIX, sun_path="/tmp/wirestack-m8-003-peer-xfiq078k/cycle-datagram-47"}, 110) = 0
3559009 close(5)                        = 0
3559009 close(3)                        = 0
3559009 socket(AF_UNIX, SOCK_STREAM|SOCK_CLOEXEC|SOCK_NONBLOCK, 0) = 3
3559009 bind(3, {sa_family=AF_UNIX, sun_path="/tmp/wirestack-m8-003-peer-xfiq078k/cycle-stream-48"}, 110) = 0
3559009 listen(3, 128)                  = 0
3559009 socket(AF_UNIX, SOCK_DGRAM|SOCK_CLOEXEC|SOCK_NONBLOCK, 0) = 5
3559009 bind(5, {sa_family=AF_UNIX, sun_path="/tmp/wirestack-m8-003-peer-xfiq078k/cycle-datagram-48"}, 110) = 0
3559009 close(5)                        = 0
3559009 close(3)                        = 0
3559009 socket(AF_UNIX, SOCK_STREAM|SOCK_CLOEXEC|SOCK_NONBLOCK, 0) = 3
3559009 bind(3, {sa_family=AF_UNIX, sun_path="/tmp/wirestack-m8-003-peer-xfiq078k/cycle-stream-49"}, 110) = 0
3559009 listen(3, 128)                  = 0
3559009 socket(AF_UNIX, SOCK_DGRAM|SOCK_CLOEXEC|SOCK_NONBLOCK, 0) = 5
3559009 bind(5, {sa_family=AF_UNIX, sun_path="/tmp/wirestack-m8-003-peer-xfiq078k/cycle-datagram-49"}, 110) = 0
3559009 close(5)                        = 0
3559009 close(3)                        = 0
3559009 socket(AF_UNIX, SOCK_STREAM|SOCK_CLOEXEC|SOCK_NONBLOCK, 0) = 3
3559009 bind(3, {sa_family=AF_UNIX, sun_path="/tmp/wirestack-m8-003-peer-xfiq078k/cycle-stream-50"}, 110) = 0
3559009 listen(3, 128)                  = 0
3559009 socket(AF_UNIX, SOCK_DGRAM|SOCK_CLOEXEC|SOCK_NONBLOCK, 0) = 5
3559009 bind(5, {sa_family=AF_UNIX, sun_path="/tmp/wirestack-m8-003-peer-xfiq078k/cycle-datagram-50"}, 110) = 0
3559009 close(5)                        = 0
3559009 close(3)                        = 0
3559009 socket(AF_UNIX, SOCK_STREAM|SOCK_CLOEXEC|SOCK_NONBLOCK, 0) = 3
3559009 bind(3, {sa_family=AF_UNIX, sun_path="/tmp/wirestack-m8-003-peer-xfiq078k/cycle-stream-51"}, 110) = 0
3559009 listen(3, 128)                  = 0
3559009 socket(AF_UNIX, SOCK_DGRAM|SOCK_CLOEXEC|SOCK_NONBLOCK, 0) = 5
3559009 bind(5, {sa_family=AF_UNIX, sun_path="/tmp/wirestack-m8-003-peer-xfiq078k/cycle-datagram-51"}, 110) = 0
3559009 close(5)                        = 0
3559009 close(3)                        = 0
3559009 socket(AF_UNIX, SOCK_STREAM|SOCK_CLOEXEC|SOCK_NONBLOCK, 0) = 3
3559009 bind(3, {sa_family=AF_UNIX, sun_path="/tmp/wirestack-m8-003-peer-xfiq078k/cycle-stream-52"}, 110) = 0
3559009 listen(3, 128)                  = 0
3559009 socket(AF_UNIX, SOCK_DGRAM|SOCK_CLOEXEC|SOCK_NONBLOCK, 0) = 5
3559009 bind(5, {sa_family=AF_UNIX, sun_path="/tmp/wirestack-m8-003-peer-xfiq078k/cycle-datagram-52"}, 110) = 0
3559009 close(5)                        = 0
3559009 close(3)                        = 0
3559009 socket(AF_UNIX, SOCK_STREAM|SOCK_CLOEXEC|SOCK_NONBLOCK, 0) = 3
3559009 bind(3, {sa_family=AF_UNIX, sun_path="/tmp/wirestack-m8-003-peer-xfiq078k/cycle-stream-53"}, 110) = 0
3559009 listen(3, 128)                  = 0
3559009 socket(AF_UNIX, SOCK_DGRAM|SOCK_CLOEXEC|SOCK_NONBLOCK, 0) = 5
3559009 bind(5, {sa_family=AF_UNIX, sun_path="/tmp/wirestack-m8-003-peer-xfiq078k/cycle-datagram-53"}, 110) = 0
3559009 close(5)                        = 0
3559009 close(3)                        = 0
3559009 socket(AF_UNIX, SOCK_STREAM|SOCK_CLOEXEC|SOCK_NONBLOCK, 0) = 3
3559009 bind(3, {sa_family=AF_UNIX, sun_path="/tmp/wirestack-m8-003-peer-xfiq078k/cycle-stream-54"}, 110) = 0
3559009 listen(3, 128)                  = 0
3559009 socket(AF_UNIX, SOCK_DGRAM|SOCK_CLOEXEC|SOCK_NONBLOCK, 0) = 5
3559009 bind(5, {sa_family=AF_UNIX, sun_path="/tmp/wirestack-m8-003-peer-xfiq078k/cycle-datagram-54"}, 110) = 0
3559009 close(5)                        = 0
3559009 close(3)                        = 0
3559009 socket(AF_UNIX, SOCK_STREAM|SOCK_CLOEXEC|SOCK_NONBLOCK, 0) = 3
3559009 bind(3, {sa_family=AF_UNIX, sun_path="/tmp/wirestack-m8-003-peer-xfiq078k/cycle-stream-55"}, 110) = 0
3559009 listen(3, 128)                  = 0
3559009 socket(AF_UNIX, SOCK_DGRAM|SOCK_CLOEXEC|SOCK_NONBLOCK, 0) = 5
3559009 bind(5, {sa_family=AF_UNIX, sun_path="/tmp/wirestack-m8-003-peer-xfiq078k/cycle-datagram-55"}, 110) = 0
3559009 close(5)                        = 0
3559009 close(3)                        = 0
3559009 socket(AF_UNIX, SOCK_STREAM|SOCK_CLOEXEC|SOCK_NONBLOCK, 0) = 3
3559009 bind(3, {sa_family=AF_UNIX, sun_path="/tmp/wirestack-m8-003-peer-xfiq078k/cycle-stream-56"}, 110) = 0
3559009 listen(3, 128)                  = 0
3559009 socket(AF_UNIX, SOCK_DGRAM|SOCK_CLOEXEC|SOCK_NONBLOCK, 0) = 5
3559009 bind(5, {sa_family=AF_UNIX, sun_path="/tmp/wirestack-m8-003-peer-xfiq078k/cycle-datagram-56"}, 110) = 0
3559009 close(5)                        = 0
3559009 close(3)                        = 0
3559009 socket(AF_UNIX, SOCK_STREAM|SOCK_CLOEXEC|SOCK_NONBLOCK, 0) = 3
3559009 bind(3, {sa_family=AF_UNIX, sun_path="/tmp/wirestack-m8-003-peer-xfiq078k/cycle-stream-57"}, 110) = 0
3559009 listen(3, 128)                  = 0
3559009 socket(AF_UNIX, SOCK_DGRAM|SOCK_CLOEXEC|SOCK_NONBLOCK, 0) = 5
3559009 bind(5, {sa_family=AF_UNIX, sun_path="/tmp/wirestack-m8-003-peer-xfiq078k/cycle-datagram-57"}, 110) = 0
3559009 close(5)                        = 0
3559009 close(3)                        = 0
3559009 socket(AF_UNIX, SOCK_STREAM|SOCK_CLOEXEC|SOCK_NONBLOCK, 0) = 3
3559009 bind(3, {sa_family=AF_UNIX, sun_path="/tmp/wirestack-m8-003-peer-xfiq078k/cycle-stream-58"}, 110) = 0
3559009 listen(3, 128)                  = 0
3559009 socket(AF_UNIX, SOCK_DGRAM|SOCK_CLOEXEC|SOCK_NONBLOCK, 0) = 5
3559009 bind(5, {sa_family=AF_UNIX, sun_path="/tmp/wirestack-m8-003-peer-xfiq078k/cycle-datagram-58"}, 110) = 0
3559009 close(5)                        = 0
3559009 close(3)                        = 0
3559009 socket(AF_UNIX, SOCK_STREAM|SOCK_CLOEXEC|SOCK_NONBLOCK, 0) = 3
3559009 bind(3, {sa_family=AF_UNIX, sun_path="/tmp/wirestack-m8-003-peer-xfiq078k/cycle-stream-59"}, 110) = 0
3559009 listen(3, 128)                  = 0
3559009 socket(AF_UNIX, SOCK_DGRAM|SOCK_CLOEXEC|SOCK_NONBLOCK, 0) = 5
3559009 bind(5, {sa_family=AF_UNIX, sun_path="/tmp/wirestack-m8-003-peer-xfiq078k/cycle-datagram-59"}, 110) = 0
3559009 close(5)                        = 0
3559009 close(3)                        = 0
3559009 socket(AF_UNIX, SOCK_STREAM|SOCK_CLOEXEC|SOCK_NONBLOCK, 0) = 3
3559009 bind(3, {sa_family=AF_UNIX, sun_path="/tmp/wirestack-m8-003-peer-xfiq078k/cycle-stream-60"}, 110) = 0
3559009 listen(3, 128)                  = 0
3559009 socket(AF_UNIX, SOCK_DGRAM|SOCK_CLOEXEC|SOCK_NONBLOCK, 0) = 5
3559009 bind(5, {sa_family=AF_UNIX, sun_path="/tmp/wirestack-m8-003-peer-xfiq078k/cycle-datagram-60"}, 110) = 0
3559009 close(5)                        = 0
3559009 close(3)                        = 0
3559009 socket(AF_UNIX, SOCK_STREAM|SOCK_CLOEXEC|SOCK_NONBLOCK, 0) = 3
3559009 bind(3, {sa_family=AF_UNIX, sun_path="/tmp/wirestack-m8-003-peer-xfiq078k/cycle-stream-61"}, 110) = 0
3559009 listen(3, 128)                  = 0
3559009 socket(AF_UNIX, SOCK_DGRAM|SOCK_CLOEXEC|SOCK_NONBLOCK, 0) = 5
3559009 bind(5, {sa_family=AF_UNIX, sun_path="/tmp/wirestack-m8-003-peer-xfiq078k/cycle-datagram-61"}, 110) = 0
3559009 close(5)                        = 0
3559009 close(3)                        = 0
3559009 socket(AF_UNIX, SOCK_STREAM|SOCK_CLOEXEC|SOCK_NONBLOCK, 0) = 3
3559009 bind(3, {sa_family=AF_UNIX, sun_path="/tmp/wirestack-m8-003-peer-xfiq078k/cycle-stream-62"}, 110) = 0
3559009 listen(3, 128)                  = 0
3559009 socket(AF_UNIX, SOCK_DGRAM|SOCK_CLOEXEC|SOCK_NONBLOCK, 0) = 5
3559009 bind(5, {sa_family=AF_UNIX, sun_path="/tmp/wirestack-m8-003-peer-xfiq078k/cycle-datagram-62"}, 110) = 0
3559009 close(5)                        = 0
3559009 close(3)                        = 0
3559009 socket(AF_UNIX, SOCK_STREAM|SOCK_CLOEXEC|SOCK_NONBLOCK, 0) = 3
3559009 bind(3, {sa_family=AF_UNIX, sun_path="/tmp/wirestack-m8-003-peer-xfiq078k/cycle-stream-63"}, 110) = 0
3559009 listen(3, 128)                  = 0
3559009 socket(AF_UNIX, SOCK_DGRAM|SOCK_CLOEXEC|SOCK_NONBLOCK, 0) = 5
3559009 bind(5, {sa_family=AF_UNIX, sun_path="/tmp/wirestack-m8-003-peer-xfiq078k/cycle-datagram-63"}, 110) = 0
3559009 close(5)                        = 0
3559009 close(3)                        = 0
3559009 socket(AF_UNIX, SOCK_STREAM|SOCK_CLOEXEC|SOCK_NONBLOCK, 0) = 3
3559009 bind(3, {sa_family=AF_UNIX, sun_path="/tmp/wirestack-m8-003-peer-xfiq078k/wait-listener"}, 110) = 0
3559009 listen(3, 128)                  = 0
3559004 accept4(3, 0x55e5e07bcfc0, [120], SOCK_CLOEXEC|SOCK_NONBLOCK) = -1 EAGAIN (Resource temporarily unavailable)
3559004 accept4(3, {sa_family=AF_UNIX}, [120 => 2], SOCK_CLOEXEC|SOCK_NONBLOCK) = 5
3559009 recvfrom(5, "ok", 2, 0, NULL, NULL) = 2
3559009 close(5)                        = 0
3559009 close(3)                        = 0
3559009 socket(AF_UNIX, SOCK_STREAM|SOCK_CLOEXEC|SOCK_NONBLOCK, 0) = 3
3559009 bind(3, {sa_family=AF_UNIX, sun_path="/tmp/wirestack-m8-003-peer-xfiq078k/wait-stream-cancel"}, 110) = 0
3559009 listen(3, 128)                  = 0
3559009 accept4(3, 0x55e5e07bcfc0, [120], SOCK_CLOEXEC|SOCK_NONBLOCK) = -1 EAGAIN (Resource temporarily unavailable)
3559009 accept4(3, {sa_family=AF_UNIX}, [120 => 2], SOCK_CLOEXEC|SOCK_NONBLOCK) = 5
3559277 recvfrom(5, 0x7f01b4051ce0, 1, 0, NULL, NULL) = -1 EAGAIN (Resource temporarily unavailable)
3559009 sendto(5, "live", 4, MSG_NOSIGNAL, NULL, 0) = 4
3559009 close(5)                        = 0
3559009 close(3)                        = 0
3559009 socket(AF_UNIX, SOCK_STREAM|SOCK_CLOEXEC|SOCK_NONBLOCK, 0) = 3
3559009 bind(3, {sa_family=AF_UNIX, sun_path="/tmp/wirestack-m8-003-peer-xfiq078k/wait-stream-close"}, 110) = 0
3559009 listen(3, 128)                  = 0
3559009 accept4(3, 0x55e5e07bcfc0, [120], SOCK_CLOEXEC|SOCK_NONBLOCK) = -1 EAGAIN (Resource temporarily unavailable)
3559009 accept4(3, {sa_family=AF_UNIX}, [120 => 2], SOCK_CLOEXEC|SOCK_NONBLOCK) = 5
3559277 recvfrom(5, 0x7f01b4051ce0, 1, 0, NULL, NULL) = -1 EAGAIN (Resource temporarily unavailable)
3559009 close(5)                        = 0
3559009 close(3)                        = 0
3559009 socket(AF_UNIX, SOCK_DGRAM|SOCK_CLOEXEC|SOCK_NONBLOCK, 0) = 3
3559009 bind(3, {sa_family=AF_UNIX, sun_path="/tmp/wirestack-m8-003-peer-xfiq078k/wait-cancel"}, 110) = 0
3559277 recvfrom(3, 0x7f01b4021440, 2, 0, 0x7f019c000e80, [120]) = -1 EAGAIN (Resource temporarily unavailable)
3559009 sendto(3, "live", 4, 0, {sa_family=AF_UNIX, sun_path="/tmp/wirestack-m8-003-peer-xfiq078k/peer-datagram"}, 110) = 4
3559009 close(3)                        = 0
3559009 socket(AF_UNIX, SOCK_DGRAM|SOCK_CLOEXEC|SOCK_NONBLOCK, 0) = 3
3559009 bind(3, {sa_family=AF_UNIX, sun_path="/tmp/wirestack-m8-003-peer-xfiq078k/wait-close"}, 110) = 0
3559277 recvfrom(3, 0x7f01b4021440, 2, 0, 0x7f019c000e80, [120]) = -1 EAGAIN (Resource temporarily unavailable)
3559009 close(3)                        = 0
3559008 +++ exited with 0 +++
3559007 +++ exited with 0 +++
3559006 +++ exited with 0 +++
3559005 +++ exited with 0 +++
3559009 close(4)                        = 0
3559009 +++ exited with 0 +++
3559010 +++ exited with 0 +++
3559277 +++ exited with 0 +++
3559004 +++ exited with 0 +++
