4167512 close(3)                        = 0
4167512 close(3)                        = 0
4167512 close(3)                        = 0
4167512 close(3)                        = 0
4167512 close(3)                        = 0
4167512 close(3)                        = 0
4167512 close(3)                        = 0
4167512 close(3)                        = 0
4167512 close(3)                        = 0
4167512 close(3)                        = 0
4167512 close(3)                        = 0
4167512 close(3)                        = 0
4167512 close(3)                        = 0
4167512 socket(AF_INET, SOCK_STREAM|SOCK_CLOEXEC|SOCK_NONBLOCK, IPPROTO_IP) = 3
4167512 socket(AF_INET, SOCK_DGRAM|SOCK_CLOEXEC|SOCK_NONBLOCK, IPPROTO_IP) = 5
4167512 accept4(3, 0x55720870cd80, [120], SOCK_CLOEXEC|SOCK_NONBLOCK) = -1 EAGAIN (Resource temporarily unavailable)
4167512 accept4(3, {sa_family=AF_INET, sin_port=htons(52226), sin_addr=inet_addr("127.0.0.1")}, [120 => 16], SOCK_CLOEXEC|SOCK_NONBLOCK) = 6
4167512 recvfrom(6, "\0\1\2\3\4\5\6\7\10\t\n\v\f\r\16\17\20\21\22\23\24\25\26\27\30\31\32\33\34\35\36\37"..., 16384, 0, NULL, NULL) = 16384
4167512 recvfrom(6, "EFGHIJKLMNOPQRSTUVWXYZ[\\]^_`abcd"..., 16384, 0, NULL, NULL) = 1994
4167512 recvfrom(6, "789:;<=>?@ABCDEFGHIJKLMNOPQRSTUV"..., 14390, 0, NULL, NULL) = 14390
4167512 sendto(6, "\0\1\2\3\4\5\6\7\10\t\n\v\f\r\16\17\20\21\22\23\24\25\26\27\30\31\32\33\34\35\36\37"..., 16384, MSG_NOSIGNAL, NULL, 0) = 16384
4167512 sendto(6, "EFGHIJKLMNOPQRSTUVWXYZ[\\]^_`abcd"..., 16384, MSG_NOSIGNAL, NULL, 0) = 16384
4167512 close(6)                        = 0
4167512 close(3)                        = 0
4167512 socket(AF_INET, SOCK_STREAM|SOCK_CLOEXEC|SOCK_NONBLOCK, IPPROTO_IP) = 3
4167512 sendto(3, "\0\1\2\3\4\5\6\7\10\t\n\v\f\r\16\17\20\21\22\23\24\25\26\27\30\31\32\33\34\35\36\37"..., 16384, MSG_NOSIGNAL, NULL, 0) = 16384
4167512 sendto(3, "EFGHIJKLMNOPQRSTUVWXYZ[\\]^_`abcd"..., 16384, MSG_NOSIGNAL, NULL, 0) = 16384
4167512 recvfrom(3, "\0\1\2\3\4\5\6\7\10\t\n\v\f\r\16\17\20\21\22\23\24\25\26\27\30\31\32\33\34\35\36\37"..., 16384, 0, NULL, NULL) = 16384
4167512 recvfrom(3, "EFGHIJKLMNOPQRSTUVWXYZ[\\]^_`abcd"..., 16384, 0, NULL, NULL) = 16384
4167512 recvfrom(3, "", 1, 0, NULL, NULL) = 0
4167512 sendto(3, "after", 5, MSG_NOSIGNAL, NULL, 0) = 5
4167512 close(3)                        = 0
4167512 recvfrom(5, 0x5572086eaff0, 5, 0, 0x55720870cd80, [120]) = -1 EAGAIN (Resource temporarily unavailable)
4167512 recvfrom(5, "", 5, 0, {sa_family=AF_INET, sin_port=htons(58886), sin_addr=inet_addr("127.0.0.1")}, [120 => 16]) = 0
4167512 recvfrom(5, "\1\2\3\4\5", 5, 0, {sa_family=AF_INET, sin_port=htons(58886), sin_addr=inet_addr("127.0.0.1")}, [120 => 16]) = 5
4167512 recvfrom(5, "\t\n\v\f", 5, 0, {sa_family=AF_INET, sin_port=htons(58886), sin_addr=inet_addr("127.0.0.1")}, [120 => 16]) = 4
4167512 sendto(5, "AB", 2, 0, {sa_family=AF_INET, sin_port=htons(58886), sin_addr=inet_addr("127.0.0.1")}, 16) = 2
4167512 recvfrom(5, 0x5572086eaff0, 5, 0, 0x55720870f0c0, [120]) = -1 EAGAIN (Resource temporarily unavailable)
4167512 recvfrom(5, "D", 5, 0, {sa_family=AF_INET, sin_port=htons(58886), sin_addr=inet_addr("127.0.0.1")}, [120 => 16]) = 1
4167512 sendto(5, "\0\1\2\3\4\5\6\7\10\t\n\v\f\r\16\17\20\21\22\23\24\25\26\27\30\31\32\33\34\35\36\37"..., 65507, 0, {sa_family=AF_INET, sin_port=htons(58886), sin_addr=inet_addr("127.0.0.1")}, 16) = 65507
4167512 recvfrom(5, "\0\1\2\3\4\5\6\7\10\t\n\v\f\r\16\17\20\21\22\23\24\25\26\27\30\31\32\33\34\35\36\37"..., 65508, 0, {sa_family=AF_INET, sin_port=htons(58886), sin_addr=inet_addr("127.0.0.1")}, [120 => 16]) = 65507
4167512 recvfrom(5, 0x5572086eaff0, 5, 0, 0x55720870f0c0, [120]) = -1 EAGAIN (Resource temporarily unavailable)
4167512 recvfrom(5, 0x5572086eaff0, 5, 0, 0x55720870f0c0, [120]) = -1 EAGAIN (Resource temporarily unavailable)
4167512 close(5)                        = 0
4167512 socket(AF_INET, SOCK_STREAM|SOCK_CLOEXEC|SOCK_NONBLOCK, IPPROTO_IP) = 3
4167512 socket(AF_INET, SOCK_DGRAM|SOCK_CLOEXEC|SOCK_NONBLOCK, IPPROTO_IP) = 5
4167512 close(5)                        = 0
4167512 close(3)                        = 0
4167512 socket(AF_INET, SOCK_STREAM|SOCK_CLOEXEC|SOCK_NONBLOCK, IPPROTO_IP) = 3
4167512 socket(AF_INET, SOCK_DGRAM|SOCK_CLOEXEC|SOCK_NONBLOCK, IPPROTO_IP) = 5
4167512 close(5)                        = 0
4167512 close(3)                        = 0
4167512 socket(AF_INET, SOCK_STREAM|SOCK_CLOEXEC|SOCK_NONBLOCK, IPPROTO_IP) = 3
4167512 socket(AF_INET, SOCK_DGRAM|SOCK_CLOEXEC|SOCK_NONBLOCK, IPPROTO_IP) = 5
4167512 close(5)                        = 0
4167512 close(3)                        = 0
4167512 socket(AF_INET, SOCK_STREAM|SOCK_CLOEXEC|SOCK_NONBLOCK, IPPROTO_IP) = 3
4167512 socket(AF_INET, SOCK_DGRAM|SOCK_CLOEXEC|SOCK_NONBLOCK, IPPROTO_IP) = 5
4167512 close(5)                        = 0
4167512 close(3)                        = 0
4167512 socket(AF_INET, SOCK_STREAM|SOCK_CLOEXEC|SOCK_NONBLOCK, IPPROTO_IP) = 3
4167512 socket(AF_INET, SOCK_DGRAM|SOCK_CLOEXEC|SOCK_NONBLOCK, IPPROTO_IP) = 5
4167512 close(5)                        = 0
4167512 close(3)                        = 0
4167512 socket(AF_INET, SOCK_STREAM|SOCK_CLOEXEC|SOCK_NONBLOCK, IPPROTO_IP) = 3
4167512 socket(AF_INET, SOCK_DGRAM|SOCK_CLOEXEC|SOCK_NONBLOCK, IPPROTO_IP) = 5
4167512 close(5)                        = 0
4167512 close(3)                        = 0
4167512 socket(AF_INET, SOCK_STREAM|SOCK_CLOEXEC|SOCK_NONBLOCK, IPPROTO_IP) = 3
4167512 socket(AF_INET, SOCK_DGRAM|SOCK_CLOEXEC|SOCK_NONBLOCK, IPPROTO_IP) = 5
4167512 close(5)                        = 0
4167512 close(3)                        = 0
4167512 socket(AF_INET, SOCK_STREAM|SOCK_CLOEXEC|SOCK_NONBLOCK, IPPROTO_IP) = 3
4167512 socket(AF_INET, SOCK_DGRAM|SOCK_CLOEXEC|SOCK_NONBLOCK, IPPROTO_IP) = 5
4167512 close(5)                        = 0
4167512 close(3)                        = 0
4167512 socket(AF_INET, SOCK_STREAM|SOCK_CLOEXEC|SOCK_NONBLOCK, IPPROTO_IP) = 3
4167512 socket(AF_INET, SOCK_DGRAM|SOCK_CLOEXEC|SOCK_NONBLOCK, IPPROTO_IP) = 5
4167512 close(5)                        = 0
4167512 close(3)                        = 0
4167512 socket(AF_INET, SOCK_STREAM|SOCK_CLOEXEC|SOCK_NONBLOCK, IPPROTO_IP) = 3
4167512 socket(AF_INET, SOCK_DGRAM|SOCK_CLOEXEC|SOCK_NONBLOCK, IPPROTO_IP) = 5
4167512 close(5)                        = 0
4167512 close(3)                        = 0
4167512 socket(AF_INET, SOCK_STREAM|SOCK_CLOEXEC|SOCK_NONBLOCK, IPPROTO_IP) = 3
4167512 socket(AF_INET, SOCK_DGRAM|SOCK_CLOEXEC|SOCK_NONBLOCK, IPPROTO_IP) = 5
4167512 close(5)                        = 0
4167512 close(3)                        = 0
4167512 socket(AF_INET, SOCK_STREAM|SOCK_CLOEXEC|SOCK_NONBLOCK, IPPROTO_IP) = 3
4167512 socket(AF_INET, SOCK_DGRAM|SOCK_CLOEXEC|SOCK_NONBLOCK, IPPROTO_IP) = 5
4167512 close(5)                        = 0
4167512 close(3)                        = 0
4167512 socket(AF_INET, SOCK_STREAM|SOCK_CLOEXEC|SOCK_NONBLOCK, IPPROTO_IP) = 3
4167512 socket(AF_INET, SOCK_DGRAM|SOCK_CLOEXEC|SOCK_NONBLOCK, IPPROTO_IP) = 5
4167512 close(5)                        = 0
4167512 close(3)                        = 0
4167512 socket(AF_INET, SOCK_STREAM|SOCK_CLOEXEC|SOCK_NONBLOCK, IPPROTO_IP) = 3
4167512 socket(AF_INET, SOCK_DGRAM|SOCK_CLOEXEC|SOCK_NONBLOCK, IPPROTO_IP) = 5
4167512 close(5)                        = 0
4167512 close(3)                        = 0
4167512 socket(AF_INET, SOCK_STREAM|SOCK_CLOEXEC|SOCK_NONBLOCK, IPPROTO_IP) = 3
4167512 socket(AF_INET, SOCK_DGRAM|SOCK_CLOEXEC|SOCK_NONBLOCK, IPPROTO_IP) = 5
4167512 close(5)                        = 0
4167512 close(3)                        = 0
4167512 socket(AF_INET, SOCK_STREAM|SOCK_CLOEXEC|SOCK_NONBLOCK, IPPROTO_IP) = 3
4167512 socket(AF_INET, SOCK_DGRAM|SOCK_CLOEXEC|SOCK_NONBLOCK, IPPROTO_IP) = 5
4167512 close(5)                        = 0
4167512 close(3)                        = 0
4167512 socket(AF_INET, SOCK_STREAM|SOCK_CLOEXEC|SOCK_NONBLOCK, IPPROTO_IP) = 3
4167512 socket(AF_INET, SOCK_DGRAM|SOCK_CLOEXEC|SOCK_NONBLOCK, IPPROTO_IP) = 5
4167512 close(5)                        = 0
4167512 close(3)                        = 0
4167512 socket(AF_INET, SOCK_STREAM|SOCK_CLOEXEC|SOCK_NONBLOCK, IPPROTO_IP) = 3
4167512 socket(AF_INET, SOCK_DGRAM|SOCK_CLOEXEC|SOCK_NONBLOCK, IPPROTO_IP) = 5
4167512 close(5)                        = 0
4167512 close(3)                        = 0
4167512 socket(AF_INET, SOCK_STREAM|SOCK_CLOEXEC|SOCK_NONBLOCK, IPPROTO_IP) = 3
4167512 socket(AF_INET, SOCK_DGRAM|SOCK_CLOEXEC|SOCK_NONBLOCK, IPPROTO_IP) = 5
4167512 close(5)                        = 0
4167512 close(3)                        = 0
4167512 socket(AF_INET, SOCK_STREAM|SOCK_CLOEXEC|SOCK_NONBLOCK, IPPROTO_IP) = 3
4167512 socket(AF_INET, SOCK_DGRAM|SOCK_CLOEXEC|SOCK_NONBLOCK, IPPROTO_IP) = 5
4167512 close(5)                        = 0
4167512 close(3)                        = 0
4167512 socket(AF_INET, SOCK_STREAM|SOCK_CLOEXEC|SOCK_NONBLOCK, IPPROTO_IP) = 3
4167512 socket(AF_INET, SOCK_DGRAM|SOCK_CLOEXEC|SOCK_NONBLOCK, IPPROTO_IP) = 5
4167512 close(5)                        = 0
4167512 close(3)                        = 0
4167512 socket(AF_INET, SOCK_STREAM|SOCK_CLOEXEC|SOCK_NONBLOCK, IPPROTO_IP) = 3
4167512 socket(AF_INET, SOCK_DGRAM|SOCK_CLOEXEC|SOCK_NONBLOCK, IPPROTO_IP) = 5
4167512 close(5)                        = 0
4167512 close(3)                        = 0
4167512 socket(AF_INET, SOCK_STREAM|SOCK_CLOEXEC|SOCK_NONBLOCK, IPPROTO_IP) = 3
4167512 socket(AF_INET, SOCK_DGRAM|SOCK_CLOEXEC|SOCK_NONBLOCK, IPPROTO_IP) = 5
4167512 close(5)                        = 0
4167512 close(3)                        = 0
4167512 socket(AF_INET, SOCK_STREAM|SOCK_CLOEXEC|SOCK_NONBLOCK, IPPROTO_IP) = 3
4167512 socket(AF_INET, SOCK_DGRAM|SOCK_CLOEXEC|SOCK_NONBLOCK, IPPROTO_IP) = 5
4167512 close(5)                        = 0
4167512 close(3)                        = 0
4167512 socket(AF_INET, SOCK_STREAM|SOCK_CLOEXEC|SOCK_NONBLOCK, IPPROTO_IP) = 3
4167512 socket(AF_INET, SOCK_DGRAM|SOCK_CLOEXEC|SOCK_NONBLOCK, IPPROTO_IP) = 5
4167512 close(5)                        = 0
4167512 close(3)                        = 0
4167512 socket(AF_INET, SOCK_STREAM|SOCK_CLOEXEC|SOCK_NONBLOCK, IPPROTO_IP) = 3
4167512 socket(AF_INET, SOCK_DGRAM|SOCK_CLOEXEC|SOCK_NONBLOCK, IPPROTO_IP) = 5
4167512 close(5)                        = 0
4167512 close(3)                        = 0
4167512 socket(AF_INET, SOCK_STREAM|SOCK_CLOEXEC|SOCK_NONBLOCK, IPPROTO_IP) = 3
4167512 socket(AF_INET, SOCK_DGRAM|SOCK_CLOEXEC|SOCK_NONBLOCK, IPPROTO_IP) = 5
4167512 close(5)                        = 0
4167512 close(3)                        = 0
4167512 socket(AF_INET, SOCK_STREAM|SOCK_CLOEXEC|SOCK_NONBLOCK, IPPROTO_IP) = 3
4167512 socket(AF_INET, SOCK_DGRAM|SOCK_CLOEXEC|SOCK_NONBLOCK, IPPROTO_IP) = 5
4167512 close(5)                        = 0
4167512 close(3)                        = 0
4167512 socket(AF_INET, SOCK_STREAM|SOCK_CLOEXEC|SOCK_NONBLOCK, IPPROTO_IP) = 3
4167512 socket(AF_INET, SOCK_DGRAM|SOCK_CLOEXEC|SOCK_NONBLOCK, IPPROTO_IP) = 5
4167512 close(5)                        = 0
4167512 close(3)                        = 0
4167512 socket(AF_INET, SOCK_STREAM|SOCK_CLOEXEC|SOCK_NONBLOCK, IPPROTO_IP) = 3
4167512 socket(AF_INET, SOCK_DGRAM|SOCK_CLOEXEC|SOCK_NONBLOCK, IPPROTO_IP) = 5
4167512 close(5)                        = 0
4167512 close(3)                        = 0
4167512 socket(AF_INET, SOCK_STREAM|SOCK_CLOEXEC|SOCK_NONBLOCK, IPPROTO_IP) = 3
4167512 socket(AF_INET, SOCK_DGRAM|SOCK_CLOEXEC|SOCK_NONBLOCK, IPPROTO_IP) = 5
4167512 close(5)                        = 0
4167512 close(3)                        = 0
4167512 socket(AF_INET, SOCK_STREAM|SOCK_CLOEXEC|SOCK_NONBLOCK, IPPROTO_IP) = 3
4167512 socket(AF_INET, SOCK_DGRAM|SOCK_CLOEXEC|SOCK_NONBLOCK, IPPROTO_IP) = 5
4167512 close(5)                        = 0
4167512 close(3)                        = 0
4167512 socket(AF_INET, SOCK_STREAM|SOCK_CLOEXEC|SOCK_NONBLOCK, IPPROTO_IP) = 3
4167512 socket(AF_INET, SOCK_DGRAM|SOCK_CLOEXEC|SOCK_NONBLOCK, IPPROTO_IP) = 5
4167512 close(5)                        = 0
4167512 close(3)                        = 0
4167512 socket(AF_INET, SOCK_STREAM|SOCK_CLOEXEC|SOCK_NONBLOCK, IPPROTO_IP) = 3
4167512 socket(AF_INET, SOCK_DGRAM|SOCK_CLOEXEC|SOCK_NONBLOCK, IPPROTO_IP) = 5
4167512 close(5)                        = 0
4167512 close(3)                        = 0
4167512 socket(AF_INET, SOCK_STREAM|SOCK_CLOEXEC|SOCK_NONBLOCK, IPPROTO_IP) = 3
4167512 socket(AF_INET, SOCK_DGRAM|SOCK_CLOEXEC|SOCK_NONBLOCK, IPPROTO_IP) = 5
4167512 close(5)                        = 0
4167512 close(3)                        = 0
4167512 socket(AF_INET, SOCK_STREAM|SOCK_CLOEXEC|SOCK_NONBLOCK, IPPROTO_IP) = 3
4167512 socket(AF_INET, SOCK_DGRAM|SOCK_CLOEXEC|SOCK_NONBLOCK, IPPROTO_IP) = 5
4167512 close(5)                        = 0
4167512 close(3)                        = 0
4167512 socket(AF_INET, SOCK_STREAM|SOCK_CLOEXEC|SOCK_NONBLOCK, IPPROTO_IP) = 3
4167512 socket(AF_INET, SOCK_DGRAM|SOCK_CLOEXEC|SOCK_NONBLOCK, IPPROTO_IP) = 5
4167512 close(5)                        = 0
4167512 close(3)                        = 0
4167512 socket(AF_INET, SOCK_STREAM|SOCK_CLOEXEC|SOCK_NONBLOCK, IPPROTO_IP) = 3
4167512 socket(AF_INET, SOCK_DGRAM|SOCK_CLOEXEC|SOCK_NONBLOCK, IPPROTO_IP) = 5
4167512 close(5)                        = 0
4167512 close(3)                        = 0
4167512 socket(AF_INET, SOCK_STREAM|SOCK_CLOEXEC|SOCK_NONBLOCK, IPPROTO_IP) = 3
4167512 socket(AF_INET, SOCK_DGRAM|SOCK_CLOEXEC|SOCK_NONBLOCK, IPPROTO_IP) = 5
4167512 close(5)                        = 0
4167512 close(3)                        = 0
4167512 socket(AF_INET, SOCK_STREAM|SOCK_CLOEXEC|SOCK_NONBLOCK, IPPROTO_IP) = 3
4167512 socket(AF_INET, SOCK_DGRAM|SOCK_CLOEXEC|SOCK_NONBLOCK, IPPROTO_IP) = 5
4167512 close(5)                        = 0
4167512 close(3)                        = 0
4167512 socket(AF_INET, SOCK_STREAM|SOCK_CLOEXEC|SOCK_NONBLOCK, IPPROTO_IP) = 3
4167512 socket(AF_INET, SOCK_DGRAM|SOCK_CLOEXEC|SOCK_NONBLOCK, IPPROTO_IP) = 5
4167512 close(5)                        = 0
4167512 close(3)                        = 0
4167512 socket(AF_INET, SOCK_STREAM|SOCK_CLOEXEC|SOCK_NONBLOCK, IPPROTO_IP) = 3
4167512 socket(AF_INET, SOCK_DGRAM|SOCK_CLOEXEC|SOCK_NONBLOCK, IPPROTO_IP) = 5
4167512 close(5)                        = 0
4167512 close(3)                        = 0
4167512 socket(AF_INET, SOCK_STREAM|SOCK_CLOEXEC|SOCK_NONBLOCK, IPPROTO_IP) = 3
4167512 socket(AF_INET, SOCK_DGRAM|SOCK_CLOEXEC|SOCK_NONBLOCK, IPPROTO_IP) = 5
4167512 close(5)                        = 0
4167512 close(3)                        = 0
4167512 socket(AF_INET, SOCK_STREAM|SOCK_CLOEXEC|SOCK_NONBLOCK, IPPROTO_IP) = 3
4167512 socket(AF_INET, SOCK_DGRAM|SOCK_CLOEXEC|SOCK_NONBLOCK, IPPROTO_IP) = 5
4167512 close(5)                        = 0
4167512 close(3)                        = 0
4167512 socket(AF_INET, SOCK_STREAM|SOCK_CLOEXEC|SOCK_NONBLOCK, IPPROTO_IP) = 3
4167512 socket(AF_INET, SOCK_DGRAM|SOCK_CLOEXEC|SOCK_NONBLOCK, IPPROTO_IP) = 5
4167512 close(5)                        = 0
4167512 close(3)                        = 0
4167512 socket(AF_INET, SOCK_STREAM|SOCK_CLOEXEC|SOCK_NONBLOCK, IPPROTO_IP) = 3
4167512 socket(AF_INET, SOCK_DGRAM|SOCK_CLOEXEC|SOCK_NONBLOCK, IPPROTO_IP) = 5
4167512 close(5)                        = 0
4167512 close(3)                        = 0
4167512 socket(AF_INET, SOCK_STREAM|SOCK_CLOEXEC|SOCK_NONBLOCK, IPPROTO_IP) = 3
4167512 socket(AF_INET, SOCK_DGRAM|SOCK_CLOEXEC|SOCK_NONBLOCK, IPPROTO_IP) = 5
4167512 close(5)                        = 0
4167512 close(3)                        = 0
4167512 socket(AF_INET, SOCK_STREAM|SOCK_CLOEXEC|SOCK_NONBLOCK, IPPROTO_IP) = 3
4167512 socket(AF_INET, SOCK_DGRAM|SOCK_CLOEXEC|SOCK_NONBLOCK, IPPROTO_IP) = 5
4167512 close(5)                        = 0
4167512 close(3)                        = 0
4167512 socket(AF_INET, SOCK_STREAM|SOCK_CLOEXEC|SOCK_NONBLOCK, IPPROTO_IP) = 3
4167512 socket(AF_INET, SOCK_DGRAM|SOCK_CLOEXEC|SOCK_NONBLOCK, IPPROTO_IP) = 5
4167512 close(5)                        = 0
4167512 close(3)                        = 0
4167512 socket(AF_INET, SOCK_STREAM|SOCK_CLOEXEC|SOCK_NONBLOCK, IPPROTO_IP) = 3
4167512 socket(AF_INET, SOCK_DGRAM|SOCK_CLOEXEC|SOCK_NONBLOCK, IPPROTO_IP) = 5
4167512 close(5)                        = 0
4167512 close(3)                        = 0
4167512 socket(AF_INET, SOCK_STREAM|SOCK_CLOEXEC|SOCK_NONBLOCK, IPPROTO_IP) = 3
4167512 socket(AF_INET, SOCK_DGRAM|SOCK_CLOEXEC|SOCK_NONBLOCK, IPPROTO_IP) = 5
4167512 close(5)                        = 0
4167512 close(3)                        = 0
4167512 socket(AF_INET, SOCK_STREAM|SOCK_CLOEXEC|SOCK_NONBLOCK, IPPROTO_IP) = 3
4167512 socket(AF_INET, SOCK_DGRAM|SOCK_CLOEXEC|SOCK_NONBLOCK, IPPROTO_IP) = 5
4167512 close(5)                        = 0
4167512 close(3)                        = 0
4167512 socket(AF_INET, SOCK_STREAM|SOCK_CLOEXEC|SOCK_NONBLOCK, IPPROTO_IP) = 3
4167512 socket(AF_INET, SOCK_DGRAM|SOCK_CLOEXEC|SOCK_NONBLOCK, IPPROTO_IP) = 5
4167512 close(5)                        = 0
4167512 close(3)                        = 0
4167512 socket(AF_INET, SOCK_STREAM|SOCK_CLOEXEC|SOCK_NONBLOCK, IPPROTO_IP) = 3
4167512 socket(AF_INET, SOCK_DGRAM|SOCK_CLOEXEC|SOCK_NONBLOCK, IPPROTO_IP) = 5
4167512 close(5)                        = 0
4167512 close(3)                        = 0
4167512 socket(AF_INET, SOCK_STREAM|SOCK_CLOEXEC|SOCK_NONBLOCK, IPPROTO_IP) = 3
4167512 socket(AF_INET, SOCK_DGRAM|SOCK_CLOEXEC|SOCK_NONBLOCK, IPPROTO_IP) = 5
4167512 close(5)                        = 0
4167512 close(3)                        = 0
4167512 socket(AF_INET, SOCK_STREAM|SOCK_CLOEXEC|SOCK_NONBLOCK, IPPROTO_IP) = 3
4167512 socket(AF_INET, SOCK_DGRAM|SOCK_CLOEXEC|SOCK_NONBLOCK, IPPROTO_IP) = 5
4167512 close(5)                        = 0
4167512 close(3)                        = 0
4167512 socket(AF_INET, SOCK_STREAM|SOCK_CLOEXEC|SOCK_NONBLOCK, IPPROTO_IP) = 3
4167512 socket(AF_INET, SOCK_DGRAM|SOCK_CLOEXEC|SOCK_NONBLOCK, IPPROTO_IP) = 5
4167512 close(5)                        = 0
4167512 close(3)                        = 0
4167512 socket(AF_INET, SOCK_STREAM|SOCK_CLOEXEC|SOCK_NONBLOCK, IPPROTO_IP) = 3
4167512 socket(AF_INET, SOCK_DGRAM|SOCK_CLOEXEC|SOCK_NONBLOCK, IPPROTO_IP) = 5
4167512 close(5)                        = 0
4167512 close(3)                        = 0
4167512 socket(AF_INET, SOCK_STREAM|SOCK_CLOEXEC|SOCK_NONBLOCK, IPPROTO_IP) = 3
4167512 socket(AF_INET, SOCK_DGRAM|SOCK_CLOEXEC|SOCK_NONBLOCK, IPPROTO_IP) = 5
4167512 close(5)                        = 0
4167512 close(3)                        = 0
4167512 socket(AF_INET, SOCK_STREAM|SOCK_CLOEXEC|SOCK_NONBLOCK, IPPROTO_IP) = 3
4167512 socket(AF_INET, SOCK_DGRAM|SOCK_CLOEXEC|SOCK_NONBLOCK, IPPROTO_IP) = 5
4167512 close(5)                        = 0
4167512 close(3)                        = 0
4167512 socket(AF_INET, SOCK_STREAM|SOCK_CLOEXEC|SOCK_NONBLOCK, IPPROTO_IP) = 3
4167512 socket(AF_INET, SOCK_DGRAM|SOCK_CLOEXEC|SOCK_NONBLOCK, IPPROTO_IP) = 5
4167512 close(5)                        = 0
4167512 close(3)                        = 0
4167512 socket(AF_INET, SOCK_STREAM|SOCK_CLOEXEC|SOCK_NONBLOCK, IPPROTO_IP) = 3
4167512 socket(AF_INET, SOCK_DGRAM|SOCK_CLOEXEC|SOCK_NONBLOCK, IPPROTO_IP) = 5
4167512 close(5)                        = 0
4167512 close(3)                        = 0
4167512 socket(AF_INET, SOCK_STREAM|SOCK_CLOEXEC|SOCK_NONBLOCK, IPPROTO_IP) = 3
4167512 socket(AF_INET, SOCK_DGRAM|SOCK_CLOEXEC|SOCK_NONBLOCK, IPPROTO_IP) = 5
4167512 close(5)                        = 0
4167512 close(3)                        = 0
4167512 socket(AF_INET, SOCK_STREAM|SOCK_CLOEXEC|SOCK_NONBLOCK, IPPROTO_IP) = 3
4167512 socket(AF_INET, SOCK_DGRAM|SOCK_CLOEXEC|SOCK_NONBLOCK, IPPROTO_IP) = 5
4167512 close(5)                        = 0
4167512 close(3)                        = 0
4167512 socket(AF_INET, SOCK_DGRAM|SOCK_CLOEXEC|SOCK_NONBLOCK, IPPROTO_IP) = 3
4167535 recvfrom(3, 0x557208710d50, 2, 0, 0x7f4cdc0212f0, [120]) = -1 EAGAIN (Resource temporarily unavailable)
4167512 sendto(3, "live", 4, 0, {sa_family=AF_INET, sin_port=htons(58886), sin_addr=inet_addr("127.0.0.1")}, 16) = 4
4167535 close(3)                        = 0
4167535 socket(AF_INET, SOCK_DGRAM|SOCK_CLOEXEC|SOCK_NONBLOCK, IPPROTO_IP) = 3
4167586 recvfrom(3, 0x7f4cdc023470, 2, 0, 0x7f4ce0000980, [120]) = -1 EAGAIN (Resource temporarily unavailable)
4167535 close(3)                        = 0
4167533 +++ exited with 0 +++
4167517 +++ exited with 0 +++
4167516 +++ exited with 0 +++
4167515 +++ exited with 0 +++
4167535 close(4)                        = 0
4167586 +++ exited with 0 +++
4167535 +++ exited with 0 +++
4167512 +++ exited with 0 +++
