M7-022 Linux release soak: FAIL: SOAK_ALREADY_RUNNING: another invocation is active
M0-016 validation: PASS
architecture guard: PASS
{"artifacts": {"api": "docs/api/generated/api-surface.json", "coverage": "docs/api/generated/coverage.json", "docs": "docs/api/generated/docs.json", "markdown": "docs/api/generated/markdown"}, "cjdoc": {"path": "/home/elliot/playground/Wirestack-pr-worktrees/M8-004-recovery-tools/cjdoc/bin/cjdoc", "version": "0.7.2"}, "combined": {"apiEntries": 1443, "apiSha256": "7e1d3132d21ef1b2b3b3dba705320d06ee99006582f4b960f9ab63c2361de360", "coverage": {"parameters": {"documented": 689, "percent": 100, "total": 689}, "symbols": {"documented": 1443, "percent": 100, "total": 1443}}, "coverageSha256": "eb40c0dff77ae8e69a252f05d5b64771a1485b66a58058f7e66756898ff279d4", "declarations": 2407, "docsSha256": "ae0fd4aedb087a9a803489c1b59717b852e7cf90eb3fb30a02003575203f9e74", "markdownSha256": "988b54088600cbe0a4c63d442b309d59a3f11ecb93cf3db6b5ced6bd4f632518", "package": "combined", "status": "PASS"}, "commands": [{"kind": "check", "package": "wirestack", "returncode": 0, "status": "PASS", "stderr": "documentation coverage: symbols 646/646 (100%), parameters 253/253 (100%)\n", "stderr_truncated": false, "stdout": "", "stdout_truncated": false}, {"kind": "generate", "package": "wirestack", "returncode": 0, "status": "PASS", "stderr": "", "stderr_truncated": false, "stdout": "generated /tmp/wirestack-m7-033-is1lejca/wirestack/output\n", "stdout_truncated": false}, {"kind": "check", "package": "wirestack.http", "returncode": 0, "status": "PASS", "stderr": "documentation coverage: symbols 1048/1048 (100%), parameters 473/473 (100%)\n", "stderr_truncated": false, "stdout": "", "stdout_truncated": false}, {"kind": "generate", "package": "wirestack.http", "returncode": 0, "status": "PASS", "stderr": "", "stderr_truncated": false, "stdout": "generated /tmp/wirestack-m7-033-is1lejca/wirestack-http/output\n", "stdout_truncated": false}, {"kind": "check", "package": "wirestack.tls", "returncode": 0, "status": "PASS", "stderr": "documentation coverage: symbols 800/800 (100%), parameters 298/298 (100%)\n", "stderr_truncated": false, "stdout": "", "stdout_truncated": false}, {"kind": "generate", "package": "wirestack.tls", "returncode": 0, "status": "PASS", "stderr": "", "stderr_truncated": false, "stdout": "generated /tmp/wirestack-m7-033-is1lejca/wirestack-tls/output\n", "stdout_truncated": false}, {"kind": "check", "package": "wirestack.net", "returncode": 0, "status": "PASS", "stderr": "documentation coverage: symbols 887/887 (100%), parameters 424/424 (100%)\n", "stderr_truncated": false, "stdout": "", "stdout_truncated": false}, {"kind": "generate", "package": "wirestack.net", "returncode": 0, "status": "PASS", "stderr": "", "stderr_truncated": false, "stdout": "generated /tmp/wirestack-m7-033-is1lejca/wirestack-net/output\n", "stdout_truncated": false}, {"kind": "check", "package": "combined", "returncode": 0, "status": "PASS", "stderr": "documentation coverage: symbols 1443/1443 (100%), parameters 689/689 (100%)\n", "stderr_truncated": false, "stdout": "", "stdout_truncated": false}, {"kind": "generate", "package": "combined", "returncode": 0, "status": "PASS", "stderr": "", "stderr_truncated": false, "stdout": "generated /tmp/wirestack-m7-033-is1lejca/combined/output\n", "stdout_truncated": false}], "expectedCjdoc": "0.7.2", "generatedAtUtc": "2026-09-13T18:35:07.097351Z", "issues": [], "layers": [{"apiEntries": 646, "apiSha256": "69378f9dd90fca54576bed883abea3d309535b09546b422ee5dd93737fd72374", "coverage": {"parameters": {"documented": 253, "percent": 100, "total": 253}, "symbols": {"documented": 646, "percent": 100, "total": 646}}, "coverageSha256": "38c008ed140aa4cc6fb436c854610699a0c9ea71cd233ec71d7ca12b63fdbc28", "declarations": 789, "docsSha256": "66eec7d03245ce99b8a0821a39e9765bc8030cd5cc8c00e68392f6372155f79b", "markdownSha256": "3055a19762b460c1f977ca0ed29a1154c7af8cda9d232351ef2bba0e2b409b45", "package": "wirestack", "status": "PASS"}, {"apiEntries": 1048, "apiSha256": "79421833f69c509b6805251a5f20a48b7216faf94b5c397f2a0942a9aff37a59", "coverage": {"parameters": {"documented": 473, "percent": 100, "total": 473}, "symbols": {"documented": 1048, "percent": 100, "total": 1048}}, "coverageSha256": "f322c080ee70a400b3807aa26879ce64b9357d927cd342af6460e2ae50f46ca7", "declarations": 1713, "docsSha256": "263af1a9d2acc760f0ff54bac7cfbe960743417f4efbe677775584034e2595e4", "markdownSha256": "b90982339ea708b7f7715aac927745b2581b6855195119690f6e0f5582139392", "package": "wirestack.http", "status": "PASS"}, {"apiEntries": 800, "apiSha256": "4afa53d04ea7a23f835be0261fb852cfff645148731570fcdacce8972fc652c8", "coverage": {"parameters": {"documented": 298, "percent": 100, "total": 298}, "symbols": {"documented": 800, "percent": 100, "total": 800}}, "coverageSha256": "1277bdbb3a54bcd4f2263c20a0420046ff2d7e320970035eba67c2f04d457eb6", "declarations": 971, "docsSha256": "a4b6b2eb2fbc3e98cd30ab4aa1701326c79dc4a501a2eb701a96e824ec48feca", "markdownSha256": "f11ae8b6080dd249c5c33562a00732f7bbd35c67e423c0bcfc39ae9935b07646", "package": "wirestack.tls", "status": "PASS"}, {"apiEntries": 887, "apiSha256": "4455b181ac56385d5a90c87e89d00a79c1a6cba4c1be65477590546af59c590f", "coverage": {"parameters": {"documented": 424, "percent": 100, "total": 424}, "symbols": {"documented": 887, "percent": 100, "total": 887}}, "coverageSha256": "28526d2cdda06c477c23509da56bd0cbbabbb346afe9afe5e03fcaefe2a4cdf2", "declarations": 1301, "docsSha256": "ba853352adfb121b5bbacf1c8f0ff93e7f778df3e328e1332484b59cab690f67", "markdownSha256": "c665cef542630b9fbda37c53b17bfede25aa487c50b010430c1047257d4e1bfe", "package": "wirestack.net", "status": "PASS"}], "platform": {"libc": "glibc", "machine": "x86_64", "system": "Linux"}, "schemaVersion": 1, "sourceSha256": {"src/byte_span.cj": "4b38c6d184e172a56f0c39308294cbd2485ff683aba4f27028abe07c2b4661c4", "src/cancellation.cj": "c023b65acab9740096dc1ec9a770cf59d7361b2fec3dcdeebb3cc6033d78034d", "src/common.cj": "7a6d9bf1bd56bb9c5209152b2482dee044027f8d348233dcd6cc7b87d1c866e3", "src/deadline.cj": "15c5fd0c7f2dcfb4be7150359990c7c35cde11aa3332f80a9efe9f79e431a7c4", "src/hostname_verifier.cj": "a0d06b89cf163b91339e5690bf1d15d8e94bd4912c2792b35e0cdd09d4e34989", "src/http/cancellation.cj": "8ff94be6a771af4c56dab7dc982fca0a16e6df1da4d1a14303dfc179f9225537", "src/http/client.cj": "97131a36c964f68cbc6697a87a4fd5fe81a5a0d146dee3355b4386a47f97c628", "src/http/cookie.cj": "95e912b05ffb19a0604b0acf97867062b297d86e1578ed2bee2f4edb5f6bd78c", "src/http/duplex.cj": "e81f52f4efbc0b728a1891d67bc0f3a6292af471d16d992b65e2055e44ffac24", "src/http/error.cj": "d88c54a157e02063ab4048c197631daba3642a9618672841e4b98d3a25d275ad", "src/http/file_handler.cj": "2706ddeadba5c448a9bdf9ed1b604d5fe56c527b001d28ecb3b558b93728df74", "src/http/hooks.cj": "0b6016a645fd69bbb8743e5abfed22b4c325286a450587b4ff87b722ef04f2ed", "src/http/multipart.cj": "506c82b691fa280fc147fa7d6f73aa5ed7b1045f5fa1122bd7c667a62aead36e", "src/http/package.cj": "edae278034e8047e77649badec506b86ff2e6f3fc530d3eaf68394f77ff43ca0", "src/http/proxy.cj": "9576c9b153192c93943911557e8cce25f567e5ad0357074189437cc17af6fe1d", "src/http/redirect.cj": "e7e9f07fa0bb79299e46c1320b32daf238e702b66fcb8e1368439723d74d96b4", "src/http/resolver.cj": "8c44e5ff6961122d6483c22546a26dab02e8414b88d5e18b954ddcf0b3ff29e4", "src/http/retry.cj": "e889370833f2d5b7df07d4cd13aa3068ab6262e1c2252728cbcc99c788b4199b", "src/http/server.cj": "52ede5995cf2b5ac64948b36334eadd9782cdcaa26e4c2bf3914a85e25cdb529", "src/http/tls.cj": "b232989ad8c4e73d4480dcae4ce40aae55fbedf9ce13b5922cc61b8a6e8a1e62", "src/http/upgrade.cj": "3bf29c0ad5b9fd19f5b2d994d36abcf76cbcc7d22d46c18991378aab705e0f73", "src/http/websocket.cj": "1eafd0d9f728592adea31d4397a8173c98d6ad3551ab4ed84d3b77623b787ba7", "src/http/websocket_handshake.cj": "db5d899be8d22022db1e7aed502ad36c3cc5e52d6dbae8dce53112f797276d59", "src/http_body.cj": "49b72ad2517213133eb693a190061050b655edb02df01eaa414db216c60fc4fe", "src/http_contract.cj": "39d7fe3885f50211393d9e03dc478b7370566bf7b7b3d3f20d0a5d3de3dc9259", "src/http_message.cj": "4033d25f42135e43f498f11d2b459512dcb7c45bce6e91efaa85b18a053e8ef1", "src/http_model.cj": "993ad73017a4da224b98f851e1e39d46fe6016502044b934f7ab191fb0da5a8c", "src/http_push.cj": "5dde5a1ff4cee87c947c1867e56fe0e7b9d2a38e2ca91a597f5a8deb4c2fc20f", "src/http_url.cj": "074cc811771e49030292b278252947af9f29476f67e9fd53f6a82ac473690955", "src/net/datagram_socket_core.cj": "2095e7d3a02c805c3018badf7045b0d76a42a56e101a2e08867f32b676c34ae6", "src/net/dns_client.cj": "a63095f98489b93b83f76cebc878678391d338f9080e15cf2ea7277ff6562622", "src/net/dns_resolver.cj": "65b410bda4ed26d315848f68bdd70b432101153b12e3c5d6dcccd8bea14ec183", "src/net/dns_wire.cj": "08b6bfb5fb7b46502a2a897f44a251765947359408398bcb93442504de28bde0", "src/net/package.cj": "05ee39721856fab3dc82dc4a83baaa0adfd9bb8af4fb38e0af41d4f5cb4430cc", "src/net/tcp_listener.cj": "7735311cd3aa657a3be9a37216cb5a1b404854932ab66480ea78b9f42a2b2b1f", "src/net/udp_socket.cj": "a59cba97d797a3800338f6a8594bfcd0f93456fc926421b2f9bce81149c9546b", "src/net/unix_datagram_socket.cj": "7447856c277d45d943087e3285fd0ade950cf7047fbf232052e1cd9d0a730511", "src/net/unix_listener.cj": "aa964800977f95ff67a6351a91c16d950324bbe0c50d7b01c5f1484f06e01967", "src/net/unix_stream.cj": "399aeac5d19f6457e2342fd7b1af3a76943f00db50a21c1474bed3b3141acb8b", "src/network_error.cj": "4e272f9b9887804f0de87ec032d442a69b49803da66bffa005b7f0282aadc5e5", "src/network_event.cj": "55d93c151752e76c80c441e4bfc639f7d6da77e89ed582bae2ba6a43cdcc3084", "src/operation_context.cj": "523a1c1efaab2f3e6ba0755386460ea504a2caa8ef1453a18134f950c6e1234d", "src/package.cj": "f9035aacfa24f06fe88eda3f16a5cbcf5dbf482b2d86776ea27e09e4861e93d7", "src/private_key_contract.cj": "cb03bb9badc0552c2ac66dbb6bf4842559b5ea17b2aa77284e817a78d63c6e84", "src/resolver.cj": "7b2129a0e3fd4be72ad2dd6adaf0053d5de23a08214157c931d38d7627154b23", "src/tls/facade.cj": "7cdea5920f34d68eb670f0ac701bc9003eb9a0b1823d7c27ccc5d2941692bccd", "src/tls/identity.cj": "763b6b5f60e3afaed998a21ea7d1ca2f7db8d016255e670cab5fb96c2dfbd714", "src/tls/package.cj": "dd45ea5dbcb3846376a1621faf38bdf31e4509e99efb2fbe36b4a9bdb1f3c819", "src/tls_contract.cj": "e8d453029bd16914b5f3c7c3b4b44a5e2e16b69233a27f8b06c633b056a54267", "src/transport.cj": "6781aa3bf538523e02c4807eebff7ac37a773e5dc9bdb427e6a56ace3a0b7033", "src/trust.cj": "f64b49d84a58e034e3976089211f7b645b42e5bc51dbc353f2e0bcec14d17aba"}, "status": "PASS", "targetCfg": {"arch": "x86_64", "env": "gnu", "os": "Linux"}, "taskId": "M7-033"}
The valid serial compilation order is:
    wirestack -> wirestack.internal -> wirestack.internal.identity -> wirestack.internal.platform -> wirestack.internal.platform.android -> wirestack.internal.platform.apple -> wirestack.internal.platform.harmony -> wirestack.internal.platform.linux -> wirestack.internal.platform.windows -> wirestack.internal.common -> wirestack.internal.http_files -> wirestack.internal.http_model -> wirestack.internal.transport -> wirestack.internal.trust -> wirestack.internal.http2 -> wirestack.internal.resolver -> wirestack.internal.tls_engine -> wirestack.internal.connector -> wirestack.tls -> wirestack.internal.http1 -> wirestack.internal.transport_stdnet -> wirestack.net -> wirestack.http
cjpm check success
cjpm build success
--------------------------------------------------------------------------------------------------
TP: wirestack.internal.http2, time elapsed: 3059049798 ns, RESULT:
    TCS: Http2ClientConnectionTest, time elapsed: 22012153 ns, RESULT:
    [ PASSED ] CASE: encodedHeaderFailureClosesTheConnection (1236401 ns)
    [ PASSED ] CASE: tenConcurrentRequestsShareOneConnectionAndMapOutOfOrderResponses (2066969 ns)
    [ PASSED ] CASE: claimedStreamsPublishInitialHeadersInStreamIdOrder (2578422 ns)
    [ PASSED ] CASE: cancelledUnpublishedStreamDoesNotBlockNextClaim (1713140 ns)
    [ PASSED ] CASE: declaredLengthDoesNotReleaseStreamBeforeWireEndStream (645620 ns)
    [ PASSED ] CASE: streamsRequestBodyThroughFlowControlledDataAndEndsLocallyOnce (1504569 ns)
    [ PASSED ] CASE: peerResetFailsOnlyItsStreamAndConnectionRemainsUsable (2140987 ns)
    [ PASSED ] CASE: peerGoAwayDrainsConnectionWithoutFailingAcceptedStream (759050 ns)
    [ PASSED ] CASE: connectedStreamOutlivesHandshakeCancellationAndUsesOperationContexts (2179635 ns)
    [ PASSED ] CASE: rejectedConnectReturnsFullResponseAndClosesRequestDirection (2017967 ns)
    [ PASSED ] CASE: enabledPushAttachesBoundedCallerDrivenResponses (3097146 ns)
    TCS: Http2ClientMappingTest, time elapsed: 3154925 ns, RESULT:
    [ PASSED ] CASE: requestMapsOrderedPseudoFieldsAuthorityAndSensitiveHeaders (91249 ns)
    [ PASSED ] CASE: connectUsesOnlyMethodAndAuthorityPseudoFields (80357 ns)
    [ PASSED ] CASE: connectStreamMappingKeepsBothDataDirectionsOpen (96263 ns)
    [ PASSED ] CASE: requestRejectsAuthorityFramingAndConnectionAmbiguity (236022 ns)
    [ PASSED ] CASE: requestHeaderListHonorsHttp2BoundsBeforeHpackMutation (67098 ns)
    [ PASSED ] CASE: requestBodyProvesEofBeforeOneTerminalTrailerBlock (111161 ns)
    [ PASSED ] CASE: requestBodyRejectsPrematureEofAndConfiguredOverflow (154161 ns)
    [ PASSED ] CASE: responseMapsInformationalFinalDataAndTrailersInOrder (109163 ns)
    [ PASSED ] CASE: responseRejectsPseudoOrderCaseAndConnectionFieldsAsStreamErrors (68563 ns)
    [ PASSED ] CASE: responseRejectsInvalidStatusAndTooManyInformationalHeads (160095 ns)
    [ PASSED ] CASE: responseContentLengthMustMatchExactlyAtEndStream (111608 ns)
    [ PASSED ] CASE: streamingResponseMayExceedTheConfiguredRequestBodyBound (34647 ns)
    [ PASSED ] CASE: bodylessAndConnectResponseRulesAreExplicit (111129 ns)
    [ PASSED ] CASE: responseTrailersRequireFinalEndStreamAndRegularAllowedFields (101998 ns)
    [ PASSED ] CASE: promisedRequestValidationPrecedesApplicationPolicy (144301 ns)
    TCS: Http2ClientPushOwnershipTest, time elapsed: 803394 ns, RESULT:
    [ PASSED ] CASE: resetLostOfferIsClosedAndNextOfferRemainsDeliverable (140254 ns)
    [ PASSED ] CASE: parentCancellationStopsTransferredStalledBodyWithoutCancellingIndependentSibling (201283 ns)
    [ PASSED ] CASE: expiredParentAbsoluteDeadlineStillGovernsTransferredBodyAfterHeaders (117545 ns)
    TCS: Http2ConformanceTest, time elapsed: 5503622 ns, RESULT:
    [ PASSED ] CASE: invalidFrameOrderMatrixFailsAtConnectionScope (223518 ns)
    [ PASSED ] CASE: continuationSequenceCompletesOnlyOnEndHeaders (114959 ns)
    [ PASSED ] CASE: rstStreamAndGoAwayRaceCompletesOwnerOnceAndCleansRegistrations (4764034 ns)
    TCS: Http2ConnectionStateMachineTest, time elapsed: 6588321 ns, RESULT:
    [ PASSED ] CASE: clientStartEmitsMagicAndSettingsThenPeerSettingsOpens (60805 ns)
    [ PASSED ] CASE: serverConsumesIncrementalMagicBeforeItsFirstSettings (60036 ns)
    [ PASSED ] CASE: invalidOrIncompletePrefaceFailsOnceWithProtocolEvidence (70236 ns)
    [ PASSED ] CASE: firstPeerFrameMustBeNonAcknowledgementSettings (72500 ns)
    [ PASSED ] CASE: openConnectionAppliesSettingsAndCompletesHeaderBlocks (55042 ns)
    [ PASSED ] CASE: peerGoAwayDrainsAndMayOnlyNarrowItsBoundary (76165 ns)
    [ PASSED ] CASE: localDrainUsesProcessedPeerBoundaryAndNeverIncreases (71241 ns)
    [ PASSED ] CASE: racingFinishTransitionsAndPublishesCompletionExactlyOnce (4892942 ns)
    TCS: Http2DeterministicFuzzTest, time elapsed: 68128630 ns, RESULT:
    [ PASSED ] CASE: frameParserDeterministicMutationCorpusStaysBounded (6122517 ns)
    [ PASSED ] CASE: hpackDecoderDeterministicMutationCorpusFailsClosed (61404033 ns)
    [ PASSED ] CASE: protocolLimitBoundaryMutationsRejectOversizedInputs (65976 ns)
    TCS: Http2FlowControllerTest, time elapsed: 2767181930 ns, RESULT:
    [ PASSED ] CASE: windowUpdateCodecIgnoresReservedBitAndRejectsZeroByScope (30680 ns)
    [ PASSED ] CASE: reservationsRespectConnectionStreamAndPeerFrameCredit (44868 ns)
    [ PASSED ] CASE: settingsShrinkPausesReservedDataAndCancellationReleasesIt (52255 ns)
    [ PASSED ] CASE: streamWindowUpdateWakesAReservedPermitAfterSettingsShrink (38103 ns)
    [ PASSED ] CASE: concurrentTryReserveNeverOvercommitsOneStream (486809 ns)
    [ PASSED ] CASE: receiveCreditReturnsOnlyAfterApplicationConsumption (51669 ns)
    [ PASSED ] CASE: smallReceiveReadsCoalesceWindowUpdates (118137 ns)
    [ PASSED ] CASE: stalledConnectionCreditFlushesOnceWithoutChangingSmallReadCoalescing (35495 ns)
    [ PASSED ] CASE: leastRecentlyServedStreamsReceiveCreditBeforeThePreviousOwner (2764598782 ns)
    [ PASSED ] CASE: connectionSendWindowIsSharedAcrossStreams (37153 ns)
    [ PASSED ] CASE: connectionAndStreamWindowViolationsHaveCorrectScope (40705 ns)
    [ PASSED ] CASE: settingsAndWindowOverflowFailAtomically (33401 ns)
    [ PASSED ] CASE: streamCleanupCancelsPermitsAndRestoresOnlyConnectionReceiveCredit (28128 ns)
    [ PASSED ] CASE: dataAccountingUsesTheEntireFramePayload (16836 ns)
    TCS: Http2FrameCodecTest, time elapsed: 797710 ns, RESULT:
    [ PASSED ] CASE: everyRequiredFrameEnvelopeRoundTrips (64459 ns)
    [ PASSED ] CASE: parserAcceptsEverySingleByteBoundaryAndMultipleFrames (40468 ns)
    [ PASSED ] CASE: incompleteInputStaysBoundedUntilCompletion (14591 ns)
    [ PASSED ] CASE: oversizedFrameFailsBeforePayloadBufferingAndParserBecomesTerminal (21815 ns)
    [ PASSED ] CASE: reservedBitIsIgnoredOnReadAndClearedOnWrite (25503 ns)
    [ PASSED ] CASE: unknownFramesAndFlagsRoundTripWithoutInterpretation (15117 ns)
    [ PASSED ] CASE: transportWriterHandlesRepeatedPartialWrites (24673 ns)
    TCS: Http2FrameModelTest, time elapsed: 677781 ns, RESULT:
    [ PASSED ] CASE: frameAndErrorCodesRoundTripIncludingExtensions (21547 ns)
    [ PASSED ] CASE: streamIdentifierIgnoresReservedBitAndKeepsThirtyOneBits (11997 ns)
    [ PASSED ] CASE: limitsAreExplicitAndFrameSizeIsBounded (28782 ns)
    [ PASSED ] CASE: fixedFrameShapesAndStreamScopesAreValidated (27693 ns)
    [ PASSED ] CASE: settingsRejectInvalidProtocolValuesButRetainExtensions (24972 ns)
    [ PASSED ] CASE: unknownFlagsAndFramesRemainForwardCompatible (11411 ns)
    TCS: Http2GoAwayManagerTest, time elapsed: 3776948 ns, RESULT:
    [ PASSED ] CASE: peerBoundaryRetiresOnlyDefinitelyUnprocessedStreams (109505 ns)
    [ PASSED ] CASE: narrowingBoundaryWakesEachNewlyExcludedOwnerExactlyOnce (59378 ns)
    [ PASSED ] CASE: localDrainQueuesGoAwayAndStopsAdmissionBeforeWriterRuns (45413 ns)
    [ PASSED ] CASE: fabricatedReceiveResultCannotDrainAnOpenCoordinator (36337 ns)
    [ PASSED ] CASE: racingAdmissionAndGoAwayNeverLeavesAnExcludedStreamActive (3041754 ns)
    TCS: Http2HeaderBlockAssemblerTest, time elapsed: 835255 ns, RESULT:
    [ PASSED ] CASE: sameStreamContinuationsAssembleInExactOrder (26483 ns)
    [ PASSED ] CASE: continuationWithoutStartWrongStreamAndInterleavingFailConnection (51448 ns)
    [ PASSED ] CASE: paddingAndPriorityOverheadAreExcludedFromHeaderBytes (19350 ns)
    [ PASSED ] CASE: pushPromiseRetainsPromisedStreamAndFragmentOnly (18657 ns)
    [ PASSED ] CASE: invalidPaddingPriorityAndSelfDependencyFailClosed (34607 ns)
    [ PASSED ] CASE: accumulatedCompressedBytesHaveOneHardLimit (17874 ns)
    TCS: Http2ConnectionHealthTest, time elapsed: 503308 ns, RESULT:
    [ PASSED ] CASE: pingCodecAndConnectionAckPreserveOpaqueBytes (28242 ns)
    [ PASSED ] CASE: idleProbeIsSingleOutstandingAndMatchingAckRestoresHealth (121839 ns)
    [ PASSED ] CASE: ordinaryActivityDefersIdleProbeWithoutAllocatingATimer (20159 ns)
    TCS: Http2ConnectionCloserTest, time elapsed: 849078 ns, RESULT:
    [ PASSED ] CASE: gracefulCloseSendsGoAwayWaitsForStreamAndClosesTransportOnce (92965 ns)
    [ PASSED ] CASE: expiredCloseAbortsActiveStreamsWithoutStartingGracefulIo (37865 ns)
    [ PASSED ] CASE: racingShorterDeadlineUpgradesInFlightGracefulCloseToOneAbort (53126 ns)
    [ PASSED ] CASE: concurrentGracefulCallersShareOneTerminalResultAndTransportClose (95154 ns)
    [ PASSED ] CASE: failedGracefulTransportCloseFallsBackToOneAbort (58661 ns)
    TCS: HpackBlockTest, time elapsed: 1951866 ns, RESULT:
    [ PASSED ] CASE: rfcRequestBlocksDecodeWithSharedDynamicState (31680 ns)
    [ PASSED ] CASE: encoderMatchesFirstRfcHuffmanRequestExample (38294 ns)
    [ PASSED ] CASE: literalModesPreserveNeverIndexedAndOnlyIncrementalMutatesTable (776567 ns)
    [ PASSED ] CASE: tableSizeUpdateMustLeadBlockAndRespectAllowedMaximum (36496 ns)
    [ PASSED ] CASE: headerCountListAndCompressedLimitsFailClosed (467409 ns)
    [ PASSED ] CASE: peerCapacityUpdateIsEmittedBeforeHeaders (24381 ns)
    TCS: HpackCoreTest, time elapsed: 750749 ns, RESULT:
    [ PASSED ] CASE: rfcIntegerVectorsEncodeAndDecodeExactly (13478 ns)
    [ PASSED ] CASE: integerRejectsTruncationOverflowAndInvalidPrefix (22381 ns)
    [ PASSED ] CASE: rawStringRoundTripsAndOwnsItsBytes (18019 ns)
    [ PASSED ] CASE: stringLengthLimitAndTruncationFailBeforeCopy (75200 ns)
    [ PASSED ] CASE: staticTableMatchesRfcBoundariesAndRepresentativeEntries (37158 ns)
    [ PASSED ] CASE: everyStaticEntryHasBoundedRfcAccounting (54689 ns)
    TCS: HpackDynamicTableTest, time elapsed: 789720 ns, RESULT:
    [ PASSED ] CASE: newestEntryUsesIndexSixtyTwoAndOlderEntriesShift (10983 ns)
    [ PASSED ] CASE: exactRfcAccountingEvictsOldestEntriesFirst (17198 ns)
    [ PASSED ] CASE: oversizedEntryClearsTheEntireTableWithoutInsertion (9768 ns)
    [ PASSED ] CASE: capacityShrinkEvictsImmediatelyAndPeerLimitIsHard (19874 ns)
    [ PASSED ] CASE: withoutIndexingNeverIndexedAndSensitiveNeverEnterState (14123 ns)
    [ PASSED ] CASE: staticAndDynamicSearchReturnCanonicalLowestIndexes (97872 ns)
    [ PASSED ] CASE: zeroCapacityRetainsNoEntries (13223 ns)
    TCS: HpackHuffmanTest, time elapsed: 46032364 ns, RESULT:
    [ PASSED ] CASE: rfcRequestExamplesEncodeAndDecodeExactly (2568216 ns)
    [ PASSED ] CASE: everyOctetRoundTripsWithinAnExplicitBound (40344564 ns)
    [ PASSED ] CASE: huffmanStringLiteralUsesFlagAndSharedBounds (1135181 ns)
    [ PASSED ] CASE: eosInvalidPaddingAndTruncatedPrefixFailClosed (390764 ns)
    [ PASSED ] CASE: decodedAndEncodedOutputLimitsApplyBeforeGrowth (866702 ns)
    TCS: Http2ConnectionReaderTest, time elapsed: 3857986 ns, RESULT:
    [ PASSED ] CASE: oneReaderDecodesEveryByteBoundaryAndDispatchesInWireOrder (641828 ns)
    [ PASSED ] CASE: serverConsumesMagicAndFirstFrameFromTheSameRead (256566 ns)
    [ PASSED ] CASE: eofDuringPrefaceOrFrameFailsAndWakesEveryStream (772397 ns)
    [ PASSED ] CASE: invalidTransportProgressAndHandlerFailureBecomeTerminal (495310 ns)
    [ PASSED ] CASE: readerLoopCanOnlyBeClaimedOnce (632253 ns)
    [ PASSED ] CASE: terminationRegistryIsBoundedRemovableAndExactlyOnce (221726 ns)
    [ PASSED ] CASE: readerRegistryReservesOneListenerBeyondTheStreamLimit (39608 ns)
    TCS: Http2ServerMappingTest, time elapsed: 7268105 ns, RESULT:
    [ PASSED ] CASE: requestHeadMapsPseudoFieldsHostAndContentLength (73961 ns)
    [ PASSED ] CASE: connectAndOptionsTargetsAreMappedStrictly (93324 ns)
    [ PASSED ] CASE: requestRejectsPseudoOrderCaseConnectionAndAuthorityAmbiguity (131727 ns)
    [ PASSED ] CASE: paddedDataReturnsAllFlowCreditAndPublishesTrailers (125887 ns)
    [ PASSED ] CASE: requestQueueIsBoundedBeforeFlowAccountingMutates (85001 ns)
    [ PASSED ] CASE: terminalLengthMismatchDoesNotConsumeFlowWindow (73058 ns)
    [ PASSED ] CASE: responseHeadersBodyFlowAndTrailersMapInOrder (499667 ns)
    [ PASSED ] CASE: streamingResponseMayExceedTheConfiguredRequestBodyBound (671257 ns)
    [ PASSED ] CASE: responseRulesCloseBodiesOnEveryTerminalOrFailurePath (83510 ns)
    [ PASSED ] CASE: handlerRunsOnceAndReleasesRequestOwnership (107972 ns)
    [ PASSED ] CASE: invalidDuplexResponseReleasesPreServeHandoffExactlyOnce (4188400 ns)
    TCS: Http2ServerPushLifecycleTest, time elapsed: 104616140 ns, RESULT:
    [ PASSED ] CASE: largePushDoesNotDelayParentHeadersUntilPushCreditReturns (53660517 ns)
    [ PASSED ] CASE: cancelledPushReleasesItsWorkerSlotForTheNextParent (27256660 ns)
    [ PASSED ] CASE: crossOriginPushIsRejectedAndItsResponseIsClosedBeforeAnyOffer (1730862 ns)
    [ PASSED ] CASE: parentResetWhileWaitingForPushSlotIsRevalidatedBeforeReservation (8261489 ns)
    [ PASSED ] CASE: resetOfBlockedPushDoesNotBlockReaderOrReleaseWorkerSlotEarly (8114648 ns)
    [ PASSED ] CASE: blockingHeaderOnlyBodyCloseDoesNotDelayInboundReset (3003673 ns)
    [ PASSED ] CASE: duplexHandlerReturnAbortsBothStreamDirections (1389725 ns)
    TCS: Http2SettingsTest, time elapsed: 1325561 ns, RESULT:
    [ PASSED ] CASE: codecPreservesKnownUnknownAndRepeatedSettingsInOrder (23886 ns)
    [ PASSED ] CASE: peerBatchAppliesAtomicallyAndReturnsAckAndWindowDelta (27824 ns)
    [ PASSED ] CASE: invalidPeerBatchLeavesEffectiveStateUnchanged (49145 ns)
    [ PASSED ] CASE: localBatchesAreAcknowledgedInFifoOrder (25717 ns)
    [ PASSED ] CASE: unexpectedAckAndPendingBatchOverflowFailClosed (31567 ns)
    [ PASSED ] CASE: advertisedResourceValuesAreCappedByLocalPolicy (20896 ns)
    [ PASSED ] CASE: settingsFrameLengthAndAckPayloadAreRejectedByFrameLayer (27308 ns)
    [ PASSED ] CASE: peerDefaultsAreRfcValuesCappedSeparatelyFromLocalAdvertisement (26147 ns)
    [ PASSED ] CASE: clientPushAdvertisementUsesItsOwnFiniteAdmissionBound (12026 ns)
    [ PASSED ] CASE: serverEnablePushSettingIsRejectedInBothDirections (22528 ns)
    TCS: Http2StreamLifecycleTest, time elapsed: 2023539 ns, RESULT:
    [ PASSED ] CASE: bothEndStreamOrdersReachClosedExactlyOnce (20731 ns)
    [ PASSED ] CASE: initialEndStreamHalfClosesTheInitiatingSide (12829 ns)
    [ PASSED ] CASE: clientAndServerAllocateCorrectMonotonicParity (14295 ns)
    [ PASSED ] CASE: peerParityReuseAndDecreasingIdsFailConnection (34958 ns)
    [ PASSED ] CASE: localAndPeerConcurrencyLimitsAreIndependentAndCapacityReturns (36609 ns)
    [ PASSED ] CASE: invalidHalfClosedDirectionsAndUnknownStreamsFailClosed (37403 ns)
    [ PASSED ] CASE: readerTerminationClosesAndUnregistersEveryActiveStream (44145 ns)
    [ PASSED ] CASE: racingAdmissionNeverExceedsConfiguredBoundOrDuplicatesIds (431404 ns)
    [ PASSED ] CASE: racingEndDirectionsCompleteAndCleanupExactlyOnce (606912 ns)
    TCS: Http2StreamResetManagerTest, time elapsed: 2710701 ns, RESULT:
    [ PASSED ] CASE: rstCodecPreservesKnownAndExtensionCodes (43459 ns)
    [ PASSED ] CASE: localCancelQueuesResetAndReleasesOnlyItsStream (89081 ns)
    [ PASSED ] CASE: peerResetCancelsQueuedDataPermitsAndWakesOwnerOnce (76238 ns)
    [ PASSED ] CASE: resetWakesBlockedServerBodyWithoutClosingConnection (131840 ns)
    [ PASSED ] CASE: racingLocalAndPeerResetCompletesEveryStreamExactlyOnce (1507640 ns)
    [ PASSED ] CASE: queuePressureIsAtomicAndCleanupCreditStaysBoundedForRetry (121334 ns)
    TCS: Http2WriteSchedulerTest, time elapsed: 4961096 ns, RESULT:
    [ PASSED ] CASE: controlPrecedesDataAndPartialWritesDrainGracefully (118820 ns)
    [ PASSED ] CASE: controlBurstIsBoundedAndDataStreamsRotateFairly (515813 ns)
    [ PASSED ] CASE: queueCountAndBytesAreHardAndCancellationReleasesCapacity (101378 ns)
    [ PASSED ] CASE: concurrentProducersStillUseExactlyOneWriter (1432239 ns)
    [ PASSED ] CASE: abortInterruptsActiveWriteAndFailsEveryTicket (67654 ns)
    [ PASSED ] CASE: transportFailureFansOutAndTicketWaitHonorsCancellation (59870 ns)
    [ PASSED ] CASE: reservedDataConsumesFlowOnlyWhenTheWriterClaimsIt (35879 ns)
    [ PASSED ] CASE: serverDataEventTransfersItsPermitBeforeWriterClaim (34920 ns)
    [ PASSED ] CASE: cancellingQueuedReservedDataReturnsAllFlowCapacity (29918 ns)
    [ PASSED ] CASE: admittedHeaderBatchSurvivesResetDuringPartialFirstWrite (76488 ns)
    [ PASSED ] CASE: unstartedEncodedHeaderBatchIsIrrevocableAfterAdmission (43669 ns)
    [ PASSED ] CASE: largeHeaderBatchRemainsContiguousPastControlBurstLimit (102451 ns)
    [ PASSED ] CASE: failedHeaderBatchAdmissionTerminatesScheduler (34089 ns)
    [ PASSED ] CASE: concurrentHeaderBatchesStayContiguousOnTheWire (754014 ns)
Summary: TOTAL: 177
    PASSED: 177, SKIPPED: 0, ERROR: 0
    FAILED: 0
--------------------------------------------------------------------------------------------------
TP: wirestack.internal.transport, time elapsed: 191192671 ns, RESULT:
    TCS: ByteSpanTest, time elapsed: 1910792 ns, RESULT:
    [ PASSED ] CASE: defaultsCoverWholeArrayAndEmptyArray (256848 ns)
    [ PASSED ] CASE: sliceAndAdvanceKeepTheOriginalArray (27476 ns)
    [ PASSED ] CASE: mutableViewWritesThroughAndConvertsWithoutCopying (22225 ns)
    [ PASSED ] CASE: permitsBoundaryEmptyRanges (23144 ns)
    [ PASSED ] CASE: rejectsEveryOutOfRangeShape (124018 ns)
    TCS: CancellationTest, time elapsed: 40079133 ns, RESULT:
    [ PASSED ] CASE: cancelIsOneWayAndCallbacksRunExactlyOnce (174332 ns)
    [ PASSED ] CASE: unregisterIsIdempotentAndPreventsPendingCallback (29645 ns)
    [ PASSED ] CASE: alreadyCancelledRegistrationRunsSynchronouslyOnce (26606 ns)
    [ PASSED ] CASE: noneTokenRemainsUsableAndNotCancelled (21164 ns)
    [ PASSED ] CASE: oneFailingCallbackDoesNotBlockOtherWaiters (45235 ns)
    [ PASSED ] CASE: concurrentCancelClaimsEveryCallbackExactlyOnce (18230265 ns)
    [ PASSED ] CASE: registrationRacingCancellationStillRunsExactlyOnce (18761983 ns)
    [ PASSED ] CASE: unregisterRacingCancellationIsAtMostOnce (1269068 ns)
    [ PASSED ] CASE: callbackMayReenterCancellationAndRegistrationWithoutDeadlock (41067 ns)
    TCS: OperationCompletionTest, time elapsed: 27280722 ns, RESULT:
    [ PASSED ] CASE: completionCleansEveryResourceBeforeTheWinnerCallback (43901 ns)
    [ PASSED ] CASE: unregisterAndLateRegistrationHaveExplicitTerminalSemantics (28573 ns)
    [ PASSED ] CASE: cleanupCapacityIsPositiveAndHardBounded (57360 ns)
    [ PASSED ] CASE: cleanupFailuresAndReentrancyCannotBlockTerminalProgress (47150 ns)
    [ PASSED ] CASE: winnerExceptionDoesNotReopenTheCompletion (26378 ns)
    [ PASSED ] CASE: cleanupCountPropertyHoldsAcrossEveryConfiguredOccupancy (486682 ns)
    [ PASSED ] CASE: concurrentTerminalCallersHaveOneWinner (3311051 ns)
    [ PASSED ] CASE: registrationRacingCompletionIsAlwaysCleanedOnce (20390539 ns)
    [ PASSED ] CASE: unregisterRacingCompletionRunsCleanupAtMostOnce (1569603 ns)
    TCS: DeadlineTest, time elapsed: 612836 ns, RESULT:
    [ PASSED ] CASE: remainingUsesTheInjectedMonotonicClock (21637 ns)
    [ PASSED ] CASE: remainingClampsAtZeroAfterExpiry (11809 ns)
    [ PASSED ] CASE: childCanShortenButNeverExtendParent (14567 ns)
    [ PASSED ] CASE: zeroAndExpiredChildrenCannotExtendTheParent (10643 ns)
    [ PASSED ] CASE: rejectsNegativeDurations (21906 ns)
    TCS: TransportLifecycleTest, time elapsed: 4559308 ns, RESULT:
    [ PASSED ] CASE: connectingAndAcceptedPathsReachOpenOnlyInOrder (13219 ns)
    [ PASSED ] CASE: halfCloseIsDirectionalIdempotentAndConvergesOnClosing (50664 ns)
    [ PASSED ] CASE: gracefulCloseIsIdempotentAndCompletesOnlyFromClosing (18727 ns)
    [ PASSED ] CASE: abortAndFailReachEveryNonTerminalStateWithoutOverwritingTerminalEvidence (69546 ns)
    [ PASSED ] CASE: illegalTransitionsHaveStableCodesAndDoNotMutateState (136032 ns)
    [ PASSED ] CASE: closingAndTerminalStatesRejectDataOperationsWithClosedCode (76899 ns)
    [ PASSED ] CASE: operationClaimsAllowDuplexButRejectSameDirectionConcurrency (23337 ns)
    [ PASSED ] CASE: everyTerminalModeReleasesRegisteredResourcesExactlyOnce (28531 ns)
    [ PASSED ] CASE: racingTerminalTransitionsRetainOneWinnerAndOneCleanup (3136844 ns)
    [ PASSED ] CASE: terminalCleanupMayReenterAndItsRegistryRemainsBounded (40537 ns)
    TCS: M124TransportRaceTest, time elapsed: 35138006 ns, RESULT:
    [ PASSED ] CASE: readCloseReleasesBlockedOperationAndDrainsWaiter (4902527 ns)
    [ PASSED ] CASE: writeAbortReleasesBlockedOperationAndDrainsWaiter (9861808 ns)
    [ PASSED ] CASE: successAndCancelOrderingsCompleteOnceWithoutDataLeak (19822612 ns)
    TCS: MemoryTransportListenerTest, time elapsed: 50079001 ns, RESULT:
    [ PASSED ] CASE: rejectsInvalidListenerAndSchedulerBounds (32402 ns)
    [ PASSED ] CASE: listenerDeliversConnectionsInFifoOrderAndBoundsBacklog (99968 ns)
    [ PASSED ] CASE: schedulerDefersDeliveryAndReleasesFailedReservations (59583 ns)
    [ PASSED ] CASE: schedulerRunsMultipleConnectionsInStableFifoOrder (40974 ns)
    [ PASSED ] CASE: cancellationWakesAcceptWithoutClosingListener (9095490 ns)
    [ PASSED ] CASE: deadlineBoundsBlockedAcceptWithoutClosingListener (29837640 ns)
    [ PASSED ] CASE: closeWakesAcceptAndAbortsOwnedConnectionsIdempotently (9890294 ns)
    TCS: MemoryTransportTest, time elapsed: 2078052 ns, RESULT:
    [ PASSED ] CASE: pairTransfersPartialDataInBothDirections (43066 ns)
    [ PASSED ] CASE: emptyBuffersReturnZeroWithoutProducingEofOrPeerData (28861 ns)
    [ PASSED ] CASE: writeShutdownProducesPeerEofAfterBufferedData (27840 ns)
    [ PASSED ] CASE: readShutdownMakesPeerWritesFailAsBrokenPipe (37122 ns)
    [ PASSED ] CASE: cancelledBeforeOperationHasNoDataSideEffect (40736 ns)
    [ PASSED ] CASE: closeAndAbortAreIdempotentAndTerminal (34348 ns)
    [ PASSED ] CASE: cancellationWakesABlockedRead (76257 ns)
    [ PASSED ] CASE: closeWakesABlockedLocalRead (66238 ns)
    [ PASSED ] CASE: writeShutdownWakesABlockedLocalWrite (57935 ns)
    [ PASSED ] CASE: boundedBackpressureResumesAfterPeerReads (164205 ns)
    [ PASSED ] CASE: expiredDeadlineFailsBeforeAnyWrite (39085 ns)
    TCS: NetworkErrorTest, time elapsed: 640695 ns, RESULT:
    [ PASSED ] CASE: retainsStableClassificationAndEndpointEvidence (33461 ns)
    [ PASSED ] CASE: retainsLocalEndpointCauseAndOptionalDefaults (28082 ns)
    [ PASSED ] CASE: caughtErrorRetainsUnixEndpointBytesNativeCodeAndCause (37534 ns)
    [ PASSED ] CASE: pathnameRejectsNulWhileAbstractRetainsIt (20222 ns)
    TCS: OperationContextTest, time elapsed: 886300 ns, RESULT:
    [ PASSED ] CASE: backgroundHasNoDeadlineCancellationOrTrace (14083 ns)
    [ PASSED ] CASE: derivedContextsRetainEventSinkAndSinkFailuresAreIsolated (40633 ns)
    [ PASSED ] CASE: derivedContextRetainsCancellationAndTrace (20185 ns)
    [ PASSED ] CASE: derivationHelpersChangeOnlyTheirNamedField (40530 ns)
    [ PASSED ] CASE: earlierDeadlineCannotBeExtended (13940 ns)
    [ PASSED ] CASE: traceIdentifiersAreBoundedAndNonEmpty (31685 ns)
    TCS: ScriptedTransportTest, time elapsed: 25947705 ns, RESULT:
    [ PASSED ] CASE: rejectsUnboundedOrInvalidScripts (69004 ns)
    [ PASSED ] CASE: shortReadAndWriteStepsAreConsumedInOrder (60557 ns)
    [ PASSED ] CASE: emptyIoDoesNotConsumeScriptAndEofIsExplicit (37282 ns)
    [ PASSED ] CASE: resetTerminatesTransportAtInjectedPhase (55850 ns)
    [ PASSED ] CASE: failurePreservesCoordinatesWithoutTerminatingTransport (50370 ns)
    [ PASSED ] CASE: virtualWaiterReleasesBlockedOperationsInFifoOrder (14875266 ns)
    [ PASSED ] CASE: cancellationWinsAReleaseRaceAndCleansWaiter (9873039 ns)
    TCS: TransportHelperTest, time elapsed: 848327 ns, RESULT:
    [ PASSED ] CASE: writeAllHandlesPartialWritesAndEmptyInput (22722 ns)
    [ PASSED ] CASE: readExactHandlesPartialReads (14720 ns)
    [ PASSED ] CASE: readExactClassifiesPrematureEof (19723 ns)
    [ PASSED ] CASE: emptyHelpersDoNotCallTransport (9914 ns)
    [ PASSED ] CASE: invalidProgressFailsOnceWithoutSpinning (56367 ns)
    [ PASSED ] CASE: cancellationAfterPartialProgressPropagatesWithoutRestart (54747 ns)
    [ PASSED ] CASE: absoluteDeadlineExpiresAcrossPartialRetries (31956 ns)
Summary: TOTAL: 83
    PASSED: 83, SKIPPED: 0, ERROR: 0
    FAILED: 0
--------------------------------------------------------------------------------------------------
TP: wirestack.internal.connector, time elapsed: 12498741 ns, RESULT:
    TCS: AttemptPlanTest, time elapsed: 1631216 ns, RESULT:
    [ PASSED ] CASE: alternatesFamiliesAndPreservesFamilyOrder (300803 ns)
    [ PASSED ] CASE: firstFamilyControlsPreferenceAndDuplicatesAreRemoved (49091 ns)
    [ PASSED ] CASE: distinctIpv6ZonesAreNotDeduplicated (30183 ns)
    [ PASSED ] CASE: rejectsEmptyCandidatesAndNegativeDelay (85897 ns)
    TCS: HappyEyeballsConnectorTest, time elapsed: 9475223 ns, RESULT:
    [ PASSED ] CASE: emitsCompleteDnsAttemptAndConnectedLifecycle (331422 ns)
    [ PASSED ] CASE: blackholedFirstCandidateIsCancelledAndJoinedBeforeReturn (7664922 ns)
    [ PASSED ] CASE: ipv6FirstSuccessSkipsLaterIpv4Attempt (118758 ns)
    [ PASSED ] CASE: simultaneousSuccessKeepsOneWinnerAndAbortsEveryLoser (134633 ns)
    [ PASSED ] CASE: allFailuresAreJoinedAndRetainedAsDiagnostics (84418 ns)
    [ PASSED ] CASE: preCancelledParentStartsNeitherDnsNorAttempts (32064 ns)
    [ PASSED ] CASE: parentCancellationAfterSuccessPreventsWinnerPublication (104342 ns)
    [ PASSED ] CASE: deadlineAtSuccessBoundaryPreventsWinnerPublication (94380 ns)
    TCS: ConnectionRouteTest, time elapsed: 1203564 ns, RESULT:
    [ PASSED ] CASE: directRouteRetainsItsLocalOriginResolver (82313 ns)
    [ PASSED ] CASE: explicitProxySeparatesOriginAndProxyDns (40786 ns)
    [ PASSED ] CASE: typedIpTargetsNeverCarryResolvers (62663 ns)
    [ PASSED ] CASE: rejectsDelegatedDnsWithoutAnOwningProxyAndInvalidConnectTargets (82987 ns)
    [ PASSED ] CASE: networkAndTlsParametersAreBoundedAndOwned (407283 ns)
Summary: TOTAL: 17
    PASSED: 17, SKIPPED: 0, ERROR: 0
    FAILED: 0
--------------------------------------------------------------------------------------------------
TP: wirestack.http, time elapsed: 11406548634 ns, RESULT:
    TCS: RequestBodyTest, time elapsed: 1934760 ns, RESULT:
    [ PASSED ] CASE: byteBodiesOwnInputAndReplayWithIndependentOffsets (242448 ns)
    [ PASSED ] CASE: emptyAndUtf8StringBodiesHaveExactLengths (33859 ns)
    [ PASSED ] CASE: oneShotBodyCanOnlyBeClaimedOnce (72973 ns)
    [ PASSED ] CASE: factoryMustReturnTheDeclaredLengthAndMismatchIsClosed (34745 ns)
    [ PASSED ] CASE: closedStreamRejectsFurtherReads (34828 ns)
    [ PASSED ] CASE: fileBodyStreamsAndReopensWithoutEagerReads (183274 ns)
    [ PASSED ] CASE: fileBodyRejectsOversizeAndChangesBeforeOpen (138835 ns)
    TCS: HttpClientExtensionsTest, time elapsed: 37737346 ns, RESULT:
    [ PASSED ] CASE: nativeCookiesAndServiceHooksSurviveThrowingPoolObservers (34157739 ns)
    [ PASSED ] CASE: mismatchedUpgradePairingsNeverOpenConnections (223045 ns)
    [ PASSED ] CASE: unavailableServerPushClosesTheOwnedResponse (2800262 ns)
    TCS: HttpCookieJarTest, time elapsed: 219254286 ns, RESULT:
    [ PASSED ] CASE: cookieSerializesStandardMetadataWithoutInventingBrowserPolicy (55107 ns)
    [ PASSED ] CASE: hostOnlyAndDomainCookiesDoNotLeakAcrossDnsBoundaries (452702 ns)
    [ PASSED ] CASE: bundledPublicSuffixRulesProtectRegistrableBoundariesByDefault (1225450 ns)
    [ PASSED ] CASE: defaultPathAndPathMatchUseDirectoryAndSlashBoundaries (113203 ns)
    [ PASSED ] CASE: maxAgeTakesPrecedenceAndNonPositiveValuesDeleteTheIdentity (147545 ns)
    [ PASSED ] CASE: secureMetadataControlsTransportAndHttpOnlyDoesNotChangeWireSelection (51800 ns)
    [ PASSED ] CASE: valuedSecureAttributeCannotLeakCookiesToCleartext (52314 ns)
    [ PASSED ] CASE: cleartextOriginsCannotCreateOrOverlaySecureCookies (366832 ns)
    [ PASSED ] CASE: rejectsHeaderInjectionAndInvalidCookieOctetsBeforeStorage (96537 ns)
    [ PASSED ] CASE: capacityHeaderBoundsAndReplacementRemainDeterministic (82426 ns)
    [ PASSED ] CASE: removalClearAndSnapshotsExposeOnlyLiveImmutableCookies (63176 ns)
    [ PASSED ] CASE: concurrentStoresAndReadsRemainRaceFreeAndBounded (1651421 ns)
    [ PASSED ] CASE: boundedSetCookieMutationsPreserveScopeAndHeaderSafety (213268398 ns)
    TCS: Http1DeterministicFuzzTest, time elapsed: 7374234 ns, RESULT:
    [ PASSED ] CASE: acceptedUrlMutationsRoundTripToOneCanonicalIdentity (4108322 ns)
    [ PASSED ] CASE: acceptedNoProxyMutationsRemainDeterministicAcrossTargets (2670198 ns)
    [ PASSED ] CASE: proxyAuthorizationMutationCannotInjectBeforeDnsOrConnect (191494 ns)
    TCS: HttpErrorTest, time elapsed: 488036 ns, RESULT:
    [ PASSED ] CASE: publicGetMapsInvalidUrlWithoutNetworkSideEffects (141083 ns)
    [ PASSED ] CASE: classifierProvidesStableHttpFailureCodes (62513 ns)
    TCS: HttpFacadeTest, time elapsed: 738596739 ns, RESULT:
    [ PASSED ] CASE: requestCancellationOutlivesCompletedParentWhileTransferredPushStalls (64573682 ns)
    [ PASSED ] CASE: cancellationWrapperPreservesProtocolCompletionPolicy (38697 ns)
    [ PASSED ] CASE: typedCancellationHandlesAreScopedIdempotentAndStopBeforeNetworkIo (2546954 ns)
    [ PASSED ] CASE: publicHttp1ConnectionHandleCancelsBodyAndLeavesClientReusable (11174393 ns)
    [ PASSED ] CASE: publicHttp2StreamAndConnectionHandlesRespectTheirScopes (83293448 ns)
    [ PASSED ] CASE: publicHttp2SlowStreamCannotStarveOneTenOrHundredSiblings (188308559 ns)
    [ PASSED ] CASE: tlsHttp2StreamLimitIsAppliedAcrossConcurrentPublicRequests (30803706 ns)
    [ PASSED ] CASE: tlsFacadeNegotiatesHttp2AndMapsBodyTrailersAndResponse (54285919 ns)
    [ PASSED ] CASE: explicitResolverConnectsPublicClientAndServer (2044909 ns)
    [ PASSED ] CASE: defaultSystemResolverConnectsPublicClientAndServer (261460621 ns)
    [ PASSED ] CASE: clientFollowsOriginRelativeRedirectEndToEnd (2992121 ns)
    [ PASSED ] CASE: clientRetriesOneTemporaryDnsFailureWithinTheSameDeadline (1908483 ns)
    [ PASSED ] CASE: forwardProxyUsesAbsoluteFormIndependentDnsAndHookCredentials (2162367 ns)
    [ PASSED ] CASE: serverBuilderRequiresEndpointAndHandler (24905 ns)
    [ PASSED ] CASE: tlsServerConfigFailsClosedBeforeBinding (152639 ns)
    [ PASSED ] CASE: followedHttp2RedirectClosesUnclaimedPushBeforeClientTeardown (29935383 ns)
    TCS: Http2ConcurrentResponseBodyTest, time elapsed: 26482076 ns, RESULT:
    [ PASSED ] CASE: twoPublicHttp2BodiesCompleteIndependently (26241586 ns)
    TCS: FileHandlerTest, time elapsed: 11751095 ns, RESULT:
    [ PASSED ] CASE: confinedDownloadRejectsTraversalAndSymlinkWhileOpenBodyOutlivesHandler (4213919 ns)
    [ PASSED ] CASE: uploadPublishesOneCompleteBinaryFileAndNeverPublishesRejectedMultipart (6899242 ns)
    [ PASSED ] CASE: uploadCommitChecksContextAfterDurabilityBeforePublication (216460 ns)
    TCS: HttpMessageTest, time elapsed: 870280 ns, RESULT:
    [ PASSED ] CASE: requestFactoriesProduceImmutableProtocolNeutralModels (37317 ns)
    [ PASSED ] CASE: responseEofCompletesObserverExactlyOnce (23245 ns)
    [ PASSED ] CASE: earlyCloseAbandonsObserverExactlyOnce (24622 ns)
    [ PASSED ] CASE: readFailureClosesAndAbandonsTheBody (19879 ns)
    [ PASSED ] CASE: emptyDestinationDoesNotMistakeNoProgressForEof (16084 ns)
    [ PASSED ] CASE: boundedDrainCompletesOnlyWhenEofIsProven (26792 ns)
    [ PASSED ] CASE: invalidSourceProgressFailsClosed (19031 ns)
    [ PASSED ] CASE: responseRejectsInvalidStatusAndReason (31887 ns)
    TCS: MultipartTest, time elapsed: 4155695034 ns, RESULT:
    [ PASSED ] CASE: writerStreamsExactBinaryFramingAndReplaysIndependently (189087 ns)
    [ PASSED ] CASE: boundarySeparatorsRoundtripThroughContentTypeAndBody (1299292 ns)
    [ PASSED ] CASE: readerPreservesBinaryWhenEveryDelimiterIsSplitAcrossReads (430226 ns)
    [ PASSED ] CASE: closingPartDiscardsOnlyThatPartAndReleasesNextPart (906260 ns)
    [ PASSED ] CASE: malformedAndConfiguredLimitsCloseOwnedSource (200894 ns)
    [ PASSED ] CASE: partCountLimitRejectsBeforeParsingUnboundedAdditionalMetadata (169035 ns)
    [ PASSED ] CASE: boundedDeterministicWireMutationsAreChunkIndependent (4148709446 ns)
    [ PASSED ] CASE: deterministicMutationHarnessEnforcesSmallLimitsAndOwnedClosure (2666150 ns)
    TCS: HttpModelTest, time elapsed: 1356139 ns, RESULT:
    [ PASSED ] CASE: methodSupportsStandardAndExtensionTokens (20491 ns)
    [ PASSED ] CASE: headersPreserveOrderAndMultipleValues (37162 ns)
    [ PASSED ] CASE: headersOwnTheirInputAndOutputArrays (18000 ns)
    [ PASSED ] CASE: builderSetAndRemoveUseCaseInsensitiveNames (33159 ns)
    [ PASSED ] CASE: rejectsInjectionAndInvalidNames (40906 ns)
    [ PASSED ] CASE: enforcesCountLineAndTotalLimits (29702 ns)
    [ PASSED ] CASE: urlNormalizesSchemeHostAndDefaultTarget (22254 ns)
    [ PASSED ] CASE: urlPreservesExplicitPortPathAndQuery (20913 ns)
    [ PASSED ] CASE: urlRequiresBracketedIpv6AndKeepsQueryOnlyTargetValid (16996 ns)
    [ PASSED ] CASE: urlRejectsAmbiguousAndUnsafeInputs (86640 ns)
    [ PASSED ] CASE: trailerRejectsRoutingAndFramingFields (110250 ns)
    TCS: HttpProxyPolicyTest, time elapsed: 688350 ns, RESULT:
    [ PASSED ] CASE: noProxyMatchesDnsBoundariesAndOptionalPorts (89400 ns)
    [ PASSED ] CASE: noProxyMatchesTypedIpLiteralsExactlyAndWildcardExplicitly (53066 ns)
    [ PASSED ] CASE: endpointsRetainDnsIpv4AndIpv6RouteIdentity (21081 ns)
    [ PASSED ] CASE: routeSelectionUsesNoProxyWithoutCallingAuthorizationHook (59115 ns)
    [ PASSED ] CASE: rejectsAmbiguousNoProxyPatternsAndEndpointPorts (32691 ns)
    TCS: HttpRedirectPolicyTest, time elapsed: 952130 ns, RESULT:
    [ PASSED ] CASE: rewritesPostOn302AndRemovesBodyHeaders (83482 ns)
    [ PASSED ] CASE: stripsSensitiveHeadersOnlyAcrossOrigins (115273 ns)
    [ PASSED ] CASE: rejectsDowngradeLimitAndOneShotReplay (134856 ns)
    [ PASSED ] CASE: resolvesSchemeRelativeAndQueryOnlyLocations (65917 ns)
    [ PASSED ] CASE: resolvesRelativePathsAndRemovesDotSegments (94368 ns)
    TCS: HttpRetryPolicyTest, time elapsed: 538916 ns, RESULT:
    [ PASSED ] CASE: retriesOnlyIdempotentReplayableStructuredFailures (50465 ns)
    [ PASSED ] CASE: explicitSafetyAllowsPostButDisabledAndOneShotFailClosed (41541 ns)
    [ PASSED ] CASE: cancellationDeadlineUnknownAndNeverAreNotRetried (39695 ns)
    [ PASSED ] CASE: goAwayRetriesOnlyDefinitelyUnprocessedSafeReplayableRequests (49279 ns)
    TCS: Http1SseStreamingProfileTest, time elapsed: 3005903544 ns, RESULT:
    [ PASSED ] CASE: http1StreamsWithoutLifetimeAccumulationAndCancels (3005654326 ns)
    TCS: Http2SseStreamingProfileTest, time elapsed: 3037520642 ns, RESULT:
    [ PASSED ] CASE: http2StreamsWithoutLifetimeAccumulationAndPreservesSibling (3037254404 ns)
    TCS: M2005SystemResolverTest, time elapsed: 9579800 ns, RESULT:
    [ PASSED ] CASE: resolvesLocalhostThroughThePublicContract (8752513 ns)
    [ PASSED ] CASE: fixtureReturnsAllCandidatesAndDoesNotInventTtl (16441 ns)
    [ PASSED ] CASE: fixtureAppliesFamilyAndResultBounds (9018 ns)
    [ PASSED ] CASE: fixtureMapsStableErrorsAndRetainsNativeEvidence (8601 ns)
    [ PASSED ] CASE: fixtureCancellationAndDeadlineReturnBeforeNativeCleanup (8715 ns)
    [ PASSED ] CASE: validatesBoundsAndRejectsUseAfterClose (94411 ns)
    TCS: WebSocketHandshakeTest, time elapsed: 42024022 ns, RESULT:
    [ PASSED ] CASE: nativeHttp1UpgradeTransfersFramesAndClosesSession (3410578 ns)
    [ PASSED ] CASE: nativeHttp2ExtendedConnectKeepsSiblingRequestsUsable (38300198 ns)
    TCS: WebSocketConnectionTest, time elapsed: 105680928 ns, RESULT:
    [ PASSED ] CASE: fragmentedUtf8AndAutomaticPongSurviveOneByteTransportReads (130148 ns)
    [ PASSED ] CASE: preCancelledSendPerformsNoIoAndLeavesUntouchedSessionHealthy (65291 ns)
    [ PASSED ] CASE: fragmentedMessageBoundRejectsBeforeWritingAndPreservesProgression (84361 ns)
    [ PASSED ] CASE: roleMaskingAndNonCanonicalLengthFailClosedWithProtocolStatus (165431 ns)
    [ PASSED ] CASE: fragmentedTextRejectsInvalidContinuationAtTheMessageBoundary (72232 ns)
    [ PASSED ] CASE: gracefulCloseEchoesStatusAndCompletesBothOwners (109732 ns)
    [ PASSED ] CASE: handshakeCryptoMatchesRfcVectorAndReturnsCanonicalFreshKeyShape (32708 ns)
    [ PASSED ] CASE: framePayloadIsOwnedAndCloseInputIsStrict (31384 ns)
    [ PASSED ] CASE: boundedDeterministicWireMutationsAreSplitInvariantAndFailClosed (104048820 ns)
Summary: TOTAL: 111
    PASSED: 108, SKIPPED: 3, ERROR: 0
    FAILED: 0
--------------------------------------------------------------------------------------------------
TP: wirestack.tls, time elapsed: 89168424 ns, RESULT:
    TCS: PublicTlsFacadeTest, time elapsed: 69751485 ns, RESULT:
    [ PASSED ] CASE: clientBuilderRejectsReversedVersionRangeBeforeTransportIo (38209679 ns)
    [ PASSED ] CASE: serverBuilderRequiresAnIdentityBeforeTransportIo (7465594 ns)
    [ PASSED ] CASE: clientBuilderCopiesAlpnAndPublishesProviderNeutralCapabilities (7542050 ns)
    [ PASSED ] CASE: preCancelledHandshakeConsumesAndAbortsTheTransport (15272016 ns)
    TCS: TlsRuntimeTest, time elapsed: 19331530 ns, RESULT:
    [ PASSED ] CASE: reportsHandleFreeLinuxProviderAndBuildIdentity (7522993 ns)
    [ PASSED ] CASE: returnsDefensiveCopiesOfRuntimeInventories (11356633 ns)
Summary: TOTAL: 6
    PASSED: 6, SKIPPED: 0, ERROR: 0
    FAILED: 0
--------------------------------------------------------------------------------------------------
TP: wirestack.internal.platform.linux, time elapsed: 9627512 ns, RESULT:
    TCS: LinuxSystemTrustAdapterTest, time elapsed: 9627512 ns, RESULT:
    [ PASSED ] CASE: frozenSearchOrderCoversGlibcAndMuslLayouts (180161 ns)
    [ PASSED ] CASE: currentLinuxHostSelectsOneExplicitUsableSource (7735313 ns)
    [ PASSED ] CASE: missingCandidatesFailWithoutProviderDefaultFallback (45689 ns)
    [ PASSED ] CASE: directoryCandidateRequiresReadableHashedCertificateEntry (260212 ns)
    [ PASSED ] CASE: sourceIdentityChangesWhenSameSizeTrustContentChanges (289886 ns)
Summary: TOTAL: 5
    PASSED: 5, SKIPPED: 0, ERROR: 0
    FAILED: 0
--------------------------------------------------------------------------------------------------
TP: wirestack.internal.trust, time elapsed: 39908745 ns, RESULT:
    TCS: HostnameVerifierTest, time elapsed: 1454226 ns, RESULT:
    [ PASSED ] CASE: exactDnsAndAsciiIdnaALabelMatchCaseInsensitively (207211 ns)
    [ PASSED ] CASE: wildcardMatchesExactlyOneLeftmostLabelOnly (57443 ns)
    [ PASSED ] CASE: invalidOrOverbroadWildcardsAreRejectedAtCertificateBoundary (50799 ns)
    [ PASSED ] CASE: dnsAndIpReferenceIdentitiesNeverCrossMatch (48316 ns)
    [ PASSED ] CASE: subjectAlternativeNameCountIsHardBounded (97097 ns)
    TCS: M3028HostnameFuzzTest, time elapsed: 36741293 ns, RESULT:
    [ PASSED ] CASE: hostnameMutationsHaveDeterministicTypedTerminals (36533191 ns)
    TCS: TrustPolicyTest, time elapsed: 1568437 ns, RESULT:
    [ PASSED ] CASE: nativeX509ParserAcceptsOneExactDerObjectAndRejectsTrailingBytes (419813 ns)
    [ PASSED ] CASE: certificateAndChainLimitsFailBeforeUnboundedParsingOrCopying (299458 ns)
    [ PASSED ] CASE: everyTrustPolicyHasAStableContentIdentityAndNoTrustAllState (319923 ns)
    [ PASSED ] CASE: pinAlgorithmAndScopeAreExplicitAndMalformedPinsFail (22181 ns)
Summary: TOTAL: 10
    PASSED: 10, SKIPPED: 0, ERROR: 0
    FAILED: 0
--------------------------------------------------------------------------------------------------
TP: wirestack.internal.common, time elapsed: 2995308 ns, RESULT:
    TCS: EndpointTest, time elapsed: 1726703 ns, RESULT:
    [ PASSED ] CASE: acceptsTypedIpv4AndIpv6WithoutDns (242058 ns)
    [ PASSED ] CASE: addressOwnsAnImmutableOctetSnapshot (23250 ns)
    [ PASSED ] CASE: rejectsWrongLengthsAndIpv4Zones (74569 ns)
    [ PASSED ] CASE: ipv6ZoneAndPortBoundariesRemainTypedIdentity (33497 ns)
    [ PASSED ] CASE: rejectsEmptyAndOversizedIpv6Zones (49578 ns)
    TCS: HostNameTest, time elapsed: 1148362 ns, RESULT:
    [ PASSED ] CASE: canonicalizesAsciiCaseAndOneRootDot (67603 ns)
    [ PASSED ] CASE: rejectsAmbiguousOrInvalidDnsNames (201579 ns)
    [ PASSED ] CASE: acceptsAsciiALabelAndExactDnsLengthBoundaries (121504 ns)
    [ PASSED ] CASE: rejectsOneByteBeyondLabelAndHostLimits (44197 ns)
Summary: TOTAL: 9
    PASSED: 9, SKIPPED: 0, ERROR: 0
    FAILED: 0
--------------------------------------------------------------------------------------------------
TP: wirestack.internal.http1, time elapsed: 1546561056 ns, RESULT:
    TCS: HttpAutomaticHttpsClientTest, time elapsed: 6636917 ns, RESULT:
    [ PASSED ] CASE: h2NegotiationMultiplexesTenRequestsOnOneTlsConnection (3999560 ns)
    [ PASSED ] CASE: http11NegotiationFallsBackAndReusesTheAdoptedConnection (1727941 ns)
    TCS: Http1ChunkedCodecTest, time elapsed: 1838547 ns, RESULT:
    [ PASSED ] CASE: decoderStreamsDataExtensionsTrailersAndRemainder (72696 ns)
    [ PASSED ] CASE: decoderHandlesEveryBoundaryOneByteAtATime (53227 ns)
    [ PASSED ] CASE: encoderProducesCanonicalChunksAndBoundedTrailers (58080 ns)
    [ PASSED ] CASE: rejectsInvalidSizeExtensionAndTerminators (101906 ns)
    [ PASSED ] CASE: enforcesBodyChunkLineAndTrailerBounds (92922 ns)
    [ PASSED ] CASE: streamingResponseKeepsEachChunkBoundedWithoutALifetimeCeiling (115841 ns)
    [ PASSED ] CASE: rejectsForbiddenOrFoldedTrailers (67646 ns)
    [ PASSED ] CASE: eofAndPostCompletionUseFailClosedStates (73697 ns)
    [ PASSED ] CASE: decodeBatchesOwnDataAndRemainingBytes (63780 ns)
    TCS: Http1ClientConnectionTest, time elapsed: 24738444 ns, RESULT:
    [ PASSED ] CASE: expectContinueWaitsForApprovalBeforeOpeningBody (2155647 ns)
    [ PASSED ] CASE: finalRejectionBeforeContinueNeverOpensRequestBody (1021976 ns)
    [ PASSED ] CASE: continueWaitTimeoutSendsBodyUnderTheOriginalBudget (17659328 ns)
    [ PASSED ] CASE: serializesRequestsUntilBodyEofThenReusesConnection (978428 ns)
    [ PASSED ] CASE: earlyBodyCloseClosesInsteadOfReturningConnectionForReuse (828550 ns)
    [ PASSED ] CASE: connectionCloseResponseIsNeverReusableAfterEof (1124063 ns)
    TCS: Http1CleartextClientTest, time elapsed: 1847236 ns, RESULT:
    [ PASSED ] CASE: resolvesConnectsAndReusesOnlyAfterBodyCompletion (1303354 ns)
    [ PASSED ] CASE: rejectsHttpsBeforeDnsOrPoolMutation (125848 ns)
    TCS: Http1ConnectionPoolTest, time elapsed: 5119765 ns, RESULT:
    [ PASSED ] CASE: emitsSecretFreeAcquireAndReleaseLifecycle (731447 ns)
    [ PASSED ] CASE: reusesOnlyTheSameCompleteKey (494289 ns)
    [ PASSED ] CASE: enforcesTotalPerKeyIdleAndWaiterBounds (964731 ns)
    [ PASSED ] CASE: activeWaitHonorsCancellationAndReleasesWaiterSlot (485896 ns)
    [ PASSED ] CASE: evictsExpiredAndClosedConnectionsInsteadOfReusingThem (904812 ns)
    [ PASSED ] CASE: failedCreationRollsBackItsCapacityReservation (489304 ns)
    TCS: Http1HeadParserTest, time elapsed: 3190042 ns, RESULT:
    [ PASSED ] CASE: requestParsesIncrementallyAndReturnsBodyRemainder (273791 ns)
    [ PASSED ] CASE: oneFeedRetainsBytesAfterTheHead (114656 ns)
    [ PASSED ] CASE: responseParsesStatusReasonHeadersAndFraming (176973 ns)
    [ PASSED ] CASE: acceptsOriginAbsoluteAuthorityAndAsteriskFormsOnlyWhereValid (456436 ns)
    [ PASSED ] CASE: rejectsBareLfObsFoldAndInvalidHeaderSyntax (190357 ns)
    [ PASSED ] CASE: requiresOneValidHostAndMatchingAbsoluteAuthority (390715 ns)
    [ PASSED ] CASE: rejectsInvalidTargetVersionAndBoundViolations (203677 ns)
    [ PASSED ] CASE: completedParserCannotBeReused (130814 ns)
    TCS: Http2Streams1BenchmarkTest, time elapsed: 18124660 ns, RESULT:
    [ PASSED ] CASE: benchmarkOneConcurrentStream (17874289 ns)
    TCS: Http2Streams10BenchmarkTest, time elapsed: 94365787 ns, RESULT:
    [ PASSED ] CASE: benchmarkTenConcurrentStreams (94130647 ns)
    TCS: Http2Streams100BenchmarkTest, time elapsed: 1059772361 ns, RESULT:
    [ PASSED ] CASE: benchmarkHundredConcurrentStreams (1059514118 ns)
    TCS: Http1HundredConnectionBaselineTest, time elapsed: 28554552 ns, RESULT:
    [ PASSED ] CASE: benchmarkHundredConcurrentConnections (28285825 ns)
    TCS: Http2ConnectionPoolTest, time elapsed: 2696968 ns, RESULT:
    [ PASSED ] CASE: alpnPrefersH2AndFallsBackOnlyToHttp11 (29363 ns)
    [ PASSED ] CASE: oneConnectionIsSharedUntilPeerStreamCapacityIsFull (269799 ns)
    [ PASSED ] CASE: concurrentFirstUseDoesNotCreateAConnectionStampede (543774 ns)
    [ PASSED ] CASE: newConnectionIsPublishedOnlyAfterItsFirstStreamIsAdmitted (101597 ns)
    [ PASSED ] CASE: completeSecurityKeyPreventsCrossContextReuse (128209 ns)
    [ PASSED ] CASE: drainingConnectionRetainsExistingStreamButReceivesNoNewLease (115275 ns)
    [ PASSED ] CASE: drainingConnectionWaitsForNonLocalOwnersBeforeDiscard (112731 ns)
    [ PASSED ] CASE: fullBoundedPoolHonorsOneCallerDeadline (104935 ns)
    [ PASSED ] CASE: poolCloseAbortsEverySharedConnectionExactlyOnce (103678 ns)
    TCS: Http1FramingTest, time elapsed: 1761193 ns, RESULT:
    [ PASSED ] CASE: requestUsesOneSharedEmptyLengthOrChunkedDecision (109322 ns)
    [ PASSED ] CASE: identicalContentLengthsAreAcceptedAcrossFieldsAndLists (62442 ns)
    [ PASSED ] CASE: conflictingOrInvalidContentLengthsAreRejected (237181 ns)
    [ PASSED ] CASE: contentLengthAndTransferEncodingNeverCoexist (80457 ns)
    [ PASSED ] CASE: ambiguousTransferEncodingIsRejected (169042 ns)
    [ PASSED ] CASE: responseHandlesHeadStatusesConnectAndCloseDelimiting (141262 ns)
    [ PASSED ] CASE: bodylessAndSuccessfulConnectResponsesRejectFramingFields (125733 ns)
    TCS: HttpConnectionPoolKeyTest, time elapsed: 608310 ns, RESULT:
    [ PASSED ] CASE: canonicalOriginProducesStableEqualityAndHash (31434 ns)
    [ PASSED ] CASE: everySecurityAndRouteDimensionPartitionsReuse (62819 ns)
    [ PASSED ] CASE: refusesIncompletePartitionIdentities (29586 ns)
    TCS: Http1ProxyClientPipelineTest, time elapsed: 5518338 ns, RESULT:
    [ PASSED ] CASE: dynamicConnectCredentialsNeverReuseAnAuthenticatedTunnel (3453172 ns)
    [ PASSED ] CASE: rejectedConnectDrainsClosesAndReturnsStructuredNonRetryableFailure (1681504 ns)
    TCS: Http1RequestWriterTest, time elapsed: 3668788 ns, RESULT:
    [ PASSED ] CASE: twoStageWriterDoesNotOpenBodyBeforeExplicitCommit (757515 ns)
    [ PASSED ] CASE: writesFixedBodyThroughPartialTransportOperations (631951 ns)
    [ PASSED ] CASE: streamsUnknownLengthBodyAsCanonicalChunks (661171 ns)
    [ PASSED ] CASE: rejectsDeclaredMismatchBeforeWritingAnything (150733 ns)
    [ PASSED ] CASE: prematureBodyEofRetainsPartialCommitEvidence (577955 ns)
    [ PASSED ] CASE: emptyFramingProbesSourceInsteadOfDroppingUnexpectedBytes (137516 ns)
    TCS: Http1ResponseReaderTest, time elapsed: 9032096 ns, RESULT:
    [ PASSED ] CASE: explicitUpgradeTransfersOnlyAMatching101Protocol (769681 ns)
    [ PASSED ] CASE: mismatchedUpgradeResponseFailsClosed (728763 ns)
    [ PASSED ] CASE: explicitConnectTransfersBufferedTunnelBytesAndTransportOwnership (669510 ns)
    [ PASSED ] CASE: failedConnectRemainsAnHttpResponseAndClosesAfterBody (667033 ns)
    [ PASSED ] CASE: readsInterimAndFixedResponseWithoutBufferingTheBody (622468 ns)
    [ PASSED ] CASE: received4xxAnd5xxRemainHttpResponses (1009744 ns)
    [ PASSED ] CASE: decodesChunkedResponseAndPublishesTrailerAtEof (632893 ns)
    [ PASSED ] CASE: closeDelimitedBodyCompletesOnlyAtTransportEof (479249 ns)
    [ PASSED ] CASE: chunkedStreamingResponseMayExceedThePerSegmentBodyBound (540817 ns)
    [ PASSED ] CASE: prematureFixedBodyEofAbandonsResponseExactlyOnce (584659 ns)
    [ PASSED ] CASE: rejectsImplicitUpgradeAndConnectTransportTransfer (972560 ns)
    TCS: Http1SerializerTest, time elapsed: 1684207 ns, RESULT:
    [ PASSED ] CASE: clientRequestAddsHostAndUsesOriginForm (106419 ns)
    [ PASSED ] CASE: forwardProxyRequestUsesAbsoluteFormAndOriginHost (119698 ns)
    [ PASSED ] CASE: requestPreservesOrderedMultipleFieldsAndLengthFraming (100491 ns)
    [ PASSED ] CASE: requestRejectsMissingDuplicateOrMismatchedHost (86813 ns)
    [ PASSED ] CASE: responseSerializesStatusAndUsesSharedFraming (55491 ns)
    [ PASSED ] CASE: responseRejectsInjectionAndForbiddenBodyFraming (65270 ns)
    [ PASSED ] CASE: writerHandlesPartialTransportWritesUnderOneContext (134796 ns)
    [ PASSED ] CASE: serializedBytesAreDefensiveCopies (82297 ns)
    TCS: Http1ServerConnectionTest, time elapsed: 6645588 ns, RESULT:
    [ PASSED ] CASE: serializesTwoKeepAliveExchanges (2339715 ns)
    [ PASSED ] CASE: unreadRequestBodyForcesConnectionCloseAfterResponse (694726 ns)
    [ PASSED ] CASE: handlerFailureProducesBounded500AndCloses (722544 ns)
    [ PASSED ] CASE: rejectedHandoffReleasesSessionOwnershipExactlyOnce (1384625 ns)
    [ PASSED ] CASE: selectedUpgradeOfferTransfersBufferedSessionBytes (853380 ns)
    TCS: Http1ServerRequestReaderTest, time elapsed: 18224205 ns, RESULT:
    [ PASSED ] CASE: streamsFixedRequestBodyWithoutReadingPastItsLength (640696 ns)
    [ PASSED ] CASE: decodesChunkedRequestAndPublishesTrailer (788958 ns)
    [ PASSED ] CASE: sendsContinueOnlyWhenHandlerStartsReadingTheBody (15752743 ns)
    [ PASSED ] CASE: rejectingWithoutReadingNeverSendsContinue (465075 ns)
    TCS: Http1ServerTest, time elapsed: 29136957 ns, RESULT:
    [ PASSED ] CASE: shutdownAbortsConnectionBlockedInsideTlsHandshake (8855994 ns)
    [ PASSED ] CASE: acceptSideTlsHookOwnsConnectionAndClosesAfterShutdown (757066 ns)
    [ PASSED ] CASE: gracefulShutdownStopsAcceptAfterCompletedConnection (464540 ns)
    [ PASSED ] CASE: expiredShutdownAbortsBlockedConnectionAndReturnsBoundedly (8478828 ns)
    [ PASSED ] CASE: connectionLimitPreventsSecondAcceptUntilCapacityReturns (9832774 ns)
    TCS: Http1ServerResponseWriterTest, time elapsed: 2309081 ns, RESULT:
    [ PASSED ] CASE: writesFixedResponseThroughPartialTransportOperations (315774 ns)
    [ PASSED ] CASE: streamsChunkedResponseAndTrailer (367038 ns)
    [ PASSED ] CASE: chunkedStreamingResponseMayExceedThePerSegmentBodyBound (344195 ns)
    [ PASSED ] CASE: headResponseNeverTransfersRepresentationBytes (151307 ns)
    [ PASSED ] CASE: closeDelimitedResponseRequiresConnectionClose (304006 ns)
    [ PASSED ] CASE: rejectsKnownLengthMismatchBeforeCommittingHead (127715 ns)
    TCS: Http1SmugglingCorpusTest, time elapsed: 78559641 ns, RESULT:
    [ PASSED ] CASE: clientAndServerFramingRejectTheSameAmbiguousHeaderCorpus (1581647 ns)
    [ PASSED ] CASE: identicalLengthsAndOneFinalChunkedCodingRemainUnambiguous (564035 ns)
    [ PASSED ] CASE: rejectsWhitespaceTargetAndProxyDifferentialCorpus (769914 ns)
    [ PASSED ] CASE: rejectsMalformedChunkAndTrailerCorpusAtInputOrEof (206852 ns)
    [ PASSED ] CASE: everyAcceptedSingleByteMutationHasACanonicalReparse (67313239 ns)
    [ PASSED ] CASE: chunkedMutationsHaveDeterministicBoundedTerminals (2254308 ns)
    [ PASSED ] CASE: validHeadParsesAtEveryTransportSplitBoundary (4872626 ns)
    TCS: Http1HttpsClientTest, time elapsed: 1568107 ns, RESULT:
    [ PASSED ] CASE: partitionsHandshakesAndReusesHttpsAfterBodyCompletion (1384313 ns)
    TCS: Http1TlsServerTest, time elapsed: 138236956 ns, RESULT:
    [ PASSED ] CASE: alpnServerRejectsAClientWithNoSharedHttpProtocol (71205969 ns)
    [ PASSED ] CASE: automaticClientOffersH2FirstAndFallsBackToServerHttp11 (19967782 ns)
    [ PASSED ] CASE: requiredMutualTlsCarriesAuthenticatedHttp1Exchange (26034635 ns)
    [ PASSED ] CASE: realAwsLcHandshakeCarriesOneHttp1Exchange (20177849 ns)
Summary: TOTAL: 118
    PASSED: 115, SKIPPED: 3, ERROR: 0
    FAILED: 0
--------------------------------------------------------------------------------------------------
TP: wirestack.net, time elapsed: 1566098673 ns, RESULT:
    TCS: DnsClientWireTest, time elapsed: 954280136 ns, RESULT:
    [ PASSED ] CASE: publicQueryAndLookupUseRealUdpAndRetainAbsoluteCacheExpiry (4198125 ns)
    [ PASSED ] CASE: publicQueryEncodesEveryModeledRecordType (14704129 ns)
    [ PASSED ] CASE: wrongSourceIdAndQuestionAreIgnoredBeforeValidUdpResponse (1840905 ns)
    [ PASSED ] CASE: validatedTruncationFallsBackToExactTcpFrame (1911244 ns)
    [ PASSED ] CASE: activeCancellationRetainsNameserverWithoutRetry (60434362 ns)
    [ PASSED ] CASE: silentDnsAttemptsLeaveBudgetForServerAndPassFailover (503659885 ns)
    [ PASSED ] CASE: exhaustedResponseCodesRetainTheLastRespondingNameserver (3273653 ns)
    [ PASSED ] CASE: unsupportedResponseCodeRetainsRespondingNameserver (1715536 ns)
    [ PASSED ] CASE: dnsTransportFailuresRetainSelectedNameserver (252032523 ns)
    [ PASSED ] CASE: tcpResponseCannotRemainTruncated (1254784 ns)
    [ PASSED ] CASE: malformedMatchingResponseAndUnrelatedSectionsCannotPoisonCache (2737757 ns)
    [ PASSED ] CASE: cnameTraversalUsesAnswerOwnersAndRejectsConflictingTargets (1970691 ns)
    [ PASSED ] CASE: fullResultCapacityDoesNotQueryAnotherFamily (60593439 ns)
    [ PASSED ] CASE: rfc2308CacheRetainsNxdomainVersusNodataWithoutNewPackets (3508004 ns)
    [ PASSED ] CASE: zeroTtlNeverCreatesAPositiveCacheEntry (1799016 ns)
    [ PASSED ] CASE: callerCancellationAndClientCloseWakeActiveNativeReceive (1763779 ns)
    [ PASSED ] CASE: anyFamilyRetainsAddressesWhenTheOtherFamilyFails (3903966 ns)
    [ PASSED ] CASE: crossFamilyConflictsRetainTheLivePeerAlongsideCachedResults (3807798 ns)
    [ PASSED ] CASE: nxdomainInvalidatesVisitedTargetsAndOtherCachedAliases (15892891 ns)
    [ PASSED ] CASE: everyNxdomainInvalidatesPreviouslyCachedAddresses (4475831 ns)
    [ PASSED ] CASE: noncacheableNxdomainStopsOtherFamilyQueries (1830815 ns)
    [ PASSED ] CASE: nameWideNegativeOverridesEarlierFamilyFailure (1804134 ns)
    [ PASSED ] CASE: boundedAdmissionRejectsExcessAndCloseWakesQueuedCallers (1175081 ns)
    TCS: DnsResolverPolicyTest, time elapsed: 287329460 ns, RESULT:
    [ PASSED ] CASE: fromSystemParsesTabsCommentsLastSearchAndClampedNdots (309818 ns)
    [ PASSED ] CASE: directConfigRejectsUnsupportedNameserverZonesBeforeQueries (31547 ns)
    [ PASSED ] CASE: numericNameserverZonesUseCanonicalEndpointIdentity (50362 ns)
    [ PASSED ] CASE: systemNameserversRetainOnlySupportedNumericZones (293534 ns)
    [ PASSED ] CASE: equivalentNameserverScopesDoNotConsumeTheServerLimit (208692 ns)
    [ PASSED ] CASE: configOwnsInputArraysAndReturnsDefensiveCopies (41083 ns)
    [ PASSED ] CASE: adoptedClientRequiresMatchingConfigurationWithoutTakingRejectedOwnership (151099 ns)
    [ PASSED ] CASE: systemFilesFailClosedWhenMissingOversizedOrNonregular (14750965 ns)
    [ PASSED ] CASE: ipv4LiteralsBypassHostsSearchAndNameservers (60255711 ns)
    [ PASSED ] CASE: hostsSnapshotRetainsOnlyUsableIpv6Zones (488353 ns)
    [ PASSED ] CASE: hostsAliasesFilterFamiliesAndRemainSnapshotted (671800 ns)
    [ PASSED ] CASE: trailingRootSkipsSearchWhileNdotsSelectsSearchOrAbsoluteFirst (5127935 ns)
    [ PASSED ] CASE: exactHostsEntryWinsBeforeSearchSuffixDns (200662563 ns)
    [ PASSED ] CASE: cancelledExpiredAndClosedCallsRetainPublicResolveClassifications (447605 ns)
    [ PASSED ] CASE: connectUsesHostsMappingForANativeListenerExchange (823941 ns)
    [ PASSED ] CASE: resolverConnectCarriesOneAbsoluteDeadlineIntoNativeTcpAdmission (491994 ns)
    TCS: DnsWireParserTest, time elapsed: 106054541 ns, RESULT:
    [ PASSED ] CASE: decodesCompressedTargetsBinaryTxtSoaAndUnknownData (237416 ns)
    [ PASSED ] CASE: recordOrderMakesAnswerAuthorityAndAdditionalBoundariesExplicit (84100 ns)
    [ PASSED ] CASE: summariesAndRecordsOwnParserAndConstructorInputs (59577 ns)
    [ PASSED ] CASE: publicSummaryRejectsCountsBeyondWireAndCombinedRecordBounds (103442218 ns)
    [ PASSED ] CASE: parserPreservesQuestionIdentityAndRejectsIncompleteRecords (65226 ns)
    [ PASSED ] CASE: asciiNameProfileRejectsAmbiguousLabels (74577 ns)
    [ PASSED ] CASE: compressionLoopsForwardPointersAndOutOfRangePointersAreRejected (44220 ns)
    [ PASSED ] CASE: expandedNameAndSectionCountsRespectConfiguredBounds (53877 ns)
    [ PASSED ] CASE: completeParserRejectsTrailingAndTruncatedSectionBytes (38457 ns)
    [ PASSED ] CASE: typedRdataLengthsAndTxtSegmentsAreExact (59887 ns)
    [ PASSED ] CASE: compressedRdataNamesCannotConsumeNeighboringRecordBytes (47531 ns)
    [ PASSED ] CASE: srvTargetCompressionIsRejectedEvenWhenPointerIsInBounds (31285 ns)
    [ PASSED ] CASE: summaryConstructorRejectsSectionMetadataThatCouldBlurBoundaries (14452 ns)
    [ PASSED ] CASE: additionalOwnerMayReferenceAuthorityNameserverTarget (41618 ns)
    [ PASSED ] CASE: additionalOwnerMayReferenceSecondLegacyMailboxName (57053 ns)
    TCS: DnsWireFuzzTest, time elapsed: 92256355 ns, RESULT:
    [ PASSED ] CASE: wireMutationsRejectMalformedMessagesOrRetainOwnedSections (92031849 ns)
    TCS: M8002TcpListenerTest, time elapsed: 52574407 ns, RESULT:
    [ PASSED ] CASE: bindRejectsInvalidBacklogAndStoppedContextsWithStructuredErrors (65327 ns)
    [ PASSED ] CASE: bindFailureRetainsPublicCoordinatesAndCause (102433 ns)
    [ PASSED ] CASE: cancelledAndExpiredAcceptsLeaveListenerReusable (20809445 ns)
    [ PASSED ] CASE: acceptedStreamTransfersExactDataInBothDirections (194910 ns)
    [ PASSED ] CASE: overlappingAcceptIsRejectedWithoutCreatingAPendingQueue (30041650 ns)
    [ PASSED ] CASE: stoppedCloseAdmissionHasNoNativeEffectAndListenerRemainsUsable (204995 ns)
    [ PASSED ] CASE: gracefulAndAbortTerminalOwnersAreStableAndWakeAccept (140566 ns)
    TCS: M8002UdpSocketTest, time elapsed: 33242985 ns, RESULT:
    [ PASSED ] CASE: datagramBoundariesAndOwnedPayloadSurviveScratchReuse (166590 ns)
    [ PASSED ] CASE: exactCapacityAndTruncationDiscardOnlyTheCurrentDatagramTail (116217 ns)
    [ PASSED ] CASE: connectedSocketSelectsNativePeerAndFiltersOtherSenders (187369 ns)
    [ PASSED ] CASE: invalidAndUnsupportedInputsLeaveSocketReusable (1631303 ns)
    [ PASSED ] CASE: cancellationDeadlineCloseAndAbortRetainDistinctState (30395308 ns)
    TCS: NetworkFoundationContractTest, time elapsed: 39688371 ns, RESULT:
    [ PASSED ] CASE: unixEndpointFormsAreDistinctAndOwned (14997 ns)
    [ PASSED ] CASE: unixEndpointRejectsUnboundedNames (29483 ns)
    [ PASSED ] CASE: rawSocketCapabilityBoundaryRequiresDomainSpecificProtocol (39384 ns)
    [ PASSED ] CASE: cancelledConnectFailsBeforeSocketCreation (37286 ns)
    [ PASSED ] CASE: tcpStreamCancellationDistinguishesUntouchedFromAbortedDelegate (80216 ns)
    [ PASSED ] CASE: tcpStreamGracefulCloseIsRetainedAndIdempotent (20974 ns)
    [ PASSED ] CASE: tcpStreamTerminalCloseSkipsStoppedContextsAndCallerClock (76275 ns)
    [ PASSED ] CASE: tcpStreamNonterminalStoppedCloseAdmissionStillRejects (61653 ns)
    [ PASSED ] CASE: tcpStreamCloseNormalizesContextFailureWithoutTakingOwnership (45630 ns)
    [ PASSED ] CASE: tcpStreamAbortRetainsItsCauseAndConnectionFacts (103673 ns)
    [ PASSED ] CASE: tcpStreamDirectionalShutdownPublishesOnlySuccessfulTransitions (54071 ns)
    [ PASSED ] CASE: tcpStreamReadShutdownRejectsEveryReadPathWithoutLosingWrites (77781 ns)
    [ PASSED ] CASE: tcpStreamWriteShutdownRejectsEveryWritePathWithoutLosingReads (66077 ns)
    [ PASSED ] CASE: tcpStreamEmptyOperationsRemainImmediateAfterDirectionalShutdown (25018 ns)
    [ PASSED ] CASE: tcpStreamReadExactAddsCapturedEndpointsToUnexpectedEof (44405 ns)
    [ PASSED ] CASE: tcpStreamReadKeepsPeerEofGraceful (20601 ns)
    [ PASSED ] CASE: tcpStreamReadExactMergesCapturedAndStructuredEndpointMetadata (58852 ns)
    [ PASSED ] CASE: tcpStreamIoConflictsRetainCapturedEndpointsWithoutClosing (125941 ns)
    [ PASSED ] CASE: tcpStreamDirectionalShutdownDoesNotPromoteWokenIoToFailure (118574 ns)
    [ PASSED ] CASE: tcpStreamFinalShutdownRemainsGracefulWhenItWakesIo (58988 ns)
    [ PASSED ] CASE: tcpStreamFailuresRetainOriginalErrorAndReleaseDelegate (102404 ns)
    [ PASSED ] CASE: tcpStreamRetainsNativeCancellationOwnership (1220458 ns)
    [ PASSED ] CASE: tcpStreamNormalizesUnexpectedDelegateFailures (220452 ns)
    [ PASSED ] CASE: tcpStreamPrecancelledIoCannotClaimAnotherClosesOwnership (123184 ns)
    [ PASSED ] CASE: tcpStreamCancellationOwnershipSurvivesOtherObservers (86026 ns)
    [ PASSED ] CASE: tcpStreamAbortCannotRelabelClaimedGracefulNativeClose (34855 ns)
    [ PASSED ] CASE: tcpStreamAbortOwnershipSurvivesCompetingIoAndLateCloseFailure (67503 ns)
    [ PASSED ] CASE: tcpStreamCancellationBoundsCloseWaitAndLateSuccessRemainsGraceful (79433 ns)
    [ PASSED ] CASE: tcpStreamJoiningBackgroundCloseWaitsForCompletion (28682677 ns)
    [ PASSED ] CASE: tcpStreamDeadlineBoundsCloseWaitAndLateSuccessRemainsGraceful (73525 ns)
    [ PASSED ] CASE: tcpStreamLateCloseFailurePublishesFailedWithoutReplacingCallerCancellation (102891 ns)
    [ PASSED ] CASE: tcpStreamAbortRemainsTerminalWhenDetachedCloseFailsLate (101103 ns)
    [ PASSED ] CASE: tcpStreamCloseKeepsGracefulCauseWhenItWakesARead (47359 ns)
    [ PASSED ] CASE: unsafeOptionValueIsBoundedAndOwnedWithoutApplyingIt (110624 ns)
    [ PASSED ] CASE: datagramResultEnforcesTheIpv4PayloadBound (2902223 ns)
    [ PASSED ] CASE: datagramResultSurvivesReceiveBufferReuse (18707 ns)
Summary: TOTAL: 103
    PASSED: 103, SKIPPED: 0, ERROR: 0
    FAILED: 0
--------------------------------------------------------------------------------------------------
TP: wirestack.internal.tls_engine, time elapsed: 26625006337 ns, RESULT:
    TCS: TlsConnectionTest, time elapsed: 17754282 ns, RESULT:
    [ PASSED ] CASE: handshakeTransfersOwnershipAndPlaintextIoUsesTheEngine (1071029 ns)
    [ PASSED ] CASE: oneReadAndOneWriteMayOverlapButSecondReadFailsImmediately (1046451 ns)
    [ PASSED ] CASE: handshakeFailureAbortsTransportAndReleasesEngineExactlyOnce (139654 ns)
    [ PASSED ] CASE: expiredHandshakeDeadlineStillConsumesAndAbortsBothInputs (139551 ns)
    [ PASSED ] CASE: ioFailureAbortsAndRepeatedTerminalCallsDoNotReleaseTwice (942476 ns)
    [ PASSED ] CASE: unsupportedHalfCloseDoesNotMutateAnOpenConnection (231734 ns)
    [ PASSED ] CASE: concurrentCloseAndAbortReleaseUnderlyingResourcesOnce (9007040 ns)
    [ PASSED ] CASE: gracefulCloseSendsAndProcessesCloseNotifyBeforeReleasingResources (244123 ns)
    [ PASSED ] CASE: tcpEofDuringGracefulCloseRetainsTruncationAndStillReleasesEverything (268771 ns)
    [ PASSED ] CASE: expiredCloseBudgetStillClosesTransportAndReleasesEngine (232994 ns)
    [ PASSED ] CASE: abortNeverAttemptsTlsShutdownAndRetainsLocalAbortEvidence (118991 ns)
    [ PASSED ] CASE: tcpEofDuringApplicationReadRetainsTruncationBeforeAbort (972760 ns)
    [ PASSED ] CASE: peerCloseNotifyProducesEofEvidenceAndRejectsNewApplicationWrites (1047228 ns)
    TCS: Net06TlsTransportCleanupGateTest, time elapsed: 2553157 ns, RESULT:
    [ PASSED ] CASE: failedHandshakesDisposeEngineAndTransportExactlyOnce (2293866 ns)
    TCS: TlsContextTest, time elapsed: 5789424 ns, RESULT:
    [ PASSED ] CASE: linuxCapabilitiesAreExplicitAndNeverInferredFromProviderNames (19873 ns)
    [ PASSED ] CASE: defaultSystemTrustFailsAtBuildUntilLinuxAdapterIsAvailable (179389 ns)
    [ PASSED ] CASE: modernClientContextIsImmutableAndConcurrentShareable (598013 ns)
    [ PASSED ] CASE: strictTls13RejectsAnyTls12Override (139100 ns)
    [ PASSED ] CASE: missingTls13AndHttp2CapabilitiesFailBeforeHandshake (129130 ns)
    [ PASSED ] CASE: alpnRejectsEmptyAndDuplicateProtocolNames (531428 ns)
    [ PASSED ] CASE: serverRequiresServerIdentityAndMtlSTrustAtBuildTime (1509088 ns)
    [ PASSED ] CASE: clientIdentityCapabilityIsValidatedAtBuildTime (1401514 ns)
    TCS: TlsEnginePumpTest, time elapsed: 269313007 ns, RESULT:
    [ PASSED ] CASE: awsLcClientEngineProducesAClientHelloWithoutSocketIo (50039243 ns)
    [ PASSED ] CASE: strictTls13PolicyIsAcceptedByTheNativeEngine (149977 ns)
    [ PASSED ] CASE: LinuxSystemTrustLoadsExplicitlyAndSniStaysSeparateFromReferenceIdentity (20791296 ns)
    [ PASSED ] CASE: customRootChainIsLoadedIntoARealAwsLcClientEngine (396132 ns)
    [ PASSED ] CASE: spkiPinPolicyConfiguresTheNativeVerificationPathBeforeHandshake (164266 ns)
    [ PASSED ] CASE: matchingSpkiPinCompletesARealClientServerHandshake (10646124 ns)
    [ PASSED ] CASE: matchingSpkiPinDoesNotBypassReferenceIdentityVerification (13052361 ns)
    [ PASSED ] CASE: realAwsLcEnginesExchangeCloseNotifyInBothDirections (13737019 ns)
    [ PASSED ] CASE: handshakeInfoReportsNegotiatedAlpnPeerChainAndVerificationEvidence (10573016 ns)
    [ PASSED ] CASE: tls13TicketResumesAcrossFreshEnginesWithoutEarlyData (13213077 ns)
    [ PASSED ] CASE: tls12TicketResumesAcrossFreshEngines (12708118 ns)
    [ PASSED ] CASE: sniSelectsTheCompleteImmutableContextAndItsCertificate (13086967 ns)
    [ PASSED ] CASE: sniSelectorRejectsMissingAndUnknownNamesWithStableEvidence (17978223 ns)
    [ PASSED ] CASE: noSharedAlpnFailsTheHandshakeInsteadOfSilentlySelectingNothing (8258693 ns)
    [ PASSED ] CASE: requiredMutualTlsUsesClientIdentityAndReturnsServerVerificationEvidence (10968315 ns)
    [ PASSED ] CASE: requiredMutualTlsRejectsMissingClientIdentityButOptionalAllowsIt (12947678 ns)
    [ PASSED ] CASE: mismatchedSpkiPinFailsARealClientServerHandshake (9666994 ns)
    [ PASSED ] CASE: externalSignerCompletesARealHandshakeOutsideTheNativeCallback (28251600 ns)
    [ PASSED ] CASE: externalSignerExceptionFailsClosedWithoutCrossingTheCAbi (8823117 ns)
    [ PASSED ] CASE: cancellationBeforeSignerInvocationFailsThePendingNativeOperation (9453291 ns)
    [ PASSED ] CASE: pumpHandlesWantReadWriteAndPartialIoWithBoundedBuffers (44863 ns)
    [ PASSED ] CASE: wantWriteWithoutCiphertextFailsInsteadOfSpinning (88907 ns)
    [ PASSED ] CASE: eofDuringWantReadRetainsTlsHandshakeEvidence (64565 ns)
    [ PASSED ] CASE: preCancellationStopsBeforeCallingProviderOrTransport (68479 ns)
    [ PASSED ] CASE: expiredDeadlineStopsBeforeCallingProviderOrTransport (86213 ns)
    TCS: LocalIdentityTest, time elapsed: 4489502 ns, RESULT:
    [ PASSED ] CASE: pkcs8InputIsExactBoundedAndZeroizable (508192 ns)
    [ PASSED ] CASE: pkcs8FileAdapterReadsOneBoundedRegularFile (509114 ns)
    [ PASSED ] CASE: localIdentityValidatesLeafKeyMatchAndHasStablePublicIdentity (1452496 ns)
    [ PASSED ] CASE: mismatchedCertificateAndPrivateKeyFailAtIdentityBuild (726556 ns)
    [ PASSED ] CASE: externalSignerAndSystemHandleShareOneOpaqueKeyContract (364145 ns)
    [ PASSED ] CASE: duplicateSignerAlgorithmsAndMismatchedSpkiFailAtBuild (340022 ns)
    TCS: M3028TlsFuzzTest, time elapsed: 26322473966 ns, RESULT:
    [ PASSED ] CASE: recordMutationsHaveDeterministicTypedTerminals (10244878325 ns)
    [ PASSED ] CASE: handshakeMutationsHaveDeterministicTypedTerminals (10083723374 ns)
    [ PASSED ] CASE: certificateAdapterMutationsHaveDeterministicTypedTerminals (5993106855 ns)
    TCS: TlsProviderSubstitutionTest, time elapsed: 1476818 ns, RESULT:
    [ PASSED ] CASE: testProviderUsesTheProductionFactoryContract (332828 ns)
    [ PASSED ] CASE: objectsFromDifferentProviderInstancesCannotMix (426960 ns)
    [ PASSED ] CASE: activeEngineRetainsProviderUntilItCloses (25986 ns)
    TCS: TlsSessionStoreTest, time elapsed: 370273 ns, RESULT:
    [ PASSED ] CASE: boundedLruExpiryAndSingleUseAreDeterministic (42763 ns)
    [ PASSED ] CASE: everySecurityPartitionDimensionPreventsReuse (59581 ns)
Summary: TOTAL: 61
    PASSED: 61, SKIPPED: 0, ERROR: 0
    FAILED: 0
--------------------------------------------------------------------------------------------------
TP: wirestack.internal.resolver, time elapsed: 41045878 ns, RESULT:
    TCS: M2006AppleSystemResolverTest, time elapsed: 11684291 ns, RESULT:
    [ PASSED ] CASE: resolvesLocalhostThroughTheProviderNeutralContract (9395667 ns)
    [ PASSED ] CASE: fixtureReturnsAllCandidatesWithoutInventingTtl (31422 ns)
    [ PASSED ] CASE: fixtureAppliesFamilyAndResultBounds (21523 ns)
    [ PASSED ] CASE: fixtureMapsPosixFailuresAndUnknownCodes (22278 ns)
    [ PASSED ] CASE: fixtureCancellationAndDeadlineReturnBeforeNativeCleanup (17606 ns)
    [ PASSED ] CASE: newResolutionObservesNetworkGenerationChange (19770 ns)
    [ PASSED ] CASE: validatesBoundsAndRejectsUseAfterClose (133450 ns)
    [ PASSED ] CASE: fixtureBoundsAdmissionAndReleasesQueuedWorkAfterClose (20407 ns)
    TCS: M2003BoundedResolverBackendTest, time elapsed: 19548978 ns, RESULT:
    [ PASSED ] CASE: resolvesLocalhostWithBoundedMetricsAndIdempotentClose (7904683 ns)
    [ PASSED ] CASE: appliesIpv4FamilyAndRejectsUseAfterClose (9787775 ns)
    [ PASSED ] CASE: validatesPoolBounds (55500 ns)
    [ PASSED ] CASE: nativeFamilyValidationFailsClosedAndPollingBackoffIsBounded (47314 ns)
    [ PASSED ] CASE: preCancelledContextDoesNotSubmitNativeWork (179205 ns)
    [ PASSED ] CASE: delayedNativeWorkDoesNotStarveCangjieHeartbeat (17777 ns)
    [ PASSED ] CASE: cancellationCompletesPromptlyWhileNativeJobCleansUp (17992 ns)
    [ PASSED ] CASE: deadlineCompletesPromptlyWhileNativeJobCleansUp (17779 ns)
    [ PASSED ] CASE: queueAdmissionIsStrictlyBounded (15391 ns)
    TCS: ResolverContractTest, time elapsed: 616356 ns, RESULT:
    [ PASSED ] CASE: resultOwnsDeduplicatedAddressesAndDoesNotInventTtl (50318 ns)
    [ PASSED ] CASE: staticResolverFiltersFamiliesAndHonorsPreCancellation (67177 ns)
    [ PASSED ] CASE: rejectsEmptyFamilyResultAndInvalidLimits (42429 ns)
    TCS: M2002ResolverPublicContractTest, time elapsed: 963468 ns, RESULT:
    [ PASSED ] CASE: resultOwnsAllTypedCandidatesWithoutInventingTtl (50530 ns)
    [ PASSED ] CASE: staticResolverAppliesFamilyAndResultBounds (41965 ns)
    [ PASSED ] CASE: errorsRetainStablePublicCoordinates (57912 ns)
    [ PASSED ] CASE: cancellationAndDeadlineRemainDistinct (54289 ns)
    [ PASSED ] CASE: constructorsRejectInvalidBoundsAndDiagnostics (42697 ns)
    TCS: M2004WindowsSystemResolverTest, time elapsed: 7787538 ns, RESULT:
    [ PASSED ] CASE: resolvesLocalhostThroughTheProviderNeutralContract (6512606 ns)
    [ PASSED ] CASE: fixtureReturnsAllCandidatesWithoutInventingTtl (35602 ns)
    [ PASSED ] CASE: fixtureAppliesFamilyAndResultBounds (16378 ns)
    [ PASSED ] CASE: fixtureMapsWinsockFailuresAndUnknownCodes (19094 ns)
    [ PASSED ] CASE: fixtureCancellationAndDeadlineReturnBeforeNativeCleanup (18798 ns)
    [ PASSED ] CASE: validatesBoundsAndRejectsUseAfterClose (124842 ns)
Summary: TOTAL: 31
    PASSED: 31, SKIPPED: 0, ERROR: 0
    FAILED: 0
--------------------------------------------------------------------------------------------------
TP: wirestack.internal.transport_stdnet, time elapsed: 227474868 ns, RESULT:
    TCS: StdNetTransportListenerTest, time elapsed: 90983133 ns, RESULT:
    [ PASSED ] CASE: listenerRejectsOutOfRangeBacklogBeforeBinding (290279 ns)
    [ PASSED ] CASE: listenerPreCancelledAndExpiredAcceptsFailFast (233492 ns)
    [ PASSED ] CASE: listenerDeadlineBoundsBlockedAcceptAndListenerRemainsUsable (38295127 ns)
    [ PASSED ] CASE: listenerCancellationWakesActiveAcceptAndListenerRemainsUsable (40000067 ns)
    [ PASSED ] CASE: listenerCloseWakesActiveAcceptWithStructuredErrorAndIsIdempotent (10814162 ns)
    TCS: M123TransportDiagnosticsTest, time elapsed: 821137 ns, RESULT:
    [ PASSED ] CASE: stdNetReportsRuntimeEndpointsAndCapabilitiesWithoutGuessingIoBackend (335144 ns)
    [ PASSED ] CASE: deterministicTransportUsesTheSameProviderNeutralContract (60392 ns)
    TCS: M127BackgroundFastPathTest, time elapsed: 35324306 ns, RESULT:
    [ PASSED ] CASE: backgroundAndObservedPathsTransferEquivalentData (281328 ns)
    [ PASSED ] CASE: backgroundPeerCloseRemainsEof (180474 ns)
    [ PASSED ] CASE: backgroundLocalCloseRaceRemainsClosed (1224902 ns)
    [ PASSED ] CASE: backgroundStillRejectsConcurrentReaders (1251141 ns)
    [ PASSED ] CASE: cancellableAndDeadlineContextsRetainGenericChecks (203385 ns)
    [ PASSED ] CASE: deadlineTimeoutIsClearedBeforeBackgroundRead (31093270 ns)
    TCS: Net06CancellationGateTest, time elapsed: 14252909 ns, RESULT:
    [ PASSED ] CASE: cancelledReadsReleaseSocketsWaitersAndTasks (13909633 ns)
    TCS: StdNetTransportTest, time elapsed: 83439144 ns, RESULT:
    [ PASSED ] CASE: writeSomeIsPartialAndReusesBoundedConnectionStaging (479075 ns)
    [ PASSED ] CASE: wholeArrayReadAndWriteBypassStagingForATypicalTlsRecord (3741944 ns)
    [ PASSED ] CASE: subrangesRetainBoundedStagingAndCopyAccounting (284678 ns)
    [ PASSED ] CASE: connectsByResolvedIpAndTransfersBothDirections (189785 ns)
    [ PASSED ] CASE: emptyOperationsAreImmediate (134129 ns)
    [ PASSED ] CASE: unsupportedHalfClosePreservesBothDirections (264508 ns)
    [ PASSED ] CASE: cancellationAbortRemainsNativeOwnerAfterLaterClose (1220969 ns)
    [ PASSED ] CASE: listenerCloseWakesBlockedAcceptAsClosed (1461522 ns)
    [ PASSED ] CASE: cancellingOneAcceptLeavesListenerReusable (32431110 ns)
    [ PASSED ] CASE: preCancelledConnectDoesNotCreateASocket (54953 ns)
    [ PASSED ] CASE: peerGracefulCloseIsReportedAsEof (182157 ns)
    [ PASSED ] CASE: deadlineBoundsBlockedReadWithoutClosingConnection (31430264 ns)
    [ PASSED ] CASE: localCloseMapsBlockedReadWithStableEvidence (3039057 ns)
    [ PASSED ] CASE: explicitAbortWakesBlockedReadWithStableEvidence (2055015 ns)
    [ PASSED ] CASE: gracefulNativeCloseRemainsGracefulAfterLaterAbort (254428 ns)
    [ PASSED ] CASE: explicitAbortRemainsNativeOwnerAfterLaterClose (571955 ns)
    [ PASSED ] CASE: unknownConnectFailureMapsWithoutMessageOrNativeCode (206877 ns)
    [ PASSED ] CASE: concurrentReadsFailWithoutDisturbingTheActiveRead (1259466 ns)
    [ PASSED ] CASE: happyEyeballsComposesWithTheDefaultStdNetFactory (380471 ns)
Summary: TOTAL: 50
    PASSED: 33, SKIPPED: 17, ERROR: 0
    FAILED: 0
--------------------------------------------------------------------------------------------------
Project tests finished, time elapsed: 44958523097 ns, RESULT:
TP: wirestack.*, time elapsed: 44958461531 ns, RESULT:
    PASSED:
    TP: wirestack.internal.platform.linux, time elapsed: 9627512 ns
    TP: wirestack.internal.common, time elapsed: 2995308 ns
    TP: wirestack.internal.transport, time elapsed: 191192671 ns
    TP: wirestack.internal.trust, time elapsed: 39908745 ns
    TP: wirestack.internal.http2, time elapsed: 3059049798 ns
    TP: wirestack.internal.resolver, time elapsed: 41045878 ns
    TP: wirestack.internal.tls_engine, time elapsed: 26625006337 ns
    TP: wirestack.internal.connector, time elapsed: 12498741 ns
    TP: wirestack.tls, time elapsed: 89168424 ns
    TP: wirestack.internal.http1, time elapsed: 1546561056 ns
    TP: wirestack.internal.transport_stdnet, time elapsed: 227474868 ns
    TP: wirestack.net, time elapsed: 1566098673 ns
    TP: wirestack.http, time elapsed: 11406548634 ns
Summary: TOTAL: 781
    PASSED: 758, SKIPPED: 23, ERROR: 0
    FAILED: 0
--------------------------------------------------------------------------------------------------
cjpm test success
