M7-022 Linux release soak: FAIL: SOAK_ALREADY_RUNNING: another invocation is active
M0-016 validation: PASS
architecture guard: PASS
{"artifacts": {"api": "docs/api/generated/api-surface.json", "coverage": "docs/api/generated/coverage.json", "docs": "docs/api/generated/docs.json", "markdown": "docs/api/generated/markdown"}, "cjdoc": {"path": "<repo-root>-pr-worktrees/M8-004-recovery-tools/cjdoc/bin/cjdoc", "version": "0.7.2"}, "combined": {"apiEntries": 1481, "apiSha256": "cb8de6f898a5ba5fc54f3f084cf15df9d40b1504f9be408e286802a2370d80cc", "coverage": {"parameters": {"documented": 717, "percent": 100, "total": 717}, "symbols": {"documented": 1481, "percent": 100, "total": 1481}}, "coverageSha256": "4fcb7e38bfcd9a89ac1a8a3c695c14de6d6dc4383905b9fa4a59deeb9f29ee1d", "declarations": 2450, "docsSha256": "7c7955fdf8cf5754cac71ebf6351ea099c59e726216d6a6cdc3b32bdc40bf7d4", "markdownSha256": "988b54088600cbe0a4c63d442b309d59a3f11ecb93cf3db6b5ced6bd4f632518", "package": "combined", "status": "PASS"}, "commands": [{"kind": "check", "package": "wirestack", "returncode": 0, "status": "PASS", "stderr": "documentation coverage: symbols 662/662 (100%), parameters 262/262 (100%)\n", "stderr_truncated": false, "stdout": "", "stdout_truncated": false}, {"kind": "generate", "package": "wirestack", "returncode": 0, "status": "PASS", "stderr": "", "stderr_truncated": false, "stdout": "generated /tmp/wirestack-m7-033-kp6insjp/wirestack/output\n", "stdout_truncated": false}, {"kind": "check", "package": "wirestack.http", "returncode": 0, "status": "PASS", "stderr": "documentation coverage: symbols 1064/1064 (100%), parameters 482/482 (100%)\n", "stderr_truncated": false, "stdout": "", "stdout_truncated": false}, {"kind": "generate", "package": "wirestack.http", "returncode": 0, "status": "PASS", "stderr": "", "stderr_truncated": false, "stdout": "generated /tmp/wirestack-m7-033-kp6insjp/wirestack-http/output\n", "stdout_truncated": false}, {"kind": "check", "package": "wirestack.tls", "returncode": 0, "status": "PASS", "stderr": "documentation coverage: symbols 838/838 (100%), parameters 326/326 (100%)\n", "stderr_truncated": false, "stdout": "", "stdout_truncated": false}, {"kind": "generate", "package": "wirestack.tls", "returncode": 0, "status": "PASS", "stderr": "", "stderr_truncated": false, "stdout": "generated /tmp/wirestack-m7-033-kp6insjp/wirestack-tls/output\n", "stdout_truncated": false}, {"kind": "check", "package": "wirestack.net", "returncode": 0, "status": "PASS", "stderr": "documentation coverage: symbols 903/903 (100%), parameters 433/433 (100%)\n", "stderr_truncated": false, "stdout": "", "stdout_truncated": false}, {"kind": "generate", "package": "wirestack.net", "returncode": 0, "status": "PASS", "stderr": "", "stderr_truncated": false, "stdout": "generated /tmp/wirestack-m7-033-kp6insjp/wirestack-net/output\n", "stdout_truncated": false}, {"kind": "check", "package": "combined", "returncode": 0, "status": "PASS", "stderr": "documentation coverage: symbols 1481/1481 (100%), parameters 717/717 (100%)\n", "stderr_truncated": false, "stdout": "", "stdout_truncated": false}, {"kind": "generate", "package": "combined", "returncode": 0, "status": "PASS", "stderr": "", "stderr_truncated": false, "stdout": "generated /tmp/wirestack-m7-033-kp6insjp/combined/output\n", "stdout_truncated": false}], "expectedCjdoc": "0.7.2", "generatedAtUtc": "2026-09-14T11:42:45.409294Z", "issues": [], "layers": [{"apiEntries": 662, "apiSha256": "18ef8b0e5e6dd34daae0b7bfc98e0c0c370f7237eb07e72e432c76a13726a88e", "coverage": {"parameters": {"documented": 262, "percent": 100, "total": 262}, "symbols": {"documented": 662, "percent": 100, "total": 662}}, "coverageSha256": "a33481d03da902371e26245f67bb94f450d89ef66b9c0ad36bac6970eaf207b4", "declarations": 808, "docsSha256": "df3c07c4f0458a36021e9f7928e3e0fdbde27785c527e9d40ac60e00094f1014", "markdownSha256": "3055a19762b460c1f977ca0ed29a1154c7af8cda9d232351ef2bba0e2b409b45", "package": "wirestack", "status": "PASS"}, {"apiEntries": 1064, "apiSha256": "df063511115594aeb57225f01bb32c12549ec6888a45469c93fd0f19a7229a49", "coverage": {"parameters": {"documented": 482, "percent": 100, "total": 482}, "symbols": {"documented": 1064, "percent": 100, "total": 1064}}, "coverageSha256": "a5043809b426f1ca07c8ae09cfd3230e98484f4d664c61af9e977222ce072dfc", "declarations": 1732, "docsSha256": "7c220e541cac8832664b2ca81fd572a9672e1f111437a759d3eecef581d186af", "markdownSha256": "b90982339ea708b7f7715aac927745b2581b6855195119690f6e0f5582139392", "package": "wirestack.http", "status": "PASS"}, {"apiEntries": 838, "apiSha256": "3de4d04409af0f532e8a5ccb3cf2790eafbcecbc9e2d8b92144e2e2db31fcdc0", "coverage": {"parameters": {"documented": 326, "percent": 100, "total": 326}, "symbols": {"documented": 838, "percent": 100, "total": 838}}, "coverageSha256": "9911e669daf6b58625ce5c52ba3482cd983ccf34a95439d3d47d87113d5757c1", "declarations": 1014, "docsSha256": "9f261ea3c18964b0dfa3d252e0d00bc0f1e37f0788b8679e97f7cce31d4ed15b", "markdownSha256": "f11ae8b6080dd249c5c33562a00732f7bbd35c67e423c0bcfc39ae9935b07646", "package": "wirestack.tls", "status": "PASS"}, {"apiEntries": 903, "apiSha256": "cd4df30531ee0650e00fcd40cfbb9e53492082530725e8a9be73be80110505cd", "coverage": {"parameters": {"documented": 433, "percent": 100, "total": 433}, "symbols": {"documented": 903, "percent": 100, "total": 903}}, "coverageSha256": "6371ebd2d7a1b2ee19d799c9f26f93f4c0d25f2647e34ee6622e4e4a29d4b78a", "declarations": 1320, "docsSha256": "c70598deda76080c81076f9ec59bdcfd7362edc37ddeea322bfc6770e9b54391", "markdownSha256": "c665cef542630b9fbda37c53b17bfede25aa487c50b010430c1047257d4e1bfe", "package": "wirestack.net", "status": "PASS"}], "platform": {"libc": "glibc", "machine": "x86_64", "system": "Linux"}, "schemaVersion": 1, "sourceSha256": {"src/byte_span.cj": "4b38c6d184e172a56f0c39308294cbd2485ff683aba4f27028abe07c2b4661c4", "src/cancellation.cj": "c023b65acab9740096dc1ec9a770cf59d7361b2fec3dcdeebb3cc6033d78034d", "src/common.cj": "7a6d9bf1bd56bb9c5209152b2482dee044027f8d348233dcd6cc7b87d1c866e3", "src/deadline.cj": "15c5fd0c7f2dcfb4be7150359990c7c35cde11aa3332f80a9efe9f79e431a7c4", "src/hostname_verifier.cj": "a0d06b89cf163b91339e5690bf1d15d8e94bd4912c2792b35e0cdd09d4e34989", "src/http/cancellation.cj": "8ff94be6a771af4c56dab7dc982fca0a16e6df1da4d1a14303dfc179f9225537", "src/http/client.cj": "97131a36c964f68cbc6697a87a4fd5fe81a5a0d146dee3355b4386a47f97c628", "src/http/cookie.cj": "5326d61b5121e75e56750a29c960dc97e9b7fc34ba10f62236e3b19adbaee1d8", "src/http/duplex.cj": "e81f52f4efbc0b728a1891d67bc0f3a6292af471d16d992b65e2055e44ffac24", "src/http/error.cj": "d88c54a157e02063ab4048c197631daba3642a9618672841e4b98d3a25d275ad", "src/http/file_handler.cj": "2706ddeadba5c448a9bdf9ed1b604d5fe56c527b001d28ecb3b558b93728df74", "src/http/hooks.cj": "0b6016a645fd69bbb8743e5abfed22b4c325286a450587b4ff87b722ef04f2ed", "src/http/multipart.cj": "506c82b691fa280fc147fa7d6f73aa5ed7b1045f5fa1122bd7c667a62aead36e", "src/http/package.cj": "edae278034e8047e77649badec506b86ff2e6f3fc530d3eaf68394f77ff43ca0", "src/http/proxy.cj": "9576c9b153192c93943911557e8cce25f567e5ad0357074189437cc17af6fe1d", "src/http/redirect.cj": "e7e9f07fa0bb79299e46c1320b32daf238e702b66fcb8e1368439723d74d96b4", "src/http/resolver.cj": "8c44e5ff6961122d6483c22546a26dab02e8414b88d5e18b954ddcf0b3ff29e4", "src/http/retry.cj": "e889370833f2d5b7df07d4cd13aa3068ab6262e1c2252728cbcc99c788b4199b", "src/http/server.cj": "52ede5995cf2b5ac64948b36334eadd9782cdcaa26e4c2bf3914a85e25cdb529", "src/http/tls.cj": "b232989ad8c4e73d4480dcae4ce40aae55fbedf9ce13b5922cc61b8a6e8a1e62", "src/http/upgrade.cj": "3bf29c0ad5b9fd19f5b2d994d36abcf76cbcc7d22d46c18991378aab705e0f73", "src/http/websocket.cj": "1eafd0d9f728592adea31d4397a8173c98d6ad3551ab4ed84d3b77623b787ba7", "src/http/websocket_handshake.cj": "db5d899be8d22022db1e7aed502ad36c3cc5e52d6dbae8dce53112f797276d59", "src/http_body.cj": "49b72ad2517213133eb693a190061050b655edb02df01eaa414db216c60fc4fe", "src/http_contract.cj": "39d7fe3885f50211393d9e03dc478b7370566bf7b7b3d3f20d0a5d3de3dc9259", "src/http_message.cj": "4033d25f42135e43f498f11d2b459512dcb7c45bce6e91efaa85b18a053e8ef1", "src/http_model.cj": "993ad73017a4da224b98f851e1e39d46fe6016502044b934f7ab191fb0da5a8c", "src/http_push.cj": "5dde5a1ff4cee87c947c1867e56fe0e7b9d2a38e2ca91a597f5a8deb4c2fc20f", "src/http_url.cj": "074cc811771e49030292b278252947af9f29476f67e9fd53f6a82ac473690955", "src/net/datagram_socket_core.cj": "2095e7d3a02c805c3018badf7045b0d76a42a56e101a2e08867f32b676c34ae6", "src/net/dns_client.cj": "a63095f98489b93b83f76cebc878678391d338f9080e15cf2ea7277ff6562622", "src/net/dns_resolver.cj": "65b410bda4ed26d315848f68bdd70b432101153b12e3c5d6dcccd8bea14ec183", "src/net/dns_wire.cj": "08b6bfb5fb7b46502a2a897f44a251765947359408398bcb93442504de28bde0", "src/net/package.cj": "05ee39721856fab3dc82dc4a83baaa0adfd9bb8af4fb38e0af41d4f5cb4430cc", "src/net/tcp_listener.cj": "7735311cd3aa657a3be9a37216cb5a1b404854932ab66480ea78b9f42a2b2b1f", "src/net/udp_socket.cj": "a59cba97d797a3800338f6a8594bfcd0f93456fc926421b2f9bce81149c9546b", "src/net/unix_datagram_socket.cj": "7447856c277d45d943087e3285fd0ade950cf7047fbf232052e1cd9d0a730511", "src/net/unix_listener.cj": "aa964800977f95ff67a6351a91c16d950324bbe0c50d7b01c5f1484f06e01967", "src/net/unix_stream.cj": "399aeac5d19f6457e2342fd7b1af3a76943f00db50a21c1474bed3b3141acb8b", "src/network_error.cj": "4e272f9b9887804f0de87ec032d442a69b49803da66bffa005b7f0282aadc5e5", "src/network_event.cj": "55d93c151752e76c80c441e4bfc639f7d6da77e89ed582bae2ba6a43cdcc3084", "src/operation_context.cj": "523a1c1efaab2f3e6ba0755386460ea504a2caa8ef1453a18134f950c6e1234d", "src/package.cj": "f9035aacfa24f06fe88eda3f16a5cbcf5dbf482b2d86776ea27e09e4861e93d7", "src/private_key_contract.cj": "cb03bb9badc0552c2ac66dbb6bf4842559b5ea17b2aa77284e817a78d63c6e84", "src/resolver.cj": "7b2129a0e3fd4be72ad2dd6adaf0053d5de23a08214157c931d38d7627154b23", "src/tls/facade.cj": "e7d4d1be6695abeb50c9ca8490817f2ef56b9a812f5be58cf9717ec4d3992077", "src/tls/identity.cj": "055c4232b9e44ff3cc768a09f023cd7a19174f5ce0d4dc263ca675af90660d19", "src/tls/package.cj": "5afa752de915ccff3866a81b9dbd0e6d3da1df01e1ecfa7180eb42709694d2b9", "src/tls_contract.cj": "1cbeb94013b9a2b946dd731b335554340862388feadf354162a2f2320bb6dac1", "src/transport.cj": "6781aa3bf538523e02c4807eebff7ac37a773e5dc9bdb427e6a56ace3a0b7033", "src/trust.cj": "f64b49d84a58e034e3976089211f7b645b42e5bc51dbc353f2e0bcec14d17aba"}, "status": "PASS", "targetCfg": {"arch": "x86_64", "env": "gnu", "os": "Linux"}, "taskId": "M7-033"}
The valid serial compilation order is:
    wirestack -> wirestack.internal -> wirestack.internal.identity -> wirestack.internal.platform -> wirestack.internal.platform.android -> wirestack.internal.platform.apple -> wirestack.internal.platform.harmony -> wirestack.internal.platform.linux -> wirestack.internal.platform.windows -> wirestack.internal.common -> wirestack.internal.http_files -> wirestack.internal.http_model -> wirestack.internal.transport -> wirestack.internal.trust -> wirestack.internal.http2 -> wirestack.internal.resolver -> wirestack.internal.tls_engine -> wirestack.internal.connector -> wirestack.tls -> wirestack.internal.http1 -> wirestack.internal.transport_stdnet -> wirestack.net -> wirestack.http
cjpm check success
cjpm build success
--------------------------------------------------------------------------------------------------
TP: wirestack.internal.connector, time elapsed: 13651180 ns, RESULT:
    TCS: AttemptPlanTest, time elapsed: 2694509 ns, RESULT:
    [ PASSED ] CASE: alternatesFamiliesAndPreservesFamilyOrder (544517 ns)
    [ PASSED ] CASE: firstFamilyControlsPreferenceAndDuplicatesAreRemoved (72894 ns)
    [ PASSED ] CASE: distinctIpv6ZonesAreNotDeduplicated (46607 ns)
    [ PASSED ] CASE: rejectsEmptyCandidatesAndNegativeDelay (51419 ns)
    TCS: HappyEyeballsConnectorTest, time elapsed: 8966941 ns, RESULT:
    [ PASSED ] CASE: emitsCompleteDnsAttemptAndConnectedLifecycle (323797 ns)
    [ PASSED ] CASE: blackholedFirstCandidateIsCancelledAndJoinedBeforeReturn (6412944 ns)
    [ PASSED ] CASE: ipv6FirstSuccessSkipsLaterIpv4Attempt (191581 ns)
    [ PASSED ] CASE: simultaneousSuccessKeepsOneWinnerAndAbortsEveryLoser (207323 ns)
    [ PASSED ] CASE: allFailuresAreJoinedAndRetainedAsDiagnostics (136909 ns)
    [ PASSED ] CASE: preCancelledParentStartsNeitherDnsNorAttempts (65386 ns)
    [ PASSED ] CASE: parentCancellationAfterSuccessPreventsWinnerPublication (132978 ns)
    [ PASSED ] CASE: deadlineAtSuccessBoundaryPreventsWinnerPublication (161885 ns)
    TCS: ConnectionRouteTest, time elapsed: 1776580 ns, RESULT:
    [ PASSED ] CASE: directRouteRetainsItsLocalOriginResolver (153394 ns)
    [ PASSED ] CASE: explicitProxySeparatesOriginAndProxyDns (93518 ns)
    [ PASSED ] CASE: typedIpTargetsNeverCarryResolvers (133355 ns)
    [ PASSED ] CASE: rejectsDelegatedDnsWithoutAnOwningProxyAndInvalidConnectTargets (122397 ns)
    [ PASSED ] CASE: networkAndTlsParametersAreBoundedAndOwned (478987 ns)
Summary: TOTAL: 17
    PASSED: 17, SKIPPED: 0, ERROR: 0
    FAILED: 0
--------------------------------------------------------------------------------------------------
TP: wirestack.internal.resolver, time elapsed: 51354645 ns, RESULT:
    TCS: M2006AppleSystemResolverTest, time elapsed: 21918820 ns, RESULT:
    [ PASSED ] CASE: resolvesLocalhostThroughTheProviderNeutralContract (19512324 ns)
    [ PASSED ] CASE: fixtureReturnsAllCandidatesWithoutInventingTtl (24276 ns)
    [ PASSED ] CASE: fixtureAppliesFamilyAndResultBounds (29760 ns)
    [ PASSED ] CASE: fixtureMapsPosixFailuresAndUnknownCodes (18342 ns)
    [ PASSED ] CASE: fixtureCancellationAndDeadlineReturnBeforeNativeCleanup (19374 ns)
    [ PASSED ] CASE: newResolutionObservesNetworkGenerationChange (21721 ns)
    [ PASSED ] CASE: validatesBoundsAndRejectsUseAfterClose (130133 ns)
    [ PASSED ] CASE: fixtureBoundsAdmissionAndReleasesQueuedWorkAfterClose (22896 ns)
    TCS: M2003BoundedResolverBackendTest, time elapsed: 19908684 ns, RESULT:
    [ PASSED ] CASE: resolvesLocalhostWithBoundedMetricsAndIdempotentClose (7779970 ns)
    [ PASSED ] CASE: appliesIpv4FamilyAndRejectsUseAfterClose (9790837 ns)
    [ PASSED ] CASE: validatesPoolBounds (90259 ns)
    [ PASSED ] CASE: nativeFamilyValidationFailsClosedAndPollingBackoffIsBounded (55018 ns)
    [ PASSED ] CASE: preCancelledContextDoesNotSubmitNativeWork (224327 ns)
    [ PASSED ] CASE: delayedNativeWorkDoesNotStarveCangjieHeartbeat (28244 ns)
    [ PASSED ] CASE: cancellationCompletesPromptlyWhileNativeJobCleansUp (20855 ns)
    [ PASSED ] CASE: deadlineCompletesPromptlyWhileNativeJobCleansUp (24319 ns)
    [ PASSED ] CASE: queueAdmissionIsStrictlyBounded (23064 ns)
    TCS: ResolverContractTest, time elapsed: 978154 ns, RESULT:
    [ PASSED ] CASE: resultOwnsDeduplicatedAddressesAndDoesNotInventTtl (122079 ns)
    [ PASSED ] CASE: staticResolverFiltersFamiliesAndHonorsPreCancellation (101610 ns)
    [ PASSED ] CASE: rejectsEmptyFamilyResultAndInvalidLimits (62926 ns)
    TCS: M2002ResolverPublicContractTest, time elapsed: 1693851 ns, RESULT:
    [ PASSED ] CASE: resultOwnsAllTypedCandidatesWithoutInventingTtl (84136 ns)
    [ PASSED ] CASE: staticResolverAppliesFamilyAndResultBounds (64060 ns)
    [ PASSED ] CASE: errorsRetainStablePublicCoordinates (130105 ns)
    [ PASSED ] CASE: cancellationAndDeadlineRemainDistinct (167349 ns)
    [ PASSED ] CASE: constructorsRejectInvalidBoundsAndDiagnostics (107460 ns)
    TCS: M2004WindowsSystemResolverTest, time elapsed: 6201827 ns, RESULT:
    [ PASSED ] CASE: resolvesLocalhostThroughTheProviderNeutralContract (4596459 ns)
    [ PASSED ] CASE: fixtureReturnsAllCandidatesWithoutInventingTtl (29401 ns)
    [ PASSED ] CASE: fixtureAppliesFamilyAndResultBounds (22284 ns)
    [ PASSED ] CASE: fixtureMapsWinsockFailuresAndUnknownCodes (22363 ns)
    [ PASSED ] CASE: fixtureCancellationAndDeadlineReturnBeforeNativeCleanup (23678 ns)
    [ PASSED ] CASE: validatesBoundsAndRejectsUseAfterClose (147346 ns)
Summary: TOTAL: 31
    PASSED: 31, SKIPPED: 0, ERROR: 0
    FAILED: 0
--------------------------------------------------------------------------------------------------
TP: wirestack.http, time elapsed: 12335799070 ns, RESULT:
    TCS: RequestBodyTest, time elapsed: 1766621 ns, RESULT:
    [ PASSED ] CASE: byteBodiesOwnInputAndReplayWithIndependentOffsets (266119 ns)
    [ PASSED ] CASE: emptyAndUtf8StringBodiesHaveExactLengths (24783 ns)
    [ PASSED ] CASE: oneShotBodyCanOnlyBeClaimedOnce (51651 ns)
    [ PASSED ] CASE: factoryMustReturnTheDeclaredLengthAndMismatchIsClosed (33301 ns)
    [ PASSED ] CASE: closedStreamRejectsFurtherReads (29631 ns)
    [ PASSED ] CASE: fileBodyStreamsAndReopensWithoutEagerReads (180067 ns)
    [ PASSED ] CASE: fileBodyRejectsOversizeAndChangesBeforeOpen (101008 ns)
    TCS: HttpClientExtensionsTest, time elapsed: 39049136 ns, RESULT:
    [ PASSED ] CASE: nativeCookiesAndServiceHooksSurviveThrowingPoolObservers (35891210 ns)
    [ PASSED ] CASE: mismatchedUpgradePairingsNeverOpenConnections (179461 ns)
    [ PASSED ] CASE: unavailableServerPushClosesTheOwnedResponse (2355524 ns)
    TCS: HttpCookieJarTest, time elapsed: 268743563 ns, RESULT:
    [ PASSED ] CASE: cookieSerializesStandardMetadataWithoutInventingBrowserPolicy (46087 ns)
    [ PASSED ] CASE: hostOnlyAndDomainCookiesDoNotLeakAcrossDnsBoundaries (487879 ns)
    [ PASSED ] CASE: bundledPublicSuffixRulesProtectRegistrableBoundariesByDefault (771975 ns)
    [ PASSED ] CASE: defaultPathAndPathMatchUseDirectoryAndSlashBoundaries (120621 ns)
    [ PASSED ] CASE: maxAgeTakesPrecedenceAndNonPositiveValuesDeleteTheIdentity (173361 ns)
    [ PASSED ] CASE: secureMetadataControlsTransportAndHttpOnlyDoesNotChangeWireSelection (63769 ns)
    [ PASSED ] CASE: valuedSecureAttributeCannotLeakCookiesToCleartext (64835 ns)
    [ PASSED ] CASE: cleartextOriginsCannotCreateOrOverlaySecureCookies (470907 ns)
    [ PASSED ] CASE: cleartextQuotaFloodCannotEvictSecureIdentityAndInstallReplacement (167901 ns)
    [ PASSED ] CASE: allSecureQuotaRejectsCleartextInsertionsFromBothStorageEntrypoints (103904 ns)
    [ PASSED ] CASE: rejectsHeaderInjectionAndInvalidCookieOctetsBeforeStorage (98405 ns)
    [ PASSED ] CASE: capacityHeaderBoundsAndReplacementRemainDeterministic (180267 ns)
    [ PASSED ] CASE: removalClearAndSnapshotsExposeOnlyLiveImmutableCookies (119560 ns)
    [ PASSED ] CASE: concurrentStoresAndReadsRemainRaceFreeAndBounded (1981109 ns)
    [ PASSED ] CASE: boundedSetCookieMutationsPreserveScopeAndHeaderSafety (261805529 ns)
    TCS: Http1DeterministicFuzzTest, time elapsed: 10685731 ns, RESULT:
    [ PASSED ] CASE: acceptedUrlMutationsRoundTripToOneCanonicalIdentity (6337738 ns)
    [ PASSED ] CASE: acceptedNoProxyMutationsRemainDeterministicAcrossTargets (3083050 ns)
    [ PASSED ] CASE: proxyAuthorizationMutationCannotInjectBeforeDnsOrConnect (349188 ns)
    TCS: HttpErrorTest, time elapsed: 789073 ns, RESULT:
    [ PASSED ] CASE: publicGetMapsInvalidUrlWithoutNetworkSideEffects (211939 ns)
    [ PASSED ] CASE: classifierProvidesStableHttpFailureCodes (124855 ns)
    TCS: HttpFacadeTest, time elapsed: 838842919 ns, RESULT:
    [ PASSED ] CASE: requestCancellationOutlivesCompletedParentWhileTransferredPushStalls (76196027 ns)
    [ PASSED ] CASE: cancellationWrapperPreservesProtocolCompletionPolicy (68569 ns)
    [ PASSED ] CASE: typedCancellationHandlesAreScopedIdempotentAndStopBeforeNetworkIo (3692717 ns)
    [ PASSED ] CASE: publicHttp1ConnectionHandleCancelsBodyAndLeavesClientReusable (11685716 ns)
    [ PASSED ] CASE: publicHttp2StreamAndConnectionHandlesRespectTheirScopes (94445955 ns)
    [ PASSED ] CASE: publicHttp2SlowStreamCannotStarveOneTenOrHundredSiblings (233263469 ns)
    [ PASSED ] CASE: tlsHttp2StreamLimitIsAppliedAcrossConcurrentPublicRequests (42305853 ns)
    [ PASSED ] CASE: tlsFacadeNegotiatesHttp2AndMapsBodyTrailersAndResponse (63238319 ns)
    [ PASSED ] CASE: explicitResolverConnectsPublicClientAndServer (2755699 ns)
    [ PASSED ] CASE: defaultSystemResolverConnectsPublicClientAndServer (261752807 ns)
    [ PASSED ] CASE: clientFollowsOriginRelativeRedirectEndToEnd (3772975 ns)
    [ PASSED ] CASE: clientRetriesOneTemporaryDnsFailureWithinTheSameDeadline (2107637 ns)
    [ PASSED ] CASE: forwardProxyUsesAbsoluteFormIndependentDnsAndHookCredentials (2708515 ns)
    [ PASSED ] CASE: serverBuilderRequiresEndpointAndHandler (56800 ns)
    [ PASSED ] CASE: tlsServerConfigFailsClosedBeforeBinding (215929 ns)
    [ PASSED ] CASE: followedHttp2RedirectClosesUnclaimedPushBeforeClientTeardown (36434786 ns)
    TCS: Http2ConcurrentResponseBodyTest, time elapsed: 31030513 ns, RESULT:
    [ PASSED ] CASE: twoPublicHttp2BodiesCompleteIndependently (30778910 ns)
    TCS: FileHandlerTest, time elapsed: 15692189 ns, RESULT:
    [ PASSED ] CASE: confinedDownloadRejectsTraversalAndSymlinkWhileOpenBodyOutlivesHandler (5574594 ns)
    [ PASSED ] CASE: uploadPublishesOneCompleteBinaryFileAndNeverPublishesRejectedMultipart (8737438 ns)
    [ PASSED ] CASE: uploadCommitChecksContextAfterDurabilityBeforePublication (239449 ns)
    TCS: HttpMessageTest, time elapsed: 1065085 ns, RESULT:
    [ PASSED ] CASE: requestFactoriesProduceImmutableProtocolNeutralModels (42434 ns)
    [ PASSED ] CASE: responseEofCompletesObserverExactlyOnce (47763 ns)
    [ PASSED ] CASE: earlyCloseAbandonsObserverExactlyOnce (35046 ns)
    [ PASSED ] CASE: readFailureClosesAndAbandonsTheBody (55610 ns)
    [ PASSED ] CASE: emptyDestinationDoesNotMistakeNoProgressForEof (12485 ns)
    [ PASSED ] CASE: boundedDrainCompletesOnlyWhenEofIsProven (19213 ns)
    [ PASSED ] CASE: invalidSourceProgressFailsClosed (23758 ns)
    [ PASSED ] CASE: responseRejectsInvalidStatusAndReason (27563 ns)
    TCS: MultipartTest, time elapsed: 4888160736 ns, RESULT:
    [ PASSED ] CASE: writerStreamsExactBinaryFramingAndReplaysIndependently (370287 ns)
    [ PASSED ] CASE: boundarySeparatorsRoundtripThroughContentTypeAndBody (1310141 ns)
    [ PASSED ] CASE: readerPreservesBinaryWhenEveryDelimiterIsSplitAcrossReads (575677 ns)
    [ PASSED ] CASE: closingPartDiscardsOnlyThatPartAndReleasesNextPart (534699 ns)
    [ PASSED ] CASE: malformedAndConfiguredLimitsCloseOwnedSource (149044 ns)
    [ PASSED ] CASE: partCountLimitRejectsBeforeParsingUnboundedAdditionalMetadata (144959 ns)
    [ PASSED ] CASE: boundedDeterministicWireMutationsAreChunkIndependent (4879882789 ns)
    [ PASSED ] CASE: deterministicMutationHarnessEnforcesSmallLimitsAndOwnedClosure (3864495 ns)
    TCS: HttpModelTest, time elapsed: 1629284 ns, RESULT:
    [ PASSED ] CASE: methodSupportsStandardAndExtensionTokens (23096 ns)
    [ PASSED ] CASE: headersPreserveOrderAndMultipleValues (34634 ns)
    [ PASSED ] CASE: headersOwnTheirInputAndOutputArrays (18406 ns)
    [ PASSED ] CASE: builderSetAndRemoveUseCaseInsensitiveNames (38215 ns)
    [ PASSED ] CASE: rejectsInjectionAndInvalidNames (39861 ns)
    [ PASSED ] CASE: enforcesCountLineAndTotalLimits (26258 ns)
    [ PASSED ] CASE: urlNormalizesSchemeHostAndDefaultTarget (40330 ns)
    [ PASSED ] CASE: urlPreservesExplicitPortPathAndQuery (30600 ns)
    [ PASSED ] CASE: urlRequiresBracketedIpv6AndKeepsQueryOnlyTargetValid (29134 ns)
    [ PASSED ] CASE: urlRejectsAmbiguousAndUnsafeInputs (84455 ns)
    [ PASSED ] CASE: trailerRejectsRoutingAndFramingFields (113550 ns)
    TCS: HttpProxyPolicyTest, time elapsed: 1183075 ns, RESULT:
    [ PASSED ] CASE: noProxyMatchesDnsBoundariesAndOptionalPorts (273681 ns)
    [ PASSED ] CASE: noProxyMatchesTypedIpLiteralsExactlyAndWildcardExplicitly (58440 ns)
    [ PASSED ] CASE: endpointsRetainDnsIpv4AndIpv6RouteIdentity (23710 ns)
    [ PASSED ] CASE: routeSelectionUsesNoProxyWithoutCallingAuthorizationHook (94808 ns)
    [ PASSED ] CASE: rejectsAmbiguousNoProxyPatternsAndEndpointPorts (37073 ns)
    TCS: HttpRedirectPolicyTest, time elapsed: 1622728 ns, RESULT:
    [ PASSED ] CASE: rewritesPostOn302AndRemovesBodyHeaders (144077 ns)
    [ PASSED ] CASE: stripsSensitiveHeadersOnlyAcrossOrigins (178385 ns)
    [ PASSED ] CASE: rejectsDowngradeLimitAndOneShotReplay (263254 ns)
    [ PASSED ] CASE: resolvesSchemeRelativeAndQueryOnlyLocations (136681 ns)
    [ PASSED ] CASE: resolvesRelativePathsAndRemovesDotSegments (128988 ns)
    TCS: HttpRetryPolicyTest, time elapsed: 1107113 ns, RESULT:
    [ PASSED ] CASE: retriesOnlyIdempotentReplayableStructuredFailures (129281 ns)
    [ PASSED ] CASE: explicitSafetyAllowsPostButDisabledAndOneShotFailClosed (126347 ns)
    [ PASSED ] CASE: cancellationDeadlineUnknownAndNeverAreNotRetried (95714 ns)
    [ PASSED ] CASE: goAwayRetriesOnlyDefinitelyUnprocessedSafeReplayableRequests (54611 ns)
    TCS: Http1SseStreamingProfileTest, time elapsed: 3010015326 ns, RESULT:
    [ PASSED ] CASE: http1StreamsWithoutLifetimeAccumulationAndCancels (3009648170 ns)
    TCS: Http2SseStreamingProfileTest, time elapsed: 3030179093 ns, RESULT:
    [ PASSED ] CASE: http2StreamsWithoutLifetimeAccumulationAndPreservesSibling (3029861045 ns)
    TCS: M2005SystemResolverTest, time elapsed: 9515713 ns, RESULT:
    [ PASSED ] CASE: resolvesLocalhostThroughThePublicContract (8452483 ns)
    [ PASSED ] CASE: fixtureReturnsAllCandidatesAndDoesNotInventTtl (18932 ns)
    [ PASSED ] CASE: fixtureAppliesFamilyAndResultBounds (16235 ns)
    [ PASSED ] CASE: fixtureMapsStableErrorsAndRetainsNativeEvidence (12142 ns)
    [ PASSED ] CASE: fixtureCancellationAndDeadlineReturnBeforeNativeCleanup (16479 ns)
    [ PASSED ] CASE: validatesBoundsAndRejectsUseAfterClose (112833 ns)
    TCS: WebSocketHandshakeTest, time elapsed: 51282001 ns, RESULT:
    [ PASSED ] CASE: nativeHttp1UpgradeTransfersFramesAndClosesSession (5607072 ns)
    [ PASSED ] CASE: nativeHttp2ExtendedConnectKeepsSiblingRequestsUsable (45199249 ns)
    TCS: WebSocketConnectionTest, time elapsed: 130737742 ns, RESULT:
    [ PASSED ] CASE: fragmentedUtf8AndAutomaticPongSurviveOneByteTransportReads (230437 ns)
    [ PASSED ] CASE: preCancelledSendPerformsNoIoAndLeavesUntouchedSessionHealthy (159563 ns)
    [ PASSED ] CASE: fragmentedMessageBoundRejectsBeforeWritingAndPreservesProgression (172611 ns)
    [ PASSED ] CASE: roleMaskingAndNonCanonicalLengthFailClosedWithProtocolStatus (510663 ns)
    [ PASSED ] CASE: fragmentedTextRejectsInvalidContinuationAtTheMessageBoundary (114261 ns)
    [ PASSED ] CASE: gracefulCloseEchoesStatusAndCompletesBothOwners (195261 ns)
    [ PASSED ] CASE: handshakeCryptoMatchesRfcVectorAndReturnsCanonicalFreshKeyShape (55200 ns)
    [ PASSED ] CASE: framePayloadIsOwnedAndCloseInputIsStrict (50277 ns)
    [ PASSED ] CASE: boundedDeterministicWireMutationsAreSplitInvariantAndFailClosed (127704584 ns)
Summary: TOTAL: 113
    PASSED: 110, SKIPPED: 3, ERROR: 0
    FAILED: 0
--------------------------------------------------------------------------------------------------
TP: wirestack.internal.platform.linux, time elapsed: 12608460 ns, RESULT:
    TCS: LinuxSystemTrustAdapterTest, time elapsed: 12608460 ns, RESULT:
    [ PASSED ] CASE: frozenSearchOrderCoversGlibcAndMuslLayouts (216927 ns)
    [ PASSED ] CASE: currentLinuxHostSelectsOneExplicitUsableSource (10142234 ns)
    [ PASSED ] CASE: missingCandidatesFailWithoutProviderDefaultFallback (71154 ns)
    [ PASSED ] CASE: directoryCandidateRequiresReadableHashedCertificateEntry (384166 ns)
    [ PASSED ] CASE: sourceIdentityChangesWhenSameSizeTrustContentChanges (410843 ns)
Summary: TOTAL: 5
    PASSED: 5, SKIPPED: 0, ERROR: 0
    FAILED: 0
--------------------------------------------------------------------------------------------------
TP: wirestack.internal.http1, time elapsed: 1803418397 ns, RESULT:
    TCS: HttpAutomaticHttpsClientTest, time elapsed: 6105920 ns, RESULT:
    [ PASSED ] CASE: h2NegotiationMultiplexesTenRequestsOnOneTlsConnection (3600658 ns)
    [ PASSED ] CASE: http11NegotiationFallsBackAndReusesTheAdoptedConnection (1564898 ns)
    TCS: Http1ChunkedCodecTest, time elapsed: 1676483 ns, RESULT:
    [ PASSED ] CASE: decoderStreamsDataExtensionsTrailersAndRemainder (69822 ns)
    [ PASSED ] CASE: decoderHandlesEveryBoundaryOneByteAtATime (51961 ns)
    [ PASSED ] CASE: encoderProducesCanonicalChunksAndBoundedTrailers (105806 ns)
    [ PASSED ] CASE: rejectsInvalidSizeExtensionAndTerminators (105099 ns)
    [ PASSED ] CASE: enforcesBodyChunkLineAndTrailerBounds (58406 ns)
    [ PASSED ] CASE: streamingResponseKeepsEachChunkBoundedWithoutALifetimeCeiling (114907 ns)
    [ PASSED ] CASE: rejectsForbiddenOrFoldedTrailers (77982 ns)
    [ PASSED ] CASE: eofAndPostCompletionUseFailClosedStates (44586 ns)
    [ PASSED ] CASE: decodeBatchesOwnDataAndRemainingBytes (43350 ns)
    TCS: Http1ClientConnectionTest, time elapsed: 25491384 ns, RESULT:
    [ PASSED ] CASE: expectContinueWaitsForApprovalBeforeOpeningBody (1162106 ns)
    [ PASSED ] CASE: finalRejectionBeforeContinueNeverOpensRequestBody (1142334 ns)
    [ PASSED ] CASE: continueWaitTimeoutSendsBodyUnderTheOriginalBudget (19354989 ns)
    [ PASSED ] CASE: serializesRequestsUntilBodyEofThenReusesConnection (1091742 ns)
    [ PASSED ] CASE: earlyBodyCloseClosesInsteadOfReturningConnectionForReuse (711328 ns)
    [ PASSED ] CASE: connectionCloseResponseIsNeverReusableAfterEof (957504 ns)
    TCS: Http1CleartextClientTest, time elapsed: 3832636 ns, RESULT:
    [ PASSED ] CASE: resolvesConnectsAndReusesOnlyAfterBodyCompletion (3025790 ns)
    [ PASSED ] CASE: rejectsHttpsBeforeDnsOrPoolMutation (117561 ns)
    TCS: Http1ConnectionPoolTest, time elapsed: 5265528 ns, RESULT:
    [ PASSED ] CASE: emitsSecretFreeAcquireAndReleaseLifecycle (876574 ns)
    [ PASSED ] CASE: reusesOnlyTheSameCompleteKey (393435 ns)
    [ PASSED ] CASE: enforcesTotalPerKeyIdleAndWaiterBounds (1409218 ns)
    [ PASSED ] CASE: activeWaitHonorsCancellationAndReleasesWaiterSlot (357635 ns)
    [ PASSED ] CASE: evictsExpiredAndClosedConnectionsInsteadOfReusingThem (584031 ns)
    [ PASSED ] CASE: failedCreationRollsBackItsCapacityReservation (256545 ns)
    TCS: Http1HeadParserTest, time elapsed: 3101522 ns, RESULT:
    [ PASSED ] CASE: requestParsesIncrementallyAndReturnsBodyRemainder (324479 ns)
    [ PASSED ] CASE: oneFeedRetainsBytesAfterTheHead (136624 ns)
    [ PASSED ] CASE: responseParsesStatusReasonHeadersAndFraming (227283 ns)
    [ PASSED ] CASE: acceptsOriginAbsoluteAuthorityAndAsteriskFormsOnlyWhereValid (282955 ns)
    [ PASSED ] CASE: rejectsBareLfObsFoldAndInvalidHeaderSyntax (114678 ns)
    [ PASSED ] CASE: requiresOneValidHostAndMatchingAbsoluteAuthority (378018 ns)
    [ PASSED ] CASE: rejectsInvalidTargetVersionAndBoundViolations (196849 ns)
    [ PASSED ] CASE: completedParserCannotBeReused (118369 ns)
    TCS: Http2Streams1BenchmarkTest, time elapsed: 21514520 ns, RESULT:
    [ PASSED ] CASE: benchmarkOneConcurrentStream (20883406 ns)
    TCS: Http2Streams10BenchmarkTest, time elapsed: 134200960 ns, RESULT:
    [ PASSED ] CASE: benchmarkTenConcurrentStreams (133132607 ns)
    TCS: Http2Streams100BenchmarkTest, time elapsed: 1241673853 ns, RESULT:
    [ PASSED ] CASE: benchmarkHundredConcurrentStreams (1241210466 ns)
    TCS: Http1HundredConnectionBaselineTest, time elapsed: 38241187 ns, RESULT:
    [ PASSED ] CASE: benchmarkHundredConcurrentConnections (37977607 ns)
    TCS: Http2ConnectionPoolTest, time elapsed: 6004960 ns, RESULT:
    [ PASSED ] CASE: alpnPrefersH2AndFallsBackOnlyToHttp11 (24477 ns)
    [ PASSED ] CASE: oneConnectionIsSharedUntilPeerStreamCapacityIsFull (213891 ns)
    [ PASSED ] CASE: concurrentFirstUseDoesNotCreateAConnectionStampede (611364 ns)
    [ PASSED ] CASE: newConnectionIsPublishedOnlyAfterItsFirstStreamIsAdmitted (86986 ns)
    [ PASSED ] CASE: closeRacingUnpublishedAdmissionReleasesConnectionOwners (3585365 ns)
    [ PASSED ] CASE: completeSecurityKeyPreventsCrossContextReuse (137606 ns)
    [ PASSED ] CASE: drainingConnectionRetainsExistingStreamButReceivesNoNewLease (66862 ns)
    [ PASSED ] CASE: drainingConnectionWaitsForNonLocalOwnersBeforeDiscard (64849 ns)
    [ PASSED ] CASE: fullBoundedPoolHonorsOneCallerDeadline (56394 ns)
    [ PASSED ] CASE: poolCloseAbortsEverySharedConnectionExactlyOnce (59376 ns)
    TCS: Http1FramingTest, time elapsed: 1071163 ns, RESULT:
    [ PASSED ] CASE: requestUsesOneSharedEmptyLengthOrChunkedDecision (55720 ns)
    [ PASSED ] CASE: identicalContentLengthsAreAcceptedAcrossFieldsAndLists (27231 ns)
    [ PASSED ] CASE: conflictingOrInvalidContentLengthsAreRejected (101044 ns)
    [ PASSED ] CASE: contentLengthAndTransferEncodingNeverCoexist (34717 ns)
    [ PASSED ] CASE: ambiguousTransferEncodingIsRejected (96359 ns)
    [ PASSED ] CASE: responseHandlesHeadStatusesConnectAndCloseDelimiting (70701 ns)
    [ PASSED ] CASE: bodylessAndSuccessfulConnectResponsesRejectFramingFields (63068 ns)
    TCS: HttpConnectionPoolKeyTest, time elapsed: 367772 ns, RESULT:
    [ PASSED ] CASE: canonicalOriginProducesStableEqualityAndHash (15424 ns)
    [ PASSED ] CASE: everySecurityAndRouteDimensionPartitionsReuse (38176 ns)
    [ PASSED ] CASE: refusesIncompletePartitionIdentities (14638 ns)
    TCS: Http1ProxyClientPipelineTest, time elapsed: 4404829 ns, RESULT:
    [ PASSED ] CASE: dynamicConnectCredentialsNeverReuseAnAuthenticatedTunnel (3094403 ns)
    [ PASSED ] CASE: rejectedConnectDrainsClosesAndReturnsStructuredNonRetryableFailure (1026349 ns)
    TCS: Http1RequestWriterTest, time elapsed: 2391910 ns, RESULT:
    [ PASSED ] CASE: twoStageWriterDoesNotOpenBodyBeforeExplicitCommit (425348 ns)
    [ PASSED ] CASE: writesFixedBodyThroughPartialTransportOperations (345899 ns)
    [ PASSED ] CASE: streamsUnknownLengthBodyAsCanonicalChunks (345583 ns)
    [ PASSED ] CASE: rejectsDeclaredMismatchBeforeWritingAnything (151970 ns)
    [ PASSED ] CASE: prematureBodyEofRetainsPartialCommitEvidence (373181 ns)
    [ PASSED ] CASE: emptyFramingProbesSourceInsteadOfDroppingUnexpectedBytes (139433 ns)
    TCS: Http1ResponseReaderTest, time elapsed: 9898449 ns, RESULT:
    [ PASSED ] CASE: explicitUpgradeTransfersOnlyAMatching101Protocol (475551 ns)
    [ PASSED ] CASE: mismatchedUpgradeResponseFailsClosed (642836 ns)
    [ PASSED ] CASE: explicitConnectTransfersBufferedTunnelBytesAndTransportOwnership (565392 ns)
    [ PASSED ] CASE: failedConnectRemainsAnHttpResponseAndClosesAfterBody (761292 ns)
    [ PASSED ] CASE: readsInterimAndFixedResponseWithoutBufferingTheBody (489274 ns)
    [ PASSED ] CASE: received4xxAnd5xxRemainHttpResponses (706355 ns)
    [ PASSED ] CASE: decodesChunkedResponseAndPublishesTrailerAtEof (1011779 ns)
    [ PASSED ] CASE: closeDelimitedBodyCompletesOnlyAtTransportEof (626056 ns)
    [ PASSED ] CASE: chunkedStreamingResponseMayExceedThePerSegmentBodyBound (623684 ns)
    [ PASSED ] CASE: prematureFixedBodyEofAbandonsResponseExactlyOnce (870098 ns)
    [ PASSED ] CASE: rejectsImplicitUpgradeAndConnectTransportTransfer (760741 ns)
    TCS: Http1SerializerTest, time elapsed: 1489373 ns, RESULT:
    [ PASSED ] CASE: clientRequestAddsHostAndUsesOriginForm (84778 ns)
    [ PASSED ] CASE: forwardProxyRequestUsesAbsoluteFormAndOriginHost (82755 ns)
    [ PASSED ] CASE: requestPreservesOrderedMultipleFieldsAndLengthFraming (143965 ns)
    [ PASSED ] CASE: requestRejectsMissingDuplicateOrMismatchedHost (107753 ns)
    [ PASSED ] CASE: responseSerializesStatusAndUsesSharedFraming (43685 ns)
    [ PASSED ] CASE: responseRejectsInjectionAndForbiddenBodyFraming (49259 ns)
    [ PASSED ] CASE: writerHandlesPartialTransportWritesUnderOneContext (95645 ns)
    [ PASSED ] CASE: serializedBytesAreDefensiveCopies (58243 ns)
    TCS: Http1ServerConnectionTest, time elapsed: 7036573 ns, RESULT:
    [ PASSED ] CASE: serializesTwoKeepAliveExchanges (1458817 ns)
    [ PASSED ] CASE: unreadRequestBodyForcesConnectionCloseAfterResponse (562220 ns)
    [ PASSED ] CASE: handlerFailureProducesBounded500AndCloses (1198694 ns)
    [ PASSED ] CASE: rejectedHandoffReleasesSessionOwnershipExactlyOnce (1376339 ns)
    [ PASSED ] CASE: selectedUpgradeOfferTransfersBufferedSessionBytes (1219578 ns)
    TCS: Http1ServerRequestReaderTest, time elapsed: 12439638 ns, RESULT:
    [ PASSED ] CASE: streamsFixedRequestBodyWithoutReadingPastItsLength (761822 ns)
    [ PASSED ] CASE: rejectsOversizedFixedRequestBeforeReadingItsBody (929684 ns)
    [ PASSED ] CASE: decodesChunkedRequestAndPublishesTrailer (983834 ns)
    [ PASSED ] CASE: sendsContinueOnlyWhenHandlerStartsReadingTheBody (8294589 ns)
    [ PASSED ] CASE: rejectingWithoutReadingNeverSendsContinue (523848 ns)
    TCS: Http1ServerTest, time elapsed: 29082470 ns, RESULT:
    [ PASSED ] CASE: shutdownAbortsConnectionBlockedInsideTlsHandshake (8782931 ns)
    [ PASSED ] CASE: acceptSideTlsHookOwnsConnectionAndClosesAfterShutdown (1247084 ns)
    [ PASSED ] CASE: gracefulShutdownStopsAcceptAfterCompletedConnection (616575 ns)
    [ PASSED ] CASE: expiredShutdownAbortsBlockedConnectionAndReturnsBoundedly (7531627 ns)
    [ PASSED ] CASE: connectionLimitPreventsSecondAcceptUntilCapacityReturns (9895252 ns)
    TCS: Http1ServerResponseWriterTest, time elapsed: 3557413 ns, RESULT:
    [ PASSED ] CASE: writesFixedResponseThroughPartialTransportOperations (452152 ns)
    [ PASSED ] CASE: streamsChunkedResponseAndTrailer (476272 ns)
    [ PASSED ] CASE: chunkedStreamingResponseMayExceedThePerSegmentBodyBound (681599 ns)
    [ PASSED ] CASE: headResponseNeverTransfersRepresentationBytes (153591 ns)
    [ PASSED ] CASE: closeDelimitedResponseRequiresConnectionClose (716247 ns)
    [ PASSED ] CASE: rejectsKnownLengthMismatchBeforeCommittingHead (142402 ns)
    TCS: Http1SmugglingCorpusTest, time elapsed: 87175318 ns, RESULT:
    [ PASSED ] CASE: clientAndServerFramingRejectTheSameAmbiguousHeaderCorpus (2160099 ns)
    [ PASSED ] CASE: identicalLengthsAndOneFinalChunkedCodingRemainUnambiguous (1033250 ns)
    [ PASSED ] CASE: rejectsWhitespaceTargetAndProxyDifferentialCorpus (977208 ns)
    [ PASSED ] CASE: rejectsMalformedChunkAndTrailerCorpusAtInputOrEof (315216 ns)
    [ PASSED ] CASE: everyAcceptedSingleByteMutationHasACanonicalReparse (74392865 ns)
    [ PASSED ] CASE: chunkedMutationsHaveDeterministicBoundedTerminals (2702191 ns)
    [ PASSED ] CASE: validHeadParsesAtEveryTransportSplitBoundary (3989097 ns)
    TCS: Http1HttpsClientTest, time elapsed: 3857704 ns, RESULT:
    [ PASSED ] CASE: partitionsHandshakesAndReusesHttpsAfterBodyCompletion (1591774 ns)
    [ PASSED ] CASE: zeroLengthConnectionCloseDoesNotWaitForTlsPeerShutdown (1527715 ns)
    TCS: Http1TlsServerTest, time elapsed: 149853439 ns, RESULT:
    [ PASSED ] CASE: alpnServerRejectsAClientWithNoSharedHttpProtocol (64514145 ns)
    [ PASSED ] CASE: automaticClientOffersH2FirstAndFallsBackToServerHttp11 (26630553 ns)
    [ PASSED ] CASE: requiredMutualTlsCarriesAuthenticatedHttp1Exchange (28109336 ns)
    [ PASSED ] CASE: realAwsLcHandshakeCarriesOneHttp1Exchange (28985356 ns)
Summary: TOTAL: 121
    PASSED: 118, SKIPPED: 3, ERROR: 0
    FAILED: 0
--------------------------------------------------------------------------------------------------
TP: wirestack.internal.http2, time elapsed: 3115742198 ns, RESULT:
    TCS: Http2ClientConnectionTest, time elapsed: 172397231 ns, RESULT:
    [ PASSED ] CASE: encodedHeaderFailureClosesTheConnection (1309171 ns)
    [ PASSED ] CASE: tenConcurrentRequestsShareOneConnectionAndMapOutOfOrderResponses (3071254 ns)
    [ PASSED ] CASE: claimedStreamsPublishInitialHeadersInStreamIdOrder (3151256 ns)
    [ PASSED ] CASE: cancelledUnpublishedStreamDoesNotBlockNextClaim (3311414 ns)
    [ PASSED ] CASE: declaredLengthDoesNotReleaseStreamBeforeWireEndStream (743795 ns)
    [ PASSED ] CASE: streamsRequestBodyThroughFlowControlledDataAndEndsLocallyOnce (1293850 ns)
    [ PASSED ] CASE: peerResetFailsOnlyItsStreamAndConnectionRemainsUsable (3597611 ns)
    [ PASSED ] CASE: peerGoAwayDrainsConnectionWithoutFailingAcceptedStream (1075194 ns)
    [ PASSED ] CASE: connectedStreamOutlivesHandshakeCancellationAndUsesOperationContexts (2202433 ns)
    [ PASSED ] CASE: contextlessHalfCloseDoesNotWaitForBlockedConnectionWriter (3387271 ns)
    [ PASSED ] CASE: halfCloseOrdersEndAfterAdmittedFlowControlledWrite (5365513 ns)
    [ PASSED ] CASE: gracefulCloseOrdersEndAfterAdmittedFlowControlledWrite (12760180 ns)
    [ PASSED ] CASE: gracefulCloseDeadlineStopsAdmittedFlowControlledWrite (108049562 ns)
    [ PASSED ] CASE: queuedHalfCloseCancellationDoesNotWaitForConnectionWriter (9262133 ns)
    [ PASSED ] CASE: rejectedConnectReturnsFullResponseAndClosesRequestDirection (3215880 ns)
    [ PASSED ] CASE: enabledPushAttachesBoundedCallerDrivenResponses (6106436 ns)
    TCS: Http2ClientMappingTest, time elapsed: 4314221 ns, RESULT:
    [ PASSED ] CASE: requestMapsOrderedPseudoFieldsAuthorityAndSensitiveHeaders (104630 ns)
    [ PASSED ] CASE: connectUsesOnlyMethodAndAuthorityPseudoFields (52695 ns)
    [ PASSED ] CASE: connectStreamMappingKeepsBothDataDirectionsOpen (92500 ns)
    [ PASSED ] CASE: requestRejectsAuthorityFramingAndConnectionAmbiguity (357729 ns)
    [ PASSED ] CASE: requestHeaderListHonorsHttp2BoundsBeforeHpackMutation (89036 ns)
    [ PASSED ] CASE: requestBodyProvesEofBeforeOneTerminalTrailerBlock (198081 ns)
    [ PASSED ] CASE: requestBodyRejectsPrematureEofAndConfiguredOverflow (173327 ns)
    [ PASSED ] CASE: responseMapsInformationalFinalDataAndTrailersInOrder (163267 ns)
    [ PASSED ] CASE: responseRejectsPseudoOrderCaseAndConnectionFieldsAsStreamErrors (94247 ns)
    [ PASSED ] CASE: responseRejectsInvalidStatusAndTooManyInformationalHeads (224138 ns)
    [ PASSED ] CASE: responseContentLengthMustMatchExactlyAtEndStream (115601 ns)
    [ PASSED ] CASE: streamingResponseMayExceedTheConfiguredRequestBodyBound (33183 ns)
    [ PASSED ] CASE: bodylessAndConnectResponseRulesAreExplicit (182333 ns)
    [ PASSED ] CASE: responseTrailersRequireFinalEndStreamAndRegularAllowedFields (161571 ns)
    [ PASSED ] CASE: promisedRequestValidationPrecedesApplicationPolicy (240112 ns)
    TCS: Http2ClientPushOwnershipTest, time elapsed: 1340028 ns, RESULT:
    [ PASSED ] CASE: resetLostOfferIsClosedAndNextOfferRemainsDeliverable (250775 ns)
    [ PASSED ] CASE: parentCancellationStopsTransferredStalledBodyWithoutCancellingIndependentSibling (334501 ns)
    [ PASSED ] CASE: expiredParentAbsoluteDeadlineStillGovernsTransferredBodyAfterHeaders (214750 ns)
    TCS: Http2ConformanceTest, time elapsed: 6207801 ns, RESULT:
    [ PASSED ] CASE: invalidFrameOrderMatrixFailsAtConnectionScope (424009 ns)
    [ PASSED ] CASE: continuationSequenceCompletesOnlyOnEndHeaders (179300 ns)
    [ PASSED ] CASE: rstStreamAndGoAwayRaceCompletesOwnerOnceAndCleansRegistrations (4952460 ns)
    TCS: Http2ConnectionStateMachineTest, time elapsed: 6762109 ns, RESULT:
    [ PASSED ] CASE: clientStartEmitsMagicAndSettingsThenPeerSettingsOpens (41464 ns)
    [ PASSED ] CASE: serverConsumesIncrementalMagicBeforeItsFirstSettings (68071 ns)
    [ PASSED ] CASE: invalidOrIncompletePrefaceFailsOnceWithProtocolEvidence (62571 ns)
    [ PASSED ] CASE: firstPeerFrameMustBeNonAcknowledgementSettings (46060 ns)
    [ PASSED ] CASE: openConnectionAppliesSettingsAndCompletesHeaderBlocks (43230 ns)
    [ PASSED ] CASE: peerGoAwayDrainsAndMayOnlyNarrowItsBoundary (65413 ns)
    [ PASSED ] CASE: localDrainUsesProcessedPeerBoundaryAndNeverIncreases (56299 ns)
    [ PASSED ] CASE: racingFinishTransitionsAndPublishesCompletionExactlyOnce (5319187 ns)
    TCS: Http2DeterministicFuzzTest, time elapsed: 69307331 ns, RESULT:
    [ PASSED ] CASE: frameParserDeterministicMutationCorpusStaysBounded (5572538 ns)
    [ PASSED ] CASE: hpackDecoderDeterministicMutationCorpusFailsClosed (63078148 ns)
    [ PASSED ] CASE: protocolLimitBoundaryMutationsRejectOversizedInputs (62298 ns)
    TCS: Http2FlowControllerTest, time elapsed: 2592908717 ns, RESULT:
    [ PASSED ] CASE: windowUpdateCodecIgnoresReservedBitAndRejectsZeroByScope (85203 ns)
    [ PASSED ] CASE: reservationsRespectConnectionStreamAndPeerFrameCredit (58247 ns)
    [ PASSED ] CASE: settingsShrinkPausesReservedDataAndCancellationReleasesIt (65377 ns)
    [ PASSED ] CASE: streamWindowUpdateWakesAReservedPermitAfterSettingsShrink (42743 ns)
    [ PASSED ] CASE: concurrentTryReserveNeverOvercommitsOneStream (152945 ns)
    [ PASSED ] CASE: receiveCreditReturnsOnlyAfterApplicationConsumption (56142 ns)
    [ PASSED ] CASE: smallReceiveReadsCoalesceWindowUpdates (118493 ns)
    [ PASSED ] CASE: stalledConnectionCreditFlushesOnceWithoutChangingSmallReadCoalescing (22249 ns)
    [ PASSED ] CASE: leastRecentlyServedStreamsReceiveCreditBeforeThePreviousOwner (2589748319 ns)
    [ PASSED ] CASE: connectionSendWindowIsSharedAcrossStreams (113560 ns)
    [ PASSED ] CASE: connectionAndStreamWindowViolationsHaveCorrectScope (44077 ns)
    [ PASSED ] CASE: settingsAndWindowOverflowFailAtomically (34660 ns)
    [ PASSED ] CASE: streamCleanupCancelsPermitsAndRestoresOnlyConnectionReceiveCredit (31292 ns)
    [ PASSED ] CASE: dataAccountingUsesTheEntireFramePayload (17886 ns)
    TCS: Http2FrameCodecTest, time elapsed: 912662 ns, RESULT:
    [ PASSED ] CASE: everyRequiredFrameEnvelopeRoundTrips (66498 ns)
    [ PASSED ] CASE: parserAcceptsEverySingleByteBoundaryAndMultipleFrames (38081 ns)
    [ PASSED ] CASE: incompleteInputStaysBoundedUntilCompletion (15754 ns)
    [ PASSED ] CASE: oversizedFrameFailsBeforePayloadBufferingAndParserBecomesTerminal (22725 ns)
    [ PASSED ] CASE: reservedBitIsIgnoredOnReadAndClearedOnWrite (14385 ns)
    [ PASSED ] CASE: unknownFramesAndFlagsRoundTripWithoutInterpretation (15314 ns)
    [ PASSED ] CASE: transportWriterHandlesRepeatedPartialWrites (24875 ns)
    TCS: Http2FrameModelTest, time elapsed: 786150 ns, RESULT:
    [ PASSED ] CASE: frameAndErrorCodesRoundTripIncludingExtensions (49029 ns)
    [ PASSED ] CASE: streamIdentifierIgnoresReservedBitAndKeepsThirtyOneBits (12584 ns)
    [ PASSED ] CASE: limitsAreExplicitAndFrameSizeIsBounded (25782 ns)
    [ PASSED ] CASE: fixedFrameShapesAndStreamScopesAreValidated (26815 ns)
    [ PASSED ] CASE: settingsRejectInvalidProtocolValuesButRetainExtensions (21061 ns)
    [ PASSED ] CASE: unknownFlagsAndFramesRemainForwardCompatible (12458 ns)
    TCS: Http2GoAwayManagerTest, time elapsed: 4278332 ns, RESULT:
    [ PASSED ] CASE: peerBoundaryRetiresOnlyDefinitelyUnprocessedStreams (177185 ns)
    [ PASSED ] CASE: narrowingBoundaryWakesEachNewlyExcludedOwnerExactlyOnce (98087 ns)
    [ PASSED ] CASE: localDrainQueuesGoAwayAndStopsAdmissionBeforeWriterRuns (51542 ns)
    [ PASSED ] CASE: fabricatedReceiveResultCannotDrainAnOpenCoordinator (36912 ns)
    [ PASSED ] CASE: racingAdmissionAndGoAwayNeverLeavesAnExcludedStreamActive (3226626 ns)
    TCS: Http2HeaderBlockAssemblerTest, time elapsed: 1097003 ns, RESULT:
    [ PASSED ] CASE: sameStreamContinuationsAssembleInExactOrder (30076 ns)
    [ PASSED ] CASE: continuationWithoutStartWrongStreamAndInterleavingFailConnection (60170 ns)
    [ PASSED ] CASE: paddingAndPriorityOverheadAreExcludedFromHeaderBytes (14850 ns)
    [ PASSED ] CASE: pushPromiseRetainsPromisedStreamAndFragmentOnly (15512 ns)
    [ PASSED ] CASE: invalidPaddingPriorityAndSelfDependencyFailClosed (82707 ns)
    [ PASSED ] CASE: accumulatedCompressedBytesHaveOneHardLimit (27187 ns)
    TCS: Http2ConnectionHealthTest, time elapsed: 472483 ns, RESULT:
    [ PASSED ] CASE: pingCodecAndConnectionAckPreserveOpaqueBytes (37860 ns)
    [ PASSED ] CASE: idleProbeIsSingleOutstandingAndMatchingAckRestoresHealth (96398 ns)
    [ PASSED ] CASE: ordinaryActivityDefersIdleProbeWithoutAllocatingATimer (17476 ns)
    TCS: Http2ConnectionCloserTest, time elapsed: 1965274 ns, RESULT:
    [ PASSED ] CASE: gracefulCloseSendsGoAwayWaitsForStreamAndClosesTransportOnce (185248 ns)
    [ PASSED ] CASE: expiredCloseAbortsActiveStreamsWithoutStartingGracefulIo (105549 ns)
    [ PASSED ] CASE: racingShorterDeadlineUpgradesInFlightGracefulCloseToOneAbort (115051 ns)
    [ PASSED ] CASE: concurrentGracefulCallersShareOneTerminalResultAndTransportClose (314739 ns)
    [ PASSED ] CASE: failedGracefulTransportCloseFallsBackToOneAbort (103617 ns)
    TCS: HpackBlockTest, time elapsed: 2682773 ns, RESULT:
    [ PASSED ] CASE: rfcRequestBlocksDecodeWithSharedDynamicState (47143 ns)
    [ PASSED ] CASE: encoderMatchesFirstRfcHuffmanRequestExample (46061 ns)
    [ PASSED ] CASE: literalModesPreserveNeverIndexedAndOnlyIncrementalMutatesTable (1061272 ns)
    [ PASSED ] CASE: tableSizeUpdateMustLeadBlockAndRespectAllowedMaximum (47844 ns)
    [ PASSED ] CASE: headerCountListAndCompressedLimitsFailClosed (657092 ns)
    [ PASSED ] CASE: peerCapacityUpdateIsEmittedBeforeHeaders (28330 ns)
    TCS: HpackCoreTest, time elapsed: 1265008 ns, RESULT:
    [ PASSED ] CASE: rfcIntegerVectorsEncodeAndDecodeExactly (24904 ns)
    [ PASSED ] CASE: integerRejectsTruncationOverflowAndInvalidPrefix (42751 ns)
    [ PASSED ] CASE: rawStringRoundTripsAndOwnsItsBytes (27739 ns)
    [ PASSED ] CASE: stringLengthLimitAndTruncationFailBeforeCopy (161997 ns)
    [ PASSED ] CASE: staticTableMatchesRfcBoundariesAndRepresentativeEntries (32261 ns)
    [ PASSED ] CASE: everyStaticEntryHasBoundedRfcAccounting (94031 ns)
    TCS: HpackDynamicTableTest, time elapsed: 1367671 ns, RESULT:
    [ PASSED ] CASE: newestEntryUsesIndexSixtyTwoAndOlderEntriesShift (17538 ns)
    [ PASSED ] CASE: exactRfcAccountingEvictsOldestEntriesFirst (27311 ns)
    [ PASSED ] CASE: oversizedEntryClearsTheEntireTableWithoutInsertion (19557 ns)
    [ PASSED ] CASE: capacityShrinkEvictsImmediatelyAndPeerLimitIsHard (25095 ns)
    [ PASSED ] CASE: withoutIndexingNeverIndexedAndSensitiveNeverEnterState (59315 ns)
    [ PASSED ] CASE: staticAndDynamicSearchReturnCanonicalLowestIndexes (224156 ns)
    [ PASSED ] CASE: zeroCapacityRetainsNoEntries (17681 ns)
    TCS: HpackHuffmanTest, time elapsed: 61490543 ns, RESULT:
    [ PASSED ] CASE: rfcRequestExamplesEncodeAndDecodeExactly (4577304 ns)
    [ PASSED ] CASE: everyOctetRoundTripsWithinAnExplicitBound (49778338 ns)
    [ PASSED ] CASE: huffmanStringLiteralUsesFlagAndSharedBounds (2250378 ns)
    [ PASSED ] CASE: eosInvalidPaddingAndTruncatedPrefixFailClosed (1199581 ns)
    [ PASSED ] CASE: decodedAndEncodedOutputLimitsApplyBeforeGrowth (1856420 ns)
    TCS: Http2ConnectionReaderTest, time elapsed: 8409738 ns, RESULT:
    [ PASSED ] CASE: oneReaderDecodesEveryByteBoundaryAndDispatchesInWireOrder (785973 ns)
    [ PASSED ] CASE: serverConsumesMagicAndFirstFrameFromTheSameRead (483033 ns)
    [ PASSED ] CASE: eofDuringPrefaceOrFrameFailsAndWakesEveryStream (1384792 ns)
    [ PASSED ] CASE: invalidTransportProgressAndHandlerFailureBecomeTerminal (1523031 ns)
    [ PASSED ] CASE: readerLoopCanOnlyBeClaimedOnce (772672 ns)
    [ PASSED ] CASE: terminationRegistryIsBoundedRemovableAndExactlyOnce (543026 ns)
    [ PASSED ] CASE: readerRegistryReservesOneListenerBeyondTheStreamLimit (311521 ns)
    TCS: Http2ServerMappingTest, time elapsed: 11429357 ns, RESULT:
    [ PASSED ] CASE: requestHeadMapsPseudoFieldsHostAndContentLength (191451 ns)
    [ PASSED ] CASE: connectAndOptionsTargetsAreMappedStrictly (222507 ns)
    [ PASSED ] CASE: requestRejectsPseudoOrderCaseConnectionAndAuthorityAmbiguity (234895 ns)
    [ PASSED ] CASE: paddedDataReturnsAllFlowCreditAndPublishesTrailers (240296 ns)
    [ PASSED ] CASE: requestQueueIsBoundedBeforeFlowAccountingMutates (156307 ns)
    [ PASSED ] CASE: terminalLengthMismatchDoesNotConsumeFlowWindow (158407 ns)
    [ PASSED ] CASE: responseHeadersBodyFlowAndTrailersMapInOrder (1418728 ns)
    [ PASSED ] CASE: streamingResponseMayExceedTheConfiguredRequestBodyBound (761364 ns)
    [ PASSED ] CASE: responseRulesCloseBodiesOnEveryTerminalOrFailurePath (164293 ns)
    [ PASSED ] CASE: handlerRunsOnceAndReleasesRequestOwnership (224532 ns)
    [ PASSED ] CASE: invalidDuplexResponseReleasesPreServeHandoffExactlyOnce (5407908 ns)
    TCS: Http2ServerPushLifecycleTest, time elapsed: 145452514 ns, RESULT:
    [ PASSED ] CASE: largePushDoesNotDelayParentHeadersUntilPushCreditReturns (64746709 ns)
    [ PASSED ] CASE: cancelledPushReleasesItsWorkerSlotForTheNextParent (44520318 ns)
    [ PASSED ] CASE: crossOriginPushIsRejectedAndItsResponseIsClosedBeforeAnyOffer (2063591 ns)
    [ PASSED ] CASE: parentResetWhileWaitingForPushSlotIsRevalidatedBeforeReservation (9876086 ns)
    [ PASSED ] CASE: resetOfBlockedPushDoesNotBlockReaderOrReleaseWorkerSlotEarly (14690142 ns)
    [ PASSED ] CASE: blockingHeaderOnlyBodyCloseDoesNotDelayInboundReset (4444163 ns)
    [ PASSED ] CASE: duplexHandlerReturnAbortsBothStreamDirections (2873472 ns)
    TCS: Http2SettingsTest, time elapsed: 1779369 ns, RESULT:
    [ PASSED ] CASE: codecPreservesKnownUnknownAndRepeatedSettingsInOrder (55068 ns)
    [ PASSED ] CASE: peerBatchAppliesAtomicallyAndReturnsAckAndWindowDelta (27511 ns)
    [ PASSED ] CASE: invalidPeerBatchLeavesEffectiveStateUnchanged (51975 ns)
    [ PASSED ] CASE: localBatchesAreAcknowledgedInFifoOrder (30830 ns)
    [ PASSED ] CASE: unexpectedAckAndPendingBatchOverflowFailClosed (38243 ns)
    [ PASSED ] CASE: advertisedResourceValuesAreCappedByLocalPolicy (105099 ns)
    [ PASSED ] CASE: settingsFrameLengthAndAckPayloadAreRejectedByFrameLayer (36726 ns)
    [ PASSED ] CASE: peerDefaultsAreRfcValuesCappedSeparatelyFromLocalAdvertisement (52059 ns)
    [ PASSED ] CASE: clientPushAdvertisementUsesItsOwnFiniteAdmissionBound (24459 ns)
    [ PASSED ] CASE: serverEnablePushSettingIsRejectedInBothDirections (44369 ns)
    TCS: Http2StreamLifecycleTest, time elapsed: 3417366 ns, RESULT:
    [ PASSED ] CASE: bothEndStreamOrdersReachClosedExactlyOnce (34871 ns)
    [ PASSED ] CASE: initialEndStreamHalfClosesTheInitiatingSide (26337 ns)
    [ PASSED ] CASE: clientAndServerAllocateCorrectMonotonicParity (29778 ns)
    [ PASSED ] CASE: peerParityReuseAndDecreasingIdsFailConnection (40880 ns)
    [ PASSED ] CASE: localAndPeerConcurrencyLimitsAreIndependentAndCapacityReturns (289315 ns)
    [ PASSED ] CASE: invalidHalfClosedDirectionsAndUnknownStreamsFailClosed (80487 ns)
    [ PASSED ] CASE: readerTerminationClosesAndUnregistersEveryActiveStream (77598 ns)
    [ PASSED ] CASE: racingAdmissionNeverExceedsConfiguredBoundOrDuplicatesIds (640253 ns)
    [ PASSED ] CASE: racingEndDirectionsCompleteAndCleanupExactlyOnce (932715 ns)
    TCS: Http2StreamResetManagerTest, time elapsed: 3602432 ns, RESULT:
    [ PASSED ] CASE: rstCodecPreservesKnownAndExtensionCodes (65314 ns)
    [ PASSED ] CASE: localCancelQueuesResetAndReleasesOnlyItsStream (146282 ns)
    [ PASSED ] CASE: peerResetCancelsQueuedDataPermitsAndWakesOwnerOnce (104066 ns)
    [ PASSED ] CASE: resetWakesBlockedServerBodyWithoutClosingConnection (149927 ns)
    [ PASSED ] CASE: racingLocalAndPeerResetCompletesEveryStreamExactlyOnce (1890442 ns)
    [ PASSED ] CASE: queuePressureIsAtomicAndCleanupCreditStaysBoundedForRetry (203461 ns)
    TCS: Http2WriteSchedulerTest, time elapsed: 9059060 ns, RESULT:
    [ PASSED ] CASE: controlPrecedesDataAndPartialWritesDrainGracefully (211216 ns)
    [ PASSED ] CASE: controlBurstIsBoundedAndDataStreamsRotateFairly (470109 ns)
    [ PASSED ] CASE: queueCountAndBytesAreHardAndCancellationReleasesCapacity (115682 ns)
    [ PASSED ] CASE: concurrentProducersStillUseExactlyOneWriter (1904401 ns)
    [ PASSED ] CASE: abortInterruptsActiveWriteAndFailsEveryTicket (116582 ns)
    [ PASSED ] CASE: transportFailureFansOutAndTicketWaitHonorsCancellation (61224 ns)
    [ PASSED ] CASE: reservedDataConsumesFlowOnlyWhenTheWriterClaimsIt (41312 ns)
    [ PASSED ] CASE: serverDataEventTransfersItsPermitBeforeWriterClaim (58806 ns)
    [ PASSED ] CASE: cancellingQueuedReservedDataReturnsAllFlowCapacity (34214 ns)
    [ PASSED ] CASE: admittedHeaderBatchSurvivesResetDuringPartialFirstWrite (117084 ns)
    [ PASSED ] CASE: unstartedEncodedHeaderBatchIsIrrevocableAfterAdmission (172158 ns)
    [ PASSED ] CASE: largeHeaderBatchRemainsContiguousPastControlBurstLimit (419940 ns)
    [ PASSED ] CASE: failedHeaderBatchAdmissionTerminatesScheduler (107687 ns)
    [ PASSED ] CASE: concurrentHeaderBatchesStayContiguousOnTheWire (1701404 ns)
Summary: TOTAL: 182
    PASSED: 182, SKIPPED: 0, ERROR: 0
    FAILED: 0
--------------------------------------------------------------------------------------------------
TP: wirestack.tls, time elapsed: 137243413 ns, RESULT:
    TCS: PublicTlsFacadeTest, time elapsed: 104550497 ns, RESULT:
    [ PASSED ] CASE: clientBuilderRejectsReversedVersionRangeBeforeTransportIo (53237887 ns)
    [ PASSED ] CASE: serverBuilderRequiresAnIdentityBeforeTransportIo (9389817 ns)
    [ PASSED ] CASE: clientBuilderCopiesAlpnAndPublishesProviderNeutralCapabilities (12160242 ns)
    [ PASSED ] CASE: preCancelledHandshakeConsumesAndAbortsTheTransport (28167933 ns)
    TCS: TlsM8006ContractTest, time elapsed: 12716679 ns, RESULT:
    [ PASSED ] CASE: externalDecryptionRequestIsStrictlyRawRsaBoundedAndOwned (100542 ns)
    [ PASSED ] CASE: keyLogLineAcceptsOnlyBoundedNssShapeAndOwnsSecrets (94559 ns)
    [ PASSED ] CASE: clientContextRejectsExternalDecryptionBeforeHandshake (11999038 ns)
    TCS: TlsRuntimeTest, time elapsed: 19717583 ns, RESULT:
    [ PASSED ] CASE: reportsHandleFreeLinuxProviderAndBuildIdentity (8433321 ns)
    [ PASSED ] CASE: returnsDefensiveCopiesOfRuntimeInventories (10096696 ns)
Summary: TOTAL: 9
    PASSED: 9, SKIPPED: 0, ERROR: 0
    FAILED: 0
--------------------------------------------------------------------------------------------------
TP: wirestack.internal.transport, time elapsed: 211599341 ns, RESULT:
    TCS: ByteSpanTest, time elapsed: 1729163 ns, RESULT:
    [ PASSED ] CASE: defaultsCoverWholeArrayAndEmptyArray (274537 ns)
    [ PASSED ] CASE: sliceAndAdvanceKeepTheOriginalArray (21506 ns)
    [ PASSED ] CASE: mutableViewWritesThroughAndConvertsWithoutCopying (20592 ns)
    [ PASSED ] CASE: permitsBoundaryEmptyRanges (19019 ns)
    [ PASSED ] CASE: rejectsEveryOutOfRangeShape (143387 ns)
    TCS: CancellationTest, time elapsed: 45895144 ns, RESULT:
    [ PASSED ] CASE: cancelIsOneWayAndCallbacksRunExactlyOnce (163494 ns)
    [ PASSED ] CASE: unregisterIsIdempotentAndPreventsPendingCallback (24586 ns)
    [ PASSED ] CASE: alreadyCancelledRegistrationRunsSynchronouslyOnce (26774 ns)
    [ PASSED ] CASE: noneTokenRemainsUsableAndNotCancelled (16157 ns)
    [ PASSED ] CASE: oneFailingCallbackDoesNotBlockOtherWaiters (42304 ns)
    [ PASSED ] CASE: concurrentCancelClaimsEveryCallbackExactlyOnce (18625058 ns)
    [ PASSED ] CASE: registrationRacingCancellationStillRunsExactlyOnce (22909059 ns)
    [ PASSED ] CASE: unregisterRacingCancellationIsAtMostOnce (1967802 ns)
    [ PASSED ] CASE: callbackMayReenterCancellationAndRegistrationWithoutDeadlock (51187 ns)
    TCS: OperationCompletionTest, time elapsed: 36801352 ns, RESULT:
    [ PASSED ] CASE: completionCleansEveryResourceBeforeTheWinnerCallback (42497 ns)
    [ PASSED ] CASE: unregisterAndLateRegistrationHaveExplicitTerminalSemantics (29252 ns)
    [ PASSED ] CASE: cleanupCapacityIsPositiveAndHardBounded (59507 ns)
    [ PASSED ] CASE: cleanupFailuresAndReentrancyCannotBlockTerminalProgress (37544 ns)
    [ PASSED ] CASE: winnerExceptionDoesNotReopenTheCompletion (26684 ns)
    [ PASSED ] CASE: cleanupCountPropertyHoldsAcrossEveryConfiguredOccupancy (284673 ns)
    [ PASSED ] CASE: concurrentTerminalCallersHaveOneWinner (3715752 ns)
    [ PASSED ] CASE: registrationRacingCompletionIsAlwaysCleanedOnce (29244237 ns)
    [ PASSED ] CASE: unregisterRacingCompletionRunsCleanupAtMostOnce (1820333 ns)
    TCS: DeadlineTest, time elapsed: 1074516 ns, RESULT:
    [ PASSED ] CASE: remainingUsesTheInjectedMonotonicClock (24945 ns)
    [ PASSED ] CASE: remainingClampsAtZeroAfterExpiry (13950 ns)
    [ PASSED ] CASE: childCanShortenButNeverExtendParent (26817 ns)
    [ PASSED ] CASE: zeroAndExpiredChildrenCannotExtendTheParent (38441 ns)
    [ PASSED ] CASE: rejectsNegativeDurations (36478 ns)
    TCS: TransportLifecycleTest, time elapsed: 6724520 ns, RESULT:
    [ PASSED ] CASE: connectingAndAcceptedPathsReachOpenOnlyInOrder (23480 ns)
    [ PASSED ] CASE: halfCloseIsDirectionalIdempotentAndConvergesOnClosing (72251 ns)
    [ PASSED ] CASE: gracefulCloseIsIdempotentAndCompletesOnlyFromClosing (48571 ns)
    [ PASSED ] CASE: abortAndFailReachEveryNonTerminalStateWithoutOverwritingTerminalEvidence (130375 ns)
    [ PASSED ] CASE: illegalTransitionsHaveStableCodesAndDoNotMutateState (385544 ns)
    [ PASSED ] CASE: closingAndTerminalStatesRejectDataOperationsWithClosedCode (91722 ns)
    [ PASSED ] CASE: operationClaimsAllowDuplexButRejectSameDirectionConcurrency (72042 ns)
    [ PASSED ] CASE: everyTerminalModeReleasesRegisteredResourcesExactlyOnce (37673 ns)
    [ PASSED ] CASE: racingTerminalTransitionsRetainOneWinnerAndOneCleanup (4349689 ns)
    [ PASSED ] CASE: terminalCleanupMayReenterAndItsRegistryRemainsBounded (67137 ns)
    TCS: M124TransportRaceTest, time elapsed: 37653985 ns, RESULT:
    [ PASSED ] CASE: readCloseReleasesBlockedOperationAndDrainsWaiter (7081045 ns)
    [ PASSED ] CASE: writeAbortReleasesBlockedOperationAndDrainsWaiter (9577892 ns)
    [ PASSED ] CASE: successAndCancelOrderingsCompleteOnceWithoutDataLeak (19950069 ns)
    TCS: MemoryTransportListenerTest, time elapsed: 50077894 ns, RESULT:
    [ PASSED ] CASE: rejectsInvalidListenerAndSchedulerBounds (54358 ns)
    [ PASSED ] CASE: listenerDeliversConnectionsInFifoOrderAndBoundsBacklog (165417 ns)
    [ PASSED ] CASE: schedulerDefersDeliveryAndReleasesFailedReservations (130415 ns)
    [ PASSED ] CASE: schedulerRunsMultipleConnectionsInStableFifoOrder (88879 ns)
    [ PASSED ] CASE: cancellationWakesAcceptWithoutClosingListener (8399649 ns)
    [ PASSED ] CASE: deadlineBoundsBlockedAcceptWithoutClosingListener (29487097 ns)
    [ PASSED ] CASE: closeWakesAcceptAndAbortsOwnedConnectionsIdempotently (9884934 ns)
    TCS: MemoryTransportTest, time elapsed: 1888207 ns, RESULT:
    [ PASSED ] CASE: pairTransfersPartialDataInBothDirections (35707 ns)
    [ PASSED ] CASE: emptyBuffersReturnZeroWithoutProducingEofOrPeerData (35077 ns)
    [ PASSED ] CASE: writeShutdownProducesPeerEofAfterBufferedData (58476 ns)
    [ PASSED ] CASE: readShutdownMakesPeerWritesFailAsBrokenPipe (82555 ns)
    [ PASSED ] CASE: cancelledBeforeOperationHasNoDataSideEffect (38896 ns)
    [ PASSED ] CASE: closeAndAbortAreIdempotentAndTerminal (23959 ns)
    [ PASSED ] CASE: cancellationWakesABlockedRead (54139 ns)
    [ PASSED ] CASE: closeWakesABlockedLocalRead (56471 ns)
    [ PASSED ] CASE: writeShutdownWakesABlockedLocalWrite (45348 ns)
    [ PASSED ] CASE: boundedBackpressureResumesAfterPeerReads (179150 ns)
    [ PASSED ] CASE: expiredDeadlineFailsBeforeAnyWrite (24819 ns)
    TCS: NetworkErrorTest, time elapsed: 630818 ns, RESULT:
    [ PASSED ] CASE: retainsStableClassificationAndEndpointEvidence (43827 ns)
    [ PASSED ] CASE: retainsLocalEndpointCauseAndOptionalDefaults (73122 ns)
    [ PASSED ] CASE: caughtErrorRetainsUnixEndpointBytesNativeCodeAndCause (24282 ns)
    [ PASSED ] CASE: pathnameRejectsNulWhileAbstractRetainsIt (15656 ns)
    TCS: OperationContextTest, time elapsed: 723797 ns, RESULT:
    [ PASSED ] CASE: backgroundHasNoDeadlineCancellationOrTrace (10394 ns)
    [ PASSED ] CASE: derivedContextsRetainEventSinkAndSinkFailuresAreIsolated (30460 ns)
    [ PASSED ] CASE: derivedContextRetainsCancellationAndTrace (16116 ns)
    [ PASSED ] CASE: derivationHelpersChangeOnlyTheirNamedField (32946 ns)
    [ PASSED ] CASE: earlierDeadlineCannotBeExtended (9572 ns)
    [ PASSED ] CASE: traceIdentifiersAreBoundedAndNonEmpty (50264 ns)
    TCS: ScriptedTransportTest, time elapsed: 26164914 ns, RESULT:
    [ PASSED ] CASE: rejectsUnboundedOrInvalidScripts (48283 ns)
    [ PASSED ] CASE: shortReadAndWriteStepsAreConsumedInOrder (39853 ns)
    [ PASSED ] CASE: emptyIoDoesNotConsumeScriptAndEofIsExplicit (26942 ns)
    [ PASSED ] CASE: resetTerminatesTransportAtInjectedPhase (44065 ns)
    [ PASSED ] CASE: failurePreservesCoordinatesWithoutTerminatingTransport (43221 ns)
    [ PASSED ] CASE: virtualWaiterReleasesBlockedOperationsInFifoOrder (15276151 ns)
    [ PASSED ] CASE: cancellationWinsAReleaseRaceAndCleansWaiter (9818350 ns)
    TCS: TransportHelperTest, time elapsed: 827372 ns, RESULT:
    [ PASSED ] CASE: writeAllHandlesPartialWritesAndEmptyInput (28625 ns)
    [ PASSED ] CASE: readExactHandlesPartialReads (13931 ns)
    [ PASSED ] CASE: readExactClassifiesPrematureEof (19512 ns)
    [ PASSED ] CASE: emptyHelpersDoNotCallTransport (13416 ns)
    [ PASSED ] CASE: invalidProgressFailsOnceWithoutSpinning (51916 ns)
    [ PASSED ] CASE: cancellationAfterPartialProgressPropagatesWithoutRestart (36920 ns)
    [ PASSED ] CASE: absoluteDeadlineExpiresAcrossPartialRetries (32962 ns)
Summary: TOTAL: 83
    PASSED: 83, SKIPPED: 0, ERROR: 0
    FAILED: 0
--------------------------------------------------------------------------------------------------
TP: wirestack.internal.transport_stdnet, time elapsed: 191751911 ns, RESULT:
    TCS: StdNetTransportListenerTest, time elapsed: 90938870 ns, RESULT:
    [ PASSED ] CASE: listenerRejectsOutOfRangeBacklogBeforeBinding (346796 ns)
    [ PASSED ] CASE: listenerPreCancelledAndExpiredAcceptsFailFast (239923 ns)
    [ PASSED ] CASE: listenerDeadlineBoundsBlockedAcceptAndListenerRemainsUsable (37874305 ns)
    [ PASSED ] CASE: listenerCancellationWakesActiveAcceptAndListenerRemainsUsable (40141231 ns)
    [ PASSED ] CASE: listenerCloseWakesActiveAcceptWithStructuredErrorAndIsIdempotent (10939184 ns)
    TCS: M123TransportDiagnosticsTest, time elapsed: 687740 ns, RESULT:
    [ PASSED ] CASE: stdNetReportsRuntimeEndpointsAndCapabilitiesWithoutGuessingIoBackend (316626 ns)
    [ PASSED ] CASE: deterministicTransportUsesTheSameProviderNeutralContract (62739 ns)
    TCS: M127BackgroundFastPathTest, time elapsed: 24250354 ns, RESULT:
    [ PASSED ] CASE: backgroundAndObservedPathsTransferEquivalentData (167435 ns)
    [ PASSED ] CASE: backgroundPeerCloseRemainsEof (130865 ns)
    [ PASSED ] CASE: backgroundLocalCloseRaceRemainsClosed (1224096 ns)
    [ PASSED ] CASE: backgroundStillRejectsConcurrentReaders (1264071 ns)
    [ PASSED ] CASE: cancellableAndDeadlineContextsRetainGenericChecks (213421 ns)
    [ PASSED ] CASE: deadlineTimeoutIsClearedBeforeBackgroundRead (20400341 ns)
    TCS: Net06CancellationGateTest, time elapsed: 6935805 ns, RESULT:
    [ PASSED ] CASE: cancelledReadsReleaseSocketsWaitersAndTasks (6605566 ns)
    TCS: StdNetTransportTest, time elapsed: 66094227 ns, RESULT:
    [ PASSED ] CASE: writeSomeIsPartialAndReusesBoundedConnectionStaging (375016 ns)
    [ PASSED ] CASE: wholeArrayReadAndWriteBypassStagingForATypicalTlsRecord (2660006 ns)
    [ PASSED ] CASE: subrangesRetainBoundedStagingAndCopyAccounting (276440 ns)
    [ PASSED ] CASE: connectsByResolvedIpAndTransfersBothDirections (215718 ns)
    [ PASSED ] CASE: emptyOperationsAreImmediate (170891 ns)
    [ PASSED ] CASE: unsupportedHalfClosePreservesBothDirections (269578 ns)
    [ PASSED ] CASE: cancellationAbortRemainsNativeOwnerAfterLaterClose (1245634 ns)
    [ PASSED ] CASE: listenerCloseWakesBlockedAcceptAsClosed (1071465 ns)
    [ PASSED ] CASE: cancellingOneAcceptLeavesListenerReusable (29623370 ns)
    [ PASSED ] CASE: preCancelledConnectDoesNotCreateASocket (70118 ns)
    [ PASSED ] CASE: peerGracefulCloseIsReportedAsEof (224679 ns)
    [ PASSED ] CASE: deadlineBoundsBlockedReadWithoutClosingConnection (20361070 ns)
    [ PASSED ] CASE: localCloseMapsBlockedReadWithStableEvidence (1443008 ns)
    [ PASSED ] CASE: explicitAbortWakesBlockedReadWithStableEvidence (1559664 ns)
    [ PASSED ] CASE: gracefulNativeCloseRemainsGracefulAfterLaterAbort (499329 ns)
    [ PASSED ] CASE: explicitAbortRemainsNativeOwnerAfterLaterClose (389499 ns)
    [ PASSED ] CASE: unknownConnectFailureMapsWithoutMessageOrNativeCode (200610 ns)
    [ PASSED ] CASE: concurrentReadsFailWithoutDisturbingTheActiveRead (1275074 ns)
    [ PASSED ] CASE: happyEyeballsComposesWithTheDefaultStdNetFactory (308290 ns)
Summary: TOTAL: 50
    PASSED: 33, SKIPPED: 17, ERROR: 0
    FAILED: 0
--------------------------------------------------------------------------------------------------
TP: wirestack.internal.common, time elapsed: 2144771 ns, RESULT:
    TCS: EndpointTest, time elapsed: 1418050 ns, RESULT:
    [ PASSED ] CASE: acceptsTypedIpv4AndIpv6WithoutDns (192618 ns)
    [ PASSED ] CASE: addressOwnsAnImmutableOctetSnapshot (17035 ns)
    [ PASSED ] CASE: rejectsWrongLengthsAndIpv4Zones (44507 ns)
    [ PASSED ] CASE: ipv6ZoneAndPortBoundariesRemainTypedIdentity (19333 ns)
    [ PASSED ] CASE: rejectsEmptyAndOversizedIpv6Zones (27881 ns)
    TCS: HostNameTest, time elapsed: 654333 ns, RESULT:
    [ PASSED ] CASE: canonicalizesAsciiCaseAndOneRootDot (37991 ns)
    [ PASSED ] CASE: rejectsAmbiguousOrInvalidDnsNames (91800 ns)
    [ PASSED ] CASE: acceptsAsciiALabelAndExactDnsLengthBoundaries (57260 ns)
    [ PASSED ] CASE: rejectsOneByteBeyondLabelAndHostLimits (29475 ns)
Summary: TOTAL: 9
    PASSED: 9, SKIPPED: 0, ERROR: 0
    FAILED: 0
--------------------------------------------------------------------------------------------------
TP: wirestack.internal.tls_engine, time elapsed: 29138044266 ns, RESULT:
    TCS: TlsConnectionTest, time elapsed: 51808138 ns, RESULT:
    [ PASSED ] CASE: handshakeTransfersOwnershipAndPlaintextIoUsesTheEngine (1212803 ns)
    [ PASSED ] CASE: oneReadAndOneWriteMayOverlapButSecondReadFailsImmediately (1119443 ns)
    [ PASSED ] CASE: handshakeFailureAbortsTransportAndReleasesEngineExactlyOnce (168059 ns)
    [ PASSED ] CASE: expiredHandshakeDeadlineStillConsumesAndAbortsBothInputs (82789 ns)
    [ PASSED ] CASE: ioFailureAbortsAndRepeatedTerminalCallsDoNotReleaseTwice (461572 ns)
    [ PASSED ] CASE: unsupportedHalfCloseDoesNotMutateAnOpenConnection (136436 ns)
    [ PASSED ] CASE: concurrentCloseAndAbortReleaseUnderlyingResourcesOnce (9626959 ns)
    [ PASSED ] CASE: gracefulCloseSendsAndProcessesCloseNotifyBeforeReleasingResources (304578 ns)
    [ PASSED ] CASE: tcpEofDuringGracefulCloseRetainsTruncationAndStillReleasesEverything (444182 ns)
    [ PASSED ] CASE: expiredCloseBudgetStillClosesTransportAndReleasesEngine (284052 ns)
    [ PASSED ] CASE: abortNeverAttemptsTlsShutdownAndRetainsLocalAbortEvidence (276883 ns)
    [ PASSED ] CASE: cancelledCloseReleasesEngineWhenImmediateAbortCallbackThrows (280773 ns)
    [ PASSED ] CASE: tcpEofDuringApplicationReadRetainsTruncationBeforeAbort (640878 ns)
    [ PASSED ] CASE: peerCloseNotifyProducesEofEvidenceAndRejectsNewApplicationWrites (775648 ns)
    [ PASSED ] CASE: closeDeadlineExpiresWhileAnExistingBackgroundReadOwnsPumpAdmission (31016780 ns)
    [ PASSED ] CASE: closeCancellationInterruptsAnExistingBackgroundReadWithinTheBound (744268 ns)
    [ PASSED ] CASE: closeCancellationDoesNotWaitBehindAnExistingCiphertextWrite (661064 ns)
    TCS: Net06TlsTransportCleanupGateTest, time elapsed: 1958163 ns, RESULT:
    [ PASSED ] CASE: failedHandshakesDisposeEngineAndTransportExactlyOnce (1611834 ns)
    TCS: TlsContextTest, time elapsed: 5483246 ns, RESULT:
    [ PASSED ] CASE: linuxCapabilitiesAreExplicitAndNeverInferredFromProviderNames (38604 ns)
    [ PASSED ] CASE: defaultSystemTrustFailsAtBuildUntilLinuxAdapterIsAvailable (156063 ns)
    [ PASSED ] CASE: modernClientContextIsImmutableAndConcurrentShareable (516277 ns)
    [ PASSED ] CASE: strictTls13RejectsAnyTls12Override (265785 ns)
    [ PASSED ] CASE: missingTls13AndHttp2CapabilitiesFailBeforeHandshake (120548 ns)
    [ PASSED ] CASE: alpnRejectsEmptyAndDuplicateProtocolNames (793254 ns)
    [ PASSED ] CASE: serverRequiresServerIdentityAndMtlSTrustAtBuildTime (1060548 ns)
    [ PASSED ] CASE: clientIdentityCapabilityIsValidatedAtBuildTime (901100 ns)
    TCS: TlsEnginePumpTest, time elapsed: 351222411 ns, RESULT:
    [ PASSED ] CASE: awsLcClientEngineProducesAClientHelloWithoutSocketIo (41697570 ns)
    [ PASSED ] CASE: strictTls13PolicyIsAcceptedByTheNativeEngine (132118 ns)
    [ PASSED ] CASE: LinuxSystemTrustLoadsExplicitlyAndSniStaysSeparateFromReferenceIdentity (22331350 ns)
    [ PASSED ] CASE: customRootChainIsLoadedIntoARealAwsLcClientEngine (397591 ns)
    [ PASSED ] CASE: spkiPinPolicyConfiguresTheNativeVerificationPathBeforeHandshake (228457 ns)
    [ PASSED ] CASE: matchingSpkiPinCompletesARealClientServerHandshake (12537764 ns)
    [ PASSED ] CASE: matchingSpkiPinDoesNotBypassReferenceIdentityVerification (15721218 ns)
    [ PASSED ] CASE: realAwsLcEnginesExchangeCloseNotifyInBothDirections (14421044 ns)
    [ PASSED ] CASE: handshakeInfoReportsNegotiatedAlpnPeerChainAndVerificationEvidence (13266660 ns)
    [ PASSED ] CASE: tls13TicketResumesAcrossFreshEnginesWithoutEarlyData (15511960 ns)
    [ PASSED ] CASE: tls12TicketResumesAcrossFreshEngines (18269963 ns)
    [ PASSED ] CASE: sniSelectsTheCompleteImmutableContextAndItsCertificate (15647759 ns)
    [ PASSED ] CASE: sniSelectorRejectsMissingAndUnknownNamesWithStableEvidence (19968371 ns)
    [ PASSED ] CASE: noSharedAlpnFailsTheHandshakeInsteadOfSilentlySelectingNothing (9677685 ns)
    [ PASSED ] CASE: requiredMutualTlsUsesClientIdentityAndReturnsServerVerificationEvidence (14859388 ns)
    [ PASSED ] CASE: requiredMutualTlsRejectsMissingClientIdentityButOptionalAllowsIt (16537676 ns)
    [ PASSED ] CASE: mismatchedSpkiPinFailsARealClientServerHandshake (12162638 ns)
    [ PASSED ] CASE: externalSignerCompletesARealHandshakeOutsideTheNativeCallback (22508846 ns)
    [ PASSED ] CASE: externalSignerExceptionFailsClosedWithoutCrossingTheCAbi (9579815 ns)
    [ PASSED ] CASE: cancellationBeforeSignerInvocationFailsThePendingNativeOperation (12333699 ns)
    [ PASSED ] CASE: tls12ContextVersionsPartitionRealClientAndServerSessions (25826692 ns)
    [ PASSED ] CASE: tls13ContextVersionsPartitionRealClientAndServerTickets (29578969 ns)
    [ PASSED ] CASE: pumpHandlesWantReadWriteAndPartialIoWithBoundedBuffers (81219 ns)
    [ PASSED ] CASE: wantWriteWithoutCiphertextFailsInsteadOfSpinning (233403 ns)
    [ PASSED ] CASE: eofDuringWantReadRetainsTlsHandshakeEvidence (225113 ns)
    [ PASSED ] CASE: preCancellationStopsBeforeCallingProviderOrTransport (230772 ns)
    [ PASSED ] CASE: expiredDeadlineStopsBeforeCallingProviderOrTransport (227344 ns)
    TCS: LocalIdentityTest, time elapsed: 7763789 ns, RESULT:
    [ PASSED ] CASE: pkcs8InputIsExactBoundedAndZeroizable (1054068 ns)
    [ PASSED ] CASE: pkcs8FileAdapterReadsOneBoundedRegularFile (579645 ns)
    [ PASSED ] CASE: localIdentityValidatesLeafKeyMatchAndHasStablePublicIdentity (1857145 ns)
    [ PASSED ] CASE: mismatchedCertificateAndPrivateKeyFailAtIdentityBuild (1091165 ns)
    [ PASSED ] CASE: externalSignerAndSystemHandleShareOneOpaqueKeyContract (692382 ns)
    [ PASSED ] CASE: duplicateSignerAlgorithmsAndMismatchedSpkiFailAtBuild (707598 ns)
    TCS: M3028TlsFuzzTest, time elapsed: 28715084191 ns, RESULT:
    [ PASSED ] CASE: recordMutationsHaveDeterministicTypedTerminals (11521477501 ns)
    [ PASSED ] CASE: handshakeMutationsHaveDeterministicTypedTerminals (11356861401 ns)
    [ PASSED ] CASE: certificateAdapterMutationsHaveDeterministicTypedTerminals (5835719904 ns)
    TCS: TlsM8006ContextTest, time elapsed: 2549121 ns, RESULT:
    [ PASSED ] CASE: sessionPartitionsRetainOnlyTheMatchingContextVersion (82582 ns)
    [ PASSED ] CASE: decryptorRequiresProviderCapabilityAndRsaExternalIdentity (1672488 ns)
    [ PASSED ] CASE: keyLogSinkRequiresExplicitProviderCapability (63958 ns)
    TCS: TlsProviderSubstitutionTest, time elapsed: 846849 ns, RESULT:
    [ PASSED ] CASE: testProviderUsesTheProductionFactoryContract (223573 ns)
    [ PASSED ] CASE: objectsFromDifferentProviderInstancesCannotMix (284035 ns)
    [ PASSED ] CASE: activeEngineRetainsProviderUntilItCloses (15545 ns)
    TCS: TlsSessionStoreTest, time elapsed: 339620 ns, RESULT:
    [ PASSED ] CASE: boundedLruExpiryAndSingleUseAreDeterministic (43777 ns)
    [ PASSED ] CASE: everySecurityPartitionDimensionPreventsReuse (40561 ns)
Summary: TOTAL: 70
    PASSED: 70, SKIPPED: 0, ERROR: 0
    FAILED: 0
--------------------------------------------------------------------------------------------------
TP: wirestack.internal.trust, time elapsed: 36533481 ns, RESULT:
    TCS: HostnameVerifierTest, time elapsed: 1911180 ns, RESULT:
    [ PASSED ] CASE: exactDnsAndAsciiIdnaALabelMatchCaseInsensitively (354629 ns)
    [ PASSED ] CASE: wildcardMatchesExactlyOneLeftmostLabelOnly (58179 ns)
    [ PASSED ] CASE: invalidOrOverbroadWildcardsAreRejectedAtCertificateBoundary (51599 ns)
    [ PASSED ] CASE: dnsAndIpReferenceIdentitiesNeverCrossMatch (47415 ns)
    [ PASSED ] CASE: subjectAlternativeNameCountIsHardBounded (160243 ns)
    TCS: M3028HostnameFuzzTest, time elapsed: 32971159 ns, RESULT:
    [ PASSED ] CASE: hostnameMutationsHaveDeterministicTypedTerminals (32768380 ns)
    TCS: TrustPolicyTest, time elapsed: 1490967 ns, RESULT:
    [ PASSED ] CASE: nativeX509ParserAcceptsOneExactDerObjectAndRejectsTrailingBytes (417526 ns)
    [ PASSED ] CASE: certificateAndChainLimitsFailBeforeUnboundedParsingOrCopying (263351 ns)
    [ PASSED ] CASE: everyTrustPolicyHasAStableContentIdentityAndNoTrustAllState (308773 ns)
    [ PASSED ] CASE: pinAlgorithmAndScopeAreExplicitAndMalformedPinsFail (29625 ns)
Summary: TOTAL: 10
    PASSED: 10, SKIPPED: 0, ERROR: 0
    FAILED: 0
--------------------------------------------------------------------------------------------------
TP: wirestack.net, time elapsed: 1565502249 ns, RESULT:
    TCS: DnsClientWireTest, time elapsed: 1005269462 ns, RESULT:
    [ PASSED ] CASE: publicQueryAndLookupUseRealUdpAndRetainAbsoluteCacheExpiry (3669202 ns)
    [ PASSED ] CASE: publicQueryEncodesEveryModeledRecordType (14222253 ns)
    [ PASSED ] CASE: wrongSourceIdAndQuestionAreIgnoredBeforeValidUdpResponse (1794684 ns)
    [ PASSED ] CASE: validatedTruncationFallsBackToExactTcpFrame (2869606 ns)
    [ PASSED ] CASE: activeCancellationRetainsNameserverWithoutRetry (60869885 ns)
    [ PASSED ] CASE: silentDnsAttemptsLeaveBudgetForServerAndPassFailover (507949001 ns)
    [ PASSED ] CASE: exhaustedResponseCodesRetainTheLastRespondingNameserver (4608630 ns)
    [ PASSED ] CASE: unsupportedResponseCodeRetainsRespondingNameserver (1757813 ns)
    [ PASSED ] CASE: dnsTransportFailuresRetainSelectedNameserver (253656092 ns)
    [ PASSED ] CASE: tcpResponseCannotRemainTruncated (1873050 ns)
    [ PASSED ] CASE: malformedMatchingResponseAndUnrelatedSectionsCannotPoisonCache (5375405 ns)
    [ PASSED ] CASE: cnameTraversalUsesAnswerOwnersAndRejectsConflictingTargets (3518577 ns)
    [ PASSED ] CASE: fullResultCapacityDoesNotQueryAnotherFamily (60869077 ns)
    [ PASSED ] CASE: rfc2308CacheRetainsNxdomainVersusNodataWithoutNewPackets (4912054 ns)
    [ PASSED ] CASE: zeroTtlNeverCreatesAPositiveCacheEntry (4595243 ns)
    [ PASSED ] CASE: callerCancellationAndClientCloseWakeActiveNativeReceive (4073300 ns)
    [ PASSED ] CASE: anyFamilyRetainsAddressesWhenTheOtherFamilyFails (6562690 ns)
    [ PASSED ] CASE: crossFamilyConflictsRetainTheLivePeerAlongsideCachedResults (7831949 ns)
    [ PASSED ] CASE: nxdomainInvalidatesVisitedTargetsAndOtherCachedAliases (35370108 ns)
    [ PASSED ] CASE: everyNxdomainInvalidatesPreviouslyCachedAddresses (4982801 ns)
    [ PASSED ] CASE: noncacheableNxdomainStopsOtherFamilyQueries (2740174 ns)
    [ PASSED ] CASE: nameWideNegativeOverridesEarlierFamilyFailure (3628742 ns)
    [ PASSED ] CASE: boundedAdmissionRejectsExcessAndCloseWakesQueuedCallers (1194084 ns)
    TCS: DnsResolverPolicyTest, time elapsed: 285200428 ns, RESULT:
    [ PASSED ] CASE: fromSystemParsesTabsCommentsLastSearchAndClampedNdots (342079 ns)
    [ PASSED ] CASE: directConfigRejectsUnsupportedNameserverZonesBeforeQueries (30851 ns)
    [ PASSED ] CASE: numericNameserverZonesUseCanonicalEndpointIdentity (82764 ns)
    [ PASSED ] CASE: systemNameserversRetainOnlySupportedNumericZones (270719 ns)
    [ PASSED ] CASE: equivalentNameserverScopesDoNotConsumeTheServerLimit (210873 ns)
    [ PASSED ] CASE: configOwnsInputArraysAndReturnsDefensiveCopies (44852 ns)
    [ PASSED ] CASE: adoptedClientRequiresMatchingConfigurationWithoutTakingRejectedOwnership (156724 ns)
    [ PASSED ] CASE: systemFilesFailClosedWhenMissingOversizedOrNonregular (14074724 ns)
    [ PASSED ] CASE: ipv4LiteralsBypassHostsSearchAndNameservers (60276563 ns)
    [ PASSED ] CASE: hostsSnapshotRetainsOnlyUsableIpv6Zones (370014 ns)
    [ PASSED ] CASE: hostsAliasesFilterFamiliesAndRemainSnapshotted (514418 ns)
    [ PASSED ] CASE: trailingRootSkipsSearchWhileNdotsSelectsSearchOrAbsoluteFirst (3759267 ns)
    [ PASSED ] CASE: exactHostsEntryWinsBeforeSearchSuffixDns (201000945 ns)
    [ PASSED ] CASE: cancelledExpiredAndClosedCallsRetainPublicResolveClassifications (345200 ns)
    [ PASSED ] CASE: connectUsesHostsMappingForANativeListenerExchange (587295 ns)
    [ PASSED ] CASE: resolverConnectCarriesOneAbsoluteDeadlineIntoNativeTcpAdmission (636628 ns)
    TCS: DnsWireParserTest, time elapsed: 30458415 ns, RESULT:
    [ PASSED ] CASE: decodesCompressedTargetsBinaryTxtSoaAndUnknownData (239934 ns)
    [ PASSED ] CASE: recordOrderMakesAnswerAuthorityAndAdditionalBoundariesExplicit (45948 ns)
    [ PASSED ] CASE: summariesAndRecordsOwnParserAndConstructorInputs (34264 ns)
    [ PASSED ] CASE: publicSummaryRejectsCountsBeyondWireAndCombinedRecordBounds (27467080 ns)
    [ PASSED ] CASE: parserPreservesQuestionIdentityAndRejectsIncompleteRecords (93297 ns)
    [ PASSED ] CASE: asciiNameProfileRejectsAmbiguousLabels (78343 ns)
    [ PASSED ] CASE: compressionLoopsForwardPointersAndOutOfRangePointersAreRejected (47793 ns)
    [ PASSED ] CASE: expandedNameAndSectionCountsRespectConfiguredBounds (61289 ns)
    [ PASSED ] CASE: completeParserRejectsTrailingAndTruncatedSectionBytes (36800 ns)
    [ PASSED ] CASE: typedRdataLengthsAndTxtSegmentsAreExact (65450 ns)
    [ PASSED ] CASE: compressedRdataNamesCannotConsumeNeighboringRecordBytes (95314 ns)
    [ PASSED ] CASE: srvTargetCompressionIsRejectedEvenWhenPointerIsInBounds (38067 ns)
    [ PASSED ] CASE: summaryConstructorRejectsSectionMetadataThatCouldBlurBoundaries (16373 ns)
    [ PASSED ] CASE: additionalOwnerMayReferenceAuthorityNameserverTarget (42270 ns)
    [ PASSED ] CASE: additionalOwnerMayReferenceSecondLegacyMailboxName (126501 ns)
    TCS: DnsWireFuzzTest, time elapsed: 115851078 ns, RESULT:
    [ PASSED ] CASE: wireMutationsRejectMalformedMessagesOrRetainOwnedSections (115453378 ns)
    TCS: M8002TcpListenerTest, time elapsed: 54826526 ns, RESULT:
    [ PASSED ] CASE: bindRejectsInvalidBacklogAndStoppedContextsWithStructuredErrors (97341 ns)
    [ PASSED ] CASE: bindFailureRetainsPublicCoordinatesAndCause (118391 ns)
    [ PASSED ] CASE: cancelledAndExpiredAcceptsLeaveListenerReusable (22377080 ns)
    [ PASSED ] CASE: acceptedStreamTransfersExactDataInBothDirections (231151 ns)
    [ PASSED ] CASE: overlappingAcceptIsRejectedWithoutCreatingAPendingQueue (30032542 ns)
    [ PASSED ] CASE: stoppedCloseAdmissionHasNoNativeEffectAndListenerRemainsUsable (275649 ns)
    [ PASSED ] CASE: gracefulAndAbortTerminalOwnersAreStableAndWakeAccept (238056 ns)
    TCS: M8002UdpSocketTest, time elapsed: 33882238 ns, RESULT:
    [ PASSED ] CASE: datagramBoundariesAndOwnedPayloadSurviveScratchReuse (368576 ns)
    [ PASSED ] CASE: exactCapacityAndTruncationDiscardOnlyTheCurrentDatagramTail (345853 ns)
    [ PASSED ] CASE: connectedSocketSelectsNativePeerAndFiltersOtherSenders (272638 ns)
    [ PASSED ] CASE: invalidAndUnsupportedInputsLeaveSocketReusable (1346973 ns)
    [ PASSED ] CASE: cancellationDeadlineCloseAndAbortRetainDistinctState (30419048 ns)
    TCS: NetworkFoundationContractTest, time elapsed: 39186683 ns, RESULT:
    [ PASSED ] CASE: unixEndpointFormsAreDistinctAndOwned (13530 ns)
    [ PASSED ] CASE: unixEndpointRejectsUnboundedNames (26186 ns)
    [ PASSED ] CASE: rawSocketCapabilityBoundaryRequiresDomainSpecificProtocol (45753 ns)
    [ PASSED ] CASE: cancelledConnectFailsBeforeSocketCreation (41954 ns)
    [ PASSED ] CASE: tcpStreamCancellationDistinguishesUntouchedFromAbortedDelegate (93364 ns)
    [ PASSED ] CASE: tcpStreamGracefulCloseIsRetainedAndIdempotent (30537 ns)
    [ PASSED ] CASE: tcpStreamTerminalCloseSkipsStoppedContextsAndCallerClock (105322 ns)
    [ PASSED ] CASE: tcpStreamNonterminalStoppedCloseAdmissionStillRejects (75160 ns)
    [ PASSED ] CASE: tcpStreamCloseNormalizesContextFailureWithoutTakingOwnership (68753 ns)
    [ PASSED ] CASE: tcpStreamAbortRetainsItsCauseAndConnectionFacts (78632 ns)
    [ PASSED ] CASE: tcpStreamDirectionalShutdownPublishesOnlySuccessfulTransitions (47345 ns)
    [ PASSED ] CASE: tcpStreamReadShutdownRejectsEveryReadPathWithoutLosingWrites (58178 ns)
    [ PASSED ] CASE: tcpStreamWriteShutdownRejectsEveryWritePathWithoutLosingReads (60521 ns)
    [ PASSED ] CASE: tcpStreamEmptyOperationsRemainImmediateAfterDirectionalShutdown (21408 ns)
    [ PASSED ] CASE: tcpStreamReadExactAddsCapturedEndpointsToUnexpectedEof (32362 ns)
    [ PASSED ] CASE: tcpStreamReadKeepsPeerEofGraceful (23480 ns)
    [ PASSED ] CASE: tcpStreamReadExactMergesCapturedAndStructuredEndpointMetadata (41687 ns)
    [ PASSED ] CASE: tcpStreamIoConflictsRetainCapturedEndpointsWithoutClosing (90821 ns)
    [ PASSED ] CASE: tcpStreamDirectionalShutdownDoesNotPromoteWokenIoToFailure (86600 ns)
    [ PASSED ] CASE: tcpStreamFinalShutdownRemainsGracefulWhenItWakesIo (41067 ns)
    [ PASSED ] CASE: tcpStreamFailuresRetainOriginalErrorAndReleaseDelegate (69461 ns)
    [ PASSED ] CASE: tcpStreamRetainsNativeCancellationOwnership (1281336 ns)
    [ PASSED ] CASE: tcpStreamNormalizesUnexpectedDelegateFailures (170107 ns)
    [ PASSED ] CASE: tcpStreamPrecancelledIoCannotClaimAnotherClosesOwnership (112805 ns)
    [ PASSED ] CASE: tcpStreamCancellationOwnershipSurvivesOtherObservers (97836 ns)
    [ PASSED ] CASE: tcpStreamAbortCannotRelabelClaimedGracefulNativeClose (34392 ns)
    [ PASSED ] CASE: tcpStreamAbortOwnershipSurvivesCompetingIoAndLateCloseFailure (101959 ns)
    [ PASSED ] CASE: tcpStreamCancellationBoundsCloseWaitAndLateSuccessRemainsGraceful (117022 ns)
    [ PASSED ] CASE: tcpStreamJoiningBackgroundCloseWaitsForCompletion (28680486 ns)
    [ PASSED ] CASE: tcpStreamDeadlineBoundsCloseWaitAndLateSuccessRemainsGraceful (69594 ns)
    [ PASSED ] CASE: tcpStreamLateCloseFailurePublishesFailedWithoutReplacingCallerCancellation (81215 ns)
    [ PASSED ] CASE: tcpStreamAbortRemainsTerminalWhenDetachedCloseFailsLate (109901 ns)
    [ PASSED ] CASE: tcpStreamCloseKeepsGracefulCauseWhenItWakesARead (58739 ns)
    [ PASSED ] CASE: unsafeOptionValueIsBoundedAndOwnedWithoutApplyingIt (156210 ns)
    [ PASSED ] CASE: datagramResultEnforcesTheIpv4PayloadBound (2500699 ns)
    [ PASSED ] CASE: datagramResultSurvivesReceiveBufferReuse (10617 ns)
Summary: TOTAL: 103
    PASSED: 103, SKIPPED: 0, ERROR: 0
    FAILED: 0
--------------------------------------------------------------------------------------------------
Project tests finished, time elapsed: 48780300673 ns, RESULT:
TP: wirestack.*, time elapsed: 48780242870 ns, RESULT:
    PASSED:
    TP: wirestack.internal.platform.linux, time elapsed: 12608460 ns
    TP: wirestack.internal.common, time elapsed: 2144771 ns
    TP: wirestack.internal.transport, time elapsed: 211599341 ns
    TP: wirestack.internal.trust, time elapsed: 36533481 ns
    TP: wirestack.internal.http2, time elapsed: 3115742198 ns
    TP: wirestack.internal.resolver, time elapsed: 51354645 ns
    TP: wirestack.internal.tls_engine, time elapsed: 29138044266 ns
    TP: wirestack.internal.connector, time elapsed: 13651180 ns
    TP: wirestack.tls, time elapsed: 137243413 ns
    TP: wirestack.internal.http1, time elapsed: 1803418397 ns
    TP: wirestack.internal.transport_stdnet, time elapsed: 191751911 ns
    TP: wirestack.net, time elapsed: 1565502249 ns
    TP: wirestack.http, time elapsed: 12335799070 ns
Summary: TOTAL: 803
    PASSED: 780, SKIPPED: 23, ERROR: 0
    FAILED: 0
--------------------------------------------------------------------------------------------------
cjpm test success
