--------------------------------------------------------------------------------------------------
TP: wirestack.net, time elapsed: 1551323492 ns, RESULT:
    TCS: DnsClientWireTest, time elapsed: 959676802 ns, RESULT:
    [ PASSED ] CASE: publicQueryAndLookupUseRealUdpAndRetainAbsoluteCacheExpiry (3314816 ns)
    [ PASSED ] CASE: publicQueryEncodesEveryModeledRecordType (11100723 ns)
    [ PASSED ] CASE: wrongSourceIdAndQuestionAreIgnoredBeforeValidUdpResponse (2112277 ns)
    [ PASSED ] CASE: validatedTruncationFallsBackToExactTcpFrame (2458564 ns)
    [ PASSED ] CASE: activeCancellationRetainsNameserverWithoutRetry (60504688 ns)
    [ PASSED ] CASE: silentDnsAttemptsLeaveBudgetForServerAndPassFailover (503935483 ns)
    [ PASSED ] CASE: exhaustedResponseCodesRetainTheLastRespondingNameserver (2085822 ns)
    [ PASSED ] CASE: unsupportedResponseCodeRetainsRespondingNameserver (1028275 ns)
    [ PASSED ] CASE: dnsTransportFailuresRetainSelectedNameserver (251939761 ns)
    [ PASSED ] CASE: tcpResponseCannotRemainTruncated (1361626 ns)
    [ PASSED ] CASE: malformedMatchingResponseAndUnrelatedSectionsCannotPoisonCache (3042548 ns)
    [ PASSED ] CASE: cnameTraversalUsesAnswerOwnersAndRejectsConflictingTargets (1994989 ns)
    [ PASSED ] CASE: fullResultCapacityDoesNotQueryAnotherFamily (60582546 ns)
    [ PASSED ] CASE: rfc2308CacheRetainsNxdomainVersusNodataWithoutNewPackets (3108558 ns)
    [ PASSED ] CASE: zeroTtlNeverCreatesAPositiveCacheEntry (1874650 ns)
    [ PASSED ] CASE: callerCancellationAndClientCloseWakeActiveNativeReceive (1872186 ns)
    [ PASSED ] CASE: anyFamilyRetainsAddressesWhenTheOtherFamilyFails (4696933 ns)
    [ PASSED ] CASE: crossFamilyConflictsRetainTheLivePeerAlongsideCachedResults (5586368 ns)
    [ PASSED ] CASE: nxdomainInvalidatesVisitedTargetsAndOtherCachedAliases (17923027 ns)
    [ PASSED ] CASE: everyNxdomainInvalidatesPreviouslyCachedAddresses (6140846 ns)
    [ PASSED ] CASE: noncacheableNxdomainStopsOtherFamilyQueries (3387150 ns)
    [ PASSED ] CASE: nameWideNegativeOverridesEarlierFamilyFailure (2621757 ns)
    [ PASSED ] CASE: boundedAdmissionRejectsExcessAndCloseWakesQueuedCallers (1764211 ns)
    TCS: DnsResolverPolicyTest, time elapsed: 286281469 ns, RESULT:
    [ PASSED ] CASE: fromSystemParsesTabsCommentsLastSearchAndClampedNdots (346774 ns)
    [ PASSED ] CASE: directConfigRejectsUnsupportedNameserverZonesBeforeQueries (36412 ns)
    [ PASSED ] CASE: numericNameserverZonesUseCanonicalEndpointIdentity (39183 ns)
    [ PASSED ] CASE: systemNameserversRetainOnlySupportedNumericZones (252015 ns)
    [ PASSED ] CASE: equivalentNameserverScopesDoNotConsumeTheServerLimit (187203 ns)
    [ PASSED ] CASE: configOwnsInputArraysAndReturnsDefensiveCopies (37853 ns)
    [ PASSED ] CASE: adoptedClientRequiresMatchingConfigurationWithoutTakingRejectedOwnership (182777 ns)
    [ PASSED ] CASE: systemFilesFailClosedWhenMissingOversizedOrNonregular (14467437 ns)
    [ PASSED ] CASE: ipv4LiteralsBypassHostsSearchAndNameservers (60352040 ns)
    [ PASSED ] CASE: hostsSnapshotRetainsOnlyUsableIpv6Zones (371351 ns)
    [ PASSED ] CASE: hostsAliasesFilterFamiliesAndRemainSnapshotted (911756 ns)
    [ PASSED ] CASE: trailingRootSkipsSearchWhileNdotsSelectsSearchOrAbsoluteFirst (4152728 ns)
    [ PASSED ] CASE: exactHostsEntryWinsBeforeSearchSuffixDns (200805639 ns)
    [ PASSED ] CASE: cancelledExpiredAndClosedCallsRetainPublicResolveClassifications (483387 ns)
    [ PASSED ] CASE: connectUsesHostsMappingForANativeListenerExchange (643333 ns)
    [ PASSED ] CASE: resolverConnectCarriesOneAbsoluteDeadlineIntoNativeTcpAdmission (521365 ns)
    TCS: DnsWireParserTest, time elapsed: 35946460 ns, RESULT:
    [ PASSED ] CASE: decodesCompressedTargetsBinaryTxtSoaAndUnknownData (162514 ns)
    [ PASSED ] CASE: recordOrderMakesAnswerAuthorityAndAdditionalBoundariesExplicit (68756 ns)
    [ PASSED ] CASE: summariesAndRecordsOwnParserAndConstructorInputs (49705 ns)
    [ PASSED ] CASE: publicSummaryRejectsCountsBeyondWireAndCombinedRecordBounds (33542573 ns)
    [ PASSED ] CASE: parserPreservesQuestionIdentityAndRejectsIncompleteRecords (66034 ns)
    [ PASSED ] CASE: asciiNameProfileRejectsAmbiguousLabels (69668 ns)
    [ PASSED ] CASE: compressionLoopsForwardPointersAndOutOfRangePointersAreRejected (42144 ns)
    [ PASSED ] CASE: expandedNameAndSectionCountsRespectConfiguredBounds (54443 ns)
    [ PASSED ] CASE: completeParserRejectsTrailingAndTruncatedSectionBytes (69434 ns)
    [ PASSED ] CASE: typedRdataLengthsAndTxtSegmentsAreExact (60173 ns)
    [ PASSED ] CASE: compressedRdataNamesCannotConsumeNeighboringRecordBytes (50667 ns)
    [ PASSED ] CASE: srvTargetCompressionIsRejectedEvenWhenPointerIsInBounds (30323 ns)
    [ PASSED ] CASE: summaryConstructorRejectsSectionMetadataThatCouldBlurBoundaries (14690 ns)
    [ PASSED ] CASE: additionalOwnerMayReferenceAuthorityNameserverTarget (41968 ns)
    [ PASSED ] CASE: additionalOwnerMayReferenceSecondLegacyMailboxName (56256 ns)
    TCS: DnsWireFuzzTest, time elapsed: 109121967 ns, RESULT:
    [ PASSED ] CASE: wireMutationsRejectMalformedMessagesOrRetainOwnedSections (108853373 ns)
    TCS: M8002TcpListenerTest, time elapsed: 56134878 ns, RESULT:
    [ PASSED ] CASE: bindRejectsInvalidBacklogAndStoppedContextsWithStructuredErrors (78752 ns)
    [ PASSED ] CASE: bindFailureRetainsPublicCoordinatesAndCause (110266 ns)
    [ PASSED ] CASE: cancelledAndExpiredAcceptsLeaveListenerReusable (23993273 ns)
    [ PASSED ] CASE: acceptedStreamTransfersExactDataInBothDirections (301285 ns)
    [ PASSED ] CASE: overlappingAcceptIsRejectedWithoutCreatingAPendingQueue (29951660 ns)
    [ PASSED ] CASE: stoppedCloseAdmissionHasNoNativeEffectAndListenerRemainsUsable (232476 ns)
    [ PASSED ] CASE: gracefulAndAbortTerminalOwnersAreStableAndWakeAccept (143769 ns)
    TCS: M8002UdpSocketTest, time elapsed: 34910898 ns, RESULT:
    [ PASSED ] CASE: datagramBoundariesAndOwnedPayloadSurviveScratchReuse (190594 ns)
    [ PASSED ] CASE: exactCapacityAndTruncationDiscardOnlyTheCurrentDatagramTail (154892 ns)
    [ PASSED ] CASE: connectedSocketSelectsNativePeerAndFiltersOtherSenders (207067 ns)
    [ PASSED ] CASE: invalidAndUnsupportedInputsLeaveSocketReusable (3220683 ns)
    [ PASSED ] CASE: cancellationDeadlineCloseAndAbortRetainDistinctState (30356614 ns)
    TCS: M8007TlsDeadlineCleanupTest, time elapsed: 31637772 ns, RESULT:
    [ PASSED ] CASE: closeDeadlineReleasesAnExistingNativeTcpReadWithoutPeerAssistance (31359869 ns)
    TCS: NetworkFoundationContractTest, time elapsed: 36830740 ns, RESULT:
    [ PASSED ] CASE: unixEndpointFormsAreDistinctAndOwned (12078 ns)
    [ PASSED ] CASE: unixEndpointRejectsUnboundedNames (19831 ns)
    [ PASSED ] CASE: rawSocketCapabilityBoundaryRequiresDomainSpecificProtocol (26161 ns)
    [ PASSED ] CASE: cancelledConnectFailsBeforeSocketCreation (27958 ns)
    [ PASSED ] CASE: tcpStreamCancellationDistinguishesUntouchedFromAbortedDelegate (54163 ns)
    [ PASSED ] CASE: tcpStreamGracefulCloseIsRetainedAndIdempotent (14957 ns)
    [ PASSED ] CASE: tcpStreamTerminalCloseSkipsStoppedContextsAndCallerClock (53487 ns)
    [ PASSED ] CASE: tcpStreamNonterminalStoppedCloseAdmissionStillRejects (47631 ns)
    [ PASSED ] CASE: tcpStreamCloseNormalizesContextFailureWithoutTakingOwnership (46122 ns)
    [ PASSED ] CASE: tcpStreamAbortRetainsItsCauseAndConnectionFacts (70788 ns)
    [ PASSED ] CASE: tcpStreamDirectionalShutdownPublishesOnlySuccessfulTransitions (38872 ns)
    [ PASSED ] CASE: tcpStreamReadShutdownRejectsEveryReadPathWithoutLosingWrites (46762 ns)
    [ PASSED ] CASE: tcpStreamWriteShutdownRejectsEveryWritePathWithoutLosingReads (49016 ns)
    [ PASSED ] CASE: tcpStreamEmptyOperationsRemainImmediateAfterDirectionalShutdown (17718 ns)
    [ PASSED ] CASE: tcpStreamReadExactAddsCapturedEndpointsToUnexpectedEof (26771 ns)
    [ PASSED ] CASE: tcpStreamReadKeepsPeerEofGraceful (15287 ns)
    [ PASSED ] CASE: tcpStreamReadExactMergesCapturedAndStructuredEndpointMetadata (35452 ns)
    [ PASSED ] CASE: tcpStreamIoConflictsRetainCapturedEndpointsWithoutClosing (81063 ns)
    [ PASSED ] CASE: tcpStreamDirectionalShutdownDoesNotPromoteWokenIoToFailure (54133 ns)
    [ PASSED ] CASE: tcpStreamFinalShutdownRemainsGracefulWhenItWakesIo (33754 ns)
    [ PASSED ] CASE: tcpStreamFailuresRetainOriginalErrorAndReleaseDelegate (54742 ns)
    [ PASSED ] CASE: tcpStreamRetainsNativeCancellationOwnership (1193517 ns)
    [ PASSED ] CASE: tcpStreamNormalizesUnexpectedDelegateFailures (245127 ns)
    [ PASSED ] CASE: tcpStreamPrecancelledIoCannotClaimAnotherClosesOwnership (118349 ns)
    [ PASSED ] CASE: tcpStreamCancellationOwnershipSurvivesOtherObservers (87870 ns)
    [ PASSED ] CASE: tcpStreamAbortCannotRelabelClaimedGracefulNativeClose (42712 ns)
    [ PASSED ] CASE: tcpStreamAbortOwnershipSurvivesCompetingIoAndLateCloseFailure (91279 ns)
    [ PASSED ] CASE: tcpStreamCancellationBoundsCloseWaitAndLateSuccessRemainsGraceful (60946 ns)
    [ PASSED ] CASE: tcpStreamJoiningBackgroundCloseWaitsForCompletion (28640263 ns)
    [ PASSED ] CASE: tcpStreamDeadlineBoundsCloseWaitAndLateSuccessRemainsGraceful (76358 ns)
    [ PASSED ] CASE: tcpStreamLateCloseFailurePublishesFailedWithoutReplacingCallerCancellation (106485 ns)
    [ PASSED ] CASE: tcpStreamAbortRemainsTerminalWhenDetachedCloseFailsLate (79024 ns)
    [ PASSED ] CASE: tcpStreamCloseKeepsGracefulCauseWhenItWakesARead (37942 ns)
    [ PASSED ] CASE: unsafeOptionValueIsBoundedAndOwnedWithoutApplyingIt (63590 ns)
    [ PASSED ] CASE: datagramResultEnforcesTheIpv4PayloadBound (1520609 ns)
    [ PASSED ] CASE: datagramResultSurvivesReceiveBufferReuse (9834 ns)
Summary: TOTAL: 104
    PASSED: 104, SKIPPED: 0, ERROR: 0
    FAILED: 0
--------------------------------------------------------------------------------------------------
Project tests finished, time elapsed: 1558054712 ns, RESULT:
TP: wirestack.*, time elapsed: 1558011806 ns, RESULT:
    PASSED:
    TP: wirestack.net, time elapsed: 1551323492 ns
Summary: TOTAL: 104
    PASSED: 104, SKIPPED: 0, ERROR: 0
    FAILED: 0
--------------------------------------------------------------------------------------------------
cjpm test success
