M7-022 Linux release soak: FAIL: SOAK_ALREADY_RUNNING: another invocation is active
M0-016 validation: PASS
architecture guard: PASS
{"artifacts": {"api": "docs/api/generated/api-surface.json", "coverage": "docs/api/generated/coverage.json", "docs": "docs/api/generated/docs.json", "markdown": "docs/api/generated/markdown"}, "cjdoc": {"path": "/home/elliot/playground/Wirestack-pr-worktrees/M8-004-recovery-tools/cjdoc/bin/cjdoc", "version": "0.7.2"}, "combined": {"apiEntries": 1481, "apiSha256": "cb8de6f898a5ba5fc54f3f084cf15df9d40b1504f9be408e286802a2370d80cc", "coverage": {"parameters": {"documented": 717, "percent": 100, "total": 717}, "symbols": {"documented": 1481, "percent": 100, "total": 1481}}, "coverageSha256": "4fcb7e38bfcd9a89ac1a8a3c695c14de6d6dc4383905b9fa4a59deeb9f29ee1d", "declarations": 2450, "docsSha256": "7c7955fdf8cf5754cac71ebf6351ea099c59e726216d6a6cdc3b32bdc40bf7d4", "markdownSha256": "988b54088600cbe0a4c63d442b309d59a3f11ecb93cf3db6b5ced6bd4f632518", "package": "combined", "status": "PASS"}, "commands": [{"kind": "check", "package": "wirestack", "returncode": 0, "status": "PASS", "stderr": "documentation coverage: symbols 662/662 (100%), parameters 262/262 (100%)\n", "stderr_truncated": false, "stdout": "", "stdout_truncated": false}, {"kind": "generate", "package": "wirestack", "returncode": 0, "status": "PASS", "stderr": "", "stderr_truncated": false, "stdout": "generated /tmp/wirestack-m7-033-cva7cij6/wirestack/output\n", "stdout_truncated": false}, {"kind": "check", "package": "wirestack.http", "returncode": 0, "status": "PASS", "stderr": "documentation coverage: symbols 1064/1064 (100%), parameters 482/482 (100%)\n", "stderr_truncated": false, "stdout": "", "stdout_truncated": false}, {"kind": "generate", "package": "wirestack.http", "returncode": 0, "status": "PASS", "stderr": "", "stderr_truncated": false, "stdout": "generated /tmp/wirestack-m7-033-cva7cij6/wirestack-http/output\n", "stdout_truncated": false}, {"kind": "check", "package": "wirestack.tls", "returncode": 0, "status": "PASS", "stderr": "documentation coverage: symbols 838/838 (100%), parameters 326/326 (100%)\n", "stderr_truncated": false, "stdout": "", "stdout_truncated": false}, {"kind": "generate", "package": "wirestack.tls", "returncode": 0, "status": "PASS", "stderr": "", "stderr_truncated": false, "stdout": "generated /tmp/wirestack-m7-033-cva7cij6/wirestack-tls/output\n", "stdout_truncated": false}, {"kind": "check", "package": "wirestack.net", "returncode": 0, "status": "PASS", "stderr": "documentation coverage: symbols 903/903 (100%), parameters 433/433 (100%)\n", "stderr_truncated": false, "stdout": "", "stdout_truncated": false}, {"kind": "generate", "package": "wirestack.net", "returncode": 0, "status": "PASS", "stderr": "", "stderr_truncated": false, "stdout": "generated /tmp/wirestack-m7-033-cva7cij6/wirestack-net/output\n", "stdout_truncated": false}, {"kind": "check", "package": "combined", "returncode": 0, "status": "PASS", "stderr": "documentation coverage: symbols 1481/1481 (100%), parameters 717/717 (100%)\n", "stderr_truncated": false, "stdout": "", "stdout_truncated": false}, {"kind": "generate", "package": "combined", "returncode": 0, "status": "PASS", "stderr": "", "stderr_truncated": false, "stdout": "generated /tmp/wirestack-m7-033-cva7cij6/combined/output\n", "stdout_truncated": false}], "expectedCjdoc": "0.7.2", "generatedAtUtc": "2026-09-14T11:09:47.107101Z", "issues": [], "layers": [{"apiEntries": 662, "apiSha256": "18ef8b0e5e6dd34daae0b7bfc98e0c0c370f7237eb07e72e432c76a13726a88e", "coverage": {"parameters": {"documented": 262, "percent": 100, "total": 262}, "symbols": {"documented": 662, "percent": 100, "total": 662}}, "coverageSha256": "a33481d03da902371e26245f67bb94f450d89ef66b9c0ad36bac6970eaf207b4", "declarations": 808, "docsSha256": "df3c07c4f0458a36021e9f7928e3e0fdbde27785c527e9d40ac60e00094f1014", "markdownSha256": "3055a19762b460c1f977ca0ed29a1154c7af8cda9d232351ef2bba0e2b409b45", "package": "wirestack", "status": "PASS"}, {"apiEntries": 1064, "apiSha256": "df063511115594aeb57225f01bb32c12549ec6888a45469c93fd0f19a7229a49", "coverage": {"parameters": {"documented": 482, "percent": 100, "total": 482}, "symbols": {"documented": 1064, "percent": 100, "total": 1064}}, "coverageSha256": "a5043809b426f1ca07c8ae09cfd3230e98484f4d664c61af9e977222ce072dfc", "declarations": 1732, "docsSha256": "7c220e541cac8832664b2ca81fd572a9672e1f111437a759d3eecef581d186af", "markdownSha256": "b90982339ea708b7f7715aac927745b2581b6855195119690f6e0f5582139392", "package": "wirestack.http", "status": "PASS"}, {"apiEntries": 838, "apiSha256": "3de4d04409af0f532e8a5ccb3cf2790eafbcecbc9e2d8b92144e2e2db31fcdc0", "coverage": {"parameters": {"documented": 326, "percent": 100, "total": 326}, "symbols": {"documented": 838, "percent": 100, "total": 838}}, "coverageSha256": "9911e669daf6b58625ce5c52ba3482cd983ccf34a95439d3d47d87113d5757c1", "declarations": 1014, "docsSha256": "9f261ea3c18964b0dfa3d252e0d00bc0f1e37f0788b8679e97f7cce31d4ed15b", "markdownSha256": "f11ae8b6080dd249c5c33562a00732f7bbd35c67e423c0bcfc39ae9935b07646", "package": "wirestack.tls", "status": "PASS"}, {"apiEntries": 903, "apiSha256": "cd4df30531ee0650e00fcd40cfbb9e53492082530725e8a9be73be80110505cd", "coverage": {"parameters": {"documented": 433, "percent": 100, "total": 433}, "symbols": {"documented": 903, "percent": 100, "total": 903}}, "coverageSha256": "6371ebd2d7a1b2ee19d799c9f26f93f4c0d25f2647e34ee6622e4e4a29d4b78a", "declarations": 1320, "docsSha256": "c70598deda76080c81076f9ec59bdcfd7362edc37ddeea322bfc6770e9b54391", "markdownSha256": "c665cef542630b9fbda37c53b17bfede25aa487c50b010430c1047257d4e1bfe", "package": "wirestack.net", "status": "PASS"}], "platform": {"libc": "glibc", "machine": "x86_64", "system": "Linux"}, "schemaVersion": 1, "sourceSha256": {"src/byte_span.cj": "4b38c6d184e172a56f0c39308294cbd2485ff683aba4f27028abe07c2b4661c4", "src/cancellation.cj": "c023b65acab9740096dc1ec9a770cf59d7361b2fec3dcdeebb3cc6033d78034d", "src/common.cj": "7a6d9bf1bd56bb9c5209152b2482dee044027f8d348233dcd6cc7b87d1c866e3", "src/deadline.cj": "15c5fd0c7f2dcfb4be7150359990c7c35cde11aa3332f80a9efe9f79e431a7c4", "src/hostname_verifier.cj": "a0d06b89cf163b91339e5690bf1d15d8e94bd4912c2792b35e0cdd09d4e34989", "src/http/cancellation.cj": "8ff94be6a771af4c56dab7dc982fca0a16e6df1da4d1a14303dfc179f9225537", "src/http/client.cj": "97131a36c964f68cbc6697a87a4fd5fe81a5a0d146dee3355b4386a47f97c628", "src/http/cookie.cj": "5326d61b5121e75e56750a29c960dc97e9b7fc34ba10f62236e3b19adbaee1d8", "src/http/duplex.cj": "e81f52f4efbc0b728a1891d67bc0f3a6292af471d16d992b65e2055e44ffac24", "src/http/error.cj": "d88c54a157e02063ab4048c197631daba3642a9618672841e4b98d3a25d275ad", "src/http/file_handler.cj": "2706ddeadba5c448a9bdf9ed1b604d5fe56c527b001d28ecb3b558b93728df74", "src/http/hooks.cj": "0b6016a645fd69bbb8743e5abfed22b4c325286a450587b4ff87b722ef04f2ed", "src/http/multipart.cj": "506c82b691fa280fc147fa7d6f73aa5ed7b1045f5fa1122bd7c667a62aead36e", "src/http/package.cj": "edae278034e8047e77649badec506b86ff2e6f3fc530d3eaf68394f77ff43ca0", "src/http/proxy.cj": "9576c9b153192c93943911557e8cce25f567e5ad0357074189437cc17af6fe1d", "src/http/redirect.cj": "e7e9f07fa0bb79299e46c1320b32daf238e702b66fcb8e1368439723d74d96b4", "src/http/resolver.cj": "8c44e5ff6961122d6483c22546a26dab02e8414b88d5e18b954ddcf0b3ff29e4", "src/http/retry.cj": "e889370833f2d5b7df07d4cd13aa3068ab6262e1c2252728cbcc99c788b4199b", "src/http/server.cj": "52ede5995cf2b5ac64948b36334eadd9782cdcaa26e4c2bf3914a85e25cdb529", "src/http/tls.cj": "b232989ad8c4e73d4480dcae4ce40aae55fbedf9ce13b5922cc61b8a6e8a1e62", "src/http/upgrade.cj": "3bf29c0ad5b9fd19f5b2d994d36abcf76cbcc7d22d46c18991378aab705e0f73", "src/http/websocket.cj": "1eafd0d9f728592adea31d4397a8173c98d6ad3551ab4ed84d3b77623b787ba7", "src/http/websocket_handshake.cj": "db5d899be8d22022db1e7aed502ad36c3cc5e52d6dbae8dce53112f797276d59", "src/http_body.cj": "49b72ad2517213133eb693a190061050b655edb02df01eaa414db216c60fc4fe", "src/http_contract.cj": "39d7fe3885f50211393d9e03dc478b7370566bf7b7b3d3f20d0a5d3de3dc9259", "src/http_message.cj": "4033d25f42135e43f498f11d2b459512dcb7c45bce6e91efaa85b18a053e8ef1", "src/http_model.cj": "993ad73017a4da224b98f851e1e39d46fe6016502044b934f7ab191fb0da5a8c", "src/http_push.cj": "5dde5a1ff4cee87c947c1867e56fe0e7b9d2a38e2ca91a597f5a8deb4c2fc20f", "src/http_url.cj": "074cc811771e49030292b278252947af9f29476f67e9fd53f6a82ac473690955", "src/net/datagram_socket_core.cj": "2095e7d3a02c805c3018badf7045b0d76a42a56e101a2e08867f32b676c34ae6", "src/net/dns_client.cj": "a63095f98489b93b83f76cebc878678391d338f9080e15cf2ea7277ff6562622", "src/net/dns_resolver.cj": "65b410bda4ed26d315848f68bdd70b432101153b12e3c5d6dcccd8bea14ec183", "src/net/dns_wire.cj": "08b6bfb5fb7b46502a2a897f44a251765947359408398bcb93442504de28bde0", "src/net/package.cj": "05ee39721856fab3dc82dc4a83baaa0adfd9bb8af4fb38e0af41d4f5cb4430cc", "src/net/tcp_listener.cj": "7735311cd3aa657a3be9a37216cb5a1b404854932ab66480ea78b9f42a2b2b1f", "src/net/udp_socket.cj": "a59cba97d797a3800338f6a8594bfcd0f93456fc926421b2f9bce81149c9546b", "src/net/unix_datagram_socket.cj": "7447856c277d45d943087e3285fd0ade950cf7047fbf232052e1cd9d0a730511", "src/net/unix_listener.cj": "aa964800977f95ff67a6351a91c16d950324bbe0c50d7b01c5f1484f06e01967", "src/net/unix_stream.cj": "399aeac5d19f6457e2342fd7b1af3a76943f00db50a21c1474bed3b3141acb8b", "src/network_error.cj": "4e272f9b9887804f0de87ec032d442a69b49803da66bffa005b7f0282aadc5e5", "src/network_event.cj": "55d93c151752e76c80c441e4bfc639f7d6da77e89ed582bae2ba6a43cdcc3084", "src/operation_context.cj": "523a1c1efaab2f3e6ba0755386460ea504a2caa8ef1453a18134f950c6e1234d", "src/package.cj": "f9035aacfa24f06fe88eda3f16a5cbcf5dbf482b2d86776ea27e09e4861e93d7", "src/private_key_contract.cj": "cb03bb9badc0552c2ac66dbb6bf4842559b5ea17b2aa77284e817a78d63c6e84", "src/resolver.cj": "7b2129a0e3fd4be72ad2dd6adaf0053d5de23a08214157c931d38d7627154b23", "src/tls/facade.cj": "e7d4d1be6695abeb50c9ca8490817f2ef56b9a812f5be58cf9717ec4d3992077", "src/tls/identity.cj": "055c4232b9e44ff3cc768a09f023cd7a19174f5ce0d4dc263ca675af90660d19", "src/tls/package.cj": "5afa752de915ccff3866a81b9dbd0e6d3da1df01e1ecfa7180eb42709694d2b9", "src/tls_contract.cj": "1cbeb94013b9a2b946dd731b335554340862388feadf354162a2f2320bb6dac1", "src/transport.cj": "6781aa3bf538523e02c4807eebff7ac37a773e5dc9bdb427e6a56ace3a0b7033", "src/trust.cj": "f64b49d84a58e034e3976089211f7b645b42e5bc51dbc353f2e0bcec14d17aba"}, "status": "PASS", "targetCfg": {"arch": "x86_64", "env": "gnu", "os": "Linux"}, "taskId": "M7-033"}
The valid serial compilation order is:
    wirestack -> wirestack.internal -> wirestack.internal.identity -> wirestack.internal.platform -> wirestack.internal.platform.android -> wirestack.internal.platform.apple -> wirestack.internal.platform.harmony -> wirestack.internal.platform.linux -> wirestack.internal.platform.windows -> wirestack.internal.common -> wirestack.internal.http_files -> wirestack.internal.http_model -> wirestack.internal.transport -> wirestack.internal.trust -> wirestack.internal.http2 -> wirestack.internal.resolver -> wirestack.internal.tls_engine -> wirestack.internal.connector -> wirestack.tls -> wirestack.internal.http1 -> wirestack.internal.transport_stdnet -> wirestack.net -> wirestack.http
cjpm check success
cjpm build success
--------------------------------------------------------------------------------------------------
TP: wirestack.http, time elapsed: 16356234339 ns, RESULT:
    TCS: RequestBodyTest, time elapsed: 12461389 ns, RESULT:
    [ PASSED ] CASE: byteBodiesOwnInputAndReplayWithIndependentOffsets (468945 ns)
    [ PASSED ] CASE: emptyAndUtf8StringBodiesHaveExactLengths (156835 ns)
    [ PASSED ] CASE: oneShotBodyCanOnlyBeClaimedOnce (124928 ns)
    [ PASSED ] CASE: factoryMustReturnTheDeclaredLengthAndMismatchIsClosed (54391 ns)
    [ PASSED ] CASE: closedStreamRejectsFurtherReads (47906 ns)
    [ PASSED ] CASE: fileBodyStreamsAndReopensWithoutEagerReads (273954 ns)
    [ PASSED ] CASE: fileBodyRejectsOversizeAndChangesBeforeOpen (1325119 ns)
    TCS: HttpClientExtensionsTest, time elapsed: 70290806 ns, RESULT:
    [ PASSED ] CASE: nativeCookiesAndServiceHooksSurviveThrowingPoolObservers (51295970 ns)
    [ PASSED ] CASE: mismatchedUpgradePairingsNeverOpenConnections (691312 ns)
    [ PASSED ] CASE: unavailableServerPushClosesTheOwnedResponse (16413741 ns)
    TCS: HttpCookieJarTest, time elapsed: 628242619 ns, RESULT:
    [ PASSED ] CASE: cookieSerializesStandardMetadataWithoutInventingBrowserPolicy (72059 ns)
    [ PASSED ] CASE: hostOnlyAndDomainCookiesDoNotLeakAcrossDnsBoundaries (481305 ns)
    [ PASSED ] CASE: bundledPublicSuffixRulesProtectRegistrableBoundariesByDefault (3919685 ns)
    [ PASSED ] CASE: defaultPathAndPathMatchUseDirectoryAndSlashBoundaries (297392 ns)
    [ PASSED ] CASE: maxAgeTakesPrecedenceAndNonPositiveValuesDeleteTheIdentity (306081 ns)
    [ PASSED ] CASE: secureMetadataControlsTransportAndHttpOnlyDoesNotChangeWireSelection (119402 ns)
    [ PASSED ] CASE: valuedSecureAttributeCannotLeakCookiesToCleartext (121338 ns)
    [ PASSED ] CASE: cleartextOriginsCannotCreateOrOverlaySecureCookies (1981952 ns)
    [ PASSED ] CASE: cleartextQuotaFloodCannotEvictSecureIdentityAndInstallReplacement (359818 ns)
    [ PASSED ] CASE: allSecureQuotaRejectsCleartextInsertionsFromBothStorageEntrypoints (211028 ns)
    [ PASSED ] CASE: rejectsHeaderInjectionAndInvalidCookieOctetsBeforeStorage (151352 ns)
    [ PASSED ] CASE: capacityHeaderBoundsAndReplacementRemainDeterministic (242610 ns)
    [ PASSED ] CASE: removalClearAndSnapshotsExposeOnlyLiveImmutableCookies (187136 ns)
    [ PASSED ] CASE: concurrentStoresAndReadsRemainRaceFreeAndBounded (8139899 ns)
    [ PASSED ] CASE: boundedSetCookieMutationsPreserveScopeAndHeaderSafety (600804407 ns)
    TCS: Http1DeterministicFuzzTest, time elapsed: 15344546 ns, RESULT:
    [ PASSED ] CASE: acceptedUrlMutationsRoundTripToOneCanonicalIdentity (6723144 ns)
    [ PASSED ] CASE: acceptedNoProxyMutationsRemainDeterministicAcrossTargets (6938524 ns)
    [ PASSED ] CASE: proxyAuthorizationMutationCannotInjectBeforeDnsOrConnect (551040 ns)
    TCS: HttpErrorTest, time elapsed: 983028 ns, RESULT:
    [ PASSED ] CASE: publicGetMapsInvalidUrlWithoutNetworkSideEffects (303940 ns)
    [ PASSED ] CASE: classifierProvidesStableHttpFailureCodes (108263 ns)
    TCS: HttpFacadeTest, time elapsed: 2376670813 ns, RESULT:
    [ PASSED ] CASE: requestCancellationOutlivesCompletedParentWhileTransferredPushStalls (163841603 ns)
    [ PASSED ] CASE: cancellationWrapperPreservesProtocolCompletionPolicy (64225 ns)
    [ PASSED ] CASE: typedCancellationHandlesAreScopedIdempotentAndStopBeforeNetworkIo (7712283 ns)
    [ PASSED ] CASE: publicHttp1ConnectionHandleCancelsBodyAndLeavesClientReusable (36717251 ns)
    [ PASSED ] CASE: publicHttp2StreamAndConnectionHandlesRespectTheirScopes (437415288 ns)
    [ PASSED ] CASE: publicHttp2SlowStreamCannotStarveOneTenOrHundredSiblings (835378298 ns)
    [ PASSED ] CASE: tlsHttp2StreamLimitIsAppliedAcrossConcurrentPublicRequests (181430729 ns)
    [ PASSED ] CASE: tlsFacadeNegotiatesHttp2AndMapsBodyTrailersAndResponse (200242863 ns)
    [ PASSED ] CASE: explicitResolverConnectsPublicClientAndServer (6770590 ns)
    [ PASSED ] CASE: defaultSystemResolverConnectsPublicClientAndServer (283911439 ns)
    [ PASSED ] CASE: clientFollowsOriginRelativeRedirectEndToEnd (12907576 ns)
    [ PASSED ] CASE: clientRetriesOneTemporaryDnsFailureWithinTheSameDeadline (8825665 ns)
    [ PASSED ] CASE: forwardProxyUsesAbsoluteFormIndependentDnsAndHookCredentials (6974021 ns)
    [ PASSED ] CASE: serverBuilderRequiresEndpointAndHandler (118092 ns)
    [ PASSED ] CASE: tlsServerConfigFailsClosedBeforeBinding (300155 ns)
    [ PASSED ] CASE: followedHttp2RedirectClosesUnclaimedPushBeforeClientTeardown (186340559 ns)
    TCS: Http2ConcurrentResponseBodyTest, time elapsed: 131472385 ns, RESULT:
    [ PASSED ] CASE: twoPublicHttp2BodiesCompleteIndependently (130948255 ns)
    TCS: FileHandlerTest, time elapsed: 63865281 ns, RESULT:
    [ PASSED ] CASE: confinedDownloadRejectsTraversalAndSymlinkWhileOpenBodyOutlivesHandler (22198044 ns)
    [ PASSED ] CASE: uploadPublishesOneCompleteBinaryFileAndNeverPublishesRejectedMultipart (40050040 ns)
    [ PASSED ] CASE: uploadCommitChecksContextAfterDurabilityBeforePublication (529632 ns)
    TCS: HttpMessageTest, time elapsed: 5261992 ns, RESULT:
    [ PASSED ] CASE: requestFactoriesProduceImmutableProtocolNeutralModels (97930 ns)
    [ PASSED ] CASE: responseEofCompletesObserverExactlyOnce (57755 ns)
    [ PASSED ] CASE: earlyCloseAbandonsObserverExactlyOnce (56529 ns)
    [ PASSED ] CASE: readFailureClosesAndAbandonsTheBody (44508 ns)
    [ PASSED ] CASE: emptyDestinationDoesNotMistakeNoProgressForEof (58822 ns)
    [ PASSED ] CASE: boundedDrainCompletesOnlyWhenEofIsProven (72131 ns)
    [ PASSED ] CASE: invalidSourceProgressFailsClosed (63337 ns)
    [ PASSED ] CASE: responseRejectsInvalidStatusAndReason (79040 ns)
    TCS: MultipartTest, time elapsed: 6813062305 ns, RESULT:
    [ PASSED ] CASE: writerStreamsExactBinaryFramingAndReplaysIndependently (521028 ns)
    [ PASSED ] CASE: boundarySeparatorsRoundtripThroughContentTypeAndBody (7941873 ns)
    [ PASSED ] CASE: readerPreservesBinaryWhenEveryDelimiterIsSplitAcrossReads (1070367 ns)
    [ PASSED ] CASE: closingPartDiscardsOnlyThatPartAndReleasesNextPart (7030021 ns)
    [ PASSED ] CASE: malformedAndConfiguredLimitsCloseOwnedSource (279002 ns)
    [ PASSED ] CASE: partCountLimitRejectsBeforeParsingUnboundedAdditionalMetadata (362473 ns)
    [ PASSED ] CASE: boundedDeterministicWireMutationsAreChunkIndependent (6790675562 ns)
    [ PASSED ] CASE: deterministicMutationHarnessEnforcesSmallLimitsAndOwnedClosure (3099875 ns)
    TCS: HttpModelTest, time elapsed: 1527058 ns, RESULT:
    [ PASSED ] CASE: methodSupportsStandardAndExtensionTokens (22072 ns)
    [ PASSED ] CASE: headersPreserveOrderAndMultipleValues (37869 ns)
    [ PASSED ] CASE: headersOwnTheirInputAndOutputArrays (17466 ns)
    [ PASSED ] CASE: builderSetAndRemoveUseCaseInsensitiveNames (33557 ns)
    [ PASSED ] CASE: rejectsInjectionAndInvalidNames (53504 ns)
    [ PASSED ] CASE: enforcesCountLineAndTotalLimits (31297 ns)
    [ PASSED ] CASE: urlNormalizesSchemeHostAndDefaultTarget (23003 ns)
    [ PASSED ] CASE: urlPreservesExplicitPortPathAndQuery (21178 ns)
    [ PASSED ] CASE: urlRequiresBracketedIpv6AndKeepsQueryOnlyTargetValid (20988 ns)
    [ PASSED ] CASE: urlRejectsAmbiguousAndUnsafeInputs (115632 ns)
    [ PASSED ] CASE: trailerRejectsRoutingAndFramingFields (174279 ns)
    TCS: HttpProxyPolicyTest, time elapsed: 694475 ns, RESULT:
    [ PASSED ] CASE: noProxyMatchesDnsBoundariesAndOptionalPorts (90037 ns)
    [ PASSED ] CASE: noProxyMatchesTypedIpLiteralsExactlyAndWildcardExplicitly (58106 ns)
    [ PASSED ] CASE: endpointsRetainDnsIpv4AndIpv6RouteIdentity (24386 ns)
    [ PASSED ] CASE: routeSelectionUsesNoProxyWithoutCallingAuthorizationHook (52793 ns)
    [ PASSED ] CASE: rejectsAmbiguousNoProxyPatternsAndEndpointPorts (31943 ns)
    TCS: HttpRedirectPolicyTest, time elapsed: 937197 ns, RESULT:
    [ PASSED ] CASE: rewritesPostOn302AndRemovesBodyHeaders (83321 ns)
    [ PASSED ] CASE: stripsSensitiveHeadersOnlyAcrossOrigins (111478 ns)
    [ PASSED ] CASE: rejectsDowngradeLimitAndOneShotReplay (133391 ns)
    [ PASSED ] CASE: resolvesSchemeRelativeAndQueryOnlyLocations (65822 ns)
    [ PASSED ] CASE: resolvesRelativePathsAndRemovesDotSegments (100874 ns)
    TCS: HttpRetryPolicyTest, time elapsed: 536560 ns, RESULT:
    [ PASSED ] CASE: retriesOnlyIdempotentReplayableStructuredFailures (49401 ns)
    [ PASSED ] CASE: explicitSafetyAllowsPostButDisabledAndOneShotFailClosed (41473 ns)
    [ PASSED ] CASE: cancellationDeadlineUnknownAndNeverAreNotRetried (40526 ns)
    [ PASSED ] CASE: goAwayRetriesOnlyDefinitelyUnprocessedSafeReplayableRequests (48674 ns)
    TCS: Http1SseStreamingProfileTest, time elapsed: 3008957082 ns, RESULT:
    [ PASSED ] CASE: http1StreamsWithoutLifetimeAccumulationAndCancels (3008232751 ns)
    TCS: Http2SseStreamingProfileTest, time elapsed: 3028564029 ns, RESULT:
    [ PASSED ] CASE: http2StreamsWithoutLifetimeAccumulationAndPreservesSibling (3028152877 ns)
    TCS: M2005SystemResolverTest, time elapsed: 10191812 ns, RESULT:
    [ PASSED ] CASE: resolvesLocalhostThroughThePublicContract (8475675 ns)
    [ PASSED ] CASE: fixtureReturnsAllCandidatesAndDoesNotInventTtl (38373 ns)
    [ PASSED ] CASE: fixtureAppliesFamilyAndResultBounds (19318 ns)
    [ PASSED ] CASE: fixtureMapsStableErrorsAndRetainsNativeEvidence (20935 ns)
    [ PASSED ] CASE: fixtureCancellationAndDeadlineReturnBeforeNativeCleanup (16723 ns)
    [ PASSED ] CASE: validatesBoundsAndRejectsUseAfterClose (158270 ns)
    TCS: WebSocketHandshakeTest, time elapsed: 49978639 ns, RESULT:
    [ PASSED ] CASE: nativeHttp1UpgradeTransfersFramesAndClosesSession (3851925 ns)
    [ PASSED ] CASE: nativeHttp2ExtendedConnectKeepsSiblingRequestsUsable (45658502 ns)
    TCS: WebSocketConnectionTest, time elapsed: 128501505 ns, RESULT:
    [ PASSED ] CASE: fragmentedUtf8AndAutomaticPongSurviveOneByteTransportReads (170700 ns)
    [ PASSED ] CASE: preCancelledSendPerformsNoIoAndLeavesUntouchedSessionHealthy (69347 ns)
    [ PASSED ] CASE: fragmentedMessageBoundRejectsBeforeWritingAndPreservesProgression (87210 ns)
    [ PASSED ] CASE: roleMaskingAndNonCanonicalLengthFailClosedWithProtocolStatus (184828 ns)
    [ PASSED ] CASE: fragmentedTextRejectsInvalidContinuationAtTheMessageBoundary (72149 ns)
    [ PASSED ] CASE: gracefulCloseEchoesStatusAndCompletesBothOwners (105813 ns)
    [ PASSED ] CASE: handshakeCryptoMatchesRfcVectorAndReturnsCanonicalFreshKeyShape (61994 ns)
    [ PASSED ] CASE: framePayloadIsOwnedAndCloseInputIsStrict (62689 ns)
    [ PASSED ] CASE: boundedDeterministicWireMutationsAreSplitInvariantAndFailClosed (126530163 ns)
Summary: TOTAL: 113
    PASSED: 110, SKIPPED: 3, ERROR: 0
    FAILED: 0
--------------------------------------------------------------------------------------------------
TP: wirestack.internal.tls_engine, time elapsed: 30561569763 ns, RESULT:
    TCS: TlsConnectionTest, time elapsed: 42193838 ns, RESULT:
    [ PASSED ] CASE: handshakeTransfersOwnershipAndPlaintextIoUsesTheEngine (1188141 ns)
    [ PASSED ] CASE: oneReadAndOneWriteMayOverlapButSecondReadFailsImmediately (1117510 ns)
    [ PASSED ] CASE: handshakeFailureAbortsTransportAndReleasesEngineExactlyOnce (128484 ns)
    [ PASSED ] CASE: expiredHandshakeDeadlineStillConsumesAndAbortsBothInputs (146858 ns)
    [ PASSED ] CASE: ioFailureAbortsAndRepeatedTerminalCallsDoNotReleaseTwice (1460576 ns)
    [ PASSED ] CASE: unsupportedHalfCloseDoesNotMutateAnOpenConnection (260448 ns)
    [ PASSED ] CASE: concurrentCloseAndAbortReleaseUnderlyingResourcesOnce (7945017 ns)
    [ PASSED ] CASE: gracefulCloseSendsAndProcessesCloseNotifyBeforeReleasingResources (152038 ns)
    [ PASSED ] CASE: tcpEofDuringGracefulCloseRetainsTruncationAndStillReleasesEverything (426028 ns)
    [ PASSED ] CASE: expiredCloseBudgetStillClosesTransportAndReleasesEngine (135057 ns)
    [ PASSED ] CASE: abortNeverAttemptsTlsShutdownAndRetainsLocalAbortEvidence (69848 ns)
    [ PASSED ] CASE: cancelledCloseReleasesEngineWhenImmediateAbortCallbackThrows (194173 ns)
    [ PASSED ] CASE: tcpEofDuringApplicationReadRetainsTruncationBeforeAbort (481949 ns)
    [ PASSED ] CASE: peerCloseNotifyProducesEofEvidenceAndRejectsNewApplicationWrites (586994 ns)
    [ PASSED ] CASE: closeDeadlineExpiresWhileAnExistingBackgroundReadOwnsPumpAdmission (22549844 ns)
    [ PASSED ] CASE: closeCancellationInterruptsAnExistingBackgroundReadWithinTheBound (740171 ns)
    [ PASSED ] CASE: closeCancellationDoesNotWaitBehindAnExistingCiphertextWrite (978504 ns)
    TCS: Net06TlsTransportCleanupGateTest, time elapsed: 1920694 ns, RESULT:
    [ PASSED ] CASE: failedHandshakesDisposeEngineAndTransportExactlyOnce (1689720 ns)
    TCS: TlsContextTest, time elapsed: 5911724 ns, RESULT:
    [ PASSED ] CASE: linuxCapabilitiesAreExplicitAndNeverInferredFromProviderNames (62646 ns)
    [ PASSED ] CASE: defaultSystemTrustFailsAtBuildUntilLinuxAdapterIsAvailable (84803 ns)
    [ PASSED ] CASE: modernClientContextIsImmutableAndConcurrentShareable (570542 ns)
    [ PASSED ] CASE: strictTls13RejectsAnyTls12Override (174687 ns)
    [ PASSED ] CASE: missingTls13AndHttp2CapabilitiesFailBeforeHandshake (147477 ns)
    [ PASSED ] CASE: alpnRejectsEmptyAndDuplicateProtocolNames (395414 ns)
    [ PASSED ] CASE: serverRequiresServerIdentityAndMtlSTrustAtBuildTime (1575539 ns)
    [ PASSED ] CASE: clientIdentityCapabilityIsValidatedAtBuildTime (971123 ns)
    TCS: TlsEnginePumpTest, time elapsed: 314438210 ns, RESULT:
    [ PASSED ] CASE: awsLcClientEngineProducesAClientHelloWithoutSocketIo (36287428 ns)
    [ PASSED ] CASE: strictTls13PolicyIsAcceptedByTheNativeEngine (119552 ns)
    [ PASSED ] CASE: LinuxSystemTrustLoadsExplicitlyAndSniStaysSeparateFromReferenceIdentity (17176038 ns)
    [ PASSED ] CASE: customRootChainIsLoadedIntoARealAwsLcClientEngine (535557 ns)
    [ PASSED ] CASE: spkiPinPolicyConfiguresTheNativeVerificationPathBeforeHandshake (198018 ns)
    [ PASSED ] CASE: matchingSpkiPinCompletesARealClientServerHandshake (13028711 ns)
    [ PASSED ] CASE: matchingSpkiPinDoesNotBypassReferenceIdentityVerification (11497591 ns)
    [ PASSED ] CASE: realAwsLcEnginesExchangeCloseNotifyInBothDirections (16398655 ns)
    [ PASSED ] CASE: handshakeInfoReportsNegotiatedAlpnPeerChainAndVerificationEvidence (12885117 ns)
    [ PASSED ] CASE: tls13TicketResumesAcrossFreshEnginesWithoutEarlyData (15142234 ns)
    [ PASSED ] CASE: tls12TicketResumesAcrossFreshEngines (14524139 ns)
    [ PASSED ] CASE: sniSelectsTheCompleteImmutableContextAndItsCertificate (15863125 ns)
    [ PASSED ] CASE: sniSelectorRejectsMissingAndUnknownNamesWithStableEvidence (18101408 ns)
    [ PASSED ] CASE: noSharedAlpnFailsTheHandshakeInsteadOfSilentlySelectingNothing (9973560 ns)
    [ PASSED ] CASE: requiredMutualTlsUsesClientIdentityAndReturnsServerVerificationEvidence (12157048 ns)
    [ PASSED ] CASE: requiredMutualTlsRejectsMissingClientIdentityButOptionalAllowsIt (12300566 ns)
    [ PASSED ] CASE: mismatchedSpkiPinFailsARealClientServerHandshake (12324563 ns)
    [ PASSED ] CASE: externalSignerCompletesARealHandshakeOutsideTheNativeCallback (22446095 ns)
    [ PASSED ] CASE: externalSignerExceptionFailsClosedWithoutCrossingTheCAbi (10087645 ns)
    [ PASSED ] CASE: cancellationBeforeSignerInvocationFailsThePendingNativeOperation (10421984 ns)
    [ PASSED ] CASE: tls12ContextVersionsPartitionRealClientAndServerSessions (23489371 ns)
    [ PASSED ] CASE: tls13ContextVersionsPartitionRealClientAndServerTickets (23625810 ns)
    [ PASSED ] CASE: pumpHandlesWantReadWriteAndPartialIoWithBoundedBuffers (75103 ns)
    [ PASSED ] CASE: wantWriteWithoutCiphertextFailsInsteadOfSpinning (78805 ns)
    [ PASSED ] CASE: eofDuringWantReadRetainsTlsHandshakeEvidence (70247 ns)
    [ PASSED ] CASE: preCancellationStopsBeforeCallingProviderOrTransport (91907 ns)
    [ PASSED ] CASE: expiredDeadlineStopsBeforeCallingProviderOrTransport (98597 ns)
    TCS: LocalIdentityTest, time elapsed: 6138733 ns, RESULT:
    [ PASSED ] CASE: pkcs8InputIsExactBoundedAndZeroizable (864055 ns)
    [ PASSED ] CASE: pkcs8FileAdapterReadsOneBoundedRegularFile (789034 ns)
    [ PASSED ] CASE: localIdentityValidatesLeafKeyMatchAndHasStablePublicIdentity (1635426 ns)
    [ PASSED ] CASE: mismatchedCertificateAndPrivateKeyFailAtIdentityBuild (768258 ns)
    [ PASSED ] CASE: externalSignerAndSystemHandleShareOneOpaqueKeyContract (371121 ns)
    [ PASSED ] CASE: duplicateSignerAlgorithmsAndMismatchedSpkiFailAtBuild (350280 ns)
    TCS: M3028TlsFuzzTest, time elapsed: 30186618870 ns, RESULT:
    [ PASSED ] CASE: recordMutationsHaveDeterministicTypedTerminals (11329157112 ns)
    [ PASSED ] CASE: handshakeMutationsHaveDeterministicTypedTerminals (11526744196 ns)
    [ PASSED ] CASE: certificateAdapterMutationsHaveDeterministicTypedTerminals (7329517613 ns)
    TCS: TlsM8006ContextTest, time elapsed: 1876548 ns, RESULT:
    [ PASSED ] CASE: sessionPartitionsRetainOnlyTheMatchingContextVersion (60183 ns)
    [ PASSED ] CASE: decryptorRequiresProviderCapabilityAndRsaExternalIdentity (1150444 ns)
    [ PASSED ] CASE: keyLogSinkRequiresExplicitProviderCapability (110235 ns)
    TCS: TlsProviderSubstitutionTest, time elapsed: 1003297 ns, RESULT:
    [ PASSED ] CASE: testProviderUsesTheProductionFactoryContract (254980 ns)
    [ PASSED ] CASE: objectsFromDifferentProviderInstancesCannotMix (264698 ns)
    [ PASSED ] CASE: activeEngineRetainsProviderUntilItCloses (21811 ns)
    TCS: TlsSessionStoreTest, time elapsed: 566998 ns, RESULT:
    [ PASSED ] CASE: boundedLruExpiryAndSingleUseAreDeterministic (50133 ns)
    [ PASSED ] CASE: everySecurityPartitionDimensionPreventsReuse (80341 ns)
Summary: TOTAL: 70
    PASSED: 70, SKIPPED: 0, ERROR: 0
    FAILED: 0
--------------------------------------------------------------------------------------------------
TP: wirestack.internal.transport, time elapsed: 211657258 ns, RESULT:
    TCS: ByteSpanTest, time elapsed: 2118824 ns, RESULT:
    [ PASSED ] CASE: defaultsCoverWholeArrayAndEmptyArray (331513 ns)
    [ PASSED ] CASE: sliceAndAdvanceKeepTheOriginalArray (30424 ns)
    [ PASSED ] CASE: mutableViewWritesThroughAndConvertsWithoutCopying (24310 ns)
    [ PASSED ] CASE: permitsBoundaryEmptyRanges (27048 ns)
    [ PASSED ] CASE: rejectsEveryOutOfRangeShape (125397 ns)
    TCS: CancellationTest, time elapsed: 51282969 ns, RESULT:
    [ PASSED ] CASE: cancelIsOneWayAndCallbacksRunExactlyOnce (175848 ns)
    [ PASSED ] CASE: unregisterIsIdempotentAndPreventsPendingCallback (29987 ns)
    [ PASSED ] CASE: alreadyCancelledRegistrationRunsSynchronouslyOnce (27955 ns)
    [ PASSED ] CASE: noneTokenRemainsUsableAndNotCancelled (20744 ns)
    [ PASSED ] CASE: oneFailingCallbackDoesNotBlockOtherWaiters (47523 ns)
    [ PASSED ] CASE: concurrentCancelClaimsEveryCallbackExactlyOnce (22840418 ns)
    [ PASSED ] CASE: registrationRacingCancellationStillRunsExactlyOnce (23957179 ns)
    [ PASSED ] CASE: unregisterRacingCancellationIsAtMostOnce (2104119 ns)
    [ PASSED ] CASE: callbackMayReenterCancellationAndRegistrationWithoutDeadlock (53854 ns)
    TCS: OperationCompletionTest, time elapsed: 33838301 ns, RESULT:
    [ PASSED ] CASE: completionCleansEveryResourceBeforeTheWinnerCallback (73242 ns)
    [ PASSED ] CASE: unregisterAndLateRegistrationHaveExplicitTerminalSemantics (48021 ns)
    [ PASSED ] CASE: cleanupCapacityIsPositiveAndHardBounded (84121 ns)
    [ PASSED ] CASE: cleanupFailuresAndReentrancyCannotBlockTerminalProgress (59763 ns)
    [ PASSED ] CASE: winnerExceptionDoesNotReopenTheCompletion (42726 ns)
    [ PASSED ] CASE: cleanupCountPropertyHoldsAcrossEveryConfiguredOccupancy (583608 ns)
    [ PASSED ] CASE: concurrentTerminalCallersHaveOneWinner (3683614 ns)
    [ PASSED ] CASE: registrationRacingCompletionIsAlwaysCleanedOnce (25360685 ns)
    [ PASSED ] CASE: unregisterRacingCompletionRunsCleanupAtMostOnce (1620345 ns)
    TCS: DeadlineTest, time elapsed: 804060 ns, RESULT:
    [ PASSED ] CASE: remainingUsesTheInjectedMonotonicClock (24398 ns)
    [ PASSED ] CASE: remainingClampsAtZeroAfterExpiry (13609 ns)
    [ PASSED ] CASE: childCanShortenButNeverExtendParent (25452 ns)
    [ PASSED ] CASE: zeroAndExpiredChildrenCannotExtendTheParent (14857 ns)
    [ PASSED ] CASE: rejectsNegativeDurations (41915 ns)
    TCS: TransportLifecycleTest, time elapsed: 6408301 ns, RESULT:
    [ PASSED ] CASE: connectingAndAcceptedPathsReachOpenOnlyInOrder (20106 ns)
    [ PASSED ] CASE: halfCloseIsDirectionalIdempotentAndConvergesOnClosing (66748 ns)
    [ PASSED ] CASE: gracefulCloseIsIdempotentAndCompletesOnlyFromClosing (31609 ns)
    [ PASSED ] CASE: abortAndFailReachEveryNonTerminalStateWithoutOverwritingTerminalEvidence (136371 ns)
    [ PASSED ] CASE: illegalTransitionsHaveStableCodesAndDoNotMutateState (211679 ns)
    [ PASSED ] CASE: closingAndTerminalStatesRejectDataOperationsWithClosedCode (175005 ns)
    [ PASSED ] CASE: operationClaimsAllowDuplexButRejectSameDirectionConcurrency (53964 ns)
    [ PASSED ] CASE: everyTerminalModeReleasesRegisteredResourcesExactlyOnce (37634 ns)
    [ PASSED ] CASE: racingTerminalTransitionsRetainOneWinnerAndOneCleanup (4037383 ns)
    [ PASSED ] CASE: terminalCleanupMayReenterAndItsRegistryRemainsBounded (51366 ns)
    TCS: M124TransportRaceTest, time elapsed: 35087509 ns, RESULT:
    [ PASSED ] CASE: readCloseReleasesBlockedOperationAndDrainsWaiter (4989904 ns)
    [ PASSED ] CASE: writeAbortReleasesBlockedOperationAndDrainsWaiter (9270770 ns)
    [ PASSED ] CASE: successAndCancelOrderingsCompleteOnceWithoutDataLeak (19833510 ns)
    TCS: MemoryTransportListenerTest, time elapsed: 50046201 ns, RESULT:
    [ PASSED ] CASE: rejectsInvalidListenerAndSchedulerBounds (42421 ns)
    [ PASSED ] CASE: listenerDeliversConnectionsInFifoOrderAndBoundsBacklog (140184 ns)
    [ PASSED ] CASE: schedulerDefersDeliveryAndReleasesFailedReservations (76262 ns)
    [ PASSED ] CASE: schedulerRunsMultipleConnectionsInStableFifoOrder (54929 ns)
    [ PASSED ] CASE: cancellationWakesAcceptWithoutClosingListener (8811291 ns)
    [ PASSED ] CASE: deadlineBoundsBlockedAcceptWithoutClosingListener (29472102 ns)
    [ PASSED ] CASE: closeWakesAcceptAndAbortsOwnedConnectionsIdempotently (9956149 ns)
    TCS: MemoryTransportTest, time elapsed: 2103332 ns, RESULT:
    [ PASSED ] CASE: pairTransfersPartialDataInBothDirections (50003 ns)
    [ PASSED ] CASE: emptyBuffersReturnZeroWithoutProducingEofOrPeerData (44323 ns)
    [ PASSED ] CASE: writeShutdownProducesPeerEofAfterBufferedData (51075 ns)
    [ PASSED ] CASE: readShutdownMakesPeerWritesFailAsBrokenPipe (57637 ns)
    [ PASSED ] CASE: cancelledBeforeOperationHasNoDataSideEffect (52587 ns)
    [ PASSED ] CASE: closeAndAbortAreIdempotentAndTerminal (41386 ns)
    [ PASSED ] CASE: cancellationWakesABlockedRead (58248 ns)
    [ PASSED ] CASE: closeWakesABlockedLocalRead (88392 ns)
    [ PASSED ] CASE: writeShutdownWakesABlockedLocalWrite (44396 ns)
    [ PASSED ] CASE: boundedBackpressureResumesAfterPeerReads (130399 ns)
    [ PASSED ] CASE: expiredDeadlineFailsBeforeAnyWrite (33426 ns)
    TCS: NetworkErrorTest, time elapsed: 516143 ns, RESULT:
    [ PASSED ] CASE: retainsStableClassificationAndEndpointEvidence (28868 ns)
    [ PASSED ] CASE: retainsLocalEndpointCauseAndOptionalDefaults (24213 ns)
    [ PASSED ] CASE: caughtErrorRetainsUnixEndpointBytesNativeCodeAndCause (28053 ns)
    [ PASSED ] CASE: pathnameRejectsNulWhileAbstractRetainsIt (16945 ns)
    TCS: OperationContextTest, time elapsed: 748769 ns, RESULT:
    [ PASSED ] CASE: backgroundHasNoDeadlineCancellationOrTrace (16047 ns)
    [ PASSED ] CASE: derivedContextsRetainEventSinkAndSinkFailuresAreIsolated (37507 ns)
    [ PASSED ] CASE: derivedContextRetainsCancellationAndTrace (17358 ns)
    [ PASSED ] CASE: derivationHelpersChangeOnlyTheirNamedField (36391 ns)
    [ PASSED ] CASE: earlierDeadlineCannotBeExtended (11029 ns)
    [ PASSED ] CASE: traceIdentifiersAreBoundedAndNonEmpty (24640 ns)
    TCS: ScriptedTransportTest, time elapsed: 26141169 ns, RESULT:
    [ PASSED ] CASE: rejectsUnboundedOrInvalidScripts (53299 ns)
    [ PASSED ] CASE: shortReadAndWriteStepsAreConsumedInOrder (87658 ns)
    [ PASSED ] CASE: emptyIoDoesNotConsumeScriptAndEofIsExplicit (63768 ns)
    [ PASSED ] CASE: resetTerminatesTransportAtInjectedPhase (103798 ns)
    [ PASSED ] CASE: failurePreservesCoordinatesWithoutTerminatingTransport (86111 ns)
    [ PASSED ] CASE: virtualWaiterReleasesBlockedOperationsInFifoOrder (14793179 ns)
    [ PASSED ] CASE: cancellationWinsAReleaseRaceAndCleansWaiter (9737267 ns)
    TCS: TransportHelperTest, time elapsed: 1206833 ns, RESULT:
    [ PASSED ] CASE: writeAllHandlesPartialWritesAndEmptyInput (27309 ns)
    [ PASSED ] CASE: readExactHandlesPartialReads (19333 ns)
    [ PASSED ] CASE: readExactClassifiesPrematureEof (27257 ns)
    [ PASSED ] CASE: emptyHelpersDoNotCallTransport (13722 ns)
    [ PASSED ] CASE: invalidProgressFailsOnceWithoutSpinning (61852 ns)
    [ PASSED ] CASE: cancellationAfterPartialProgressPropagatesWithoutRestart (53838 ns)
    [ PASSED ] CASE: absoluteDeadlineExpiresAcrossPartialRetries (54643 ns)
Summary: TOTAL: 83
    PASSED: 83, SKIPPED: 0, ERROR: 0
    FAILED: 0
--------------------------------------------------------------------------------------------------
TP: wirestack.internal.connector, time elapsed: 13917055 ns, RESULT:
    TCS: AttemptPlanTest, time elapsed: 2326096 ns, RESULT:
    [ PASSED ] CASE: alternatesFamiliesAndPreservesFamilyOrder (860437 ns)
    [ PASSED ] CASE: firstFamilyControlsPreferenceAndDuplicatesAreRemoved (69868 ns)
    [ PASSED ] CASE: distinctIpv6ZonesAreNotDeduplicated (44415 ns)
    [ PASSED ] CASE: rejectsEmptyCandidatesAndNegativeDelay (71277 ns)
    TCS: HappyEyeballsConnectorTest, time elapsed: 9128308 ns, RESULT:
    [ PASSED ] CASE: emitsCompleteDnsAttemptAndConnectedLifecycle (279623 ns)
    [ PASSED ] CASE: blackholedFirstCandidateIsCancelledAndJoinedBeforeReturn (6741296 ns)
    [ PASSED ] CASE: ipv6FirstSuccessSkipsLaterIpv4Attempt (108939 ns)
    [ PASSED ] CASE: simultaneousSuccessKeepsOneWinnerAndAbortsEveryLoser (239543 ns)
    [ PASSED ] CASE: allFailuresAreJoinedAndRetainedAsDiagnostics (146446 ns)
    [ PASSED ] CASE: preCancelledParentStartsNeitherDnsNorAttempts (33939 ns)
    [ PASSED ] CASE: parentCancellationAfterSuccessPreventsWinnerPublication (181444 ns)
    [ PASSED ] CASE: deadlineAtSuccessBoundaryPreventsWinnerPublication (187836 ns)
    TCS: ConnectionRouteTest, time elapsed: 2157501 ns, RESULT:
    [ PASSED ] CASE: directRouteRetainsItsLocalOriginResolver (147600 ns)
    [ PASSED ] CASE: explicitProxySeparatesOriginAndProxyDns (109051 ns)
    [ PASSED ] CASE: typedIpTargetsNeverCarryResolvers (173167 ns)
    [ PASSED ] CASE: rejectsDelegatedDnsWithoutAnOwningProxyAndInvalidConnectTargets (106619 ns)
    [ PASSED ] CASE: networkAndTlsParametersAreBoundedAndOwned (716210 ns)
Summary: TOTAL: 17
    PASSED: 17, SKIPPED: 0, ERROR: 0
    FAILED: 0
--------------------------------------------------------------------------------------------------
TP: wirestack.internal.transport_stdnet, time elapsed: 214471640 ns, RESULT:
    TCS: StdNetTransportListenerTest, time elapsed: 90864567 ns, RESULT:
    [ PASSED ] CASE: listenerRejectsOutOfRangeBacklogBeforeBinding (361839 ns)
    [ PASSED ] CASE: listenerPreCancelledAndExpiredAcceptsFailFast (215243 ns)
    [ PASSED ] CASE: listenerDeadlineBoundsBlockedAcceptAndListenerRemainsUsable (37736696 ns)
    [ PASSED ] CASE: listenerCancellationWakesActiveAcceptAndListenerRemainsUsable (40151475 ns)
    [ PASSED ] CASE: listenerCloseWakesActiveAcceptWithStructuredErrorAndIsIdempotent (10923082 ns)
    TCS: M123TransportDiagnosticsTest, time elapsed: 789487 ns, RESULT:
    [ PASSED ] CASE: stdNetReportsRuntimeEndpointsAndCapabilitiesWithoutGuessingIoBackend (377055 ns)
    [ PASSED ] CASE: deterministicTransportUsesTheSameProviderNeutralContract (93262 ns)
    TCS: M127BackgroundFastPathTest, time elapsed: 35422109 ns, RESULT:
    [ PASSED ] CASE: backgroundAndObservedPathsTransferEquivalentData (237695 ns)
    [ PASSED ] CASE: backgroundPeerCloseRemainsEof (158076 ns)
    [ PASSED ] CASE: backgroundLocalCloseRaceRemainsClosed (1315400 ns)
    [ PASSED ] CASE: backgroundStillRejectsConcurrentReaders (1359039 ns)
    [ PASSED ] CASE: cancellableAndDeadlineContextsRetainGenericChecks (246231 ns)
    [ PASSED ] CASE: deadlineTimeoutIsClearedBeforeBackgroundRead (30684344 ns)
    TCS: Net06CancellationGateTest, time elapsed: 6829719 ns, RESULT:
    [ PASSED ] CASE: cancelledReadsReleaseSocketsWaitersAndTasks (6373937 ns)
    TCS: StdNetTransportTest, time elapsed: 77123015 ns, RESULT:
    [ PASSED ] CASE: writeSomeIsPartialAndReusesBoundedConnectionStaging (610814 ns)
    [ PASSED ] CASE: wholeArrayReadAndWriteBypassStagingForATypicalTlsRecord (2903703 ns)
    [ PASSED ] CASE: subrangesRetainBoundedStagingAndCopyAccounting (300190 ns)
    [ PASSED ] CASE: connectsByResolvedIpAndTransfersBothDirections (287210 ns)
    [ PASSED ] CASE: emptyOperationsAreImmediate (133129 ns)
    [ PASSED ] CASE: unsupportedHalfClosePreservesBothDirections (334223 ns)
    [ PASSED ] CASE: cancellationAbortRemainsNativeOwnerAfterLaterClose (1493517 ns)
    [ PASSED ] CASE: listenerCloseWakesBlockedAcceptAsClosed (1210266 ns)
    [ PASSED ] CASE: cancellingOneAcceptLeavesListenerReusable (29094073 ns)
    [ PASSED ] CASE: preCancelledConnectDoesNotCreateASocket (50434 ns)
    [ PASSED ] CASE: peerGracefulCloseIsReportedAsEof (350129 ns)
    [ PASSED ] CASE: deadlineBoundsBlockedReadWithoutClosingConnection (30551008 ns)
    [ PASSED ] CASE: localCloseMapsBlockedReadWithStableEvidence (1500554 ns)
    [ PASSED ] CASE: explicitAbortWakesBlockedReadWithStableEvidence (1588537 ns)
    [ PASSED ] CASE: gracefulNativeCloseRemainsGracefulAfterLaterAbort (407429 ns)
    [ PASSED ] CASE: explicitAbortRemainsNativeOwnerAfterLaterClose (301351 ns)
    [ PASSED ] CASE: unknownConnectFailureMapsWithoutMessageOrNativeCode (156217 ns)
    [ PASSED ] CASE: concurrentReadsFailWithoutDisturbingTheActiveRead (1221635 ns)
    [ PASSED ] CASE: happyEyeballsComposesWithTheDefaultStdNetFactory (321095 ns)
Summary: TOTAL: 50
    PASSED: 33, SKIPPED: 17, ERROR: 0
    FAILED: 0
--------------------------------------------------------------------------------------------------
TP: wirestack.internal.resolver, time elapsed: 40699609 ns, RESULT:
    TCS: M2006AppleSystemResolverTest, time elapsed: 11084404 ns, RESULT:
    [ PASSED ] CASE: resolvesLocalhostThroughTheProviderNeutralContract (9373964 ns)
    [ PASSED ] CASE: fixtureReturnsAllCandidatesWithoutInventingTtl (18343 ns)
    [ PASSED ] CASE: fixtureAppliesFamilyAndResultBounds (13292 ns)
    [ PASSED ] CASE: fixtureMapsPosixFailuresAndUnknownCodes (13233 ns)
    [ PASSED ] CASE: fixtureCancellationAndDeadlineReturnBeforeNativeCleanup (10835 ns)
    [ PASSED ] CASE: newResolutionObservesNetworkGenerationChange (14254 ns)
    [ PASSED ] CASE: validatesBoundsAndRejectsUseAfterClose (87635 ns)
    [ PASSED ] CASE: fixtureBoundsAdmissionAndReleasesQueuedWorkAfterClose (11486 ns)
    TCS: M2003BoundedResolverBackendTest, time elapsed: 20154863 ns, RESULT:
    [ PASSED ] CASE: resolvesLocalhostWithBoundedMetricsAndIdempotentClose (8574775 ns)
    [ PASSED ] CASE: appliesIpv4FamilyAndRejectsUseAfterClose (9855460 ns)
    [ PASSED ] CASE: validatesPoolBounds (42683 ns)
    [ PASSED ] CASE: nativeFamilyValidationFailsClosedAndPollingBackoffIsBounded (35286 ns)
    [ PASSED ] CASE: preCancelledContextDoesNotSubmitNativeWork (221010 ns)
    [ PASSED ] CASE: delayedNativeWorkDoesNotStarveCangjieHeartbeat (19600 ns)
    [ PASSED ] CASE: cancellationCompletesPromptlyWhileNativeJobCleansUp (15297 ns)
    [ PASSED ] CASE: deadlineCompletesPromptlyWhileNativeJobCleansUp (16103 ns)
    [ PASSED ] CASE: queueAdmissionIsStrictlyBounded (11734 ns)
    TCS: ResolverContractTest, time elapsed: 451623 ns, RESULT:
    [ PASSED ] CASE: resultOwnsDeduplicatedAddressesAndDoesNotInventTtl (35906 ns)
    [ PASSED ] CASE: staticResolverFiltersFamiliesAndHonorsPreCancellation (50985 ns)
    [ PASSED ] CASE: rejectsEmptyFamilyResultAndInvalidLimits (30269 ns)
    TCS: M2002ResolverPublicContractTest, time elapsed: 998451 ns, RESULT:
    [ PASSED ] CASE: resultOwnsAllTypedCandidatesWithoutInventingTtl (69769 ns)
    [ PASSED ] CASE: staticResolverAppliesFamilyAndResultBounds (58791 ns)
    [ PASSED ] CASE: errorsRetainStablePublicCoordinates (95017 ns)
    [ PASSED ] CASE: cancellationAndDeadlineRemainDistinct (42086 ns)
    [ PASSED ] CASE: constructorsRejectInvalidBoundsAndDiagnostics (69553 ns)
    TCS: M2004WindowsSystemResolverTest, time elapsed: 7670958 ns, RESULT:
    [ PASSED ] CASE: resolvesLocalhostThroughTheProviderNeutralContract (6744557 ns)
    [ PASSED ] CASE: fixtureReturnsAllCandidatesWithoutInventingTtl (18603 ns)
    [ PASSED ] CASE: fixtureAppliesFamilyAndResultBounds (11501 ns)
    [ PASSED ] CASE: fixtureMapsWinsockFailuresAndUnknownCodes (11239 ns)
    [ PASSED ] CASE: fixtureCancellationAndDeadlineReturnBeforeNativeCleanup (13483 ns)
    [ PASSED ] CASE: validatesBoundsAndRejectsUseAfterClose (102955 ns)
Summary: TOTAL: 31
    PASSED: 31, SKIPPED: 0, ERROR: 0
    FAILED: 0
--------------------------------------------------------------------------------------------------
TP: wirestack.internal.http1, time elapsed: 1946425441 ns, RESULT:
    TCS: HttpAutomaticHttpsClientTest, time elapsed: 6858961 ns, RESULT:
    [ PASSED ] CASE: h2NegotiationMultiplexesTenRequestsOnOneTlsConnection (3748459 ns)
    [ PASSED ] CASE: http11NegotiationFallsBackAndReusesTheAdoptedConnection (1940942 ns)
    TCS: Http1ChunkedCodecTest, time elapsed: 2750991 ns, RESULT:
    [ PASSED ] CASE: decoderStreamsDataExtensionsTrailersAndRemainder (115549 ns)
    [ PASSED ] CASE: decoderHandlesEveryBoundaryOneByteAtATime (60921 ns)
    [ PASSED ] CASE: encoderProducesCanonicalChunksAndBoundedTrailers (132292 ns)
    [ PASSED ] CASE: rejectsInvalidSizeExtensionAndTerminators (145891 ns)
    [ PASSED ] CASE: enforcesBodyChunkLineAndTrailerBounds (134918 ns)
    [ PASSED ] CASE: streamingResponseKeepsEachChunkBoundedWithoutALifetimeCeiling (213123 ns)
    [ PASSED ] CASE: rejectsForbiddenOrFoldedTrailers (115277 ns)
    [ PASSED ] CASE: eofAndPostCompletionUseFailClosedStates (98578 ns)
    [ PASSED ] CASE: decodeBatchesOwnDataAndRemainingBytes (70669 ns)
    TCS: Http1ClientConnectionTest, time elapsed: 24939887 ns, RESULT:
    [ PASSED ] CASE: expectContinueWaitsForApprovalBeforeOpeningBody (1633403 ns)
    [ PASSED ] CASE: finalRejectionBeforeContinueNeverOpensRequestBody (1054208 ns)
    [ PASSED ] CASE: continueWaitTimeoutSendsBodyUnderTheOriginalBudget (17256209 ns)
    [ PASSED ] CASE: serializesRequestsUntilBodyEofThenReusesConnection (2198998 ns)
    [ PASSED ] CASE: earlyBodyCloseClosesInsteadOfReturningConnectionForReuse (853295 ns)
    [ PASSED ] CASE: connectionCloseResponseIsNeverReusableAfterEof (587028 ns)
    TCS: Http1CleartextClientTest, time elapsed: 3237704 ns, RESULT:
    [ PASSED ] CASE: resolvesConnectsAndReusesOnlyAfterBodyCompletion (2598951 ns)
    [ PASSED ] CASE: rejectsHttpsBeforeDnsOrPoolMutation (141222 ns)
    TCS: Http1ConnectionPoolTest, time elapsed: 5970414 ns, RESULT:
    [ PASSED ] CASE: emitsSecretFreeAcquireAndReleaseLifecycle (1054539 ns)
    [ PASSED ] CASE: reusesOnlyTheSameCompleteKey (865069 ns)
    [ PASSED ] CASE: enforcesTotalPerKeyIdleAndWaiterBounds (1681090 ns)
    [ PASSED ] CASE: activeWaitHonorsCancellationAndReleasesWaiterSlot (427780 ns)
    [ PASSED ] CASE: evictsExpiredAndClosedConnectionsInsteadOfReusingThem (720576 ns)
    [ PASSED ] CASE: failedCreationRollsBackItsCapacityReservation (329345 ns)
    TCS: Http1HeadParserTest, time elapsed: 2215483 ns, RESULT:
    [ PASSED ] CASE: requestParsesIncrementallyAndReturnsBodyRemainder (336139 ns)
    [ PASSED ] CASE: oneFeedRetainsBytesAfterTheHead (69568 ns)
    [ PASSED ] CASE: responseParsesStatusReasonHeadersAndFraming (100006 ns)
    [ PASSED ] CASE: acceptsOriginAbsoluteAuthorityAndAsteriskFormsOnlyWhereValid (230726 ns)
    [ PASSED ] CASE: rejectsBareLfObsFoldAndInvalidHeaderSyntax (218062 ns)
    [ PASSED ] CASE: requiresOneValidHostAndMatchingAbsoluteAuthority (227626 ns)
    [ PASSED ] CASE: rejectsInvalidTargetVersionAndBoundViolations (113961 ns)
    [ PASSED ] CASE: completedParserCannotBeReused (72800 ns)
    TCS: Http2Streams1BenchmarkTest, time elapsed: 26417922 ns, RESULT:
    [ PASSED ] CASE: benchmarkOneConcurrentStream (26099560 ns)
    TCS: Http2Streams10BenchmarkTest, time elapsed: 121592136 ns, RESULT:
    [ PASSED ] CASE: benchmarkTenConcurrentStreams (121243339 ns)
    TCS: Http2Streams100BenchmarkTest, time elapsed: 1344631938 ns, RESULT:
    [ PASSED ] CASE: benchmarkHundredConcurrentStreams (1344330271 ns)
    TCS: Http1HundredConnectionBaselineTest, time elapsed: 54492516 ns, RESULT:
    [ PASSED ] CASE: benchmarkHundredConcurrentConnections (53761656 ns)
    TCS: Http2ConnectionPoolTest, time elapsed: 11535210 ns, RESULT:
    [ PASSED ] CASE: alpnPrefersH2AndFallsBackOnlyToHttp11 (46178 ns)
    [ PASSED ] CASE: oneConnectionIsSharedUntilPeerStreamCapacityIsFull (430987 ns)
    [ PASSED ] CASE: concurrentFirstUseDoesNotCreateAConnectionStampede (1098860 ns)
    [ PASSED ] CASE: newConnectionIsPublishedOnlyAfterItsFirstStreamIsAdmitted (207458 ns)
    [ PASSED ] CASE: closeRacingUnpublishedAdmissionReleasesConnectionOwners (6732014 ns)
    [ PASSED ] CASE: completeSecurityKeyPreventsCrossContextReuse (203715 ns)
    [ PASSED ] CASE: drainingConnectionRetainsExistingStreamButReceivesNoNewLease (121747 ns)
    [ PASSED ] CASE: drainingConnectionWaitsForNonLocalOwnersBeforeDiscard (103496 ns)
    [ PASSED ] CASE: fullBoundedPoolHonorsOneCallerDeadline (118825 ns)
    [ PASSED ] CASE: poolCloseAbortsEverySharedConnectionExactlyOnce (114062 ns)
    TCS: Http1FramingTest, time elapsed: 2420795 ns, RESULT:
    [ PASSED ] CASE: requestUsesOneSharedEmptyLengthOrChunkedDecision (212704 ns)
    [ PASSED ] CASE: identicalContentLengthsAreAcceptedAcrossFieldsAndLists (83019 ns)
    [ PASSED ] CASE: conflictingOrInvalidContentLengthsAreRejected (214371 ns)
    [ PASSED ] CASE: contentLengthAndTransferEncodingNeverCoexist (69203 ns)
    [ PASSED ] CASE: ambiguousTransferEncodingIsRejected (197058 ns)
    [ PASSED ] CASE: responseHandlesHeadStatusesConnectAndCloseDelimiting (136419 ns)
    [ PASSED ] CASE: bodylessAndSuccessfulConnectResponsesRejectFramingFields (104285 ns)
    TCS: HttpConnectionPoolKeyTest, time elapsed: 571651 ns, RESULT:
    [ PASSED ] CASE: canonicalOriginProducesStableEqualityAndHash (39961 ns)
    [ PASSED ] CASE: everySecurityAndRouteDimensionPartitionsReuse (51039 ns)
    [ PASSED ] CASE: refusesIncompletePartitionIdentities (19935 ns)
    TCS: Http1ProxyClientPipelineTest, time elapsed: 7158658 ns, RESULT:
    [ PASSED ] CASE: dynamicConnectCredentialsNeverReuseAnAuthenticatedTunnel (4119477 ns)
    [ PASSED ] CASE: rejectedConnectDrainsClosesAndReturnsStructuredNonRetryableFailure (2385420 ns)
    TCS: Http1RequestWriterTest, time elapsed: 4402628 ns, RESULT:
    [ PASSED ] CASE: twoStageWriterDoesNotOpenBodyBeforeExplicitCommit (881988 ns)
    [ PASSED ] CASE: writesFixedBodyThroughPartialTransportOperations (661863 ns)
    [ PASSED ] CASE: streamsUnknownLengthBodyAsCanonicalChunks (762288 ns)
    [ PASSED ] CASE: rejectsDeclaredMismatchBeforeWritingAnything (180176 ns)
    [ PASSED ] CASE: prematureBodyEofRetainsPartialCommitEvidence (635115 ns)
    [ PASSED ] CASE: emptyFramingProbesSourceInsteadOfDroppingUnexpectedBytes (164520 ns)
    TCS: Http1ResponseReaderTest, time elapsed: 12235858 ns, RESULT:
    [ PASSED ] CASE: explicitUpgradeTransfersOnlyAMatching101Protocol (971741 ns)
    [ PASSED ] CASE: mismatchedUpgradeResponseFailsClosed (851486 ns)
    [ PASSED ] CASE: explicitConnectTransfersBufferedTunnelBytesAndTransportOwnership (839493 ns)
    [ PASSED ] CASE: failedConnectRemainsAnHttpResponseAndClosesAfterBody (819314 ns)
    [ PASSED ] CASE: readsInterimAndFixedResponseWithoutBufferingTheBody (1086980 ns)
    [ PASSED ] CASE: received4xxAnd5xxRemainHttpResponses (1434607 ns)
    [ PASSED ] CASE: decodesChunkedResponseAndPublishesTrailerAtEof (603815 ns)
    [ PASSED ] CASE: closeDelimitedBodyCompletesOnlyAtTransportEof (261988 ns)
    [ PASSED ] CASE: chunkedStreamingResponseMayExceedThePerSegmentBodyBound (397465 ns)
    [ PASSED ] CASE: prematureFixedBodyEofAbandonsResponseExactlyOnce (284219 ns)
    [ PASSED ] CASE: rejectsImplicitUpgradeAndConnectTransportTransfer (1737039 ns)
    TCS: Http1SerializerTest, time elapsed: 1626925 ns, RESULT:
    [ PASSED ] CASE: clientRequestAddsHostAndUsesOriginForm (90053 ns)
    [ PASSED ] CASE: forwardProxyRequestUsesAbsoluteFormAndOriginHost (126929 ns)
    [ PASSED ] CASE: requestPreservesOrderedMultipleFieldsAndLengthFraming (65131 ns)
    [ PASSED ] CASE: requestRejectsMissingDuplicateOrMismatchedHost (64015 ns)
    [ PASSED ] CASE: responseSerializesStatusAndUsesSharedFraming (74996 ns)
    [ PASSED ] CASE: responseRejectsInjectionAndForbiddenBodyFraming (89174 ns)
    [ PASSED ] CASE: writerHandlesPartialTransportWritesUnderOneContext (116067 ns)
    [ PASSED ] CASE: serializedBytesAreDefensiveCopies (63904 ns)
    TCS: Http1ServerConnectionTest, time elapsed: 6099063 ns, RESULT:
    [ PASSED ] CASE: serializesTwoKeepAliveExchanges (2010514 ns)
    [ PASSED ] CASE: unreadRequestBodyForcesConnectionCloseAfterResponse (585473 ns)
    [ PASSED ] CASE: handlerFailureProducesBounded500AndCloses (728424 ns)
    [ PASSED ] CASE: rejectedHandoffReleasesSessionOwnershipExactlyOnce (1250068 ns)
    [ PASSED ] CASE: selectedUpgradeOfferTransfersBufferedSessionBytes (756506 ns)
    TCS: Http1ServerRequestReaderTest, time elapsed: 14586800 ns, RESULT:
    [ PASSED ] CASE: streamsFixedRequestBodyWithoutReadingPastItsLength (699073 ns)
    [ PASSED ] CASE: rejectsOversizedFixedRequestBeforeReadingItsBody (743333 ns)
    [ PASSED ] CASE: decodesChunkedRequestAndPublishesTrailer (993923 ns)
    [ PASSED ] CASE: sendsContinueOnlyWhenHandlerStartsReadingTheBody (10432362 ns)
    [ PASSED ] CASE: rejectingWithoutReadingNeverSendsContinue (669621 ns)
    TCS: Http1ServerTest, time elapsed: 28846047 ns, RESULT:
    [ PASSED ] CASE: shutdownAbortsConnectionBlockedInsideTlsHandshake (7958695 ns)
    [ PASSED ] CASE: acceptSideTlsHookOwnsConnectionAndClosesAfterShutdown (759136 ns)
    [ PASSED ] CASE: gracefulShutdownStopsAcceptAfterCompletedConnection (1033451 ns)
    [ PASSED ] CASE: expiredShutdownAbortsBlockedConnectionAndReturnsBoundedly (7825507 ns)
    [ PASSED ] CASE: connectionLimitPreventsSecondAcceptUntilCapacityReturns (9925279 ns)
    TCS: Http1ServerResponseWriterTest, time elapsed: 3796998 ns, RESULT:
    [ PASSED ] CASE: writesFixedResponseThroughPartialTransportOperations (563836 ns)
    [ PASSED ] CASE: streamsChunkedResponseAndTrailer (506949 ns)
    [ PASSED ] CASE: chunkedStreamingResponseMayExceedThePerSegmentBodyBound (530139 ns)
    [ PASSED ] CASE: headResponseNeverTransfersRepresentationBytes (138493 ns)
    [ PASSED ] CASE: closeDelimitedResponseRequiresConnectionClose (429353 ns)
    [ PASSED ] CASE: rejectsKnownLengthMismatchBeforeCommittingHead (134274 ns)
    TCS: Http1SmugglingCorpusTest, time elapsed: 108286784 ns, RESULT:
    [ PASSED ] CASE: clientAndServerFramingRejectTheSameAmbiguousHeaderCorpus (2826974 ns)
    [ PASSED ] CASE: identicalLengthsAndOneFinalChunkedCodingRemainUnambiguous (906196 ns)
    [ PASSED ] CASE: rejectsWhitespaceTargetAndProxyDifferentialCorpus (919607 ns)
    [ PASSED ] CASE: rejectsMalformedChunkAndTrailerCorpusAtInputOrEof (288910 ns)
    [ PASSED ] CASE: everyAcceptedSingleByteMutationHasACanonicalReparse (92861816 ns)
    [ PASSED ] CASE: chunkedMutationsHaveDeterministicBoundedTerminals (2673525 ns)
    [ PASSED ] CASE: validHeadParsesAtEveryTransportSplitBoundary (6418191 ns)
    TCS: Http1HttpsClientTest, time elapsed: 5468736 ns, RESULT:
    [ PASSED ] CASE: partitionsHandshakesAndReusesHttpsAfterBodyCompletion (3069532 ns)
    [ PASSED ] CASE: zeroLengthConnectionCloseDoesNotWaitForTlsPeerShutdown (1583821 ns)
    TCS: Http1TlsServerTest, time elapsed: 142835884 ns, RESULT:
    [ PASSED ] CASE: alpnServerRejectsAClientWithNoSharedHttpProtocol (62493363 ns)
    [ PASSED ] CASE: automaticClientOffersH2FirstAndFallsBackToServerHttp11 (25152846 ns)
    [ PASSED ] CASE: requiredMutualTlsCarriesAuthenticatedHttp1Exchange (31594339 ns)
    [ PASSED ] CASE: realAwsLcHandshakeCarriesOneHttp1Exchange (22608033 ns)
Summary: TOTAL: 121
    PASSED: 118, SKIPPED: 3, ERROR: 0
    FAILED: 0
--------------------------------------------------------------------------------------------------
TP: wirestack.internal.trust, time elapsed: 40722129 ns, RESULT:
    TCS: HostnameVerifierTest, time elapsed: 1622138 ns, RESULT:
    [ PASSED ] CASE: exactDnsAndAsciiIdnaALabelMatchCaseInsensitively (230974 ns)
    [ PASSED ] CASE: wildcardMatchesExactlyOneLeftmostLabelOnly (58254 ns)
    [ PASSED ] CASE: invalidOrOverbroadWildcardsAreRejectedAtCertificateBoundary (52773 ns)
    [ PASSED ] CASE: dnsAndIpReferenceIdentitiesNeverCrossMatch (66873 ns)
    [ PASSED ] CASE: subjectAlternativeNameCountIsHardBounded (107591 ns)
    TCS: M3028HostnameFuzzTest, time elapsed: 36786635 ns, RESULT:
    [ PASSED ] CASE: hostnameMutationsHaveDeterministicTypedTerminals (36512032 ns)
    TCS: TrustPolicyTest, time elapsed: 2111162 ns, RESULT:
    [ PASSED ] CASE: nativeX509ParserAcceptsOneExactDerObjectAndRejectsTrailingBytes (681274 ns)
    [ PASSED ] CASE: certificateAndChainLimitsFailBeforeUnboundedParsingOrCopying (304205 ns)
    [ PASSED ] CASE: everyTrustPolicyHasAStableContentIdentityAndNoTrustAllState (476163 ns)
    [ PASSED ] CASE: pinAlgorithmAndScopeAreExplicitAndMalformedPinsFail (26608 ns)
Summary: TOTAL: 10
    PASSED: 10, SKIPPED: 0, ERROR: 0
    FAILED: 0
--------------------------------------------------------------------------------------------------
TP: wirestack.internal.common, time elapsed: 2434415 ns, RESULT:
    TCS: EndpointTest, time elapsed: 1542073 ns, RESULT:
    [ PASSED ] CASE: acceptsTypedIpv4AndIpv6WithoutDns (392942 ns)
    [ PASSED ] CASE: addressOwnsAnImmutableOctetSnapshot (17205 ns)
    [ PASSED ] CASE: rejectsWrongLengthsAndIpv4Zones (45336 ns)
    [ PASSED ] CASE: ipv6ZoneAndPortBoundariesRemainTypedIdentity (17679 ns)
    [ PASSED ] CASE: rejectsEmptyAndOversizedIpv6Zones (25323 ns)
    TCS: HostNameTest, time elapsed: 815887 ns, RESULT:
    [ PASSED ] CASE: canonicalizesAsciiCaseAndOneRootDot (40549 ns)
    [ PASSED ] CASE: rejectsAmbiguousOrInvalidDnsNames (86847 ns)
    [ PASSED ] CASE: acceptsAsciiALabelAndExactDnsLengthBoundaries (71804 ns)
    [ PASSED ] CASE: rejectsOneByteBeyondLabelAndHostLimits (58790 ns)
Summary: TOTAL: 9
    PASSED: 9, SKIPPED: 0, ERROR: 0
    FAILED: 0
--------------------------------------------------------------------------------------------------
TP: wirestack.tls, time elapsed: 130370305 ns, RESULT:
    TCS: PublicTlsFacadeTest, time elapsed: 92912370 ns, RESULT:
    [ PASSED ] CASE: clientBuilderRejectsReversedVersionRangeBeforeTransportIo (50238145 ns)
    [ PASSED ] CASE: serverBuilderRequiresAnIdentityBeforeTransportIo (9326786 ns)
    [ PASSED ] CASE: clientBuilderCopiesAlpnAndPublishesProviderNeutralCapabilities (10473313 ns)
    [ PASSED ] CASE: preCancelledHandshakeConsumesAndAbortsTheTransport (20865592 ns)
    TCS: TlsM8006ContractTest, time elapsed: 12253986 ns, RESULT:
    [ PASSED ] CASE: externalDecryptionRequestIsStrictlyRawRsaBoundedAndOwned (71305 ns)
    [ PASSED ] CASE: keyLogLineAcceptsOnlyBoundedNssShapeAndOwnsSecrets (78398 ns)
    [ PASSED ] CASE: clientContextRejectsExternalDecryptionBeforeHandshake (11454244 ns)
    TCS: TlsRuntimeTest, time elapsed: 24914822 ns, RESULT:
    [ PASSED ] CASE: reportsHandleFreeLinuxProviderAndBuildIdentity (10781179 ns)
    [ PASSED ] CASE: returnsDefensiveCopiesOfRuntimeInventories (13302259 ns)
Summary: TOTAL: 9
    PASSED: 9, SKIPPED: 0, ERROR: 0
    FAILED: 0
--------------------------------------------------------------------------------------------------
TP: wirestack.internal.platform.linux, time elapsed: 14278595 ns, RESULT:
    TCS: LinuxSystemTrustAdapterTest, time elapsed: 14278595 ns, RESULT:
    [ PASSED ] CASE: frozenSearchOrderCoversGlibcAndMuslLayouts (260866 ns)
    [ PASSED ] CASE: currentLinuxHostSelectsOneExplicitUsableSource (11477766 ns)
    [ PASSED ] CASE: missingCandidatesFailWithoutProviderDefaultFallback (55694 ns)
    [ PASSED ] CASE: directoryCandidateRequiresReadableHashedCertificateEntry (844295 ns)
    [ PASSED ] CASE: sourceIdentityChangesWhenSameSizeTrustContentChanges (292574 ns)
Summary: TOTAL: 5
    PASSED: 5, SKIPPED: 0, ERROR: 0
    FAILED: 0
--------------------------------------------------------------------------------------------------
TP: wirestack.net, time elapsed: 1609924793 ns, RESULT:
    TCS: DnsClientWireTest, time elapsed: 990956608 ns, RESULT:
    [ PASSED ] CASE: publicQueryAndLookupUseRealUdpAndRetainAbsoluteCacheExpiry (5441270 ns)
    [ PASSED ] CASE: publicQueryEncodesEveryModeledRecordType (13592999 ns)
    [ PASSED ] CASE: wrongSourceIdAndQuestionAreIgnoredBeforeValidUdpResponse (1516634 ns)
    [ PASSED ] CASE: validatedTruncationFallsBackToExactTcpFrame (2658702 ns)
    [ PASSED ] CASE: activeCancellationRetainsNameserverWithoutRetry (60649014 ns)
    [ PASSED ] CASE: silentDnsAttemptsLeaveBudgetForServerAndPassFailover (504250965 ns)
    [ PASSED ] CASE: exhaustedResponseCodesRetainTheLastRespondingNameserver (2408808 ns)
    [ PASSED ] CASE: unsupportedResponseCodeRetainsRespondingNameserver (1177682 ns)
    [ PASSED ] CASE: dnsTransportFailuresRetainSelectedNameserver (253399687 ns)
    [ PASSED ] CASE: tcpResponseCannotRemainTruncated (1942041 ns)
    [ PASSED ] CASE: malformedMatchingResponseAndUnrelatedSectionsCannotPoisonCache (2877436 ns)
    [ PASSED ] CASE: cnameTraversalUsesAnswerOwnersAndRejectsConflictingTargets (2467292 ns)
    [ PASSED ] CASE: fullResultCapacityDoesNotQueryAnotherFamily (60552927 ns)
    [ PASSED ] CASE: rfc2308CacheRetainsNxdomainVersusNodataWithoutNewPackets (5592979 ns)
    [ PASSED ] CASE: zeroTtlNeverCreatesAPositiveCacheEntry (4280136 ns)
    [ PASSED ] CASE: callerCancellationAndClientCloseWakeActiveNativeReceive (4117210 ns)
    [ PASSED ] CASE: anyFamilyRetainsAddressesWhenTheOtherFamilyFails (8427224 ns)
    [ PASSED ] CASE: crossFamilyConflictsRetainTheLivePeerAlongsideCachedResults (9387346 ns)
    [ PASSED ] CASE: nxdomainInvalidatesVisitedTargetsAndOtherCachedAliases (23961398 ns)
    [ PASSED ] CASE: everyNxdomainInvalidatesPreviouslyCachedAddresses (8421717 ns)
    [ PASSED ] CASE: noncacheableNxdomainStopsOtherFamilyQueries (2491461 ns)
    [ PASSED ] CASE: nameWideNegativeOverridesEarlierFamilyFailure (2478778 ns)
    [ PASSED ] CASE: boundedAdmissionRejectsExcessAndCloseWakesQueuedCallers (1947715 ns)
    TCS: DnsResolverPolicyTest, time elapsed: 293686758 ns, RESULT:
    [ PASSED ] CASE: fromSystemParsesTabsCommentsLastSearchAndClampedNdots (476955 ns)
    [ PASSED ] CASE: directConfigRejectsUnsupportedNameserverZonesBeforeQueries (41839 ns)
    [ PASSED ] CASE: numericNameserverZonesUseCanonicalEndpointIdentity (53802 ns)
    [ PASSED ] CASE: systemNameserversRetainOnlySupportedNumericZones (659473 ns)
    [ PASSED ] CASE: equivalentNameserverScopesDoNotConsumeTheServerLimit (233859 ns)
    [ PASSED ] CASE: configOwnsInputArraysAndReturnsDefensiveCopies (80621 ns)
    [ PASSED ] CASE: adoptedClientRequiresMatchingConfigurationWithoutTakingRejectedOwnership (193537 ns)
    [ PASSED ] CASE: systemFilesFailClosedWhenMissingOversizedOrNonregular (19766053 ns)
    [ PASSED ] CASE: ipv4LiteralsBypassHostsSearchAndNameservers (60292444 ns)
    [ PASSED ] CASE: hostsSnapshotRetainsOnlyUsableIpv6Zones (686295 ns)
    [ PASSED ] CASE: hostsAliasesFilterFamiliesAndRemainSnapshotted (1040759 ns)
    [ PASSED ] CASE: trailingRootSkipsSearchWhileNdotsSelectsSearchOrAbsoluteFirst (4235393 ns)
    [ PASSED ] CASE: exactHostsEntryWinsBeforeSearchSuffixDns (200827603 ns)
    [ PASSED ] CASE: cancelledExpiredAndClosedCallsRetainPublicResolveClassifications (347943 ns)
    [ PASSED ] CASE: connectUsesHostsMappingForANativeListenerExchange (779833 ns)
    [ PASSED ] CASE: resolverConnectCarriesOneAbsoluteDeadlineIntoNativeTcpAdmission (492398 ns)
    TCS: DnsWireParserTest, time elapsed: 49244065 ns, RESULT:
    [ PASSED ] CASE: decodesCompressedTargetsBinaryTxtSoaAndUnknownData (193967 ns)
    [ PASSED ] CASE: recordOrderMakesAnswerAuthorityAndAdditionalBoundariesExplicit (89614 ns)
    [ PASSED ] CASE: summariesAndRecordsOwnParserAndConstructorInputs (55500 ns)
    [ PASSED ] CASE: publicSummaryRejectsCountsBeyondWireAndCombinedRecordBounds (44354700 ns)
    [ PASSED ] CASE: parserPreservesQuestionIdentityAndRejectsIncompleteRecords (342356 ns)
    [ PASSED ] CASE: asciiNameProfileRejectsAmbiguousLabels (343144 ns)
    [ PASSED ] CASE: compressionLoopsForwardPointersAndOutOfRangePointersAreRejected (93625 ns)
    [ PASSED ] CASE: expandedNameAndSectionCountsRespectConfiguredBounds (122642 ns)
    [ PASSED ] CASE: completeParserRejectsTrailingAndTruncatedSectionBytes (81152 ns)
    [ PASSED ] CASE: typedRdataLengthsAndTxtSegmentsAreExact (158513 ns)
    [ PASSED ] CASE: compressedRdataNamesCannotConsumeNeighboringRecordBytes (102307 ns)
    [ PASSED ] CASE: srvTargetCompressionIsRejectedEvenWhenPointerIsInBounds (78998 ns)
    [ PASSED ] CASE: summaryConstructorRejectsSectionMetadataThatCouldBlurBoundaries (21525 ns)
    [ PASSED ] CASE: additionalOwnerMayReferenceAuthorityNameserverTarget (82098 ns)
    [ PASSED ] CASE: additionalOwnerMayReferenceSecondLegacyMailboxName (116211 ns)
    TCS: DnsWireFuzzTest, time elapsed: 156747141 ns, RESULT:
    [ PASSED ] CASE: wireMutationsRejectMalformedMessagesOrRetainOwnedSections (156503232 ns)
    TCS: M8002TcpListenerTest, time elapsed: 56411296 ns, RESULT:
    [ PASSED ] CASE: bindRejectsInvalidBacklogAndStoppedContextsWithStructuredErrors (93209 ns)
    [ PASSED ] CASE: bindFailureRetainsPublicCoordinatesAndCause (134879 ns)
    [ PASSED ] CASE: cancelledAndExpiredAcceptsLeaveListenerReusable (23320744 ns)
    [ PASSED ] CASE: acceptedStreamTransfersExactDataInBothDirections (213508 ns)
    [ PASSED ] CASE: overlappingAcceptIsRejectedWithoutCreatingAPendingQueue (30310915 ns)
    [ PASSED ] CASE: stoppedCloseAdmissionHasNoNativeEffectAndListenerRemainsUsable (515107 ns)
    [ PASSED ] CASE: gracefulAndAbortTerminalOwnersAreStableAndWakeAccept (263207 ns)
    TCS: M8002UdpSocketTest, time elapsed: 23305828 ns, RESULT:
    [ PASSED ] CASE: datagramBoundariesAndOwnedPayloadSurviveScratchReuse (378887 ns)
    [ PASSED ] CASE: exactCapacityAndTruncationDiscardOnlyTheCurrentDatagramTail (211205 ns)
    [ PASSED ] CASE: connectedSocketSelectsNativePeerAndFiltersOtherSenders (221442 ns)
    [ PASSED ] CASE: invalidAndUnsupportedInputsLeaveSocketReusable (981975 ns)
    [ PASSED ] CASE: cancellationDeadlineCloseAndAbortRetainDistinctState (20576791 ns)
    TCS: NetworkFoundationContractTest, time elapsed: 38742721 ns, RESULT:
    [ PASSED ] CASE: unixEndpointFormsAreDistinctAndOwned (38667 ns)
    [ PASSED ] CASE: unixEndpointRejectsUnboundedNames (28787 ns)
    [ PASSED ] CASE: rawSocketCapabilityBoundaryRequiresDomainSpecificProtocol (55212 ns)
    [ PASSED ] CASE: cancelledConnectFailsBeforeSocketCreation (42020 ns)
    [ PASSED ] CASE: tcpStreamCancellationDistinguishesUntouchedFromAbortedDelegate (117128 ns)
    [ PASSED ] CASE: tcpStreamGracefulCloseIsRetainedAndIdempotent (80755 ns)
    [ PASSED ] CASE: tcpStreamTerminalCloseSkipsStoppedContextsAndCallerClock (123361 ns)
    [ PASSED ] CASE: tcpStreamNonterminalStoppedCloseAdmissionStillRejects (70589 ns)
    [ PASSED ] CASE: tcpStreamCloseNormalizesContextFailureWithoutTakingOwnership (53278 ns)
    [ PASSED ] CASE: tcpStreamAbortRetainsItsCauseAndConnectionFacts (99704 ns)
    [ PASSED ] CASE: tcpStreamDirectionalShutdownPublishesOnlySuccessfulTransitions (61774 ns)
    [ PASSED ] CASE: tcpStreamReadShutdownRejectsEveryReadPathWithoutLosingWrites (137765 ns)
    [ PASSED ] CASE: tcpStreamWriteShutdownRejectsEveryWritePathWithoutLosingReads (84898 ns)
    [ PASSED ] CASE: tcpStreamEmptyOperationsRemainImmediateAfterDirectionalShutdown (24030 ns)
    [ PASSED ] CASE: tcpStreamReadExactAddsCapturedEndpointsToUnexpectedEof (32471 ns)
    [ PASSED ] CASE: tcpStreamReadKeepsPeerEofGraceful (16262 ns)
    [ PASSED ] CASE: tcpStreamReadExactMergesCapturedAndStructuredEndpointMetadata (40067 ns)
    [ PASSED ] CASE: tcpStreamIoConflictsRetainCapturedEndpointsWithoutClosing (80904 ns)
    [ PASSED ] CASE: tcpStreamDirectionalShutdownDoesNotPromoteWokenIoToFailure (116246 ns)
    [ PASSED ] CASE: tcpStreamFinalShutdownRemainsGracefulWhenItWakesIo (30691 ns)
    [ PASSED ] CASE: tcpStreamFailuresRetainOriginalErrorAndReleaseDelegate (60005 ns)
    [ PASSED ] CASE: tcpStreamRetainsNativeCancellationOwnership (1215261 ns)
    [ PASSED ] CASE: tcpStreamNormalizesUnexpectedDelegateFailures (330099 ns)
    [ PASSED ] CASE: tcpStreamPrecancelledIoCannotClaimAnotherClosesOwnership (106463 ns)
    [ PASSED ] CASE: tcpStreamCancellationOwnershipSurvivesOtherObservers (63969 ns)
    [ PASSED ] CASE: tcpStreamAbortCannotRelabelClaimedGracefulNativeClose (71641 ns)
    [ PASSED ] CASE: tcpStreamAbortOwnershipSurvivesCompetingIoAndLateCloseFailure (64582 ns)
    [ PASSED ] CASE: tcpStreamCancellationBoundsCloseWaitAndLateSuccessRemainsGraceful (118332 ns)
    [ PASSED ] CASE: tcpStreamJoiningBackgroundCloseWaitsForCompletion (28613296 ns)
    [ PASSED ] CASE: tcpStreamDeadlineBoundsCloseWaitAndLateSuccessRemainsGraceful (67752 ns)
    [ PASSED ] CASE: tcpStreamLateCloseFailurePublishesFailedWithoutReplacingCallerCancellation (65167 ns)
    [ PASSED ] CASE: tcpStreamAbortRemainsTerminalWhenDetachedCloseFailsLate (60535 ns)
    [ PASSED ] CASE: tcpStreamCloseKeepsGracefulCauseWhenItWakesARead (38754 ns)
    [ PASSED ] CASE: unsafeOptionValueIsBoundedAndOwnedWithoutApplyingIt (219063 ns)
    [ PASSED ] CASE: datagramResultEnforcesTheIpv4PayloadBound (2187572 ns)
    [ PASSED ] CASE: datagramResultSurvivesReceiveBufferReuse (23014 ns)
Summary: TOTAL: 103
    PASSED: 103, SKIPPED: 0, ERROR: 0
    FAILED: 0
--------------------------------------------------------------------------------------------------
TP: wirestack.internal.http2, time elapsed: 3690228687 ns, RESULT:
    TCS: Http2ClientConnectionTest, time elapsed: 182018881 ns, RESULT:
    [ PASSED ] CASE: encodedHeaderFailureClosesTheConnection (2176298 ns)
    [ PASSED ] CASE: tenConcurrentRequestsShareOneConnectionAndMapOutOfOrderResponses (2653785 ns)
    [ PASSED ] CASE: claimedStreamsPublishInitialHeadersInStreamIdOrder (3988599 ns)
    [ PASSED ] CASE: cancelledUnpublishedStreamDoesNotBlockNextClaim (3519679 ns)
    [ PASSED ] CASE: declaredLengthDoesNotReleaseStreamBeforeWireEndStream (1593917 ns)
    [ PASSED ] CASE: streamsRequestBodyThroughFlowControlledDataAndEndsLocallyOnce (1246368 ns)
    [ PASSED ] CASE: peerResetFailsOnlyItsStreamAndConnectionRemainsUsable (3718358 ns)
    [ PASSED ] CASE: peerGoAwayDrainsConnectionWithoutFailingAcceptedStream (1213724 ns)
    [ PASSED ] CASE: connectedStreamOutlivesHandshakeCancellationAndUsesOperationContexts (3677487 ns)
    [ PASSED ] CASE: contextlessHalfCloseDoesNotWaitForBlockedConnectionWriter (4941571 ns)
    [ PASSED ] CASE: halfCloseOrdersEndAfterAdmittedFlowControlledWrite (10007316 ns)
    [ PASSED ] CASE: gracefulCloseOrdersEndAfterAdmittedFlowControlledWrite (9589566 ns)
    [ PASSED ] CASE: gracefulCloseDeadlineStopsAdmittedFlowControlledWrite (109526294 ns)
    [ PASSED ] CASE: queuedHalfCloseCancellationDoesNotWaitForConnectionWriter (11994582 ns)
    [ PASSED ] CASE: rejectedConnectReturnsFullResponseAndClosesRequestDirection (2739532 ns)
    [ PASSED ] CASE: enabledPushAttachesBoundedCallerDrivenResponses (3939567 ns)
    TCS: Http2ClientMappingTest, time elapsed: 5727218 ns, RESULT:
    [ PASSED ] CASE: requestMapsOrderedPseudoFieldsAuthorityAndSensitiveHeaders (162745 ns)
    [ PASSED ] CASE: connectUsesOnlyMethodAndAuthorityPseudoFields (145538 ns)
    [ PASSED ] CASE: connectStreamMappingKeepsBothDataDirectionsOpen (193925 ns)
    [ PASSED ] CASE: requestRejectsAuthorityFramingAndConnectionAmbiguity (492633 ns)
    [ PASSED ] CASE: requestHeaderListHonorsHttp2BoundsBeforeHpackMutation (102054 ns)
    [ PASSED ] CASE: requestBodyProvesEofBeforeOneTerminalTrailerBlock (219558 ns)
    [ PASSED ] CASE: requestBodyRejectsPrematureEofAndConfiguredOverflow (232714 ns)
    [ PASSED ] CASE: responseMapsInformationalFinalDataAndTrailersInOrder (236222 ns)
    [ PASSED ] CASE: responseRejectsPseudoOrderCaseAndConnectionFieldsAsStreamErrors (112012 ns)
    [ PASSED ] CASE: responseRejectsInvalidStatusAndTooManyInformationalHeads (330306 ns)
    [ PASSED ] CASE: responseContentLengthMustMatchExactlyAtEndStream (255437 ns)
    [ PASSED ] CASE: streamingResponseMayExceedTheConfiguredRequestBodyBound (51129 ns)
    [ PASSED ] CASE: bodylessAndConnectResponseRulesAreExplicit (213416 ns)
    [ PASSED ] CASE: responseTrailersRequireFinalEndStreamAndRegularAllowedFields (241765 ns)
    [ PASSED ] CASE: promisedRequestValidationPrecedesApplicationPolicy (290146 ns)
    TCS: Http2ClientPushOwnershipTest, time elapsed: 1696433 ns, RESULT:
    [ PASSED ] CASE: resetLostOfferIsClosedAndNextOfferRemainsDeliverable (223499 ns)
    [ PASSED ] CASE: parentCancellationStopsTransferredStalledBodyWithoutCancellingIndependentSibling (365842 ns)
    [ PASSED ] CASE: expiredParentAbsoluteDeadlineStillGovernsTransferredBodyAfterHeaders (321262 ns)
    TCS: Http2ConformanceTest, time elapsed: 7924386 ns, RESULT:
    [ PASSED ] CASE: invalidFrameOrderMatrixFailsAtConnectionScope (359878 ns)
    [ PASSED ] CASE: continuationSequenceCompletesOnlyOnEndHeaders (208368 ns)
    [ PASSED ] CASE: rstStreamAndGoAwayRaceCompletesOwnerOnceAndCleansRegistrations (6530019 ns)
    TCS: Http2ConnectionStateMachineTest, time elapsed: 7207431 ns, RESULT:
    [ PASSED ] CASE: clientStartEmitsMagicAndSettingsThenPeerSettingsOpens (73668 ns)
    [ PASSED ] CASE: serverConsumesIncrementalMagicBeforeItsFirstSettings (73695 ns)
    [ PASSED ] CASE: invalidOrIncompletePrefaceFailsOnceWithProtocolEvidence (71698 ns)
    [ PASSED ] CASE: firstPeerFrameMustBeNonAcknowledgementSettings (46891 ns)
    [ PASSED ] CASE: openConnectionAppliesSettingsAndCompletesHeaderBlocks (47398 ns)
    [ PASSED ] CASE: peerGoAwayDrainsAndMayOnlyNarrowItsBoundary (57573 ns)
    [ PASSED ] CASE: localDrainUsesProcessedPeerBoundaryAndNeverIncreases (59215 ns)
    [ PASSED ] CASE: racingFinishTransitionsAndPublishesCompletionExactlyOnce (5433726 ns)
    TCS: Http2DeterministicFuzzTest, time elapsed: 86572817 ns, RESULT:
    [ PASSED ] CASE: frameParserDeterministicMutationCorpusStaysBounded (7429974 ns)
    [ PASSED ] CASE: hpackDecoderDeterministicMutationCorpusFailsClosed (77714144 ns)
    [ PASSED ] CASE: protocolLimitBoundaryMutationsRejectOversizedInputs (138860 ns)
    TCS: Http2FlowControllerTest, time elapsed: 3057357141 ns, RESULT:
    [ PASSED ] CASE: windowUpdateCodecIgnoresReservedBitAndRejectsZeroByScope (31241 ns)
    [ PASSED ] CASE: reservationsRespectConnectionStreamAndPeerFrameCredit (50059 ns)
    [ PASSED ] CASE: settingsShrinkPausesReservedDataAndCancellationReleasesIt (86748 ns)
    [ PASSED ] CASE: streamWindowUpdateWakesAReservedPermitAfterSettingsShrink (34332 ns)
    [ PASSED ] CASE: concurrentTryReserveNeverOvercommitsOneStream (176560 ns)
    [ PASSED ] CASE: receiveCreditReturnsOnlyAfterApplicationConsumption (53054 ns)
    [ PASSED ] CASE: smallReceiveReadsCoalesceWindowUpdates (114092 ns)
    [ PASSED ] CASE: stalledConnectionCreditFlushesOnceWithoutChangingSmallReadCoalescing (24464 ns)
    [ PASSED ] CASE: leastRecentlyServedStreamsReceiveCreditBeforeThePreviousOwner (3055104470 ns)
    [ PASSED ] CASE: connectionSendWindowIsSharedAcrossStreams (38981 ns)
    [ PASSED ] CASE: connectionAndStreamWindowViolationsHaveCorrectScope (37441 ns)
    [ PASSED ] CASE: settingsAndWindowOverflowFailAtomically (32698 ns)
    [ PASSED ] CASE: streamCleanupCancelsPermitsAndRestoresOnlyConnectionReceiveCredit (28605 ns)
    [ PASSED ] CASE: dataAccountingUsesTheEntireFramePayload (16240 ns)
    TCS: Http2FrameCodecTest, time elapsed: 787603 ns, RESULT:
    [ PASSED ] CASE: everyRequiredFrameEnvelopeRoundTrips (62287 ns)
    [ PASSED ] CASE: parserAcceptsEverySingleByteBoundaryAndMultipleFrames (40849 ns)
    [ PASSED ] CASE: incompleteInputStaysBoundedUntilCompletion (19166 ns)
    [ PASSED ] CASE: oversizedFrameFailsBeforePayloadBufferingAndParserBecomesTerminal (22433 ns)
    [ PASSED ] CASE: reservedBitIsIgnoredOnReadAndClearedOnWrite (13648 ns)
    [ PASSED ] CASE: unknownFramesAndFlagsRoundTripWithoutInterpretation (14894 ns)
    [ PASSED ] CASE: transportWriterHandlesRepeatedPartialWrites (25096 ns)
    TCS: Http2FrameModelTest, time elapsed: 609957 ns, RESULT:
    [ PASSED ] CASE: frameAndErrorCodesRoundTripIncludingExtensions (25414 ns)
    [ PASSED ] CASE: streamIdentifierIgnoresReservedBitAndKeepsThirtyOneBits (8298 ns)
    [ PASSED ] CASE: limitsAreExplicitAndFrameSizeIsBounded (22887 ns)
    [ PASSED ] CASE: fixedFrameShapesAndStreamScopesAreValidated (27538 ns)
    [ PASSED ] CASE: settingsRejectInvalidProtocolValuesButRetainExtensions (20753 ns)
    [ PASSED ] CASE: unknownFlagsAndFramesRemainForwardCompatible (11942 ns)
    TCS: Http2GoAwayManagerTest, time elapsed: 4402613 ns, RESULT:
    [ PASSED ] CASE: peerBoundaryRetiresOnlyDefinitelyUnprocessedStreams (106610 ns)
    [ PASSED ] CASE: narrowingBoundaryWakesEachNewlyExcludedOwnerExactlyOnce (54564 ns)
    [ PASSED ] CASE: localDrainQueuesGoAwayAndStopsAdmissionBeforeWriterRuns (48724 ns)
    [ PASSED ] CASE: fabricatedReceiveResultCannotDrainAnOpenCoordinator (39417 ns)
    [ PASSED ] CASE: racingAdmissionAndGoAwayNeverLeavesAnExcludedStreamActive (3585351 ns)
    TCS: Http2HeaderBlockAssemblerTest, time elapsed: 893083 ns, RESULT:
    [ PASSED ] CASE: sameStreamContinuationsAssembleInExactOrder (29859 ns)
    [ PASSED ] CASE: continuationWithoutStartWrongStreamAndInterleavingFailConnection (33545 ns)
    [ PASSED ] CASE: paddingAndPriorityOverheadAreExcludedFromHeaderBytes (33235 ns)
    [ PASSED ] CASE: pushPromiseRetainsPromisedStreamAndFragmentOnly (20311 ns)
    [ PASSED ] CASE: invalidPaddingPriorityAndSelfDependencyFailClosed (47156 ns)
    [ PASSED ] CASE: accumulatedCompressedBytesHaveOneHardLimit (27980 ns)
    TCS: Http2ConnectionHealthTest, time elapsed: 1215885 ns, RESULT:
    [ PASSED ] CASE: pingCodecAndConnectionAckPreserveOpaqueBytes (81697 ns)
    [ PASSED ] CASE: idleProbeIsSingleOutstandingAndMatchingAckRestoresHealth (363504 ns)
    [ PASSED ] CASE: ordinaryActivityDefersIdleProbeWithoutAllocatingATimer (47651 ns)
    TCS: Http2ConnectionCloserTest, time elapsed: 2176892 ns, RESULT:
    [ PASSED ] CASE: gracefulCloseSendsGoAwayWaitsForStreamAndClosesTransportOnce (327309 ns)
    [ PASSED ] CASE: expiredCloseAbortsActiveStreamsWithoutStartingGracefulIo (80576 ns)
    [ PASSED ] CASE: racingShorterDeadlineUpgradesInFlightGracefulCloseToOneAbort (208160 ns)
    [ PASSED ] CASE: concurrentGracefulCallersShareOneTerminalResultAndTransportClose (307140 ns)
    [ PASSED ] CASE: failedGracefulTransportCloseFallsBackToOneAbort (173126 ns)
    TCS: HpackBlockTest, time elapsed: 2946086 ns, RESULT:
    [ PASSED ] CASE: rfcRequestBlocksDecodeWithSharedDynamicState (70909 ns)
    [ PASSED ] CASE: encoderMatchesFirstRfcHuffmanRequestExample (63470 ns)
    [ PASSED ] CASE: literalModesPreserveNeverIndexedAndOnlyIncrementalMutatesTable (1379047 ns)
    [ PASSED ] CASE: tableSizeUpdateMustLeadBlockAndRespectAllowedMaximum (58308 ns)
    [ PASSED ] CASE: headerCountListAndCompressedLimitsFailClosed (397858 ns)
    [ PASSED ] CASE: peerCapacityUpdateIsEmittedBeforeHeaders (31626 ns)
    TCS: HpackCoreTest, time elapsed: 1117396 ns, RESULT:
    [ PASSED ] CASE: rfcIntegerVectorsEncodeAndDecodeExactly (22142 ns)
    [ PASSED ] CASE: integerRejectsTruncationOverflowAndInvalidPrefix (32579 ns)
    [ PASSED ] CASE: rawStringRoundTripsAndOwnsItsBytes (45145 ns)
    [ PASSED ] CASE: stringLengthLimitAndTruncationFailBeforeCopy (115483 ns)
    [ PASSED ] CASE: staticTableMatchesRfcBoundariesAndRepresentativeEntries (29526 ns)
    [ PASSED ] CASE: everyStaticEntryHasBoundedRfcAccounting (67892 ns)
    TCS: HpackDynamicTableTest, time elapsed: 1029770 ns, RESULT:
    [ PASSED ] CASE: newestEntryUsesIndexSixtyTwoAndOlderEntriesShift (20719 ns)
    [ PASSED ] CASE: exactRfcAccountingEvictsOldestEntriesFirst (24376 ns)
    [ PASSED ] CASE: oversizedEntryClearsTheEntireTableWithoutInsertion (14799 ns)
    [ PASSED ] CASE: capacityShrinkEvictsImmediatelyAndPeerLimitIsHard (22910 ns)
    [ PASSED ] CASE: withoutIndexingNeverIndexedAndSensitiveNeverEnterState (21478 ns)
    [ PASSED ] CASE: staticAndDynamicSearchReturnCanonicalLowestIndexes (135890 ns)
    [ PASSED ] CASE: zeroCapacityRetainsNoEntries (29559 ns)
    TCS: HpackHuffmanTest, time elapsed: 75279251 ns, RESULT:
    [ PASSED ] CASE: rfcRequestExamplesEncodeAndDecodeExactly (3958456 ns)
    [ PASSED ] CASE: everyOctetRoundTripsWithinAnExplicitBound (63475474 ns)
    [ PASSED ] CASE: huffmanStringLiteralUsesFlagAndSharedBounds (2512594 ns)
    [ PASSED ] CASE: eosInvalidPaddingAndTruncatedPrefixFailClosed (1016486 ns)
    [ PASSED ] CASE: decodedAndEncodedOutputLimitsApplyBeforeGrowth (2392575 ns)
    TCS: Http2ConnectionReaderTest, time elapsed: 8225939 ns, RESULT:
    [ PASSED ] CASE: oneReaderDecodesEveryByteBoundaryAndDispatchesInWireOrder (950840 ns)
    [ PASSED ] CASE: serverConsumesMagicAndFirstFrameFromTheSameRead (786286 ns)
    [ PASSED ] CASE: eofDuringPrefaceOrFrameFailsAndWakesEveryStream (2292841 ns)
    [ PASSED ] CASE: invalidTransportProgressAndHandlerFailureBecomeTerminal (926456 ns)
    [ PASSED ] CASE: readerLoopCanOnlyBeClaimedOnce (559216 ns)
    [ PASSED ] CASE: terminationRegistryIsBoundedRemovableAndExactlyOnce (300187 ns)
    [ PASSED ] CASE: readerRegistryReservesOneListenerBeyondTheStreamLimit (38960 ns)
    TCS: Http2ServerMappingTest, time elapsed: 13195096 ns, RESULT:
    [ PASSED ] CASE: requestHeadMapsPseudoFieldsHostAndContentLength (136955 ns)
    [ PASSED ] CASE: connectAndOptionsTargetsAreMappedStrictly (183984 ns)
    [ PASSED ] CASE: requestRejectsPseudoOrderCaseConnectionAndAuthorityAmbiguity (264163 ns)
    [ PASSED ] CASE: paddedDataReturnsAllFlowCreditAndPublishesTrailers (288982 ns)
    [ PASSED ] CASE: requestQueueIsBoundedBeforeFlowAccountingMutates (147359 ns)
    [ PASSED ] CASE: terminalLengthMismatchDoesNotConsumeFlowWindow (127116 ns)
    [ PASSED ] CASE: responseHeadersBodyFlowAndTrailersMapInOrder (981995 ns)
    [ PASSED ] CASE: streamingResponseMayExceedTheConfiguredRequestBodyBound (1211368 ns)
    [ PASSED ] CASE: responseRulesCloseBodiesOnEveryTerminalOrFailurePath (171431 ns)
    [ PASSED ] CASE: handlerRunsOnceAndReleasesRequestOwnership (185199 ns)
    [ PASSED ] CASE: invalidDuplexResponseReleasesPreServeHandoffExactlyOnce (7344005 ns)
    TCS: Http2ServerPushLifecycleTest, time elapsed: 210862876 ns, RESULT:
    [ PASSED ] CASE: largePushDoesNotDelayParentHeadersUntilPushCreditReturns (78202618 ns)
    [ PASSED ] CASE: cancelledPushReleasesItsWorkerSlotForTheNextParent (51984533 ns)
    [ PASSED ] CASE: crossOriginPushIsRejectedAndItsResponseIsClosedBeforeAnyOffer (8081104 ns)
    [ PASSED ] CASE: parentResetWhileWaitingForPushSlotIsRevalidatedBeforeReservation (44713246 ns)
    [ PASSED ] CASE: resetOfBlockedPushDoesNotBlockReaderOrReleaseWorkerSlotEarly (16629301 ns)
    [ PASSED ] CASE: blockingHeaderOnlyBodyCloseDoesNotDelayInboundReset (5689774 ns)
    [ PASSED ] CASE: duplexHandlerReturnAbortsBothStreamDirections (3011963 ns)
    TCS: Http2SettingsTest, time elapsed: 2075739 ns, RESULT:
    [ PASSED ] CASE: codecPreservesKnownUnknownAndRepeatedSettingsInOrder (35198 ns)
    [ PASSED ] CASE: peerBatchAppliesAtomicallyAndReturnsAckAndWindowDelta (54797 ns)
    [ PASSED ] CASE: invalidPeerBatchLeavesEffectiveStateUnchanged (55933 ns)
    [ PASSED ] CASE: localBatchesAreAcknowledgedInFifoOrder (27704 ns)
    [ PASSED ] CASE: unexpectedAckAndPendingBatchOverflowFailClosed (40180 ns)
    [ PASSED ] CASE: advertisedResourceValuesAreCappedByLocalPolicy (35057 ns)
    [ PASSED ] CASE: settingsFrameLengthAndAckPayloadAreRejectedByFrameLayer (59315 ns)
    [ PASSED ] CASE: peerDefaultsAreRfcValuesCappedSeparatelyFromLocalAdvertisement (89931 ns)
    [ PASSED ] CASE: clientPushAdvertisementUsesItsOwnFiniteAdmissionBound (24473 ns)
    [ PASSED ] CASE: serverEnablePushSettingIsRejectedInBothDirections (70024 ns)
    TCS: Http2StreamLifecycleTest, time elapsed: 4515315 ns, RESULT:
    [ PASSED ] CASE: bothEndStreamOrdersReachClosedExactlyOnce (84791 ns)
    [ PASSED ] CASE: initialEndStreamHalfClosesTheInitiatingSide (27512 ns)
    [ PASSED ] CASE: clientAndServerAllocateCorrectMonotonicParity (27215 ns)
    [ PASSED ] CASE: peerParityReuseAndDecreasingIdsFailConnection (98054 ns)
    [ PASSED ] CASE: localAndPeerConcurrencyLimitsAreIndependentAndCapacityReturns (117237 ns)
    [ PASSED ] CASE: invalidHalfClosedDirectionsAndUnknownStreamsFailClosed (92316 ns)
    [ PASSED ] CASE: readerTerminationClosesAndUnregistersEveryActiveStream (126390 ns)
    [ PASSED ] CASE: racingAdmissionNeverExceedsConfiguredBoundOrDuplicatesIds (935522 ns)
    [ PASSED ] CASE: racingEndDirectionsCompleteAndCleanupExactlyOnce (1195292 ns)
    TCS: Http2StreamResetManagerTest, time elapsed: 3124119 ns, RESULT:
    [ PASSED ] CASE: rstCodecPreservesKnownAndExtensionCodes (57969 ns)
    [ PASSED ] CASE: localCancelQueuesResetAndReleasesOnlyItsStream (77833 ns)
    [ PASSED ] CASE: peerResetCancelsQueuedDataPermitsAndWakesOwnerOnce (76513 ns)
    [ PASSED ] CASE: resetWakesBlockedServerBodyWithoutClosingConnection (141129 ns)
    [ PASSED ] CASE: racingLocalAndPeerResetCompletesEveryStreamExactlyOnce (1806316 ns)
    [ PASSED ] CASE: queuePressureIsAtomicAndCleanupCreditStaysBoundedForRetry (122111 ns)
    TCS: Http2WriteSchedulerTest, time elapsed: 5795399 ns, RESULT:
    [ PASSED ] CASE: controlPrecedesDataAndPartialWritesDrainGracefully (123145 ns)
    [ PASSED ] CASE: controlBurstIsBoundedAndDataStreamsRotateFairly (596528 ns)
    [ PASSED ] CASE: queueCountAndBytesAreHardAndCancellationReleasesCapacity (172376 ns)
    [ PASSED ] CASE: concurrentProducersStillUseExactlyOneWriter (1620545 ns)
    [ PASSED ] CASE: abortInterruptsActiveWriteAndFailsEveryTicket (116827 ns)
    [ PASSED ] CASE: transportFailureFansOutAndTicketWaitHonorsCancellation (88981 ns)
    [ PASSED ] CASE: reservedDataConsumesFlowOnlyWhenTheWriterClaimsIt (51297 ns)
    [ PASSED ] CASE: serverDataEventTransfersItsPermitBeforeWriterClaim (42052 ns)
    [ PASSED ] CASE: cancellingQueuedReservedDataReturnsAllFlowCapacity (36989 ns)
    [ PASSED ] CASE: admittedHeaderBatchSurvivesResetDuringPartialFirstWrite (94509 ns)
    [ PASSED ] CASE: unstartedEncodedHeaderBatchIsIrrevocableAfterAdmission (55717 ns)
    [ PASSED ] CASE: largeHeaderBatchRemainsContiguousPastControlBurstLimit (144971 ns)
    [ PASSED ] CASE: failedHeaderBatchAdmissionTerminatesScheduler (41410 ns)
    [ PASSED ] CASE: concurrentHeaderBatchesStayContiguousOnTheWire (476364 ns)
Summary: TOTAL: 182
    PASSED: 182, SKIPPED: 0, ERROR: 0
    FAILED: 0
--------------------------------------------------------------------------------------------------
Project tests finished, time elapsed: 55010826066 ns, RESULT:
TP: wirestack.*, time elapsed: 55009991410 ns, RESULT:
    PASSED:
    TP: wirestack.internal.platform.linux, time elapsed: 14278595 ns
    TP: wirestack.internal.common, time elapsed: 2434415 ns
    TP: wirestack.internal.transport, time elapsed: 211657258 ns
    TP: wirestack.internal.trust, time elapsed: 40722129 ns
    TP: wirestack.internal.http2, time elapsed: 3690228687 ns
    TP: wirestack.internal.resolver, time elapsed: 40699609 ns
    TP: wirestack.internal.tls_engine, time elapsed: 30561569763 ns
    TP: wirestack.internal.connector, time elapsed: 13917055 ns
    TP: wirestack.tls, time elapsed: 130370305 ns
    TP: wirestack.internal.http1, time elapsed: 1946425441 ns
    TP: wirestack.internal.transport_stdnet, time elapsed: 214471640 ns
    TP: wirestack.net, time elapsed: 1609924793 ns
    TP: wirestack.http, time elapsed: 16356234339 ns
Summary: TOTAL: 803
    PASSED: 780, SKIPPED: 23, ERROR: 0
    FAILED: 0
--------------------------------------------------------------------------------------------------
cjpm test success
