M7-022 Linux release soak: FAIL: SOAK_ALREADY_RUNNING: another invocation is active
M0-016 validation: PASS
architecture guard: PASS
{"artifacts": {"api": "docs/api/generated/api-surface.json", "coverage": "docs/api/generated/coverage.json", "docs": "docs/api/generated/docs.json", "markdown": "docs/api/generated/markdown"}, "cjdoc": {"path": "<cjdoc>", "version": "0.7.2"}, "combined": {"apiEntries": 1482, "apiSha256": "d9a8a48cc872db8dbc0520eee7a76967e8276200ccf6eb0c6abbbc665bfc220f", "coverage": {"parameters": {"documented": 718, "percent": 100, "total": 718}, "symbols": {"documented": 1482, "percent": 100, "total": 1482}}, "coverageSha256": "09cf0017777f1a456986eb2bb3e9b27f2891ce17e7f3f75d04519c35f61c0230", "declarations": 2451, "docsSha256": "b276778f08ec3f28253e0c531ae897c768474f2df9a2e0ff9c2ef4057f606c92", "markdownSha256": "988b54088600cbe0a4c63d442b309d59a3f11ecb93cf3db6b5ced6bd4f632518", "package": "combined", "status": "PASS"}, "commands": [{"kind": "check", "package": "wirestack", "returncode": 0, "status": "PASS", "stderr": "documentation coverage: symbols 662/662 (100%), parameters 262/262 (100%)\n", "stderr_truncated": false, "stdout": "", "stdout_truncated": false}, {"kind": "generate", "package": "wirestack", "returncode": 0, "status": "PASS", "stderr": "", "stderr_truncated": false, "stdout": "generated <staging>/wirestack/output\n", "stdout_truncated": false}, {"kind": "check", "package": "wirestack.http", "returncode": 0, "status": "PASS", "stderr": "documentation coverage: symbols 1065/1065 (100%), parameters 483/483 (100%)\n", "stderr_truncated": false, "stdout": "", "stdout_truncated": false}, {"kind": "generate", "package": "wirestack.http", "returncode": 0, "status": "PASS", "stderr": "", "stderr_truncated": false, "stdout": "generated <staging>/wirestack-http/output\n", "stdout_truncated": false}, {"kind": "check", "package": "wirestack.tls", "returncode": 0, "status": "PASS", "stderr": "documentation coverage: symbols 838/838 (100%), parameters 326/326 (100%)\n", "stderr_truncated": false, "stdout": "", "stdout_truncated": false}, {"kind": "generate", "package": "wirestack.tls", "returncode": 0, "status": "PASS", "stderr": "", "stderr_truncated": false, "stdout": "generated <staging>/wirestack-tls/output\n", "stdout_truncated": false}, {"kind": "check", "package": "wirestack.net", "returncode": 0, "status": "PASS", "stderr": "documentation coverage: symbols 903/903 (100%), parameters 433/433 (100%)\n", "stderr_truncated": false, "stdout": "", "stdout_truncated": false}, {"kind": "generate", "package": "wirestack.net", "returncode": 0, "status": "PASS", "stderr": "", "stderr_truncated": false, "stdout": "generated <staging>/wirestack-net/output\n", "stdout_truncated": false}, {"kind": "check", "package": "combined", "returncode": 0, "status": "PASS", "stderr": "documentation coverage: symbols 1482/1482 (100%), parameters 718/718 (100%)\n", "stderr_truncated": false, "stdout": "", "stdout_truncated": false}, {"kind": "generate", "package": "combined", "returncode": 0, "status": "PASS", "stderr": "", "stderr_truncated": false, "stdout": "generated <staging>/combined/output\n", "stdout_truncated": false}], "expectedCjdoc": "0.7.2", "generatedAtUtc": "2026-09-22T02:36:12.066257Z", "issues": [], "layers": [{"apiEntries": 662, "apiSha256": "18ef8b0e5e6dd34daae0b7bfc98e0c0c370f7237eb07e72e432c76a13726a88e", "coverage": {"parameters": {"documented": 262, "percent": 100, "total": 262}, "symbols": {"documented": 662, "percent": 100, "total": 662}}, "coverageSha256": "a33481d03da902371e26245f67bb94f450d89ef66b9c0ad36bac6970eaf207b4", "declarations": 808, "docsSha256": "df3c07c4f0458a36021e9f7928e3e0fdbde27785c527e9d40ac60e00094f1014", "markdownSha256": "3055a19762b460c1f977ca0ed29a1154c7af8cda9d232351ef2bba0e2b409b45", "package": "wirestack", "status": "PASS"}, {"apiEntries": 1065, "apiSha256": "8d605ec1ccfbfc0ece970e1f6cf0cd417752366e863c5e38dfeb1817262af271", "coverage": {"parameters": {"documented": 483, "percent": 100, "total": 483}, "symbols": {"documented": 1065, "percent": 100, "total": 1065}}, "coverageSha256": "9985a9ec1ae0dc408cc27e5a3b9ffd58782cc331046e39ba8ef58b6eba5a86c7", "declarations": 1733, "docsSha256": "39e5e92a2904d0b4dccdec819830acb17871a7100fd957d9fceacbf1683c0eb4", "markdownSha256": "b90982339ea708b7f7715aac927745b2581b6855195119690f6e0f5582139392", "package": "wirestack.http", "status": "PASS"}, {"apiEntries": 838, "apiSha256": "3de4d04409af0f532e8a5ccb3cf2790eafbcecbc9e2d8b92144e2e2db31fcdc0", "coverage": {"parameters": {"documented": 326, "percent": 100, "total": 326}, "symbols": {"documented": 838, "percent": 100, "total": 838}}, "coverageSha256": "9911e669daf6b58625ce5c52ba3482cd983ccf34a95439d3d47d87113d5757c1", "declarations": 1014, "docsSha256": "9f261ea3c18964b0dfa3d252e0d00bc0f1e37f0788b8679e97f7cce31d4ed15b", "markdownSha256": "f11ae8b6080dd249c5c33562a00732f7bbd35c67e423c0bcfc39ae9935b07646", "package": "wirestack.tls", "status": "PASS"}, {"apiEntries": 903, "apiSha256": "cd4df30531ee0650e00fcd40cfbb9e53492082530725e8a9be73be80110505cd", "coverage": {"parameters": {"documented": 433, "percent": 100, "total": 433}, "symbols": {"documented": 903, "percent": 100, "total": 903}}, "coverageSha256": "6371ebd2d7a1b2ee19d799c9f26f93f4c0d25f2647e34ee6622e4e4a29d4b78a", "declarations": 1320, "docsSha256": "c70598deda76080c81076f9ec59bdcfd7362edc37ddeea322bfc6770e9b54391", "markdownSha256": "c665cef542630b9fbda37c53b17bfede25aa487c50b010430c1047257d4e1bfe", "package": "wirestack.net", "status": "PASS"}], "platform": {"libc": "glibc", "machine": "x86_64", "system": "Linux"}, "schemaVersion": 1, "sourceSha256": {"src/byte_span.cj": "4b38c6d184e172a56f0c39308294cbd2485ff683aba4f27028abe07c2b4661c4", "src/cancellation.cj": "c023b65acab9740096dc1ec9a770cf59d7361b2fec3dcdeebb3cc6033d78034d", "src/common.cj": "7a6d9bf1bd56bb9c5209152b2482dee044027f8d348233dcd6cc7b87d1c866e3", "src/deadline.cj": "15c5fd0c7f2dcfb4be7150359990c7c35cde11aa3332f80a9efe9f79e431a7c4", "src/hostname_verifier.cj": "a0d06b89cf163b91339e5690bf1d15d8e94bd4912c2792b35e0cdd09d4e34989", "src/http/cancellation.cj": "8ff94be6a771af4c56dab7dc982fca0a16e6df1da4d1a14303dfc179f9225537", "src/http/client.cj": "97131a36c964f68cbc6697a87a4fd5fe81a5a0d146dee3355b4386a47f97c628", "src/http/cookie.cj": "5326d61b5121e75e56750a29c960dc97e9b7fc34ba10f62236e3b19adbaee1d8", "src/http/duplex.cj": "e81f52f4efbc0b728a1891d67bc0f3a6292af471d16d992b65e2055e44ffac24", "src/http/error.cj": "d88c54a157e02063ab4048c197631daba3642a9618672841e4b98d3a25d275ad", "src/http/file_handler.cj": "2706ddeadba5c448a9bdf9ed1b604d5fe56c527b001d28ecb3b558b93728df74", "src/http/hooks.cj": "0b6016a645fd69bbb8743e5abfed22b4c325286a450587b4ff87b722ef04f2ed", "src/http/multipart.cj": "506c82b691fa280fc147fa7d6f73aa5ed7b1045f5fa1122bd7c667a62aead36e", "src/http/package.cj": "edae278034e8047e77649badec506b86ff2e6f3fc530d3eaf68394f77ff43ca0", "src/http/proxy.cj": "9576c9b153192c93943911557e8cce25f567e5ad0357074189437cc17af6fe1d", "src/http/redirect.cj": "bb7e2d00e2373436d05b8d4d7a19650768b943afd4ecbe737a49c352ca57be1f", "src/http/resolver.cj": "8c44e5ff6961122d6483c22546a26dab02e8414b88d5e18b954ddcf0b3ff29e4", "src/http/retry.cj": "e889370833f2d5b7df07d4cd13aa3068ab6262e1c2252728cbcc99c788b4199b", "src/http/server.cj": "52ede5995cf2b5ac64948b36334eadd9782cdcaa26e4c2bf3914a85e25cdb529", "src/http/tls.cj": "b232989ad8c4e73d4480dcae4ce40aae55fbedf9ce13b5922cc61b8a6e8a1e62", "src/http/upgrade.cj": "3bf29c0ad5b9fd19f5b2d994d36abcf76cbcc7d22d46c18991378aab705e0f73", "src/http/websocket.cj": "1eafd0d9f728592adea31d4397a8173c98d6ad3551ab4ed84d3b77623b787ba7", "src/http/websocket_handshake.cj": "db5d899be8d22022db1e7aed502ad36c3cc5e52d6dbae8dce53112f797276d59", "src/http_body.cj": "49b72ad2517213133eb693a190061050b655edb02df01eaa414db216c60fc4fe", "src/http_contract.cj": "39d7fe3885f50211393d9e03dc478b7370566bf7b7b3d3f20d0a5d3de3dc9259", "src/http_message.cj": "4033d25f42135e43f498f11d2b459512dcb7c45bce6e91efaa85b18a053e8ef1", "src/http_model.cj": "993ad73017a4da224b98f851e1e39d46fe6016502044b934f7ab191fb0da5a8c", "src/http_push.cj": "5dde5a1ff4cee87c947c1867e56fe0e7b9d2a38e2ca91a597f5a8deb4c2fc20f", "src/http_url.cj": "074cc811771e49030292b278252947af9f29476f67e9fd53f6a82ac473690955", "src/net/datagram_socket_core.cj": "2095e7d3a02c805c3018badf7045b0d76a42a56e101a2e08867f32b676c34ae6", "src/net/dns_client.cj": "a63095f98489b93b83f76cebc878678391d338f9080e15cf2ea7277ff6562622", "src/net/dns_resolver.cj": "65b410bda4ed26d315848f68bdd70b432101153b12e3c5d6dcccd8bea14ec183", "src/net/dns_wire.cj": "08b6bfb5fb7b46502a2a897f44a251765947359408398bcb93442504de28bde0", "src/net/package.cj": "05ee39721856fab3dc82dc4a83baaa0adfd9bb8af4fb38e0af41d4f5cb4430cc", "src/net/tcp_listener.cj": "7735311cd3aa657a3be9a37216cb5a1b404854932ab66480ea78b9f42a2b2b1f", "src/net/udp_socket.cj": "a59cba97d797a3800338f6a8594bfcd0f93456fc926421b2f9bce81149c9546b", "src/net/unix_datagram_socket.cj": "7447856c277d45d943087e3285fd0ade950cf7047fbf232052e1cd9d0a730511", "src/net/unix_listener.cj": "aa964800977f95ff67a6351a91c16d950324bbe0c50d7b01c5f1484f06e01967", "src/net/unix_stream.cj": "399aeac5d19f6457e2342fd7b1af3a76943f00db50a21c1474bed3b3141acb8b", "src/network_error.cj": "4e272f9b9887804f0de87ec032d442a69b49803da66bffa005b7f0282aadc5e5", "src/network_event.cj": "55d93c151752e76c80c441e4bfc639f7d6da77e89ed582bae2ba6a43cdcc3084", "src/operation_context.cj": "523a1c1efaab2f3e6ba0755386460ea504a2caa8ef1453a18134f950c6e1234d", "src/package.cj": "f9035aacfa24f06fe88eda3f16a5cbcf5dbf482b2d86776ea27e09e4861e93d7", "src/private_key_contract.cj": "cb03bb9badc0552c2ac66dbb6bf4842559b5ea17b2aa77284e817a78d63c6e84", "src/resolver.cj": "7b2129a0e3fd4be72ad2dd6adaf0053d5de23a08214157c931d38d7627154b23", "src/tls/facade.cj": "e7d4d1be6695abeb50c9ca8490817f2ef56b9a812f5be58cf9717ec4d3992077", "src/tls/identity.cj": "055c4232b9e44ff3cc768a09f023cd7a19174f5ce0d4dc263ca675af90660d19", "src/tls/package.cj": "5afa752de915ccff3866a81b9dbd0e6d3da1df01e1ecfa7180eb42709694d2b9", "src/tls_contract.cj": "1cbeb94013b9a2b946dd731b335554340862388feadf354162a2f2320bb6dac1", "src/transport.cj": "6781aa3bf538523e02c4807eebff7ac37a773e5dc9bdb427e6a56ace3a0b7033", "src/trust.cj": "f64b49d84a58e034e3976089211f7b645b42e5bc51dbc353f2e0bcec14d17aba"}, "status": "PASS", "targetCfg": {"arch": "x86_64", "env": "gnu", "os": "Linux"}, "taskId": "M7-033"}
The valid serial compilation order is:
    wirestack -> wirestack.internal -> wirestack.internal.identity -> wirestack.internal.platform -> wirestack.internal.platform.android -> wirestack.internal.platform.apple -> wirestack.internal.platform.harmony -> wirestack.internal.platform.linux -> wirestack.internal.platform.windows -> wirestack.internal.common -> wirestack.internal.http_files -> wirestack.internal.http_model -> wirestack.internal.transport -> wirestack.internal.trust -> wirestack.internal.http2 -> wirestack.internal.resolver -> wirestack.internal.tls_engine -> wirestack.internal.connector -> wirestack.tls -> wirestack.internal.http1 -> wirestack.internal.transport_stdnet -> wirestack.net -> wirestack.http
cjpm check success
cjpm build success
--------------------------------------------------------------------------------------------------
TP: wirestack.internal.common, time elapsed: 2793653 ns, RESULT:
    TCS: EndpointTest, time elapsed: 1820741 ns, RESULT:
    [ PASSED ] CASE: acceptsTypedIpv4AndIpv6WithoutDns (259294 ns)
    [ PASSED ] CASE: addressOwnsAnImmutableOctetSnapshot (21408 ns)
    [ PASSED ] CASE: rejectsWrongLengthsAndIpv4Zones (53469 ns)
    [ PASSED ] CASE: ipv6ZoneAndPortBoundariesRemainTypedIdentity (26073 ns)
    [ PASSED ] CASE: rejectsEmptyAndOversizedIpv6Zones (35821 ns)
    TCS: HostNameTest, time elapsed: 865037 ns, RESULT:
    [ PASSED ] CASE: canonicalizesAsciiCaseAndOneRootDot (52998 ns)
    [ PASSED ] CASE: rejectsAmbiguousOrInvalidDnsNames (169256 ns)
    [ PASSED ] CASE: acceptsAsciiALabelAndExactDnsLengthBoundaries (55583 ns)
    [ PASSED ] CASE: rejectsOneByteBeyondLabelAndHostLimits (28636 ns)
Summary: TOTAL: 9
    PASSED: 9, SKIPPED: 0, ERROR: 0
    FAILED: 0
--------------------------------------------------------------------------------------------------
TP: wirestack.internal.platform.linux, time elapsed: 10770976 ns, RESULT:
    TCS: LinuxSystemTrustAdapterTest, time elapsed: 10770976 ns, RESULT:
    [ PASSED ] CASE: frozenSearchOrderCoversGlibcAndMuslLayouts (256187 ns)
    [ PASSED ] CASE: currentLinuxHostSelectsOneExplicitUsableSource (8282739 ns)
    [ PASSED ] CASE: missingCandidatesFailWithoutProviderDefaultFallback (54939 ns)
    [ PASSED ] CASE: directoryCandidateRequiresReadableHashedCertificateEntry (316524 ns)
    [ PASSED ] CASE: sourceIdentityChangesWhenSameSizeTrustContentChanges (436018 ns)
Summary: TOTAL: 5
    PASSED: 5, SKIPPED: 0, ERROR: 0
    FAILED: 0
--------------------------------------------------------------------------------------------------
TP: wirestack.tls, time elapsed: 118621378 ns, RESULT:
    TCS: PublicTlsFacadeTest, time elapsed: 88630075 ns, RESULT:
    [ PASSED ] CASE: clientBuilderRejectsReversedVersionRangeBeforeTransportIo (53193372 ns)
    [ PASSED ] CASE: serverBuilderRequiresAnIdentityBeforeTransportIo (8167966 ns)
    [ PASSED ] CASE: clientBuilderCopiesAlpnAndPublishesProviderNeutralCapabilities (8896737 ns)
    [ PASSED ] CASE: preCancelledHandshakeConsumesAndAbortsTheTransport (16774561 ns)
    TCS: TlsM8006ContractTest, time elapsed: 8782544 ns, RESULT:
    [ PASSED ] CASE: externalDecryptionRequestIsStrictlyRawRsaBoundedAndOwned (47110 ns)
    [ PASSED ] CASE: keyLogLineAcceptsOnlyBoundedNssShapeAndOwnsSecrets (64313 ns)
    [ PASSED ] CASE: clientContextRejectsExternalDecryptionBeforeHandshake (8186200 ns)
    TCS: TlsRuntimeTest, time elapsed: 21014814 ns, RESULT:
    [ PASSED ] CASE: reportsHandleFreeLinuxProviderAndBuildIdentity (11683535 ns)
    [ PASSED ] CASE: returnsDefensiveCopiesOfRuntimeInventories (8644985 ns)
Summary: TOTAL: 9
    PASSED: 9, SKIPPED: 0, ERROR: 0
    FAILED: 0
--------------------------------------------------------------------------------------------------
TP: wirestack.internal.resolver, time elapsed: 40817655 ns, RESULT:
    TCS: M2006AppleSystemResolverTest, time elapsed: 11977077 ns, RESULT:
    [ PASSED ] CASE: resolvesLocalhostThroughTheProviderNeutralContract (9601833 ns)
    [ PASSED ] CASE: fixtureReturnsAllCandidatesWithoutInventingTtl (23457 ns)
    [ PASSED ] CASE: fixtureAppliesFamilyAndResultBounds (23549 ns)
    [ PASSED ] CASE: fixtureMapsPosixFailuresAndUnknownCodes (11916 ns)
    [ PASSED ] CASE: fixtureCancellationAndDeadlineReturnBeforeNativeCleanup (13203 ns)
    [ PASSED ] CASE: newResolutionObservesNetworkGenerationChange (11698 ns)
    [ PASSED ] CASE: validatesBoundsAndRejectsUseAfterClose (122107 ns)
    [ PASSED ] CASE: fixtureBoundsAdmissionAndReleasesQueuedWorkAfterClose (18154 ns)
    TCS: M2003BoundedResolverBackendTest, time elapsed: 19481847 ns, RESULT:
    [ PASSED ] CASE: resolvesLocalhostWithBoundedMetricsAndIdempotentClose (7782424 ns)
    [ PASSED ] CASE: appliesIpv4FamilyAndRejectsUseAfterClose (9769449 ns)
    [ PASSED ] CASE: validatesPoolBounds (63799 ns)
    [ PASSED ] CASE: nativeFamilyValidationFailsClosedAndPollingBackoffIsBounded (47273 ns)
    [ PASSED ] CASE: preCancelledContextDoesNotSubmitNativeWork (171329 ns)
    [ PASSED ] CASE: delayedNativeWorkDoesNotStarveCangjieHeartbeat (20800 ns)
    [ PASSED ] CASE: cancellationCompletesPromptlyWhileNativeJobCleansUp (15651 ns)
    [ PASSED ] CASE: deadlineCompletesPromptlyWhileNativeJobCleansUp (18431 ns)
    [ PASSED ] CASE: queueAdmissionIsStrictlyBounded (15049 ns)
    TCS: ResolverContractTest, time elapsed: 659315 ns, RESULT:
    [ PASSED ] CASE: resultOwnsDeduplicatedAddressesAndDoesNotInventTtl (51046 ns)
    [ PASSED ] CASE: staticResolverFiltersFamiliesAndHonorsPreCancellation (69071 ns)
    [ PASSED ] CASE: rejectsEmptyFamilyResultAndInvalidLimits (41818 ns)
    TCS: M2002ResolverPublicContractTest, time elapsed: 1081233 ns, RESULT:
    [ PASSED ] CASE: resultOwnsAllTypedCandidatesWithoutInventingTtl (64329 ns)
    [ PASSED ] CASE: staticResolverAppliesFamilyAndResultBounds (55923 ns)
    [ PASSED ] CASE: errorsRetainStablePublicCoordinates (59908 ns)
    [ PASSED ] CASE: cancellationAndDeadlineRemainDistinct (54626 ns)
    [ PASSED ] CASE: constructorsRejectInvalidBoundsAndDiagnostics (46961 ns)
    TCS: M2004WindowsSystemResolverTest, time elapsed: 7196839 ns, RESULT:
    [ PASSED ] CASE: resolvesLocalhostThroughTheProviderNeutralContract (6258134 ns)
    [ PASSED ] CASE: fixtureReturnsAllCandidatesWithoutInventingTtl (18028 ns)
    [ PASSED ] CASE: fixtureAppliesFamilyAndResultBounds (12423 ns)
    [ PASSED ] CASE: fixtureMapsWinsockFailuresAndUnknownCodes (18839 ns)
    [ PASSED ] CASE: fixtureCancellationAndDeadlineReturnBeforeNativeCleanup (11510 ns)
    [ PASSED ] CASE: validatesBoundsAndRejectsUseAfterClose (83569 ns)
Summary: TOTAL: 31
    PASSED: 31, SKIPPED: 0, ERROR: 0
    FAILED: 0
--------------------------------------------------------------------------------------------------
TP: wirestack.internal.http1, time elapsed: 1044266401 ns, RESULT:
    TCS: HttpAutomaticHttpsClientTest, time elapsed: 7401956 ns, RESULT:
    [ PASSED ] CASE: h2NegotiationMultiplexesTenRequestsOnOneTlsConnection (3415312 ns)
    [ PASSED ] CASE: http11NegotiationFallsBackAndReusesTheAdoptedConnection (2695192 ns)
    TCS: Http1ChunkedCodecTest, time elapsed: 3045958 ns, RESULT:
    [ PASSED ] CASE: decoderStreamsDataExtensionsTrailersAndRemainder (139826 ns)
    [ PASSED ] CASE: decoderHandlesEveryBoundaryOneByteAtATime (90327 ns)
    [ PASSED ] CASE: encoderProducesCanonicalChunksAndBoundedTrailers (92242 ns)
    [ PASSED ] CASE: rejectsInvalidSizeExtensionAndTerminators (104266 ns)
    [ PASSED ] CASE: enforcesBodyChunkLineAndTrailerBounds (100698 ns)
    [ PASSED ] CASE: streamingResponseKeepsEachChunkBoundedWithoutALifetimeCeiling (224454 ns)
    [ PASSED ] CASE: rejectsForbiddenOrFoldedTrailers (107808 ns)
    [ PASSED ] CASE: eofAndPostCompletionUseFailClosedStates (67063 ns)
    [ PASSED ] CASE: decodeBatchesOwnDataAndRemainingBytes (756345 ns)
    TCS: Http1ClientConnectionTest, time elapsed: 24694410 ns, RESULT:
    [ PASSED ] CASE: expectContinueWaitsForApprovalBeforeOpeningBody (1434289 ns)
    [ PASSED ] CASE: finalRejectionBeforeContinueNeverOpensRequestBody (4252798 ns)
    [ PASSED ] CASE: continueWaitTimeoutSendsBodyUnderTheOriginalBudget (13065499 ns)
    [ PASSED ] CASE: serializesRequestsUntilBodyEofThenReusesConnection (2249367 ns)
    [ PASSED ] CASE: earlyBodyCloseClosesInsteadOfReturningConnectionForReuse (639417 ns)
    [ PASSED ] CASE: connectionCloseResponseIsNeverReusableAfterEof (1422152 ns)
    TCS: Http1CleartextClientTest, time elapsed: 2318040 ns, RESULT:
    [ PASSED ] CASE: resolvesConnectsAndReusesOnlyAfterBodyCompletion (1769469 ns)
    [ PASSED ] CASE: rejectsHttpsBeforeDnsOrPoolMutation (148177 ns)
    TCS: Http1ConnectionPoolTest, time elapsed: 5331922 ns, RESULT:
    [ PASSED ] CASE: emitsSecretFreeAcquireAndReleaseLifecycle (667892 ns)
    [ PASSED ] CASE: reusesOnlyTheSameCompleteKey (248296 ns)
    [ PASSED ] CASE: enforcesTotalPerKeyIdleAndWaiterBounds (757671 ns)
    [ PASSED ] CASE: activeWaitHonorsCancellationAndReleasesWaiterSlot (528692 ns)
    [ PASSED ] CASE: evictsExpiredAndClosedConnectionsInsteadOfReusingThem (1185897 ns)
    [ PASSED ] CASE: failedCreationRollsBackItsCapacityReservation (531985 ns)
    TCS: Http1HeadParserTest, time elapsed: 2921275 ns, RESULT:
    [ PASSED ] CASE: requestParsesIncrementallyAndReturnsBodyRemainder (296261 ns)
    [ PASSED ] CASE: oneFeedRetainsBytesAfterTheHead (135554 ns)
    [ PASSED ] CASE: responseParsesStatusReasonHeadersAndFraming (223511 ns)
    [ PASSED ] CASE: acceptsOriginAbsoluteAuthorityAndAsteriskFormsOnlyWhereValid (372746 ns)
    [ PASSED ] CASE: rejectsBareLfObsFoldAndInvalidHeaderSyntax (116050 ns)
    [ PASSED ] CASE: requiresOneValidHostAndMatchingAbsoluteAuthority (376098 ns)
    [ PASSED ] CASE: rejectsInvalidTargetVersionAndBoundViolations (115074 ns)
    [ PASSED ] CASE: completedParserCannotBeReused (99549 ns)
    TCS: Http2Streams1BenchmarkTest, time elapsed: 12874912 ns, RESULT:
    [ PASSED ] CASE: benchmarkOneConcurrentStream (12475287 ns)
    TCS: Http2Streams10BenchmarkTest, time elapsed: 47892138 ns, RESULT:
    [ PASSED ] CASE: benchmarkTenConcurrentStreams (47600365 ns)
    TCS: Http2Streams100BenchmarkTest, time elapsed: 568376572 ns, RESULT:
    [ PASSED ] CASE: benchmarkHundredConcurrentStreams (567912059 ns)
    TCS: Http1HundredConnectionBaselineTest, time elapsed: 44218748 ns, RESULT:
    [ PASSED ] CASE: benchmarkHundredConcurrentConnections (43885054 ns)
    TCS: Http2ConnectionPoolTest, time elapsed: 12024490 ns, RESULT:
    [ PASSED ] CASE: alpnPrefersH2AndFallsBackOnlyToHttp11 (32130 ns)
    [ PASSED ] CASE: oneConnectionIsSharedUntilPeerStreamCapacityIsFull (302669 ns)
    [ PASSED ] CASE: concurrentFirstUseDoesNotCreateAConnectionStampede (970927 ns)
    [ PASSED ] CASE: newConnectionIsPublishedOnlyAfterItsFirstStreamIsAdmitted (103763 ns)
    [ PASSED ] CASE: closeRacingUnpublishedAdmissionReleasesConnectionOwners (6854700 ns)
    [ PASSED ] CASE: completeSecurityKeyPreventsCrossContextReuse (304068 ns)
    [ PASSED ] CASE: drainingConnectionRetainsExistingStreamButReceivesNoNewLease (160675 ns)
    [ PASSED ] CASE: drainingConnectionWaitsForNonLocalOwnersBeforeDiscard (279872 ns)
    [ PASSED ] CASE: fullBoundedPoolHonorsOneCallerDeadline (289547 ns)
    [ PASSED ] CASE: poolCloseAbortsEverySharedConnectionExactlyOnce (246630 ns)
    TCS: Http1FramingTest, time elapsed: 1724645 ns, RESULT:
    [ PASSED ] CASE: requestUsesOneSharedEmptyLengthOrChunkedDecision (114485 ns)
    [ PASSED ] CASE: identicalContentLengthsAreAcceptedAcrossFieldsAndLists (67207 ns)
    [ PASSED ] CASE: conflictingOrInvalidContentLengthsAreRejected (132390 ns)
    [ PASSED ] CASE: contentLengthAndTransferEncodingNeverCoexist (52799 ns)
    [ PASSED ] CASE: ambiguousTransferEncodingIsRejected (194452 ns)
    [ PASSED ] CASE: responseHandlesHeadStatusesConnectAndCloseDelimiting (79141 ns)
    [ PASSED ] CASE: bodylessAndSuccessfulConnectResponsesRejectFramingFields (142593 ns)
    TCS: HttpConnectionPoolKeyTest, time elapsed: 476595 ns, RESULT:
    [ PASSED ] CASE: canonicalOriginProducesStableEqualityAndHash (34186 ns)
    [ PASSED ] CASE: everySecurityAndRouteDimensionPartitionsReuse (33708 ns)
    [ PASSED ] CASE: refusesIncompletePartitionIdentities (19507 ns)
    TCS: Http1ProxyClientPipelineTest, time elapsed: 7533001 ns, RESULT:
    [ PASSED ] CASE: dynamicConnectCredentialsNeverReuseAnAuthenticatedTunnel (4316773 ns)
    [ PASSED ] CASE: rejectedConnectDrainsClosesAndReturnsStructuredNonRetryableFailure (2715177 ns)
    TCS: Http1RequestWriterTest, time elapsed: 5589011 ns, RESULT:
    [ PASSED ] CASE: twoStageWriterDoesNotOpenBodyBeforeExplicitCommit (833511 ns)
    [ PASSED ] CASE: writesFixedBodyThroughPartialTransportOperations (655693 ns)
    [ PASSED ] CASE: streamsUnknownLengthBodyAsCanonicalChunks (680971 ns)
    [ PASSED ] CASE: rejectsDeclaredMismatchBeforeWritingAnything (177859 ns)
    [ PASSED ] CASE: fixedBodyLimitRejectsBeforeConsumingOrCommittingRequest (234389 ns)
    [ PASSED ] CASE: prematureBodyEofRetainsPartialCommitEvidence (662276 ns)
    [ PASSED ] CASE: emptyFramingProbesSourceInsteadOfDroppingUnexpectedBytes (250893 ns)
    TCS: Http1ResponseReaderTest, time elapsed: 10942399 ns, RESULT:
    [ PASSED ] CASE: explicitUpgradeTransfersOnlyAMatching101Protocol (1009183 ns)
    [ PASSED ] CASE: mismatchedUpgradeResponseFailsClosed (827558 ns)
    [ PASSED ] CASE: explicitConnectTransfersBufferedTunnelBytesAndTransportOwnership (718911 ns)
    [ PASSED ] CASE: failedConnectRemainsAnHttpResponseAndClosesAfterBody (757723 ns)
    [ PASSED ] CASE: readsInterimAndFixedResponseWithoutBufferingTheBody (641428 ns)
    [ PASSED ] CASE: received4xxAnd5xxRemainHttpResponses (1083650 ns)
    [ PASSED ] CASE: decodesChunkedResponseAndPublishesTrailerAtEof (667848 ns)
    [ PASSED ] CASE: closeDelimitedBodyCompletesOnlyAtTransportEof (509206 ns)
    [ PASSED ] CASE: chunkedStreamingResponseMayExceedThePerSegmentBodyBound (581087 ns)
    [ PASSED ] CASE: prematureFixedBodyEofAbandonsResponseExactlyOnce (555341 ns)
    [ PASSED ] CASE: rejectsImplicitUpgradeAndConnectTransportTransfer (1102417 ns)
    TCS: Http1SerializerTest, time elapsed: 2214001 ns, RESULT:
    [ PASSED ] CASE: clientRequestAddsHostAndUsesOriginForm (140464 ns)
    [ PASSED ] CASE: forwardProxyRequestUsesAbsoluteFormAndOriginHost (134977 ns)
    [ PASSED ] CASE: requestPreservesOrderedMultipleFieldsAndLengthFraming (114466 ns)
    [ PASSED ] CASE: requestRejectsMissingDuplicateOrMismatchedHost (114596 ns)
    [ PASSED ] CASE: responseSerializesStatusAndUsesSharedFraming (67521 ns)
    [ PASSED ] CASE: responseRejectsInjectionAndForbiddenBodyFraming (81994 ns)
    [ PASSED ] CASE: writerHandlesPartialTransportWritesUnderOneContext (167719 ns)
    [ PASSED ] CASE: serializedBytesAreDefensiveCopies (103960 ns)
    TCS: Http1ServerConnectionTest, time elapsed: 8497029 ns, RESULT:
    [ PASSED ] CASE: serializesTwoKeepAliveExchanges (3511531 ns)
    [ PASSED ] CASE: unreadRequestBodyForcesConnectionCloseAfterResponse (974390 ns)
    [ PASSED ] CASE: handlerFailureProducesBounded500AndCloses (623257 ns)
    [ PASSED ] CASE: rejectedHandoffReleasesSessionOwnershipExactlyOnce (877155 ns)
    [ PASSED ] CASE: selectedUpgradeOfferTransfersBufferedSessionBytes (585617 ns)
    TCS: Http1ServerRequestReaderTest, time elapsed: 17164404 ns, RESULT:
    [ PASSED ] CASE: streamsFixedRequestBodyWithoutReadingPastItsLength (416293 ns)
    [ PASSED ] CASE: rejectsOversizedFixedRequestBeforeReadingItsBody (470666 ns)
    [ PASSED ] CASE: decodesChunkedRequestAndPublishesTrailer (871920 ns)
    [ PASSED ] CASE: sendsContinueOnlyWhenHandlerStartsReadingTheBody (12774502 ns)
    [ PASSED ] CASE: rejectingWithoutReadingNeverSendsContinue (1571086 ns)
    TCS: Http1ServerTest, time elapsed: 27344788 ns, RESULT:
    [ PASSED ] CASE: shutdownAbortsConnectionBlockedInsideTlsHandshake (6882304 ns)
    [ PASSED ] CASE: acceptSideTlsHookOwnsConnectionAndClosesAfterShutdown (1385918 ns)
    [ PASSED ] CASE: gracefulShutdownStopsAcceptAfterCompletedConnection (830314 ns)
    [ PASSED ] CASE: expiredShutdownAbortsBlockedConnectionAndReturnsBoundedly (7204853 ns)
    [ PASSED ] CASE: connectionLimitPreventsSecondAcceptUntilCapacityReturns (9874372 ns)
    TCS: Http1ServerResponseWriterTest, time elapsed: 4580672 ns, RESULT:
    [ PASSED ] CASE: writesFixedResponseThroughPartialTransportOperations (555317 ns)
    [ PASSED ] CASE: streamsChunkedResponseAndTrailer (919689 ns)
    [ PASSED ] CASE: chunkedStreamingResponseMayExceedThePerSegmentBodyBound (664578 ns)
    [ PASSED ] CASE: headResponseNeverTransfersRepresentationBytes (79392 ns)
    [ PASSED ] CASE: closeDelimitedResponseRequiresConnectionClose (272321 ns)
    [ PASSED ] CASE: rejectsKnownLengthMismatchBeforeCommittingHead (76314 ns)
    TCS: Http1SmugglingCorpusTest, time elapsed: 82704655 ns, RESULT:
    [ PASSED ] CASE: clientAndServerFramingRejectTheSameAmbiguousHeaderCorpus (2545623 ns)
    [ PASSED ] CASE: identicalLengthsAndOneFinalChunkedCodingRemainUnambiguous (533488 ns)
    [ PASSED ] CASE: rejectsWhitespaceTargetAndProxyDifferentialCorpus (653250 ns)
    [ PASSED ] CASE: rejectsMalformedChunkAndTrailerCorpusAtInputOrEof (169249 ns)
    [ PASSED ] CASE: everyAcceptedSingleByteMutationHasACanonicalReparse (69262599 ns)
    [ PASSED ] CASE: chunkedMutationsHaveDeterministicBoundedTerminals (3119683 ns)
    [ PASSED ] CASE: validHeadParsesAtEveryTransportSplitBoundary (4833108 ns)
    TCS: Http1HttpsClientTest, time elapsed: 5364405 ns, RESULT:
    [ PASSED ] CASE: partitionsHandshakesAndReusesHttpsAfterBodyCompletion (3630197 ns)
    [ PASSED ] CASE: zeroLengthConnectionCloseDoesNotWaitForTlsPeerShutdown (1302620 ns)
    TCS: Http1TlsServerTest, time elapsed: 135410041 ns, RESULT:
    [ PASSED ] CASE: alpnServerRejectsAClientWithNoSharedHttpProtocol (59226473 ns)
    [ PASSED ] CASE: automaticClientOffersH2FirstAndFallsBackToServerHttp11 (22267013 ns)
    [ PASSED ] CASE: requiredMutualTlsCarriesAuthenticatedHttp1Exchange (26599132 ns)
    [ PASSED ] CASE: realAwsLcHandshakeCarriesOneHttp1Exchange (25022176 ns)
Summary: TOTAL: 122
    PASSED: 119, SKIPPED: 3, ERROR: 0
    FAILED: 0
--------------------------------------------------------------------------------------------------
TP: wirestack.internal.tls_engine, time elapsed: 33267899798 ns, RESULT:
    TCS: TlsConnectionTest, time elapsed: 111034607 ns, RESULT:
    [ PASSED ] CASE: handshakeTransfersOwnershipAndPlaintextIoUsesTheEngine (3642912 ns)
    [ PASSED ] CASE: oneReadAndOneWriteMayOverlapButSecondReadFailsImmediately (2841191 ns)
    [ PASSED ] CASE: handshakeFailureAbortsTransportAndReleasesEngineExactlyOnce (79211 ns)
    [ PASSED ] CASE: expiredHandshakeDeadlineStillConsumesAndAbortsBothInputs (82718 ns)
    [ PASSED ] CASE: ioFailureAbortsAndRepeatedTerminalCallsDoNotReleaseTwice (712464 ns)
    [ PASSED ] CASE: unsupportedHalfCloseDoesNotMutateAnOpenConnection (125994 ns)
    [ PASSED ] CASE: concurrentCloseAndAbortReleaseUnderlyingResourcesOnce (16510073 ns)
    [ PASSED ] CASE: gracefulCloseSendsAndProcessesCloseNotifyBeforeReleasingResources (288591 ns)
    [ PASSED ] CASE: tcpEofDuringGracefulCloseRetainsTruncationAndStillReleasesEverything (151566 ns)
    [ PASSED ] CASE: expiredCloseBudgetStillClosesTransportAndReleasesEngine (129125 ns)
    [ PASSED ] CASE: abortNeverAttemptsTlsShutdownAndRetainsLocalAbortEvidence (71536 ns)
    [ PASSED ] CASE: cancelledCloseReleasesEngineWhenImmediateAbortCallbackThrows (179085 ns)
    [ PASSED ] CASE: tcpEofDuringApplicationReadRetainsTruncationBeforeAbort (461449 ns)
    [ PASSED ] CASE: peerCloseNotifyProducesEofEvidenceAndRejectsNewApplicationWrites (492019 ns)
    [ PASSED ] CASE: closeDeadlineExpiresWhileAnExistingBackgroundReadOwnsPumpAdmission (20992444 ns)
    [ PASSED ] CASE: closeCancellationInterruptsAnExistingBackgroundReadWithinTheBound (600597 ns)
    [ PASSED ] CASE: closeCancellationDoesNotWaitBehindAnExistingCiphertextWrite (715459 ns)
    [ PASSED ] CASE: peerWaitingGracefulCloseStaysBoundedByTheCallerBudget (58563169 ns)
    [ PASSED ] CASE: peerWaitingGracefulCloseCompletesWithinItsBudget (191113 ns)
    TCS: Net06TlsTransportCleanupGateTest, time elapsed: 1955731 ns, RESULT:
    [ PASSED ] CASE: failedHandshakesDisposeEngineAndTransportExactlyOnce (1629165 ns)
    TCS: TlsContextTest, time elapsed: 5842289 ns, RESULT:
    [ PASSED ] CASE: linuxCapabilitiesAreExplicitAndNeverInferredFromProviderNames (19840 ns)
    [ PASSED ] CASE: defaultSystemTrustFailsAtBuildUntilLinuxAdapterIsAvailable (202257 ns)
    [ PASSED ] CASE: modernClientContextIsImmutableAndConcurrentShareable (839204 ns)
    [ PASSED ] CASE: strictTls13RejectsAnyTls12Override (269942 ns)
    [ PASSED ] CASE: missingTls13AndHttp2CapabilitiesFailBeforeHandshake (195998 ns)
    [ PASSED ] CASE: alpnRejectsEmptyAndDuplicateProtocolNames (377079 ns)
    [ PASSED ] CASE: serverRequiresServerIdentityAndMtlSTrustAtBuildTime (1103948 ns)
    [ PASSED ] CASE: clientIdentityCapabilityIsValidatedAtBuildTime (877807 ns)
    TCS: TlsEnginePumpTest, time elapsed: 375844459 ns, RESULT:
    [ PASSED ] CASE: awsLcClientEngineProducesAClientHelloWithoutSocketIo (43225062 ns)
    [ PASSED ] CASE: strictTls13PolicyIsAcceptedByTheNativeEngine (149483 ns)
    [ PASSED ] CASE: LinuxSystemTrustLoadsExplicitlyAndSniStaysSeparateFromReferenceIdentity (23406256 ns)
    [ PASSED ] CASE: customRootChainIsLoadedIntoARealAwsLcClientEngine (629503 ns)
    [ PASSED ] CASE: spkiPinPolicyConfiguresTheNativeVerificationPathBeforeHandshake (331994 ns)
    [ PASSED ] CASE: matchingSpkiPinCompletesARealClientServerHandshake (13077515 ns)
    [ PASSED ] CASE: matchingSpkiPinDoesNotBypassReferenceIdentityVerification (14891047 ns)
    [ PASSED ] CASE: realAwsLcEnginesExchangeCloseNotifyInBothDirections (12727228 ns)
    [ PASSED ] CASE: handshakeInfoReportsNegotiatedAlpnPeerChainAndVerificationEvidence (14039493 ns)
    [ PASSED ] CASE: tls13TicketResumesAcrossFreshEnginesWithoutEarlyData (15795156 ns)
    [ PASSED ] CASE: tls12TicketResumesAcrossFreshEngines (18018244 ns)
    [ PASSED ] CASE: sniSelectsTheCompleteImmutableContextAndItsCertificate (18213158 ns)
    [ PASSED ] CASE: sniSelectorRejectsMissingAndUnknownNamesWithStableEvidence (25358216 ns)
    [ PASSED ] CASE: noSharedAlpnFailsTheHandshakeInsteadOfSilentlySelectingNothing (9271922 ns)
    [ PASSED ] CASE: requiredMutualTlsUsesClientIdentityAndReturnsServerVerificationEvidence (14547076 ns)
    [ PASSED ] CASE: requiredMutualTlsRejectsMissingClientIdentityButOptionalAllowsIt (15699276 ns)
    [ PASSED ] CASE: mismatchedSpkiPinFailsARealClientServerHandshake (13048053 ns)
    [ PASSED ] CASE: externalSignerCompletesARealHandshakeOutsideTheNativeCallback (24690797 ns)
    [ PASSED ] CASE: externalSignerExceptionFailsClosedWithoutCrossingTheCAbi (12403214 ns)
    [ PASSED ] CASE: cancellationBeforeSignerInvocationFailsThePendingNativeOperation (12704595 ns)
    [ PASSED ] CASE: tls12ContextVersionsPartitionRealClientAndServerSessions (29826621 ns)
    [ PASSED ] CASE: tls13ContextVersionsPartitionRealClientAndServerTickets (36380604 ns)
    [ PASSED ] CASE: pumpHandlesWantReadWriteAndPartialIoWithBoundedBuffers (93854 ns)
    [ PASSED ] CASE: wantWriteWithoutCiphertextFailsInsteadOfSpinning (132564 ns)
    [ PASSED ] CASE: eofDuringWantReadRetainsTlsHandshakeEvidence (124262 ns)
    [ PASSED ] CASE: preCancellationStopsBeforeCallingProviderOrTransport (157893 ns)
    [ PASSED ] CASE: expiredDeadlineStopsBeforeCallingProviderOrTransport (145708 ns)
    TCS: LocalIdentityTest, time elapsed: 7401828 ns, RESULT:
    [ PASSED ] CASE: pkcs8InputIsExactBoundedAndZeroizable (965783 ns)
    [ PASSED ] CASE: pkcs8FileAdapterReadsOneBoundedRegularFile (860564 ns)
    [ PASSED ] CASE: localIdentityValidatesLeafKeyMatchAndHasStablePublicIdentity (2747365 ns)
    [ PASSED ] CASE: mismatchedCertificateAndPrivateKeyFailAtIdentityBuild (1144206 ns)
    [ PASSED ] CASE: externalSignerAndSystemHandleShareOneOpaqueKeyContract (370925 ns)
    [ PASSED ] CASE: duplicateSignerAlgorithmsAndMismatchedSpkiFailAtBuild (340288 ns)
    TCS: M3028TlsFuzzTest, time elapsed: 32761229501 ns, RESULT:
    [ PASSED ] CASE: recordMutationsHaveDeterministicTypedTerminals (12700128265 ns)
    [ PASSED ] CASE: handshakeMutationsHaveDeterministicTypedTerminals (12519434393 ns)
    [ PASSED ] CASE: certificateAdapterMutationsHaveDeterministicTypedTerminals (7540411991 ns)
    TCS: TlsM8006ContextTest, time elapsed: 2037615 ns, RESULT:
    [ PASSED ] CASE: sessionPartitionsRetainOnlyTheMatchingContextVersion (47708 ns)
    [ PASSED ] CASE: decryptorRequiresProviderCapabilityAndRsaExternalIdentity (1386092 ns)
    [ PASSED ] CASE: keyLogSinkRequiresExplicitProviderCapability (99730 ns)
    TCS: TlsProviderSubstitutionTest, time elapsed: 1105225 ns, RESULT:
    [ PASSED ] CASE: testProviderUsesTheProductionFactoryContract (459014 ns)
    [ PASSED ] CASE: objectsFromDifferentProviderInstancesCannotMix (217906 ns)
    [ PASSED ] CASE: activeEngineRetainsProviderUntilItCloses (22186 ns)
    TCS: TlsSessionStoreTest, time elapsed: 402742 ns, RESULT:
    [ PASSED ] CASE: boundedLruExpiryAndSingleUseAreDeterministic (36842 ns)
    [ PASSED ] CASE: everySecurityPartitionDimensionPreventsReuse (57139 ns)
Summary: TOTAL: 72
    PASSED: 72, SKIPPED: 0, ERROR: 0
    FAILED: 0
--------------------------------------------------------------------------------------------------
TP: wirestack.internal.trust, time elapsed: 43626371 ns, RESULT:
    TCS: HostnameVerifierTest, time elapsed: 1702676 ns, RESULT:
    [ PASSED ] CASE: exactDnsAndAsciiIdnaALabelMatchCaseInsensitively (226821 ns)
    [ PASSED ] CASE: wildcardMatchesExactlyOneLeftmostLabelOnly (103481 ns)
    [ PASSED ] CASE: invalidOrOverbroadWildcardsAreRejectedAtCertificateBoundary (59349 ns)
    [ PASSED ] CASE: dnsAndIpReferenceIdentitiesNeverCrossMatch (56142 ns)
    [ PASSED ] CASE: subjectAlternativeNameCountIsHardBounded (69101 ns)
    TCS: M3028HostnameFuzzTest, time elapsed: 40078650 ns, RESULT:
    [ PASSED ] CASE: hostnameMutationsHaveDeterministicTypedTerminals (39825580 ns)
    TCS: TrustPolicyTest, time elapsed: 1660009 ns, RESULT:
    [ PASSED ] CASE: nativeX509ParserAcceptsOneExactDerObjectAndRejectsTrailingBytes (461520 ns)
    [ PASSED ] CASE: certificateAndChainLimitsFailBeforeUnboundedParsingOrCopying (280865 ns)
    [ PASSED ] CASE: everyTrustPolicyHasAStableContentIdentityAndNoTrustAllState (326853 ns)
    [ PASSED ] CASE: pinAlgorithmAndScopeAreExplicitAndMalformedPinsFail (29588 ns)
Summary: TOTAL: 10
    PASSED: 10, SKIPPED: 0, ERROR: 0
    FAILED: 0
--------------------------------------------------------------------------------------------------
TP: wirestack.internal.connector, time elapsed: 14052242 ns, RESULT:
    TCS: AttemptPlanTest, time elapsed: 1732257 ns, RESULT:
    [ PASSED ] CASE: alternatesFamiliesAndPreservesFamilyOrder (278106 ns)
    [ PASSED ] CASE: firstFamilyControlsPreferenceAndDuplicatesAreRemoved (38918 ns)
    [ PASSED ] CASE: distinctIpv6ZonesAreNotDeduplicated (50725 ns)
    [ PASSED ] CASE: rejectsEmptyCandidatesAndNegativeDelay (48426 ns)
    TCS: HappyEyeballsConnectorTest, time elapsed: 10475757 ns, RESULT:
    [ PASSED ] CASE: emitsCompleteDnsAttemptAndConnectedLifecycle (627072 ns)
    [ PASSED ] CASE: blackholedFirstCandidateIsCancelledAndJoinedBeforeReturn (6964580 ns)
    [ PASSED ] CASE: ipv6FirstSuccessSkipsLaterIpv4Attempt (242184 ns)
    [ PASSED ] CASE: simultaneousSuccessKeepsOneWinnerAndAbortsEveryLoser (223308 ns)
    [ PASSED ] CASE: allFailuresAreJoinedAndRetainedAsDiagnostics (129518 ns)
    [ PASSED ] CASE: preCancelledParentStartsNeitherDnsNorAttempts (60369 ns)
    [ PASSED ] CASE: parentCancellationAfterSuccessPreventsWinnerPublication (139101 ns)
    [ PASSED ] CASE: deadlineAtSuccessBoundaryPreventsWinnerPublication (141358 ns)
    TCS: ConnectionRouteTest, time elapsed: 1603239 ns, RESULT:
    [ PASSED ] CASE: directRouteRetainsItsLocalOriginResolver (121737 ns)
    [ PASSED ] CASE: explicitProxySeparatesOriginAndProxyDns (84075 ns)
    [ PASSED ] CASE: typedIpTargetsNeverCarryResolvers (86770 ns)
    [ PASSED ] CASE: rejectsDelegatedDnsWithoutAnOwningProxyAndInvalidConnectTargets (83160 ns)
    [ PASSED ] CASE: networkAndTlsParametersAreBoundedAndOwned (438732 ns)
Summary: TOTAL: 17
    PASSED: 17, SKIPPED: 0, ERROR: 0
    FAILED: 0
--------------------------------------------------------------------------------------------------
TP: wirestack.http, time elapsed: 13739623110 ns, RESULT:
    TCS: RequestBodyTest, time elapsed: 1745926 ns, RESULT:
    [ PASSED ] CASE: byteBodiesOwnInputAndReplayWithIndependentOffsets (260668 ns)
    [ PASSED ] CASE: emptyAndUtf8StringBodiesHaveExactLengths (32965 ns)
    [ PASSED ] CASE: oneShotBodyCanOnlyBeClaimedOnce (48156 ns)
    [ PASSED ] CASE: factoryMustReturnTheDeclaredLengthAndMismatchIsClosed (21202 ns)
    [ PASSED ] CASE: closedStreamRejectsFurtherReads (32087 ns)
    [ PASSED ] CASE: fileBodyStreamsAndReopensWithoutEagerReads (153401 ns)
    [ PASSED ] CASE: fileBodyRejectsOversizeAndChangesBeforeOpen (113478 ns)
    TCS: HttpClientExtensionsTest, time elapsed: 49499231 ns, RESULT:
    [ PASSED ] CASE: nativeCookiesAndServiceHooksSurviveThrowingPoolObservers (37767910 ns)
    [ PASSED ] CASE: mismatchedUpgradePairingsNeverOpenConnections (182531 ns)
    [ PASSED ] CASE: unavailableServerPushClosesTheOwnedResponse (10858764 ns)
    TCS: HttpCookieJarTest, time elapsed: 255587840 ns, RESULT:
    [ PASSED ] CASE: cookieSerializesStandardMetadataWithoutInventingBrowserPolicy (43698 ns)
    [ PASSED ] CASE: hostOnlyAndDomainCookiesDoNotLeakAcrossDnsBoundaries (454791 ns)
    [ PASSED ] CASE: bundledPublicSuffixRulesProtectRegistrableBoundariesByDefault (732239 ns)
    [ PASSED ] CASE: defaultPathAndPathMatchUseDirectoryAndSlashBoundaries (135631 ns)
    [ PASSED ] CASE: maxAgeTakesPrecedenceAndNonPositiveValuesDeleteTheIdentity (313659 ns)
    [ PASSED ] CASE: secureMetadataControlsTransportAndHttpOnlyDoesNotChangeWireSelection (123894 ns)
    [ PASSED ] CASE: valuedSecureAttributeCannotLeakCookiesToCleartext (55801 ns)
    [ PASSED ] CASE: cleartextOriginsCannotCreateOrOverlaySecureCookies (600202 ns)
    [ PASSED ] CASE: cleartextQuotaFloodCannotEvictSecureIdentityAndInstallReplacement (348035 ns)
    [ PASSED ] CASE: allSecureQuotaRejectsCleartextInsertionsFromBothStorageEntrypoints (198693 ns)
    [ PASSED ] CASE: rejectsHeaderInjectionAndInvalidCookieOctetsBeforeStorage (231526 ns)
    [ PASSED ] CASE: capacityHeaderBoundsAndReplacementRemainDeterministic (225313 ns)
    [ PASSED ] CASE: removalClearAndSnapshotsExposeOnlyLiveImmutableCookies (124225 ns)
    [ PASSED ] CASE: concurrentStoresAndReadsRemainRaceFreeAndBounded (1945162 ns)
    [ PASSED ] CASE: boundedSetCookieMutationsPreserveScopeAndHeaderSafety (247331811 ns)
    TCS: Http1DeterministicFuzzTest, time elapsed: 9523240 ns, RESULT:
    [ PASSED ] CASE: acceptedUrlMutationsRoundTripToOneCanonicalIdentity (5448439 ns)
    [ PASSED ] CASE: acceptedNoProxyMutationsRemainDeterministicAcrossTargets (2991419 ns)
    [ PASSED ] CASE: proxyAuthorizationMutationCannotInjectBeforeDnsOrConnect (395848 ns)
    TCS: HttpErrorTest, time elapsed: 657917 ns, RESULT:
    [ PASSED ] CASE: publicGetMapsInvalidUrlWithoutNetworkSideEffects (185791 ns)
    [ PASSED ] CASE: classifierProvidesStableHttpFailureCodes (60985 ns)
    TCS: HttpFacadeTest, time elapsed: 867551233 ns, RESULT:
    [ PASSED ] CASE: requestCancellationOutlivesCompletedParentWhileTransferredPushStalls (79425797 ns)
    [ PASSED ] CASE: cancellationWrapperPreservesProtocolCompletionPolicy (108417 ns)
    [ PASSED ] CASE: typedCancellationHandlesAreScopedIdempotentAndStopBeforeNetworkIo (3038248 ns)
    [ PASSED ] CASE: publicHttp1ConnectionHandleCancelsBodyAndLeavesClientReusable (8822686 ns)
    [ PASSED ] CASE: publicHttp2StreamAndConnectionHandlesRespectTheirScopes (123084023 ns)
    [ PASSED ] CASE: publicHttp2SlowStreamCannotStarveOneTenOrHundredSiblings (213052905 ns)
    [ PASSED ] CASE: tlsHttp2StreamLimitIsAppliedAcrossConcurrentPublicRequests (31270028 ns)
    [ PASSED ] CASE: tlsFacadeNegotiatesHttp2AndMapsBodyTrailersAndResponse (47770493 ns)
    [ PASSED ] CASE: explicitResolverConnectsPublicClientAndServer (2351069 ns)
    [ PASSED ] CASE: defaultSystemResolverConnectsPublicClientAndServer (265878506 ns)
    [ PASSED ] CASE: clientFollowsOriginRelativeRedirectEndToEnd (3829917 ns)
    [ PASSED ] CASE: clientRetriesOneTemporaryDnsFailureWithinTheSameDeadline (3029785 ns)
    [ PASSED ] CASE: forwardProxyUsesAbsoluteFormIndependentDnsAndHookCredentials (3167312 ns)
    [ PASSED ] CASE: serverBuilderRequiresEndpointAndHandler (72391 ns)
    [ PASSED ] CASE: tlsServerConfigFailsClosedBeforeBinding (211625 ns)
    [ PASSED ] CASE: followedHttp2RedirectClosesUnclaimedPushBeforeClientTeardown (78366965 ns)
    TCS: Http2ConcurrentResponseBodyTest, time elapsed: 48824174 ns, RESULT:
    [ PASSED ] CASE: twoPublicHttp2BodiesCompleteIndependently (48496742 ns)
    TCS: FileHandlerTest, time elapsed: 19638874 ns, RESULT:
    [ PASSED ] CASE: confinedDownloadRejectsTraversalAndSymlinkWhileOpenBodyOutlivesHandler (6587069 ns)
    [ PASSED ] CASE: uploadPublishesOneCompleteBinaryFileAndNeverPublishesRejectedMultipart (11576864 ns)
    [ PASSED ] CASE: uploadCommitChecksContextAfterDurabilityBeforePublication (505347 ns)
    TCS: HttpMessageTest, time elapsed: 1699989 ns, RESULT:
    [ PASSED ] CASE: requestFactoriesProduceImmutableProtocolNeutralModels (119928 ns)
    [ PASSED ] CASE: responseEofCompletesObserverExactlyOnce (46069 ns)
    [ PASSED ] CASE: earlyCloseAbandonsObserverExactlyOnce (57290 ns)
    [ PASSED ] CASE: readFailureClosesAndAbandonsTheBody (43169 ns)
    [ PASSED ] CASE: emptyDestinationDoesNotMistakeNoProgressForEof (20505 ns)
    [ PASSED ] CASE: boundedDrainCompletesOnlyWhenEofIsProven (31892 ns)
    [ PASSED ] CASE: invalidSourceProgressFailsClosed (30464 ns)
    [ PASSED ] CASE: responseRejectsInvalidStatusAndReason (46164 ns)
    TCS: MultipartTest, time elapsed: 6256858136 ns, RESULT:
    [ PASSED ] CASE: writerStreamsExactBinaryFramingAndReplaysIndependently (403752 ns)
    [ PASSED ] CASE: boundarySeparatorsRoundtripThroughContentTypeAndBody (1878006 ns)
    [ PASSED ] CASE: readerPreservesBinaryWhenEveryDelimiterIsSplitAcrossReads (850511 ns)
    [ PASSED ] CASE: closingPartDiscardsOnlyThatPartAndReleasesNextPart (936350 ns)
    [ PASSED ] CASE: malformedAndConfiguredLimitsCloseOwnedSource (276303 ns)
    [ PASSED ] CASE: partCountLimitRejectsBeforeParsingUnboundedAdditionalMetadata (295348 ns)
    [ PASSED ] CASE: boundedDeterministicWireMutationsAreChunkIndependent (6246595254 ns)
    [ PASSED ] CASE: deterministicMutationHarnessEnforcesSmallLimitsAndOwnedClosure (3941158 ns)
    TCS: HttpModelTest, time elapsed: 2025701 ns, RESULT:
    [ PASSED ] CASE: methodSupportsStandardAndExtensionTokens (25837 ns)
    [ PASSED ] CASE: headersPreserveOrderAndMultipleValues (44527 ns)
    [ PASSED ] CASE: headersOwnTheirInputAndOutputArrays (26155 ns)
    [ PASSED ] CASE: builderSetAndRemoveUseCaseInsensitiveNames (39322 ns)
    [ PASSED ] CASE: rejectsInjectionAndInvalidNames (88044 ns)
    [ PASSED ] CASE: enforcesCountLineAndTotalLimits (63902 ns)
    [ PASSED ] CASE: urlNormalizesSchemeHostAndDefaultTarget (32304 ns)
    [ PASSED ] CASE: urlPreservesExplicitPortPathAndQuery (27402 ns)
    [ PASSED ] CASE: urlRequiresBracketedIpv6AndKeepsQueryOnlyTargetValid (19838 ns)
    [ PASSED ] CASE: urlRejectsAmbiguousAndUnsafeInputs (110819 ns)
    [ PASSED ] CASE: trailerRejectsRoutingAndFramingFields (294284 ns)
    TCS: HttpProxyPolicyTest, time elapsed: 1333975 ns, RESULT:
    [ PASSED ] CASE: noProxyMatchesDnsBoundariesAndOptionalPorts (256463 ns)
    [ PASSED ] CASE: noProxyMatchesTypedIpLiteralsExactlyAndWildcardExplicitly (148728 ns)
    [ PASSED ] CASE: endpointsRetainDnsIpv4AndIpv6RouteIdentity (29534 ns)
    [ PASSED ] CASE: routeSelectionUsesNoProxyWithoutCallingAuthorizationHook (76154 ns)
    [ PASSED ] CASE: rejectsAmbiguousNoProxyPatternsAndEndpointPorts (56438 ns)
    TCS: HttpRedirectPolicyTest, time elapsed: 2187626 ns, RESULT:
    [ PASSED ] CASE: rewritesPostOn302AndRemovesBodyHeaders (201403 ns)
    [ PASSED ] CASE: noFollowPreservesRedirectResponse (46991 ns)
    [ PASSED ] CASE: stripsSensitiveHeadersOnlyAcrossOrigins (144661 ns)
    [ PASSED ] CASE: rejectsDowngradeLimitAndOneShotReplay (330656 ns)
    [ PASSED ] CASE: resolvesSchemeRelativeAndQueryOnlyLocations (162337 ns)
    [ PASSED ] CASE: resolvesRelativePathsAndRemovesDotSegments (223190 ns)
    TCS: HttpRetryPolicyTest, time elapsed: 1245803 ns, RESULT:
    [ PASSED ] CASE: retriesOnlyIdempotentReplayableStructuredFailures (136467 ns)
    [ PASSED ] CASE: explicitSafetyAllowsPostButDisabledAndOneShotFailClosed (124784 ns)
    [ PASSED ] CASE: cancellationDeadlineUnknownAndNeverAreNotRetried (116393 ns)
    [ PASSED ] CASE: goAwayRetriesOnlyDefinitelyUnprocessedSafeReplayableRequests (72788 ns)
    TCS: Http1SseStreamingProfileTest, time elapsed: 3007109703 ns, RESULT:
    [ PASSED ] CASE: http1StreamsWithoutLifetimeAccumulationAndCancels (3006832810 ns)
    TCS: Http2SseStreamingProfileTest, time elapsed: 3032100443 ns, RESULT:
    [ PASSED ] CASE: http2StreamsWithoutLifetimeAccumulationAndPreservesSibling (3031810103 ns)
    TCS: M2005SystemResolverTest, time elapsed: 10368880 ns, RESULT:
    [ PASSED ] CASE: resolvesLocalhostThroughThePublicContract (8524964 ns)
    [ PASSED ] CASE: fixtureReturnsAllCandidatesAndDoesNotInventTtl (73043 ns)
    [ PASSED ] CASE: fixtureAppliesFamilyAndResultBounds (33825 ns)
    [ PASSED ] CASE: fixtureMapsStableErrorsAndRetainsNativeEvidence (14838 ns)
    [ PASSED ] CASE: fixtureCancellationAndDeadlineReturnBeforeNativeCleanup (14196 ns)
    [ PASSED ] CASE: validatesBoundsAndRejectsUseAfterClose (373005 ns)
    TCS: WebSocketHandshakeTest, time elapsed: 38956285 ns, RESULT:
    [ PASSED ] CASE: nativeHttp1UpgradeTransfersFramesAndClosesSession (4176308 ns)
    [ PASSED ] CASE: nativeHttp2ExtendedConnectKeepsSiblingRequestsUsable (33960709 ns)
    TCS: WebSocketConnectionTest, time elapsed: 129478751 ns, RESULT:
    [ PASSED ] CASE: fragmentedUtf8AndAutomaticPongSurviveOneByteTransportReads (205277 ns)
    [ PASSED ] CASE: preCancelledSendPerformsNoIoAndLeavesUntouchedSessionHealthy (129562 ns)
    [ PASSED ] CASE: fragmentedMessageBoundRejectsBeforeWritingAndPreservesProgression (136075 ns)
    [ PASSED ] CASE: roleMaskingAndNonCanonicalLengthFailClosedWithProtocolStatus (224239 ns)
    [ PASSED ] CASE: fragmentedTextRejectsInvalidContinuationAtTheMessageBoundary (154078 ns)
    [ PASSED ] CASE: gracefulCloseEchoesStatusAndCompletesBothOwners (181046 ns)
    [ PASSED ] CASE: handshakeCryptoMatchesRfcVectorAndReturnsCanonicalFreshKeyShape (60406 ns)
    [ PASSED ] CASE: framePayloadIsOwnedAndCloseInputIsStrict (47168 ns)
    [ PASSED ] CASE: boundedDeterministicWireMutationsAreSplitInvariantAndFailClosed (126976750 ns)
Summary: TOTAL: 114
    PASSED: 111, SKIPPED: 3, ERROR: 0
    FAILED: 0
--------------------------------------------------------------------------------------------------
TP: wirestack.internal.transport_stdnet, time elapsed: 211726461 ns, RESULT:
    TCS: StdNetTransportListenerTest, time elapsed: 91923464 ns, RESULT:
    [ PASSED ] CASE: listenerRejectsOutOfRangeBacklogBeforeBinding (338489 ns)
    [ PASSED ] CASE: listenerPreCancelledAndExpiredAcceptsFailFast (586044 ns)
    [ PASSED ] CASE: listenerDeadlineBoundsBlockedAcceptAndListenerRemainsUsable (37406397 ns)
    [ PASSED ] CASE: listenerCancellationWakesActiveAcceptAndListenerRemainsUsable (40107822 ns)
    [ PASSED ] CASE: listenerCloseWakesActiveAcceptWithStructuredErrorAndIsIdempotent (10872755 ns)
    TCS: M123TransportDiagnosticsTest, time elapsed: 962168 ns, RESULT:
    [ PASSED ] CASE: stdNetReportsRuntimeEndpointsAndCapabilitiesWithoutGuessingIoBackend (434703 ns)
    [ PASSED ] CASE: deterministicTransportUsesTheSameProviderNeutralContract (52053 ns)
    TCS: M127BackgroundFastPathTest, time elapsed: 34610477 ns, RESULT:
    [ PASSED ] CASE: backgroundAndObservedPathsTransferEquivalentData (245627 ns)
    [ PASSED ] CASE: backgroundPeerCloseRemainsEof (172830 ns)
    [ PASSED ] CASE: backgroundLocalCloseRaceRemainsClosed (1231526 ns)
    [ PASSED ] CASE: backgroundStillRejectsConcurrentReaders (1316629 ns)
    [ PASSED ] CASE: cancellableAndDeadlineContextsRetainGenericChecks (238714 ns)
    [ PASSED ] CASE: deadlineTimeoutIsClearedBeforeBackgroundRead (30361598 ns)
    TCS: Net06CancellationGateTest, time elapsed: 7551427 ns, RESULT:
    [ PASSED ] CASE: cancelledReadsReleaseSocketsWaitersAndTasks (7024071 ns)
    TCS: StdNetTransportTest, time elapsed: 73384979 ns, RESULT:
    [ PASSED ] CASE: writeSomeIsPartialAndReusesBoundedConnectionStaging (400199 ns)
    [ PASSED ] CASE: wholeArrayReadAndWriteBypassStagingForATypicalTlsRecord (2048374 ns)
    [ PASSED ] CASE: subrangesRetainBoundedStagingAndCopyAccounting (168181 ns)
    [ PASSED ] CASE: connectsByResolvedIpAndTransfersBothDirections (184048 ns)
    [ PASSED ] CASE: emptyOperationsAreImmediate (130812 ns)
    [ PASSED ] CASE: unsupportedHalfClosePreservesBothDirections (407064 ns)
    [ PASSED ] CASE: cancellationAbortRemainsNativeOwnerAfterLaterClose (1422075 ns)
    [ PASSED ] CASE: listenerCloseWakesBlockedAcceptAsClosed (1096325 ns)
    [ PASSED ] CASE: cancellingOneAcceptLeavesListenerReusable (29230609 ns)
    [ PASSED ] CASE: preCancelledConnectDoesNotCreateASocket (43318 ns)
    [ PASSED ] CASE: peerGracefulCloseIsReportedAsEof (165659 ns)
    [ PASSED ] CASE: deadlineBoundsBlockedReadWithoutClosingConnection (30322707 ns)
    [ PASSED ] CASE: localCloseMapsBlockedReadWithStableEvidence (1244137 ns)
    [ PASSED ] CASE: explicitAbortWakesBlockedReadWithStableEvidence (1205508 ns)
    [ PASSED ] CASE: gracefulNativeCloseRemainsGracefulAfterLaterAbort (211107 ns)
    [ PASSED ] CASE: explicitAbortRemainsNativeOwnerAfterLaterClose (178909 ns)
    [ PASSED ] CASE: unknownConnectFailureMapsWithoutMessageOrNativeCode (143502 ns)
    [ PASSED ] CASE: concurrentReadsFailWithoutDisturbingTheActiveRead (1198007 ns)
    [ PASSED ] CASE: happyEyeballsComposesWithTheDefaultStdNetFactory (374862 ns)
Summary: TOTAL: 50
    PASSED: 33, SKIPPED: 17, ERROR: 0
    FAILED: 0
--------------------------------------------------------------------------------------------------
TP: wirestack.internal.http2, time elapsed: 4008607817 ns, RESULT:
    TCS: Http2ClientConnectionTest, time elapsed: 164750550 ns, RESULT:
    [ PASSED ] CASE: encodedHeaderFailureClosesTheConnection (1406635 ns)
    [ PASSED ] CASE: tenConcurrentRequestsShareOneConnectionAndMapOutOfOrderResponses (2350719 ns)
    [ PASSED ] CASE: claimedStreamsPublishInitialHeadersInStreamIdOrder (1396950 ns)
    [ PASSED ] CASE: cancelledUnpublishedStreamDoesNotBlockNextClaim (1694978 ns)
    [ PASSED ] CASE: declaredLengthDoesNotReleaseStreamBeforeWireEndStream (1604006 ns)
    [ PASSED ] CASE: streamsRequestBodyThroughFlowControlledDataAndEndsLocallyOnce (1673091 ns)
    [ PASSED ] CASE: peerResetFailsOnlyItsStreamAndConnectionRemainsUsable (1184042 ns)
    [ PASSED ] CASE: peerGoAwayDrainsConnectionWithoutFailingAcceptedStream (1029531 ns)
    [ PASSED ] CASE: connectedStreamOutlivesHandshakeCancellationAndUsesOperationContexts (1241660 ns)
    [ PASSED ] CASE: contextlessHalfCloseDoesNotWaitForBlockedConnectionWriter (1473988 ns)
    [ PASSED ] CASE: halfCloseOrdersEndAfterAdmittedFlowControlledWrite (11321349 ns)
    [ PASSED ] CASE: gracefulCloseOrdersEndAfterAdmittedFlowControlledWrite (9988085 ns)
    [ PASSED ] CASE: gracefulCloseDeadlineStopsAdmittedFlowControlledWrite (110463929 ns)
    [ PASSED ] CASE: queuedHalfCloseCancellationDoesNotWaitForConnectionWriter (10037962 ns)
    [ PASSED ] CASE: rejectedConnectReturnsFullResponseAndClosesRequestDirection (1362596 ns)
    [ PASSED ] CASE: enabledPushAttachesBoundedCallerDrivenResponses (1212860 ns)
    TCS: Http2ClientMappingTest, time elapsed: 4400008 ns, RESULT:
    [ PASSED ] CASE: requestMapsOrderedPseudoFieldsAuthorityAndSensitiveHeaders (96969 ns)
    [ PASSED ] CASE: connectUsesOnlyMethodAndAuthorityPseudoFields (51477 ns)
    [ PASSED ] CASE: connectStreamMappingKeepsBothDataDirectionsOpen (151728 ns)
    [ PASSED ] CASE: requestRejectsAuthorityFramingAndConnectionAmbiguity (238858 ns)
    [ PASSED ] CASE: requestHeaderListHonorsHttp2BoundsBeforeHpackMutation (56974 ns)
    [ PASSED ] CASE: requestBodyProvesEofBeforeOneTerminalTrailerBlock (118984 ns)
    [ PASSED ] CASE: requestBodyRejectsPrematureEofAndConfiguredOverflow (106733 ns)
    [ PASSED ] CASE: responseMapsInformationalFinalDataAndTrailersInOrder (187726 ns)
    [ PASSED ] CASE: responseRejectsPseudoOrderCaseAndConnectionFieldsAsStreamErrors (125435 ns)
    [ PASSED ] CASE: responseRejectsInvalidStatusAndTooManyInformationalHeads (199032 ns)
    [ PASSED ] CASE: responseContentLengthMustMatchExactlyAtEndStream (230937 ns)
    [ PASSED ] CASE: streamingResponseMayExceedTheConfiguredRequestBodyBound (43218 ns)
    [ PASSED ] CASE: bodylessAndConnectResponseRulesAreExplicit (137282 ns)
    [ PASSED ] CASE: responseTrailersRequireFinalEndStreamAndRegularAllowedFields (152638 ns)
    [ PASSED ] CASE: promisedRequestValidationPrecedesApplicationPolicy (169901 ns)
    TCS: Http2ClientPushOwnershipTest, time elapsed: 1464128 ns, RESULT:
    [ PASSED ] CASE: resetLostOfferIsClosedAndNextOfferRemainsDeliverable (278573 ns)
    [ PASSED ] CASE: parentCancellationStopsTransferredStalledBodyWithoutCancellingIndependentSibling (366177 ns)
    [ PASSED ] CASE: expiredParentAbsoluteDeadlineStillGovernsTransferredBodyAfterHeaders (180077 ns)
    TCS: Http2ConformanceTest, time elapsed: 8938384 ns, RESULT:
    [ PASSED ] CASE: invalidFrameOrderMatrixFailsAtConnectionScope (326233 ns)
    [ PASSED ] CASE: continuationSequenceCompletesOnlyOnEndHeaders (175644 ns)
    [ PASSED ] CASE: rstStreamAndGoAwayRaceCompletesOwnerOnceAndCleansRegistrations (7879451 ns)
    TCS: Http2ConnectionStateMachineTest, time elapsed: 7080933 ns, RESULT:
    [ PASSED ] CASE: clientStartEmitsMagicAndSettingsThenPeerSettingsOpens (38250 ns)
    [ PASSED ] CASE: serverConsumesIncrementalMagicBeforeItsFirstSettings (50395 ns)
    [ PASSED ] CASE: invalidOrIncompletePrefaceFailsOnceWithProtocolEvidence (52081 ns)
    [ PASSED ] CASE: firstPeerFrameMustBeNonAcknowledgementSettings (40032 ns)
    [ PASSED ] CASE: openConnectionAppliesSettingsAndCompletesHeaderBlocks (38459 ns)
    [ PASSED ] CASE: peerGoAwayDrainsAndMayOnlyNarrowItsBoundary (53771 ns)
    [ PASSED ] CASE: localDrainUsesProcessedPeerBoundaryAndNeverIncreases (49434 ns)
    [ PASSED ] CASE: racingFinishTransitionsAndPublishesCompletionExactlyOnce (5784856 ns)
    TCS: Http2DeterministicFuzzTest, time elapsed: 10935107 ns, RESULT:
    [ PASSED ] CASE: frameParserDeterministicMutationCorpusStaysBounded (6272089 ns)
    [ PASSED ] CASE: hpackDecoderDeterministicMutationCorpusFailsClosed (3433584 ns)
    [ PASSED ] CASE: protocolLimitBoundaryMutationsRejectOversizedInputs (60075 ns)
    TCS: Http2FlowControllerTest, time elapsed: 3580333548 ns, RESULT:
    [ PASSED ] CASE: windowUpdateCodecIgnoresReservedBitAndRejectsZeroByScope (41105 ns)
    [ PASSED ] CASE: reservationsRespectConnectionStreamAndPeerFrameCredit (54227 ns)
    [ PASSED ] CASE: settingsShrinkPausesReservedDataAndCancellationReleasesIt (48952 ns)
    [ PASSED ] CASE: streamWindowUpdateWakesAReservedPermitAfterSettingsShrink (43916 ns)
    [ PASSED ] CASE: concurrentTryReserveNeverOvercommitsOneStream (273667 ns)
    [ PASSED ] CASE: receiveCreditReturnsOnlyAfterApplicationConsumption (65098 ns)
    [ PASSED ] CASE: smallReceiveReadsCoalesceWindowUpdates (170935 ns)
    [ PASSED ] CASE: stalledConnectionCreditFlushesOnceWithoutChangingSmallReadCoalescing (38705 ns)
    [ PASSED ] CASE: leastRecentlyServedStreamsReceiveCreditBeforeThePreviousOwner (3577380323 ns)
    [ PASSED ] CASE: connectionSendWindowIsSharedAcrossStreams (40146 ns)
    [ PASSED ] CASE: connectionAndStreamWindowViolationsHaveCorrectScope (40520 ns)
    [ PASSED ] CASE: settingsAndWindowOverflowFailAtomically (56290 ns)
    [ PASSED ] CASE: streamCleanupCancelsPermitsAndRestoresOnlyConnectionReceiveCredit (33087 ns)
    [ PASSED ] CASE: dataAccountingUsesTheEntireFramePayload (25751 ns)
    TCS: Http2FrameCodecTest, time elapsed: 1333809 ns, RESULT:
    [ PASSED ] CASE: everyRequiredFrameEnvelopeRoundTrips (154002 ns)
    [ PASSED ] CASE: parserAcceptsEverySingleByteBoundaryAndMultipleFrames (76883 ns)
    [ PASSED ] CASE: incompleteInputStaysBoundedUntilCompletion (26030 ns)
    [ PASSED ] CASE: oversizedFrameFailsBeforePayloadBufferingAndParserBecomesTerminal (38638 ns)
    [ PASSED ] CASE: reservedBitIsIgnoredOnReadAndClearedOnWrite (22696 ns)
    [ PASSED ] CASE: unknownFramesAndFlagsRoundTripWithoutInterpretation (24709 ns)
    [ PASSED ] CASE: transportWriterHandlesRepeatedPartialWrites (38573 ns)
    TCS: Http2FrameModelTest, time elapsed: 1238052 ns, RESULT:
    [ PASSED ] CASE: frameAndErrorCodesRoundTripIncludingExtensions (39891 ns)
    [ PASSED ] CASE: streamIdentifierIgnoresReservedBitAndKeepsThirtyOneBits (12738 ns)
    [ PASSED ] CASE: limitsAreExplicitAndFrameSizeIsBounded (47525 ns)
    [ PASSED ] CASE: fixedFrameShapesAndStreamScopesAreValidated (73907 ns)
    [ PASSED ] CASE: settingsRejectInvalidProtocolValuesButRetainExtensions (43696 ns)
    [ PASSED ] CASE: unknownFlagsAndFramesRemainForwardCompatible (18049 ns)
    TCS: Http2GoAwayManagerTest, time elapsed: 6129373 ns, RESULT:
    [ PASSED ] CASE: peerBoundaryRetiresOnlyDefinitelyUnprocessedStreams (212123 ns)
    [ PASSED ] CASE: narrowingBoundaryWakesEachNewlyExcludedOwnerExactlyOnce (116798 ns)
    [ PASSED ] CASE: localDrainQueuesGoAwayAndStopsAdmissionBeforeWriterRuns (91038 ns)
    [ PASSED ] CASE: fabricatedReceiveResultCannotDrainAnOpenCoordinator (79612 ns)
    [ PASSED ] CASE: racingAdmissionAndGoAwayNeverLeavesAnExcludedStreamActive (4624967 ns)
    TCS: Http2HeaderBlockAssemblerTest, time elapsed: 1081567 ns, RESULT:
    [ PASSED ] CASE: sameStreamContinuationsAssembleInExactOrder (40564 ns)
    [ PASSED ] CASE: continuationWithoutStartWrongStreamAndInterleavingFailConnection (54899 ns)
    [ PASSED ] CASE: paddingAndPriorityOverheadAreExcludedFromHeaderBytes (22524 ns)
    [ PASSED ] CASE: pushPromiseRetainsPromisedStreamAndFragmentOnly (21048 ns)
    [ PASSED ] CASE: invalidPaddingPriorityAndSelfDependencyFailClosed (48924 ns)
    [ PASSED ] CASE: accumulatedCompressedBytesHaveOneHardLimit (27150 ns)
    TCS: Http2ConnectionHealthTest, time elapsed: 795453 ns, RESULT:
    [ PASSED ] CASE: pingCodecAndConnectionAckPreserveOpaqueBytes (47592 ns)
    [ PASSED ] CASE: idleProbeIsSingleOutstandingAndMatchingAckRestoresHealth (164651 ns)
    [ PASSED ] CASE: ordinaryActivityDefersIdleProbeWithoutAllocatingATimer (41044 ns)
    TCS: Http2ConnectionCloserTest, time elapsed: 1708291 ns, RESULT:
    [ PASSED ] CASE: gracefulCloseSendsGoAwayWaitsForStreamAndClosesTransportOnce (156885 ns)
    [ PASSED ] CASE: expiredCloseAbortsActiveStreamsWithoutStartingGracefulIo (95302 ns)
    [ PASSED ] CASE: racingShorterDeadlineUpgradesInFlightGracefulCloseToOneAbort (125717 ns)
    [ PASSED ] CASE: concurrentGracefulCallersShareOneTerminalResultAndTransportClose (323104 ns)
    [ PASSED ] CASE: failedGracefulTransportCloseFallsBackToOneAbort (137962 ns)
    TCS: HpackBlockTest, time elapsed: 2610107 ns, RESULT:
    [ PASSED ] CASE: rfcRequestBlocksDecodeWithSharedDynamicState (91566 ns)
    [ PASSED ] CASE: encoderMatchesFirstRfcHuffmanRequestExample (104134 ns)
    [ PASSED ] CASE: literalModesPreserveNeverIndexedAndOnlyIncrementalMutatesTable (196187 ns)
    [ PASSED ] CASE: tableSizeUpdateMustLeadBlockAndRespectAllowedMaximum (52213 ns)
    [ PASSED ] CASE: headerCountListAndCompressedLimitsFailClosed (935909 ns)
    [ PASSED ] CASE: peerCapacityUpdateIsEmittedBeforeHeaders (69868 ns)
    TCS: HpackCoreTest, time elapsed: 1515815 ns, RESULT:
    [ PASSED ] CASE: rfcIntegerVectorsEncodeAndDecodeExactly (38866 ns)
    [ PASSED ] CASE: integerRejectsTruncationOverflowAndInvalidPrefix (64892 ns)
    [ PASSED ] CASE: rawStringRoundTripsAndOwnsItsBytes (50153 ns)
    [ PASSED ] CASE: stringLengthLimitAndTruncationFailBeforeCopy (89641 ns)
    [ PASSED ] CASE: staticTableMatchesRfcBoundariesAndRepresentativeEntries (41420 ns)
    [ PASSED ] CASE: everyStaticEntryHasBoundedRfcAccounting (152656 ns)
    TCS: HpackDynamicTableTest, time elapsed: 1970849 ns, RESULT:
    [ PASSED ] CASE: newestEntryUsesIndexSixtyTwoAndOlderEntriesShift (53256 ns)
    [ PASSED ] CASE: exactRfcAccountingEvictsOldestEntriesFirst (118459 ns)
    [ PASSED ] CASE: oversizedEntryClearsTheEntireTableWithoutInsertion (21102 ns)
    [ PASSED ] CASE: capacityShrinkEvictsImmediatelyAndPeerLimitIsHard (33854 ns)
    [ PASSED ] CASE: withoutIndexingNeverIndexedAndSensitiveNeverEnterState (72106 ns)
    [ PASSED ] CASE: staticAndDynamicSearchReturnCanonicalLowestIndexes (234251 ns)
    [ PASSED ] CASE: zeroCapacityRetainsNoEntries (20622 ns)
    TCS: HpackHuffmanTest, time elapsed: 2360500 ns, RESULT:
    [ PASSED ] CASE: rfcRequestExamplesEncodeAndDecodeExactly (138270 ns)
    [ PASSED ] CASE: everyOctetRoundTripsWithinAnExplicitBound (1047776 ns)
    [ PASSED ] CASE: huffmanStringLiteralUsesFlagAndSharedBounds (77501 ns)
    [ PASSED ] CASE: eosInvalidPaddingAndTruncatedPrefixFailClosed (63776 ns)
    [ PASSED ] CASE: decodedAndEncodedOutputLimitsApplyBeforeGrowth (79644 ns)
    TCS: Http2ConnectionReaderTest, time elapsed: 9588695 ns, RESULT:
    [ PASSED ] CASE: oneReaderDecodesEveryByteBoundaryAndDispatchesInWireOrder (1180655 ns)
    [ PASSED ] CASE: serverConsumesMagicAndFirstFrameFromTheSameRead (931651 ns)
    [ PASSED ] CASE: eofDuringPrefaceOrFrameFailsAndWakesEveryStream (2264565 ns)
    [ PASSED ] CASE: invalidTransportProgressAndHandlerFailureBecomeTerminal (785884 ns)
    [ PASSED ] CASE: readerLoopCanOnlyBeClaimedOnce (906469 ns)
    [ PASSED ] CASE: terminationRegistryIsBoundedRemovableAndExactlyOnce (1459406 ns)
    [ PASSED ] CASE: readerRegistryReservesOneListenerBeyondTheStreamLimit (139186 ns)
    TCS: Http2ServerMappingTest, time elapsed: 8490940 ns, RESULT:
    [ PASSED ] CASE: requestHeadMapsPseudoFieldsHostAndContentLength (170480 ns)
    [ PASSED ] CASE: connectAndOptionsTargetsAreMappedStrictly (196642 ns)
    [ PASSED ] CASE: requestRejectsPseudoOrderCaseConnectionAndAuthorityAmbiguity (133098 ns)
    [ PASSED ] CASE: paddedDataReturnsAllFlowCreditAndPublishesTrailers (141580 ns)
    [ PASSED ] CASE: requestQueueIsBoundedBeforeFlowAccountingMutates (85772 ns)
    [ PASSED ] CASE: terminalLengthMismatchDoesNotConsumeFlowWindow (119955 ns)
    [ PASSED ] CASE: responseHeadersBodyFlowAndTrailersMapInOrder (531431 ns)
    [ PASSED ] CASE: streamingResponseMayExceedTheConfiguredRequestBodyBound (833062 ns)
    [ PASSED ] CASE: responseRulesCloseBodiesOnEveryTerminalOrFailurePath (78768 ns)
    [ PASSED ] CASE: handlerRunsOnceAndReleasesRequestOwnership (119637 ns)
    [ PASSED ] CASE: invalidDuplexResponseReleasesPreServeHandoffExactlyOnce (4605768 ns)
    TCS: Http2ServerPushLifecycleTest, time elapsed: 162519952 ns, RESULT:
    [ PASSED ] CASE: largePushDoesNotDelayParentHeadersUntilPushCreditReturns (86219133 ns)
    [ PASSED ] CASE: cancelledPushReleasesItsWorkerSlotForTheNextParent (53958680 ns)
    [ PASSED ] CASE: crossOriginPushIsRejectedAndItsResponseIsClosedBeforeAnyOffer (3786320 ns)
    [ PASSED ] CASE: parentResetWhileWaitingForPushSlotIsRevalidatedBeforeReservation (7858548 ns)
    [ PASSED ] CASE: resetOfBlockedPushDoesNotBlockReaderOrReleaseWorkerSlotEarly (4037860 ns)
    [ PASSED ] CASE: blockingHeaderOnlyBodyCloseDoesNotDelayInboundReset (2130431 ns)
    [ PASSED ] CASE: duplexHandlerReturnAbortsBothStreamDirections (2146197 ns)
    TCS: Http2SettingsTest, time elapsed: 1788872 ns, RESULT:
    [ PASSED ] CASE: codecPreservesKnownUnknownAndRepeatedSettingsInOrder (36226 ns)
    [ PASSED ] CASE: peerBatchAppliesAtomicallyAndReturnsAckAndWindowDelta (28130 ns)
    [ PASSED ] CASE: invalidPeerBatchLeavesEffectiveStateUnchanged (52104 ns)
    [ PASSED ] CASE: localBatchesAreAcknowledgedInFifoOrder (37625 ns)
    [ PASSED ] CASE: unexpectedAckAndPendingBatchOverflowFailClosed (41167 ns)
    [ PASSED ] CASE: advertisedResourceValuesAreCappedByLocalPolicy (28282 ns)
    [ PASSED ] CASE: settingsFrameLengthAndAckPayloadAreRejectedByFrameLayer (51878 ns)
    [ PASSED ] CASE: peerDefaultsAreRfcValuesCappedSeparatelyFromLocalAdvertisement (55527 ns)
    [ PASSED ] CASE: clientPushAdvertisementUsesItsOwnFiniteAdmissionBound (20443 ns)
    [ PASSED ] CASE: serverEnablePushSettingIsRejectedInBothDirections (39220 ns)
    TCS: Http2StreamLifecycleTest, time elapsed: 3433864 ns, RESULT:
    [ PASSED ] CASE: bothEndStreamOrdersReachClosedExactlyOnce (30954 ns)
    [ PASSED ] CASE: initialEndStreamHalfClosesTheInitiatingSide (23822 ns)
    [ PASSED ] CASE: clientAndServerAllocateCorrectMonotonicParity (30742 ns)
    [ PASSED ] CASE: peerParityReuseAndDecreasingIdsFailConnection (60742 ns)
    [ PASSED ] CASE: localAndPeerConcurrencyLimitsAreIndependentAndCapacityReturns (72134 ns)
    [ PASSED ] CASE: invalidHalfClosedDirectionsAndUnknownStreamsFailClosed (91632 ns)
    [ PASSED ] CASE: readerTerminationClosesAndUnregistersEveryActiveStream (74891 ns)
    [ PASSED ] CASE: racingAdmissionNeverExceedsConfiguredBoundOrDuplicatesIds (658164 ns)
    [ PASSED ] CASE: racingEndDirectionsCompleteAndCleanupExactlyOnce (874274 ns)
    TCS: Http2StreamResetManagerTest, time elapsed: 6310014 ns, RESULT:
    [ PASSED ] CASE: rstCodecPreservesKnownAndExtensionCodes (143014 ns)
    [ PASSED ] CASE: localCancelQueuesResetAndReleasesOnlyItsStream (181440 ns)
    [ PASSED ] CASE: peerResetCancelsQueuedDataPermitsAndWakesOwnerOnce (129993 ns)
    [ PASSED ] CASE: resetWakesBlockedServerBodyWithoutClosingConnection (181284 ns)
    [ PASSED ] CASE: racingLocalAndPeerResetCompletesEveryStreamExactlyOnce (4139369 ns)
    [ PASSED ] CASE: queuePressureIsAtomicAndCleanupCreditStaysBoundedForRetry (152657 ns)
    TCS: Http2WriteSchedulerTest, time elapsed: 14669878 ns, RESULT:
    [ PASSED ] CASE: controlPrecedesDataAndPartialWritesDrainGracefully (141629 ns)
    [ PASSED ] CASE: controlBurstIsBoundedAndDataStreamsRotateFairly (499655 ns)
    [ PASSED ] CASE: queueCountAndBytesAreHardAndCancellationReleasesCapacity (150616 ns)
    [ PASSED ] CASE: concurrentProducersStillUseExactlyOneWriter (6203491 ns)
    [ PASSED ] CASE: abortInterruptsActiveWriteAndFailsEveryTicket (1232800 ns)
    [ PASSED ] CASE: transportFailureFansOutAndTicketWaitHonorsCancellation (202477 ns)
    [ PASSED ] CASE: reservedDataConsumesFlowOnlyWhenTheWriterClaimsIt (74744 ns)
    [ PASSED ] CASE: serverDataEventTransfersItsPermitBeforeWriterClaim (58558 ns)
    [ PASSED ] CASE: cancellingQueuedReservedDataReturnsAllFlowCapacity (46598 ns)
    [ PASSED ] CASE: admittedHeaderBatchSurvivesResetDuringPartialFirstWrite (156873 ns)
    [ PASSED ] CASE: unstartedEncodedHeaderBatchIsIrrevocableAfterAdmission (74055 ns)
    [ PASSED ] CASE: largeHeaderBatchRemainsContiguousPastControlBurstLimit (356770 ns)
    [ PASSED ] CASE: failedHeaderBatchAdmissionTerminatesScheduler (59832 ns)
    [ PASSED ] CASE: concurrentHeaderBatchesStayContiguousOnTheWire (1037671 ns)
Summary: TOTAL: 182
    PASSED: 182, SKIPPED: 0, ERROR: 0
    FAILED: 0
--------------------------------------------------------------------------------------------------
TP: wirestack.internal.transport, time elapsed: 231383872 ns, RESULT:
    TCS: ByteSpanTest, time elapsed: 4451594 ns, RESULT:
    [ PASSED ] CASE: defaultsCoverWholeArrayAndEmptyArray (554698 ns)
    [ PASSED ] CASE: sliceAndAdvanceKeepTheOriginalArray (94170 ns)
    [ PASSED ] CASE: mutableViewWritesThroughAndConvertsWithoutCopying (35092 ns)
    [ PASSED ] CASE: permitsBoundaryEmptyRanges (30373 ns)
    [ PASSED ] CASE: rejectsEveryOutOfRangeShape (131497 ns)
    TCS: CancellationTest, time elapsed: 59235181 ns, RESULT:
    [ PASSED ] CASE: cancelIsOneWayAndCallbacksRunExactlyOnce (210488 ns)
    [ PASSED ] CASE: unregisterIsIdempotentAndPreventsPendingCallback (41228 ns)
    [ PASSED ] CASE: alreadyCancelledRegistrationRunsSynchronouslyOnce (31222 ns)
    [ PASSED ] CASE: noneTokenRemainsUsableAndNotCancelled (26350 ns)
    [ PASSED ] CASE: oneFailingCallbackDoesNotBlockOtherWaiters (62634 ns)
    [ PASSED ] CASE: concurrentCancelClaimsEveryCallbackExactlyOnce (28577683 ns)
    [ PASSED ] CASE: registrationRacingCancellationStillRunsExactlyOnce (26550519 ns)
    [ PASSED ] CASE: unregisterRacingCancellationIsAtMostOnce (1505098 ns)
    [ PASSED ] CASE: callbackMayReenterCancellationAndRegistrationWithoutDeadlock (62859 ns)
    TCS: OperationCompletionTest, time elapsed: 38952384 ns, RESULT:
    [ PASSED ] CASE: completionCleansEveryResourceBeforeTheWinnerCallback (62358 ns)
    [ PASSED ] CASE: unregisterAndLateRegistrationHaveExplicitTerminalSemantics (46291 ns)
    [ PASSED ] CASE: cleanupCapacityIsPositiveAndHardBounded (115163 ns)
    [ PASSED ] CASE: cleanupFailuresAndReentrancyCannotBlockTerminalProgress (185155 ns)
    [ PASSED ] CASE: winnerExceptionDoesNotReopenTheCompletion (159783 ns)
    [ PASSED ] CASE: cleanupCountPropertyHoldsAcrossEveryConfiguredOccupancy (678514 ns)
    [ PASSED ] CASE: concurrentTerminalCallersHaveOneWinner (5683708 ns)
    [ PASSED ] CASE: registrationRacingCompletionIsAlwaysCleanedOnce (25722170 ns)
    [ PASSED ] CASE: unregisterRacingCompletionRunsCleanupAtMostOnce (2711993 ns)
    TCS: DeadlineTest, time elapsed: 934214 ns, RESULT:
    [ PASSED ] CASE: remainingUsesTheInjectedMonotonicClock (41190 ns)
    [ PASSED ] CASE: remainingClampsAtZeroAfterExpiry (16002 ns)
    [ PASSED ] CASE: childCanShortenButNeverExtendParent (21205 ns)
    [ PASSED ] CASE: zeroAndExpiredChildrenCannotExtendTheParent (20894 ns)
    [ PASSED ] CASE: rejectsNegativeDurations (35136 ns)
    TCS: TransportLifecycleTest, time elapsed: 6765284 ns, RESULT:
    [ PASSED ] CASE: connectingAndAcceptedPathsReachOpenOnlyInOrder (20327 ns)
    [ PASSED ] CASE: halfCloseIsDirectionalIdempotentAndConvergesOnClosing (60860 ns)
    [ PASSED ] CASE: gracefulCloseIsIdempotentAndCompletesOnlyFromClosing (32262 ns)
    [ PASSED ] CASE: abortAndFailReachEveryNonTerminalStateWithoutOverwritingTerminalEvidence (119197 ns)
    [ PASSED ] CASE: illegalTransitionsHaveStableCodesAndDoNotMutateState (211031 ns)
    [ PASSED ] CASE: closingAndTerminalStatesRejectDataOperationsWithClosedCode (138212 ns)
    [ PASSED ] CASE: operationClaimsAllowDuplexButRejectSameDirectionConcurrency (43737 ns)
    [ PASSED ] CASE: everyTerminalModeReleasesRegisteredResourcesExactlyOnce (46825 ns)
    [ PASSED ] CASE: racingTerminalTransitionsRetainOneWinnerAndOneCleanup (4468316 ns)
    [ PASSED ] CASE: terminalCleanupMayReenterAndItsRegistryRemainsBounded (50567 ns)
    TCS: M124TransportRaceTest, time elapsed: 38550403 ns, RESULT:
    [ PASSED ] CASE: readCloseReleasesBlockedOperationAndDrainsWaiter (8402867 ns)
    [ PASSED ] CASE: writeAbortReleasesBlockedOperationAndDrainsWaiter (9489975 ns)
    [ PASSED ] CASE: successAndCancelOrderingsCompleteOnceWithoutDataLeak (19769355 ns)
    TCS: MemoryTransportListenerTest, time elapsed: 50884932 ns, RESULT:
    [ PASSED ] CASE: rejectsInvalidListenerAndSchedulerBounds (132395 ns)
    [ PASSED ] CASE: listenerDeliversConnectionsInFifoOrderAndBoundsBacklog (411811 ns)
    [ PASSED ] CASE: schedulerDefersDeliveryAndReleasesFailedReservations (194792 ns)
    [ PASSED ] CASE: schedulerRunsMultipleConnectionsInStableFifoOrder (98869 ns)
    [ PASSED ] CASE: cancellationWakesAcceptWithoutClosingListener (7597309 ns)
    [ PASSED ] CASE: deadlineBoundsBlockedAcceptWithoutClosingListener (29855134 ns)
    [ PASSED ] CASE: closeWakesAcceptAndAbortsOwnedConnectionsIdempotently (10267389 ns)
    TCS: MemoryTransportTest, time elapsed: 2463566 ns, RESULT:
    [ PASSED ] CASE: pairTransfersPartialDataInBothDirections (85212 ns)
    [ PASSED ] CASE: emptyBuffersReturnZeroWithoutProducingEofOrPeerData (38559 ns)
    [ PASSED ] CASE: writeShutdownProducesPeerEofAfterBufferedData (37618 ns)
    [ PASSED ] CASE: readShutdownMakesPeerWritesFailAsBrokenPipe (56540 ns)
    [ PASSED ] CASE: cancelledBeforeOperationHasNoDataSideEffect (55975 ns)
    [ PASSED ] CASE: closeAndAbortAreIdempotentAndTerminal (54434 ns)
    [ PASSED ] CASE: cancellationWakesABlockedRead (92960 ns)
    [ PASSED ] CASE: closeWakesABlockedLocalRead (77513 ns)
    [ PASSED ] CASE: writeShutdownWakesABlockedLocalWrite (76480 ns)
    [ PASSED ] CASE: boundedBackpressureResumesAfterPeerReads (145060 ns)
    [ PASSED ] CASE: expiredDeadlineFailsBeforeAnyWrite (26437 ns)
    TCS: NetworkErrorTest, time elapsed: 672380 ns, RESULT:
    [ PASSED ] CASE: retainsStableClassificationAndEndpointEvidence (27597 ns)
    [ PASSED ] CASE: retainsLocalEndpointCauseAndOptionalDefaults (35867 ns)
    [ PASSED ] CASE: caughtErrorRetainsUnixEndpointBytesNativeCodeAndCause (38972 ns)
    [ PASSED ] CASE: pathnameRejectsNulWhileAbstractRetainsIt (21864 ns)
    TCS: OperationContextTest, time elapsed: 1016990 ns, RESULT:
    [ PASSED ] CASE: backgroundHasNoDeadlineCancellationOrTrace (14809 ns)
    [ PASSED ] CASE: derivedContextsRetainEventSinkAndSinkFailuresAreIsolated (39320 ns)
    [ PASSED ] CASE: derivedContextRetainsCancellationAndTrace (27021 ns)
    [ PASSED ] CASE: derivationHelpersChangeOnlyTheirNamedField (47004 ns)
    [ PASSED ] CASE: earlierDeadlineCannotBeExtended (14200 ns)
    [ PASSED ] CASE: traceIdentifiersAreBoundedAndNonEmpty (43752 ns)
    TCS: ScriptedTransportTest, time elapsed: 24753629 ns, RESULT:
    [ PASSED ] CASE: rejectsUnboundedOrInvalidScripts (78697 ns)
    [ PASSED ] CASE: shortReadAndWriteStepsAreConsumedInOrder (71051 ns)
    [ PASSED ] CASE: emptyIoDoesNotConsumeScriptAndEofIsExplicit (50340 ns)
    [ PASSED ] CASE: resetTerminatesTransportAtInjectedPhase (73628 ns)
    [ PASSED ] CASE: failurePreservesCoordinatesWithoutTerminatingTransport (38738 ns)
    [ PASSED ] CASE: virtualWaiterReleasesBlockedOperationsInFifoOrder (13424816 ns)
    [ PASSED ] CASE: cancellationWinsAReleaseRaceAndCleansWaiter (9882460 ns)
    TCS: TransportHelperTest, time elapsed: 1159312 ns, RESULT:
    [ PASSED ] CASE: writeAllHandlesPartialWritesAndEmptyInput (31653 ns)
    [ PASSED ] CASE: readExactHandlesPartialReads (21469 ns)
    [ PASSED ] CASE: readExactClassifiesPrematureEof (60609 ns)
    [ PASSED ] CASE: emptyHelpersDoNotCallTransport (12269 ns)
    [ PASSED ] CASE: invalidProgressFailsOnceWithoutSpinning (66769 ns)
    [ PASSED ] CASE: cancellationAfterPartialProgressPropagatesWithoutRestart (83643 ns)
    [ PASSED ] CASE: absoluteDeadlineExpiresAcrossPartialRetries (38971 ns)
Summary: TOTAL: 83
    PASSED: 83, SKIPPED: 0, ERROR: 0
    FAILED: 0
--------------------------------------------------------------------------------------------------
TP: wirestack.net, time elapsed: 1593177413 ns, RESULT:
    TCS: DnsClientWireTest, time elapsed: 976515423 ns, RESULT:
    [ PASSED ] CASE: publicQueryAndLookupUseRealUdpAndRetainAbsoluteCacheExpiry (2779856 ns)
    [ PASSED ] CASE: publicQueryEncodesEveryModeledRecordType (8499906 ns)
    [ PASSED ] CASE: wrongSourceIdAndQuestionAreIgnoredBeforeValidUdpResponse (2976301 ns)
    [ PASSED ] CASE: validatedTruncationFallsBackToExactTcpFrame (2581167 ns)
    [ PASSED ] CASE: activeCancellationRetainsNameserverWithoutRetry (60498985 ns)
    [ PASSED ] CASE: silentDnsAttemptsLeaveBudgetForServerAndPassFailover (504290389 ns)
    [ PASSED ] CASE: exhaustedResponseCodesRetainTheLastRespondingNameserver (2222361 ns)
    [ PASSED ] CASE: unsupportedResponseCodeRetainsRespondingNameserver (1845705 ns)
    [ PASSED ] CASE: dnsTransportFailuresRetainSelectedNameserver (253075787 ns)
    [ PASSED ] CASE: tcpResponseCannotRemainTruncated (2353801 ns)
    [ PASSED ] CASE: malformedMatchingResponseAndUnrelatedSectionsCannotPoisonCache (3197564 ns)
    [ PASSED ] CASE: cnameTraversalUsesAnswerOwnersAndRejectsConflictingTargets (5326817 ns)
    [ PASSED ] CASE: fullResultCapacityDoesNotQueryAnotherFamily (61011223 ns)
    [ PASSED ] CASE: rfc2308CacheRetainsNxdomainVersusNodataWithoutNewPackets (3861946 ns)
    [ PASSED ] CASE: zeroTtlNeverCreatesAPositiveCacheEntry (2634677 ns)
    [ PASSED ] CASE: callerCancellationAndClientCloseWakeActiveNativeReceive (3153970 ns)
    [ PASSED ] CASE: anyFamilyRetainsAddressesWhenTheOtherFamilyFails (7434986 ns)
    [ PASSED ] CASE: crossFamilyConflictsRetainTheLivePeerAlongsideCachedResults (5114310 ns)
    [ PASSED ] CASE: nxdomainInvalidatesVisitedTargetsAndOtherCachedAliases (21365137 ns)
    [ PASSED ] CASE: everyNxdomainInvalidatesPreviouslyCachedAddresses (8260369 ns)
    [ PASSED ] CASE: noncacheableNxdomainStopsOtherFamilyQueries (2496795 ns)
    [ PASSED ] CASE: nameWideNegativeOverridesEarlierFamilyFailure (2476619 ns)
    [ PASSED ] CASE: boundedAdmissionRejectsExcessAndCloseWakesQueuedCallers (1306690 ns)
    TCS: DnsResolverPolicyTest, time elapsed: 292924911 ns, RESULT:
    [ PASSED ] CASE: fromSystemParsesTabsCommentsLastSearchAndClampedNdots (403259 ns)
    [ PASSED ] CASE: directConfigRejectsUnsupportedNameserverZonesBeforeQueries (47631 ns)
    [ PASSED ] CASE: numericNameserverZonesUseCanonicalEndpointIdentity (69792 ns)
    [ PASSED ] CASE: systemNameserversRetainOnlySupportedNumericZones (348794 ns)
    [ PASSED ] CASE: equivalentNameserverScopesDoNotConsumeTheServerLimit (233920 ns)
    [ PASSED ] CASE: configOwnsInputArraysAndReturnsDefensiveCopies (59193 ns)
    [ PASSED ] CASE: adoptedClientRequiresMatchingConfigurationWithoutTakingRejectedOwnership (232162 ns)
    [ PASSED ] CASE: systemFilesFailClosedWhenMissingOversizedOrNonregular (20221298 ns)
    [ PASSED ] CASE: ipv4LiteralsBypassHostsSearchAndNameservers (60374362 ns)
    [ PASSED ] CASE: hostsSnapshotRetainsOnlyUsableIpv6Zones (431792 ns)
    [ PASSED ] CASE: hostsAliasesFilterFamiliesAndRemainSnapshotted (827190 ns)
    [ PASSED ] CASE: trailingRootSkipsSearchWhileNdotsSelectsSearchOrAbsoluteFirst (3553780 ns)
    [ PASSED ] CASE: exactHostsEntryWinsBeforeSearchSuffixDns (200567315 ns)
    [ PASSED ] CASE: cancelledExpiredAndClosedCallsRetainPublicResolveClassifications (437838 ns)
    [ PASSED ] CASE: connectUsesHostsMappingForANativeListenerExchange (727247 ns)
    [ PASSED ] CASE: resolverConnectCarriesOneAbsoluteDeadlineIntoNativeTcpAdmission (638463 ns)
    TCS: DnsWireParserTest, time elapsed: 36603576 ns, RESULT:
    [ PASSED ] CASE: decodesCompressedTargetsBinaryTxtSoaAndUnknownData (129960 ns)
    [ PASSED ] CASE: recordOrderMakesAnswerAuthorityAndAdditionalBoundariesExplicit (125647 ns)
    [ PASSED ] CASE: summariesAndRecordsOwnParserAndConstructorInputs (58056 ns)
    [ PASSED ] CASE: publicSummaryRejectsCountsBeyondWireAndCombinedRecordBounds (33960077 ns)
    [ PASSED ] CASE: parserPreservesQuestionIdentityAndRejectsIncompleteRecords (109342 ns)
    [ PASSED ] CASE: asciiNameProfileRejectsAmbiguousLabels (72937 ns)
    [ PASSED ] CASE: compressionLoopsForwardPointersAndOutOfRangePointersAreRejected (44011 ns)
    [ PASSED ] CASE: expandedNameAndSectionCountsRespectConfiguredBounds (52672 ns)
    [ PASSED ] CASE: completeParserRejectsTrailingAndTruncatedSectionBytes (35844 ns)
    [ PASSED ] CASE: typedRdataLengthsAndTxtSegmentsAreExact (59710 ns)
    [ PASSED ] CASE: compressedRdataNamesCannotConsumeNeighboringRecordBytes (51538 ns)
    [ PASSED ] CASE: srvTargetCompressionIsRejectedEvenWhenPointerIsInBounds (39469 ns)
    [ PASSED ] CASE: summaryConstructorRejectsSectionMetadataThatCouldBlurBoundaries (14853 ns)
    [ PASSED ] CASE: additionalOwnerMayReferenceAuthorityNameserverTarget (38502 ns)
    [ PASSED ] CASE: additionalOwnerMayReferenceSecondLegacyMailboxName (53079 ns)
    TCS: DnsWireFuzzTest, time elapsed: 126481056 ns, RESULT:
    [ PASSED ] CASE: wireMutationsRejectMalformedMessagesOrRetainOwnedSections (126077814 ns)
    TCS: M8002TcpListenerTest, time elapsed: 57543560 ns, RESULT:
    [ PASSED ] CASE: bindRejectsInvalidBacklogAndStoppedContextsWithStructuredErrors (301179 ns)
    [ PASSED ] CASE: bindFailureRetainsPublicCoordinatesAndCause (264612 ns)
    [ PASSED ] CASE: cancelledAndExpiredAcceptsLeaveListenerReusable (24738519 ns)
    [ PASSED ] CASE: acceptedStreamTransfersExactDataInBothDirections (247542 ns)
    [ PASSED ] CASE: overlappingAcceptIsRejectedWithoutCreatingAPendingQueue (30027916 ns)
    [ PASSED ] CASE: stoppedCloseAdmissionHasNoNativeEffectAndListenerRemainsUsable (273526 ns)
    [ PASSED ] CASE: gracefulAndAbortTerminalOwnersAreStableAndWakeAccept (115676 ns)
    TCS: M8002UdpSocketTest, time elapsed: 32467316 ns, RESULT:
    [ PASSED ] CASE: datagramBoundariesAndOwnedPayloadSurviveScratchReuse (182248 ns)
    [ PASSED ] CASE: exactCapacityAndTruncationDiscardOnlyTheCurrentDatagramTail (152993 ns)
    [ PASSED ] CASE: connectedSocketSelectsNativePeerAndFiltersOtherSenders (197889 ns)
    [ PASSED ] CASE: invalidAndUnsupportedInputsLeaveSocketReusable (960067 ns)
    [ PASSED ] CASE: cancellationDeadlineCloseAndAbortRetainDistinctState (30366598 ns)
    TCS: M8007TlsDeadlineCleanupTest, time elapsed: 31670737 ns, RESULT:
    [ PASSED ] CASE: closeDeadlineReleasesAnExistingNativeTcpReadWithoutPeerAssistance (31435376 ns)
    TCS: NetworkFoundationContractTest, time elapsed: 38020559 ns, RESULT:
    [ PASSED ] CASE: unixEndpointFormsAreDistinctAndOwned (13331 ns)
    [ PASSED ] CASE: unixEndpointRejectsUnboundedNames (17512 ns)
    [ PASSED ] CASE: rawSocketCapabilityBoundaryRequiresDomainSpecificProtocol (29167 ns)
    [ PASSED ] CASE: cancelledConnectFailsBeforeSocketCreation (27842 ns)
    [ PASSED ] CASE: tcpStreamCancellationDistinguishesUntouchedFromAbortedDelegate (52912 ns)
    [ PASSED ] CASE: tcpStreamGracefulCloseIsRetainedAndIdempotent (16597 ns)
    [ PASSED ] CASE: tcpStreamTerminalCloseSkipsStoppedContextsAndCallerClock (58305 ns)
    [ PASSED ] CASE: tcpStreamNonterminalStoppedCloseAdmissionStillRejects (41428 ns)
    [ PASSED ] CASE: tcpStreamCloseNormalizesContextFailureWithoutTakingOwnership (52653 ns)
    [ PASSED ] CASE: tcpStreamAbortRetainsItsCauseAndConnectionFacts (69855 ns)
    [ PASSED ] CASE: tcpStreamDirectionalShutdownPublishesOnlySuccessfulTransitions (41619 ns)
    [ PASSED ] CASE: tcpStreamReadShutdownRejectsEveryReadPathWithoutLosingWrites (49810 ns)
    [ PASSED ] CASE: tcpStreamWriteShutdownRejectsEveryWritePathWithoutLosingReads (58421 ns)
    [ PASSED ] CASE: tcpStreamEmptyOperationsRemainImmediateAfterDirectionalShutdown (18158 ns)
    [ PASSED ] CASE: tcpStreamReadExactAddsCapturedEndpointsToUnexpectedEof (27582 ns)
    [ PASSED ] CASE: tcpStreamReadKeepsPeerEofGraceful (16577 ns)
    [ PASSED ] CASE: tcpStreamReadExactMergesCapturedAndStructuredEndpointMetadata (35531 ns)
    [ PASSED ] CASE: tcpStreamIoConflictsRetainCapturedEndpointsWithoutClosing (79157 ns)
    [ PASSED ] CASE: tcpStreamDirectionalShutdownDoesNotPromoteWokenIoToFailure (87427 ns)
    [ PASSED ] CASE: tcpStreamFinalShutdownRemainsGracefulWhenItWakesIo (55748 ns)
    [ PASSED ] CASE: tcpStreamFailuresRetainOriginalErrorAndReleaseDelegate (58868 ns)
    [ PASSED ] CASE: tcpStreamRetainsNativeCancellationOwnership (1209117 ns)
    [ PASSED ] CASE: tcpStreamNormalizesUnexpectedDelegateFailures (146671 ns)
    [ PASSED ] CASE: tcpStreamPrecancelledIoCannotClaimAnotherClosesOwnership (121422 ns)
    [ PASSED ] CASE: tcpStreamCancellationOwnershipSurvivesOtherObservers (60233 ns)
    [ PASSED ] CASE: tcpStreamAbortCannotRelabelClaimedGracefulNativeClose (34136 ns)
    [ PASSED ] CASE: tcpStreamAbortOwnershipSurvivesCompetingIoAndLateCloseFailure (54932 ns)
    [ PASSED ] CASE: tcpStreamCancellationBoundsCloseWaitAndLateSuccessRemainsGraceful (79365 ns)
    [ PASSED ] CASE: tcpStreamJoiningBackgroundCloseWaitsForCompletion (28631563 ns)
    [ PASSED ] CASE: tcpStreamDeadlineBoundsCloseWaitAndLateSuccessRemainsGraceful (147654 ns)
    [ PASSED ] CASE: tcpStreamLateCloseFailurePublishesFailedWithoutReplacingCallerCancellation (120692 ns)
    [ PASSED ] CASE: tcpStreamAbortRemainsTerminalWhenDetachedCloseFailsLate (211321 ns)
    [ PASSED ] CASE: tcpStreamCloseKeepsGracefulCauseWhenItWakesARead (80408 ns)
    [ PASSED ] CASE: unsafeOptionValueIsBoundedAndOwnedWithoutApplyingIt (222965 ns)
    [ PASSED ] CASE: datagramResultEnforcesTheIpv4PayloadBound (1700211 ns)
    [ PASSED ] CASE: datagramResultSurvivesReceiveBufferReuse (12948 ns)
Summary: TOTAL: 104
    PASSED: 104, SKIPPED: 0, ERROR: 0
    FAILED: 0
--------------------------------------------------------------------------------------------------
Project tests finished, time elapsed: 54486045818 ns, RESULT:
TP: wirestack.*, time elapsed: 54485986804 ns, RESULT:
    PASSED:
    TP: wirestack.internal.platform.linux, time elapsed: 10770976 ns
    TP: wirestack.internal.common, time elapsed: 2793653 ns
    TP: wirestack.internal.transport, time elapsed: 231383872 ns
    TP: wirestack.internal.trust, time elapsed: 43626371 ns
    TP: wirestack.internal.http2, time elapsed: 4008607817 ns
    TP: wirestack.internal.resolver, time elapsed: 40817655 ns
    TP: wirestack.internal.tls_engine, time elapsed: 33267899798 ns
    TP: wirestack.internal.connector, time elapsed: 14052242 ns
    TP: wirestack.tls, time elapsed: 118621378 ns
    TP: wirestack.internal.http1, time elapsed: 1044266401 ns
    TP: wirestack.internal.transport_stdnet, time elapsed: 211726461 ns
    TP: wirestack.net, time elapsed: 1593177413 ns
    TP: wirestack.http, time elapsed: 13739623110 ns
Summary: TOTAL: 808
    PASSED: 785, SKIPPED: 23, ERROR: 0
    FAILED: 0
--------------------------------------------------------------------------------------------------
cjpm test success
