M7-022 Linux release soak: FAIL: SOAK_ALREADY_RUNNING: another invocation is active
M0-016 validation: PASS
architecture guard: PASS
{"artifacts": {"api": "docs/api/generated/api-surface.json", "coverage": "docs/api/generated/coverage.json", "docs": "docs/api/generated/docs.json", "markdown": "docs/api/generated/markdown"}, "cjdoc": {"path": "<repo-root>-pr-worktrees/M8-004-recovery-tools/cjdoc/bin/cjdoc", "version": "0.7.2"}, "combined": {"apiEntries": 1481, "apiSha256": "cb8de6f898a5ba5fc54f3f084cf15df9d40b1504f9be408e286802a2370d80cc", "coverage": {"parameters": {"documented": 717, "percent": 100, "total": 717}, "symbols": {"documented": 1481, "percent": 100, "total": 1481}}, "coverageSha256": "4fcb7e38bfcd9a89ac1a8a3c695c14de6d6dc4383905b9fa4a59deeb9f29ee1d", "declarations": 2450, "docsSha256": "7c7955fdf8cf5754cac71ebf6351ea099c59e726216d6a6cdc3b32bdc40bf7d4", "markdownSha256": "988b54088600cbe0a4c63d442b309d59a3f11ecb93cf3db6b5ced6bd4f632518", "package": "combined", "status": "PASS"}, "commands": [{"kind": "check", "package": "wirestack", "returncode": 0, "status": "PASS", "stderr": "documentation coverage: symbols 662/662 (100%), parameters 262/262 (100%)\n", "stderr_truncated": false, "stdout": "", "stdout_truncated": false}, {"kind": "generate", "package": "wirestack", "returncode": 0, "status": "PASS", "stderr": "", "stderr_truncated": false, "stdout": "generated /tmp/wirestack-m7-033-qcyyvy87/wirestack/output\n", "stdout_truncated": false}, {"kind": "check", "package": "wirestack.http", "returncode": 0, "status": "PASS", "stderr": "documentation coverage: symbols 1064/1064 (100%), parameters 482/482 (100%)\n", "stderr_truncated": false, "stdout": "", "stdout_truncated": false}, {"kind": "generate", "package": "wirestack.http", "returncode": 0, "status": "PASS", "stderr": "", "stderr_truncated": false, "stdout": "generated /tmp/wirestack-m7-033-qcyyvy87/wirestack-http/output\n", "stdout_truncated": false}, {"kind": "check", "package": "wirestack.tls", "returncode": 0, "status": "PASS", "stderr": "documentation coverage: symbols 838/838 (100%), parameters 326/326 (100%)\n", "stderr_truncated": false, "stdout": "", "stdout_truncated": false}, {"kind": "generate", "package": "wirestack.tls", "returncode": 0, "status": "PASS", "stderr": "", "stderr_truncated": false, "stdout": "generated /tmp/wirestack-m7-033-qcyyvy87/wirestack-tls/output\n", "stdout_truncated": false}, {"kind": "check", "package": "wirestack.net", "returncode": 0, "status": "PASS", "stderr": "documentation coverage: symbols 903/903 (100%), parameters 433/433 (100%)\n", "stderr_truncated": false, "stdout": "", "stdout_truncated": false}, {"kind": "generate", "package": "wirestack.net", "returncode": 0, "status": "PASS", "stderr": "", "stderr_truncated": false, "stdout": "generated /tmp/wirestack-m7-033-qcyyvy87/wirestack-net/output\n", "stdout_truncated": false}, {"kind": "check", "package": "combined", "returncode": 0, "status": "PASS", "stderr": "documentation coverage: symbols 1481/1481 (100%), parameters 717/717 (100%)\n", "stderr_truncated": false, "stdout": "", "stdout_truncated": false}, {"kind": "generate", "package": "combined", "returncode": 0, "status": "PASS", "stderr": "", "stderr_truncated": false, "stdout": "generated /tmp/wirestack-m7-033-qcyyvy87/combined/output\n", "stdout_truncated": false}], "expectedCjdoc": "0.7.2", "generatedAtUtc": "2026-09-14T10:11:09.947333Z", "issues": [], "layers": [{"apiEntries": 662, "apiSha256": "18ef8b0e5e6dd34daae0b7bfc98e0c0c370f7237eb07e72e432c76a13726a88e", "coverage": {"parameters": {"documented": 262, "percent": 100, "total": 262}, "symbols": {"documented": 662, "percent": 100, "total": 662}}, "coverageSha256": "a33481d03da902371e26245f67bb94f450d89ef66b9c0ad36bac6970eaf207b4", "declarations": 808, "docsSha256": "df3c07c4f0458a36021e9f7928e3e0fdbde27785c527e9d40ac60e00094f1014", "markdownSha256": "3055a19762b460c1f977ca0ed29a1154c7af8cda9d232351ef2bba0e2b409b45", "package": "wirestack", "status": "PASS"}, {"apiEntries": 1064, "apiSha256": "df063511115594aeb57225f01bb32c12549ec6888a45469c93fd0f19a7229a49", "coverage": {"parameters": {"documented": 482, "percent": 100, "total": 482}, "symbols": {"documented": 1064, "percent": 100, "total": 1064}}, "coverageSha256": "a5043809b426f1ca07c8ae09cfd3230e98484f4d664c61af9e977222ce072dfc", "declarations": 1732, "docsSha256": "7c220e541cac8832664b2ca81fd572a9672e1f111437a759d3eecef581d186af", "markdownSha256": "b90982339ea708b7f7715aac927745b2581b6855195119690f6e0f5582139392", "package": "wirestack.http", "status": "PASS"}, {"apiEntries": 838, "apiSha256": "3de4d04409af0f532e8a5ccb3cf2790eafbcecbc9e2d8b92144e2e2db31fcdc0", "coverage": {"parameters": {"documented": 326, "percent": 100, "total": 326}, "symbols": {"documented": 838, "percent": 100, "total": 838}}, "coverageSha256": "9911e669daf6b58625ce5c52ba3482cd983ccf34a95439d3d47d87113d5757c1", "declarations": 1014, "docsSha256": "9f261ea3c18964b0dfa3d252e0d00bc0f1e37f0788b8679e97f7cce31d4ed15b", "markdownSha256": "f11ae8b6080dd249c5c33562a00732f7bbd35c67e423c0bcfc39ae9935b07646", "package": "wirestack.tls", "status": "PASS"}, {"apiEntries": 903, "apiSha256": "cd4df30531ee0650e00fcd40cfbb9e53492082530725e8a9be73be80110505cd", "coverage": {"parameters": {"documented": 433, "percent": 100, "total": 433}, "symbols": {"documented": 903, "percent": 100, "total": 903}}, "coverageSha256": "6371ebd2d7a1b2ee19d799c9f26f93f4c0d25f2647e34ee6622e4e4a29d4b78a", "declarations": 1320, "docsSha256": "c70598deda76080c81076f9ec59bdcfd7362edc37ddeea322bfc6770e9b54391", "markdownSha256": "c665cef542630b9fbda37c53b17bfede25aa487c50b010430c1047257d4e1bfe", "package": "wirestack.net", "status": "PASS"}], "platform": {"libc": "glibc", "machine": "x86_64", "system": "Linux"}, "schemaVersion": 1, "sourceSha256": {"src/byte_span.cj": "4b38c6d184e172a56f0c39308294cbd2485ff683aba4f27028abe07c2b4661c4", "src/cancellation.cj": "c023b65acab9740096dc1ec9a770cf59d7361b2fec3dcdeebb3cc6033d78034d", "src/common.cj": "7a6d9bf1bd56bb9c5209152b2482dee044027f8d348233dcd6cc7b87d1c866e3", "src/deadline.cj": "15c5fd0c7f2dcfb4be7150359990c7c35cde11aa3332f80a9efe9f79e431a7c4", "src/hostname_verifier.cj": "a0d06b89cf163b91339e5690bf1d15d8e94bd4912c2792b35e0cdd09d4e34989", "src/http/cancellation.cj": "8ff94be6a771af4c56dab7dc982fca0a16e6df1da4d1a14303dfc179f9225537", "src/http/client.cj": "97131a36c964f68cbc6697a87a4fd5fe81a5a0d146dee3355b4386a47f97c628", "src/http/cookie.cj": "5326d61b5121e75e56750a29c960dc97e9b7fc34ba10f62236e3b19adbaee1d8", "src/http/duplex.cj": "e81f52f4efbc0b728a1891d67bc0f3a6292af471d16d992b65e2055e44ffac24", "src/http/error.cj": "d88c54a157e02063ab4048c197631daba3642a9618672841e4b98d3a25d275ad", "src/http/file_handler.cj": "2706ddeadba5c448a9bdf9ed1b604d5fe56c527b001d28ecb3b558b93728df74", "src/http/hooks.cj": "0b6016a645fd69bbb8743e5abfed22b4c325286a450587b4ff87b722ef04f2ed", "src/http/multipart.cj": "506c82b691fa280fc147fa7d6f73aa5ed7b1045f5fa1122bd7c667a62aead36e", "src/http/package.cj": "edae278034e8047e77649badec506b86ff2e6f3fc530d3eaf68394f77ff43ca0", "src/http/proxy.cj": "9576c9b153192c93943911557e8cce25f567e5ad0357074189437cc17af6fe1d", "src/http/redirect.cj": "e7e9f07fa0bb79299e46c1320b32daf238e702b66fcb8e1368439723d74d96b4", "src/http/resolver.cj": "8c44e5ff6961122d6483c22546a26dab02e8414b88d5e18b954ddcf0b3ff29e4", "src/http/retry.cj": "e889370833f2d5b7df07d4cd13aa3068ab6262e1c2252728cbcc99c788b4199b", "src/http/server.cj": "52ede5995cf2b5ac64948b36334eadd9782cdcaa26e4c2bf3914a85e25cdb529", "src/http/tls.cj": "b232989ad8c4e73d4480dcae4ce40aae55fbedf9ce13b5922cc61b8a6e8a1e62", "src/http/upgrade.cj": "3bf29c0ad5b9fd19f5b2d994d36abcf76cbcc7d22d46c18991378aab705e0f73", "src/http/websocket.cj": "1eafd0d9f728592adea31d4397a8173c98d6ad3551ab4ed84d3b77623b787ba7", "src/http/websocket_handshake.cj": "db5d899be8d22022db1e7aed502ad36c3cc5e52d6dbae8dce53112f797276d59", "src/http_body.cj": "49b72ad2517213133eb693a190061050b655edb02df01eaa414db216c60fc4fe", "src/http_contract.cj": "39d7fe3885f50211393d9e03dc478b7370566bf7b7b3d3f20d0a5d3de3dc9259", "src/http_message.cj": "4033d25f42135e43f498f11d2b459512dcb7c45bce6e91efaa85b18a053e8ef1", "src/http_model.cj": "993ad73017a4da224b98f851e1e39d46fe6016502044b934f7ab191fb0da5a8c", "src/http_push.cj": "5dde5a1ff4cee87c947c1867e56fe0e7b9d2a38e2ca91a597f5a8deb4c2fc20f", "src/http_url.cj": "074cc811771e49030292b278252947af9f29476f67e9fd53f6a82ac473690955", "src/net/datagram_socket_core.cj": "2095e7d3a02c805c3018badf7045b0d76a42a56e101a2e08867f32b676c34ae6", "src/net/dns_client.cj": "a63095f98489b93b83f76cebc878678391d338f9080e15cf2ea7277ff6562622", "src/net/dns_resolver.cj": "65b410bda4ed26d315848f68bdd70b432101153b12e3c5d6dcccd8bea14ec183", "src/net/dns_wire.cj": "08b6bfb5fb7b46502a2a897f44a251765947359408398bcb93442504de28bde0", "src/net/package.cj": "05ee39721856fab3dc82dc4a83baaa0adfd9bb8af4fb38e0af41d4f5cb4430cc", "src/net/tcp_listener.cj": "7735311cd3aa657a3be9a37216cb5a1b404854932ab66480ea78b9f42a2b2b1f", "src/net/udp_socket.cj": "a59cba97d797a3800338f6a8594bfcd0f93456fc926421b2f9bce81149c9546b", "src/net/unix_datagram_socket.cj": "7447856c277d45d943087e3285fd0ade950cf7047fbf232052e1cd9d0a730511", "src/net/unix_listener.cj": "aa964800977f95ff67a6351a91c16d950324bbe0c50d7b01c5f1484f06e01967", "src/net/unix_stream.cj": "399aeac5d19f6457e2342fd7b1af3a76943f00db50a21c1474bed3b3141acb8b", "src/network_error.cj": "4e272f9b9887804f0de87ec032d442a69b49803da66bffa005b7f0282aadc5e5", "src/network_event.cj": "55d93c151752e76c80c441e4bfc639f7d6da77e89ed582bae2ba6a43cdcc3084", "src/operation_context.cj": "523a1c1efaab2f3e6ba0755386460ea504a2caa8ef1453a18134f950c6e1234d", "src/package.cj": "f9035aacfa24f06fe88eda3f16a5cbcf5dbf482b2d86776ea27e09e4861e93d7", "src/private_key_contract.cj": "cb03bb9badc0552c2ac66dbb6bf4842559b5ea17b2aa77284e817a78d63c6e84", "src/resolver.cj": "7b2129a0e3fd4be72ad2dd6adaf0053d5de23a08214157c931d38d7627154b23", "src/tls/facade.cj": "e7d4d1be6695abeb50c9ca8490817f2ef56b9a812f5be58cf9717ec4d3992077", "src/tls/identity.cj": "055c4232b9e44ff3cc768a09f023cd7a19174f5ce0d4dc263ca675af90660d19", "src/tls/package.cj": "5afa752de915ccff3866a81b9dbd0e6d3da1df01e1ecfa7180eb42709694d2b9", "src/tls_contract.cj": "1cbeb94013b9a2b946dd731b335554340862388feadf354162a2f2320bb6dac1", "src/transport.cj": "6781aa3bf538523e02c4807eebff7ac37a773e5dc9bdb427e6a56ace3a0b7033", "src/trust.cj": "f64b49d84a58e034e3976089211f7b645b42e5bc51dbc353f2e0bcec14d17aba"}, "status": "PASS", "targetCfg": {"arch": "x86_64", "env": "gnu", "os": "Linux"}, "taskId": "M7-033"}
The valid serial compilation order is:
    wirestack -> wirestack.internal -> wirestack.internal.identity -> wirestack.internal.platform -> wirestack.internal.platform.android -> wirestack.internal.platform.apple -> wirestack.internal.platform.harmony -> wirestack.internal.platform.linux -> wirestack.internal.platform.windows -> wirestack.internal.common -> wirestack.internal.http_files -> wirestack.internal.http_model -> wirestack.internal.transport -> wirestack.internal.trust -> wirestack.internal.http2 -> wirestack.internal.resolver -> wirestack.internal.tls_engine -> wirestack.internal.connector -> wirestack.tls -> wirestack.internal.http1 -> wirestack.internal.transport_stdnet -> wirestack.net -> wirestack.http
cjpm check success
cjpm build success
--------------------------------------------------------------------------------------------------
TP: wirestack.internal.tls_engine, time elapsed: 25005239262 ns, RESULT:
    TCS: TlsConnectionTest, time elapsed: 52021064 ns, RESULT:
    [ PASSED ] CASE: handshakeTransfersOwnershipAndPlaintextIoUsesTheEngine (1097656 ns)
    [ PASSED ] CASE: oneReadAndOneWriteMayOverlapButSecondReadFailsImmediately (1078636 ns)
    [ PASSED ] CASE: handshakeFailureAbortsTransportAndReleasesEngineExactlyOnce (148158 ns)
    [ PASSED ] CASE: expiredHandshakeDeadlineStillConsumesAndAbortsBothInputs (166238 ns)
    [ PASSED ] CASE: ioFailureAbortsAndRepeatedTerminalCallsDoNotReleaseTwice (834524 ns)
    [ PASSED ] CASE: unsupportedHalfCloseDoesNotMutateAnOpenConnection (404595 ns)
    [ PASSED ] CASE: concurrentCloseAndAbortReleaseUnderlyingResourcesOnce (15245532 ns)
    [ PASSED ] CASE: gracefulCloseSendsAndProcessesCloseNotifyBeforeReleasingResources (135173 ns)
    [ PASSED ] CASE: tcpEofDuringGracefulCloseRetainsTruncationAndStillReleasesEverything (364134 ns)
    [ PASSED ] CASE: expiredCloseBudgetStillClosesTransportAndReleasesEngine (127015 ns)
    [ PASSED ] CASE: abortNeverAttemptsTlsShutdownAndRetainsLocalAbortEvidence (66654 ns)
    [ PASSED ] CASE: cancelledCloseReleasesEngineWhenImmediateAbortCallbackThrows (168900 ns)
    [ PASSED ] CASE: tcpEofDuringApplicationReadRetainsTruncationBeforeAbort (457581 ns)
    [ PASSED ] CASE: peerCloseNotifyProducesEofEvidenceAndRejectsNewApplicationWrites (483393 ns)
    [ PASSED ] CASE: closeDeadlineExpiresWhileAnExistingBackgroundReadOwnsPumpAdmission (26917518 ns)
    [ PASSED ] CASE: closeCancellationInterruptsAnExistingBackgroundReadWithinTheBound (578015 ns)
    [ PASSED ] CASE: closeCancellationDoesNotWaitBehindAnExistingCiphertextWrite (996378 ns)
    TCS: Net06TlsTransportCleanupGateTest, time elapsed: 1770982 ns, RESULT:
    [ PASSED ] CASE: failedHandshakesDisposeEngineAndTransportExactlyOnce (1532005 ns)
    TCS: TlsContextTest, time elapsed: 4318098 ns, RESULT:
    [ PASSED ] CASE: linuxCapabilitiesAreExplicitAndNeverInferredFromProviderNames (29240 ns)
    [ PASSED ] CASE: defaultSystemTrustFailsAtBuildUntilLinuxAdapterIsAvailable (196191 ns)
    [ PASSED ] CASE: modernClientContextIsImmutableAndConcurrentShareable (402320 ns)
    [ PASSED ] CASE: strictTls13RejectsAnyTls12Override (169763 ns)
    [ PASSED ] CASE: missingTls13AndHttp2CapabilitiesFailBeforeHandshake (105732 ns)
    [ PASSED ] CASE: alpnRejectsEmptyAndDuplicateProtocolNames (292551 ns)
    [ PASSED ] CASE: serverRequiresServerIdentityAndMtlSTrustAtBuildTime (1078029 ns)
    [ PASSED ] CASE: clientIdentityCapabilityIsValidatedAtBuildTime (981977 ns)
    TCS: TlsEnginePumpTest, time elapsed: 302320047 ns, RESULT:
    [ PASSED ] CASE: awsLcClientEngineProducesAClientHelloWithoutSocketIo (35033844 ns)
    [ PASSED ] CASE: strictTls13PolicyIsAcceptedByTheNativeEngine (122317 ns)
    [ PASSED ] CASE: LinuxSystemTrustLoadsExplicitlyAndSniStaysSeparateFromReferenceIdentity (16775156 ns)
    [ PASSED ] CASE: customRootChainIsLoadedIntoARealAwsLcClientEngine (677999 ns)
    [ PASSED ] CASE: spkiPinPolicyConfiguresTheNativeVerificationPathBeforeHandshake (165215 ns)
    [ PASSED ] CASE: matchingSpkiPinCompletesARealClientServerHandshake (11958981 ns)
    [ PASSED ] CASE: matchingSpkiPinDoesNotBypassReferenceIdentityVerification (10433693 ns)
    [ PASSED ] CASE: realAwsLcEnginesExchangeCloseNotifyInBothDirections (11212422 ns)
    [ PASSED ] CASE: handshakeInfoReportsNegotiatedAlpnPeerChainAndVerificationEvidence (10807230 ns)
    [ PASSED ] CASE: tls13TicketResumesAcrossFreshEnginesWithoutEarlyData (13384776 ns)
    [ PASSED ] CASE: tls12TicketResumesAcrossFreshEngines (12298430 ns)
    [ PASSED ] CASE: sniSelectsTheCompleteImmutableContextAndItsCertificate (12408734 ns)
    [ PASSED ] CASE: sniSelectorRejectsMissingAndUnknownNamesWithStableEvidence (21142424 ns)
    [ PASSED ] CASE: noSharedAlpnFailsTheHandshakeInsteadOfSilentlySelectingNothing (8574918 ns)
    [ PASSED ] CASE: requiredMutualTlsUsesClientIdentityAndReturnsServerVerificationEvidence (11524131 ns)
    [ PASSED ] CASE: requiredMutualTlsRejectsMissingClientIdentityButOptionalAllowsIt (13254048 ns)
    [ PASSED ] CASE: mismatchedSpkiPinFailsARealClientServerHandshake (10883855 ns)
    [ PASSED ] CASE: externalSignerCompletesARealHandshakeOutsideTheNativeCallback (30619630 ns)
    [ PASSED ] CASE: externalSignerExceptionFailsClosedWithoutCrossingTheCAbi (8695338 ns)
    [ PASSED ] CASE: cancellationBeforeSignerInvocationFailsThePendingNativeOperation (12832349 ns)
    [ PASSED ] CASE: tls12ContextVersionsPartitionRealClientAndServerSessions (24647227 ns)
    [ PASSED ] CASE: tls13ContextVersionsPartitionRealClientAndServerTickets (19776602 ns)
    [ PASSED ] CASE: pumpHandlesWantReadWriteAndPartialIoWithBoundedBuffers (74460 ns)
    [ PASSED ] CASE: wantWriteWithoutCiphertextFailsInsteadOfSpinning (79307 ns)
    [ PASSED ] CASE: eofDuringWantReadRetainsTlsHandshakeEvidence (69058 ns)
    [ PASSED ] CASE: preCancellationStopsBeforeCallingProviderOrTransport (93064 ns)
    [ PASSED ] CASE: expiredDeadlineStopsBeforeCallingProviderOrTransport (64308 ns)
    TCS: LocalIdentityTest, time elapsed: 5629466 ns, RESULT:
    [ PASSED ] CASE: pkcs8InputIsExactBoundedAndZeroizable (531085 ns)
    [ PASSED ] CASE: pkcs8FileAdapterReadsOneBoundedRegularFile (484939 ns)
    [ PASSED ] CASE: localIdentityValidatesLeafKeyMatchAndHasStablePublicIdentity (1668291 ns)
    [ PASSED ] CASE: mismatchedCertificateAndPrivateKeyFailAtIdentityBuild (994349 ns)
    [ PASSED ] CASE: externalSignerAndSystemHandleShareOneOpaqueKeyContract (570143 ns)
    [ PASSED ] CASE: duplicateSignerAlgorithmsAndMismatchedSpkiFailAtBuild (549478 ns)
    TCS: M3028TlsFuzzTest, time elapsed: 24635687403 ns, RESULT:
    [ PASSED ] CASE: recordMutationsHaveDeterministicTypedTerminals (9762459019 ns)
    [ PASSED ] CASE: handshakeMutationsHaveDeterministicTypedTerminals (9780262377 ns)
    [ PASSED ] CASE: certificateAdapterMutationsHaveDeterministicTypedTerminals (5092314264 ns)
    TCS: TlsM8006ContextTest, time elapsed: 1521827 ns, RESULT:
    [ PASSED ] CASE: sessionPartitionsRetainOnlyTheMatchingContextVersion (38241 ns)
    [ PASSED ] CASE: decryptorRequiresProviderCapabilityAndRsaExternalIdentity (1048341 ns)
    [ PASSED ] CASE: keyLogSinkRequiresExplicitProviderCapability (58078 ns)
    TCS: TlsProviderSubstitutionTest, time elapsed: 951718 ns, RESULT:
    [ PASSED ] CASE: testProviderUsesTheProductionFactoryContract (315279 ns)
    [ PASSED ] CASE: objectsFromDifferentProviderInstancesCannotMix (249431 ns)
    [ PASSED ] CASE: activeEngineRetainsProviderUntilItCloses (19426 ns)
    TCS: TlsSessionStoreTest, time elapsed: 312197 ns, RESULT:
    [ PASSED ] CASE: boundedLruExpiryAndSingleUseAreDeterministic (26918 ns)
    [ PASSED ] CASE: everySecurityPartitionDimensionPreventsReuse (46566 ns)
Summary: TOTAL: 70
    PASSED: 70, SKIPPED: 0, ERROR: 0
    FAILED: 0
--------------------------------------------------------------------------------------------------
TP: wirestack.internal.trust, time elapsed: 37533444 ns, RESULT:
    TCS: HostnameVerifierTest, time elapsed: 1780671 ns, RESULT:
    [ PASSED ] CASE: exactDnsAndAsciiIdnaALabelMatchCaseInsensitively (213303 ns)
    [ PASSED ] CASE: wildcardMatchesExactlyOneLeftmostLabelOnly (82544 ns)
    [ PASSED ] CASE: invalidOrOverbroadWildcardsAreRejectedAtCertificateBoundary (85334 ns)
    [ PASSED ] CASE: dnsAndIpReferenceIdentitiesNeverCrossMatch (52030 ns)
    [ PASSED ] CASE: subjectAlternativeNameCountIsHardBounded (180395 ns)
    TCS: M3028HostnameFuzzTest, time elapsed: 33725610 ns, RESULT:
    [ PASSED ] CASE: hostnameMutationsHaveDeterministicTypedTerminals (33480166 ns)
    TCS: TrustPolicyTest, time elapsed: 1834563 ns, RESULT:
    [ PASSED ] CASE: nativeX509ParserAcceptsOneExactDerObjectAndRejectsTrailingBytes (688254 ns)
    [ PASSED ] CASE: certificateAndChainLimitsFailBeforeUnboundedParsingOrCopying (258087 ns)
    [ PASSED ] CASE: everyTrustPolicyHasAStableContentIdentityAndNoTrustAllState (308995 ns)
    [ PASSED ] CASE: pinAlgorithmAndScopeAreExplicitAndMalformedPinsFail (25568 ns)
Summary: TOTAL: 10
    PASSED: 10, SKIPPED: 0, ERROR: 0
    FAILED: 0
--------------------------------------------------------------------------------------------------
TP: wirestack.internal.connector, time elapsed: 12718906 ns, RESULT:
    TCS: AttemptPlanTest, time elapsed: 1208254 ns, RESULT:
    [ PASSED ] CASE: alternatesFamiliesAndPreservesFamilyOrder (227380 ns)
    [ PASSED ] CASE: firstFamilyControlsPreferenceAndDuplicatesAreRemoved (37051 ns)
    [ PASSED ] CASE: distinctIpv6ZonesAreNotDeduplicated (23038 ns)
    [ PASSED ] CASE: rejectsEmptyCandidatesAndNegativeDelay (36810 ns)
    TCS: HappyEyeballsConnectorTest, time elapsed: 9990229 ns, RESULT:
    [ PASSED ] CASE: emitsCompleteDnsAttemptAndConnectedLifecycle (232312 ns)
    [ PASSED ] CASE: blackholedFirstCandidateIsCancelledAndJoinedBeforeReturn (8227440 ns)
    [ PASSED ] CASE: ipv6FirstSuccessSkipsLaterIpv4Attempt (166764 ns)
    [ PASSED ] CASE: simultaneousSuccessKeepsOneWinnerAndAbortsEveryLoser (129854 ns)
    [ PASSED ] CASE: allFailuresAreJoinedAndRetainedAsDiagnostics (85949 ns)
    [ PASSED ] CASE: preCancelledParentStartsNeitherDnsNorAttempts (31542 ns)
    [ PASSED ] CASE: parentCancellationAfterSuccessPreventsWinnerPublication (103814 ns)
    [ PASSED ] CASE: deadlineAtSuccessBoundaryPreventsWinnerPublication (97311 ns)
    TCS: ConnectionRouteTest, time elapsed: 1354717 ns, RESULT:
    [ PASSED ] CASE: directRouteRetainsItsLocalOriginResolver (87713 ns)
    [ PASSED ] CASE: explicitProxySeparatesOriginAndProxyDns (41852 ns)
    [ PASSED ] CASE: typedIpTargetsNeverCarryResolvers (66610 ns)
    [ PASSED ] CASE: rejectsDelegatedDnsWithoutAnOwningProxyAndInvalidConnectTargets (52865 ns)
    [ PASSED ] CASE: networkAndTlsParametersAreBoundedAndOwned (582887 ns)
Summary: TOTAL: 17
    PASSED: 17, SKIPPED: 0, ERROR: 0
    FAILED: 0
--------------------------------------------------------------------------------------------------
TP: wirestack.internal.http1, time elapsed: 1540747473 ns, RESULT:
    TCS: HttpAutomaticHttpsClientTest, time elapsed: 5991089 ns, RESULT:
    [ PASSED ] CASE: h2NegotiationMultiplexesTenRequestsOnOneTlsConnection (3246860 ns)
    [ PASSED ] CASE: http11NegotiationFallsBackAndReusesTheAdoptedConnection (1682451 ns)
    TCS: Http1ChunkedCodecTest, time elapsed: 2181486 ns, RESULT:
    [ PASSED ] CASE: decoderStreamsDataExtensionsTrailersAndRemainder (112325 ns)
    [ PASSED ] CASE: decoderHandlesEveryBoundaryOneByteAtATime (80746 ns)
    [ PASSED ] CASE: encoderProducesCanonicalChunksAndBoundedTrailers (99789 ns)
    [ PASSED ] CASE: rejectsInvalidSizeExtensionAndTerminators (110602 ns)
    [ PASSED ] CASE: enforcesBodyChunkLineAndTrailerBounds (83941 ns)
    [ PASSED ] CASE: streamingResponseKeepsEachChunkBoundedWithoutALifetimeCeiling (166197 ns)
    [ PASSED ] CASE: rejectsForbiddenOrFoldedTrailers (101517 ns)
    [ PASSED ] CASE: eofAndPostCompletionUseFailClosedStates (67719 ns)
    [ PASSED ] CASE: decodeBatchesOwnDataAndRemainingBytes (58813 ns)
    TCS: Http1ClientConnectionTest, time elapsed: 23958505 ns, RESULT:
    [ PASSED ] CASE: expectContinueWaitsForApprovalBeforeOpeningBody (962808 ns)
    [ PASSED ] CASE: finalRejectionBeforeContinueNeverOpensRequestBody (1032485 ns)
    [ PASSED ] CASE: continueWaitTimeoutSendsBodyUnderTheOriginalBudget (19077529 ns)
    [ PASSED ] CASE: serializesRequestsUntilBodyEofThenReusesConnection (981737 ns)
    [ PASSED ] CASE: earlyBodyCloseClosesInsteadOfReturningConnectionForReuse (511915 ns)
    [ PASSED ] CASE: connectionCloseResponseIsNeverReusableAfterEof (532632 ns)
    TCS: Http1CleartextClientTest, time elapsed: 1840569 ns, RESULT:
    [ PASSED ] CASE: resolvesConnectsAndReusesOnlyAfterBodyCompletion (1452191 ns)
    [ PASSED ] CASE: rejectsHttpsBeforeDnsOrPoolMutation (76605 ns)
    TCS: Http1ConnectionPoolTest, time elapsed: 3262708 ns, RESULT:
    [ PASSED ] CASE: emitsSecretFreeAcquireAndReleaseLifecycle (318745 ns)
    [ PASSED ] CASE: reusesOnlyTheSameCompleteKey (476126 ns)
    [ PASSED ] CASE: enforcesTotalPerKeyIdleAndWaiterBounds (558568 ns)
    [ PASSED ] CASE: activeWaitHonorsCancellationAndReleasesWaiterSlot (317882 ns)
    [ PASSED ] CASE: evictsExpiredAndClosedConnectionsInsteadOfReusingThem (529738 ns)
    [ PASSED ] CASE: failedCreationRollsBackItsCapacityReservation (316816 ns)
    TCS: Http1HeadParserTest, time elapsed: 2287556 ns, RESULT:
    [ PASSED ] CASE: requestParsesIncrementallyAndReturnsBodyRemainder (167423 ns)
    [ PASSED ] CASE: oneFeedRetainsBytesAfterTheHead (158068 ns)
    [ PASSED ] CASE: responseParsesStatusReasonHeadersAndFraming (119444 ns)
    [ PASSED ] CASE: acceptsOriginAbsoluteAuthorityAndAsteriskFormsOnlyWhereValid (263138 ns)
    [ PASSED ] CASE: rejectsBareLfObsFoldAndInvalidHeaderSyntax (125213 ns)
    [ PASSED ] CASE: requiresOneValidHostAndMatchingAbsoluteAuthority (270392 ns)
    [ PASSED ] CASE: rejectsInvalidTargetVersionAndBoundViolations (135436 ns)
    [ PASSED ] CASE: completedParserCannotBeReused (86457 ns)
    TCS: Http2Streams1BenchmarkTest, time elapsed: 17326607 ns, RESULT:
    [ PASSED ] CASE: benchmarkOneConcurrentStream (17078869 ns)
    TCS: Http2Streams10BenchmarkTest, time elapsed: 98788046 ns, RESULT:
    [ PASSED ] CASE: benchmarkTenConcurrentStreams (98499414 ns)
    TCS: Http2Streams100BenchmarkTest, time elapsed: 1074235412 ns, RESULT:
    [ PASSED ] CASE: benchmarkHundredConcurrentStreams (1074000954 ns)
    TCS: Http1HundredConnectionBaselineTest, time elapsed: 33399239 ns, RESULT:
    [ PASSED ] CASE: benchmarkHundredConcurrentConnections (33147659 ns)
    TCS: Http2ConnectionPoolTest, time elapsed: 6984247 ns, RESULT:
    [ PASSED ] CASE: alpnPrefersH2AndFallsBackOnlyToHttp11 (27078 ns)
    [ PASSED ] CASE: oneConnectionIsSharedUntilPeerStreamCapacityIsFull (210754 ns)
    [ PASSED ] CASE: concurrentFirstUseDoesNotCreateAConnectionStampede (646667 ns)
    [ PASSED ] CASE: newConnectionIsPublishedOnlyAfterItsFirstStreamIsAdmitted (97331 ns)
    [ PASSED ] CASE: closeRacingUnpublishedAdmissionReleasesConnectionOwners (4354909 ns)
    [ PASSED ] CASE: completeSecurityKeyPreventsCrossContextReuse (98118 ns)
    [ PASSED ] CASE: drainingConnectionRetainsExistingStreamButReceivesNoNewLease (122669 ns)
    [ PASSED ] CASE: drainingConnectionWaitsForNonLocalOwnersBeforeDiscard (83179 ns)
    [ PASSED ] CASE: fullBoundedPoolHonorsOneCallerDeadline (64593 ns)
    [ PASSED ] CASE: poolCloseAbortsEverySharedConnectionExactlyOnce (70166 ns)
    TCS: Http1FramingTest, time elapsed: 1367490 ns, RESULT:
    [ PASSED ] CASE: requestUsesOneSharedEmptyLengthOrChunkedDecision (60419 ns)
    [ PASSED ] CASE: identicalContentLengthsAreAcceptedAcrossFieldsAndLists (32795 ns)
    [ PASSED ] CASE: conflictingOrInvalidContentLengthsAreRejected (116416 ns)
    [ PASSED ] CASE: contentLengthAndTransferEncodingNeverCoexist (67605 ns)
    [ PASSED ] CASE: ambiguousTransferEncodingIsRejected (203454 ns)
    [ PASSED ] CASE: responseHandlesHeadStatusesConnectAndCloseDelimiting (85793 ns)
    [ PASSED ] CASE: bodylessAndSuccessfulConnectResponsesRejectFramingFields (70605 ns)
    TCS: HttpConnectionPoolKeyTest, time elapsed: 456967 ns, RESULT:
    [ PASSED ] CASE: canonicalOriginProducesStableEqualityAndHash (23533 ns)
    [ PASSED ] CASE: everySecurityAndRouteDimensionPartitionsReuse (38839 ns)
    [ PASSED ] CASE: refusesIncompletePartitionIdentities (18741 ns)
    TCS: Http1ProxyClientPipelineTest, time elapsed: 6200684 ns, RESULT:
    [ PASSED ] CASE: dynamicConnectCredentialsNeverReuseAnAuthenticatedTunnel (4032113 ns)
    [ PASSED ] CASE: rejectedConnectDrainsClosesAndReturnsStructuredNonRetryableFailure (1851957 ns)
    TCS: Http1RequestWriterTest, time elapsed: 2511023 ns, RESULT:
    [ PASSED ] CASE: twoStageWriterDoesNotOpenBodyBeforeExplicitCommit (461707 ns)
    [ PASSED ] CASE: writesFixedBodyThroughPartialTransportOperations (496619 ns)
    [ PASSED ] CASE: streamsUnknownLengthBodyAsCanonicalChunks (365109 ns)
    [ PASSED ] CASE: rejectsDeclaredMismatchBeforeWritingAnything (110637 ns)
    [ PASSED ] CASE: prematureBodyEofRetainsPartialCommitEvidence (341964 ns)
    [ PASSED ] CASE: emptyFramingProbesSourceInsteadOfDroppingUnexpectedBytes (99318 ns)
    TCS: Http1ResponseReaderTest, time elapsed: 7006746 ns, RESULT:
    [ PASSED ] CASE: explicitUpgradeTransfersOnlyAMatching101Protocol (637869 ns)
    [ PASSED ] CASE: mismatchedUpgradeResponseFailsClosed (562008 ns)
    [ PASSED ] CASE: explicitConnectTransfersBufferedTunnelBytesAndTransportOwnership (780574 ns)
    [ PASSED ] CASE: failedConnectRemainsAnHttpResponseAndClosesAfterBody (509224 ns)
    [ PASSED ] CASE: readsInterimAndFixedResponseWithoutBufferingTheBody (396185 ns)
    [ PASSED ] CASE: received4xxAnd5xxRemainHttpResponses (711381 ns)
    [ PASSED ] CASE: decodesChunkedResponseAndPublishesTrailerAtEof (488719 ns)
    [ PASSED ] CASE: closeDelimitedBodyCompletesOnlyAtTransportEof (379622 ns)
    [ PASSED ] CASE: chunkedStreamingResponseMayExceedThePerSegmentBodyBound (338172 ns)
    [ PASSED ] CASE: prematureFixedBodyEofAbandonsResponseExactlyOnce (404819 ns)
    [ PASSED ] CASE: rejectsImplicitUpgradeAndConnectTransportTransfer (553326 ns)
    TCS: Http1SerializerTest, time elapsed: 1512677 ns, RESULT:
    [ PASSED ] CASE: clientRequestAddsHostAndUsesOriginForm (162772 ns)
    [ PASSED ] CASE: forwardProxyRequestUsesAbsoluteFormAndOriginHost (87944 ns)
    [ PASSED ] CASE: requestPreservesOrderedMultipleFieldsAndLengthFraming (73287 ns)
    [ PASSED ] CASE: requestRejectsMissingDuplicateOrMismatchedHost (72398 ns)
    [ PASSED ] CASE: responseSerializesStatusAndUsesSharedFraming (52492 ns)
    [ PASSED ] CASE: responseRejectsInjectionAndForbiddenBodyFraming (52597 ns)
    [ PASSED ] CASE: writerHandlesPartialTransportWritesUnderOneContext (100054 ns)
    [ PASSED ] CASE: serializedBytesAreDefensiveCopies (63101 ns)
    TCS: Http1ServerConnectionTest, time elapsed: 6390110 ns, RESULT:
    [ PASSED ] CASE: serializesTwoKeepAliveExchanges (2182399 ns)
    [ PASSED ] CASE: unreadRequestBodyForcesConnectionCloseAfterResponse (788061 ns)
    [ PASSED ] CASE: handlerFailureProducesBounded500AndCloses (541949 ns)
    [ PASSED ] CASE: rejectedHandoffReleasesSessionOwnershipExactlyOnce (1515462 ns)
    [ PASSED ] CASE: selectedUpgradeOfferTransfersBufferedSessionBytes (640512 ns)
    TCS: Http1ServerRequestReaderTest, time elapsed: 17771192 ns, RESULT:
    [ PASSED ] CASE: streamsFixedRequestBodyWithoutReadingPastItsLength (915117 ns)
    [ PASSED ] CASE: rejectsOversizedFixedRequestBeforeReadingItsBody (459758 ns)
    [ PASSED ] CASE: decodesChunkedRequestAndPublishesTrailer (722945 ns)
    [ PASSED ] CASE: sendsContinueOnlyWhenHandlerStartsReadingTheBody (13390791 ns)
    [ PASSED ] CASE: rejectingWithoutReadingNeverSendsContinue (1324536 ns)
    TCS: Http1ServerTest, time elapsed: 27650043 ns, RESULT:
    [ PASSED ] CASE: shutdownAbortsConnectionBlockedInsideTlsHandshake (7107711 ns)
    [ PASSED ] CASE: acceptSideTlsHookOwnsConnectionAndClosesAfterShutdown (1586231 ns)
    [ PASSED ] CASE: gracefulShutdownStopsAcceptAfterCompletedConnection (1275713 ns)
    [ PASSED ] CASE: expiredShutdownAbortsBlockedConnectionAndReturnsBoundedly (6181688 ns)
    [ PASSED ] CASE: connectionLimitPreventsSecondAcceptUntilCapacityReturns (9654960 ns)
    TCS: Http1ServerResponseWriterTest, time elapsed: 6226850 ns, RESULT:
    [ PASSED ] CASE: writesFixedResponseThroughPartialTransportOperations (1101845 ns)
    [ PASSED ] CASE: streamsChunkedResponseAndTrailer (819401 ns)
    [ PASSED ] CASE: chunkedStreamingResponseMayExceedThePerSegmentBodyBound (683660 ns)
    [ PASSED ] CASE: headResponseNeverTransfersRepresentationBytes (236910 ns)
    [ PASSED ] CASE: closeDelimitedResponseRequiresConnectionClose (910893 ns)
    [ PASSED ] CASE: rejectsKnownLengthMismatchBeforeCommittingHead (123860 ns)
    TCS: Http1SmugglingCorpusTest, time elapsed: 80761001 ns, RESULT:
    [ PASSED ] CASE: clientAndServerFramingRejectTheSameAmbiguousHeaderCorpus (3398847 ns)
    [ PASSED ] CASE: identicalLengthsAndOneFinalChunkedCodingRemainUnambiguous (776879 ns)
    [ PASSED ] CASE: rejectsWhitespaceTargetAndProxyDifferentialCorpus (811039 ns)
    [ PASSED ] CASE: rejectsMalformedChunkAndTrailerCorpusAtInputOrEof (200313 ns)
    [ PASSED ] CASE: everyAcceptedSingleByteMutationHasACanonicalReparse (68778116 ns)
    [ PASSED ] CASE: chunkedMutationsHaveDeterministicBoundedTerminals (2222285 ns)
    [ PASSED ] CASE: validHeadParsesAtEveryTransportSplitBoundary (3491608 ns)
    TCS: Http1HttpsClientTest, time elapsed: 2901324 ns, RESULT:
    [ PASSED ] CASE: partitionsHandshakesAndReusesHttpsAfterBodyCompletion (1165683 ns)
    [ PASSED ] CASE: zeroLengthConnectionCloseDoesNotWaitForTlsPeerShutdown (1431629 ns)
    TCS: Http1TlsServerTest, time elapsed: 106859752 ns, RESULT:
    [ PASSED ] CASE: alpnServerRejectsAClientWithNoSharedHttpProtocol (48001632 ns)
    [ PASSED ] CASE: automaticClientOffersH2FirstAndFallsBackToServerHttp11 (19245673 ns)
    [ PASSED ] CASE: requiredMutualTlsCarriesAuthenticatedHttp1Exchange (20004788 ns)
    [ PASSED ] CASE: realAwsLcHandshakeCarriesOneHttp1Exchange (18726368 ns)
Summary: TOTAL: 121
    PASSED: 118, SKIPPED: 3, ERROR: 0
    FAILED: 0
--------------------------------------------------------------------------------------------------
TP: wirestack.internal.resolver, time elapsed: 40896051 ns, RESULT:
    TCS: M2006AppleSystemResolverTest, time elapsed: 11244875 ns, RESULT:
    [ PASSED ] CASE: resolvesLocalhostThroughTheProviderNeutralContract (9637318 ns)
    [ PASSED ] CASE: fixtureReturnsAllCandidatesWithoutInventingTtl (17605 ns)
    [ PASSED ] CASE: fixtureAppliesFamilyAndResultBounds (13652 ns)
    [ PASSED ] CASE: fixtureMapsPosixFailuresAndUnknownCodes (15629 ns)
    [ PASSED ] CASE: fixtureCancellationAndDeadlineReturnBeforeNativeCleanup (10802 ns)
    [ PASSED ] CASE: newResolutionObservesNetworkGenerationChange (14002 ns)
    [ PASSED ] CASE: validatesBoundsAndRejectsUseAfterClose (94561 ns)
    [ PASSED ] CASE: fixtureBoundsAdmissionAndReleasesQueuedWorkAfterClose (11468 ns)
    TCS: M2003BoundedResolverBackendTest, time elapsed: 19917100 ns, RESULT:
    [ PASSED ] CASE: resolvesLocalhostWithBoundedMetricsAndIdempotentClose (8619405 ns)
    [ PASSED ] CASE: appliesIpv4FamilyAndRejectsUseAfterClose (9877768 ns)
    [ PASSED ] CASE: validatesPoolBounds (41026 ns)
    [ PASSED ] CASE: nativeFamilyValidationFailsClosedAndPollingBackoffIsBounded (42488 ns)
    [ PASSED ] CASE: preCancelledContextDoesNotSubmitNativeWork (136797 ns)
    [ PASSED ] CASE: delayedNativeWorkDoesNotStarveCangjieHeartbeat (18837 ns)
    [ PASSED ] CASE: cancellationCompletesPromptlyWhileNativeJobCleansUp (11111 ns)
    [ PASSED ] CASE: deadlineCompletesPromptlyWhileNativeJobCleansUp (19832 ns)
    [ PASSED ] CASE: queueAdmissionIsStrictlyBounded (15051 ns)
    TCS: ResolverContractTest, time elapsed: 621379 ns, RESULT:
    [ PASSED ] CASE: resultOwnsDeduplicatedAddressesAndDoesNotInventTtl (47420 ns)
    [ PASSED ] CASE: staticResolverFiltersFamiliesAndHonorsPreCancellation (67195 ns)
    [ PASSED ] CASE: rejectsEmptyFamilyResultAndInvalidLimits (41935 ns)
    TCS: M2002ResolverPublicContractTest, time elapsed: 779859 ns, RESULT:
    [ PASSED ] CASE: resultOwnsAllTypedCandidatesWithoutInventingTtl (50423 ns)
    [ PASSED ] CASE: staticResolverAppliesFamilyAndResultBounds (43522 ns)
    [ PASSED ] CASE: errorsRetainStablePublicCoordinates (42985 ns)
    [ PASSED ] CASE: cancellationAndDeadlineRemainDistinct (38796 ns)
    [ PASSED ] CASE: constructorsRejectInvalidBoundsAndDiagnostics (29290 ns)
    TCS: M2004WindowsSystemResolverTest, time elapsed: 7971499 ns, RESULT:
    [ PASSED ] CASE: resolvesLocalhostThroughTheProviderNeutralContract (7209439 ns)
    [ PASSED ] CASE: fixtureReturnsAllCandidatesWithoutInventingTtl (15574 ns)
    [ PASSED ] CASE: fixtureAppliesFamilyAndResultBounds (11575 ns)
    [ PASSED ] CASE: fixtureMapsWinsockFailuresAndUnknownCodes (11140 ns)
    [ PASSED ] CASE: fixtureCancellationAndDeadlineReturnBeforeNativeCleanup (11149 ns)
    [ PASSED ] CASE: validatesBoundsAndRejectsUseAfterClose (71107 ns)
Summary: TOTAL: 31
    PASSED: 31, SKIPPED: 0, ERROR: 0
    FAILED: 0
--------------------------------------------------------------------------------------------------
TP: wirestack.internal.transport, time elapsed: 182525863 ns, RESULT:
    TCS: ByteSpanTest, time elapsed: 1295033 ns, RESULT:
    [ PASSED ] CASE: defaultsCoverWholeArrayAndEmptyArray (176801 ns)
    [ PASSED ] CASE: sliceAndAdvanceKeepTheOriginalArray (17191 ns)
    [ PASSED ] CASE: mutableViewWritesThroughAndConvertsWithoutCopying (14982 ns)
    [ PASSED ] CASE: permitsBoundaryEmptyRanges (16334 ns)
    [ PASSED ] CASE: rejectsEveryOutOfRangeShape (77471 ns)
    TCS: CancellationTest, time elapsed: 34713238 ns, RESULT:
    [ PASSED ] CASE: cancelIsOneWayAndCallbacksRunExactlyOnce (93328 ns)
    [ PASSED ] CASE: unregisterIsIdempotentAndPreventsPendingCallback (19493 ns)
    [ PASSED ] CASE: alreadyCancelledRegistrationRunsSynchronouslyOnce (25095 ns)
    [ PASSED ] CASE: noneTokenRemainsUsableAndNotCancelled (16258 ns)
    [ PASSED ] CASE: oneFailingCallbackDoesNotBlockOtherWaiters (31203 ns)
    [ PASSED ] CASE: concurrentCancelClaimsEveryCallbackExactlyOnce (14924943 ns)
    [ PASSED ] CASE: registrationRacingCancellationStillRunsExactlyOnce (17239833 ns)
    [ PASSED ] CASE: unregisterRacingCancellationIsAtMostOnce (1079655 ns)
    [ PASSED ] CASE: callbackMayReenterCancellationAndRegistrationWithoutDeadlock (33302 ns)
    TCS: OperationCompletionTest, time elapsed: 27101437 ns, RESULT:
    [ PASSED ] CASE: completionCleansEveryResourceBeforeTheWinnerCallback (28089 ns)
    [ PASSED ] CASE: unregisterAndLateRegistrationHaveExplicitTerminalSemantics (20386 ns)
    [ PASSED ] CASE: cleanupCapacityIsPositiveAndHardBounded (41177 ns)
    [ PASSED ] CASE: cleanupFailuresAndReentrancyCannotBlockTerminalProgress (35237 ns)
    [ PASSED ] CASE: winnerExceptionDoesNotReopenTheCompletion (23266 ns)
    [ PASSED ] CASE: cleanupCountPropertyHoldsAcrossEveryConfiguredOccupancy (255482 ns)
    [ PASSED ] CASE: concurrentTerminalCallersHaveOneWinner (3142364 ns)
    [ PASSED ] CASE: registrationRacingCompletionIsAlwaysCleanedOnce (21299056 ns)
    [ PASSED ] CASE: unregisterRacingCompletionRunsCleanupAtMostOnce (1185084 ns)
    TCS: DeadlineTest, time elapsed: 528687 ns, RESULT:
    [ PASSED ] CASE: remainingUsesTheInjectedMonotonicClock (20434 ns)
    [ PASSED ] CASE: remainingClampsAtZeroAfterExpiry (9586 ns)
    [ PASSED ] CASE: childCanShortenButNeverExtendParent (13068 ns)
    [ PASSED ] CASE: zeroAndExpiredChildrenCannotExtendTheParent (9938 ns)
    [ PASSED ] CASE: rejectsNegativeDurations (24845 ns)
    TCS: TransportLifecycleTest, time elapsed: 4269292 ns, RESULT:
    [ PASSED ] CASE: connectingAndAcceptedPathsReachOpenOnlyInOrder (12933 ns)
    [ PASSED ] CASE: halfCloseIsDirectionalIdempotentAndConvergesOnClosing (38229 ns)
    [ PASSED ] CASE: gracefulCloseIsIdempotentAndCompletesOnlyFromClosing (17551 ns)
    [ PASSED ] CASE: abortAndFailReachEveryNonTerminalStateWithoutOverwritingTerminalEvidence (67404 ns)
    [ PASSED ] CASE: illegalTransitionsHaveStableCodesAndDoNotMutateState (117442 ns)
    [ PASSED ] CASE: closingAndTerminalStatesRejectDataOperationsWithClosedCode (72680 ns)
    [ PASSED ] CASE: operationClaimsAllowDuplexButRejectSameDirectionConcurrency (31779 ns)
    [ PASSED ] CASE: everyTerminalModeReleasesRegisteredResourcesExactlyOnce (50376 ns)
    [ PASSED ] CASE: racingTerminalTransitionsRetainOneWinnerAndOneCleanup (2825930 ns)
    [ PASSED ] CASE: terminalCleanupMayReenterAndItsRegistryRemainsBounded (34840 ns)
    TCS: M124TransportRaceTest, time elapsed: 32242007 ns, RESULT:
    [ PASSED ] CASE: readCloseReleasesBlockedOperationAndDrainsWaiter (1633877 ns)
    [ PASSED ] CASE: writeAbortReleasesBlockedOperationAndDrainsWaiter (10170104 ns)
    [ PASSED ] CASE: successAndCancelOrderingsCompleteOnceWithoutDataLeak (19384771 ns)
    TCS: MemoryTransportListenerTest, time elapsed: 49883818 ns, RESULT:
    [ PASSED ] CASE: rejectsInvalidListenerAndSchedulerBounds (100169 ns)
    [ PASSED ] CASE: listenerDeliversConnectionsInFifoOrderAndBoundsBacklog (234774 ns)
    [ PASSED ] CASE: schedulerDefersDeliveryAndReleasesFailedReservations (145224 ns)
    [ PASSED ] CASE: schedulerRunsMultipleConnectionsInStableFifoOrder (105206 ns)
    [ PASSED ] CASE: cancellationWakesAcceptWithoutClosingListener (7721105 ns)
    [ PASSED ] CASE: deadlineBoundsBlockedAcceptWithoutClosingListener (29703170 ns)
    [ PASSED ] CASE: closeWakesAcceptAndAbortsOwnedConnectionsIdempotently (9921657 ns)
    TCS: MemoryTransportTest, time elapsed: 2243661 ns, RESULT:
    [ PASSED ] CASE: pairTransfersPartialDataInBothDirections (42509 ns)
    [ PASSED ] CASE: emptyBuffersReturnZeroWithoutProducingEofOrPeerData (35082 ns)
    [ PASSED ] CASE: writeShutdownProducesPeerEofAfterBufferedData (32152 ns)
    [ PASSED ] CASE: readShutdownMakesPeerWritesFailAsBrokenPipe (41404 ns)
    [ PASSED ] CASE: cancelledBeforeOperationHasNoDataSideEffect (46935 ns)
    [ PASSED ] CASE: closeAndAbortAreIdempotentAndTerminal (39001 ns)
    [ PASSED ] CASE: cancellationWakesABlockedRead (77790 ns)
    [ PASSED ] CASE: closeWakesABlockedLocalRead (51852 ns)
    [ PASSED ] CASE: writeShutdownWakesABlockedLocalWrite (49333 ns)
    [ PASSED ] CASE: boundedBackpressureResumesAfterPeerReads (162422 ns)
    [ PASSED ] CASE: expiredDeadlineFailsBeforeAnyWrite (37706 ns)
    TCS: NetworkErrorTest, time elapsed: 754437 ns, RESULT:
    [ PASSED ] CASE: retainsStableClassificationAndEndpointEvidence (38531 ns)
    [ PASSED ] CASE: retainsLocalEndpointCauseAndOptionalDefaults (44747 ns)
    [ PASSED ] CASE: caughtErrorRetainsUnixEndpointBytesNativeCodeAndCause (33939 ns)
    [ PASSED ] CASE: pathnameRejectsNulWhileAbstractRetainsIt (24089 ns)
    TCS: OperationContextTest, time elapsed: 1076323 ns, RESULT:
    [ PASSED ] CASE: backgroundHasNoDeadlineCancellationOrTrace (16535 ns)
    [ PASSED ] CASE: derivedContextsRetainEventSinkAndSinkFailuresAreIsolated (45797 ns)
    [ PASSED ] CASE: derivedContextRetainsCancellationAndTrace (29853 ns)
    [ PASSED ] CASE: derivationHelpersChangeOnlyTheirNamedField (46964 ns)
    [ PASSED ] CASE: earlierDeadlineCannotBeExtended (16437 ns)
    [ PASSED ] CASE: traceIdentifiersAreBoundedAndNonEmpty (40942 ns)
    TCS: ScriptedTransportTest, time elapsed: 25468662 ns, RESULT:
    [ PASSED ] CASE: rejectsUnboundedOrInvalidScripts (71264 ns)
    [ PASSED ] CASE: shortReadAndWriteStepsAreConsumedInOrder (69377 ns)
    [ PASSED ] CASE: emptyIoDoesNotConsumeScriptAndEofIsExplicit (49180 ns)
    [ PASSED ] CASE: resetTerminatesTransportAtInjectedPhase (64664 ns)
    [ PASSED ] CASE: failurePreservesCoordinatesWithoutTerminatingTransport (58337 ns)
    [ PASSED ] CASE: virtualWaiterReleasesBlockedOperationsInFifoOrder (14185059 ns)
    [ PASSED ] CASE: cancellationWinsAReleaseRaceAndCleansWaiter (9639764 ns)
    TCS: TransportHelperTest, time elapsed: 1766105 ns, RESULT:
    [ PASSED ] CASE: writeAllHandlesPartialWritesAndEmptyInput (38765 ns)
    [ PASSED ] CASE: readExactHandlesPartialReads (22870 ns)
    [ PASSED ] CASE: readExactClassifiesPrematureEof (30614 ns)
    [ PASSED ] CASE: emptyHelpersDoNotCallTransport (28584 ns)
    [ PASSED ] CASE: invalidProgressFailsOnceWithoutSpinning (138234 ns)
    [ PASSED ] CASE: cancellationAfterPartialProgressPropagatesWithoutRestart (86582 ns)
    [ PASSED ] CASE: absoluteDeadlineExpiresAcrossPartialRetries (59761 ns)
Summary: TOTAL: 83
    PASSED: 83, SKIPPED: 0, ERROR: 0
    FAILED: 0
--------------------------------------------------------------------------------------------------
TP: wirestack.internal.platform.linux, time elapsed: 16254248 ns, RESULT:
    TCS: LinuxSystemTrustAdapterTest, time elapsed: 16254248 ns, RESULT:
    [ PASSED ] CASE: frozenSearchOrderCoversGlibcAndMuslLayouts (288641 ns)
    [ PASSED ] CASE: currentLinuxHostSelectsOneExplicitUsableSource (13499098 ns)
    [ PASSED ] CASE: missingCandidatesFailWithoutProviderDefaultFallback (63598 ns)
    [ PASSED ] CASE: directoryCandidateRequiresReadableHashedCertificateEntry (357463 ns)
    [ PASSED ] CASE: sourceIdentityChangesWhenSameSizeTrustContentChanges (373004 ns)
Summary: TOTAL: 5
    PASSED: 5, SKIPPED: 0, ERROR: 0
    FAILED: 0
--------------------------------------------------------------------------------------------------
TP: wirestack.internal.transport_stdnet, time elapsed: 215667646 ns, RESULT:
    TCS: StdNetTransportListenerTest, time elapsed: 91567126 ns, RESULT:
    [ PASSED ] CASE: listenerRejectsOutOfRangeBacklogBeforeBinding (262679 ns)
    [ PASSED ] CASE: listenerPreCancelledAndExpiredAcceptsFailFast (211746 ns)
    [ PASSED ] CASE: listenerDeadlineBoundsBlockedAcceptAndListenerRemainsUsable (38573706 ns)
    [ PASSED ] CASE: listenerCancellationWakesActiveAcceptAndListenerRemainsUsable (40314996 ns)
    [ PASSED ] CASE: listenerCloseWakesActiveAcceptWithStructuredErrorAndIsIdempotent (10628651 ns)
    TCS: M123TransportDiagnosticsTest, time elapsed: 1452928 ns, RESULT:
    [ PASSED ] CASE: stdNetReportsRuntimeEndpointsAndCapabilitiesWithoutGuessingIoBackend (585070 ns)
    [ PASSED ] CASE: deterministicTransportUsesTheSameProviderNeutralContract (82031 ns)
    TCS: M127BackgroundFastPathTest, time elapsed: 36601035 ns, RESULT:
    [ PASSED ] CASE: backgroundAndObservedPathsTransferEquivalentData (439455 ns)
    [ PASSED ] CASE: backgroundPeerCloseRemainsEof (361030 ns)
    [ PASSED ] CASE: backgroundLocalCloseRaceRemainsClosed (1433954 ns)
    [ PASSED ] CASE: backgroundStillRejectsConcurrentReaders (1454471 ns)
    [ PASSED ] CASE: cancellableAndDeadlineContextsRetainGenericChecks (417115 ns)
    [ PASSED ] CASE: deadlineTimeoutIsClearedBeforeBackgroundRead (30559434 ns)
    TCS: Net06CancellationGateTest, time elapsed: 7140477 ns, RESULT:
    [ PASSED ] CASE: cancelledReadsReleaseSocketsWaitersAndTasks (6637202 ns)
    TCS: StdNetTransportTest, time elapsed: 74658878 ns, RESULT:
    [ PASSED ] CASE: writeSomeIsPartialAndReusesBoundedConnectionStaging (614545 ns)
    [ PASSED ] CASE: wholeArrayReadAndWriteBypassStagingForATypicalTlsRecord (2834142 ns)
    [ PASSED ] CASE: subrangesRetainBoundedStagingAndCopyAccounting (263268 ns)
    [ PASSED ] CASE: connectsByResolvedIpAndTransfersBothDirections (288240 ns)
    [ PASSED ] CASE: emptyOperationsAreImmediate (196674 ns)
    [ PASSED ] CASE: unsupportedHalfClosePreservesBothDirections (358109 ns)
    [ PASSED ] CASE: cancellationAbortRemainsNativeOwnerAfterLaterClose (1307495 ns)
    [ PASSED ] CASE: listenerCloseWakesBlockedAcceptAsClosed (1119484 ns)
    [ PASSED ] CASE: cancellingOneAcceptLeavesListenerReusable (29239702 ns)
    [ PASSED ] CASE: preCancelledConnectDoesNotCreateASocket (50426 ns)
    [ PASSED ] CASE: peerGracefulCloseIsReportedAsEof (190507 ns)
    [ PASSED ] CASE: deadlineBoundsBlockedReadWithoutClosingConnection (30302462 ns)
    [ PASSED ] CASE: localCloseMapsBlockedReadWithStableEvidence (1211688 ns)
    [ PASSED ] CASE: explicitAbortWakesBlockedReadWithStableEvidence (1218281 ns)
    [ PASSED ] CASE: gracefulNativeCloseRemainsGracefulAfterLaterAbort (180103 ns)
    [ PASSED ] CASE: explicitAbortRemainsNativeOwnerAfterLaterClose (219129 ns)
    [ PASSED ] CASE: unknownConnectFailureMapsWithoutMessageOrNativeCode (171921 ns)
    [ PASSED ] CASE: concurrentReadsFailWithoutDisturbingTheActiveRead (1220202 ns)
    [ PASSED ] CASE: happyEyeballsComposesWithTheDefaultStdNetFactory (333953 ns)
Summary: TOTAL: 50
    PASSED: 33, SKIPPED: 17, ERROR: 0
    FAILED: 0
--------------------------------------------------------------------------------------------------
TP: wirestack.internal.http2, time elapsed: 2840277210 ns, RESULT:
    TCS: Http2ClientConnectionTest, time elapsed: 182700372 ns, RESULT:
    [ PASSED ] CASE: encodedHeaderFailureClosesTheConnection (1153580 ns)
    [ PASSED ] CASE: tenConcurrentRequestsShareOneConnectionAndMapOutOfOrderResponses (2063877 ns)
    [ PASSED ] CASE: claimedStreamsPublishInitialHeadersInStreamIdOrder (2253065 ns)
    [ PASSED ] CASE: cancelledUnpublishedStreamDoesNotBlockNextClaim (1766600 ns)
    [ PASSED ] CASE: declaredLengthDoesNotReleaseStreamBeforeWireEndStream (599289 ns)
    [ PASSED ] CASE: streamsRequestBodyThroughFlowControlledDataAndEndsLocallyOnce (1765369 ns)
    [ PASSED ] CASE: peerResetFailsOnlyItsStreamAndConnectionRemainsUsable (2403123 ns)
    [ PASSED ] CASE: peerGoAwayDrainsConnectionWithoutFailingAcceptedStream (859781 ns)
    [ PASSED ] CASE: connectedStreamOutlivesHandshakeCancellationAndUsesOperationContexts (1836882 ns)
    [ PASSED ] CASE: contextlessHalfCloseDoesNotWaitForBlockedConnectionWriter (3620951 ns)
    [ PASSED ] CASE: halfCloseOrdersEndAfterAdmittedFlowControlledWrite (11271891 ns)
    [ PASSED ] CASE: gracefulCloseOrdersEndAfterAdmittedFlowControlledWrite (9923836 ns)
    [ PASSED ] CASE: gracefulCloseDeadlineStopsAdmittedFlowControlledWrite (114905617 ns)
    [ PASSED ] CASE: queuedHalfCloseCancellationDoesNotWaitForConnectionWriter (16327867 ns)
    [ PASSED ] CASE: rejectedConnectReturnsFullResponseAndClosesRequestDirection (2983695 ns)
    [ PASSED ] CASE: enabledPushAttachesBoundedCallerDrivenResponses (5617720 ns)
    TCS: Http2ClientMappingTest, time elapsed: 5875426 ns, RESULT:
    [ PASSED ] CASE: requestMapsOrderedPseudoFieldsAuthorityAndSensitiveHeaders (167978 ns)
    [ PASSED ] CASE: connectUsesOnlyMethodAndAuthorityPseudoFields (94866 ns)
    [ PASSED ] CASE: connectStreamMappingKeepsBothDataDirectionsOpen (155760 ns)
    [ PASSED ] CASE: requestRejectsAuthorityFramingAndConnectionAmbiguity (431910 ns)
    [ PASSED ] CASE: requestHeaderListHonorsHttp2BoundsBeforeHpackMutation (107593 ns)
    [ PASSED ] CASE: requestBodyProvesEofBeforeOneTerminalTrailerBlock (231117 ns)
    [ PASSED ] CASE: requestBodyRejectsPrematureEofAndConfiguredOverflow (186175 ns)
    [ PASSED ] CASE: responseMapsInformationalFinalDataAndTrailersInOrder (171617 ns)
    [ PASSED ] CASE: responseRejectsPseudoOrderCaseAndConnectionFieldsAsStreamErrors (107409 ns)
    [ PASSED ] CASE: responseRejectsInvalidStatusAndTooManyInformationalHeads (269937 ns)
    [ PASSED ] CASE: responseContentLengthMustMatchExactlyAtEndStream (284742 ns)
    [ PASSED ] CASE: streamingResponseMayExceedTheConfiguredRequestBodyBound (43032 ns)
    [ PASSED ] CASE: bodylessAndConnectResponseRulesAreExplicit (195733 ns)
    [ PASSED ] CASE: responseTrailersRequireFinalEndStreamAndRegularAllowedFields (286199 ns)
    [ PASSED ] CASE: promisedRequestValidationPrecedesApplicationPolicy (245860 ns)
    TCS: Http2ClientPushOwnershipTest, time elapsed: 2028022 ns, RESULT:
    [ PASSED ] CASE: resetLostOfferIsClosedAndNextOfferRemainsDeliverable (429540 ns)
    [ PASSED ] CASE: parentCancellationStopsTransferredStalledBodyWithoutCancellingIndependentSibling (593402 ns)
    [ PASSED ] CASE: expiredParentAbsoluteDeadlineStillGovernsTransferredBodyAfterHeaders (210172 ns)
    TCS: Http2ConformanceTest, time elapsed: 8927273 ns, RESULT:
    [ PASSED ] CASE: invalidFrameOrderMatrixFailsAtConnectionScope (389415 ns)
    [ PASSED ] CASE: continuationSequenceCompletesOnlyOnEndHeaders (228625 ns)
    [ PASSED ] CASE: rstStreamAndGoAwayRaceCompletesOwnerOnceAndCleansRegistrations (7528986 ns)
    TCS: Http2ConnectionStateMachineTest, time elapsed: 10755420 ns, RESULT:
    [ PASSED ] CASE: clientStartEmitsMagicAndSettingsThenPeerSettingsOpens (103500 ns)
    [ PASSED ] CASE: serverConsumesIncrementalMagicBeforeItsFirstSettings (108691 ns)
    [ PASSED ] CASE: invalidOrIncompletePrefaceFailsOnceWithProtocolEvidence (80700 ns)
    [ PASSED ] CASE: firstPeerFrameMustBeNonAcknowledgementSettings (75945 ns)
    [ PASSED ] CASE: openConnectionAppliesSettingsAndCompletesHeaderBlocks (83831 ns)
    [ PASSED ] CASE: peerGoAwayDrainsAndMayOnlyNarrowItsBoundary (85510 ns)
    [ PASSED ] CASE: localDrainUsesProcessedPeerBoundaryAndNeverIncreases (93737 ns)
    [ PASSED ] CASE: racingFinishTransitionsAndPublishesCompletionExactlyOnce (8532731 ns)
    TCS: Http2DeterministicFuzzTest, time elapsed: 78729979 ns, RESULT:
    [ PASSED ] CASE: frameParserDeterministicMutationCorpusStaysBounded (8006731 ns)
    [ PASSED ] CASE: hpackDecoderDeterministicMutationCorpusFailsClosed (70010830 ns)
    [ PASSED ] CASE: protocolLimitBoundaryMutationsRejectOversizedInputs (58028 ns)
    TCS: Http2FlowControllerTest, time elapsed: 2342594992 ns, RESULT:
    [ PASSED ] CASE: windowUpdateCodecIgnoresReservedBitAndRejectsZeroByScope (40757 ns)
    [ PASSED ] CASE: reservationsRespectConnectionStreamAndPeerFrameCredit (52428 ns)
    [ PASSED ] CASE: settingsShrinkPausesReservedDataAndCancellationReleasesIt (51268 ns)
    [ PASSED ] CASE: streamWindowUpdateWakesAReservedPermitAfterSettingsShrink (33446 ns)
    [ PASSED ] CASE: concurrentTryReserveNeverOvercommitsOneStream (125495 ns)
    [ PASSED ] CASE: receiveCreditReturnsOnlyAfterApplicationConsumption (88816 ns)
    [ PASSED ] CASE: smallReceiveReadsCoalesceWindowUpdates (183131 ns)
    [ PASSED ] CASE: stalledConnectionCreditFlushesOnceWithoutChangingSmallReadCoalescing (21349 ns)
    [ PASSED ] CASE: leastRecentlyServedStreamsReceiveCreditBeforeThePreviousOwner (2340159625 ns)
    [ PASSED ] CASE: connectionSendWindowIsSharedAcrossStreams (40154 ns)
    [ PASSED ] CASE: connectionAndStreamWindowViolationsHaveCorrectScope (32660 ns)
    [ PASSED ] CASE: settingsAndWindowOverflowFailAtomically (33274 ns)
    [ PASSED ] CASE: streamCleanupCancelsPermitsAndRestoresOnlyConnectionReceiveCredit (29011 ns)
    [ PASSED ] CASE: dataAccountingUsesTheEntireFramePayload (18945 ns)
    TCS: Http2FrameCodecTest, time elapsed: 851699 ns, RESULT:
    [ PASSED ] CASE: everyRequiredFrameEnvelopeRoundTrips (65420 ns)
    [ PASSED ] CASE: parserAcceptsEverySingleByteBoundaryAndMultipleFrames (57836 ns)
    [ PASSED ] CASE: incompleteInputStaysBoundedUntilCompletion (15774 ns)
    [ PASSED ] CASE: oversizedFrameFailsBeforePayloadBufferingAndParserBecomesTerminal (22738 ns)
    [ PASSED ] CASE: reservedBitIsIgnoredOnReadAndClearedOnWrite (16347 ns)
    [ PASSED ] CASE: unknownFramesAndFlagsRoundTripWithoutInterpretation (15082 ns)
    [ PASSED ] CASE: transportWriterHandlesRepeatedPartialWrites (23844 ns)
    TCS: Http2FrameModelTest, time elapsed: 713531 ns, RESULT:
    [ PASSED ] CASE: frameAndErrorCodesRoundTripIncludingExtensions (25933 ns)
    [ PASSED ] CASE: streamIdentifierIgnoresReservedBitAndKeepsThirtyOneBits (12047 ns)
    [ PASSED ] CASE: limitsAreExplicitAndFrameSizeIsBounded (29568 ns)
    [ PASSED ] CASE: fixedFrameShapesAndStreamScopesAreValidated (39432 ns)
    [ PASSED ] CASE: settingsRejectInvalidProtocolValuesButRetainExtensions (24912 ns)
    [ PASSED ] CASE: unknownFlagsAndFramesRemainForwardCompatible (8834 ns)
    TCS: Http2GoAwayManagerTest, time elapsed: 4782536 ns, RESULT:
    [ PASSED ] CASE: peerBoundaryRetiresOnlyDefinitelyUnprocessedStreams (116187 ns)
    [ PASSED ] CASE: narrowingBoundaryWakesEachNewlyExcludedOwnerExactlyOnce (60690 ns)
    [ PASSED ] CASE: localDrainQueuesGoAwayAndStopsAdmissionBeforeWriterRuns (46795 ns)
    [ PASSED ] CASE: fabricatedReceiveResultCannotDrainAnOpenCoordinator (57874 ns)
    [ PASSED ] CASE: racingAdmissionAndGoAwayNeverLeavesAnExcludedStreamActive (3945664 ns)
    TCS: Http2HeaderBlockAssemblerTest, time elapsed: 654005 ns, RESULT:
    [ PASSED ] CASE: sameStreamContinuationsAssembleInExactOrder (21536 ns)
    [ PASSED ] CASE: continuationWithoutStartWrongStreamAndInterleavingFailConnection (33554 ns)
    [ PASSED ] CASE: paddingAndPriorityOverheadAreExcludedFromHeaderBytes (14120 ns)
    [ PASSED ] CASE: pushPromiseRetainsPromisedStreamAndFragmentOnly (14346 ns)
    [ PASSED ] CASE: invalidPaddingPriorityAndSelfDependencyFailClosed (31625 ns)
    [ PASSED ] CASE: accumulatedCompressedBytesHaveOneHardLimit (17619 ns)
    TCS: Http2ConnectionHealthTest, time elapsed: 549223 ns, RESULT:
    [ PASSED ] CASE: pingCodecAndConnectionAckPreserveOpaqueBytes (32911 ns)
    [ PASSED ] CASE: idleProbeIsSingleOutstandingAndMatchingAckRestoresHealth (132824 ns)
    [ PASSED ] CASE: ordinaryActivityDefersIdleProbeWithoutAllocatingATimer (25642 ns)
    TCS: Http2ConnectionCloserTest, time elapsed: 1178548 ns, RESULT:
    [ PASSED ] CASE: gracefulCloseSendsGoAwayWaitsForStreamAndClosesTransportOnce (117777 ns)
    [ PASSED ] CASE: expiredCloseAbortsActiveStreamsWithoutStartingGracefulIo (57863 ns)
    [ PASSED ] CASE: racingShorterDeadlineUpgradesInFlightGracefulCloseToOneAbort (77245 ns)
    [ PASSED ] CASE: concurrentGracefulCallersShareOneTerminalResultAndTransportClose (140402 ns)
    [ PASSED ] CASE: failedGracefulTransportCloseFallsBackToOneAbort (92738 ns)
    TCS: HpackBlockTest, time elapsed: 2537965 ns, RESULT:
    [ PASSED ] CASE: rfcRequestBlocksDecodeWithSharedDynamicState (63852 ns)
    [ PASSED ] CASE: encoderMatchesFirstRfcHuffmanRequestExample (75582 ns)
    [ PASSED ] CASE: literalModesPreserveNeverIndexedAndOnlyIncrementalMutatesTable (1271185 ns)
    [ PASSED ] CASE: tableSizeUpdateMustLeadBlockAndRespectAllowedMaximum (36390 ns)
    [ PASSED ] CASE: headerCountListAndCompressedLimitsFailClosed (320963 ns)
    [ PASSED ] CASE: peerCapacityUpdateIsEmittedBeforeHeaders (24709 ns)
    TCS: HpackCoreTest, time elapsed: 1258870 ns, RESULT:
    [ PASSED ] CASE: rfcIntegerVectorsEncodeAndDecodeExactly (20217 ns)
    [ PASSED ] CASE: integerRejectsTruncationOverflowAndInvalidPrefix (40241 ns)
    [ PASSED ] CASE: rawStringRoundTripsAndOwnsItsBytes (24087 ns)
    [ PASSED ] CASE: stringLengthLimitAndTruncationFailBeforeCopy (255758 ns)
    [ PASSED ] CASE: staticTableMatchesRfcBoundariesAndRepresentativeEntries (32757 ns)
    [ PASSED ] CASE: everyStaticEntryHasBoundedRfcAccounting (114911 ns)
    TCS: HpackDynamicTableTest, time elapsed: 1142624 ns, RESULT:
    [ PASSED ] CASE: newestEntryUsesIndexSixtyTwoAndOlderEntriesShift (16124 ns)
    [ PASSED ] CASE: exactRfcAccountingEvictsOldestEntriesFirst (26050 ns)
    [ PASSED ] CASE: oversizedEntryClearsTheEntireTableWithoutInsertion (14993 ns)
    [ PASSED ] CASE: capacityShrinkEvictsImmediatelyAndPeerLimitIsHard (25923 ns)
    [ PASSED ] CASE: withoutIndexingNeverIndexedAndSensitiveNeverEnterState (22611 ns)
    [ PASSED ] CASE: staticAndDynamicSearchReturnCanonicalLowestIndexes (138760 ns)
    [ PASSED ] CASE: zeroCapacityRetainsNoEntries (12693 ns)
    TCS: HpackHuffmanTest, time elapsed: 47809881 ns, RESULT:
    [ PASSED ] CASE: rfcRequestExamplesEncodeAndDecodeExactly (3262731 ns)
    [ PASSED ] CASE: everyOctetRoundTripsWithinAnExplicitBound (41701040 ns)
    [ PASSED ] CASE: huffmanStringLiteralUsesFlagAndSharedBounds (1060339 ns)
    [ PASSED ] CASE: eosInvalidPaddingAndTruncatedPrefixFailClosed (467282 ns)
    [ PASSED ] CASE: decodedAndEncodedOutputLimitsApplyBeforeGrowth (701660 ns)
    TCS: Http2ConnectionReaderTest, time elapsed: 3033014 ns, RESULT:
    [ PASSED ] CASE: oneReaderDecodesEveryByteBoundaryAndDispatchesInWireOrder (379826 ns)
    [ PASSED ] CASE: serverConsumesMagicAndFirstFrameFromTheSameRead (238573 ns)
    [ PASSED ] CASE: eofDuringPrefaceOrFrameFailsAndWakesEveryStream (697506 ns)
    [ PASSED ] CASE: invalidTransportProgressAndHandlerFailureBecomeTerminal (501443 ns)
    [ PASSED ] CASE: readerLoopCanOnlyBeClaimedOnce (228710 ns)
    [ PASSED ] CASE: terminationRegistryIsBoundedRemovableAndExactlyOnce (223057 ns)
    [ PASSED ] CASE: readerRegistryReservesOneListenerBeyondTheStreamLimit (35563 ns)
    TCS: Http2ServerMappingTest, time elapsed: 7052665 ns, RESULT:
    [ PASSED ] CASE: requestHeadMapsPseudoFieldsHostAndContentLength (67663 ns)
    [ PASSED ] CASE: connectAndOptionsTargetsAreMappedStrictly (91296 ns)
    [ PASSED ] CASE: requestRejectsPseudoOrderCaseConnectionAndAuthorityAmbiguity (114567 ns)
    [ PASSED ] CASE: paddedDataReturnsAllFlowCreditAndPublishesTrailers (115757 ns)
    [ PASSED ] CASE: requestQueueIsBoundedBeforeFlowAccountingMutates (79406 ns)
    [ PASSED ] CASE: terminalLengthMismatchDoesNotConsumeFlowWindow (57656 ns)
    [ PASSED ] CASE: responseHeadersBodyFlowAndTrailersMapInOrder (484945 ns)
    [ PASSED ] CASE: streamingResponseMayExceedTheConfiguredRequestBodyBound (642183 ns)
    [ PASSED ] CASE: responseRulesCloseBodiesOnEveryTerminalOrFailurePath (70347 ns)
    [ PASSED ] CASE: handlerRunsOnceAndReleasesRequestOwnership (129517 ns)
    [ PASSED ] CASE: invalidDuplexResponseReleasesPreServeHandoffExactlyOnce (4083760 ns)
    TCS: Http2ServerPushLifecycleTest, time elapsed: 123938531 ns, RESULT:
    [ PASSED ] CASE: largePushDoesNotDelayParentHeadersUntilPushCreditReturns (62201516 ns)
    [ PASSED ] CASE: cancelledPushReleasesItsWorkerSlotForTheNextParent (34698028 ns)
    [ PASSED ] CASE: crossOriginPushIsRejectedAndItsResponseIsClosedBeforeAnyOffer (2690972 ns)
    [ PASSED ] CASE: parentResetWhileWaitingForPushSlotIsRevalidatedBeforeReservation (6892824 ns)
    [ PASSED ] CASE: resetOfBlockedPushDoesNotBlockReaderOrReleaseWorkerSlotEarly (9584659 ns)
    [ PASSED ] CASE: blockingHeaderOnlyBodyCloseDoesNotDelayInboundReset (3315821 ns)
    [ PASSED ] CASE: duplexHandlerReturnAbortsBothStreamDirections (3059230 ns)
    TCS: Http2SettingsTest, time elapsed: 1316438 ns, RESULT:
    [ PASSED ] CASE: codecPreservesKnownUnknownAndRepeatedSettingsInOrder (17599 ns)
    [ PASSED ] CASE: peerBatchAppliesAtomicallyAndReturnsAckAndWindowDelta (18850 ns)
    [ PASSED ] CASE: invalidPeerBatchLeavesEffectiveStateUnchanged (27526 ns)
    [ PASSED ] CASE: localBatchesAreAcknowledgedInFifoOrder (18689 ns)
    [ PASSED ] CASE: unexpectedAckAndPendingBatchOverflowFailClosed (32645 ns)
    [ PASSED ] CASE: advertisedResourceValuesAreCappedByLocalPolicy (29699 ns)
    [ PASSED ] CASE: settingsFrameLengthAndAckPayloadAreRejectedByFrameLayer (46171 ns)
    [ PASSED ] CASE: peerDefaultsAreRfcValuesCappedSeparatelyFromLocalAdvertisement (28578 ns)
    [ PASSED ] CASE: clientPushAdvertisementUsesItsOwnFiniteAdmissionBound (13883 ns)
    [ PASSED ] CASE: serverEnablePushSettingIsRejectedInBothDirections (35685 ns)
    TCS: Http2StreamLifecycleTest, time elapsed: 2634736 ns, RESULT:
    [ PASSED ] CASE: bothEndStreamOrdersReachClosedExactlyOnce (29665 ns)
    [ PASSED ] CASE: initialEndStreamHalfClosesTheInitiatingSide (19432 ns)
    [ PASSED ] CASE: clientAndServerAllocateCorrectMonotonicParity (23372 ns)
    [ PASSED ] CASE: peerParityReuseAndDecreasingIdsFailConnection (39769 ns)
    [ PASSED ] CASE: localAndPeerConcurrencyLimitsAreIndependentAndCapacityReturns (64220 ns)
    [ PASSED ] CASE: invalidHalfClosedDirectionsAndUnknownStreamsFailClosed (70193 ns)
    [ PASSED ] CASE: readerTerminationClosesAndUnregistersEveryActiveStream (46645 ns)
    [ PASSED ] CASE: racingAdmissionNeverExceedsConfiguredBoundOrDuplicatesIds (537266 ns)
    [ PASSED ] CASE: racingEndDirectionsCompleteAndCleanupExactlyOnce (764027 ns)
    TCS: Http2StreamResetManagerTest, time elapsed: 2413428 ns, RESULT:
    [ PASSED ] CASE: rstCodecPreservesKnownAndExtensionCodes (53532 ns)
    [ PASSED ] CASE: localCancelQueuesResetAndReleasesOnlyItsStream (82420 ns)
    [ PASSED ] CASE: peerResetCancelsQueuedDataPermitsAndWakesOwnerOnce (101677 ns)
    [ PASSED ] CASE: resetWakesBlockedServerBodyWithoutClosingConnection (81762 ns)
    [ PASSED ] CASE: racingLocalAndPeerResetCompletesEveryStreamExactlyOnce (1244296 ns)
    [ PASSED ] CASE: queuePressureIsAtomicAndCleanupCreditStaysBoundedForRetry (101639 ns)
    TCS: Http2WriteSchedulerTest, time elapsed: 4235911 ns, RESULT:
    [ PASSED ] CASE: controlPrecedesDataAndPartialWritesDrainGracefully (101276 ns)
    [ PASSED ] CASE: controlBurstIsBoundedAndDataStreamsRotateFairly (356370 ns)
    [ PASSED ] CASE: queueCountAndBytesAreHardAndCancellationReleasesCapacity (88599 ns)
    [ PASSED ] CASE: concurrentProducersStillUseExactlyOneWriter (1235655 ns)
    [ PASSED ] CASE: abortInterruptsActiveWriteAndFailsEveryTicket (62480 ns)
    [ PASSED ] CASE: transportFailureFansOutAndTicketWaitHonorsCancellation (55192 ns)
    [ PASSED ] CASE: reservedDataConsumesFlowOnlyWhenTheWriterClaimsIt (27289 ns)
    [ PASSED ] CASE: serverDataEventTransfersItsPermitBeforeWriterClaim (26534 ns)
    [ PASSED ] CASE: cancellingQueuedReservedDataReturnsAllFlowCapacity (23452 ns)
    [ PASSED ] CASE: admittedHeaderBatchSurvivesResetDuringPartialFirstWrite (62800 ns)
    [ PASSED ] CASE: unstartedEncodedHeaderBatchIsIrrevocableAfterAdmission (34128 ns)
    [ PASSED ] CASE: largeHeaderBatchRemainsContiguousPastControlBurstLimit (81423 ns)
    [ PASSED ] CASE: failedHeaderBatchAdmissionTerminatesScheduler (28715 ns)
    [ PASSED ] CASE: concurrentHeaderBatchesStayContiguousOnTheWire (667954 ns)
Summary: TOTAL: 182
    PASSED: 182, SKIPPED: 0, ERROR: 0
    FAILED: 0
--------------------------------------------------------------------------------------------------
TP: wirestack.tls, time elapsed: 108150141 ns, RESULT:
    TCS: PublicTlsFacadeTest, time elapsed: 75067704 ns, RESULT:
    [ PASSED ] CASE: clientBuilderRejectsReversedVersionRangeBeforeTransportIo (37393628 ns)
    [ PASSED ] CASE: serverBuilderRequiresAnIdentityBeforeTransportIo (8909248 ns)
    [ PASSED ] CASE: clientBuilderCopiesAlpnAndPublishesProviderNeutralCapabilities (8233958 ns)
    [ PASSED ] CASE: preCancelledHandshakeConsumesAndAbortsTheTransport (19162627 ns)
    TCS: TlsM8006ContractTest, time elapsed: 11024088 ns, RESULT:
    [ PASSED ] CASE: externalDecryptionRequestIsStrictlyRawRsaBoundedAndOwned (86703 ns)
    [ PASSED ] CASE: keyLogLineAcceptsOnlyBoundedNssShapeAndOwnsSecrets (101028 ns)
    [ PASSED ] CASE: clientContextRejectsExternalDecryptionBeforeHandshake (10234434 ns)
    TCS: TlsRuntimeTest, time elapsed: 21776088 ns, RESULT:
    [ PASSED ] CASE: reportsHandleFreeLinuxProviderAndBuildIdentity (11712275 ns)
    [ PASSED ] CASE: returnsDefensiveCopiesOfRuntimeInventories (9467080 ns)
Summary: TOTAL: 9
    PASSED: 9, SKIPPED: 0, ERROR: 0
    FAILED: 0
--------------------------------------------------------------------------------------------------
TP: wirestack.net, time elapsed: 1535607743 ns, RESULT:
    TCS: DnsClientWireTest, time elapsed: 985315617 ns, RESULT:
    [ PASSED ] CASE: publicQueryAndLookupUseRealUdpAndRetainAbsoluteCacheExpiry (4075919 ns)
    [ PASSED ] CASE: publicQueryEncodesEveryModeledRecordType (8038438 ns)
    [ PASSED ] CASE: wrongSourceIdAndQuestionAreIgnoredBeforeValidUdpResponse (1041883 ns)
    [ PASSED ] CASE: validatedTruncationFallsBackToExactTcpFrame (1259985 ns)
    [ PASSED ] CASE: activeCancellationRetainsNameserverWithoutRetry (60394603 ns)
    [ PASSED ] CASE: silentDnsAttemptsLeaveBudgetForServerAndPassFailover (506765608 ns)
    [ PASSED ] CASE: exhaustedResponseCodesRetainTheLastRespondingNameserver (4768102 ns)
    [ PASSED ] CASE: unsupportedResponseCodeRetainsRespondingNameserver (2823117 ns)
    [ PASSED ] CASE: dnsTransportFailuresRetainSelectedNameserver (254375307 ns)
    [ PASSED ] CASE: tcpResponseCannotRemainTruncated (2846441 ns)
    [ PASSED ] CASE: malformedMatchingResponseAndUnrelatedSectionsCannotPoisonCache (9608845 ns)
    [ PASSED ] CASE: cnameTraversalUsesAnswerOwnersAndRejectsConflictingTargets (4572954 ns)
    [ PASSED ] CASE: fullResultCapacityDoesNotQueryAnotherFamily (61004136 ns)
    [ PASSED ] CASE: rfc2308CacheRetainsNxdomainVersusNodataWithoutNewPackets (7614751 ns)
    [ PASSED ] CASE: zeroTtlNeverCreatesAPositiveCacheEntry (4798407 ns)
    [ PASSED ] CASE: callerCancellationAndClientCloseWakeActiveNativeReceive (3633315 ns)
    [ PASSED ] CASE: anyFamilyRetainsAddressesWhenTheOtherFamilyFails (8555547 ns)
    [ PASSED ] CASE: crossFamilyConflictsRetainTheLivePeerAlongsideCachedResults (6413054 ns)
    [ PASSED ] CASE: nxdomainInvalidatesVisitedTargetsAndOtherCachedAliases (16593339 ns)
    [ PASSED ] CASE: everyNxdomainInvalidatesPreviouslyCachedAddresses (4601772 ns)
    [ PASSED ] CASE: noncacheableNxdomainStopsOtherFamilyQueries (1953617 ns)
    [ PASSED ] CASE: nameWideNegativeOverridesEarlierFamilyFailure (1957351 ns)
    [ PASSED ] CASE: boundedAdmissionRejectsExcessAndCloseWakesQueuedCallers (1269167 ns)
    TCS: DnsResolverPolicyTest, time elapsed: 296661848 ns, RESULT:
    [ PASSED ] CASE: fromSystemParsesTabsCommentsLastSearchAndClampedNdots (631078 ns)
    [ PASSED ] CASE: directConfigRejectsUnsupportedNameserverZonesBeforeQueries (56787 ns)
    [ PASSED ] CASE: numericNameserverZonesUseCanonicalEndpointIdentity (59227 ns)
    [ PASSED ] CASE: systemNameserversRetainOnlySupportedNumericZones (643326 ns)
    [ PASSED ] CASE: equivalentNameserverScopesDoNotConsumeTheServerLimit (506234 ns)
    [ PASSED ] CASE: configOwnsInputArraysAndReturnsDefensiveCopies (76101 ns)
    [ PASSED ] CASE: adoptedClientRequiresMatchingConfigurationWithoutTakingRejectedOwnership (174983 ns)
    [ PASSED ] CASE: systemFilesFailClosedWhenMissingOversizedOrNonregular (31986636 ns)
    [ PASSED ] CASE: ipv4LiteralsBypassHostsSearchAndNameservers (50556872 ns)
    [ PASSED ] CASE: hostsSnapshotRetainsOnlyUsableIpv6Zones (521574 ns)
    [ PASSED ] CASE: hostsAliasesFilterFamiliesAndRemainSnapshotted (740656 ns)
    [ PASSED ] CASE: trailingRootSkipsSearchWhileNdotsSelectsSearchOrAbsoluteFirst (5895013 ns)
    [ PASSED ] CASE: exactHostsEntryWinsBeforeSearchSuffixDns (200777978 ns)
    [ PASSED ] CASE: cancelledExpiredAndClosedCallsRetainPublicResolveClassifications (328391 ns)
    [ PASSED ] CASE: connectUsesHostsMappingForANativeListenerExchange (581562 ns)
    [ PASSED ] CASE: resolverConnectCarriesOneAbsoluteDeadlineIntoNativeTcpAdmission (295979 ns)
    TCS: DnsWireParserTest, time elapsed: 23198218 ns, RESULT:
    [ PASSED ] CASE: decodesCompressedTargetsBinaryTxtSoaAndUnknownData (117399 ns)
    [ PASSED ] CASE: recordOrderMakesAnswerAuthorityAndAdditionalBoundariesExplicit (49525 ns)
    [ PASSED ] CASE: summariesAndRecordsOwnParserAndConstructorInputs (33291 ns)
    [ PASSED ] CASE: publicSummaryRejectsCountsBeyondWireAndCombinedRecordBounds (21057300 ns)
    [ PASSED ] CASE: parserPreservesQuestionIdentityAndRejectsIncompleteRecords (64467 ns)
    [ PASSED ] CASE: asciiNameProfileRejectsAmbiguousLabels (69960 ns)
    [ PASSED ] CASE: compressionLoopsForwardPointersAndOutOfRangePointersAreRejected (42429 ns)
    [ PASSED ] CASE: expandedNameAndSectionCountsRespectConfiguredBounds (54820 ns)
    [ PASSED ] CASE: completeParserRejectsTrailingAndTruncatedSectionBytes (43328 ns)
    [ PASSED ] CASE: typedRdataLengthsAndTxtSegmentsAreExact (57545 ns)
    [ PASSED ] CASE: compressedRdataNamesCannotConsumeNeighboringRecordBytes (47354 ns)
    [ PASSED ] CASE: srvTargetCompressionIsRejectedEvenWhenPointerIsInBounds (30709 ns)
    [ PASSED ] CASE: summaryConstructorRejectsSectionMetadataThatCouldBlurBoundaries (14508 ns)
    [ PASSED ] CASE: additionalOwnerMayReferenceAuthorityNameserverTarget (41016 ns)
    [ PASSED ] CASE: additionalOwnerMayReferenceSecondLegacyMailboxName (58082 ns)
    TCS: DnsWireFuzzTest, time elapsed: 103083412 ns, RESULT:
    [ PASSED ] CASE: wireMutationsRejectMalformedMessagesOrRetainOwnedSections (102876098 ns)
    TCS: M8002TcpListenerTest, time elapsed: 55336703 ns, RESULT:
    [ PASSED ] CASE: bindRejectsInvalidBacklogAndStoppedContextsWithStructuredErrors (71641 ns)
    [ PASSED ] CASE: bindFailureRetainsPublicCoordinatesAndCause (100692 ns)
    [ PASSED ] CASE: cancelledAndExpiredAcceptsLeaveListenerReusable (22932661 ns)
    [ PASSED ] CASE: acceptedStreamTransfersExactDataInBothDirections (171354 ns)
    [ PASSED ] CASE: overlappingAcceptIsRejectedWithoutCreatingAPendingQueue (30145572 ns)
    [ PASSED ] CASE: stoppedCloseAdmissionHasNoNativeEffectAndListenerRemainsUsable (385408 ns)
    [ PASSED ] CASE: gracefulAndAbortTerminalOwnersAreStableAndWakeAccept (214665 ns)
    TCS: M8002UdpSocketTest, time elapsed: 33981043 ns, RESULT:
    [ PASSED ] CASE: datagramBoundariesAndOwnedPayloadSurviveScratchReuse (316793 ns)
    [ PASSED ] CASE: exactCapacityAndTruncationDiscardOnlyTheCurrentDatagramTail (277574 ns)
    [ PASSED ] CASE: connectedSocketSelectsNativePeerAndFiltersOtherSenders (269439 ns)
    [ PASSED ] CASE: invalidAndUnsupportedInputsLeaveSocketReusable (1780535 ns)
    [ PASSED ] CASE: cancellationDeadlineCloseAndAbortRetainDistinctState (30352511 ns)
    TCS: NetworkFoundationContractTest, time elapsed: 37286247 ns, RESULT:
    [ PASSED ] CASE: unixEndpointFormsAreDistinctAndOwned (11294 ns)
    [ PASSED ] CASE: unixEndpointRejectsUnboundedNames (16858 ns)
    [ PASSED ] CASE: rawSocketCapabilityBoundaryRequiresDomainSpecificProtocol (31355 ns)
    [ PASSED ] CASE: cancelledConnectFailsBeforeSocketCreation (31684 ns)
    [ PASSED ] CASE: tcpStreamCancellationDistinguishesUntouchedFromAbortedDelegate (53611 ns)
    [ PASSED ] CASE: tcpStreamGracefulCloseIsRetainedAndIdempotent (20790 ns)
    [ PASSED ] CASE: tcpStreamTerminalCloseSkipsStoppedContextsAndCallerClock (53371 ns)
    [ PASSED ] CASE: tcpStreamNonterminalStoppedCloseAdmissionStillRejects (44883 ns)
    [ PASSED ] CASE: tcpStreamCloseNormalizesContextFailureWithoutTakingOwnership (35680 ns)
    [ PASSED ] CASE: tcpStreamAbortRetainsItsCauseAndConnectionFacts (72238 ns)
    [ PASSED ] CASE: tcpStreamDirectionalShutdownPublishesOnlySuccessfulTransitions (40894 ns)
    [ PASSED ] CASE: tcpStreamReadShutdownRejectsEveryReadPathWithoutLosingWrites (51798 ns)
    [ PASSED ] CASE: tcpStreamWriteShutdownRejectsEveryWritePathWithoutLosingReads (46767 ns)
    [ PASSED ] CASE: tcpStreamEmptyOperationsRemainImmediateAfterDirectionalShutdown (21877 ns)
    [ PASSED ] CASE: tcpStreamReadExactAddsCapturedEndpointsToUnexpectedEof (27432 ns)
    [ PASSED ] CASE: tcpStreamReadKeepsPeerEofGraceful (18829 ns)
    [ PASSED ] CASE: tcpStreamReadExactMergesCapturedAndStructuredEndpointMetadata (39601 ns)
    [ PASSED ] CASE: tcpStreamIoConflictsRetainCapturedEndpointsWithoutClosing (84121 ns)
    [ PASSED ] CASE: tcpStreamDirectionalShutdownDoesNotPromoteWokenIoToFailure (116172 ns)
    [ PASSED ] CASE: tcpStreamFinalShutdownRemainsGracefulWhenItWakesIo (44847 ns)
    [ PASSED ] CASE: tcpStreamFailuresRetainOriginalErrorAndReleaseDelegate (64086 ns)
    [ PASSED ] CASE: tcpStreamRetainsNativeCancellationOwnership (1247174 ns)
    [ PASSED ] CASE: tcpStreamNormalizesUnexpectedDelegateFailures (151841 ns)
    [ PASSED ] CASE: tcpStreamPrecancelledIoCannotClaimAnotherClosesOwnership (116651 ns)
    [ PASSED ] CASE: tcpStreamCancellationOwnershipSurvivesOtherObservers (86643 ns)
    [ PASSED ] CASE: tcpStreamAbortCannotRelabelClaimedGracefulNativeClose (40130 ns)
    [ PASSED ] CASE: tcpStreamAbortOwnershipSurvivesCompetingIoAndLateCloseFailure (64574 ns)
    [ PASSED ] CASE: tcpStreamCancellationBoundsCloseWaitAndLateSuccessRemainsGraceful (79740 ns)
    [ PASSED ] CASE: tcpStreamJoiningBackgroundCloseWaitsForCompletion (28117383 ns)
    [ PASSED ] CASE: tcpStreamDeadlineBoundsCloseWaitAndLateSuccessRemainsGraceful (79076 ns)
    [ PASSED ] CASE: tcpStreamLateCloseFailurePublishesFailedWithoutReplacingCallerCancellation (98181 ns)
    [ PASSED ] CASE: tcpStreamAbortRemainsTerminalWhenDetachedCloseFailsLate (109064 ns)
    [ PASSED ] CASE: tcpStreamCloseKeepsGracefulCauseWhenItWakesARead (49716 ns)
    [ PASSED ] CASE: unsafeOptionValueIsBoundedAndOwnedWithoutApplyingIt (88529 ns)
    [ PASSED ] CASE: datagramResultEnforcesTheIpv4PayloadBound (2200706 ns)
    [ PASSED ] CASE: datagramResultSurvivesReceiveBufferReuse (12843 ns)
Summary: TOTAL: 103
    PASSED: 103, SKIPPED: 0, ERROR: 0
    FAILED: 0
--------------------------------------------------------------------------------------------------
TP: wirestack.internal.common, time elapsed: 3660231 ns, RESULT:
    TCS: EndpointTest, time elapsed: 2297462 ns, RESULT:
    [ PASSED ] CASE: acceptsTypedIpv4AndIpv6WithoutDns (339000 ns)
    [ PASSED ] CASE: addressOwnsAnImmutableOctetSnapshot (32036 ns)
    [ PASSED ] CASE: rejectsWrongLengthsAndIpv4Zones (68278 ns)
    [ PASSED ] CASE: ipv6ZoneAndPortBoundariesRemainTypedIdentity (32079 ns)
    [ PASSED ] CASE: rejectsEmptyAndOversizedIpv6Zones (49806 ns)
    TCS: HostNameTest, time elapsed: 1233443 ns, RESULT:
    [ PASSED ] CASE: canonicalizesAsciiCaseAndOneRootDot (66057 ns)
    [ PASSED ] CASE: rejectsAmbiguousOrInvalidDnsNames (166778 ns)
    [ PASSED ] CASE: acceptsAsciiALabelAndExactDnsLengthBoundaries (112150 ns)
    [ PASSED ] CASE: rejectsOneByteBeyondLabelAndHostLimits (53717 ns)
Summary: TOTAL: 9
    PASSED: 9, SKIPPED: 0, ERROR: 0
    FAILED: 0
--------------------------------------------------------------------------------------------------
TP: wirestack.http, time elapsed: 11246230708 ns, RESULT:
    TCS: RequestBodyTest, time elapsed: 5390078 ns, RESULT:
    [ PASSED ] CASE: byteBodiesOwnInputAndReplayWithIndependentOffsets (767840 ns)
    [ PASSED ] CASE: emptyAndUtf8StringBodiesHaveExactLengths (109361 ns)
    [ PASSED ] CASE: oneShotBodyCanOnlyBeClaimedOnce (174779 ns)
    [ PASSED ] CASE: factoryMustReturnTheDeclaredLengthAndMismatchIsClosed (74286 ns)
    [ PASSED ] CASE: closedStreamRejectsFurtherReads (74951 ns)
    [ PASSED ] CASE: fileBodyStreamsAndReopensWithoutEagerReads (489313 ns)
    [ PASSED ] CASE: fileBodyRejectsOversizeAndChangesBeforeOpen (337311 ns)
    TCS: HttpClientExtensionsTest, time elapsed: 58417094 ns, RESULT:
    [ PASSED ] CASE: nativeCookiesAndServiceHooksSurviveThrowingPoolObservers (46461533 ns)
    [ PASSED ] CASE: mismatchedUpgradePairingsNeverOpenConnections (172778 ns)
    [ PASSED ] CASE: unavailableServerPushClosesTheOwnedResponse (11020255 ns)
    TCS: HttpCookieJarTest, time elapsed: 234499864 ns, RESULT:
    [ PASSED ] CASE: cookieSerializesStandardMetadataWithoutInventingBrowserPolicy (33697 ns)
    [ PASSED ] CASE: hostOnlyAndDomainCookiesDoNotLeakAcrossDnsBoundaries (213292 ns)
    [ PASSED ] CASE: bundledPublicSuffixRulesProtectRegistrableBoundariesByDefault (705492 ns)
    [ PASSED ] CASE: defaultPathAndPathMatchUseDirectoryAndSlashBoundaries (111828 ns)
    [ PASSED ] CASE: maxAgeTakesPrecedenceAndNonPositiveValuesDeleteTheIdentity (143022 ns)
    [ PASSED ] CASE: secureMetadataControlsTransportAndHttpOnlyDoesNotChangeWireSelection (56524 ns)
    [ PASSED ] CASE: valuedSecureAttributeCannotLeakCookiesToCleartext (91876 ns)
    [ PASSED ] CASE: cleartextOriginsCannotCreateOrOverlaySecureCookies (253811 ns)
    [ PASSED ] CASE: cleartextQuotaFloodCannotEvictSecureIdentityAndInstallReplacement (158148 ns)
    [ PASSED ] CASE: allSecureQuotaRejectsCleartextInsertionsFromBothStorageEntrypoints (99582 ns)
    [ PASSED ] CASE: rejectsHeaderInjectionAndInvalidCookieOctetsBeforeStorage (73788 ns)
    [ PASSED ] CASE: capacityHeaderBoundsAndReplacementRemainDeterministic (78351 ns)
    [ PASSED ] CASE: removalClearAndSnapshotsExposeOnlyLiveImmutableCookies (63527 ns)
    [ PASSED ] CASE: concurrentStoresAndReadsRemainRaceFreeAndBounded (1407985 ns)
    [ PASSED ] CASE: boundedSetCookieMutationsPreserveScopeAndHeaderSafety (229386579 ns)
    TCS: Http1DeterministicFuzzTest, time elapsed: 9254377 ns, RESULT:
    [ PASSED ] CASE: acceptedUrlMutationsRoundTripToOneCanonicalIdentity (5821834 ns)
    [ PASSED ] CASE: acceptedNoProxyMutationsRemainDeterministicAcrossTargets (2860553 ns)
    [ PASSED ] CASE: proxyAuthorizationMutationCannotInjectBeforeDnsOrConnect (186303 ns)
    TCS: HttpErrorTest, time elapsed: 407322 ns, RESULT:
    [ PASSED ] CASE: publicGetMapsInvalidUrlWithoutNetworkSideEffects (145828 ns)
    [ PASSED ] CASE: classifierProvidesStableHttpFailureCodes (36994 ns)
    TCS: HttpFacadeTest, time elapsed: 679276648 ns, RESULT:
    [ PASSED ] CASE: requestCancellationOutlivesCompletedParentWhileTransferredPushStalls (66976009 ns)
    [ PASSED ] CASE: cancellationWrapperPreservesProtocolCompletionPolicy (27552 ns)
    [ PASSED ] CASE: typedCancellationHandlesAreScopedIdempotentAndStopBeforeNetworkIo (2813727 ns)
    [ PASSED ] CASE: publicHttp1ConnectionHandleCancelsBodyAndLeavesClientReusable (7839228 ns)
    [ PASSED ] CASE: publicHttp2StreamAndConnectionHandlesRespectTheirScopes (71874206 ns)
    [ PASSED ] CASE: publicHttp2SlowStreamCannotStarveOneTenOrHundredSiblings (155582239 ns)
    [ PASSED ] CASE: tlsHttp2StreamLimitIsAppliedAcrossConcurrentPublicRequests (30485790 ns)
    [ PASSED ] CASE: tlsFacadeNegotiatesHttp2AndMapsBodyTrailersAndResponse (39405617 ns)
    [ PASSED ] CASE: explicitResolverConnectsPublicClientAndServer (1876777 ns)
    [ PASSED ] CASE: defaultSystemResolverConnectsPublicClientAndServer (261930095 ns)
    [ PASSED ] CASE: clientFollowsOriginRelativeRedirectEndToEnd (3231149 ns)
    [ PASSED ] CASE: clientRetriesOneTemporaryDnsFailureWithinTheSameDeadline (1963133 ns)
    [ PASSED ] CASE: forwardProxyUsesAbsoluteFormIndependentDnsAndHookCredentials (2172424 ns)
    [ PASSED ] CASE: serverBuilderRequiresEndpointAndHandler (34399 ns)
    [ PASSED ] CASE: tlsServerConfigFailsClosedBeforeBinding (182220 ns)
    [ PASSED ] CASE: followedHttp2RedirectClosesUnclaimedPushBeforeClientTeardown (30425212 ns)
    TCS: Http2ConcurrentResponseBodyTest, time elapsed: 26920211 ns, RESULT:
    [ PASSED ] CASE: twoPublicHttp2BodiesCompleteIndependently (26732946 ns)
    TCS: FileHandlerTest, time elapsed: 11422010 ns, RESULT:
    [ PASSED ] CASE: confinedDownloadRejectsTraversalAndSymlinkWhileOpenBodyOutlivesHandler (4286895 ns)
    [ PASSED ] CASE: uploadPublishesOneCompleteBinaryFileAndNeverPublishesRejectedMultipart (6415397 ns)
    [ PASSED ] CASE: uploadCommitChecksContextAfterDurabilityBeforePublication (288513 ns)
    TCS: HttpMessageTest, time elapsed: 1371071 ns, RESULT:
    [ PASSED ] CASE: requestFactoriesProduceImmutableProtocolNeutralModels (69293 ns)
    [ PASSED ] CASE: responseEofCompletesObserverExactlyOnce (28856 ns)
    [ PASSED ] CASE: earlyCloseAbandonsObserverExactlyOnce (37908 ns)
    [ PASSED ] CASE: readFailureClosesAndAbandonsTheBody (30386 ns)
    [ PASSED ] CASE: emptyDestinationDoesNotMistakeNoProgressForEof (19752 ns)
    [ PASSED ] CASE: boundedDrainCompletesOnlyWhenEofIsProven (32137 ns)
    [ PASSED ] CASE: invalidSourceProgressFailsClosed (29637 ns)
    [ PASSED ] CASE: responseRejectsInvalidStatusAndReason (45643 ns)
    TCS: MultipartTest, time elapsed: 4005770556 ns, RESULT:
    [ PASSED ] CASE: writerStreamsExactBinaryFramingAndReplaysIndependently (375610 ns)
    [ PASSED ] CASE: boundarySeparatorsRoundtripThroughContentTypeAndBody (1801111 ns)
    [ PASSED ] CASE: readerPreservesBinaryWhenEveryDelimiterIsSplitAcrossReads (754779 ns)
    [ PASSED ] CASE: closingPartDiscardsOnlyThatPartAndReleasesNextPart (858840 ns)
    [ PASSED ] CASE: malformedAndConfiguredLimitsCloseOwnedSource (208225 ns)
    [ PASSED ] CASE: partCountLimitRejectsBeforeParsingUnboundedAdditionalMetadata (259395 ns)
    [ PASSED ] CASE: boundedDeterministicWireMutationsAreChunkIndependent (3996372432 ns)
    [ PASSED ] CASE: deterministicMutationHarnessEnforcesSmallLimitsAndOwnedClosure (3933935 ns)
    TCS: HttpModelTest, time elapsed: 1542809 ns, RESULT:
    [ PASSED ] CASE: methodSupportsStandardAndExtensionTokens (29577 ns)
    [ PASSED ] CASE: headersPreserveOrderAndMultipleValues (34426 ns)
    [ PASSED ] CASE: headersOwnTheirInputAndOutputArrays (17639 ns)
    [ PASSED ] CASE: builderSetAndRemoveUseCaseInsensitiveNames (37366 ns)
    [ PASSED ] CASE: rejectsInjectionAndInvalidNames (38923 ns)
    [ PASSED ] CASE: enforcesCountLineAndTotalLimits (25920 ns)
    [ PASSED ] CASE: urlNormalizesSchemeHostAndDefaultTarget (23121 ns)
    [ PASSED ] CASE: urlPreservesExplicitPortPathAndQuery (24919 ns)
    [ PASSED ] CASE: urlRequiresBracketedIpv6AndKeepsQueryOnlyTargetValid (16637 ns)
    [ PASSED ] CASE: urlRejectsAmbiguousAndUnsafeInputs (149207 ns)
    [ PASSED ] CASE: trailerRejectsRoutingAndFramingFields (112384 ns)
    TCS: HttpProxyPolicyTest, time elapsed: 781184 ns, RESULT:
    [ PASSED ] CASE: noProxyMatchesDnsBoundariesAndOptionalPorts (89104 ns)
    [ PASSED ] CASE: noProxyMatchesTypedIpLiteralsExactlyAndWildcardExplicitly (57975 ns)
    [ PASSED ] CASE: endpointsRetainDnsIpv4AndIpv6RouteIdentity (21015 ns)
    [ PASSED ] CASE: routeSelectionUsesNoProxyWithoutCallingAuthorizationHook (102474 ns)
    [ PASSED ] CASE: rejectsAmbiguousNoProxyPatternsAndEndpointPorts (33560 ns)
    TCS: HttpRedirectPolicyTest, time elapsed: 1238427 ns, RESULT:
    [ PASSED ] CASE: rewritesPostOn302AndRemovesBodyHeaders (87010 ns)
    [ PASSED ] CASE: stripsSensitiveHeadersOnlyAcrossOrigins (118489 ns)
    [ PASSED ] CASE: rejectsDowngradeLimitAndOneShotReplay (232305 ns)
    [ PASSED ] CASE: resolvesSchemeRelativeAndQueryOnlyLocations (107762 ns)
    [ PASSED ] CASE: resolvesRelativePathsAndRemovesDotSegments (139886 ns)
    TCS: HttpRetryPolicyTest, time elapsed: 553415 ns, RESULT:
    [ PASSED ] CASE: retriesOnlyIdempotentReplayableStructuredFailures (54459 ns)
    [ PASSED ] CASE: explicitSafetyAllowsPostButDisabledAndOneShotFailClosed (45667 ns)
    [ PASSED ] CASE: cancellationDeadlineUnknownAndNeverAreNotRetried (36816 ns)
    [ PASSED ] CASE: goAwayRetriesOnlyDefinitelyUnprocessedSafeReplayableRequests (44709 ns)
    TCS: Http1SseStreamingProfileTest, time elapsed: 3006848034 ns, RESULT:
    [ PASSED ] CASE: http1StreamsWithoutLifetimeAccumulationAndCancels (3006646253 ns)
    TCS: Http2SseStreamingProfileTest, time elapsed: 3024629189 ns, RESULT:
    [ PASSED ] CASE: http2StreamsWithoutLifetimeAccumulationAndPreservesSibling (3024196560 ns)
    TCS: M2005SystemResolverTest, time elapsed: 9565749 ns, RESULT:
    [ PASSED ] CASE: resolvesLocalhostThroughThePublicContract (8146943 ns)
    [ PASSED ] CASE: fixtureReturnsAllCandidatesAndDoesNotInventTtl (22027 ns)
    [ PASSED ] CASE: fixtureAppliesFamilyAndResultBounds (15354 ns)
    [ PASSED ] CASE: fixtureMapsStableErrorsAndRetainsNativeEvidence (16218 ns)
    [ PASSED ] CASE: fixtureCancellationAndDeadlineReturnBeforeNativeCleanup (17486 ns)
    [ PASSED ] CASE: validatesBoundsAndRejectsUseAfterClose (144044 ns)
    TCS: WebSocketHandshakeTest, time elapsed: 53043028 ns, RESULT:
    [ PASSED ] CASE: nativeHttp1UpgradeTransfersFramesAndClosesSession (5377576 ns)
    [ PASSED ] CASE: nativeHttp2ExtendedConnectKeepsSiblingRequestsUsable (47200289 ns)
    TCS: WebSocketConnectionTest, time elapsed: 111931674 ns, RESULT:
    [ PASSED ] CASE: fragmentedUtf8AndAutomaticPongSurviveOneByteTransportReads (207590 ns)
    [ PASSED ] CASE: preCancelledSendPerformsNoIoAndLeavesUntouchedSessionHealthy (142288 ns)
    [ PASSED ] CASE: fragmentedMessageBoundRejectsBeforeWritingAndPreservesProgression (175521 ns)
    [ PASSED ] CASE: roleMaskingAndNonCanonicalLengthFailClosedWithProtocolStatus (286714 ns)
    [ PASSED ] CASE: fragmentedTextRejectsInvalidContinuationAtTheMessageBoundary (157802 ns)
    [ PASSED ] CASE: gracefulCloseEchoesStatusAndCompletesBothOwners (205118 ns)
    [ PASSED ] CASE: handshakeCryptoMatchesRfcVectorAndReturnsCanonicalFreshKeyShape (77971 ns)
    [ PASSED ] CASE: framePayloadIsOwnedAndCloseInputIsStrict (62677 ns)
    [ PASSED ] CASE: boundedDeterministicWireMutationsAreSplitInvariantAndFailClosed (109268440 ns)
Summary: TOTAL: 113
    PASSED: 110, SKIPPED: 3, ERROR: 0
    FAILED: 0
--------------------------------------------------------------------------------------------------
Project tests finished, time elapsed: 42939669240 ns, RESULT:
TP: wirestack.*, time elapsed: 42939597449 ns, RESULT:
    PASSED:
    TP: wirestack.internal.platform.linux, time elapsed: 16254248 ns
    TP: wirestack.internal.common, time elapsed: 3660231 ns
    TP: wirestack.internal.transport, time elapsed: 182525863 ns
    TP: wirestack.internal.trust, time elapsed: 37533444 ns
    TP: wirestack.internal.http2, time elapsed: 2840277210 ns
    TP: wirestack.internal.resolver, time elapsed: 40896051 ns
    TP: wirestack.internal.tls_engine, time elapsed: 25005239262 ns
    TP: wirestack.internal.connector, time elapsed: 12718906 ns
    TP: wirestack.tls, time elapsed: 108150141 ns
    TP: wirestack.internal.http1, time elapsed: 1540747473 ns
    TP: wirestack.internal.transport_stdnet, time elapsed: 215667646 ns
    TP: wirestack.net, time elapsed: 1535607743 ns
    TP: wirestack.http, time elapsed: 11246230708 ns
Summary: TOTAL: 803
    PASSED: 780, SKIPPED: 23, ERROR: 0
    FAILED: 0
--------------------------------------------------------------------------------------------------
cjpm test success
