M7-022 Linux release soak: FAIL: SOAK_ALREADY_RUNNING: another invocation is active
M0-016 validation: PASS
architecture guard: PASS
{"artifacts": {"api": "docs/api/generated/api-surface.json", "coverage": "docs/api/generated/coverage.json", "docs": "docs/api/generated/docs.json", "markdown": "docs/api/generated/markdown"}, "cjdoc": {"path": "<repo-root>-pr-worktrees/M8-004-recovery-tools/cjdoc/bin/cjdoc", "version": "0.7.2"}, "combined": {"apiEntries": 1481, "apiSha256": "cb8de6f898a5ba5fc54f3f084cf15df9d40b1504f9be408e286802a2370d80cc", "coverage": {"parameters": {"documented": 717, "percent": 100, "total": 717}, "symbols": {"documented": 1481, "percent": 100, "total": 1481}}, "coverageSha256": "4fcb7e38bfcd9a89ac1a8a3c695c14de6d6dc4383905b9fa4a59deeb9f29ee1d", "declarations": 2450, "docsSha256": "7c7955fdf8cf5754cac71ebf6351ea099c59e726216d6a6cdc3b32bdc40bf7d4", "markdownSha256": "988b54088600cbe0a4c63d442b309d59a3f11ecb93cf3db6b5ced6bd4f632518", "package": "combined", "status": "PASS"}, "commands": [{"kind": "check", "package": "wirestack", "returncode": 0, "status": "PASS", "stderr": "documentation coverage: symbols 662/662 (100%), parameters 262/262 (100%)\n", "stderr_truncated": false, "stdout": "", "stdout_truncated": false}, {"kind": "generate", "package": "wirestack", "returncode": 0, "status": "PASS", "stderr": "", "stderr_truncated": false, "stdout": "generated /tmp/wirestack-m7-033-0ixbg_pl/wirestack/output\n", "stdout_truncated": false}, {"kind": "check", "package": "wirestack.http", "returncode": 0, "status": "PASS", "stderr": "documentation coverage: symbols 1064/1064 (100%), parameters 482/482 (100%)\n", "stderr_truncated": false, "stdout": "", "stdout_truncated": false}, {"kind": "generate", "package": "wirestack.http", "returncode": 0, "status": "PASS", "stderr": "", "stderr_truncated": false, "stdout": "generated /tmp/wirestack-m7-033-0ixbg_pl/wirestack-http/output\n", "stdout_truncated": false}, {"kind": "check", "package": "wirestack.tls", "returncode": 0, "status": "PASS", "stderr": "documentation coverage: symbols 838/838 (100%), parameters 326/326 (100%)\n", "stderr_truncated": false, "stdout": "", "stdout_truncated": false}, {"kind": "generate", "package": "wirestack.tls", "returncode": 0, "status": "PASS", "stderr": "", "stderr_truncated": false, "stdout": "generated /tmp/wirestack-m7-033-0ixbg_pl/wirestack-tls/output\n", "stdout_truncated": false}, {"kind": "check", "package": "wirestack.net", "returncode": 0, "status": "PASS", "stderr": "documentation coverage: symbols 903/903 (100%), parameters 433/433 (100%)\n", "stderr_truncated": false, "stdout": "", "stdout_truncated": false}, {"kind": "generate", "package": "wirestack.net", "returncode": 0, "status": "PASS", "stderr": "", "stderr_truncated": false, "stdout": "generated /tmp/wirestack-m7-033-0ixbg_pl/wirestack-net/output\n", "stdout_truncated": false}, {"kind": "check", "package": "combined", "returncode": 0, "status": "PASS", "stderr": "documentation coverage: symbols 1481/1481 (100%), parameters 717/717 (100%)\n", "stderr_truncated": false, "stdout": "", "stdout_truncated": false}, {"kind": "generate", "package": "combined", "returncode": 0, "status": "PASS", "stderr": "", "stderr_truncated": false, "stdout": "generated /tmp/wirestack-m7-033-0ixbg_pl/combined/output\n", "stdout_truncated": false}], "expectedCjdoc": "0.7.2", "generatedAtUtc": "2026-09-14T07:15:54.263364Z", "issues": [], "layers": [{"apiEntries": 662, "apiSha256": "18ef8b0e5e6dd34daae0b7bfc98e0c0c370f7237eb07e72e432c76a13726a88e", "coverage": {"parameters": {"documented": 262, "percent": 100, "total": 262}, "symbols": {"documented": 662, "percent": 100, "total": 662}}, "coverageSha256": "a33481d03da902371e26245f67bb94f450d89ef66b9c0ad36bac6970eaf207b4", "declarations": 808, "docsSha256": "df3c07c4f0458a36021e9f7928e3e0fdbde27785c527e9d40ac60e00094f1014", "markdownSha256": "3055a19762b460c1f977ca0ed29a1154c7af8cda9d232351ef2bba0e2b409b45", "package": "wirestack", "status": "PASS"}, {"apiEntries": 1064, "apiSha256": "df063511115594aeb57225f01bb32c12549ec6888a45469c93fd0f19a7229a49", "coverage": {"parameters": {"documented": 482, "percent": 100, "total": 482}, "symbols": {"documented": 1064, "percent": 100, "total": 1064}}, "coverageSha256": "a5043809b426f1ca07c8ae09cfd3230e98484f4d664c61af9e977222ce072dfc", "declarations": 1732, "docsSha256": "7c220e541cac8832664b2ca81fd572a9672e1f111437a759d3eecef581d186af", "markdownSha256": "b90982339ea708b7f7715aac927745b2581b6855195119690f6e0f5582139392", "package": "wirestack.http", "status": "PASS"}, {"apiEntries": 838, "apiSha256": "3de4d04409af0f532e8a5ccb3cf2790eafbcecbc9e2d8b92144e2e2db31fcdc0", "coverage": {"parameters": {"documented": 326, "percent": 100, "total": 326}, "symbols": {"documented": 838, "percent": 100, "total": 838}}, "coverageSha256": "9911e669daf6b58625ce5c52ba3482cd983ccf34a95439d3d47d87113d5757c1", "declarations": 1014, "docsSha256": "9f261ea3c18964b0dfa3d252e0d00bc0f1e37f0788b8679e97f7cce31d4ed15b", "markdownSha256": "f11ae8b6080dd249c5c33562a00732f7bbd35c67e423c0bcfc39ae9935b07646", "package": "wirestack.tls", "status": "PASS"}, {"apiEntries": 903, "apiSha256": "cd4df30531ee0650e00fcd40cfbb9e53492082530725e8a9be73be80110505cd", "coverage": {"parameters": {"documented": 433, "percent": 100, "total": 433}, "symbols": {"documented": 903, "percent": 100, "total": 903}}, "coverageSha256": "6371ebd2d7a1b2ee19d799c9f26f93f4c0d25f2647e34ee6622e4e4a29d4b78a", "declarations": 1320, "docsSha256": "c70598deda76080c81076f9ec59bdcfd7362edc37ddeea322bfc6770e9b54391", "markdownSha256": "c665cef542630b9fbda37c53b17bfede25aa487c50b010430c1047257d4e1bfe", "package": "wirestack.net", "status": "PASS"}], "platform": {"libc": "glibc", "machine": "x86_64", "system": "Linux"}, "schemaVersion": 1, "sourceSha256": {"src/byte_span.cj": "4b38c6d184e172a56f0c39308294cbd2485ff683aba4f27028abe07c2b4661c4", "src/cancellation.cj": "c023b65acab9740096dc1ec9a770cf59d7361b2fec3dcdeebb3cc6033d78034d", "src/common.cj": "7a6d9bf1bd56bb9c5209152b2482dee044027f8d348233dcd6cc7b87d1c866e3", "src/deadline.cj": "15c5fd0c7f2dcfb4be7150359990c7c35cde11aa3332f80a9efe9f79e431a7c4", "src/hostname_verifier.cj": "a0d06b89cf163b91339e5690bf1d15d8e94bd4912c2792b35e0cdd09d4e34989", "src/http/cancellation.cj": "8ff94be6a771af4c56dab7dc982fca0a16e6df1da4d1a14303dfc179f9225537", "src/http/client.cj": "97131a36c964f68cbc6697a87a4fd5fe81a5a0d146dee3355b4386a47f97c628", "src/http/cookie.cj": "5326d61b5121e75e56750a29c960dc97e9b7fc34ba10f62236e3b19adbaee1d8", "src/http/duplex.cj": "e81f52f4efbc0b728a1891d67bc0f3a6292af471d16d992b65e2055e44ffac24", "src/http/error.cj": "d88c54a157e02063ab4048c197631daba3642a9618672841e4b98d3a25d275ad", "src/http/file_handler.cj": "2706ddeadba5c448a9bdf9ed1b604d5fe56c527b001d28ecb3b558b93728df74", "src/http/hooks.cj": "0b6016a645fd69bbb8743e5abfed22b4c325286a450587b4ff87b722ef04f2ed", "src/http/multipart.cj": "506c82b691fa280fc147fa7d6f73aa5ed7b1045f5fa1122bd7c667a62aead36e", "src/http/package.cj": "edae278034e8047e77649badec506b86ff2e6f3fc530d3eaf68394f77ff43ca0", "src/http/proxy.cj": "9576c9b153192c93943911557e8cce25f567e5ad0357074189437cc17af6fe1d", "src/http/redirect.cj": "e7e9f07fa0bb79299e46c1320b32daf238e702b66fcb8e1368439723d74d96b4", "src/http/resolver.cj": "8c44e5ff6961122d6483c22546a26dab02e8414b88d5e18b954ddcf0b3ff29e4", "src/http/retry.cj": "e889370833f2d5b7df07d4cd13aa3068ab6262e1c2252728cbcc99c788b4199b", "src/http/server.cj": "52ede5995cf2b5ac64948b36334eadd9782cdcaa26e4c2bf3914a85e25cdb529", "src/http/tls.cj": "b232989ad8c4e73d4480dcae4ce40aae55fbedf9ce13b5922cc61b8a6e8a1e62", "src/http/upgrade.cj": "3bf29c0ad5b9fd19f5b2d994d36abcf76cbcc7d22d46c18991378aab705e0f73", "src/http/websocket.cj": "1eafd0d9f728592adea31d4397a8173c98d6ad3551ab4ed84d3b77623b787ba7", "src/http/websocket_handshake.cj": "db5d899be8d22022db1e7aed502ad36c3cc5e52d6dbae8dce53112f797276d59", "src/http_body.cj": "49b72ad2517213133eb693a190061050b655edb02df01eaa414db216c60fc4fe", "src/http_contract.cj": "39d7fe3885f50211393d9e03dc478b7370566bf7b7b3d3f20d0a5d3de3dc9259", "src/http_message.cj": "4033d25f42135e43f498f11d2b459512dcb7c45bce6e91efaa85b18a053e8ef1", "src/http_model.cj": "993ad73017a4da224b98f851e1e39d46fe6016502044b934f7ab191fb0da5a8c", "src/http_push.cj": "5dde5a1ff4cee87c947c1867e56fe0e7b9d2a38e2ca91a597f5a8deb4c2fc20f", "src/http_url.cj": "074cc811771e49030292b278252947af9f29476f67e9fd53f6a82ac473690955", "src/net/datagram_socket_core.cj": "2095e7d3a02c805c3018badf7045b0d76a42a56e101a2e08867f32b676c34ae6", "src/net/dns_client.cj": "a63095f98489b93b83f76cebc878678391d338f9080e15cf2ea7277ff6562622", "src/net/dns_resolver.cj": "65b410bda4ed26d315848f68bdd70b432101153b12e3c5d6dcccd8bea14ec183", "src/net/dns_wire.cj": "08b6bfb5fb7b46502a2a897f44a251765947359408398bcb93442504de28bde0", "src/net/package.cj": "05ee39721856fab3dc82dc4a83baaa0adfd9bb8af4fb38e0af41d4f5cb4430cc", "src/net/tcp_listener.cj": "7735311cd3aa657a3be9a37216cb5a1b404854932ab66480ea78b9f42a2b2b1f", "src/net/udp_socket.cj": "a59cba97d797a3800338f6a8594bfcd0f93456fc926421b2f9bce81149c9546b", "src/net/unix_datagram_socket.cj": "7447856c277d45d943087e3285fd0ade950cf7047fbf232052e1cd9d0a730511", "src/net/unix_listener.cj": "aa964800977f95ff67a6351a91c16d950324bbe0c50d7b01c5f1484f06e01967", "src/net/unix_stream.cj": "399aeac5d19f6457e2342fd7b1af3a76943f00db50a21c1474bed3b3141acb8b", "src/network_error.cj": "4e272f9b9887804f0de87ec032d442a69b49803da66bffa005b7f0282aadc5e5", "src/network_event.cj": "55d93c151752e76c80c441e4bfc639f7d6da77e89ed582bae2ba6a43cdcc3084", "src/operation_context.cj": "523a1c1efaab2f3e6ba0755386460ea504a2caa8ef1453a18134f950c6e1234d", "src/package.cj": "f9035aacfa24f06fe88eda3f16a5cbcf5dbf482b2d86776ea27e09e4861e93d7", "src/private_key_contract.cj": "cb03bb9badc0552c2ac66dbb6bf4842559b5ea17b2aa77284e817a78d63c6e84", "src/resolver.cj": "7b2129a0e3fd4be72ad2dd6adaf0053d5de23a08214157c931d38d7627154b23", "src/tls/facade.cj": "e7d4d1be6695abeb50c9ca8490817f2ef56b9a812f5be58cf9717ec4d3992077", "src/tls/identity.cj": "055c4232b9e44ff3cc768a09f023cd7a19174f5ce0d4dc263ca675af90660d19", "src/tls/package.cj": "5afa752de915ccff3866a81b9dbd0e6d3da1df01e1ecfa7180eb42709694d2b9", "src/tls_contract.cj": "1cbeb94013b9a2b946dd731b335554340862388feadf354162a2f2320bb6dac1", "src/transport.cj": "6781aa3bf538523e02c4807eebff7ac37a773e5dc9bdb427e6a56ace3a0b7033", "src/trust.cj": "f64b49d84a58e034e3976089211f7b645b42e5bc51dbc353f2e0bcec14d17aba"}, "status": "PASS", "targetCfg": {"arch": "x86_64", "env": "gnu", "os": "Linux"}, "taskId": "M7-033"}
The valid serial compilation order is:
    wirestack -> wirestack.internal -> wirestack.internal.identity -> wirestack.internal.platform -> wirestack.internal.platform.android -> wirestack.internal.platform.apple -> wirestack.internal.platform.harmony -> wirestack.internal.platform.linux -> wirestack.internal.platform.windows -> wirestack.internal.common -> wirestack.internal.http_files -> wirestack.internal.http_model -> wirestack.internal.transport -> wirestack.internal.trust -> wirestack.internal.http2 -> wirestack.internal.resolver -> wirestack.internal.tls_engine -> wirestack.internal.connector -> wirestack.tls -> wirestack.internal.http1 -> wirestack.internal.transport_stdnet -> wirestack.net -> wirestack.http
cjpm check success
cjpm build success
--------------------------------------------------------------------------------------------------
TP: wirestack.internal.common, time elapsed: 2981681 ns, RESULT:
    TCS: EndpointTest, time elapsed: 1893572 ns, RESULT:
    [ PASSED ] CASE: acceptsTypedIpv4AndIpv6WithoutDns (328140 ns)
    [ PASSED ] CASE: addressOwnsAnImmutableOctetSnapshot (21572 ns)
    [ PASSED ] CASE: rejectsWrongLengthsAndIpv4Zones (54297 ns)
    [ PASSED ] CASE: ipv6ZoneAndPortBoundariesRemainTypedIdentity (29294 ns)
    [ PASSED ] CASE: rejectsEmptyAndOversizedIpv6Zones (42373 ns)
    TCS: HostNameTest, time elapsed: 991525 ns, RESULT:
    [ PASSED ] CASE: canonicalizesAsciiCaseAndOneRootDot (66379 ns)
    [ PASSED ] CASE: rejectsAmbiguousOrInvalidDnsNames (177646 ns)
    [ PASSED ] CASE: acceptsAsciiALabelAndExactDnsLengthBoundaries (112015 ns)
    [ PASSED ] CASE: rejectsOneByteBeyondLabelAndHostLimits (48182 ns)
Summary: TOTAL: 9
    PASSED: 9, SKIPPED: 0, ERROR: 0
    FAILED: 0
--------------------------------------------------------------------------------------------------
TP: wirestack.internal.http2, time elapsed: 4798876992 ns, RESULT:
    TCS: Http2ClientConnectionTest, time elapsed: 218259654 ns, RESULT:
    [ PASSED ] CASE: encodedHeaderFailureClosesTheConnection (1838375 ns)
    [ PASSED ] CASE: tenConcurrentRequestsShareOneConnectionAndMapOutOfOrderResponses (4344889 ns)
    [ PASSED ] CASE: claimedStreamsPublishInitialHeadersInStreamIdOrder (5005941 ns)
    [ PASSED ] CASE: cancelledUnpublishedStreamDoesNotBlockNextClaim (4292904 ns)
    [ PASSED ] CASE: declaredLengthDoesNotReleaseStreamBeforeWireEndStream (1380222 ns)
    [ PASSED ] CASE: streamsRequestBodyThroughFlowControlledDataAndEndsLocallyOnce (2207277 ns)
    [ PASSED ] CASE: peerResetFailsOnlyItsStreamAndConnectionRemainsUsable (4659035 ns)
    [ PASSED ] CASE: peerGoAwayDrainsConnectionWithoutFailingAcceptedStream (1266971 ns)
    [ PASSED ] CASE: connectedStreamOutlivesHandshakeCancellationAndUsesOperationContexts (2398046 ns)
    [ PASSED ] CASE: contextlessHalfCloseDoesNotWaitForBlockedConnectionWriter (4741943 ns)
    [ PASSED ] CASE: halfCloseOrdersEndAfterAdmittedFlowControlledWrite (17188676 ns)
    [ PASSED ] CASE: gracefulCloseOrdersEndAfterAdmittedFlowControlledWrite (10145051 ns)
    [ PASSED ] CASE: gracefulCloseDeadlineStopsAdmittedFlowControlledWrite (108953767 ns)
    [ PASSED ] CASE: queuedHalfCloseCancellationDoesNotWaitForConnectionWriter (18792758 ns)
    [ PASSED ] CASE: rejectedConnectReturnsFullResponseAndClosesRequestDirection (10734231 ns)
    [ PASSED ] CASE: enabledPushAttachesBoundedCallerDrivenResponses (13836533 ns)
    TCS: Http2ClientMappingTest, time elapsed: 15518326 ns, RESULT:
    [ PASSED ] CASE: requestMapsOrderedPseudoFieldsAuthorityAndSensitiveHeaders (192057 ns)
    [ PASSED ] CASE: connectUsesOnlyMethodAndAuthorityPseudoFields (95492 ns)
    [ PASSED ] CASE: connectStreamMappingKeepsBothDataDirectionsOpen (178628 ns)
    [ PASSED ] CASE: requestRejectsAuthorityFramingAndConnectionAmbiguity (500302 ns)
    [ PASSED ] CASE: requestHeaderListHonorsHttp2BoundsBeforeHpackMutation (2248522 ns)
    [ PASSED ] CASE: requestBodyProvesEofBeforeOneTerminalTrailerBlock (270941 ns)
    [ PASSED ] CASE: requestBodyRejectsPrematureEofAndConfiguredOverflow (213396 ns)
    [ PASSED ] CASE: responseMapsInformationalFinalDataAndTrailersInOrder (192853 ns)
    [ PASSED ] CASE: responseRejectsPseudoOrderCaseAndConnectionFieldsAsStreamErrors (165575 ns)
    [ PASSED ] CASE: responseRejectsInvalidStatusAndTooManyInformationalHeads (329689 ns)
    [ PASSED ] CASE: responseContentLengthMustMatchExactlyAtEndStream (229722 ns)
    [ PASSED ] CASE: streamingResponseMayExceedTheConfiguredRequestBodyBound (70039 ns)
    [ PASSED ] CASE: bodylessAndConnectResponseRulesAreExplicit (312063 ns)
    [ PASSED ] CASE: responseTrailersRequireFinalEndStreamAndRegularAllowedFields (210916 ns)
    [ PASSED ] CASE: promisedRequestValidationPrecedesApplicationPolicy (315465 ns)
    TCS: Http2ClientPushOwnershipTest, time elapsed: 3753469 ns, RESULT:
    [ PASSED ] CASE: resetLostOfferIsClosedAndNextOfferRemainsDeliverable (349554 ns)
    [ PASSED ] CASE: parentCancellationStopsTransferredStalledBodyWithoutCancellingIndependentSibling (2017103 ns)
    [ PASSED ] CASE: expiredParentAbsoluteDeadlineStillGovernsTransferredBodyAfterHeaders (298143 ns)
    TCS: Http2ConformanceTest, time elapsed: 10453908 ns, RESULT:
    [ PASSED ] CASE: invalidFrameOrderMatrixFailsAtConnectionScope (527298 ns)
    [ PASSED ] CASE: continuationSequenceCompletesOnlyOnEndHeaders (191687 ns)
    [ PASSED ] CASE: rstStreamAndGoAwayRaceCompletesOwnerOnceAndCleansRegistrations (8813494 ns)
    TCS: Http2ConnectionStateMachineTest, time elapsed: 8579997 ns, RESULT:
    [ PASSED ] CASE: clientStartEmitsMagicAndSettingsThenPeerSettingsOpens (94176 ns)
    [ PASSED ] CASE: serverConsumesIncrementalMagicBeforeItsFirstSettings (108556 ns)
    [ PASSED ] CASE: invalidOrIncompletePrefaceFailsOnceWithProtocolEvidence (130950 ns)
    [ PASSED ] CASE: firstPeerFrameMustBeNonAcknowledgementSettings (101504 ns)
    [ PASSED ] CASE: openConnectionAppliesSettingsAndCompletesHeaderBlocks (92167 ns)
    [ PASSED ] CASE: peerGoAwayDrainsAndMayOnlyNarrowItsBoundary (120696 ns)
    [ PASSED ] CASE: localDrainUsesProcessedPeerBoundaryAndNeverIncreases (120144 ns)
    [ PASSED ] CASE: racingFinishTransitionsAndPublishesCompletionExactlyOnce (6219440 ns)
    TCS: Http2DeterministicFuzzTest, time elapsed: 120846237 ns, RESULT:
    [ PASSED ] CASE: frameParserDeterministicMutationCorpusStaysBounded (9665972 ns)
    [ PASSED ] CASE: hpackDecoderDeterministicMutationCorpusFailsClosed (109681222 ns)
    [ PASSED ] CASE: protocolLimitBoundaryMutationsRejectOversizedInputs (134783 ns)
    TCS: Http2FlowControllerTest, time elapsed: 3910571068 ns, RESULT:
    [ PASSED ] CASE: windowUpdateCodecIgnoresReservedBitAndRejectsZeroByScope (73417 ns)
    [ PASSED ] CASE: reservationsRespectConnectionStreamAndPeerFrameCredit (89030 ns)
    [ PASSED ] CASE: settingsShrinkPausesReservedDataAndCancellationReleasesIt (104211 ns)
    [ PASSED ] CASE: streamWindowUpdateWakesAReservedPermitAfterSettingsShrink (79405 ns)
    [ PASSED ] CASE: concurrentTryReserveNeverOvercommitsOneStream (245960 ns)
    [ PASSED ] CASE: receiveCreditReturnsOnlyAfterApplicationConsumption (108235 ns)
    [ PASSED ] CASE: smallReceiveReadsCoalesceWindowUpdates (263611 ns)
    [ PASSED ] CASE: stalledConnectionCreditFlushesOnceWithoutChangingSmallReadCoalescing (52886 ns)
    [ PASSED ] CASE: leastRecentlyServedStreamsReceiveCreditBeforeThePreviousOwner (3906452373 ns)
    [ PASSED ] CASE: connectionSendWindowIsSharedAcrossStreams (60661 ns)
    [ PASSED ] CASE: connectionAndStreamWindowViolationsHaveCorrectScope (52012 ns)
    [ PASSED ] CASE: settingsAndWindowOverflowFailAtomically (80860 ns)
    [ PASSED ] CASE: streamCleanupCancelsPermitsAndRestoresOnlyConnectionReceiveCredit (56525 ns)
    [ PASSED ] CASE: dataAccountingUsesTheEntireFramePayload (25657 ns)
    TCS: Http2FrameCodecTest, time elapsed: 1348945 ns, RESULT:
    [ PASSED ] CASE: everyRequiredFrameEnvelopeRoundTrips (135216 ns)
    [ PASSED ] CASE: parserAcceptsEverySingleByteBoundaryAndMultipleFrames (74454 ns)
    [ PASSED ] CASE: incompleteInputStaysBoundedUntilCompletion (25351 ns)
    [ PASSED ] CASE: oversizedFrameFailsBeforePayloadBufferingAndParserBecomesTerminal (37698 ns)
    [ PASSED ] CASE: reservedBitIsIgnoredOnReadAndClearedOnWrite (27139 ns)
    [ PASSED ] CASE: unknownFramesAndFlagsRoundTripWithoutInterpretation (24546 ns)
    [ PASSED ] CASE: transportWriterHandlesRepeatedPartialWrites (38549 ns)
    TCS: Http2FrameModelTest, time elapsed: 1029478 ns, RESULT:
    [ PASSED ] CASE: frameAndErrorCodesRoundTripIncludingExtensions (39268 ns)
    [ PASSED ] CASE: streamIdentifierIgnoresReservedBitAndKeepsThirtyOneBits (13481 ns)
    [ PASSED ] CASE: limitsAreExplicitAndFrameSizeIsBounded (39105 ns)
    [ PASSED ] CASE: fixedFrameShapesAndStreamScopesAreValidated (46471 ns)
    [ PASSED ] CASE: settingsRejectInvalidProtocolValuesButRetainExtensions (42783 ns)
    [ PASSED ] CASE: unknownFlagsAndFramesRemainForwardCompatible (14317 ns)
    TCS: Http2GoAwayManagerTest, time elapsed: 6131347 ns, RESULT:
    [ PASSED ] CASE: peerBoundaryRetiresOnlyDefinitelyUnprocessedStreams (178947 ns)
    [ PASSED ] CASE: narrowingBoundaryWakesEachNewlyExcludedOwnerExactlyOnce (112802 ns)
    [ PASSED ] CASE: localDrainQueuesGoAwayAndStopsAdmissionBeforeWriterRuns (119606 ns)
    [ PASSED ] CASE: fabricatedReceiveResultCannotDrainAnOpenCoordinator (61267 ns)
    [ PASSED ] CASE: racingAdmissionAndGoAwayNeverLeavesAnExcludedStreamActive (4826732 ns)
    TCS: Http2HeaderBlockAssemblerTest, time elapsed: 1560399 ns, RESULT:
    [ PASSED ] CASE: sameStreamContinuationsAssembleInExactOrder (52739 ns)
    [ PASSED ] CASE: continuationWithoutStartWrongStreamAndInterleavingFailConnection (78158 ns)
    [ PASSED ] CASE: paddingAndPriorityOverheadAreExcludedFromHeaderBytes (29620 ns)
    [ PASSED ] CASE: pushPromiseRetainsPromisedStreamAndFragmentOnly (34135 ns)
    [ PASSED ] CASE: invalidPaddingPriorityAndSelfDependencyFailClosed (77523 ns)
    [ PASSED ] CASE: accumulatedCompressedBytesHaveOneHardLimit (45894 ns)
    TCS: Http2ConnectionHealthTest, time elapsed: 1202817 ns, RESULT:
    [ PASSED ] CASE: pingCodecAndConnectionAckPreserveOpaqueBytes (127658 ns)
    [ PASSED ] CASE: idleProbeIsSingleOutstandingAndMatchingAckRestoresHealth (236929 ns)
    [ PASSED ] CASE: ordinaryActivityDefersIdleProbeWithoutAllocatingATimer (40481 ns)
    TCS: Http2ConnectionCloserTest, time elapsed: 1767220 ns, RESULT:
    [ PASSED ] CASE: gracefulCloseSendsGoAwayWaitsForStreamAndClosesTransportOnce (177896 ns)
    [ PASSED ] CASE: expiredCloseAbortsActiveStreamsWithoutStartingGracefulIo (87195 ns)
    [ PASSED ] CASE: racingShorterDeadlineUpgradesInFlightGracefulCloseToOneAbort (127112 ns)
    [ PASSED ] CASE: concurrentGracefulCallersShareOneTerminalResultAndTransportClose (189876 ns)
    [ PASSED ] CASE: failedGracefulTransportCloseFallsBackToOneAbort (140869 ns)
    TCS: HpackBlockTest, time elapsed: 4971633 ns, RESULT:
    [ PASSED ] CASE: rfcRequestBlocksDecodeWithSharedDynamicState (70040 ns)
    [ PASSED ] CASE: encoderMatchesFirstRfcHuffmanRequestExample (116036 ns)
    [ PASSED ] CASE: literalModesPreserveNeverIndexedAndOnlyIncrementalMutatesTable (2193462 ns)
    [ PASSED ] CASE: tableSizeUpdateMustLeadBlockAndRespectAllowedMaximum (73919 ns)
    [ PASSED ] CASE: headerCountListAndCompressedLimitsFailClosed (686301 ns)
    [ PASSED ] CASE: peerCapacityUpdateIsEmittedBeforeHeaders (79248 ns)
    TCS: HpackCoreTest, time elapsed: 4861097 ns, RESULT:
    [ PASSED ] CASE: rfcIntegerVectorsEncodeAndDecodeExactly (84834 ns)
    [ PASSED ] CASE: integerRejectsTruncationOverflowAndInvalidPrefix (107204 ns)
    [ PASSED ] CASE: rawStringRoundTripsAndOwnsItsBytes (187852 ns)
    [ PASSED ] CASE: stringLengthLimitAndTruncationFailBeforeCopy (252181 ns)
    [ PASSED ] CASE: staticTableMatchesRfcBoundariesAndRepresentativeEntries (65801 ns)
    [ PASSED ] CASE: everyStaticEntryHasBoundedRfcAccounting (163010 ns)
    TCS: HpackDynamicTableTest, time elapsed: 1653670 ns, RESULT:
    [ PASSED ] CASE: newestEntryUsesIndexSixtyTwoAndOlderEntriesShift (24266 ns)
    [ PASSED ] CASE: exactRfcAccountingEvictsOldestEntriesFirst (42128 ns)
    [ PASSED ] CASE: oversizedEntryClearsTheEntireTableWithoutInsertion (20224 ns)
    [ PASSED ] CASE: capacityShrinkEvictsImmediatelyAndPeerLimitIsHard (44951 ns)
    [ PASSED ] CASE: withoutIndexingNeverIndexedAndSensitiveNeverEnterState (34515 ns)
    [ PASSED ] CASE: staticAndDynamicSearchReturnCanonicalLowestIndexes (207910 ns)
    [ PASSED ] CASE: zeroCapacityRetainsNoEntries (19501 ns)
    TCS: HpackHuffmanTest, time elapsed: 106829912 ns, RESULT:
    [ PASSED ] CASE: rfcRequestExamplesEncodeAndDecodeExactly (5808980 ns)
    [ PASSED ] CASE: everyOctetRoundTripsWithinAnExplicitBound (91700339 ns)
    [ PASSED ] CASE: huffmanStringLiteralUsesFlagAndSharedBounds (3422654 ns)
    [ PASSED ] CASE: eosInvalidPaddingAndTruncatedPrefixFailClosed (1323065 ns)
    [ PASSED ] CASE: decodedAndEncodedOutputLimitsApplyBeforeGrowth (3145228 ns)
    TCS: Http2ConnectionReaderTest, time elapsed: 8197822 ns, RESULT:
    [ PASSED ] CASE: oneReaderDecodesEveryByteBoundaryAndDispatchesInWireOrder (659034 ns)
    [ PASSED ] CASE: serverConsumesMagicAndFirstFrameFromTheSameRead (893769 ns)
    [ PASSED ] CASE: eofDuringPrefaceOrFrameFailsAndWakesEveryStream (2306028 ns)
    [ PASSED ] CASE: invalidTransportProgressAndHandlerFailureBecomeTerminal (986576 ns)
    [ PASSED ] CASE: readerLoopCanOnlyBeClaimedOnce (990385 ns)
    [ PASSED ] CASE: terminationRegistryIsBoundedRemovableAndExactlyOnce (566045 ns)
    [ PASSED ] CASE: readerRegistryReservesOneListenerBeyondTheStreamLimit (65632 ns)
    TCS: Http2ServerMappingTest, time elapsed: 22365821 ns, RESULT:
    [ PASSED ] CASE: requestHeadMapsPseudoFieldsHostAndContentLength (166165 ns)
    [ PASSED ] CASE: connectAndOptionsTargetsAreMappedStrictly (263470 ns)
    [ PASSED ] CASE: requestRejectsPseudoOrderCaseConnectionAndAuthorityAmbiguity (414958 ns)
    [ PASSED ] CASE: paddedDataReturnsAllFlowCreditAndPublishesTrailers (942669 ns)
    [ PASSED ] CASE: requestQueueIsBoundedBeforeFlowAccountingMutates (237956 ns)
    [ PASSED ] CASE: terminalLengthMismatchDoesNotConsumeFlowWindow (169812 ns)
    [ PASSED ] CASE: responseHeadersBodyFlowAndTrailersMapInOrder (3098354 ns)
    [ PASSED ] CASE: streamingResponseMayExceedTheConfiguredRequestBodyBound (3719451 ns)
    [ PASSED ] CASE: responseRulesCloseBodiesOnEveryTerminalOrFailurePath (250389 ns)
    [ PASSED ] CASE: handlerRunsOnceAndReleasesRequestOwnership (303318 ns)
    [ PASSED ] CASE: invalidDuplexResponseReleasesPreServeHandoffExactlyOnce (9717969 ns)
    TCS: Http2ServerPushLifecycleTest, time elapsed: 327022383 ns, RESULT:
    [ PASSED ] CASE: largePushDoesNotDelayParentHeadersUntilPushCreditReturns (142926470 ns)
    [ PASSED ] CASE: cancelledPushReleasesItsWorkerSlotForTheNextParent (74335053 ns)
    [ PASSED ] CASE: crossOriginPushIsRejectedAndItsResponseIsClosedBeforeAnyOffer (20050757 ns)
    [ PASSED ] CASE: parentResetWhileWaitingForPushSlotIsRevalidatedBeforeReservation (52419066 ns)
    [ PASSED ] CASE: resetOfBlockedPushDoesNotBlockReaderOrReleaseWorkerSlotEarly (18930147 ns)
    [ PASSED ] CASE: blockingHeaderOnlyBodyCloseDoesNotDelayInboundReset (7710384 ns)
    [ PASSED ] CASE: duplexHandlerReturnAbortsBothStreamDirections (5400813 ns)
    TCS: Http2SettingsTest, time elapsed: 2025914 ns, RESULT:
    [ PASSED ] CASE: codecPreservesKnownUnknownAndRepeatedSettingsInOrder (33136 ns)
    [ PASSED ] CASE: peerBatchAppliesAtomicallyAndReturnsAckAndWindowDelta (38321 ns)
    [ PASSED ] CASE: invalidPeerBatchLeavesEffectiveStateUnchanged (47413 ns)
    [ PASSED ] CASE: localBatchesAreAcknowledgedInFifoOrder (34354 ns)
    [ PASSED ] CASE: unexpectedAckAndPendingBatchOverflowFailClosed (40704 ns)
    [ PASSED ] CASE: advertisedResourceValuesAreCappedByLocalPolicy (35768 ns)
    [ PASSED ] CASE: settingsFrameLengthAndAckPayloadAreRejectedByFrameLayer (53177 ns)
    [ PASSED ] CASE: peerDefaultsAreRfcValuesCappedSeparatelyFromLocalAdvertisement (53789 ns)
    [ PASSED ] CASE: clientPushAdvertisementUsesItsOwnFiniteAdmissionBound (23635 ns)
    [ PASSED ] CASE: serverEnablePushSettingIsRejectedInBothDirections (47327 ns)
    TCS: Http2StreamLifecycleTest, time elapsed: 4447731 ns, RESULT:
    [ PASSED ] CASE: bothEndStreamOrdersReachClosedExactlyOnce (39953 ns)
    [ PASSED ] CASE: initialEndStreamHalfClosesTheInitiatingSide (28538 ns)
    [ PASSED ] CASE: clientAndServerAllocateCorrectMonotonicParity (36908 ns)
    [ PASSED ] CASE: peerParityReuseAndDecreasingIdsFailConnection (77847 ns)
    [ PASSED ] CASE: localAndPeerConcurrencyLimitsAreIndependentAndCapacityReturns (106542 ns)
    [ PASSED ] CASE: invalidHalfClosedDirectionsAndUnknownStreamsFailClosed (106399 ns)
    [ PASSED ] CASE: readerTerminationClosesAndUnregistersEveryActiveStream (124411 ns)
    [ PASSED ] CASE: racingAdmissionNeverExceedsConfiguredBoundOrDuplicatesIds (687523 ns)
    [ PASSED ] CASE: racingEndDirectionsCompleteAndCleanupExactlyOnce (1429101 ns)
    TCS: Http2StreamResetManagerTest, time elapsed: 4505924 ns, RESULT:
    [ PASSED ] CASE: rstCodecPreservesKnownAndExtensionCodes (102414 ns)
    [ PASSED ] CASE: localCancelQueuesResetAndReleasesOnlyItsStream (179651 ns)
    [ PASSED ] CASE: peerResetCancelsQueuedDataPermitsAndWakesOwnerOnce (176772 ns)
    [ PASSED ] CASE: resetWakesBlockedServerBodyWithoutClosingConnection (217232 ns)
    [ PASSED ] CASE: racingLocalAndPeerResetCompletesEveryStreamExactlyOnce (2347373 ns)
    [ PASSED ] CASE: queuePressureIsAtomicAndCleanupCreditStaysBoundedForRetry (149801 ns)
    TCS: Http2WriteSchedulerTest, time elapsed: 7374149 ns, RESULT:
    [ PASSED ] CASE: controlPrecedesDataAndPartialWritesDrainGracefully (151116 ns)
    [ PASSED ] CASE: controlBurstIsBoundedAndDataStreamsRotateFairly (668010 ns)
    [ PASSED ] CASE: queueCountAndBytesAreHardAndCancellationReleasesCapacity (129269 ns)
    [ PASSED ] CASE: concurrentProducersStillUseExactlyOneWriter (1853495 ns)
    [ PASSED ] CASE: abortInterruptsActiveWriteAndFailsEveryTicket (130998 ns)
    [ PASSED ] CASE: transportFailureFansOutAndTicketWaitHonorsCancellation (104130 ns)
    [ PASSED ] CASE: reservedDataConsumesFlowOnlyWhenTheWriterClaimsIt (63838 ns)
    [ PASSED ] CASE: serverDataEventTransfersItsPermitBeforeWriterClaim (50398 ns)
    [ PASSED ] CASE: cancellingQueuedReservedDataReturnsAllFlowCapacity (46140 ns)
    [ PASSED ] CASE: admittedHeaderBatchSurvivesResetDuringPartialFirstWrite (149290 ns)
    [ PASSED ] CASE: unstartedEncodedHeaderBatchIsIrrevocableAfterAdmission (82624 ns)
    [ PASSED ] CASE: largeHeaderBatchRemainsContiguousPastControlBurstLimit (297880 ns)
    [ PASSED ] CASE: failedHeaderBatchAdmissionTerminatesScheduler (73075 ns)
    [ PASSED ] CASE: concurrentHeaderBatchesStayContiguousOnTheWire (931543 ns)
Summary: TOTAL: 182
    PASSED: 182, SKIPPED: 0, ERROR: 0
    FAILED: 0
--------------------------------------------------------------------------------------------------
TP: wirestack.internal.resolver, time elapsed: 41300937 ns, RESULT:
    TCS: M2006AppleSystemResolverTest, time elapsed: 12007109 ns, RESULT:
    [ PASSED ] CASE: resolvesLocalhostThroughTheProviderNeutralContract (9334604 ns)
    [ PASSED ] CASE: fixtureReturnsAllCandidatesWithoutInventingTtl (25396 ns)
    [ PASSED ] CASE: fixtureAppliesFamilyAndResultBounds (20828 ns)
    [ PASSED ] CASE: fixtureMapsPosixFailuresAndUnknownCodes (23539 ns)
    [ PASSED ] CASE: fixtureCancellationAndDeadlineReturnBeforeNativeCleanup (21351 ns)
    [ PASSED ] CASE: newResolutionObservesNetworkGenerationChange (27848 ns)
    [ PASSED ] CASE: validatesBoundsAndRejectsUseAfterClose (176672 ns)
    [ PASSED ] CASE: fixtureBoundsAdmissionAndReleasesQueuedWorkAfterClose (49946 ns)
    TCS: M2003BoundedResolverBackendTest, time elapsed: 20336608 ns, RESULT:
    [ PASSED ] CASE: resolvesLocalhostWithBoundedMetricsAndIdempotentClose (7770760 ns)
    [ PASSED ] CASE: appliesIpv4FamilyAndRejectsUseAfterClose (9727190 ns)
    [ PASSED ] CASE: validatesPoolBounds (131763 ns)
    [ PASSED ] CASE: nativeFamilyValidationFailsClosedAndPollingBackoffIsBounded (76147 ns)
    [ PASSED ] CASE: preCancelledContextDoesNotSubmitNativeWork (268618 ns)
    [ PASSED ] CASE: delayedNativeWorkDoesNotStarveCangjieHeartbeat (31965 ns)
    [ PASSED ] CASE: cancellationCompletesPromptlyWhileNativeJobCleansUp (23635 ns)
    [ PASSED ] CASE: deadlineCompletesPromptlyWhileNativeJobCleansUp (27212 ns)
    [ PASSED ] CASE: queueAdmissionIsStrictlyBounded (23491 ns)
    TCS: ResolverContractTest, time elapsed: 1086654 ns, RESULT:
    [ PASSED ] CASE: resultOwnsDeduplicatedAddressesAndDoesNotInventTtl (73321 ns)
    [ PASSED ] CASE: staticResolverFiltersFamiliesAndHonorsPreCancellation (103235 ns)
    [ PASSED ] CASE: rejectsEmptyFamilyResultAndInvalidLimits (63175 ns)
    TCS: M2002ResolverPublicContractTest, time elapsed: 1656684 ns, RESULT:
    [ PASSED ] CASE: resultOwnsAllTypedCandidatesWithoutInventingTtl (92534 ns)
    [ PASSED ] CASE: staticResolverAppliesFamilyAndResultBounds (78200 ns)
    [ PASSED ] CASE: errorsRetainStablePublicCoordinates (99075 ns)
    [ PASSED ] CASE: cancellationAndDeadlineRemainDistinct (116135 ns)
    [ PASSED ] CASE: constructorsRejectInvalidBoundsAndDiagnostics (65647 ns)
    TCS: M2004WindowsSystemResolverTest, time elapsed: 5649016 ns, RESULT:
    [ PASSED ] CASE: resolvesLocalhostThroughTheProviderNeutralContract (4072697 ns)
    [ PASSED ] CASE: fixtureReturnsAllCandidatesWithoutInventingTtl (28952 ns)
    [ PASSED ] CASE: fixtureAppliesFamilyAndResultBounds (20248 ns)
    [ PASSED ] CASE: fixtureMapsWinsockFailuresAndUnknownCodes (19521 ns)
    [ PASSED ] CASE: fixtureCancellationAndDeadlineReturnBeforeNativeCleanup (28907 ns)
    [ PASSED ] CASE: validatesBoundsAndRejectsUseAfterClose (129575 ns)
Summary: TOTAL: 31
    PASSED: 31, SKIPPED: 0, ERROR: 0
    FAILED: 0
--------------------------------------------------------------------------------------------------
TP: wirestack.internal.trust, time elapsed: 86687204 ns, RESULT:
    TCS: HostnameVerifierTest, time elapsed: 5987550 ns, RESULT:
    [ PASSED ] CASE: exactDnsAndAsciiIdnaALabelMatchCaseInsensitively (1330755 ns)
    [ PASSED ] CASE: wildcardMatchesExactlyOneLeftmostLabelOnly (1909705 ns)
    [ PASSED ] CASE: invalidOrOverbroadWildcardsAreRejectedAtCertificateBoundary (163627 ns)
    [ PASSED ] CASE: dnsAndIpReferenceIdentitiesNeverCrossMatch (116600 ns)
    [ PASSED ] CASE: subjectAlternativeNameCountIsHardBounded (132836 ns)
    TCS: M3028HostnameFuzzTest, time elapsed: 73647103 ns, RESULT:
    [ PASSED ] CASE: hostnameMutationsHaveDeterministicTypedTerminals (73224870 ns)
    TCS: TrustPolicyTest, time elapsed: 6729221 ns, RESULT:
    [ PASSED ] CASE: nativeX509ParserAcceptsOneExactDerObjectAndRejectsTrailingBytes (1685244 ns)
    [ PASSED ] CASE: certificateAndChainLimitsFailBeforeUnboundedParsingOrCopying (821814 ns)
    [ PASSED ] CASE: everyTrustPolicyHasAStableContentIdentityAndNoTrustAllState (2080459 ns)
    [ PASSED ] CASE: pinAlgorithmAndScopeAreExplicitAndMalformedPinsFail (56550 ns)
Summary: TOTAL: 10
    PASSED: 10, SKIPPED: 0, ERROR: 0
    FAILED: 0
--------------------------------------------------------------------------------------------------
TP: wirestack.internal.tls_engine, time elapsed: 34800589705 ns, RESULT:
    TCS: TlsConnectionTest, time elapsed: 64993197 ns, RESULT:
    [ PASSED ] CASE: handshakeTransfersOwnershipAndPlaintextIoUsesTheEngine (3747952 ns)
    [ PASSED ] CASE: oneReadAndOneWriteMayOverlapButSecondReadFailsImmediately (3503242 ns)
    [ PASSED ] CASE: handshakeFailureAbortsTransportAndReleasesEngineExactlyOnce (240461 ns)
    [ PASSED ] CASE: expiredHandshakeDeadlineStillConsumesAndAbortsBothInputs (229900 ns)
    [ PASSED ] CASE: ioFailureAbortsAndRepeatedTerminalCallsDoNotReleaseTwice (1625272 ns)
    [ PASSED ] CASE: unsupportedHalfCloseDoesNotMutateAnOpenConnection (401403 ns)
    [ PASSED ] CASE: concurrentCloseAndAbortReleaseUnderlyingResourcesOnce (17439300 ns)
    [ PASSED ] CASE: gracefulCloseSendsAndProcessesCloseNotifyBeforeReleasingResources (283601 ns)
    [ PASSED ] CASE: tcpEofDuringGracefulCloseRetainsTruncationAndStillReleasesEverything (331581 ns)
    [ PASSED ] CASE: expiredCloseBudgetStillClosesTransportAndReleasesEngine (287450 ns)
    [ PASSED ] CASE: abortNeverAttemptsTlsShutdownAndRetainsLocalAbortEvidence (144455 ns)
    [ PASSED ] CASE: cancelledCloseReleasesEngineWhenImmediateAbortCallbackThrows (313601 ns)
    [ PASSED ] CASE: tcpEofDuringApplicationReadRetainsTruncationBeforeAbort (1121519 ns)
    [ PASSED ] CASE: peerCloseNotifyProducesEofEvidenceAndRejectsNewApplicationWrites (2919452 ns)
    [ PASSED ] CASE: closeDeadlineExpiresWhileAnExistingBackgroundReadOwnsPumpAdmission (23740068 ns)
    [ PASSED ] CASE: closeCancellationInterruptsAnExistingBackgroundReadWithinTheBound (1223744 ns)
    [ PASSED ] CASE: closeCancellationDoesNotWaitBehindAnExistingCiphertextWrite (1602793 ns)
    TCS: Net06TlsTransportCleanupGateTest, time elapsed: 4754412 ns, RESULT:
    [ PASSED ] CASE: failedHandshakesDisposeEngineAndTransportExactlyOnce (4162181 ns)
    TCS: TlsContextTest, time elapsed: 9489082 ns, RESULT:
    [ PASSED ] CASE: linuxCapabilitiesAreExplicitAndNeverInferredFromProviderNames (39920 ns)
    [ PASSED ] CASE: defaultSystemTrustFailsAtBuildUntilLinuxAdapterIsAvailable (331785 ns)
    [ PASSED ] CASE: modernClientContextIsImmutableAndConcurrentShareable (1099631 ns)
    [ PASSED ] CASE: strictTls13RejectsAnyTls12Override (189156 ns)
    [ PASSED ] CASE: missingTls13AndHttp2CapabilitiesFailBeforeHandshake (183416 ns)
    [ PASSED ] CASE: alpnRejectsEmptyAndDuplicateProtocolNames (708705 ns)
    [ PASSED ] CASE: serverRequiresServerIdentityAndMtlSTrustAtBuildTime (1874389 ns)
    [ PASSED ] CASE: clientIdentityCapabilityIsValidatedAtBuildTime (1922129 ns)
    TCS: TlsEnginePumpTest, time elapsed: 529784861 ns, RESULT:
    [ PASSED ] CASE: awsLcClientEngineProducesAClientHelloWithoutSocketIo (64011546 ns)
    [ PASSED ] CASE: strictTls13PolicyIsAcceptedByTheNativeEngine (234334 ns)
    [ PASSED ] CASE: LinuxSystemTrustLoadsExplicitlyAndSniStaysSeparateFromReferenceIdentity (33251835 ns)
    [ PASSED ] CASE: customRootChainIsLoadedIntoARealAwsLcClientEngine (753062 ns)
    [ PASSED ] CASE: spkiPinPolicyConfiguresTheNativeVerificationPathBeforeHandshake (308827 ns)
    [ PASSED ] CASE: matchingSpkiPinCompletesARealClientServerHandshake (21619834 ns)
    [ PASSED ] CASE: matchingSpkiPinDoesNotBypassReferenceIdentityVerification (22054317 ns)
    [ PASSED ] CASE: realAwsLcEnginesExchangeCloseNotifyInBothDirections (24827528 ns)
    [ PASSED ] CASE: handshakeInfoReportsNegotiatedAlpnPeerChainAndVerificationEvidence (20269253 ns)
    [ PASSED ] CASE: tls13TicketResumesAcrossFreshEnginesWithoutEarlyData (24480214 ns)
    [ PASSED ] CASE: tls12TicketResumesAcrossFreshEngines (24918660 ns)
    [ PASSED ] CASE: sniSelectsTheCompleteImmutableContextAndItsCertificate (25072513 ns)
    [ PASSED ] CASE: sniSelectorRejectsMissingAndUnknownNamesWithStableEvidence (35349002 ns)
    [ PASSED ] CASE: noSharedAlpnFailsTheHandshakeInsteadOfSilentlySelectingNothing (22291233 ns)
    [ PASSED ] CASE: requiredMutualTlsUsesClientIdentityAndReturnsServerVerificationEvidence (16753799 ns)
    [ PASSED ] CASE: requiredMutualTlsRejectsMissingClientIdentityButOptionalAllowsIt (20699576 ns)
    [ PASSED ] CASE: mismatchedSpkiPinFailsARealClientServerHandshake (19102732 ns)
    [ PASSED ] CASE: externalSignerCompletesARealHandshakeOutsideTheNativeCallback (34249990 ns)
    [ PASSED ] CASE: externalSignerExceptionFailsClosedWithoutCrossingTheCAbi (16910642 ns)
    [ PASSED ] CASE: cancellationBeforeSignerInvocationFailsThePendingNativeOperation (14702784 ns)
    [ PASSED ] CASE: tls12ContextVersionsPartitionRealClientAndServerSessions (37940249 ns)
    [ PASSED ] CASE: tls13ContextVersionsPartitionRealClientAndServerTickets (39078772 ns)
    [ PASSED ] CASE: pumpHandlesWantReadWriteAndPartialIoWithBoundedBuffers (190901 ns)
    [ PASSED ] CASE: wantWriteWithoutCiphertextFailsInsteadOfSpinning (242661 ns)
    [ PASSED ] CASE: eofDuringWantReadRetainsTlsHandshakeEvidence (253481 ns)
    [ PASSED ] CASE: preCancellationStopsBeforeCallingProviderOrTransport (268666 ns)
    [ PASSED ] CASE: expiredDeadlineStopsBeforeCallingProviderOrTransport (248813 ns)
    TCS: LocalIdentityTest, time elapsed: 15516831 ns, RESULT:
    [ PASSED ] CASE: pkcs8InputIsExactBoundedAndZeroizable (1562647 ns)
    [ PASSED ] CASE: pkcs8FileAdapterReadsOneBoundedRegularFile (1281096 ns)
    [ PASSED ] CASE: localIdentityValidatesLeafKeyMatchAndHasStablePublicIdentity (3999556 ns)
    [ PASSED ] CASE: mismatchedCertificateAndPrivateKeyFailAtIdentityBuild (2091681 ns)
    [ PASSED ] CASE: externalSignerAndSystemHandleShareOneOpaqueKeyContract (1608186 ns)
    [ PASSED ] CASE: duplicateSignerAlgorithmsAndMismatchedSpkiFailAtBuild (1190485 ns)
    TCS: M3028TlsFuzzTest, time elapsed: 34170361565 ns, RESULT:
    [ PASSED ] CASE: recordMutationsHaveDeterministicTypedTerminals (17531908241 ns)
    [ PASSED ] CASE: handshakeMutationsHaveDeterministicTypedTerminals (10551119260 ns)
    [ PASSED ] CASE: certificateAdapterMutationsHaveDeterministicTypedTerminals (6086209267 ns)
    TCS: TlsM8006ContextTest, time elapsed: 2470203 ns, RESULT:
    [ PASSED ] CASE: sessionPartitionsRetainOnlyTheMatchingContextVersion (43102 ns)
    [ PASSED ] CASE: decryptorRequiresProviderCapabilityAndRsaExternalIdentity (1496437 ns)
    [ PASSED ] CASE: keyLogSinkRequiresExplicitProviderCapability (81021 ns)
    TCS: TlsProviderSubstitutionTest, time elapsed: 1142647 ns, RESULT:
    [ PASSED ] CASE: testProviderUsesTheProductionFactoryContract (261756 ns)
    [ PASSED ] CASE: objectsFromDifferentProviderInstancesCannotMix (298893 ns)
    [ PASSED ] CASE: activeEngineRetainsProviderUntilItCloses (38991 ns)
    TCS: TlsSessionStoreTest, time elapsed: 496031 ns, RESULT:
    [ PASSED ] CASE: boundedLruExpiryAndSingleUseAreDeterministic (35444 ns)
    [ PASSED ] CASE: everySecurityPartitionDimensionPreventsReuse (93105 ns)
Summary: TOTAL: 70
    PASSED: 70, SKIPPED: 0, ERROR: 0
    FAILED: 0
--------------------------------------------------------------------------------------------------
TP: wirestack.internal.connector, time elapsed: 20098472 ns, RESULT:
    TCS: AttemptPlanTest, time elapsed: 3798030 ns, RESULT:
    [ PASSED ] CASE: alternatesFamiliesAndPreservesFamilyOrder (1638677 ns)
    [ PASSED ] CASE: firstFamilyControlsPreferenceAndDuplicatesAreRemoved (57177 ns)
    [ PASSED ] CASE: distinctIpv6ZonesAreNotDeduplicated (27351 ns)
    [ PASSED ] CASE: rejectsEmptyCandidatesAndNegativeDelay (894253 ns)
    TCS: HappyEyeballsConnectorTest, time elapsed: 14065834 ns, RESULT:
    [ PASSED ] CASE: emitsCompleteDnsAttemptAndConnectedLifecycle (339722 ns)
    [ PASSED ] CASE: blackholedFirstCandidateIsCancelledAndJoinedBeforeReturn (11094147 ns)
    [ PASSED ] CASE: ipv6FirstSuccessSkipsLaterIpv4Attempt (200167 ns)
    [ PASSED ] CASE: simultaneousSuccessKeepsOneWinnerAndAbortsEveryLoser (229231 ns)
    [ PASSED ] CASE: allFailuresAreJoinedAndRetainedAsDiagnostics (154215 ns)
    [ PASSED ] CASE: preCancelledParentStartsNeitherDnsNorAttempts (112349 ns)
    [ PASSED ] CASE: parentCancellationAfterSuccessPreventsWinnerPublication (183813 ns)
    [ PASSED ] CASE: deadlineAtSuccessBoundaryPreventsWinnerPublication (120701 ns)
    TCS: ConnectionRouteTest, time elapsed: 2007628 ns, RESULT:
    [ PASSED ] CASE: directRouteRetainsItsLocalOriginResolver (140601 ns)
    [ PASSED ] CASE: explicitProxySeparatesOriginAndProxyDns (60554 ns)
    [ PASSED ] CASE: typedIpTargetsNeverCarryResolvers (103376 ns)
    [ PASSED ] CASE: rejectsDelegatedDnsWithoutAnOwningProxyAndInvalidConnectTargets (100367 ns)
    [ PASSED ] CASE: networkAndTlsParametersAreBoundedAndOwned (756771 ns)
Summary: TOTAL: 17
    PASSED: 17, SKIPPED: 0, ERROR: 0
    FAILED: 0
--------------------------------------------------------------------------------------------------
TP: wirestack.internal.transport_stdnet, time elapsed: 205375333 ns, RESULT:
    TCS: StdNetTransportListenerTest, time elapsed: 91470621 ns, RESULT:
    [ PASSED ] CASE: listenerRejectsOutOfRangeBacklogBeforeBinding (1604601 ns)
    [ PASSED ] CASE: listenerPreCancelledAndExpiredAcceptsFailFast (434248 ns)
    [ PASSED ] CASE: listenerDeadlineBoundsBlockedAcceptAndListenerRemainsUsable (36499455 ns)
    [ PASSED ] CASE: listenerCancellationWakesActiveAcceptAndListenerRemainsUsable (40249185 ns)
    [ PASSED ] CASE: listenerCloseWakesActiveAcceptWithStructuredErrorAndIsIdempotent (11110744 ns)
    TCS: M123TransportDiagnosticsTest, time elapsed: 1251662 ns, RESULT:
    [ PASSED ] CASE: stdNetReportsRuntimeEndpointsAndCapabilitiesWithoutGuessingIoBackend (635263 ns)
    [ PASSED ] CASE: deterministicTransportUsesTheSameProviderNeutralContract (99723 ns)
    TCS: M127BackgroundFastPathTest, time elapsed: 34572365 ns, RESULT:
    [ PASSED ] CASE: backgroundAndObservedPathsTransferEquivalentData (255966 ns)
    [ PASSED ] CASE: backgroundPeerCloseRemainsEof (157447 ns)
    [ PASSED ] CASE: backgroundLocalCloseRaceRemainsClosed (1211140 ns)
    [ PASSED ] CASE: backgroundStillRejectsConcurrentReaders (1225849 ns)
    [ PASSED ] CASE: cancellableAndDeadlineContextsRetainGenericChecks (190443 ns)
    [ PASSED ] CASE: deadlineTimeoutIsClearedBeforeBackgroundRead (30476249 ns)
    TCS: Net06CancellationGateTest, time elapsed: 6862906 ns, RESULT:
    [ PASSED ] CASE: cancelledReadsReleaseSocketsWaitersAndTasks (6429835 ns)
    TCS: StdNetTransportTest, time elapsed: 67430567 ns, RESULT:
    [ PASSED ] CASE: writeSomeIsPartialAndReusesBoundedConnectionStaging (538434 ns)
    [ PASSED ] CASE: wholeArrayReadAndWriteBypassStagingForATypicalTlsRecord (4884247 ns)
    [ PASSED ] CASE: subrangesRetainBoundedStagingAndCopyAccounting (334466 ns)
    [ PASSED ] CASE: connectsByResolvedIpAndTransfersBothDirections (282935 ns)
    [ PASSED ] CASE: emptyOperationsAreImmediate (153803 ns)
    [ PASSED ] CASE: unsupportedHalfClosePreservesBothDirections (252288 ns)
    [ PASSED ] CASE: cancellationAbortRemainsNativeOwnerAfterLaterClose (1274960 ns)
    [ PASSED ] CASE: listenerCloseWakesBlockedAcceptAsClosed (1159436 ns)
    [ PASSED ] CASE: cancellingOneAcceptLeavesListenerReusable (28807510 ns)
    [ PASSED ] CASE: preCancelledConnectDoesNotCreateASocket (83331 ns)
    [ PASSED ] CASE: peerGracefulCloseIsReportedAsEof (336952 ns)
    [ PASSED ] CASE: deadlineBoundsBlockedReadWithoutClosingConnection (20344078 ns)
    [ PASSED ] CASE: localCloseMapsBlockedReadWithStableEvidence (1253627 ns)
    [ PASSED ] CASE: explicitAbortWakesBlockedReadWithStableEvidence (1245052 ns)
    [ PASSED ] CASE: gracefulNativeCloseRemainsGracefulAfterLaterAbort (204656 ns)
    [ PASSED ] CASE: explicitAbortRemainsNativeOwnerAfterLaterClose (247339 ns)
    [ PASSED ] CASE: unknownConnectFailureMapsWithoutMessageOrNativeCode (205309 ns)
    [ PASSED ] CASE: concurrentReadsFailWithoutDisturbingTheActiveRead (1346686 ns)
    [ PASSED ] CASE: happyEyeballsComposesWithTheDefaultStdNetFactory (388631 ns)
Summary: TOTAL: 50
    PASSED: 33, SKIPPED: 17, ERROR: 0
    FAILED: 0
--------------------------------------------------------------------------------------------------
TP: wirestack.http, time elapsed: 12065709797 ns, RESULT:
    TCS: RequestBodyTest, time elapsed: 1584057 ns, RESULT:
    [ PASSED ] CASE: byteBodiesOwnInputAndReplayWithIndependentOffsets (249718 ns)
    [ PASSED ] CASE: emptyAndUtf8StringBodiesHaveExactLengths (28538 ns)
    [ PASSED ] CASE: oneShotBodyCanOnlyBeClaimedOnce (65741 ns)
    [ PASSED ] CASE: factoryMustReturnTheDeclaredLengthAndMismatchIsClosed (22983 ns)
    [ PASSED ] CASE: closedStreamRejectsFurtherReads (31764 ns)
    [ PASSED ] CASE: fileBodyStreamsAndReopensWithoutEagerReads (146860 ns)
    [ PASSED ] CASE: fileBodyRejectsOversizeAndChangesBeforeOpen (104204 ns)
    TCS: HttpClientExtensionsTest, time elapsed: 48411641 ns, RESULT:
    [ PASSED ] CASE: nativeCookiesAndServiceHooksSurviveThrowingPoolObservers (35998457 ns)
    [ PASSED ] CASE: mismatchedUpgradePairingsNeverOpenConnections (272101 ns)
    [ PASSED ] CASE: unavailableServerPushClosesTheOwnedResponse (11551979 ns)
    TCS: HttpCookieJarTest, time elapsed: 268489378 ns, RESULT:
    [ PASSED ] CASE: cookieSerializesStandardMetadataWithoutInventingBrowserPolicy (62861 ns)
    [ PASSED ] CASE: hostOnlyAndDomainCookiesDoNotLeakAcrossDnsBoundaries (527400 ns)
    [ PASSED ] CASE: bundledPublicSuffixRulesProtectRegistrableBoundariesByDefault (850739 ns)
    [ PASSED ] CASE: defaultPathAndPathMatchUseDirectoryAndSlashBoundaries (149791 ns)
    [ PASSED ] CASE: maxAgeTakesPrecedenceAndNonPositiveValuesDeleteTheIdentity (235917 ns)
    [ PASSED ] CASE: secureMetadataControlsTransportAndHttpOnlyDoesNotChangeWireSelection (79974 ns)
    [ PASSED ] CASE: valuedSecureAttributeCannotLeakCookiesToCleartext (109726 ns)
    [ PASSED ] CASE: cleartextOriginsCannotCreateOrOverlaySecureCookies (451184 ns)
    [ PASSED ] CASE: cleartextQuotaFloodCannotEvictSecureIdentityAndInstallReplacement (219827 ns)
    [ PASSED ] CASE: allSecureQuotaRejectsCleartextInsertionsFromBothStorageEntrypoints (107918 ns)
    [ PASSED ] CASE: rejectsHeaderInjectionAndInvalidCookieOctetsBeforeStorage (92341 ns)
    [ PASSED ] CASE: capacityHeaderBoundsAndReplacementRemainDeterministic (79633 ns)
    [ PASSED ] CASE: removalClearAndSnapshotsExposeOnlyLiveImmutableCookies (67529 ns)
    [ PASSED ] CASE: concurrentStoresAndReadsRemainRaceFreeAndBounded (1744756 ns)
    [ PASSED ] CASE: boundedSetCookieMutationsPreserveScopeAndHeaderSafety (261675919 ns)
    TCS: Http1DeterministicFuzzTest, time elapsed: 9585380 ns, RESULT:
    [ PASSED ] CASE: acceptedUrlMutationsRoundTripToOneCanonicalIdentity (5198170 ns)
    [ PASSED ] CASE: acceptedNoProxyMutationsRemainDeterministicAcrossTargets (3454338 ns)
    [ PASSED ] CASE: proxyAuthorizationMutationCannotInjectBeforeDnsOrConnect (222056 ns)
    TCS: HttpErrorTest, time elapsed: 583152 ns, RESULT:
    [ PASSED ] CASE: publicGetMapsInvalidUrlWithoutNetworkSideEffects (232101 ns)
    [ PASSED ] CASE: classifierProvidesStableHttpFailureCodes (48304 ns)
    TCS: HttpFacadeTest, time elapsed: 880998625 ns, RESULT:
    [ PASSED ] CASE: requestCancellationOutlivesCompletedParentWhileTransferredPushStalls (72484074 ns)
    [ PASSED ] CASE: cancellationWrapperPreservesProtocolCompletionPolicy (62193 ns)
    [ PASSED ] CASE: typedCancellationHandlesAreScopedIdempotentAndStopBeforeNetworkIo (3871141 ns)
    [ PASSED ] CASE: publicHttp1ConnectionHandleCancelsBodyAndLeavesClientReusable (16158166 ns)
    [ PASSED ] CASE: publicHttp2StreamAndConnectionHandlesRespectTheirScopes (127961220 ns)
    [ PASSED ] CASE: publicHttp2SlowStreamCannotStarveOneTenOrHundredSiblings (236552067 ns)
    [ PASSED ] CASE: tlsHttp2StreamLimitIsAppliedAcrossConcurrentPublicRequests (43777142 ns)
    [ PASSED ] CASE: tlsFacadeNegotiatesHttp2AndMapsBodyTrailersAndResponse (72375568 ns)
    [ PASSED ] CASE: explicitResolverConnectsPublicClientAndServer (2279056 ns)
    [ PASSED ] CASE: defaultSystemResolverConnectsPublicClientAndServer (261671472 ns)
    [ PASSED ] CASE: clientFollowsOriginRelativeRedirectEndToEnd (2958856 ns)
    [ PASSED ] CASE: clientRetriesOneTemporaryDnsFailureWithinTheSameDeadline (2454879 ns)
    [ PASSED ] CASE: forwardProxyUsesAbsoluteFormIndependentDnsAndHookCredentials (2208726 ns)
    [ PASSED ] CASE: serverBuilderRequiresEndpointAndHandler (28526 ns)
    [ PASSED ] CASE: tlsServerConfigFailsClosedBeforeBinding (152240 ns)
    [ PASSED ] CASE: followedHttp2RedirectClosesUnclaimedPushBeforeClientTeardown (31810461 ns)
    TCS: Http2ConcurrentResponseBodyTest, time elapsed: 27451040 ns, RESULT:
    [ PASSED ] CASE: twoPublicHttp2BodiesCompleteIndependently (27235193 ns)
    TCS: FileHandlerTest, time elapsed: 16290241 ns, RESULT:
    [ PASSED ] CASE: confinedDownloadRejectsTraversalAndSymlinkWhileOpenBodyOutlivesHandler (6171664 ns)
    [ PASSED ] CASE: uploadPublishesOneCompleteBinaryFileAndNeverPublishesRejectedMultipart (9043291 ns)
    [ PASSED ] CASE: uploadCommitChecksContextAfterDurabilityBeforePublication (320587 ns)
    TCS: HttpMessageTest, time elapsed: 1260538 ns, RESULT:
    [ PASSED ] CASE: requestFactoriesProduceImmutableProtocolNeutralModels (60366 ns)
    [ PASSED ] CASE: responseEofCompletesObserverExactlyOnce (47614 ns)
    [ PASSED ] CASE: earlyCloseAbandonsObserverExactlyOnce (30838 ns)
    [ PASSED ] CASE: readFailureClosesAndAbandonsTheBody (23770 ns)
    [ PASSED ] CASE: emptyDestinationDoesNotMistakeNoProgressForEof (15277 ns)
    [ PASSED ] CASE: boundedDrainCompletesOnlyWhenEofIsProven (24100 ns)
    [ PASSED ] CASE: invalidSourceProgressFailsClosed (34223 ns)
    [ PASSED ] CASE: responseRejectsInvalidStatusAndReason (83626 ns)
    TCS: MultipartTest, time elapsed: 4578253524 ns, RESULT:
    [ PASSED ] CASE: writerStreamsExactBinaryFramingAndReplaysIndependently (397841 ns)
    [ PASSED ] CASE: boundarySeparatorsRoundtripThroughContentTypeAndBody (970275 ns)
    [ PASSED ] CASE: readerPreservesBinaryWhenEveryDelimiterIsSplitAcrossReads (510048 ns)
    [ PASSED ] CASE: closingPartDiscardsOnlyThatPartAndReleasesNextPart (627048 ns)
    [ PASSED ] CASE: malformedAndConfiguredLimitsCloseOwnedSource (166723 ns)
    [ PASSED ] CASE: partCountLimitRejectsBeforeParsingUnboundedAdditionalMetadata (196826 ns)
    [ PASSED ] CASE: boundedDeterministicWireMutationsAreChunkIndependent (4571058327 ns)
    [ PASSED ] CASE: deterministicMutationHarnessEnforcesSmallLimitsAndOwnedClosure (3005897 ns)
    TCS: HttpModelTest, time elapsed: 1798788 ns, RESULT:
    [ PASSED ] CASE: methodSupportsStandardAndExtensionTokens (20638 ns)
    [ PASSED ] CASE: headersPreserveOrderAndMultipleValues (37396 ns)
    [ PASSED ] CASE: headersOwnTheirInputAndOutputArrays (33325 ns)
    [ PASSED ] CASE: builderSetAndRemoveUseCaseInsensitiveNames (54571 ns)
    [ PASSED ] CASE: rejectsInjectionAndInvalidNames (58951 ns)
    [ PASSED ] CASE: enforcesCountLineAndTotalLimits (46892 ns)
    [ PASSED ] CASE: urlNormalizesSchemeHostAndDefaultTarget (31815 ns)
    [ PASSED ] CASE: urlPreservesExplicitPortPathAndQuery (32680 ns)
    [ PASSED ] CASE: urlRequiresBracketedIpv6AndKeepsQueryOnlyTargetValid (22547 ns)
    [ PASSED ] CASE: urlRejectsAmbiguousAndUnsafeInputs (88274 ns)
    [ PASSED ] CASE: trailerRejectsRoutingAndFramingFields (111203 ns)
    TCS: HttpProxyPolicyTest, time elapsed: 686899 ns, RESULT:
    [ PASSED ] CASE: noProxyMatchesDnsBoundariesAndOptionalPorts (89227 ns)
    [ PASSED ] CASE: noProxyMatchesTypedIpLiteralsExactlyAndWildcardExplicitly (55215 ns)
    [ PASSED ] CASE: endpointsRetainDnsIpv4AndIpv6RouteIdentity (25526 ns)
    [ PASSED ] CASE: routeSelectionUsesNoProxyWithoutCallingAuthorizationHook (64841 ns)
    [ PASSED ] CASE: rejectsAmbiguousNoProxyPatternsAndEndpointPorts (32104 ns)
    TCS: HttpRedirectPolicyTest, time elapsed: 944393 ns, RESULT:
    [ PASSED ] CASE: rewritesPostOn302AndRemovesBodyHeaders (84350 ns)
    [ PASSED ] CASE: stripsSensitiveHeadersOnlyAcrossOrigins (113762 ns)
    [ PASSED ] CASE: rejectsDowngradeLimitAndOneShotReplay (133840 ns)
    [ PASSED ] CASE: resolvesSchemeRelativeAndQueryOnlyLocations (66056 ns)
    [ PASSED ] CASE: resolvesRelativePathsAndRemovesDotSegments (93173 ns)
    TCS: HttpRetryPolicyTest, time elapsed: 531386 ns, RESULT:
    [ PASSED ] CASE: retriesOnlyIdempotentReplayableStructuredFailures (49604 ns)
    [ PASSED ] CASE: explicitSafetyAllowsPostButDisabledAndOneShotFailClosed (40709 ns)
    [ PASSED ] CASE: cancellationDeadlineUnknownAndNeverAreNotRetried (39044 ns)
    [ PASSED ] CASE: goAwayRetriesOnlyDefinitelyUnprocessedSafeReplayableRequests (48818 ns)
    TCS: Http1SseStreamingProfileTest, time elapsed: 3010941932 ns, RESULT:
    [ PASSED ] CASE: http1StreamsWithoutLifetimeAccumulationAndCancels (3010718615 ns)
    TCS: Http2SseStreamingProfileTest, time elapsed: 3026979576 ns, RESULT:
    [ PASSED ] CASE: http2StreamsWithoutLifetimeAccumulationAndPreservesSibling (3026678485 ns)
    TCS: M2005SystemResolverTest, time elapsed: 9398082 ns, RESULT:
    [ PASSED ] CASE: resolvesLocalhostThroughThePublicContract (8513920 ns)
    [ PASSED ] CASE: fixtureReturnsAllCandidatesAndDoesNotInventTtl (22865 ns)
    [ PASSED ] CASE: fixtureAppliesFamilyAndResultBounds (8699 ns)
    [ PASSED ] CASE: fixtureMapsStableErrorsAndRetainsNativeEvidence (8971 ns)
    [ PASSED ] CASE: fixtureCancellationAndDeadlineReturnBeforeNativeCleanup (8395 ns)
    [ PASSED ] CASE: validatesBoundsAndRejectsUseAfterClose (87094 ns)
    TCS: WebSocketHandshakeTest, time elapsed: 39470954 ns, RESULT:
    [ PASSED ] CASE: nativeHttp1UpgradeTransfersFramesAndClosesSession (3307925 ns)
    [ PASSED ] CASE: nativeHttp2ExtendedConnectKeepsSiblingRequestsUsable (35819854 ns)
    TCS: WebSocketConnectionTest, time elapsed: 139581138 ns, RESULT:
    [ PASSED ] CASE: fragmentedUtf8AndAutomaticPongSurviveOneByteTransportReads (232886 ns)
    [ PASSED ] CASE: preCancelledSendPerformsNoIoAndLeavesUntouchedSessionHealthy (100636 ns)
    [ PASSED ] CASE: fragmentedMessageBoundRejectsBeforeWritingAndPreservesProgression (123034 ns)
    [ PASSED ] CASE: roleMaskingAndNonCanonicalLengthFailClosedWithProtocolStatus (237139 ns)
    [ PASSED ] CASE: fragmentedTextRejectsInvalidContinuationAtTheMessageBoundary (75477 ns)
    [ PASSED ] CASE: gracefulCloseEchoesStatusAndCompletesBothOwners (146682 ns)
    [ PASSED ] CASE: handshakeCryptoMatchesRfcVectorAndReturnsCanonicalFreshKeyShape (37718 ns)
    [ PASSED ] CASE: framePayloadIsOwnedAndCloseInputIsStrict (51513 ns)
    [ PASSED ] CASE: boundedDeterministicWireMutationsAreSplitInvariantAndFailClosed (137369336 ns)
Summary: TOTAL: 113
    PASSED: 110, SKIPPED: 3, ERROR: 0
    FAILED: 0
--------------------------------------------------------------------------------------------------
TP: wirestack.internal.http1, time elapsed: 1941204102 ns, RESULT:
    TCS: HttpAutomaticHttpsClientTest, time elapsed: 9618276 ns, RESULT:
    [ PASSED ] CASE: h2NegotiationMultiplexesTenRequestsOnOneTlsConnection (5474969 ns)
    [ PASSED ] CASE: http11NegotiationFallsBackAndReusesTheAdoptedConnection (2438126 ns)
    TCS: Http1ChunkedCodecTest, time elapsed: 3301479 ns, RESULT:
    [ PASSED ] CASE: decoderStreamsDataExtensionsTrailersAndRemainder (173744 ns)
    [ PASSED ] CASE: decoderHandlesEveryBoundaryOneByteAtATime (105877 ns)
    [ PASSED ] CASE: encoderProducesCanonicalChunksAndBoundedTrailers (137750 ns)
    [ PASSED ] CASE: rejectsInvalidSizeExtensionAndTerminators (152264 ns)
    [ PASSED ] CASE: enforcesBodyChunkLineAndTrailerBounds (119304 ns)
    [ PASSED ] CASE: streamingResponseKeepsEachChunkBoundedWithoutALifetimeCeiling (264972 ns)
    [ PASSED ] CASE: rejectsForbiddenOrFoldedTrailers (184817 ns)
    [ PASSED ] CASE: eofAndPostCompletionUseFailClosedStates (86092 ns)
    [ PASSED ] CASE: decodeBatchesOwnDataAndRemainingBytes (96080 ns)
    TCS: Http1ClientConnectionTest, time elapsed: 22372553 ns, RESULT:
    [ PASSED ] CASE: expectContinueWaitsForApprovalBeforeOpeningBody (2034841 ns)
    [ PASSED ] CASE: finalRejectionBeforeContinueNeverOpensRequestBody (1350773 ns)
    [ PASSED ] CASE: continueWaitTimeoutSendsBodyUnderTheOriginalBudget (13145359 ns)
    [ PASSED ] CASE: serializesRequestsUntilBodyEofThenReusesConnection (1882164 ns)
    [ PASSED ] CASE: earlyBodyCloseClosesInsteadOfReturningConnectionForReuse (1100352 ns)
    [ PASSED ] CASE: connectionCloseResponseIsNeverReusableAfterEof (1127677 ns)
    TCS: Http1CleartextClientTest, time elapsed: 3284250 ns, RESULT:
    [ PASSED ] CASE: resolvesConnectsAndReusesOnlyAfterBodyCompletion (2655659 ns)
    [ PASSED ] CASE: rejectsHttpsBeforeDnsOrPoolMutation (107504 ns)
    TCS: Http1ConnectionPoolTest, time elapsed: 6404840 ns, RESULT:
    [ PASSED ] CASE: emitsSecretFreeAcquireAndReleaseLifecycle (649606 ns)
    [ PASSED ] CASE: reusesOnlyTheSameCompleteKey (672785 ns)
    [ PASSED ] CASE: enforcesTotalPerKeyIdleAndWaiterBounds (1254418 ns)
    [ PASSED ] CASE: activeWaitHonorsCancellationAndReleasesWaiterSlot (661846 ns)
    [ PASSED ] CASE: evictsExpiredAndClosedConnectionsInsteadOfReusingThem (1300326 ns)
    [ PASSED ] CASE: failedCreationRollsBackItsCapacityReservation (645729 ns)
    TCS: Http1HeadParserTest, time elapsed: 3631736 ns, RESULT:
    [ PASSED ] CASE: requestParsesIncrementallyAndReturnsBodyRemainder (311796 ns)
    [ PASSED ] CASE: oneFeedRetainsBytesAfterTheHead (128919 ns)
    [ PASSED ] CASE: responseParsesStatusReasonHeadersAndFraming (193240 ns)
    [ PASSED ] CASE: acceptsOriginAbsoluteAuthorityAndAsteriskFormsOnlyWhereValid (529961 ns)
    [ PASSED ] CASE: rejectsBareLfObsFoldAndInvalidHeaderSyntax (229425 ns)
    [ PASSED ] CASE: requiresOneValidHostAndMatchingAbsoluteAuthority (461173 ns)
    [ PASSED ] CASE: rejectsInvalidTargetVersionAndBoundViolations (250103 ns)
    [ PASSED ] CASE: completedParserCannotBeReused (147933 ns)
    TCS: Http2Streams1BenchmarkTest, time elapsed: 21215932 ns, RESULT:
    [ PASSED ] CASE: benchmarkOneConcurrentStream (20914171 ns)
    TCS: Http2Streams10BenchmarkTest, time elapsed: 140878457 ns, RESULT:
    [ PASSED ] CASE: benchmarkTenConcurrentStreams (140604254 ns)
    TCS: Http2Streams100BenchmarkTest, time elapsed: 1346728021 ns, RESULT:
    [ PASSED ] CASE: benchmarkHundredConcurrentStreams (1346025304 ns)
    TCS: Http1HundredConnectionBaselineTest, time elapsed: 37650992 ns, RESULT:
    [ PASSED ] CASE: benchmarkHundredConcurrentConnections (37299688 ns)
    TCS: Http2ConnectionPoolTest, time elapsed: 10486007 ns, RESULT:
    [ PASSED ] CASE: alpnPrefersH2AndFallsBackOnlyToHttp11 (58037 ns)
    [ PASSED ] CASE: oneConnectionIsSharedUntilPeerStreamCapacityIsFull (499377 ns)
    [ PASSED ] CASE: concurrentFirstUseDoesNotCreateAConnectionStampede (908145 ns)
    [ PASSED ] CASE: newConnectionIsPublishedOnlyAfterItsFirstStreamIsAdmitted (121583 ns)
    [ PASSED ] CASE: closeRacingUnpublishedAdmissionReleasesConnectionOwners (6396285 ns)
    [ PASSED ] CASE: completeSecurityKeyPreventsCrossContextReuse (155938 ns)
    [ PASSED ] CASE: drainingConnectionRetainsExistingStreamButReceivesNoNewLease (122066 ns)
    [ PASSED ] CASE: drainingConnectionWaitsForNonLocalOwnersBeforeDiscard (119726 ns)
    [ PASSED ] CASE: fullBoundedPoolHonorsOneCallerDeadline (79487 ns)
    [ PASSED ] CASE: poolCloseAbortsEverySharedConnectionExactlyOnce (92586 ns)
    TCS: Http1FramingTest, time elapsed: 1445006 ns, RESULT:
    [ PASSED ] CASE: requestUsesOneSharedEmptyLengthOrChunkedDecision (85283 ns)
    [ PASSED ] CASE: identicalContentLengthsAreAcceptedAcrossFieldsAndLists (42434 ns)
    [ PASSED ] CASE: conflictingOrInvalidContentLengthsAreRejected (161036 ns)
    [ PASSED ] CASE: contentLengthAndTransferEncodingNeverCoexist (69500 ns)
    [ PASSED ] CASE: ambiguousTransferEncodingIsRejected (96721 ns)
    [ PASSED ] CASE: responseHandlesHeadStatusesConnectAndCloseDelimiting (73757 ns)
    [ PASSED ] CASE: bodylessAndSuccessfulConnectResponsesRejectFramingFields (60832 ns)
    TCS: HttpConnectionPoolKeyTest, time elapsed: 389817 ns, RESULT:
    [ PASSED ] CASE: canonicalOriginProducesStableEqualityAndHash (17698 ns)
    [ PASSED ] CASE: everySecurityAndRouteDimensionPartitionsReuse (30334 ns)
    [ PASSED ] CASE: refusesIncompletePartitionIdentities (14624 ns)
    TCS: Http1ProxyClientPipelineTest, time elapsed: 5483256 ns, RESULT:
    [ PASSED ] CASE: dynamicConnectCredentialsNeverReuseAnAuthenticatedTunnel (3237647 ns)
    [ PASSED ] CASE: rejectedConnectDrainsClosesAndReturnsStructuredNonRetryableFailure (1850519 ns)
    TCS: Http1RequestWriterTest, time elapsed: 5841992 ns, RESULT:
    [ PASSED ] CASE: twoStageWriterDoesNotOpenBodyBeforeExplicitCommit (924326 ns)
    [ PASSED ] CASE: writesFixedBodyThroughPartialTransportOperations (754847 ns)
    [ PASSED ] CASE: streamsUnknownLengthBodyAsCanonicalChunks (990819 ns)
    [ PASSED ] CASE: rejectsDeclaredMismatchBeforeWritingAnything (443037 ns)
    [ PASSED ] CASE: prematureBodyEofRetainsPartialCommitEvidence (582099 ns)
    [ PASSED ] CASE: emptyFramingProbesSourceInsteadOfDroppingUnexpectedBytes (210362 ns)
    TCS: Http1ResponseReaderTest, time elapsed: 11808258 ns, RESULT:
    [ PASSED ] CASE: explicitUpgradeTransfersOnlyAMatching101Protocol (714190 ns)
    [ PASSED ] CASE: mismatchedUpgradeResponseFailsClosed (1644385 ns)
    [ PASSED ] CASE: explicitConnectTransfersBufferedTunnelBytesAndTransportOwnership (1267764 ns)
    [ PASSED ] CASE: failedConnectRemainsAnHttpResponseAndClosesAfterBody (1249570 ns)
    [ PASSED ] CASE: readsInterimAndFixedResponseWithoutBufferingTheBody (494910 ns)
    [ PASSED ] CASE: received4xxAnd5xxRemainHttpResponses (1381099 ns)
    [ PASSED ] CASE: decodesChunkedResponseAndPublishesTrailerAtEof (762550 ns)
    [ PASSED ] CASE: closeDelimitedBodyCompletesOnlyAtTransportEof (331425 ns)
    [ PASSED ] CASE: chunkedStreamingResponseMayExceedThePerSegmentBodyBound (512450 ns)
    [ PASSED ] CASE: prematureFixedBodyEofAbandonsResponseExactlyOnce (759074 ns)
    [ PASSED ] CASE: rejectsImplicitUpgradeAndConnectTransportTransfer (889289 ns)
    TCS: Http1SerializerTest, time elapsed: 2081456 ns, RESULT:
    [ PASSED ] CASE: clientRequestAddsHostAndUsesOriginForm (103656 ns)
    [ PASSED ] CASE: forwardProxyRequestUsesAbsoluteFormAndOriginHost (184880 ns)
    [ PASSED ] CASE: requestPreservesOrderedMultipleFieldsAndLengthFraming (129090 ns)
    [ PASSED ] CASE: requestRejectsMissingDuplicateOrMismatchedHost (88042 ns)
    [ PASSED ] CASE: responseSerializesStatusAndUsesSharedFraming (79429 ns)
    [ PASSED ] CASE: responseRejectsInjectionAndForbiddenBodyFraming (85374 ns)
    [ PASSED ] CASE: writerHandlesPartialTransportWritesUnderOneContext (194600 ns)
    [ PASSED ] CASE: serializedBytesAreDefensiveCopies (164197 ns)
    TCS: Http1ServerConnectionTest, time elapsed: 9510748 ns, RESULT:
    [ PASSED ] CASE: serializesTwoKeepAliveExchanges (1926025 ns)
    [ PASSED ] CASE: unreadRequestBodyForcesConnectionCloseAfterResponse (1558423 ns)
    [ PASSED ] CASE: handlerFailureProducesBounded500AndCloses (862043 ns)
    [ PASSED ] CASE: rejectedHandoffReleasesSessionOwnershipExactlyOnce (1716248 ns)
    [ PASSED ] CASE: selectedUpgradeOfferTransfersBufferedSessionBytes (957483 ns)
    TCS: Http1ServerRequestReaderTest, time elapsed: 11287670 ns, RESULT:
    [ PASSED ] CASE: streamsFixedRequestBodyWithoutReadingPastItsLength (782993 ns)
    [ PASSED ] CASE: rejectsOversizedFixedRequestBeforeReadingItsBody (1080680 ns)
    [ PASSED ] CASE: decodesChunkedRequestAndPublishesTrailer (876253 ns)
    [ PASSED ] CASE: sendsContinueOnlyWhenHandlerStartsReadingTheBody (7049832 ns)
    [ PASSED ] CASE: rejectingWithoutReadingNeverSendsContinue (492072 ns)
    TCS: Http1ServerTest, time elapsed: 29099658 ns, RESULT:
    [ PASSED ] CASE: shutdownAbortsConnectionBlockedInsideTlsHandshake (8861072 ns)
    [ PASSED ] CASE: acceptSideTlsHookOwnsConnectionAndClosesAfterShutdown (1156908 ns)
    [ PASSED ] CASE: gracefulShutdownStopsAcceptAfterCompletedConnection (1119417 ns)
    [ PASSED ] CASE: expiredShutdownAbortsBlockedConnectionAndReturnsBoundedly (7168368 ns)
    [ PASSED ] CASE: connectionLimitPreventsSecondAcceptUntilCapacityReturns (9672874 ns)
    TCS: Http1ServerResponseWriterTest, time elapsed: 2965573 ns, RESULT:
    [ PASSED ] CASE: writesFixedResponseThroughPartialTransportOperations (340085 ns)
    [ PASSED ] CASE: streamsChunkedResponseAndTrailer (338097 ns)
    [ PASSED ] CASE: chunkedStreamingResponseMayExceedThePerSegmentBodyBound (312383 ns)
    [ PASSED ] CASE: headResponseNeverTransfersRepresentationBytes (161964 ns)
    [ PASSED ] CASE: closeDelimitedResponseRequiresConnectionClose (895292 ns)
    [ PASSED ] CASE: rejectsKnownLengthMismatchBeforeCommittingHead (116762 ns)
    TCS: Http1SmugglingCorpusTest, time elapsed: 85397533 ns, RESULT:
    [ PASSED ] CASE: clientAndServerFramingRejectTheSameAmbiguousHeaderCorpus (2472142 ns)
    [ PASSED ] CASE: identicalLengthsAndOneFinalChunkedCodingRemainUnambiguous (545304 ns)
    [ PASSED ] CASE: rejectsWhitespaceTargetAndProxyDifferentialCorpus (536622 ns)
    [ PASSED ] CASE: rejectsMalformedChunkAndTrailerCorpusAtInputOrEof (142021 ns)
    [ PASSED ] CASE: everyAcceptedSingleByteMutationHasACanonicalReparse (72631733 ns)
    [ PASSED ] CASE: chunkedMutationsHaveDeterministicBoundedTerminals (3365464 ns)
    [ PASSED ] CASE: validHeadParsesAtEveryTransportSplitBoundary (4714810 ns)
    TCS: Http1HttpsClientTest, time elapsed: 3823563 ns, RESULT:
    [ PASSED ] CASE: partitionsHandshakesAndReusesHttpsAfterBodyCompletion (1898886 ns)
    [ PASSED ] CASE: zeroLengthConnectionCloseDoesNotWaitForTlsPeerShutdown (1045360 ns)
    TCS: Http1TlsServerTest, time elapsed: 162850539 ns, RESULT:
    [ PASSED ] CASE: alpnServerRejectsAClientWithNoSharedHttpProtocol (69883445 ns)
    [ PASSED ] CASE: automaticClientOffersH2FirstAndFallsBackToServerHttp11 (28643919 ns)
    [ PASSED ] CASE: requiredMutualTlsCarriesAuthenticatedHttp1Exchange (38119819 ns)
    [ PASSED ] CASE: realAwsLcHandshakeCarriesOneHttp1Exchange (24925695 ns)
Summary: TOTAL: 121
    PASSED: 118, SKIPPED: 3, ERROR: 0
    FAILED: 0
--------------------------------------------------------------------------------------------------
TP: wirestack.internal.platform.linux, time elapsed: 15465560 ns, RESULT:
    TCS: LinuxSystemTrustAdapterTest, time elapsed: 15465560 ns, RESULT:
    [ PASSED ] CASE: frozenSearchOrderCoversGlibcAndMuslLayouts (299171 ns)
    [ PASSED ] CASE: currentLinuxHostSelectsOneExplicitUsableSource (11833354 ns)
    [ PASSED ] CASE: missingCandidatesFailWithoutProviderDefaultFallback (50114 ns)
    [ PASSED ] CASE: directoryCandidateRequiresReadableHashedCertificateEntry (304977 ns)
    [ PASSED ] CASE: sourceIdentityChangesWhenSameSizeTrustContentChanges (387468 ns)
Summary: TOTAL: 5
    PASSED: 5, SKIPPED: 0, ERROR: 0
    FAILED: 0
--------------------------------------------------------------------------------------------------
TP: wirestack.net, time elapsed: 1632515297 ns, RESULT:
    TCS: DnsClientWireTest, time elapsed: 983965684 ns, RESULT:
    [ PASSED ] CASE: publicQueryAndLookupUseRealUdpAndRetainAbsoluteCacheExpiry (5041448 ns)
    [ PASSED ] CASE: publicQueryEncodesEveryModeledRecordType (10584601 ns)
    [ PASSED ] CASE: wrongSourceIdAndQuestionAreIgnoredBeforeValidUdpResponse (1169662 ns)
    [ PASSED ] CASE: validatedTruncationFallsBackToExactTcpFrame (1385962 ns)
    [ PASSED ] CASE: activeCancellationRetainsNameserverWithoutRetry (60916653 ns)
    [ PASSED ] CASE: silentDnsAttemptsLeaveBudgetForServerAndPassFailover (503947474 ns)
    [ PASSED ] CASE: exhaustedResponseCodesRetainTheLastRespondingNameserver (2141783 ns)
    [ PASSED ] CASE: unsupportedResponseCodeRetainsRespondingNameserver (1217384 ns)
    [ PASSED ] CASE: dnsTransportFailuresRetainSelectedNameserver (252339263 ns)
    [ PASSED ] CASE: tcpResponseCannotRemainTruncated (1336947 ns)
    [ PASSED ] CASE: malformedMatchingResponseAndUnrelatedSectionsCannotPoisonCache (3501780 ns)
    [ PASSED ] CASE: cnameTraversalUsesAnswerOwnersAndRejectsConflictingTargets (2137188 ns)
    [ PASSED ] CASE: fullResultCapacityDoesNotQueryAnotherFamily (60399765 ns)
    [ PASSED ] CASE: rfc2308CacheRetainsNxdomainVersusNodataWithoutNewPackets (4895256 ns)
    [ PASSED ] CASE: zeroTtlNeverCreatesAPositiveCacheEntry (3584547 ns)
    [ PASSED ] CASE: callerCancellationAndClientCloseWakeActiveNativeReceive (6005577 ns)
    [ PASSED ] CASE: anyFamilyRetainsAddressesWhenTheOtherFamilyFails (9087639 ns)
    [ PASSED ] CASE: crossFamilyConflictsRetainTheLivePeerAlongsideCachedResults (8237926 ns)
    [ PASSED ] CASE: nxdomainInvalidatesVisitedTargetsAndOtherCachedAliases (23634245 ns)
    [ PASSED ] CASE: everyNxdomainInvalidatesPreviouslyCachedAddresses (9434504 ns)
    [ PASSED ] CASE: noncacheableNxdomainStopsOtherFamilyQueries (2573221 ns)
    [ PASSED ] CASE: nameWideNegativeOverridesEarlierFamilyFailure (2851426 ns)
    [ PASSED ] CASE: boundedAdmissionRejectsExcessAndCloseWakesQueuedCallers (1358780 ns)
    TCS: DnsResolverPolicyTest, time elapsed: 307146252 ns, RESULT:
    [ PASSED ] CASE: fromSystemParsesTabsCommentsLastSearchAndClampedNdots (588190 ns)
    [ PASSED ] CASE: directConfigRejectsUnsupportedNameserverZonesBeforeQueries (51845 ns)
    [ PASSED ] CASE: numericNameserverZonesUseCanonicalEndpointIdentity (64269 ns)
    [ PASSED ] CASE: systemNameserversRetainOnlySupportedNumericZones (430420 ns)
    [ PASSED ] CASE: equivalentNameserverScopesDoNotConsumeTheServerLimit (322880 ns)
    [ PASSED ] CASE: configOwnsInputArraysAndReturnsDefensiveCopies (55352 ns)
    [ PASSED ] CASE: adoptedClientRequiresMatchingConfigurationWithoutTakingRejectedOwnership (293294 ns)
    [ PASSED ] CASE: systemFilesFailClosedWhenMissingOversizedOrNonregular (28667933 ns)
    [ PASSED ] CASE: ipv4LiteralsBypassHostsSearchAndNameservers (60280391 ns)
    [ PASSED ] CASE: hostsSnapshotRetainsOnlyUsableIpv6Zones (714260 ns)
    [ PASSED ] CASE: hostsAliasesFilterFamiliesAndRemainSnapshotted (1316347 ns)
    [ PASSED ] CASE: trailingRootSkipsSearchWhileNdotsSelectsSearchOrAbsoluteFirst (5640425 ns)
    [ PASSED ] CASE: exactHostsEntryWinsBeforeSearchSuffixDns (200760834 ns)
    [ PASSED ] CASE: cancelledExpiredAndClosedCallsRetainPublicResolveClassifications (946785 ns)
    [ PASSED ] CASE: connectUsesHostsMappingForANativeListenerExchange (1150445 ns)
    [ PASSED ] CASE: resolverConnectCarriesOneAbsoluteDeadlineIntoNativeTcpAdmission (1379186 ns)
    TCS: DnsWireParserTest, time elapsed: 36423422 ns, RESULT:
    [ PASSED ] CASE: decodesCompressedTargetsBinaryTxtSoaAndUnknownData (217790 ns)
    [ PASSED ] CASE: recordOrderMakesAnswerAuthorityAndAdditionalBoundariesExplicit (104163 ns)
    [ PASSED ] CASE: summariesAndRecordsOwnParserAndConstructorInputs (61245 ns)
    [ PASSED ] CASE: publicSummaryRejectsCountsBeyondWireAndCombinedRecordBounds (32484280 ns)
    [ PASSED ] CASE: parserPreservesQuestionIdentityAndRejectsIncompleteRecords (115418 ns)
    [ PASSED ] CASE: asciiNameProfileRejectsAmbiguousLabels (150749 ns)
    [ PASSED ] CASE: compressionLoopsForwardPointersAndOutOfRangePointersAreRejected (86174 ns)
    [ PASSED ] CASE: expandedNameAndSectionCountsRespectConfiguredBounds (98132 ns)
    [ PASSED ] CASE: completeParserRejectsTrailingAndTruncatedSectionBytes (67737 ns)
    [ PASSED ] CASE: typedRdataLengthsAndTxtSegmentsAreExact (96179 ns)
    [ PASSED ] CASE: compressedRdataNamesCannotConsumeNeighboringRecordBytes (101936 ns)
    [ PASSED ] CASE: srvTargetCompressionIsRejectedEvenWhenPointerIsInBounds (60140 ns)
    [ PASSED ] CASE: summaryConstructorRejectsSectionMetadataThatCouldBlurBoundaries (25073 ns)
    [ PASSED ] CASE: additionalOwnerMayReferenceAuthorityNameserverTarget (80598 ns)
    [ PASSED ] CASE: additionalOwnerMayReferenceSecondLegacyMailboxName (106504 ns)
    TCS: DnsWireFuzzTest, time elapsed: 166289304 ns, RESULT:
    [ PASSED ] CASE: wireMutationsRejectMalformedMessagesOrRetainOwnedSections (165980067 ns)
    TCS: M8002TcpListenerTest, time elapsed: 58770958 ns, RESULT:
    [ PASSED ] CASE: bindRejectsInvalidBacklogAndStoppedContextsWithStructuredErrors (67260 ns)
    [ PASSED ] CASE: bindFailureRetainsPublicCoordinatesAndCause (124896 ns)
    [ PASSED ] CASE: cancelledAndExpiredAcceptsLeaveListenerReusable (24441367 ns)
    [ PASSED ] CASE: acceptedStreamTransfersExactDataInBothDirections (423227 ns)
    [ PASSED ] CASE: overlappingAcceptIsRejectedWithoutCreatingAPendingQueue (30652627 ns)
    [ PASSED ] CASE: stoppedCloseAdmissionHasNoNativeEffectAndListenerRemainsUsable (539578 ns)
    [ PASSED ] CASE: gracefulAndAbortTerminalOwnersAreStableAndWakeAccept (405505 ns)
    TCS: M8002UdpSocketTest, time elapsed: 34942757 ns, RESULT:
    [ PASSED ] CASE: datagramBoundariesAndOwnedPayloadSurviveScratchReuse (594501 ns)
    [ PASSED ] CASE: exactCapacityAndTruncationDiscardOnlyTheCurrentDatagramTail (274615 ns)
    [ PASSED ] CASE: connectedSocketSelectsNativePeerAndFiltersOtherSenders (304153 ns)
    [ PASSED ] CASE: invalidAndUnsupportedInputsLeaveSocketReusable (1766887 ns)
    [ PASSED ] CASE: cancellationDeadlineCloseAndAbortRetainDistinctState (30678444 ns)
    TCS: NetworkFoundationContractTest, time elapsed: 43707130 ns, RESULT:
    [ PASSED ] CASE: unixEndpointFormsAreDistinctAndOwned (57800 ns)
    [ PASSED ] CASE: unixEndpointRejectsUnboundedNames (42414 ns)
    [ PASSED ] CASE: rawSocketCapabilityBoundaryRequiresDomainSpecificProtocol (61450 ns)
    [ PASSED ] CASE: cancelledConnectFailsBeforeSocketCreation (64006 ns)
    [ PASSED ] CASE: tcpStreamCancellationDistinguishesUntouchedFromAbortedDelegate (98567 ns)
    [ PASSED ] CASE: tcpStreamGracefulCloseIsRetainedAndIdempotent (23418 ns)
    [ PASSED ] CASE: tcpStreamTerminalCloseSkipsStoppedContextsAndCallerClock (80740 ns)
    [ PASSED ] CASE: tcpStreamNonterminalStoppedCloseAdmissionStillRejects (97893 ns)
    [ PASSED ] CASE: tcpStreamCloseNormalizesContextFailureWithoutTakingOwnership (92892 ns)
    [ PASSED ] CASE: tcpStreamAbortRetainsItsCauseAndConnectionFacts (138487 ns)
    [ PASSED ] CASE: tcpStreamDirectionalShutdownPublishesOnlySuccessfulTransitions (81060 ns)
    [ PASSED ] CASE: tcpStreamReadShutdownRejectsEveryReadPathWithoutLosingWrites (89781 ns)
    [ PASSED ] CASE: tcpStreamWriteShutdownRejectsEveryWritePathWithoutLosingReads (108609 ns)
    [ PASSED ] CASE: tcpStreamEmptyOperationsRemainImmediateAfterDirectionalShutdown (52803 ns)
    [ PASSED ] CASE: tcpStreamReadExactAddsCapturedEndpointsToUnexpectedEof (68398 ns)
    [ PASSED ] CASE: tcpStreamReadKeepsPeerEofGraceful (32737 ns)
    [ PASSED ] CASE: tcpStreamReadExactMergesCapturedAndStructuredEndpointMetadata (59369 ns)
    [ PASSED ] CASE: tcpStreamIoConflictsRetainCapturedEndpointsWithoutClosing (151756 ns)
    [ PASSED ] CASE: tcpStreamDirectionalShutdownDoesNotPromoteWokenIoToFailure (97276 ns)
    [ PASSED ] CASE: tcpStreamFinalShutdownRemainsGracefulWhenItWakesIo (55730 ns)
    [ PASSED ] CASE: tcpStreamFailuresRetainOriginalErrorAndReleaseDelegate (72409 ns)
    [ PASSED ] CASE: tcpStreamRetainsNativeCancellationOwnership (1333869 ns)
    [ PASSED ] CASE: tcpStreamNormalizesUnexpectedDelegateFailures (192006 ns)
    [ PASSED ] CASE: tcpStreamPrecancelledIoCannotClaimAnotherClosesOwnership (159333 ns)
    [ PASSED ] CASE: tcpStreamCancellationOwnershipSurvivesOtherObservers (108054 ns)
    [ PASSED ] CASE: tcpStreamAbortCannotRelabelClaimedGracefulNativeClose (44218 ns)
    [ PASSED ] CASE: tcpStreamAbortOwnershipSurvivesCompetingIoAndLateCloseFailure (116797 ns)
    [ PASSED ] CASE: tcpStreamCancellationBoundsCloseWaitAndLateSuccessRemainsGraceful (111161 ns)
    [ PASSED ] CASE: tcpStreamJoiningBackgroundCloseWaitsForCompletion (28376093 ns)
    [ PASSED ] CASE: tcpStreamDeadlineBoundsCloseWaitAndLateSuccessRemainsGraceful (96513 ns)
    [ PASSED ] CASE: tcpStreamLateCloseFailurePublishesFailedWithoutReplacingCallerCancellation (128267 ns)
    [ PASSED ] CASE: tcpStreamAbortRemainsTerminalWhenDetachedCloseFailsLate (139528 ns)
    [ PASSED ] CASE: tcpStreamCloseKeepsGracefulCauseWhenItWakesARead (80975 ns)
    [ PASSED ] CASE: unsafeOptionValueIsBoundedAndOwnedWithoutApplyingIt (103810 ns)
    [ PASSED ] CASE: datagramResultEnforcesTheIpv4PayloadBound (4956571 ns)
    [ PASSED ] CASE: datagramResultSurvivesReceiveBufferReuse (22610 ns)
Summary: TOTAL: 103
    PASSED: 103, SKIPPED: 0, ERROR: 0
    FAILED: 0
--------------------------------------------------------------------------------------------------
TP: wirestack.internal.transport, time elapsed: 210313334 ns, RESULT:
    TCS: ByteSpanTest, time elapsed: 2859861 ns, RESULT:
    [ PASSED ] CASE: defaultsCoverWholeArrayAndEmptyArray (352607 ns)
    [ PASSED ] CASE: sliceAndAdvanceKeepTheOriginalArray (26117 ns)
    [ PASSED ] CASE: mutableViewWritesThroughAndConvertsWithoutCopying (21310 ns)
    [ PASSED ] CASE: permitsBoundaryEmptyRanges (22171 ns)
    [ PASSED ] CASE: rejectsEveryOutOfRangeShape (1169706 ns)
    TCS: CancellationTest, time elapsed: 47188738 ns, RESULT:
    [ PASSED ] CASE: cancelIsOneWayAndCallbacksRunExactlyOnce (135535 ns)
    [ PASSED ] CASE: unregisterIsIdempotentAndPreventsPendingCallback (33508 ns)
    [ PASSED ] CASE: alreadyCancelledRegistrationRunsSynchronouslyOnce (27909 ns)
    [ PASSED ] CASE: noneTokenRemainsUsableAndNotCancelled (20785 ns)
    [ PASSED ] CASE: oneFailingCallbackDoesNotBlockOtherWaiters (42581 ns)
    [ PASSED ] CASE: concurrentCancelClaimsEveryCallbackExactlyOnce (19818286 ns)
    [ PASSED ] CASE: registrationRacingCancellationStillRunsExactlyOnce (23733210 ns)
    [ PASSED ] CASE: unregisterRacingCancellationIsAtMostOnce (1873348 ns)
    [ PASSED ] CASE: callbackMayReenterCancellationAndRegistrationWithoutDeadlock (35112 ns)
    TCS: OperationCompletionTest, time elapsed: 32106103 ns, RESULT:
    [ PASSED ] CASE: completionCleansEveryResourceBeforeTheWinnerCallback (652803 ns)
    [ PASSED ] CASE: unregisterAndLateRegistrationHaveExplicitTerminalSemantics (22796 ns)
    [ PASSED ] CASE: cleanupCapacityIsPositiveAndHardBounded (42513 ns)
    [ PASSED ] CASE: cleanupFailuresAndReentrancyCannotBlockTerminalProgress (47884 ns)
    [ PASSED ] CASE: winnerExceptionDoesNotReopenTheCompletion (31706 ns)
    [ PASSED ] CASE: cleanupCountPropertyHoldsAcrossEveryConfiguredOccupancy (290213 ns)
    [ PASSED ] CASE: concurrentTerminalCallersHaveOneWinner (4062722 ns)
    [ PASSED ] CASE: registrationRacingCompletionIsAlwaysCleanedOnce (23963373 ns)
    [ PASSED ] CASE: unregisterRacingCompletionRunsCleanupAtMostOnce (1518818 ns)
    TCS: DeadlineTest, time elapsed: 554068 ns, RESULT:
    [ PASSED ] CASE: remainingUsesTheInjectedMonotonicClock (23044 ns)
    [ PASSED ] CASE: remainingClampsAtZeroAfterExpiry (9970 ns)
    [ PASSED ] CASE: childCanShortenButNeverExtendParent (14202 ns)
    [ PASSED ] CASE: zeroAndExpiredChildrenCannotExtendTheParent (14411 ns)
    [ PASSED ] CASE: rejectsNegativeDurations (34221 ns)
    TCS: TransportLifecycleTest, time elapsed: 5286256 ns, RESULT:
    [ PASSED ] CASE: connectingAndAcceptedPathsReachOpenOnlyInOrder (13260 ns)
    [ PASSED ] CASE: halfCloseIsDirectionalIdempotentAndConvergesOnClosing (37691 ns)
    [ PASSED ] CASE: gracefulCloseIsIdempotentAndCompletesOnlyFromClosing (102226 ns)
    [ PASSED ] CASE: abortAndFailReachEveryNonTerminalStateWithoutOverwritingTerminalEvidence (68768 ns)
    [ PASSED ] CASE: illegalTransitionsHaveStableCodesAndDoNotMutateState (124686 ns)
    [ PASSED ] CASE: closingAndTerminalStatesRejectDataOperationsWithClosedCode (73620 ns)
    [ PASSED ] CASE: operationClaimsAllowDuplexButRejectSameDirectionConcurrency (27355 ns)
    [ PASSED ] CASE: everyTerminalModeReleasesRegisteredResourcesExactlyOnce (26204 ns)
    [ PASSED ] CASE: racingTerminalTransitionsRetainOneWinnerAndOneCleanup (3726247 ns)
    [ PASSED ] CASE: terminalCleanupMayReenterAndItsRegistryRemainsBounded (43540 ns)
    TCS: M124TransportRaceTest, time elapsed: 40666975 ns, RESULT:
    [ PASSED ] CASE: readCloseReleasesBlockedOperationAndDrainsWaiter (10348974 ns)
    [ PASSED ] CASE: writeAbortReleasesBlockedOperationAndDrainsWaiter (9724631 ns)
    [ PASSED ] CASE: successAndCancelOrderingsCompleteOnceWithoutDataLeak (19732415 ns)
    TCS: MemoryTransportListenerTest, time elapsed: 50001103 ns, RESULT:
    [ PASSED ] CASE: rejectsInvalidListenerAndSchedulerBounds (55210 ns)
    [ PASSED ] CASE: listenerDeliversConnectionsInFifoOrderAndBoundsBacklog (156600 ns)
    [ PASSED ] CASE: schedulerDefersDeliveryAndReleasesFailedReservations (80977 ns)
    [ PASSED ] CASE: schedulerRunsMultipleConnectionsInStableFifoOrder (43335 ns)
    [ PASSED ] CASE: cancellationWakesAcceptWithoutClosingListener (8904385 ns)
    [ PASSED ] CASE: deadlineBoundsBlockedAcceptWithoutClosingListener (29694382 ns)
    [ PASSED ] CASE: closeWakesAcceptAndAbortsOwnedConnectionsIdempotently (9914928 ns)
    TCS: MemoryTransportTest, time elapsed: 1982500 ns, RESULT:
    [ PASSED ] CASE: pairTransfersPartialDataInBothDirections (40765 ns)
    [ PASSED ] CASE: emptyBuffersReturnZeroWithoutProducingEofOrPeerData (23300 ns)
    [ PASSED ] CASE: writeShutdownProducesPeerEofAfterBufferedData (21278 ns)
    [ PASSED ] CASE: readShutdownMakesPeerWritesFailAsBrokenPipe (26857 ns)
    [ PASSED ] CASE: cancelledBeforeOperationHasNoDataSideEffect (37231 ns)
    [ PASSED ] CASE: closeAndAbortAreIdempotentAndTerminal (42450 ns)
    [ PASSED ] CASE: cancellationWakesABlockedRead (69843 ns)
    [ PASSED ] CASE: closeWakesABlockedLocalRead (73548 ns)
    [ PASSED ] CASE: writeShutdownWakesABlockedLocalWrite (59963 ns)
    [ PASSED ] CASE: boundedBackpressureResumesAfterPeerReads (164488 ns)
    [ PASSED ] CASE: expiredDeadlineFailsBeforeAnyWrite (42254 ns)
    TCS: NetworkErrorTest, time elapsed: 668372 ns, RESULT:
    [ PASSED ] CASE: retainsStableClassificationAndEndpointEvidence (35481 ns)
    [ PASSED ] CASE: retainsLocalEndpointCauseAndOptionalDefaults (31429 ns)
    [ PASSED ] CASE: caughtErrorRetainsUnixEndpointBytesNativeCodeAndCause (30573 ns)
    [ PASSED ] CASE: pathnameRejectsNulWhileAbstractRetainsIt (26296 ns)
    TCS: OperationContextTest, time elapsed: 944171 ns, RESULT:
    [ PASSED ] CASE: backgroundHasNoDeadlineCancellationOrTrace (16145 ns)
    [ PASSED ] CASE: derivedContextsRetainEventSinkAndSinkFailuresAreIsolated (46796 ns)
    [ PASSED ] CASE: derivedContextRetainsCancellationAndTrace (23333 ns)
    [ PASSED ] CASE: derivationHelpersChangeOnlyTheirNamedField (44562 ns)
    [ PASSED ] CASE: earlierDeadlineCannotBeExtended (14781 ns)
    [ PASSED ] CASE: traceIdentifiersAreBoundedAndNonEmpty (33095 ns)
    TCS: ScriptedTransportTest, time elapsed: 25982132 ns, RESULT:
    [ PASSED ] CASE: rejectsUnboundedOrInvalidScripts (73584 ns)
    [ PASSED ] CASE: shortReadAndWriteStepsAreConsumedInOrder (63045 ns)
    [ PASSED ] CASE: emptyIoDoesNotConsumeScriptAndEofIsExplicit (40065 ns)
    [ PASSED ] CASE: resetTerminatesTransportAtInjectedPhase (60678 ns)
    [ PASSED ] CASE: failurePreservesCoordinatesWithoutTerminatingTransport (62969 ns)
    [ PASSED ] CASE: virtualWaiterReleasesBlockedOperationsInFifoOrder (14812634 ns)
    [ PASSED ] CASE: cancellationWinsAReleaseRaceAndCleansWaiter (9802011 ns)
    TCS: TransportHelperTest, time elapsed: 916052 ns, RESULT:
    [ PASSED ] CASE: writeAllHandlesPartialWritesAndEmptyInput (24790 ns)
    [ PASSED ] CASE: readExactHandlesPartialReads (14903 ns)
    [ PASSED ] CASE: readExactClassifiesPrematureEof (23350 ns)
    [ PASSED ] CASE: emptyHelpersDoNotCallTransport (10549 ns)
    [ PASSED ] CASE: invalidProgressFailsOnceWithoutSpinning (65839 ns)
    [ PASSED ] CASE: cancellationAfterPartialProgressPropagatesWithoutRestart (39699 ns)
    [ PASSED ] CASE: absoluteDeadlineExpiresAcrossPartialRetries (43284 ns)
Summary: TOTAL: 83
    PASSED: 83, SKIPPED: 0, ERROR: 0
    FAILED: 0
--------------------------------------------------------------------------------------------------
TP: wirestack.tls, time elapsed: 113994075 ns, RESULT:
    TCS: PublicTlsFacadeTest, time elapsed: 88203399 ns, RESULT:
    [ PASSED ] CASE: clientBuilderRejectsReversedVersionRangeBeforeTransportIo (50071046 ns)
    [ PASSED ] CASE: serverBuilderRequiresAnIdentityBeforeTransportIo (11235417 ns)
    [ PASSED ] CASE: clientBuilderCopiesAlpnAndPublishesProviderNeutralCapabilities (7682729 ns)
    [ PASSED ] CASE: preCancelledHandshakeConsumesAndAbortsTheTransport (17536120 ns)
    TCS: TlsM8006ContractTest, time elapsed: 9088450 ns, RESULT:
    [ PASSED ] CASE: externalDecryptionRequestIsStrictlyRawRsaBoundedAndOwned (83635 ns)
    [ PASSED ] CASE: keyLogLineAcceptsOnlyBoundedNssShapeAndOwnsSecrets (122407 ns)
    [ PASSED ] CASE: clientContextRejectsExternalDecryptionBeforeHandshake (8233737 ns)
    TCS: TlsRuntimeTest, time elapsed: 16470247 ns, RESULT:
    [ PASSED ] CASE: reportsHandleFreeLinuxProviderAndBuildIdentity (7754393 ns)
    [ PASSED ] CASE: returnsDefensiveCopiesOfRuntimeInventories (8283939 ns)
Summary: TOTAL: 9
    PASSED: 9, SKIPPED: 0, ERROR: 0
    FAILED: 0
--------------------------------------------------------------------------------------------------
Project tests finished, time elapsed: 56115799865 ns, RESULT:
TP: wirestack.*, time elapsed: 56115750099 ns, RESULT:
    PASSED:
    TP: wirestack.internal.platform.linux, time elapsed: 15465560 ns
    TP: wirestack.internal.common, time elapsed: 2981681 ns
    TP: wirestack.internal.transport, time elapsed: 210313334 ns
    TP: wirestack.internal.trust, time elapsed: 86687204 ns
    TP: wirestack.internal.http2, time elapsed: 4798876992 ns
    TP: wirestack.internal.resolver, time elapsed: 41300937 ns
    TP: wirestack.internal.tls_engine, time elapsed: 34800589705 ns
    TP: wirestack.internal.connector, time elapsed: 20098472 ns
    TP: wirestack.tls, time elapsed: 113994075 ns
    TP: wirestack.internal.http1, time elapsed: 1941204102 ns
    TP: wirestack.internal.transport_stdnet, time elapsed: 205375333 ns
    TP: wirestack.net, time elapsed: 1632515297 ns
    TP: wirestack.http, time elapsed: 12065709797 ns
Summary: TOTAL: 803
    PASSED: 780, SKIPPED: 23, ERROR: 0
    FAILED: 0
--------------------------------------------------------------------------------------------------
cjpm test success
