--------------------------------------------------------------------------------------------------
TP: wirestack.internal.tls_engine, time elapsed: 26771327063 ns, RESULT:
    TCS: TlsConnectionTest, time elapsed: 92345271 ns, RESULT:
    [ PASSED ] CASE: handshakeTransfersOwnershipAndPlaintextIoUsesTheEngine (2309735 ns)
    [ PASSED ] CASE: oneReadAndOneWriteMayOverlapButSecondReadFailsImmediately (1937229 ns)
    [ PASSED ] CASE: handshakeFailureAbortsTransportAndReleasesEngineExactlyOnce (194207 ns)
    [ PASSED ] CASE: expiredHandshakeDeadlineStillConsumesAndAbortsBothInputs (157319 ns)
    [ PASSED ] CASE: ioFailureAbortsAndRepeatedTerminalCallsDoNotReleaseTwice (1010163 ns)
    [ PASSED ] CASE: unsupportedHalfCloseDoesNotMutateAnOpenConnection (277284 ns)
    [ PASSED ] CASE: concurrentCloseAndAbortReleaseUnderlyingResourcesOnce (33444162 ns)
    [ PASSED ] CASE: gracefulCloseSendsAndProcessesCloseNotifyBeforeReleasingResources (282755 ns)
    [ PASSED ] CASE: tcpEofDuringGracefulCloseRetainsTruncationAndStillReleasesEverything (303444 ns)
    [ PASSED ] CASE: expiredCloseBudgetStillClosesTransportAndReleasesEngine (275648 ns)
    [ PASSED ] CASE: abortNeverAttemptsTlsShutdownAndRetainsLocalAbortEvidence (141158 ns)
    [ PASSED ] CASE: cancelledCloseReleasesEngineWhenImmediateAbortCallbackThrows (4177224 ns)
    [ PASSED ] CASE: tcpEofDuringApplicationReadRetainsTruncationBeforeAbort (1096516 ns)
    [ PASSED ] CASE: peerCloseNotifyProducesEofEvidenceAndRejectsNewApplicationWrites (1722909 ns)
    [ PASSED ] CASE: closeDeadlineExpiresWhileAnExistingBackgroundReadOwnsPumpAdmission (31946165 ns)
    [ PASSED ] CASE: closeCancellationInterruptsAnExistingBackgroundReadWithinTheBound (1310252 ns)
    [ PASSED ] CASE: closeCancellationDoesNotWaitBehindAnExistingCiphertextWrite (5143361 ns)
    TCS: Net06TlsTransportCleanupGateTest, time elapsed: 9777479 ns, RESULT:
    [ PASSED ] CASE: failedHandshakesDisposeEngineAndTransportExactlyOnce (6236383 ns)
    TCS: TlsContextTest, time elapsed: 21764925 ns, RESULT:
    [ PASSED ] CASE: linuxCapabilitiesAreExplicitAndNeverInferredFromProviderNames (51316 ns)
    [ PASSED ] CASE: defaultSystemTrustFailsAtBuildUntilLinuxAdapterIsAvailable (227437 ns)
    [ PASSED ] CASE: modernClientContextIsImmutableAndConcurrentShareable (3864860 ns)
    [ PASSED ] CASE: strictTls13RejectsAnyTls12Override (327925 ns)
    [ PASSED ] CASE: missingTls13AndHttp2CapabilitiesFailBeforeHandshake (403161 ns)
    [ PASSED ] CASE: alpnRejectsEmptyAndDuplicateProtocolNames (3790464 ns)
    [ PASSED ] CASE: serverRequiresServerIdentityAndMtlSTrustAtBuildTime (1811584 ns)
    [ PASSED ] CASE: clientIdentityCapabilityIsValidatedAtBuildTime (1550274 ns)
    TCS: TlsEnginePumpTest, time elapsed: 579853655 ns, RESULT:
    [ PASSED ] CASE: awsLcClientEngineProducesAClientHelloWithoutSocketIo (121605727 ns)
    [ PASSED ] CASE: strictTls13PolicyIsAcceptedByTheNativeEngine (251305 ns)
    [ PASSED ] CASE: LinuxSystemTrustLoadsExplicitlyAndSniStaysSeparateFromReferenceIdentity (61130787 ns)
    [ PASSED ] CASE: customRootChainIsLoadedIntoARealAwsLcClientEngine (713771 ns)
    [ PASSED ] CASE: spkiPinPolicyConfiguresTheNativeVerificationPathBeforeHandshake (396720 ns)
    [ PASSED ] CASE: matchingSpkiPinCompletesARealClientServerHandshake (37175483 ns)
    [ PASSED ] CASE: matchingSpkiPinDoesNotBypassReferenceIdentityVerification (20675343 ns)
    [ PASSED ] CASE: realAwsLcEnginesExchangeCloseNotifyInBothDirections (32456744 ns)
    [ PASSED ] CASE: handshakeInfoReportsNegotiatedAlpnPeerChainAndVerificationEvidence (28035017 ns)
    [ PASSED ] CASE: tls13TicketResumesAcrossFreshEnginesWithoutEarlyData (25887921 ns)
    [ PASSED ] CASE: tls12TicketResumesAcrossFreshEngines (21605714 ns)
    [ PASSED ] CASE: sniSelectsTheCompleteImmutableContextAndItsCertificate (24119467 ns)
    [ PASSED ] CASE: sniSelectorRejectsMissingAndUnknownNamesWithStableEvidence (33914476 ns)
    [ PASSED ] CASE: noSharedAlpnFailsTheHandshakeInsteadOfSilentlySelectingNothing (17276831 ns)
    [ PASSED ] CASE: requiredMutualTlsUsesClientIdentityAndReturnsServerVerificationEvidence (25361865 ns)
    [ PASSED ] CASE: requiredMutualTlsRejectsMissingClientIdentityButOptionalAllowsIt (19118227 ns)
    [ PASSED ] CASE: mismatchedSpkiPinFailsARealClientServerHandshake (10968911 ns)
    [ PASSED ] CASE: externalSignerCompletesARealHandshakeOutsideTheNativeCallback (19417578 ns)
    [ PASSED ] CASE: externalSignerExceptionFailsClosedWithoutCrossingTheCAbi (10128927 ns)
    [ PASSED ] CASE: cancellationBeforeSignerInvocationFailsThePendingNativeOperation (9064108 ns)
    [ PASSED ] CASE: tls12ContextVersionsPartitionRealClientAndServerSessions (23496572 ns)
    [ PASSED ] CASE: tls13ContextVersionsPartitionRealClientAndServerTickets (21486120 ns)
    [ PASSED ] CASE: pumpHandlesWantReadWriteAndPartialIoWithBoundedBuffers (86085 ns)
    [ PASSED ] CASE: wantWriteWithoutCiphertextFailsInsteadOfSpinning (76985 ns)
    [ PASSED ] CASE: eofDuringWantReadRetainsTlsHandshakeEvidence (69111 ns)
    [ PASSED ] CASE: preCancellationStopsBeforeCallingProviderOrTransport (71277 ns)
    [ PASSED ] CASE: expiredDeadlineStopsBeforeCallingProviderOrTransport (67141 ns)
    TCS: LocalIdentityTest, time elapsed: 5036627 ns, RESULT:
    [ PASSED ] CASE: pkcs8InputIsExactBoundedAndZeroizable (550321 ns)
    [ PASSED ] CASE: pkcs8FileAdapterReadsOneBoundedRegularFile (542137 ns)
    [ PASSED ] CASE: localIdentityValidatesLeafKeyMatchAndHasStablePublicIdentity (1645838 ns)
    [ PASSED ] CASE: mismatchedCertificateAndPrivateKeyFailAtIdentityBuild (776179 ns)
    [ PASSED ] CASE: externalSignerAndSystemHandleShareOneOpaqueKeyContract (378989 ns)
    [ PASSED ] CASE: duplicateSignerAlgorithmsAndMismatchedSpkiFailAtBuild (332882 ns)
    TCS: M3028TlsFuzzTest, time elapsed: 26058813418 ns, RESULT:
    [ PASSED ] CASE: recordMutationsHaveDeterministicTypedTerminals (10826878558 ns)
    [ PASSED ] CASE: handshakeMutationsHaveDeterministicTypedTerminals (9825714502 ns)
    [ PASSED ] CASE: certificateAdapterMutationsHaveDeterministicTypedTerminals (5405462989 ns)
    TCS: TlsM8006ContextTest, time elapsed: 1422319 ns, RESULT:
    [ PASSED ] CASE: sessionPartitionsRetainOnlyTheMatchingContextVersion (30945 ns)
    [ PASSED ] CASE: decryptorRequiresProviderCapabilityAndRsaExternalIdentity (981042 ns)
    [ PASSED ] CASE: keyLogSinkRequiresExplicitProviderCapability (54842 ns)
    TCS: TlsProviderSubstitutionTest, time elapsed: 762987 ns, RESULT:
    [ PASSED ] CASE: testProviderUsesTheProductionFactoryContract (216137 ns)
    [ PASSED ] CASE: objectsFromDifferentProviderInstancesCannotMix (225292 ns)
    [ PASSED ] CASE: activeEngineRetainsProviderUntilItCloses (14425 ns)
    TCS: TlsSessionStoreTest, time elapsed: 275247 ns, RESULT:
    [ PASSED ] CASE: boundedLruExpiryAndSingleUseAreDeterministic (24155 ns)
    [ PASSED ] CASE: everySecurityPartitionDimensionPreventsReuse (42295 ns)
Summary: TOTAL: 70
    PASSED: 70, SKIPPED: 0, ERROR: 0
    FAILED: 0
--------------------------------------------------------------------------------------------------
Project tests finished, time elapsed: 26773226623 ns, RESULT:
TP: wirestack.*, time elapsed: 26773064967 ns, RESULT:
    PASSED:
    TP: wirestack.internal.tls_engine, time elapsed: 26771327063 ns
Summary: TOTAL: 70
    PASSED: 70, SKIPPED: 0, ERROR: 0
    FAILED: 0
--------------------------------------------------------------------------------------------------
cjpm test success
