--------------------------------------------------------------------------------------------------
TP: wirestack.internal.tls_engine, time elapsed: 23498520922 ns, RESULT:
    TCS: TlsConnectionTest, time elapsed: 190681250 ns, RESULT:
    [ PASSED ] CASE: handshakeTransfersOwnershipAndPlaintextIoUsesTheEngine (1071500 ns)
    [ PASSED ] CASE: oneReadAndOneWriteMayOverlapButSecondReadFailsImmediately (996362 ns)
    [ PASSED ] CASE: handshakeFailureAbortsTransportAndReleasesEngineExactlyOnce (115656 ns)
    [ PASSED ] CASE: expiredHandshakeDeadlineStillConsumesAndAbortsBothInputs (79671 ns)
    [ PASSED ] CASE: ioFailureAbortsAndRepeatedTerminalCallsDoNotReleaseTwice (456947 ns)
    [ PASSED ] CASE: unsupportedHalfCloseDoesNotMutateAnOpenConnection (185818 ns)
    [ PASSED ] CASE: concurrentCloseAndAbortReleaseUnderlyingResourcesOnce (6691277 ns)
    [ PASSED ] CASE: gracefulCloseSendsAndProcessesCloseNotifyBeforeReleasingResources (132099 ns)
    [ PASSED ] CASE: tcpEofDuringGracefulCloseRetainsTruncationAndStillReleasesEverything (141400 ns)
    [ PASSED ] CASE: expiredCloseBudgetStillClosesTransportAndReleasesEngine (124740 ns)
    [ PASSED ] CASE: abortNeverAttemptsTlsShutdownAndRetainsLocalAbortEvidence (66418 ns)
    [ PASSED ] CASE: cancelledCloseReleasesEngineWhenImmediateAbortCallbackThrows (235402 ns)
    [ PASSED ] CASE: tcpEofDuringApplicationReadRetainsTruncationBeforeAbort (452184 ns)
    [ PASSED ] CASE: peerCloseNotifyProducesEofEvidenceAndRejectsNewApplicationWrites (603919 ns)
    [ FAILED ] CASE: closeDeadlineExpiresWhileAnExistingBackgroundReadOwnsPumpAdmission (56808923 ns)
    Expect Failed: `(bounded == true)`
       left: false
      right: true

    [ FAILED ] CASE: closeCancellationInterruptsAnExistingBackgroundReadWithinTheBound (59538015 ns)
    Expect Failed: `(bounded == true)`
       left: false
      right: true

    [ FAILED ] CASE: closeCancellationDoesNotWaitBehindAnExistingCiphertextWrite (59866879 ns)
    Expect Failed: `(bounded == true)`
       left: false
      right: true

    Expect Failed: `(writeStopped == true)`
       left: false
      right: true

    Expect Failed: `(transport.abortCalls.load() >= 1 == true)`
       left: false
      right: true

    TCS: Net06TlsTransportCleanupGateTest, time elapsed: 2874841 ns, RESULT:
    [ PASSED ] CASE: failedHandshakesDisposeEngineAndTransportExactlyOnce (2520923 ns)
    TCS: TlsContextTest, time elapsed: 6445537 ns, RESULT:
    [ PASSED ] CASE: linuxCapabilitiesAreExplicitAndNeverInferredFromProviderNames (31534 ns)
    [ PASSED ] CASE: defaultSystemTrustFailsAtBuildUntilLinuxAdapterIsAvailable (213353 ns)
    [ PASSED ] CASE: modernClientContextIsImmutableAndConcurrentShareable (838970 ns)
    [ PASSED ] CASE: strictTls13RejectsAnyTls12Override (447768 ns)
    [ PASSED ] CASE: missingTls13AndHttp2CapabilitiesFailBeforeHandshake (169614 ns)
    [ PASSED ] CASE: alpnRejectsEmptyAndDuplicateProtocolNames (372768 ns)
    [ PASSED ] CASE: serverRequiresServerIdentityAndMtlSTrustAtBuildTime (1253317 ns)
    [ PASSED ] CASE: clientIdentityCapabilityIsValidatedAtBuildTime (1140260 ns)
    TCS: TlsEnginePumpTest, time elapsed: 306333657 ns, RESULT:
    [ PASSED ] CASE: awsLcClientEngineProducesAClientHelloWithoutSocketIo (39428989 ns)
    [ PASSED ] CASE: strictTls13PolicyIsAcceptedByTheNativeEngine (128022 ns)
    [ PASSED ] CASE: LinuxSystemTrustLoadsExplicitlyAndSniStaysSeparateFromReferenceIdentity (17725254 ns)
    [ PASSED ] CASE: customRootChainIsLoadedIntoARealAwsLcClientEngine (392370 ns)
    [ PASSED ] CASE: spkiPinPolicyConfiguresTheNativeVerificationPathBeforeHandshake (176812 ns)
    [ PASSED ] CASE: matchingSpkiPinCompletesARealClientServerHandshake (10867284 ns)
    [ PASSED ] CASE: matchingSpkiPinDoesNotBypassReferenceIdentityVerification (13707929 ns)
    [ PASSED ] CASE: realAwsLcEnginesExchangeCloseNotifyInBothDirections (11158933 ns)
    [ PASSED ] CASE: handshakeInfoReportsNegotiatedAlpnPeerChainAndVerificationEvidence (11563175 ns)
    [ PASSED ] CASE: tls13TicketResumesAcrossFreshEnginesWithoutEarlyData (15257626 ns)
    [ PASSED ] CASE: tls12TicketResumesAcrossFreshEngines (15853372 ns)
    [ PASSED ] CASE: sniSelectsTheCompleteImmutableContextAndItsCertificate (14101157 ns)
    [ PASSED ] CASE: sniSelectorRejectsMissingAndUnknownNamesWithStableEvidence (16220143 ns)
    [ PASSED ] CASE: noSharedAlpnFailsTheHandshakeInsteadOfSilentlySelectingNothing (11079852 ns)
    [ PASSED ] CASE: requiredMutualTlsUsesClientIdentityAndReturnsServerVerificationEvidence (11180467 ns)
    [ PASSED ] CASE: requiredMutualTlsRejectsMissingClientIdentityButOptionalAllowsIt (13018854 ns)
    [ PASSED ] CASE: mismatchedSpkiPinFailsARealClientServerHandshake (9952347 ns)
    [ PASSED ] CASE: externalSignerCompletesARealHandshakeOutsideTheNativeCallback (27814146 ns)
    [ PASSED ] CASE: externalSignerExceptionFailsClosedWithoutCrossingTheCAbi (8813351 ns)
    [ PASSED ] CASE: cancellationBeforeSignerInvocationFailsThePendingNativeOperation (8976204 ns)
    [ PASSED ] CASE: tls12ContextVersionsPartitionRealClientAndServerSessions (21621064 ns)
    [ PASSED ] CASE: tls13ContextVersionsPartitionRealClientAndServerTickets (21960132 ns)
    [ PASSED ] CASE: pumpHandlesWantReadWriteAndPartialIoWithBoundedBuffers (74881 ns)
    [ PASSED ] CASE: wantWriteWithoutCiphertextFailsInsteadOfSpinning (91672 ns)
    [ PASSED ] CASE: eofDuringWantReadRetainsTlsHandshakeEvidence (106156 ns)
    [ PASSED ] CASE: preCancellationStopsBeforeCallingProviderOrTransport (75401 ns)
    [ PASSED ] CASE: expiredDeadlineStopsBeforeCallingProviderOrTransport (65824 ns)
    TCS: LocalIdentityTest, time elapsed: 5148574 ns, RESULT:
    [ PASSED ] CASE: pkcs8InputIsExactBoundedAndZeroizable (484451 ns)
    [ PASSED ] CASE: pkcs8FileAdapterReadsOneBoundedRegularFile (484032 ns)
    [ PASSED ] CASE: localIdentityValidatesLeafKeyMatchAndHasStablePublicIdentity (1601105 ns)
    [ PASSED ] CASE: mismatchedCertificateAndPrivateKeyFailAtIdentityBuild (1192478 ns)
    [ PASSED ] CASE: externalSignerAndSystemHandleShareOneOpaqueKeyContract (377206 ns)
    [ PASSED ] CASE: duplicateSignerAlgorithmsAndMismatchedSpkiFailAtBuild (339449 ns)
    TCS: M3028TlsFuzzTest, time elapsed: 22983685163 ns, RESULT:
    [ PASSED ] CASE: recordMutationsHaveDeterministicTypedTerminals (8983851556 ns)
    [ PASSED ] CASE: handshakeMutationsHaveDeterministicTypedTerminals (9156454092 ns)
    [ PASSED ] CASE: certificateAdapterMutationsHaveDeterministicTypedTerminals (4842769535 ns)
    TCS: TlsM8006ContextTest, time elapsed: 1417516 ns, RESULT:
    [ PASSED ] CASE: sessionPartitionsRetainOnlyTheMatchingContextVersion (31852 ns)
    [ PASSED ] CASE: decryptorRequiresProviderCapabilityAndRsaExternalIdentity (1004049 ns)
    [ PASSED ] CASE: keyLogSinkRequiresExplicitProviderCapability (49344 ns)
    TCS: TlsProviderSubstitutionTest, time elapsed: 747583 ns, RESULT:
    [ PASSED ] CASE: testProviderUsesTheProductionFactoryContract (222225 ns)
    [ PASSED ] CASE: objectsFromDifferentProviderInstancesCannotMix (209417 ns)
    [ PASSED ] CASE: activeEngineRetainsProviderUntilItCloses (15132 ns)
    TCS: TlsSessionStoreTest, time elapsed: 267529 ns, RESULT:
    [ PASSED ] CASE: boundedLruExpiryAndSingleUseAreDeterministic (22940 ns)
    [ PASSED ] CASE: everySecurityPartitionDimensionPreventsReuse (41397 ns)
Summary: TOTAL: 70
    PASSED: 67, SKIPPED: 0, ERROR: 0
    FAILED: 3, listed below:
            TCS: TlsConnectionTest, CASE: closeDeadlineExpiresWhileAnExistingBackgroundReadOwnsPumpAdmission
            TCS: TlsConnectionTest, CASE: closeCancellationInterruptsAnExistingBackgroundReadWithinTheBound
            TCS: TlsConnectionTest, CASE: closeCancellationDoesNotWaitBehindAnExistingCiphertextWrite
--------------------------------------------------------------------------------------------------
Project tests finished, time elapsed: 23505569851 ns, RESULT:
TP: wirestack.*, time elapsed: 23505466989 ns, RESULT:
    FAILED:
    TP: wirestack.internal.tls_engine, time elapsed: 23498520922 ns, RESULT:
        TCS: TlsConnectionTest, time elapsed: 190681250 ns, RESULT:
        [ FAILED ] CASE: closeDeadlineExpiresWhileAnExistingBackgroundReadOwnsPumpAdmission (56808923 ns)
        [ FAILED ] CASE: closeCancellationInterruptsAnExistingBackgroundReadWithinTheBound (59538015 ns)
        [ FAILED ] CASE: closeCancellationDoesNotWaitBehindAnExistingCiphertextWrite (59866879 ns)
        TCS: Net06TlsTransportCleanupGateTest, time elapsed: 2874841 ns, RESULT:
        TCS: TlsContextTest, time elapsed: 6445537 ns, RESULT:
        TCS: TlsEnginePumpTest, time elapsed: 306333657 ns, RESULT:
        TCS: LocalIdentityTest, time elapsed: 5148574 ns, RESULT:
        TCS: M3028TlsFuzzTest, time elapsed: 22983685163 ns, RESULT:
        TCS: TlsM8006ContextTest, time elapsed: 1417516 ns, RESULT:
        TCS: TlsProviderSubstitutionTest, time elapsed: 747583 ns, RESULT:
        TCS: TlsSessionStoreTest, time elapsed: 267529 ns, RESULT:
Summary: TOTAL: 70
    PASSED: 67, SKIPPED: 0, ERROR: 0
    FAILED: 3
--------------------------------------------------------------------------------------------------
