--------------------------------------------------------------------------------------------------
TP: wirestack.net, time elapsed: 1645559795 ns, RESULT:
    TCS: DnsClientWireTest, time elapsed: 1005108130 ns, RESULT:
    [ PASSED ] CASE: publicQueryAndLookupUseRealUdpAndRetainAbsoluteCacheExpiry (3257886 ns)
    [ PASSED ] CASE: publicQueryEncodesEveryModeledRecordType (10872135 ns)
    [ PASSED ] CASE: wrongSourceIdAndQuestionAreIgnoredBeforeValidUdpResponse (1994459 ns)
    [ PASSED ] CASE: validatedTruncationFallsBackToExactTcpFrame (1451678 ns)
    [ PASSED ] CASE: activeCancellationRetainsNameserverWithoutRetry (60421064 ns)
    [ PASSED ] CASE: silentDnsAttemptsLeaveBudgetForServerAndPassFailover (505209251 ns)
    [ PASSED ] CASE: exhaustedResponseCodesRetainTheLastRespondingNameserver (2591923 ns)
    [ PASSED ] CASE: unsupportedResponseCodeRetainsRespondingNameserver (1388267 ns)
    [ PASSED ] CASE: dnsTransportFailuresRetainSelectedNameserver (253012120 ns)
    [ PASSED ] CASE: tcpResponseCannotRemainTruncated (3264264 ns)
    [ PASSED ] CASE: malformedMatchingResponseAndUnrelatedSectionsCannotPoisonCache (5877572 ns)
    [ PASSED ] CASE: cnameTraversalUsesAnswerOwnersAndRejectsConflictingTargets (3972650 ns)
    [ PASSED ] CASE: fullResultCapacityDoesNotQueryAnotherFamily (60939909 ns)
    [ PASSED ] CASE: rfc2308CacheRetainsNxdomainVersusNodataWithoutNewPackets (6070601 ns)
    [ PASSED ] CASE: zeroTtlNeverCreatesAPositiveCacheEntry (3836963 ns)
    [ PASSED ] CASE: callerCancellationAndClientCloseWakeActiveNativeReceive (4262364 ns)
    [ PASSED ] CASE: anyFamilyRetainsAddressesWhenTheOtherFamilyFails (7782014 ns)
    [ PASSED ] CASE: crossFamilyConflictsRetainTheLivePeerAlongsideCachedResults (8004788 ns)
    [ PASSED ] CASE: nxdomainInvalidatesVisitedTargetsAndOtherCachedAliases (30486197 ns)
    [ PASSED ] CASE: everyNxdomainInvalidatesPreviouslyCachedAddresses (9384850 ns)
    [ PASSED ] CASE: noncacheableNxdomainStopsOtherFamilyQueries (6418178 ns)
    [ PASSED ] CASE: nameWideNegativeOverridesEarlierFamilyFailure (5435502 ns)
    [ PASSED ] CASE: boundedAdmissionRejectsExcessAndCloseWakesQueuedCallers (1315867 ns)
    TCS: DnsResolverPolicyTest, time elapsed: 289543454 ns, RESULT:
    [ PASSED ] CASE: fromSystemParsesTabsCommentsLastSearchAndClampedNdots (332537 ns)
    [ PASSED ] CASE: directConfigRejectsUnsupportedNameserverZonesBeforeQueries (53683 ns)
    [ PASSED ] CASE: numericNameserverZonesUseCanonicalEndpointIdentity (46406 ns)
    [ PASSED ] CASE: systemNameserversRetainOnlySupportedNumericZones (359253 ns)
    [ PASSED ] CASE: equivalentNameserverScopesDoNotConsumeTheServerLimit (330401 ns)
    [ PASSED ] CASE: configOwnsInputArraysAndReturnsDefensiveCopies (46187 ns)
    [ PASSED ] CASE: adoptedClientRequiresMatchingConfigurationWithoutTakingRejectedOwnership (270191 ns)
    [ PASSED ] CASE: systemFilesFailClosedWhenMissingOversizedOrNonregular (15085458 ns)
    [ PASSED ] CASE: ipv4LiteralsBypassHostsSearchAndNameservers (60607074 ns)
    [ PASSED ] CASE: hostsSnapshotRetainsOnlyUsableIpv6Zones (710610 ns)
    [ PASSED ] CASE: hostsAliasesFilterFamiliesAndRemainSnapshotted (798501 ns)
    [ PASSED ] CASE: trailingRootSkipsSearchWhileNdotsSelectsSearchOrAbsoluteFirst (4481464 ns)
    [ PASSED ] CASE: exactHostsEntryWinsBeforeSearchSuffixDns (200622996 ns)
    [ PASSED ] CASE: cancelledExpiredAndClosedCallsRetainPublicResolveClassifications (651212 ns)
    [ PASSED ] CASE: connectUsesHostsMappingForANativeListenerExchange (856382 ns)
    [ PASSED ] CASE: resolverConnectCarriesOneAbsoluteDeadlineIntoNativeTcpAdmission (521835 ns)
    TCS: DnsWireParserTest, time elapsed: 83402263 ns, RESULT:
    [ PASSED ] CASE: decodesCompressedTargetsBinaryTxtSoaAndUnknownData (107394 ns)
    [ PASSED ] CASE: recordOrderMakesAnswerAuthorityAndAdditionalBoundariesExplicit (38595 ns)
    [ PASSED ] CASE: summariesAndRecordsOwnParserAndConstructorInputs (27004 ns)
    [ PASSED ] CASE: publicSummaryRejectsCountsBeyondWireAndCombinedRecordBounds (81096960 ns)
    [ PASSED ] CASE: parserPreservesQuestionIdentityAndRejectsIncompleteRecords (73577 ns)
    [ PASSED ] CASE: asciiNameProfileRejectsAmbiguousLabels (84385 ns)
    [ PASSED ] CASE: compressionLoopsForwardPointersAndOutOfRangePointersAreRejected (45088 ns)
    [ PASSED ] CASE: expandedNameAndSectionCountsRespectConfiguredBounds (53842 ns)
    [ PASSED ] CASE: completeParserRejectsTrailingAndTruncatedSectionBytes (38856 ns)
    [ PASSED ] CASE: typedRdataLengthsAndTxtSegmentsAreExact (53715 ns)
    [ PASSED ] CASE: compressedRdataNamesCannotConsumeNeighboringRecordBytes (46717 ns)
    [ PASSED ] CASE: srvTargetCompressionIsRejectedEvenWhenPointerIsInBounds (29634 ns)
    [ PASSED ] CASE: summaryConstructorRejectsSectionMetadataThatCouldBlurBoundaries (14803 ns)
    [ PASSED ] CASE: additionalOwnerMayReferenceAuthorityNameserverTarget (49310 ns)
    [ PASSED ] CASE: additionalOwnerMayReferenceSecondLegacyMailboxName (95008 ns)
    TCS: DnsWireFuzzTest, time elapsed: 108179356 ns, RESULT:
    [ PASSED ] CASE: wireMutationsRejectMalformedMessagesOrRetainOwnedSections (107974067 ns)
    TCS: M8002TcpListenerTest, time elapsed: 60761699 ns, RESULT:
    [ PASSED ] CASE: bindRejectsInvalidBacklogAndStoppedContextsWithStructuredErrors (67490 ns)
    [ PASSED ] CASE: bindFailureRetainsPublicCoordinatesAndCause (121990 ns)
    [ PASSED ] CASE: cancelledAndExpiredAcceptsLeaveListenerReusable (27846065 ns)
    [ PASSED ] CASE: acceptedStreamTransfersExactDataInBothDirections (328643 ns)
    [ PASSED ] CASE: overlappingAcceptIsRejectedWithoutCreatingAPendingQueue (30085782 ns)
    [ PASSED ] CASE: stoppedCloseAdmissionHasNoNativeEffectAndListenerRemainsUsable (395269 ns)
    [ PASSED ] CASE: gracefulAndAbortTerminalOwnersAreStableAndWakeAccept (215657 ns)
    TCS: M8002UdpSocketTest, time elapsed: 24581285 ns, RESULT:
    [ PASSED ] CASE: datagramBoundariesAndOwnedPayloadSurviveScratchReuse (214612 ns)
    [ PASSED ] CASE: exactCapacityAndTruncationDiscardOnlyTheCurrentDatagramTail (193632 ns)
    [ PASSED ] CASE: connectedSocketSelectsNativePeerAndFiltersOtherSenders (258044 ns)
    [ PASSED ] CASE: invalidAndUnsupportedInputsLeaveSocketReusable (1956429 ns)
    [ PASSED ] CASE: cancellationDeadlineCloseAndAbortRetainDistinctState (20674158 ns)
    TCS: M8007TlsDeadlineCleanupTest, time elapsed: 31953294 ns, RESULT:
    [ PASSED ] CASE: closeDeadlineReleasesAnExistingNativeTcpReadWithoutPeerAssistance (31581328 ns)
    TCS: NetworkFoundationContractTest, time elapsed: 41126984 ns, RESULT:
    [ PASSED ] CASE: unixEndpointFormsAreDistinctAndOwned (40299 ns)
    [ PASSED ] CASE: unixEndpointRejectsUnboundedNames (42689 ns)
    [ PASSED ] CASE: rawSocketCapabilityBoundaryRequiresDomainSpecificProtocol (56280 ns)
    [ PASSED ] CASE: cancelledConnectFailsBeforeSocketCreation (62507 ns)
    [ PASSED ] CASE: tcpStreamCancellationDistinguishesUntouchedFromAbortedDelegate (138470 ns)
    [ PASSED ] CASE: tcpStreamGracefulCloseIsRetainedAndIdempotent (46464 ns)
    [ PASSED ] CASE: tcpStreamTerminalCloseSkipsStoppedContextsAndCallerClock (127398 ns)
    [ PASSED ] CASE: tcpStreamNonterminalStoppedCloseAdmissionStillRejects (100619 ns)
    [ PASSED ] CASE: tcpStreamCloseNormalizesContextFailureWithoutTakingOwnership (155105 ns)
    [ PASSED ] CASE: tcpStreamAbortRetainsItsCauseAndConnectionFacts (143813 ns)
    [ PASSED ] CASE: tcpStreamDirectionalShutdownPublishesOnlySuccessfulTransitions (81232 ns)
    [ PASSED ] CASE: tcpStreamReadShutdownRejectsEveryReadPathWithoutLosingWrites (93425 ns)
    [ PASSED ] CASE: tcpStreamWriteShutdownRejectsEveryWritePathWithoutLosingReads (108090 ns)
    [ PASSED ] CASE: tcpStreamEmptyOperationsRemainImmediateAfterDirectionalShutdown (27150 ns)
    [ PASSED ] CASE: tcpStreamReadExactAddsCapturedEndpointsToUnexpectedEof (46015 ns)
    [ PASSED ] CASE: tcpStreamReadKeepsPeerEofGraceful (23294 ns)
    [ PASSED ] CASE: tcpStreamReadExactMergesCapturedAndStructuredEndpointMetadata (57242 ns)
    [ PASSED ] CASE: tcpStreamIoConflictsRetainCapturedEndpointsWithoutClosing (126634 ns)
    [ PASSED ] CASE: tcpStreamDirectionalShutdownDoesNotPromoteWokenIoToFailure (131046 ns)
    [ PASSED ] CASE: tcpStreamFinalShutdownRemainsGracefulWhenItWakesIo (93137 ns)
    [ PASSED ] CASE: tcpStreamFailuresRetainOriginalErrorAndReleaseDelegate (141665 ns)
    [ PASSED ] CASE: tcpStreamRetainsNativeCancellationOwnership (1256602 ns)
    [ PASSED ] CASE: tcpStreamNormalizesUnexpectedDelegateFailures (236931 ns)
    [ PASSED ] CASE: tcpStreamPrecancelledIoCannotClaimAnotherClosesOwnership (187288 ns)
    [ PASSED ] CASE: tcpStreamCancellationOwnershipSurvivesOtherObservers (103322 ns)
    [ PASSED ] CASE: tcpStreamAbortCannotRelabelClaimedGracefulNativeClose (69356 ns)
    [ PASSED ] CASE: tcpStreamAbortOwnershipSurvivesCompetingIoAndLateCloseFailure (100260 ns)
    [ PASSED ] CASE: tcpStreamCancellationBoundsCloseWaitAndLateSuccessRemainsGraceful (130364 ns)
    [ PASSED ] CASE: tcpStreamJoiningBackgroundCloseWaitsForCompletion (27385965 ns)
    [ PASSED ] CASE: tcpStreamDeadlineBoundsCloseWaitAndLateSuccessRemainsGraceful (126308 ns)
    [ PASSED ] CASE: tcpStreamLateCloseFailurePublishesFailedWithoutReplacingCallerCancellation (135709 ns)
    [ PASSED ] CASE: tcpStreamAbortRemainsTerminalWhenDetachedCloseFailsLate (61542 ns)
    [ PASSED ] CASE: tcpStreamCloseKeepsGracefulCauseWhenItWakesARead (55208 ns)
    [ PASSED ] CASE: unsafeOptionValueIsBoundedAndOwnedWithoutApplyingIt (103922 ns)
    [ PASSED ] CASE: datagramResultEnforcesTheIpv4PayloadBound (2861554 ns)
    [ PASSED ] CASE: datagramResultSurvivesReceiveBufferReuse (25486 ns)
Summary: TOTAL: 104
    PASSED: 104, SKIPPED: 0, ERROR: 0
    FAILED: 0
--------------------------------------------------------------------------------------------------
Project tests finished, time elapsed: 1652332629 ns, RESULT:
TP: wirestack.*, time elapsed: 1652231304 ns, RESULT:
    PASSED:
    TP: wirestack.net, time elapsed: 1645559795 ns
Summary: TOTAL: 104
    PASSED: 104, SKIPPED: 0, ERROR: 0
    FAILED: 0
--------------------------------------------------------------------------------------------------
cjpm test success
