--------------------------------------------------------------------------------------------------
TP: wirestack.internal.http1, time elapsed: 2783477926 ns, RESULT:
    TCS: HttpAutomaticHttpsClientTest, time elapsed: 8727638 ns, RESULT:
    [ PASSED ] CASE: h2NegotiationMultiplexesTenRequestsOnOneTlsConnection (3977766 ns)
    [ PASSED ] CASE: http11NegotiationFallsBackAndReusesTheAdoptedConnection (3348580 ns)
    TCS: Http1ChunkedCodecTest, time elapsed: 2446416 ns, RESULT:
    [ PASSED ] CASE: decoderStreamsDataExtensionsTrailersAndRemainder (137011 ns)
    [ PASSED ] CASE: decoderHandlesEveryBoundaryOneByteAtATime (103280 ns)
    [ PASSED ] CASE: encoderProducesCanonicalChunksAndBoundedTrailers (106946 ns)
    [ PASSED ] CASE: rejectsInvalidSizeExtensionAndTerminators (111951 ns)
    [ PASSED ] CASE: enforcesBodyChunkLineAndTrailerBounds (92751 ns)
    [ PASSED ] CASE: streamingResponseKeepsEachChunkBoundedWithoutALifetimeCeiling (193645 ns)
    [ PASSED ] CASE: rejectsForbiddenOrFoldedTrailers (116205 ns)
    [ PASSED ] CASE: eofAndPostCompletionUseFailClosedStates (82290 ns)
    [ PASSED ] CASE: decodeBatchesOwnDataAndRemainingBytes (62747 ns)
    TCS: Http1ClientConnectionTest, time elapsed: 20517121 ns, RESULT:
    [ PASSED ] CASE: expectContinueWaitsForApprovalBeforeOpeningBody (2472307 ns)
    [ PASSED ] CASE: finalRejectionBeforeContinueNeverOpensRequestBody (1315627 ns)
    [ PASSED ] CASE: continueWaitTimeoutSendsBodyUnderTheOriginalBudget (13763220 ns)
    [ PASSED ] CASE: serializesRequestsUntilBodyEofThenReusesConnection (755993 ns)
    [ PASSED ] CASE: earlyBodyCloseClosesInsteadOfReturningConnectionForReuse (465453 ns)
    [ PASSED ] CASE: connectionCloseResponseIsNeverReusableAfterEof (463091 ns)
    TCS: Http1CleartextClientTest, time elapsed: 1679918 ns, RESULT:
    [ PASSED ] CASE: resolvesConnectsAndReusesOnlyAfterBodyCompletion (1258602 ns)
    [ PASSED ] CASE: rejectsHttpsBeforeDnsOrPoolMutation (115097 ns)
    TCS: Http1ConnectionPoolTest, time elapsed: 4833783 ns, RESULT:
    [ PASSED ] CASE: emitsSecretFreeAcquireAndReleaseLifecycle (635364 ns)
    [ PASSED ] CASE: reusesOnlyTheSameCompleteKey (264198 ns)
    [ PASSED ] CASE: enforcesTotalPerKeyIdleAndWaiterBounds (532687 ns)
    [ PASSED ] CASE: activeWaitHonorsCancellationAndReleasesWaiterSlot (317717 ns)
    [ PASSED ] CASE: evictsExpiredAndClosedConnectionsInsteadOfReusingThem (903826 ns)
    [ PASSED ] CASE: failedCreationRollsBackItsCapacityReservation (685803 ns)
    TCS: Http1HeadParserTest, time elapsed: 3964279 ns, RESULT:
    [ PASSED ] CASE: requestParsesIncrementallyAndReturnsBodyRemainder (315574 ns)
    [ PASSED ] CASE: oneFeedRetainsBytesAfterTheHead (135693 ns)
    [ PASSED ] CASE: responseParsesStatusReasonHeadersAndFraming (198235 ns)
    [ PASSED ] CASE: acceptsOriginAbsoluteAuthorityAndAsteriskFormsOnlyWhereValid (503213 ns)
    [ PASSED ] CASE: rejectsBareLfObsFoldAndInvalidHeaderSyntax (237349 ns)
    [ PASSED ] CASE: requiresOneValidHostAndMatchingAbsoluteAuthority (416903 ns)
    [ PASSED ] CASE: rejectsInvalidTargetVersionAndBoundViolations (234921 ns)
    [ PASSED ] CASE: completedParserCannotBeReused (206142 ns)
    TCS: Http2Streams1BenchmarkTest, time elapsed: 24769583 ns, RESULT:
    [ PASSED ] CASE: benchmarkOneConcurrentStream (24513426 ns)
    TCS: Http2Streams10BenchmarkTest, time elapsed: 117841882 ns, RESULT:
    [ PASSED ] CASE: benchmarkTenConcurrentStreams (117511072 ns)
    TCS: Http2Streams100BenchmarkTest, time elapsed: 1109449744 ns, RESULT:
    [ PASSED ] CASE: benchmarkHundredConcurrentStreams (1109186558 ns)
    TCS: Http1HundredConnectionBaselineTest, time elapsed: 32791443 ns, RESULT:
    [ PASSED ] CASE: benchmarkHundredConcurrentConnections (32515293 ns)
    TCS: Http2ConnectionPoolTest, time elapsed: 6994924 ns, RESULT:
    [ PASSED ] CASE: alpnPrefersH2AndFallsBackOnlyToHttp11 (38404 ns)
    [ PASSED ] CASE: oneConnectionIsSharedUntilPeerStreamCapacityIsFull (281142 ns)
    [ PASSED ] CASE: concurrentFirstUseDoesNotCreateAConnectionStampede (863808 ns)
    [ PASSED ] CASE: newConnectionIsPublishedOnlyAfterItsFirstStreamIsAdmitted (102179 ns)
    [ PASSED ] CASE: completeSecurityKeyPreventsCrossContextReuse (137241 ns)
    [ PASSED ] CASE: drainingConnectionRetainsExistingStreamButReceivesNoNewLease (142856 ns)
    [ PASSED ] CASE: drainingConnectionWaitsForNonLocalOwnersBeforeDiscard (128305 ns)
    [ PASSED ] CASE: fullBoundedPoolHonorsOneCallerDeadline (113603 ns)
    [ PASSED ] CASE: poolCloseAbortsEverySharedConnectionExactlyOnce (116258 ns)
    [ FAILED ] CASE: closeRacingUnpublishedAdmissionReleasesConnectionOwners (3675997 ns)
    Expect Failed: `(factory.activeStreamCount == 0)`
       left: 1
      right: 0

    Expect Failed: `(factory.ownedStreamCount == 0)`
       left: 1
      right: 0

    STDERR:
    An exception has occurred:
    NetworkException: HTTP/2 connection pool is closed
    	 at wirestack.internal.http1::http2PoolClosed()(<repo-root>/src/internal/http1/http2_connection_pool.cj:537)
    	 at wirestack.internal.http1::Http2ConnectionPool::acquire(wirestack.internal.http1::HttpConnectionPoolKey, wirestack.internal.http2::Http2GoAwayListener, wirestack.internal.http1::Http2MultiplexedConnectionFactory, wirestack::OperationContext, Bool)(<repo-root>/src/internal/http1/http2_connection_pool.cj:323)
    	 at wirestack.internal.http1/test::Http2ConnectionPoolTest::closeRacingUnpublishedAdmissionReleasesConnectionOwners::lambda.0()(<repo-root>/src/internal/http1/http2_connection_pool_test.cj:96)
    TCS: Http1FramingTest, time elapsed: 2071771 ns, RESULT:
    [ PASSED ] CASE: requestUsesOneSharedEmptyLengthOrChunkedDecision (103059 ns)
    [ PASSED ] CASE: identicalContentLengthsAreAcceptedAcrossFieldsAndLists (56275 ns)
    [ PASSED ] CASE: conflictingOrInvalidContentLengthsAreRejected (234680 ns)
    [ PASSED ] CASE: contentLengthAndTransferEncodingNeverCoexist (88708 ns)
    [ PASSED ] CASE: ambiguousTransferEncodingIsRejected (218475 ns)
    [ PASSED ] CASE: responseHandlesHeadStatusesConnectAndCloseDelimiting (142678 ns)
    [ PASSED ] CASE: bodylessAndSuccessfulConnectResponsesRejectFramingFields (136728 ns)
    TCS: HttpConnectionPoolKeyTest, time elapsed: 631851 ns, RESULT:
    [ PASSED ] CASE: canonicalOriginProducesStableEqualityAndHash (42411 ns)
    [ PASSED ] CASE: everySecurityAndRouteDimensionPartitionsReuse (52972 ns)
    [ PASSED ] CASE: refusesIncompletePartitionIdentities (23820 ns)
    TCS: Http1ProxyClientPipelineTest, time elapsed: 5592558 ns, RESULT:
    [ PASSED ] CASE: dynamicConnectCredentialsNeverReuseAnAuthenticatedTunnel (3906302 ns)
    [ PASSED ] CASE: rejectedConnectDrainsClosesAndReturnsStructuredNonRetryableFailure (1132006 ns)
    TCS: Http1RequestWriterTest, time elapsed: 2535271 ns, RESULT:
    [ PASSED ] CASE: twoStageWriterDoesNotOpenBodyBeforeExplicitCommit (594579 ns)
    [ PASSED ] CASE: writesFixedBodyThroughPartialTransportOperations (334182 ns)
    [ PASSED ] CASE: streamsUnknownLengthBodyAsCanonicalChunks (384083 ns)
    [ PASSED ] CASE: rejectsDeclaredMismatchBeforeWritingAnything (93174 ns)
    [ PASSED ] CASE: prematureBodyEofRetainsPartialCommitEvidence (335196 ns)
    [ PASSED ] CASE: emptyFramingProbesSourceInsteadOfDroppingUnexpectedBytes (134053 ns)
    TCS: Http1ResponseReaderTest, time elapsed: 7342021 ns, RESULT:
    [ PASSED ] CASE: explicitUpgradeTransfersOnlyAMatching101Protocol (466713 ns)
    [ PASSED ] CASE: mismatchedUpgradeResponseFailsClosed (628941 ns)
    [ PASSED ] CASE: explicitConnectTransfersBufferedTunnelBytesAndTransportOwnership (649088 ns)
    [ PASSED ] CASE: failedConnectRemainsAnHttpResponseAndClosesAfterBody (486983 ns)
    [ PASSED ] CASE: readsInterimAndFixedResponseWithoutBufferingTheBody (499146 ns)
    [ PASSED ] CASE: received4xxAnd5xxRemainHttpResponses (772931 ns)
    [ PASSED ] CASE: decodesChunkedResponseAndPublishesTrailerAtEof (350765 ns)
    [ PASSED ] CASE: closeDelimitedBodyCompletesOnlyAtTransportEof (499939 ns)
    [ PASSED ] CASE: chunkedStreamingResponseMayExceedThePerSegmentBodyBound (295883 ns)
    [ PASSED ] CASE: prematureFixedBodyEofAbandonsResponseExactlyOnce (572547 ns)
    [ PASSED ] CASE: rejectsImplicitUpgradeAndConnectTransportTransfer (869071 ns)
    TCS: Http1SerializerTest, time elapsed: 1825174 ns, RESULT:
    [ PASSED ] CASE: clientRequestAddsHostAndUsesOriginForm (67358 ns)
    [ PASSED ] CASE: forwardProxyRequestUsesAbsoluteFormAndOriginHost (171455 ns)
    [ PASSED ] CASE: requestPreservesOrderedMultipleFieldsAndLengthFraming (126698 ns)
    [ PASSED ] CASE: requestRejectsMissingDuplicateOrMismatchedHost (99995 ns)
    [ PASSED ] CASE: responseSerializesStatusAndUsesSharedFraming (62553 ns)
    [ PASSED ] CASE: responseRejectsInjectionAndForbiddenBodyFraming (73249 ns)
    [ PASSED ] CASE: writerHandlesPartialTransportWritesUnderOneContext (180300 ns)
    [ PASSED ] CASE: serializedBytesAreDefensiveCopies (105602 ns)
    TCS: Http1ServerConnectionTest, time elapsed: 8571412 ns, RESULT:
    [ PASSED ] CASE: serializesTwoKeepAliveExchanges (2641842 ns)
    [ PASSED ] CASE: unreadRequestBodyForcesConnectionCloseAfterResponse (677088 ns)
    [ PASSED ] CASE: handlerFailureProducesBounded500AndCloses (769644 ns)
    [ PASSED ] CASE: rejectedHandoffReleasesSessionOwnershipExactlyOnce (1839093 ns)
    [ PASSED ] CASE: selectedUpgradeOfferTransfersBufferedSessionBytes (1789723 ns)
    TCS: Http1ServerRequestReaderTest, time elapsed: 19163706 ns, RESULT:
    [ PASSED ] CASE: streamsFixedRequestBodyWithoutReadingPastItsLength (1160700 ns)
    [ PASSED ] CASE: decodesChunkedRequestAndPublishesTrailer (574927 ns)
    [ PASSED ] CASE: sendsContinueOnlyWhenHandlerStartsReadingTheBody (15678846 ns)
    [ PASSED ] CASE: rejectingWithoutReadingNeverSendsContinue (492468 ns)
    [ FAILED ] CASE: rejectsOversizedFixedRequestBeforeReadingItsBody (426437 ns)
    Expect Failed: `(rejected == true)`
       left: false
      right: true

    TCS: Http1ServerTest, time elapsed: 29102921 ns, RESULT:
    [ PASSED ] CASE: shutdownAbortsConnectionBlockedInsideTlsHandshake (8882998 ns)
    [ PASSED ] CASE: acceptSideTlsHookOwnsConnectionAndClosesAfterShutdown (859990 ns)
    [ PASSED ] CASE: gracefulShutdownStopsAcceptAfterCompletedConnection (610220 ns)
    [ PASSED ] CASE: expiredShutdownAbortsBlockedConnectionAndReturnsBoundedly (7978859 ns)
    [ PASSED ] CASE: connectionLimitPreventsSecondAcceptUntilCapacityReturns (9881457 ns)
    TCS: Http1ServerResponseWriterTest, time elapsed: 2033400 ns, RESULT:
    [ PASSED ] CASE: writesFixedResponseThroughPartialTransportOperations (307547 ns)
    [ PASSED ] CASE: streamsChunkedResponseAndTrailer (318786 ns)
    [ PASSED ] CASE: chunkedStreamingResponseMayExceedThePerSegmentBodyBound (279670 ns)
    [ PASSED ] CASE: headResponseNeverTransfersRepresentationBytes (138132 ns)
    [ PASSED ] CASE: closeDelimitedResponseRequiresConnectionClose (286863 ns)
    [ PASSED ] CASE: rejectsKnownLengthMismatchBeforeCommittingHead (70992 ns)
    TCS: Http1SmugglingCorpusTest, time elapsed: 77156872 ns, RESULT:
    [ PASSED ] CASE: clientAndServerFramingRejectTheSameAmbiguousHeaderCorpus (1563538 ns)
    [ PASSED ] CASE: identicalLengthsAndOneFinalChunkedCodingRemainUnambiguous (508803 ns)
    [ PASSED ] CASE: rejectsWhitespaceTargetAndProxyDifferentialCorpus (499763 ns)
    [ PASSED ] CASE: rejectsMalformedChunkAndTrailerCorpusAtInputOrEof (132987 ns)
    [ PASSED ] CASE: everyAcceptedSingleByteMutationHasACanonicalReparse (67777080 ns)
    [ PASSED ] CASE: chunkedMutationsHaveDeterministicBoundedTerminals (2339300 ns)
    [ PASSED ] CASE: validHeadParsesAtEveryTransportSplitBoundary (3523277 ns)
    TCS: Http1HttpsClientTest, time elapsed: 1168259439 ns, RESULT:
    [ PASSED ] CASE: partitionsHandshakesAndReusesHttpsAfterBodyCompletion (1232040 ns)
    [ ERROR  ] CASE: zeroLengthConnectionCloseDoesNotWaitForTlsPeerShutdown (1166459558 ns)
    REASON: An exception has occurred:TimeoutException
	at wirestack.internal.http1/test.Http1HttpsClientTest.zeroLengthConnectionCloseDoesNotWaitForTlsPeerShutdown()(<repo-root>/src/internal/http1/tls_client_pipeline_test.cj:54)
	at wirestack.internal.http1/test.Http1HttpsClientTest.asTestSuite.lambda.1.lambda.0()(<repo-root>/src/internal/http1/tls_client_pipeline_test.cj:65)
    TCS: Http1TlsServerTest, time elapsed: 122123514 ns, RESULT:
    [ PASSED ] CASE: alpnServerRejectsAClientWithNoSharedHttpProtocol (53660474 ns)
    [ PASSED ] CASE: automaticClientOffersH2FirstAndFallsBackToServerHttp11 (18647676 ns)
    [ PASSED ] CASE: requiredMutualTlsCarriesAuthenticatedHttp1Exchange (22958467 ns)
    [ PASSED ] CASE: realAwsLcHandshakeCarriesOneHttp1Exchange (25839981 ns)
Summary: TOTAL: 121
    PASSED: 115, SKIPPED: 3, ERROR: 1
    FAILED: 2, listed below:
            TCS: Http2ConnectionPoolTest, CASE: closeRacingUnpublishedAdmissionReleasesConnectionOwners
            TCS: Http1ServerRequestReaderTest, CASE: rejectsOversizedFixedRequestBeforeReadingItsBody
            TCS: Http1HttpsClientTest, CASE: zeroLengthConnectionCloseDoesNotWaitForTlsPeerShutdown
--------------------------------------------------------------------------------------------------
Project tests finished, time elapsed: 2789995086 ns, RESULT:
TP: wirestack.*, time elapsed: 2789898568 ns, RESULT:
    FAILED:
    TP: wirestack.internal.http1, time elapsed: 2783477926 ns, RESULT:
        TCS: HttpAutomaticHttpsClientTest, time elapsed: 8727638 ns, RESULT:
        TCS: Http1ChunkedCodecTest, time elapsed: 2446416 ns, RESULT:
        TCS: Http1ClientConnectionTest, time elapsed: 20517121 ns, RESULT:
        TCS: Http1CleartextClientTest, time elapsed: 1679918 ns, RESULT:
        TCS: Http1ConnectionPoolTest, time elapsed: 4833783 ns, RESULT:
        TCS: Http1HeadParserTest, time elapsed: 3964279 ns, RESULT:
        TCS: Http2Streams1BenchmarkTest, time elapsed: 24769583 ns, RESULT:
        TCS: Http2Streams10BenchmarkTest, time elapsed: 117841882 ns, RESULT:
        TCS: Http2Streams100BenchmarkTest, time elapsed: 1109449744 ns, RESULT:
        TCS: Http1HundredConnectionBaselineTest, time elapsed: 32791443 ns, RESULT:
        TCS: Http2ConnectionPoolTest, time elapsed: 6994924 ns, RESULT:
        [ FAILED ] CASE: closeRacingUnpublishedAdmissionReleasesConnectionOwners (3675997 ns)
        TCS: Http1FramingTest, time elapsed: 2071771 ns, RESULT:
        TCS: HttpConnectionPoolKeyTest, time elapsed: 631851 ns, RESULT:
        TCS: Http1ProxyClientPipelineTest, time elapsed: 5592558 ns, RESULT:
        TCS: Http1RequestWriterTest, time elapsed: 2535271 ns, RESULT:
        TCS: Http1ResponseReaderTest, time elapsed: 7342021 ns, RESULT:
        TCS: Http1SerializerTest, time elapsed: 1825174 ns, RESULT:
        TCS: Http1ServerConnectionTest, time elapsed: 8571412 ns, RESULT:
        TCS: Http1ServerRequestReaderTest, time elapsed: 19163706 ns, RESULT:
        [ FAILED ] CASE: rejectsOversizedFixedRequestBeforeReadingItsBody (426437 ns)
        TCS: Http1ServerTest, time elapsed: 29102921 ns, RESULT:
        TCS: Http1ServerResponseWriterTest, time elapsed: 2033400 ns, RESULT:
        TCS: Http1SmugglingCorpusTest, time elapsed: 77156872 ns, RESULT:
        TCS: Http1HttpsClientTest, time elapsed: 1168259439 ns, RESULT:
        [ ERROR  ] CASE: zeroLengthConnectionCloseDoesNotWaitForTlsPeerShutdown (1166459558 ns)
        TCS: Http1TlsServerTest, time elapsed: 122123514 ns, RESULT:
Summary: TOTAL: 121
    PASSED: 115, SKIPPED: 3, ERROR: 1
    FAILED: 2
--------------------------------------------------------------------------------------------------
