argv=["/usr/bin/readelf", "-d", "<repo-root>/build/m8-008/20260909T191258.619736Z-2128850-2824ceb0/installed-consumer/consumer/target/release/bin/main"]
cwd=<repo-root>/build/m8-008/20260909T191258.619736Z-2128850-2824ceb0/installed-consumer/consumer
timeout_seconds=60
returncode=0
--- stdout ---

Dynamic section at offset 0x9cecf0 contains 30 entries:
  Tag        Type                         Name/Value
 0x0000000000000001 (NEEDED)             Shared library: [libcangjie-runtime.so]
 0x0000000000000001 (NEEDED)             Shared library: [libboundscheck.so]
 0x0000000000000001 (NEEDED)             Shared library: [libm.so.6]
 0x0000000000000001 (NEEDED)             Shared library: [libc.so.6]
 0x000000000000000c (INIT)               0x1943a8
 0x000000000000000d (FINI)               0x87582c
 0x0000000000000019 (INIT_ARRAY)         0x99d220
 0x000000000000001b (INIT_ARRAYSZ)       144 (bytes)
 0x000000000000001a (FINI_ARRAY)         0x99d2b0
 0x000000000000001c (FINI_ARRAYSZ)       32 (bytes)
 0x0000000000000004 (HASH)               0x340
 0x000000006ffffef5 (GNU_HASH)           0xc70
 0x0000000000000005 (STRTAB)             0x2b08
 0x0000000000000006 (SYMTAB)             0xcc0
 0x000000000000000a (STRSZ)              4427 (bytes)
 0x000000000000000b (SYMENT)             24 (bytes)
 0x0000000000000015 (DEBUG)              0x0
 0x0000000000000003 (PLTGOT)             0x9cefe8
 0x0000000000000002 (PLTRELSZ)           7056 (bytes)
 0x0000000000000014 (PLTREL)             RELA
 0x0000000000000017 (JMPREL)             0x192818
 0x0000000000000007 (RELA)               0x4040
 0x0000000000000008 (RELASZ)             1632216 (bytes)
 0x0000000000000009 (RELAENT)            24 (bytes)
 0x000000006ffffffb (FLAGS_1)            Flags: PIE
 0x000000006ffffffe (VERNEED)            0x3ee0
 0x000000006fffffff (VERNEEDNUM)         3
 0x000000006ffffff0 (VERSYM)             0x3c54
 0x000000006ffffff9 (RELACOUNT)          67820
 0x0000000000000000 (NULL)               0x0
--- stderr ---
