M7-022 Linux release soak: FAIL: SOAK_ALREADY_RUNNING: another invocation is active
M0-016 validation: PASS
architecture guard: PASS
{"artifacts": {"api": "docs/api/generated/api-surface.json", "coverage": "docs/api/generated/coverage.json", "docs": "docs/api/generated/docs.json", "markdown": "docs/api/generated/markdown"}, "cjdoc": {"path": "<repo-root>-pr-worktrees/M8-004-recovery-tools/cjdoc/bin/cjdoc", "version": "0.7.2"}, "combined": {"apiEntries": 1481, "apiSha256": "cb8de6f898a5ba5fc54f3f084cf15df9d40b1504f9be408e286802a2370d80cc", "coverage": {"parameters": {"documented": 717, "percent": 100, "total": 717}, "symbols": {"documented": 1481, "percent": 100, "total": 1481}}, "coverageSha256": "4fcb7e38bfcd9a89ac1a8a3c695c14de6d6dc4383905b9fa4a59deeb9f29ee1d", "declarations": 2450, "docsSha256": "7c7955fdf8cf5754cac71ebf6351ea099c59e726216d6a6cdc3b32bdc40bf7d4", "markdownSha256": "988b54088600cbe0a4c63d442b309d59a3f11ecb93cf3db6b5ced6bd4f632518", "package": "combined", "status": "PASS"}, "commands": [{"kind": "check", "package": "wirestack", "returncode": 0, "status": "PASS", "stderr": "documentation coverage: symbols 662/662 (100%), parameters 262/262 (100%)\n", "stderr_truncated": false, "stdout": "", "stdout_truncated": false}, {"kind": "generate", "package": "wirestack", "returncode": 0, "status": "PASS", "stderr": "", "stderr_truncated": false, "stdout": "generated /tmp/wirestack-m7-033-l8er0jk4/wirestack/output\n", "stdout_truncated": false}, {"kind": "check", "package": "wirestack.http", "returncode": 0, "status": "PASS", "stderr": "documentation coverage: symbols 1064/1064 (100%), parameters 482/482 (100%)\n", "stderr_truncated": false, "stdout": "", "stdout_truncated": false}, {"kind": "generate", "package": "wirestack.http", "returncode": 0, "status": "PASS", "stderr": "", "stderr_truncated": false, "stdout": "generated /tmp/wirestack-m7-033-l8er0jk4/wirestack-http/output\n", "stdout_truncated": false}, {"kind": "check", "package": "wirestack.tls", "returncode": 0, "status": "PASS", "stderr": "documentation coverage: symbols 838/838 (100%), parameters 326/326 (100%)\n", "stderr_truncated": false, "stdout": "", "stdout_truncated": false}, {"kind": "generate", "package": "wirestack.tls", "returncode": 0, "status": "PASS", "stderr": "", "stderr_truncated": false, "stdout": "generated /tmp/wirestack-m7-033-l8er0jk4/wirestack-tls/output\n", "stdout_truncated": false}, {"kind": "check", "package": "wirestack.net", "returncode": 0, "status": "PASS", "stderr": "documentation coverage: symbols 903/903 (100%), parameters 433/433 (100%)\n", "stderr_truncated": false, "stdout": "", "stdout_truncated": false}, {"kind": "generate", "package": "wirestack.net", "returncode": 0, "status": "PASS", "stderr": "", "stderr_truncated": false, "stdout": "generated /tmp/wirestack-m7-033-l8er0jk4/wirestack-net/output\n", "stdout_truncated": false}, {"kind": "check", "package": "combined", "returncode": 0, "status": "PASS", "stderr": "documentation coverage: symbols 1481/1481 (100%), parameters 717/717 (100%)\n", "stderr_truncated": false, "stdout": "", "stdout_truncated": false}, {"kind": "generate", "package": "combined", "returncode": 0, "status": "PASS", "stderr": "", "stderr_truncated": false, "stdout": "generated /tmp/wirestack-m7-033-l8er0jk4/combined/output\n", "stdout_truncated": false}], "expectedCjdoc": "0.7.2", "generatedAtUtc": "2026-09-14T14:04:52.951352Z", "issues": [], "layers": [{"apiEntries": 662, "apiSha256": "18ef8b0e5e6dd34daae0b7bfc98e0c0c370f7237eb07e72e432c76a13726a88e", "coverage": {"parameters": {"documented": 262, "percent": 100, "total": 262}, "symbols": {"documented": 662, "percent": 100, "total": 662}}, "coverageSha256": "a33481d03da902371e26245f67bb94f450d89ef66b9c0ad36bac6970eaf207b4", "declarations": 808, "docsSha256": "df3c07c4f0458a36021e9f7928e3e0fdbde27785c527e9d40ac60e00094f1014", "markdownSha256": "3055a19762b460c1f977ca0ed29a1154c7af8cda9d232351ef2bba0e2b409b45", "package": "wirestack", "status": "PASS"}, {"apiEntries": 1064, "apiSha256": "df063511115594aeb57225f01bb32c12549ec6888a45469c93fd0f19a7229a49", "coverage": {"parameters": {"documented": 482, "percent": 100, "total": 482}, "symbols": {"documented": 1064, "percent": 100, "total": 1064}}, "coverageSha256": "a5043809b426f1ca07c8ae09cfd3230e98484f4d664c61af9e977222ce072dfc", "declarations": 1732, "docsSha256": "7c220e541cac8832664b2ca81fd572a9672e1f111437a759d3eecef581d186af", "markdownSha256": "b90982339ea708b7f7715aac927745b2581b6855195119690f6e0f5582139392", "package": "wirestack.http", "status": "PASS"}, {"apiEntries": 838, "apiSha256": "3de4d04409af0f532e8a5ccb3cf2790eafbcecbc9e2d8b92144e2e2db31fcdc0", "coverage": {"parameters": {"documented": 326, "percent": 100, "total": 326}, "symbols": {"documented": 838, "percent": 100, "total": 838}}, "coverageSha256": "9911e669daf6b58625ce5c52ba3482cd983ccf34a95439d3d47d87113d5757c1", "declarations": 1014, "docsSha256": "9f261ea3c18964b0dfa3d252e0d00bc0f1e37f0788b8679e97f7cce31d4ed15b", "markdownSha256": "f11ae8b6080dd249c5c33562a00732f7bbd35c67e423c0bcfc39ae9935b07646", "package": "wirestack.tls", "status": "PASS"}, {"apiEntries": 903, "apiSha256": "cd4df30531ee0650e00fcd40cfbb9e53492082530725e8a9be73be80110505cd", "coverage": {"parameters": {"documented": 433, "percent": 100, "total": 433}, "symbols": {"documented": 903, "percent": 100, "total": 903}}, "coverageSha256": "6371ebd2d7a1b2ee19d799c9f26f93f4c0d25f2647e34ee6622e4e4a29d4b78a", "declarations": 1320, "docsSha256": "c70598deda76080c81076f9ec59bdcfd7362edc37ddeea322bfc6770e9b54391", "markdownSha256": "c665cef542630b9fbda37c53b17bfede25aa487c50b010430c1047257d4e1bfe", "package": "wirestack.net", "status": "PASS"}], "platform": {"libc": "glibc", "machine": "x86_64", "system": "Linux"}, "schemaVersion": 1, "sourceSha256": {"src/byte_span.cj": "4b38c6d184e172a56f0c39308294cbd2485ff683aba4f27028abe07c2b4661c4", "src/cancellation.cj": "c023b65acab9740096dc1ec9a770cf59d7361b2fec3dcdeebb3cc6033d78034d", "src/common.cj": "7a6d9bf1bd56bb9c5209152b2482dee044027f8d348233dcd6cc7b87d1c866e3", "src/deadline.cj": "15c5fd0c7f2dcfb4be7150359990c7c35cde11aa3332f80a9efe9f79e431a7c4", "src/hostname_verifier.cj": "a0d06b89cf163b91339e5690bf1d15d8e94bd4912c2792b35e0cdd09d4e34989", "src/http/cancellation.cj": "8ff94be6a771af4c56dab7dc982fca0a16e6df1da4d1a14303dfc179f9225537", "src/http/client.cj": "97131a36c964f68cbc6697a87a4fd5fe81a5a0d146dee3355b4386a47f97c628", "src/http/cookie.cj": "5326d61b5121e75e56750a29c960dc97e9b7fc34ba10f62236e3b19adbaee1d8", "src/http/duplex.cj": "e81f52f4efbc0b728a1891d67bc0f3a6292af471d16d992b65e2055e44ffac24", "src/http/error.cj": "d88c54a157e02063ab4048c197631daba3642a9618672841e4b98d3a25d275ad", "src/http/file_handler.cj": "2706ddeadba5c448a9bdf9ed1b604d5fe56c527b001d28ecb3b558b93728df74", "src/http/hooks.cj": "0b6016a645fd69bbb8743e5abfed22b4c325286a450587b4ff87b722ef04f2ed", "src/http/multipart.cj": "506c82b691fa280fc147fa7d6f73aa5ed7b1045f5fa1122bd7c667a62aead36e", "src/http/package.cj": "edae278034e8047e77649badec506b86ff2e6f3fc530d3eaf68394f77ff43ca0", "src/http/proxy.cj": "9576c9b153192c93943911557e8cce25f567e5ad0357074189437cc17af6fe1d", "src/http/redirect.cj": "e7e9f07fa0bb79299e46c1320b32daf238e702b66fcb8e1368439723d74d96b4", "src/http/resolver.cj": "8c44e5ff6961122d6483c22546a26dab02e8414b88d5e18b954ddcf0b3ff29e4", "src/http/retry.cj": "e889370833f2d5b7df07d4cd13aa3068ab6262e1c2252728cbcc99c788b4199b", "src/http/server.cj": "52ede5995cf2b5ac64948b36334eadd9782cdcaa26e4c2bf3914a85e25cdb529", "src/http/tls.cj": "b232989ad8c4e73d4480dcae4ce40aae55fbedf9ce13b5922cc61b8a6e8a1e62", "src/http/upgrade.cj": "3bf29c0ad5b9fd19f5b2d994d36abcf76cbcc7d22d46c18991378aab705e0f73", "src/http/websocket.cj": "1eafd0d9f728592adea31d4397a8173c98d6ad3551ab4ed84d3b77623b787ba7", "src/http/websocket_handshake.cj": "db5d899be8d22022db1e7aed502ad36c3cc5e52d6dbae8dce53112f797276d59", "src/http_body.cj": "49b72ad2517213133eb693a190061050b655edb02df01eaa414db216c60fc4fe", "src/http_contract.cj": "39d7fe3885f50211393d9e03dc478b7370566bf7b7b3d3f20d0a5d3de3dc9259", "src/http_message.cj": "4033d25f42135e43f498f11d2b459512dcb7c45bce6e91efaa85b18a053e8ef1", "src/http_model.cj": "993ad73017a4da224b98f851e1e39d46fe6016502044b934f7ab191fb0da5a8c", "src/http_push.cj": "5dde5a1ff4cee87c947c1867e56fe0e7b9d2a38e2ca91a597f5a8deb4c2fc20f", "src/http_url.cj": "074cc811771e49030292b278252947af9f29476f67e9fd53f6a82ac473690955", "src/net/datagram_socket_core.cj": "2095e7d3a02c805c3018badf7045b0d76a42a56e101a2e08867f32b676c34ae6", "src/net/dns_client.cj": "a63095f98489b93b83f76cebc878678391d338f9080e15cf2ea7277ff6562622", "src/net/dns_resolver.cj": "65b410bda4ed26d315848f68bdd70b432101153b12e3c5d6dcccd8bea14ec183", "src/net/dns_wire.cj": "08b6bfb5fb7b46502a2a897f44a251765947359408398bcb93442504de28bde0", "src/net/package.cj": "05ee39721856fab3dc82dc4a83baaa0adfd9bb8af4fb38e0af41d4f5cb4430cc", "src/net/tcp_listener.cj": "7735311cd3aa657a3be9a37216cb5a1b404854932ab66480ea78b9f42a2b2b1f", "src/net/udp_socket.cj": "a59cba97d797a3800338f6a8594bfcd0f93456fc926421b2f9bce81149c9546b", "src/net/unix_datagram_socket.cj": "7447856c277d45d943087e3285fd0ade950cf7047fbf232052e1cd9d0a730511", "src/net/unix_listener.cj": "aa964800977f95ff67a6351a91c16d950324bbe0c50d7b01c5f1484f06e01967", "src/net/unix_stream.cj": "399aeac5d19f6457e2342fd7b1af3a76943f00db50a21c1474bed3b3141acb8b", "src/network_error.cj": "4e272f9b9887804f0de87ec032d442a69b49803da66bffa005b7f0282aadc5e5", "src/network_event.cj": "55d93c151752e76c80c441e4bfc639f7d6da77e89ed582bae2ba6a43cdcc3084", "src/operation_context.cj": "523a1c1efaab2f3e6ba0755386460ea504a2caa8ef1453a18134f950c6e1234d", "src/package.cj": "f9035aacfa24f06fe88eda3f16a5cbcf5dbf482b2d86776ea27e09e4861e93d7", "src/private_key_contract.cj": "cb03bb9badc0552c2ac66dbb6bf4842559b5ea17b2aa77284e817a78d63c6e84", "src/resolver.cj": "7b2129a0e3fd4be72ad2dd6adaf0053d5de23a08214157c931d38d7627154b23", "src/tls/facade.cj": "e7d4d1be6695abeb50c9ca8490817f2ef56b9a812f5be58cf9717ec4d3992077", "src/tls/identity.cj": "055c4232b9e44ff3cc768a09f023cd7a19174f5ce0d4dc263ca675af90660d19", "src/tls/package.cj": "5afa752de915ccff3866a81b9dbd0e6d3da1df01e1ecfa7180eb42709694d2b9", "src/tls_contract.cj": "1cbeb94013b9a2b946dd731b335554340862388feadf354162a2f2320bb6dac1", "src/transport.cj": "6781aa3bf538523e02c4807eebff7ac37a773e5dc9bdb427e6a56ace3a0b7033", "src/trust.cj": "f64b49d84a58e034e3976089211f7b645b42e5bc51dbc353f2e0bcec14d17aba"}, "status": "PASS", "targetCfg": {"arch": "x86_64", "env": "gnu", "os": "Linux"}, "taskId": "M7-033"}
The valid serial compilation order is:
    wirestack -> wirestack.internal -> wirestack.internal.identity -> wirestack.internal.platform -> wirestack.internal.platform.android -> wirestack.internal.platform.apple -> wirestack.internal.platform.harmony -> wirestack.internal.platform.linux -> wirestack.internal.platform.windows -> wirestack.internal.common -> wirestack.internal.http_files -> wirestack.internal.http_model -> wirestack.internal.transport -> wirestack.internal.trust -> wirestack.internal.http2 -> wirestack.internal.resolver -> wirestack.internal.tls_engine -> wirestack.internal.connector -> wirestack.tls -> wirestack.internal.http1 -> wirestack.internal.transport_stdnet -> wirestack.net -> wirestack.http
cjpm check success
cjpm build success
--------------------------------------------------------------------------------------------------
TP: wirestack.internal.platform.linux, time elapsed: 10965014 ns, RESULT:
    TCS: LinuxSystemTrustAdapterTest, time elapsed: 10965014 ns, RESULT:
    [ PASSED ] CASE: frozenSearchOrderCoversGlibcAndMuslLayouts (284911 ns)
    [ PASSED ] CASE: currentLinuxHostSelectsOneExplicitUsableSource (8493542 ns)
    [ PASSED ] CASE: missingCandidatesFailWithoutProviderDefaultFallback (74838 ns)
    [ PASSED ] CASE: directoryCandidateRequiresReadableHashedCertificateEntry (325625 ns)
    [ PASSED ] CASE: sourceIdentityChangesWhenSameSizeTrustContentChanges (339701 ns)
Summary: TOTAL: 5
    PASSED: 5, SKIPPED: 0, ERROR: 0
    FAILED: 0
--------------------------------------------------------------------------------------------------
TP: wirestack.internal.transport, time elapsed: 191866218 ns, RESULT:
    TCS: ByteSpanTest, time elapsed: 1603109 ns, RESULT:
    [ PASSED ] CASE: defaultsCoverWholeArrayAndEmptyArray (250087 ns)
    [ PASSED ] CASE: sliceAndAdvanceKeepTheOriginalArray (19457 ns)
    [ PASSED ] CASE: mutableViewWritesThroughAndConvertsWithoutCopying (13383 ns)
    [ PASSED ] CASE: permitsBoundaryEmptyRanges (20843 ns)
    [ PASSED ] CASE: rejectsEveryOutOfRangeShape (115106 ns)
    TCS: CancellationTest, time elapsed: 37596607 ns, RESULT:
    [ PASSED ] CASE: cancelIsOneWayAndCallbacksRunExactlyOnce (89740 ns)
    [ PASSED ] CASE: unregisterIsIdempotentAndPreventsPendingCallback (24161 ns)
    [ PASSED ] CASE: alreadyCancelledRegistrationRunsSynchronouslyOnce (17573 ns)
    [ PASSED ] CASE: noneTokenRemainsUsableAndNotCancelled (13881 ns)
    [ PASSED ] CASE: oneFailingCallbackDoesNotBlockOtherWaiters (34458 ns)
    [ PASSED ] CASE: concurrentCancelClaimsEveryCallbackExactlyOnce (17606180 ns)
    [ PASSED ] CASE: registrationRacingCancellationStillRunsExactlyOnce (17133025 ns)
    [ PASSED ] CASE: unregisterRacingCancellationIsAtMostOnce (1325248 ns)
    [ PASSED ] CASE: callbackMayReenterCancellationAndRegistrationWithoutDeadlock (40833 ns)
    TCS: OperationCompletionTest, time elapsed: 28428611 ns, RESULT:
    [ PASSED ] CASE: completionCleansEveryResourceBeforeTheWinnerCallback (36679 ns)
    [ PASSED ] CASE: unregisterAndLateRegistrationHaveExplicitTerminalSemantics (41603 ns)
    [ PASSED ] CASE: cleanupCapacityIsPositiveAndHardBounded (52502 ns)
    [ PASSED ] CASE: cleanupFailuresAndReentrancyCannotBlockTerminalProgress (48018 ns)
    [ PASSED ] CASE: winnerExceptionDoesNotReopenTheCompletion (31398 ns)
    [ PASSED ] CASE: cleanupCountPropertyHoldsAcrossEveryConfiguredOccupancy (419217 ns)
    [ PASSED ] CASE: concurrentTerminalCallersHaveOneWinner (3003093 ns)
    [ PASSED ] CASE: registrationRacingCompletionIsAlwaysCleanedOnce (21621742 ns)
    [ PASSED ] CASE: unregisterRacingCompletionRunsCleanupAtMostOnce (1652440 ns)
    TCS: DeadlineTest, time elapsed: 856467 ns, RESULT:
    [ PASSED ] CASE: remainingUsesTheInjectedMonotonicClock (24356 ns)
    [ PASSED ] CASE: remainingClampsAtZeroAfterExpiry (16119 ns)
    [ PASSED ] CASE: childCanShortenButNeverExtendParent (21451 ns)
    [ PASSED ] CASE: zeroAndExpiredChildrenCannotExtendTheParent (23793 ns)
    [ PASSED ] CASE: rejectsNegativeDurations (44488 ns)
    TCS: TransportLifecycleTest, time elapsed: 5644690 ns, RESULT:
    [ PASSED ] CASE: connectingAndAcceptedPathsReachOpenOnlyInOrder (21523 ns)
    [ PASSED ] CASE: halfCloseIsDirectionalIdempotentAndConvergesOnClosing (58374 ns)
    [ PASSED ] CASE: gracefulCloseIsIdempotentAndCompletesOnlyFromClosing (42100 ns)
    [ PASSED ] CASE: abortAndFailReachEveryNonTerminalStateWithoutOverwritingTerminalEvidence (128991 ns)
    [ PASSED ] CASE: illegalTransitionsHaveStableCodesAndDoNotMutateState (173365 ns)
    [ PASSED ] CASE: closingAndTerminalStatesRejectDataOperationsWithClosedCode (80149 ns)
    [ PASSED ] CASE: operationClaimsAllowDuplexButRejectSameDirectionConcurrency (27078 ns)
    [ PASSED ] CASE: everyTerminalModeReleasesRegisteredResourcesExactlyOnce (35947 ns)
    [ PASSED ] CASE: racingTerminalTransitionsRetainOneWinnerAndOneCleanup (3728086 ns)
    [ PASSED ] CASE: terminalCleanupMayReenterAndItsRegistryRemainsBounded (42554 ns)
    TCS: M124TransportRaceTest, time elapsed: 35534188 ns, RESULT:
    [ PASSED ] CASE: readCloseReleasesBlockedOperationAndDrainsWaiter (5236468 ns)
    [ PASSED ] CASE: writeAbortReleasesBlockedOperationAndDrainsWaiter (9834405 ns)
    [ PASSED ] CASE: successAndCancelOrderingsCompleteOnceWithoutDataLeak (19864378 ns)
    TCS: MemoryTransportListenerTest, time elapsed: 50069652 ns, RESULT:
    [ PASSED ] CASE: rejectsInvalidListenerAndSchedulerBounds (39233 ns)
    [ PASSED ] CASE: listenerDeliversConnectionsInFifoOrderAndBoundsBacklog (111496 ns)
    [ PASSED ] CASE: schedulerDefersDeliveryAndReleasesFailedReservations (70714 ns)
    [ PASSED ] CASE: schedulerRunsMultipleConnectionsInStableFifoOrder (48717 ns)
    [ PASSED ] CASE: cancellationWakesAcceptWithoutClosingListener (9039754 ns)
    [ PASSED ] CASE: deadlineBoundsBlockedAcceptWithoutClosingListener (29840403 ns)
    [ PASSED ] CASE: closeWakesAcceptAndAbortsOwnedConnectionsIdempotently (9907778 ns)
    TCS: MemoryTransportTest, time elapsed: 1759519 ns, RESULT:
    [ PASSED ] CASE: pairTransfersPartialDataInBothDirections (35987 ns)
    [ PASSED ] CASE: emptyBuffersReturnZeroWithoutProducingEofOrPeerData (30152 ns)
    [ PASSED ] CASE: writeShutdownProducesPeerEofAfterBufferedData (32942 ns)
    [ PASSED ] CASE: readShutdownMakesPeerWritesFailAsBrokenPipe (49447 ns)
    [ PASSED ] CASE: cancelledBeforeOperationHasNoDataSideEffect (36796 ns)
    [ PASSED ] CASE: closeAndAbortAreIdempotentAndTerminal (30839 ns)
    [ PASSED ] CASE: cancellationWakesABlockedRead (49949 ns)
    [ PASSED ] CASE: closeWakesABlockedLocalRead (39928 ns)
    [ PASSED ] CASE: writeShutdownWakesABlockedLocalWrite (38764 ns)
    [ PASSED ] CASE: boundedBackpressureResumesAfterPeerReads (116004 ns)
    [ PASSED ] CASE: expiredDeadlineFailsBeforeAnyWrite (28707 ns)
    TCS: NetworkErrorTest, time elapsed: 598610 ns, RESULT:
    [ PASSED ] CASE: retainsStableClassificationAndEndpointEvidence (28889 ns)
    [ PASSED ] CASE: retainsLocalEndpointCauseAndOptionalDefaults (27229 ns)
    [ PASSED ] CASE: caughtErrorRetainsUnixEndpointBytesNativeCodeAndCause (43308 ns)
    [ PASSED ] CASE: pathnameRejectsNulWhileAbstractRetainsIt (24793 ns)
    TCS: OperationContextTest, time elapsed: 750615 ns, RESULT:
    [ PASSED ] CASE: backgroundHasNoDeadlineCancellationOrTrace (14442 ns)
    [ PASSED ] CASE: derivedContextsRetainEventSinkAndSinkFailuresAreIsolated (30743 ns)
    [ PASSED ] CASE: derivedContextRetainsCancellationAndTrace (25172 ns)
    [ PASSED ] CASE: derivationHelpersChangeOnlyTheirNamedField (35686 ns)
    [ PASSED ] CASE: earlierDeadlineCannotBeExtended (14513 ns)
    [ PASSED ] CASE: traceIdentifiersAreBoundedAndNonEmpty (42021 ns)
    TCS: ScriptedTransportTest, time elapsed: 26629484 ns, RESULT:
    [ PASSED ] CASE: rejectsUnboundedOrInvalidScripts (57865 ns)
    [ PASSED ] CASE: shortReadAndWriteStepsAreConsumedInOrder (50029 ns)
    [ PASSED ] CASE: emptyIoDoesNotConsumeScriptAndEofIsExplicit (38583 ns)
    [ PASSED ] CASE: resetTerminatesTransportAtInjectedPhase (52747 ns)
    [ PASSED ] CASE: failurePreservesCoordinatesWithoutTerminatingTransport (42715 ns)
    [ PASSED ] CASE: virtualWaiterReleasesBlockedOperationsInFifoOrder (15656385 ns)
    [ PASSED ] CASE: cancellationWinsAReleaseRaceAndCleansWaiter (9808431 ns)
    TCS: TransportHelperTest, time elapsed: 1208408 ns, RESULT:
    [ PASSED ] CASE: writeAllHandlesPartialWritesAndEmptyInput (29960 ns)
    [ PASSED ] CASE: readExactHandlesPartialReads (18745 ns)
    [ PASSED ] CASE: readExactClassifiesPrematureEof (26288 ns)
    [ PASSED ] CASE: emptyHelpersDoNotCallTransport (12529 ns)
    [ PASSED ] CASE: invalidProgressFailsOnceWithoutSpinning (82668 ns)
    [ PASSED ] CASE: cancellationAfterPartialProgressPropagatesWithoutRestart (59220 ns)
    [ PASSED ] CASE: absoluteDeadlineExpiresAcrossPartialRetries (48839 ns)
Summary: TOTAL: 83
    PASSED: 83, SKIPPED: 0, ERROR: 0
    FAILED: 0
--------------------------------------------------------------------------------------------------
TP: wirestack.tls, time elapsed: 100601417 ns, RESULT:
    TCS: PublicTlsFacadeTest, time elapsed: 76452592 ns, RESULT:
    [ PASSED ] CASE: clientBuilderRejectsReversedVersionRangeBeforeTransportIo (40100643 ns)
    [ PASSED ] CASE: serverBuilderRequiresAnIdentityBeforeTransportIo (9806181 ns)
    [ PASSED ] CASE: clientBuilderCopiesAlpnAndPublishesProviderNeutralCapabilities (10062041 ns)
    [ PASSED ] CASE: preCancelledHandshakeConsumesAndAbortsTheTransport (15123840 ns)
    TCS: TlsM8006ContractTest, time elapsed: 8188369 ns, RESULT:
    [ PASSED ] CASE: externalDecryptionRequestIsStrictlyRawRsaBoundedAndOwned (44936 ns)
    [ PASSED ] CASE: keyLogLineAcceptsOnlyBoundedNssShapeAndOwnsSecrets (62709 ns)
    [ PASSED ] CASE: clientContextRejectsExternalDecryptionBeforeHandshake (7657279 ns)
    TCS: TlsRuntimeTest, time elapsed: 15781726 ns, RESULT:
    [ PASSED ] CASE: reportsHandleFreeLinuxProviderAndBuildIdentity (7747109 ns)
    [ PASSED ] CASE: returnsDefensiveCopiesOfRuntimeInventories (7622022 ns)
Summary: TOTAL: 9
    PASSED: 9, SKIPPED: 0, ERROR: 0
    FAILED: 0
--------------------------------------------------------------------------------------------------
TP: wirestack.http, time elapsed: 11316952842 ns, RESULT:
    TCS: RequestBodyTest, time elapsed: 1471978 ns, RESULT:
    [ PASSED ] CASE: byteBodiesOwnInputAndReplayWithIndependentOffsets (222913 ns)
    [ PASSED ] CASE: emptyAndUtf8StringBodiesHaveExactLengths (22335 ns)
    [ PASSED ] CASE: oneShotBodyCanOnlyBeClaimedOnce (49067 ns)
    [ PASSED ] CASE: factoryMustReturnTheDeclaredLengthAndMismatchIsClosed (21881 ns)
    [ PASSED ] CASE: closedStreamRejectsFurtherReads (25717 ns)
    [ PASSED ] CASE: fileBodyStreamsAndReopensWithoutEagerReads (139691 ns)
    [ PASSED ] CASE: fileBodyRejectsOversizeAndChangesBeforeOpen (97123 ns)
    TCS: HttpClientExtensionsTest, time elapsed: 45501011 ns, RESULT:
    [ PASSED ] CASE: nativeCookiesAndServiceHooksSurviveThrowingPoolObservers (34034922 ns)
    [ PASSED ] CASE: mismatchedUpgradePairingsNeverOpenConnections (150791 ns)
    [ PASSED ] CASE: unavailableServerPushClosesTheOwnedResponse (10782448 ns)
    TCS: HttpCookieJarTest, time elapsed: 204809576 ns, RESULT:
    [ PASSED ] CASE: cookieSerializesStandardMetadataWithoutInventingBrowserPolicy (34445 ns)
    [ PASSED ] CASE: hostOnlyAndDomainCookiesDoNotLeakAcrossDnsBoundaries (209142 ns)
    [ PASSED ] CASE: bundledPublicSuffixRulesProtectRegistrableBoundariesByDefault (792668 ns)
    [ PASSED ] CASE: defaultPathAndPathMatchUseDirectoryAndSlashBoundaries (105716 ns)
    [ PASSED ] CASE: maxAgeTakesPrecedenceAndNonPositiveValuesDeleteTheIdentity (139727 ns)
    [ PASSED ] CASE: secureMetadataControlsTransportAndHttpOnlyDoesNotChangeWireSelection (58053 ns)
    [ PASSED ] CASE: valuedSecureAttributeCannotLeakCookiesToCleartext (52723 ns)
    [ PASSED ] CASE: cleartextOriginsCannotCreateOrOverlaySecureCookies (464051 ns)
    [ PASSED ] CASE: cleartextQuotaFloodCannotEvictSecureIdentityAndInstallReplacement (157583 ns)
    [ PASSED ] CASE: allSecureQuotaRejectsCleartextInsertionsFromBothStorageEntrypoints (93383 ns)
    [ PASSED ] CASE: rejectsHeaderInjectionAndInvalidCookieOctetsBeforeStorage (101260 ns)
    [ PASSED ] CASE: capacityHeaderBoundsAndReplacementRemainDeterministic (75876 ns)
    [ PASSED ] CASE: removalClearAndSnapshotsExposeOnlyLiveImmutableCookies (60660 ns)
    [ PASSED ] CASE: concurrentStoresAndReadsRemainRaceFreeAndBounded (1663115 ns)
    [ PASSED ] CASE: boundedSetCookieMutationsPreserveScopeAndHeaderSafety (199187999 ns)
    TCS: Http1DeterministicFuzzTest, time elapsed: 8086575 ns, RESULT:
    [ PASSED ] CASE: acceptedUrlMutationsRoundTripToOneCanonicalIdentity (4484704 ns)
    [ PASSED ] CASE: acceptedNoProxyMutationsRemainDeterministicAcrossTargets (2829273 ns)
    [ PASSED ] CASE: proxyAuthorizationMutationCannotInjectBeforeDnsOrConnect (266874 ns)
    TCS: HttpErrorTest, time elapsed: 575493 ns, RESULT:
    [ PASSED ] CASE: publicGetMapsInvalidUrlWithoutNetworkSideEffects (169307 ns)
    [ PASSED ] CASE: classifierProvidesStableHttpFailureCodes (69498 ns)
    TCS: HttpFacadeTest, time elapsed: 701655125 ns, RESULT:
    [ PASSED ] CASE: requestCancellationOutlivesCompletedParentWhileTransferredPushStalls (60921629 ns)
    [ PASSED ] CASE: cancellationWrapperPreservesProtocolCompletionPolicy (56468 ns)
    [ PASSED ] CASE: typedCancellationHandlesAreScopedIdempotentAndStopBeforeNetworkIo (3001045 ns)
    [ PASSED ] CASE: publicHttp1ConnectionHandleCancelsBodyAndLeavesClientReusable (11527659 ns)
    [ PASSED ] CASE: publicHttp2StreamAndConnectionHandlesRespectTheirScopes (83414789 ns)
    [ PASSED ] CASE: publicHttp2SlowStreamCannotStarveOneTenOrHundredSiblings (162633748 ns)
    [ PASSED ] CASE: tlsHttp2StreamLimitIsAppliedAcrossConcurrentPublicRequests (25608314 ns)
    [ PASSED ] CASE: tlsFacadeNegotiatesHttp2AndMapsBodyTrailersAndResponse (36193749 ns)
    [ PASSED ] CASE: explicitResolverConnectsPublicClientAndServer (2429969 ns)
    [ PASSED ] CASE: defaultSystemResolverConnectsPublicClientAndServer (272596421 ns)
    [ PASSED ] CASE: clientFollowsOriginRelativeRedirectEndToEnd (2983042 ns)
    [ PASSED ] CASE: clientRetriesOneTemporaryDnsFailureWithinTheSameDeadline (2230489 ns)
    [ PASSED ] CASE: forwardProxyUsesAbsoluteFormIndependentDnsAndHookCredentials (1943655 ns)
    [ PASSED ] CASE: serverBuilderRequiresEndpointAndHandler (26832 ns)
    [ PASSED ] CASE: tlsServerConfigFailsClosedBeforeBinding (150013 ns)
    [ PASSED ] CASE: followedHttp2RedirectClosesUnclaimedPushBeforeClientTeardown (33084475 ns)
    TCS: Http2ConcurrentResponseBodyTest, time elapsed: 25564736 ns, RESULT:
    [ PASSED ] CASE: twoPublicHttp2BodiesCompleteIndependently (25314676 ns)
    TCS: FileHandlerTest, time elapsed: 11276408 ns, RESULT:
    [ PASSED ] CASE: confinedDownloadRejectsTraversalAndSymlinkWhileOpenBodyOutlivesHandler (4309986 ns)
    [ PASSED ] CASE: uploadPublishesOneCompleteBinaryFileAndNeverPublishesRejectedMultipart (6244457 ns)
    [ PASSED ] CASE: uploadCommitChecksContextAfterDurabilityBeforePublication (208895 ns)
    TCS: HttpMessageTest, time elapsed: 1048017 ns, RESULT:
    [ PASSED ] CASE: requestFactoriesProduceImmutableProtocolNeutralModels (39982 ns)
    [ PASSED ] CASE: responseEofCompletesObserverExactlyOnce (22943 ns)
    [ PASSED ] CASE: earlyCloseAbandonsObserverExactlyOnce (24810 ns)
    [ PASSED ] CASE: readFailureClosesAndAbandonsTheBody (30203 ns)
    [ PASSED ] CASE: emptyDestinationDoesNotMistakeNoProgressForEof (19498 ns)
    [ PASSED ] CASE: boundedDrainCompletesOnlyWhenEofIsProven (28482 ns)
    [ PASSED ] CASE: invalidSourceProgressFailsClosed (20417 ns)
    [ PASSED ] CASE: responseRejectsInvalidStatusAndReason (28075 ns)
    TCS: MultipartTest, time elapsed: 4096831473 ns, RESULT:
    [ PASSED ] CASE: writerStreamsExactBinaryFramingAndReplaysIndependently (190985 ns)
    [ PASSED ] CASE: boundarySeparatorsRoundtripThroughContentTypeAndBody (863873 ns)
    [ PASSED ] CASE: readerPreservesBinaryWhenEveryDelimiterIsSplitAcrossReads (396830 ns)
    [ PASSED ] CASE: closingPartDiscardsOnlyThatPartAndReleasesNextPart (420420 ns)
    [ PASSED ] CASE: malformedAndConfiguredLimitsCloseOwnedSource (104403 ns)
    [ PASSED ] CASE: partCountLimitRejectsBeforeParsingUnboundedAdditionalMetadata (134993 ns)
    [ PASSED ] CASE: boundedDeterministicWireMutationsAreChunkIndependent (4091137998 ns)
    [ PASSED ] CASE: deterministicMutationHarnessEnforcesSmallLimitsAndOwnedClosure (2664754 ns)
    TCS: HttpModelTest, time elapsed: 1822510 ns, RESULT:
    [ PASSED ] CASE: methodSupportsStandardAndExtensionTokens (21823 ns)
    [ PASSED ] CASE: headersPreserveOrderAndMultipleValues (38055 ns)
    [ PASSED ] CASE: headersOwnTheirInputAndOutputArrays (33513 ns)
    [ PASSED ] CASE: builderSetAndRemoveUseCaseInsensitiveNames (66682 ns)
    [ PASSED ] CASE: rejectsInjectionAndInvalidNames (60515 ns)
    [ PASSED ] CASE: enforcesCountLineAndTotalLimits (30664 ns)
    [ PASSED ] CASE: urlNormalizesSchemeHostAndDefaultTarget (22909 ns)
    [ PASSED ] CASE: urlPreservesExplicitPortPathAndQuery (37702 ns)
    [ PASSED ] CASE: urlRequiresBracketedIpv6AndKeepsQueryOnlyTargetValid (17991 ns)
    [ PASSED ] CASE: urlRejectsAmbiguousAndUnsafeInputs (86677 ns)
    [ PASSED ] CASE: trailerRejectsRoutingAndFramingFields (234886 ns)
    TCS: HttpProxyPolicyTest, time elapsed: 1133499 ns, RESULT:
    [ PASSED ] CASE: noProxyMatchesDnsBoundariesAndOptionalPorts (204997 ns)
    [ PASSED ] CASE: noProxyMatchesTypedIpLiteralsExactlyAndWildcardExplicitly (123315 ns)
    [ PASSED ] CASE: endpointsRetainDnsIpv4AndIpv6RouteIdentity (36739 ns)
    [ PASSED ] CASE: routeSelectionUsesNoProxyWithoutCallingAuthorizationHook (89533 ns)
    [ PASSED ] CASE: rejectsAmbiguousNoProxyPatternsAndEndpointPorts (61285 ns)
    TCS: HttpRedirectPolicyTest, time elapsed: 1551533 ns, RESULT:
    [ PASSED ] CASE: rewritesPostOn302AndRemovesBodyHeaders (161706 ns)
    [ PASSED ] CASE: stripsSensitiveHeadersOnlyAcrossOrigins (244164 ns)
    [ PASSED ] CASE: rejectsDowngradeLimitAndOneShotReplay (277318 ns)
    [ PASSED ] CASE: resolvesSchemeRelativeAndQueryOnlyLocations (70590 ns)
    [ PASSED ] CASE: resolvesRelativePathsAndRemovesDotSegments (198875 ns)
    TCS: HttpRetryPolicyTest, time elapsed: 829996 ns, RESULT:
    [ PASSED ] CASE: retriesOnlyIdempotentReplayableStructuredFailures (104252 ns)
    [ PASSED ] CASE: explicitSafetyAllowsPostButDisabledAndOneShotFailClosed (83013 ns)
    [ PASSED ] CASE: cancellationDeadlineUnknownAndNeverAreNotRetried (58310 ns)
    [ PASSED ] CASE: goAwayRetriesOnlyDefinitelyUnprocessedSafeReplayableRequests (89170 ns)
    TCS: Http1SseStreamingProfileTest, time elapsed: 3008051975 ns, RESULT:
    [ PASSED ] CASE: http1StreamsWithoutLifetimeAccumulationAndCancels (3007806454 ns)
    TCS: Http2SseStreamingProfileTest, time elapsed: 3031004590 ns, RESULT:
    [ PASSED ] CASE: http2StreamsWithoutLifetimeAccumulationAndPreservesSibling (3030737556 ns)
    TCS: M2005SystemResolverTest, time elapsed: 9540960 ns, RESULT:
    [ PASSED ] CASE: resolvesLocalhostThroughThePublicContract (8575140 ns)
    [ PASSED ] CASE: fixtureReturnsAllCandidatesAndDoesNotInventTtl (21808 ns)
    [ PASSED ] CASE: fixtureAppliesFamilyAndResultBounds (12683 ns)
    [ PASSED ] CASE: fixtureMapsStableErrorsAndRetainsNativeEvidence (10120 ns)
    [ PASSED ] CASE: fixtureCancellationAndDeadlineReturnBeforeNativeCleanup (10499 ns)
    [ PASSED ] CASE: validatesBoundsAndRejectsUseAfterClose (109815 ns)
    TCS: WebSocketHandshakeTest, time elapsed: 40026486 ns, RESULT:
    [ PASSED ] CASE: nativeHttp1UpgradeTransfersFramesAndClosesSession (3586074 ns)
    [ PASSED ] CASE: nativeHttp2ExtendedConnectKeepsSiblingRequestsUsable (36095270 ns)
    TCS: WebSocketConnectionTest, time elapsed: 123802522 ns, RESULT:
    [ PASSED ] CASE: fragmentedUtf8AndAutomaticPongSurviveOneByteTransportReads (221988 ns)
    [ PASSED ] CASE: preCancelledSendPerformsNoIoAndLeavesUntouchedSessionHealthy (97757 ns)
    [ PASSED ] CASE: fragmentedMessageBoundRejectsBeforeWritingAndPreservesProgression (111795 ns)
    [ PASSED ] CASE: roleMaskingAndNonCanonicalLengthFailClosedWithProtocolStatus (167305 ns)
    [ PASSED ] CASE: fragmentedTextRejectsInvalidContinuationAtTheMessageBoundary (75663 ns)
    [ PASSED ] CASE: gracefulCloseEchoesStatusAndCompletesBothOwners (133491 ns)
    [ PASSED ] CASE: handshakeCryptoMatchesRfcVectorAndReturnsCanonicalFreshKeyShape (46672 ns)
    [ PASSED ] CASE: framePayloadIsOwnedAndCloseInputIsStrict (41010 ns)
    [ PASSED ] CASE: boundedDeterministicWireMutationsAreSplitInvariantAndFailClosed (121764524 ns)
Summary: TOTAL: 113
    PASSED: 110, SKIPPED: 3, ERROR: 0
    FAILED: 0
--------------------------------------------------------------------------------------------------
TP: wirestack.internal.trust, time elapsed: 41187548 ns, RESULT:
    TCS: HostnameVerifierTest, time elapsed: 2157873 ns, RESULT:
    [ PASSED ] CASE: exactDnsAndAsciiIdnaALabelMatchCaseInsensitively (315266 ns)
    [ PASSED ] CASE: wildcardMatchesExactlyOneLeftmostLabelOnly (79642 ns)
    [ PASSED ] CASE: invalidOrOverbroadWildcardsAreRejectedAtCertificateBoundary (81605 ns)
    [ PASSED ] CASE: dnsAndIpReferenceIdentitiesNeverCrossMatch (80031 ns)
    [ PASSED ] CASE: subjectAlternativeNameCountIsHardBounded (123640 ns)
    TCS: M3028HostnameFuzzTest, time elapsed: 37494198 ns, RESULT:
    [ PASSED ] CASE: hostnameMutationsHaveDeterministicTypedTerminals (37229692 ns)
    TCS: TrustPolicyTest, time elapsed: 1345074 ns, RESULT:
    [ PASSED ] CASE: nativeX509ParserAcceptsOneExactDerObjectAndRejectsTrailingBytes (408911 ns)
    [ PASSED ] CASE: certificateAndChainLimitsFailBeforeUnboundedParsingOrCopying (220194 ns)
    [ PASSED ] CASE: everyTrustPolicyHasAStableContentIdentityAndNoTrustAllState (282430 ns)
    [ PASSED ] CASE: pinAlgorithmAndScopeAreExplicitAndMalformedPinsFail (18176 ns)
Summary: TOTAL: 10
    PASSED: 10, SKIPPED: 0, ERROR: 0
    FAILED: 0
--------------------------------------------------------------------------------------------------
TP: wirestack.internal.http1, time elapsed: 1509947087 ns, RESULT:
    TCS: HttpAutomaticHttpsClientTest, time elapsed: 6947108 ns, RESULT:
    [ PASSED ] CASE: h2NegotiationMultiplexesTenRequestsOnOneTlsConnection (3497637 ns)
    [ PASSED ] CASE: http11NegotiationFallsBackAndReusesTheAdoptedConnection (2639278 ns)
    TCS: Http1ChunkedCodecTest, time elapsed: 1585567 ns, RESULT:
    [ PASSED ] CASE: decoderStreamsDataExtensionsTrailersAndRemainder (126622 ns)
    [ PASSED ] CASE: decoderHandlesEveryBoundaryOneByteAtATime (54335 ns)
    [ PASSED ] CASE: encoderProducesCanonicalChunksAndBoundedTrailers (58596 ns)
    [ PASSED ] CASE: rejectsInvalidSizeExtensionAndTerminators (67068 ns)
    [ PASSED ] CASE: enforcesBodyChunkLineAndTrailerBounds (53870 ns)
    [ PASSED ] CASE: streamingResponseKeepsEachChunkBoundedWithoutALifetimeCeiling (122914 ns)
    [ PASSED ] CASE: rejectsForbiddenOrFoldedTrailers (58566 ns)
    [ PASSED ] CASE: eofAndPostCompletionUseFailClosedStates (44743 ns)
    [ PASSED ] CASE: decodeBatchesOwnDataAndRemainingBytes (39759 ns)
    TCS: Http1ClientConnectionTest, time elapsed: 24730193 ns, RESULT:
    [ PASSED ] CASE: expectContinueWaitsForApprovalBeforeOpeningBody (872389 ns)
    [ PASSED ] CASE: finalRejectionBeforeContinueNeverOpensRequestBody (558446 ns)
    [ PASSED ] CASE: continueWaitTimeoutSendsBodyUnderTheOriginalBudget (19398776 ns)
    [ PASSED ] CASE: serializesRequestsUntilBodyEofThenReusesConnection (1208515 ns)
    [ PASSED ] CASE: earlyBodyCloseClosesInsteadOfReturningConnectionForReuse (854937 ns)
    [ PASSED ] CASE: connectionCloseResponseIsNeverReusableAfterEof (888211 ns)
    TCS: Http1CleartextClientTest, time elapsed: 2703266 ns, RESULT:
    [ PASSED ] CASE: resolvesConnectsAndReusesOnlyAfterBodyCompletion (2331285 ns)
    [ PASSED ] CASE: rejectsHttpsBeforeDnsOrPoolMutation (69842 ns)
    TCS: Http1ConnectionPoolTest, time elapsed: 2711477 ns, RESULT:
    [ PASSED ] CASE: emitsSecretFreeAcquireAndReleaseLifecycle (276382 ns)
    [ PASSED ] CASE: reusesOnlyTheSameCompleteKey (253762 ns)
    [ PASSED ] CASE: enforcesTotalPerKeyIdleAndWaiterBounds (502412 ns)
    [ PASSED ] CASE: activeWaitHonorsCancellationAndReleasesWaiterSlot (278176 ns)
    [ PASSED ] CASE: evictsExpiredAndClosedConnectionsInsteadOfReusingThem (508245 ns)
    [ PASSED ] CASE: failedCreationRollsBackItsCapacityReservation (261745 ns)
    TCS: Http1HeadParserTest, time elapsed: 1892565 ns, RESULT:
    [ PASSED ] CASE: requestParsesIncrementallyAndReturnsBodyRemainder (148965 ns)
    [ PASSED ] CASE: oneFeedRetainsBytesAfterTheHead (69901 ns)
    [ PASSED ] CASE: responseParsesStatusReasonHeadersAndFraming (115713 ns)
    [ PASSED ] CASE: acceptsOriginAbsoluteAuthorityAndAsteriskFormsOnlyWhereValid (223090 ns)
    [ PASSED ] CASE: rejectsBareLfObsFoldAndInvalidHeaderSyntax (112454 ns)
    [ PASSED ] CASE: requiresOneValidHostAndMatchingAbsoluteAuthority (217979 ns)
    [ PASSED ] CASE: rejectsInvalidTargetVersionAndBoundViolations (112913 ns)
    [ PASSED ] CASE: completedParserCannotBeReused (70806 ns)
    TCS: Http2Streams1BenchmarkTest, time elapsed: 19166405 ns, RESULT:
    [ PASSED ] CASE: benchmarkOneConcurrentStream (18953206 ns)
    TCS: Http2Streams10BenchmarkTest, time elapsed: 99953095 ns, RESULT:
    [ PASSED ] CASE: benchmarkTenConcurrentStreams (99732248 ns)
    TCS: Http2Streams100BenchmarkTest, time elapsed: 1052561823 ns, RESULT:
    [ PASSED ] CASE: benchmarkHundredConcurrentStreams (1052308699 ns)
    TCS: Http1HundredConnectionBaselineTest, time elapsed: 40064215 ns, RESULT:
    [ PASSED ] CASE: benchmarkHundredConcurrentConnections (39795039 ns)
    TCS: Http2ConnectionPoolTest, time elapsed: 2920346 ns, RESULT:
    [ PASSED ] CASE: alpnPrefersH2AndFallsBackOnlyToHttp11 (28837 ns)
    [ PASSED ] CASE: oneConnectionIsSharedUntilPeerStreamCapacityIsFull (334401 ns)
    [ PASSED ] CASE: concurrentFirstUseDoesNotCreateAConnectionStampede (675750 ns)
    [ PASSED ] CASE: newConnectionIsPublishedOnlyAfterItsFirstStreamIsAdmitted (68407 ns)
    [ PASSED ] CASE: closeRacingUnpublishedAdmissionReleasesConnectionOwners (422789 ns)
    [ PASSED ] CASE: completeSecurityKeyPreventsCrossContextReuse (66908 ns)
    [ PASSED ] CASE: drainingConnectionRetainsExistingStreamButReceivesNoNewLease (64671 ns)
    [ PASSED ] CASE: drainingConnectionWaitsForNonLocalOwnersBeforeDiscard (62917 ns)
    [ PASSED ] CASE: fullBoundedPoolHonorsOneCallerDeadline (66218 ns)
    [ PASSED ] CASE: poolCloseAbortsEverySharedConnectionExactlyOnce (54299 ns)
    TCS: Http1FramingTest, time elapsed: 1051236 ns, RESULT:
    [ PASSED ] CASE: requestUsesOneSharedEmptyLengthOrChunkedDecision (62902 ns)
    [ PASSED ] CASE: identicalContentLengthsAreAcceptedAcrossFieldsAndLists (25432 ns)
    [ PASSED ] CASE: conflictingOrInvalidContentLengthsAreRejected (96267 ns)
    [ PASSED ] CASE: contentLengthAndTransferEncodingNeverCoexist (37259 ns)
    [ PASSED ] CASE: ambiguousTransferEncodingIsRejected (92725 ns)
    [ PASSED ] CASE: responseHandlesHeadStatusesConnectAndCloseDelimiting (68370 ns)
    [ PASSED ] CASE: bodylessAndSuccessfulConnectResponsesRejectFramingFields (59800 ns)
    TCS: HttpConnectionPoolKeyTest, time elapsed: 341272 ns, RESULT:
    [ PASSED ] CASE: canonicalOriginProducesStableEqualityAndHash (16579 ns)
    [ PASSED ] CASE: everySecurityAndRouteDimensionPartitionsReuse (27225 ns)
    [ PASSED ] CASE: refusesIncompletePartitionIdentities (18338 ns)
    TCS: Http1ProxyClientPipelineTest, time elapsed: 5161778 ns, RESULT:
    [ PASSED ] CASE: dynamicConnectCredentialsNeverReuseAnAuthenticatedTunnel (3863242 ns)
    [ PASSED ] CASE: rejectedConnectDrainsClosesAndReturnsStructuredNonRetryableFailure (1014890 ns)
    TCS: Http1RequestWriterTest, time elapsed: 2490445 ns, RESULT:
    [ PASSED ] CASE: twoStageWriterDoesNotOpenBodyBeforeExplicitCommit (567026 ns)
    [ PASSED ] CASE: writesFixedBodyThroughPartialTransportOperations (345406 ns)
    [ PASSED ] CASE: streamsUnknownLengthBodyAsCanonicalChunks (415510 ns)
    [ PASSED ] CASE: rejectsDeclaredMismatchBeforeWritingAnything (92041 ns)
    [ PASSED ] CASE: prematureBodyEofRetainsPartialCommitEvidence (323599 ns)
    [ PASSED ] CASE: emptyFramingProbesSourceInsteadOfDroppingUnexpectedBytes (96526 ns)
    TCS: Http1ResponseReaderTest, time elapsed: 9574247 ns, RESULT:
    [ PASSED ] CASE: explicitUpgradeTransfersOnlyAMatching101Protocol (1310546 ns)
    [ PASSED ] CASE: mismatchedUpgradeResponseFailsClosed (420219 ns)
    [ PASSED ] CASE: explicitConnectTransfersBufferedTunnelBytesAndTransportOwnership (360346 ns)
    [ PASSED ] CASE: failedConnectRemainsAnHttpResponseAndClosesAfterBody (629471 ns)
    [ PASSED ] CASE: readsInterimAndFixedResponseWithoutBufferingTheBody (375094 ns)
    [ PASSED ] CASE: received4xxAnd5xxRemainHttpResponses (1748176 ns)
    [ PASSED ] CASE: decodesChunkedResponseAndPublishesTrailerAtEof (436321 ns)
    [ PASSED ] CASE: closeDelimitedBodyCompletesOnlyAtTransportEof (695162 ns)
    [ PASSED ] CASE: chunkedStreamingResponseMayExceedThePerSegmentBodyBound (891043 ns)
    [ PASSED ] CASE: prematureFixedBodyEofAbandonsResponseExactlyOnce (883493 ns)
    [ PASSED ] CASE: rejectsImplicitUpgradeAndConnectTransportTransfer (548507 ns)
    TCS: Http1SerializerTest, time elapsed: 1931377 ns, RESULT:
    [ PASSED ] CASE: clientRequestAddsHostAndUsesOriginForm (146092 ns)
    [ PASSED ] CASE: forwardProxyRequestUsesAbsoluteFormAndOriginHost (157591 ns)
    [ PASSED ] CASE: requestPreservesOrderedMultipleFieldsAndLengthFraming (124767 ns)
    [ PASSED ] CASE: requestRejectsMissingDuplicateOrMismatchedHost (110001 ns)
    [ PASSED ] CASE: responseSerializesStatusAndUsesSharedFraming (38066 ns)
    [ PASSED ] CASE: responseRejectsInjectionAndForbiddenBodyFraming (74108 ns)
    [ PASSED ] CASE: writerHandlesPartialTransportWritesUnderOneContext (174263 ns)
    [ PASSED ] CASE: serializedBytesAreDefensiveCopies (103099 ns)
    TCS: Http1ServerConnectionTest, time elapsed: 5424890 ns, RESULT:
    [ PASSED ] CASE: serializesTwoKeepAliveExchanges (2313164 ns)
    [ PASSED ] CASE: unreadRequestBodyForcesConnectionCloseAfterResponse (568246 ns)
    [ PASSED ] CASE: handlerFailureProducesBounded500AndCloses (492866 ns)
    [ PASSED ] CASE: rejectedHandoffReleasesSessionOwnershipExactlyOnce (795471 ns)
    [ PASSED ] CASE: selectedUpgradeOfferTransfersBufferedSessionBytes (592492 ns)
    TCS: Http1ServerRequestReaderTest, time elapsed: 11072333 ns, RESULT:
    [ PASSED ] CASE: streamsFixedRequestBodyWithoutReadingPastItsLength (393524 ns)
    [ PASSED ] CASE: rejectsOversizedFixedRequestBeforeReadingItsBody (446212 ns)
    [ PASSED ] CASE: decodesChunkedRequestAndPublishesTrailer (620018 ns)
    [ PASSED ] CASE: sendsContinueOnlyWhenHandlerStartsReadingTheBody (8432786 ns)
    [ PASSED ] CASE: rejectingWithoutReadingNeverSendsContinue (556630 ns)
    TCS: Http1ServerTest, time elapsed: 29094054 ns, RESULT:
    [ PASSED ] CASE: shutdownAbortsConnectionBlockedInsideTlsHandshake (8721887 ns)
    [ PASSED ] CASE: acceptSideTlsHookOwnsConnectionAndClosesAfterShutdown (725545 ns)
    [ PASSED ] CASE: gracefulShutdownStopsAcceptAfterCompletedConnection (539565 ns)
    [ PASSED ] CASE: expiredShutdownAbortsBlockedConnectionAndReturnsBoundedly (8378982 ns)
    [ PASSED ] CASE: connectionLimitPreventsSecondAcceptUntilCapacityReturns (9873881 ns)
    TCS: Http1ServerResponseWriterTest, time elapsed: 2024883 ns, RESULT:
    [ PASSED ] CASE: writesFixedResponseThroughPartialTransportOperations (324956 ns)
    [ PASSED ] CASE: streamsChunkedResponseAndTrailer (323837 ns)
    [ PASSED ] CASE: chunkedStreamingResponseMayExceedThePerSegmentBodyBound (299270 ns)
    [ PASSED ] CASE: headResponseNeverTransfersRepresentationBytes (127742 ns)
    [ PASSED ] CASE: closeDelimitedResponseRequiresConnectionClose (275370 ns)
    [ PASSED ] CASE: rejectsKnownLengthMismatchBeforeCommittingHead (70231 ns)
    TCS: Http1SmugglingCorpusTest, time elapsed: 71352835 ns, RESULT:
    [ PASSED ] CASE: clientAndServerFramingRejectTheSameAmbiguousHeaderCorpus (1542635 ns)
    [ PASSED ] CASE: identicalLengthsAndOneFinalChunkedCodingRemainUnambiguous (511065 ns)
    [ PASSED ] CASE: rejectsWhitespaceTargetAndProxyDifferentialCorpus (501633 ns)
    [ PASSED ] CASE: rejectsMalformedChunkAndTrailerCorpusAtInputOrEof (130080 ns)
    [ PASSED ] CASE: everyAcceptedSingleByteMutationHasACanonicalReparse (61579419 ns)
    [ PASSED ] CASE: chunkedMutationsHaveDeterministicBoundedTerminals (2219964 ns)
    [ PASSED ] CASE: validHeadParsesAtEveryTransportSplitBoundary (3928935 ns)
    TCS: Http1HttpsClientTest, time elapsed: 2209933 ns, RESULT:
    [ PASSED ] CASE: partitionsHandshakesAndReusesHttpsAfterBodyCompletion (1359522 ns)
    [ PASSED ] CASE: zeroLengthConnectionCloseDoesNotWaitForTlsPeerShutdown (558211 ns)
    TCS: Http1TlsServerTest, time elapsed: 110605562 ns, RESULT:
    [ PASSED ] CASE: alpnServerRejectsAClientWithNoSharedHttpProtocol (47624688 ns)
    [ PASSED ] CASE: automaticClientOffersH2FirstAndFallsBackToServerHttp11 (19489508 ns)
    [ PASSED ] CASE: requiredMutualTlsCarriesAuthenticatedHttp1Exchange (23290795 ns)
    [ PASSED ] CASE: realAwsLcHandshakeCarriesOneHttp1Exchange (19371499 ns)
Summary: TOTAL: 121
    PASSED: 118, SKIPPED: 3, ERROR: 0
    FAILED: 0
--------------------------------------------------------------------------------------------------
TP: wirestack.internal.transport_stdnet, time elapsed: 219668712 ns, RESULT:
    TCS: StdNetTransportListenerTest, time elapsed: 91447881 ns, RESULT:
    [ PASSED ] CASE: listenerRejectsOutOfRangeBacklogBeforeBinding (206218 ns)
    [ PASSED ] CASE: listenerPreCancelledAndExpiredAcceptsFailFast (157518 ns)
    [ PASSED ] CASE: listenerDeadlineBoundsBlockedAcceptAndListenerRemainsUsable (38940674 ns)
    [ PASSED ] CASE: listenerCancellationWakesActiveAcceptAndListenerRemainsUsable (40068576 ns)
    [ PASSED ] CASE: listenerCloseWakesActiveAcceptWithStructuredErrorAndIsIdempotent (10945772 ns)
    TCS: M123TransportDiagnosticsTest, time elapsed: 932767 ns, RESULT:
    [ PASSED ] CASE: stdNetReportsRuntimeEndpointsAndCapabilitiesWithoutGuessingIoBackend (420525 ns)
    [ PASSED ] CASE: deterministicTransportUsesTheSameProviderNeutralContract (57743 ns)
    TCS: M127BackgroundFastPathTest, time elapsed: 35639575 ns, RESULT:
    [ PASSED ] CASE: backgroundAndObservedPathsTransferEquivalentData (375690 ns)
    [ PASSED ] CASE: backgroundPeerCloseRemainsEof (247822 ns)
    [ PASSED ] CASE: backgroundLocalCloseRaceRemainsClosed (1345961 ns)
    [ PASSED ] CASE: backgroundStillRejectsConcurrentReaders (1332524 ns)
    [ PASSED ] CASE: cancellableAndDeadlineContextsRetainGenericChecks (369727 ns)
    [ PASSED ] CASE: deadlineTimeoutIsClearedBeforeBackgroundRead (30548854 ns)
    TCS: Net06CancellationGateTest, time elapsed: 7879910 ns, RESULT:
    [ PASSED ] CASE: cancelledReadsReleaseSocketsWaitersAndTasks (7345164 ns)
    TCS: StdNetTransportTest, time elapsed: 80011460 ns, RESULT:
    [ PASSED ] CASE: writeSomeIsPartialAndReusesBoundedConnectionStaging (773362 ns)
    [ PASSED ] CASE: wholeArrayReadAndWriteBypassStagingForATypicalTlsRecord (4516943 ns)
    [ PASSED ] CASE: subrangesRetainBoundedStagingAndCopyAccounting (420880 ns)
    [ PASSED ] CASE: connectsByResolvedIpAndTransfersBothDirections (334059 ns)
    [ PASSED ] CASE: emptyOperationsAreImmediate (368460 ns)
    [ PASSED ] CASE: unsupportedHalfClosePreservesBothDirections (531455 ns)
    [ PASSED ] CASE: cancellationAbortRemainsNativeOwnerAfterLaterClose (1360322 ns)
    [ PASSED ] CASE: listenerCloseWakesBlockedAcceptAsClosed (1198590 ns)
    [ PASSED ] CASE: cancellingOneAcceptLeavesListenerReusable (29288578 ns)
    [ PASSED ] CASE: preCancelledConnectDoesNotCreateASocket (92819 ns)
    [ PASSED ] CASE: peerGracefulCloseIsReportedAsEof (245780 ns)
    [ PASSED ] CASE: deadlineBoundsBlockedReadWithoutClosingConnection (30546334 ns)
    [ PASSED ] CASE: localCloseMapsBlockedReadWithStableEvidence (1414290 ns)
    [ PASSED ] CASE: explicitAbortWakesBlockedReadWithStableEvidence (1265671 ns)
    [ PASSED ] CASE: gracefulNativeCloseRemainsGracefulAfterLaterAbort (232242 ns)
    [ PASSED ] CASE: explicitAbortRemainsNativeOwnerAfterLaterClose (347735 ns)
    [ PASSED ] CASE: unknownConnectFailureMapsWithoutMessageOrNativeCode (222416 ns)
    [ PASSED ] CASE: concurrentReadsFailWithoutDisturbingTheActiveRead (1317139 ns)
    [ PASSED ] CASE: happyEyeballsComposesWithTheDefaultStdNetFactory (532342 ns)
Summary: TOTAL: 50
    PASSED: 33, SKIPPED: 17, ERROR: 0
    FAILED: 0
--------------------------------------------------------------------------------------------------
TP: wirestack.internal.connector, time elapsed: 15716278 ns, RESULT:
    TCS: AttemptPlanTest, time elapsed: 2186342 ns, RESULT:
    [ PASSED ] CASE: alternatesFamiliesAndPreservesFamilyOrder (355952 ns)
    [ PASSED ] CASE: firstFamilyControlsPreferenceAndDuplicatesAreRemoved (85056 ns)
    [ PASSED ] CASE: distinctIpv6ZonesAreNotDeduplicated (41562 ns)
    [ PASSED ] CASE: rejectsEmptyCandidatesAndNegativeDelay (64299 ns)
    TCS: HappyEyeballsConnectorTest, time elapsed: 10528760 ns, RESULT:
    [ PASSED ] CASE: emitsCompleteDnsAttemptAndConnectedLifecycle (342450 ns)
    [ PASSED ] CASE: blackholedFirstCandidateIsCancelledAndJoinedBeforeReturn (7229703 ns)
    [ PASSED ] CASE: ipv6FirstSuccessSkipsLaterIpv4Attempt (303647 ns)
    [ PASSED ] CASE: simultaneousSuccessKeepsOneWinnerAndAbortsEveryLoser (299119 ns)
    [ PASSED ] CASE: allFailuresAreJoinedAndRetainedAsDiagnostics (149249 ns)
    [ PASSED ] CASE: preCancelledParentStartsNeitherDnsNorAttempts (62003 ns)
    [ PASSED ] CASE: parentCancellationAfterSuccessPreventsWinnerPublication (175796 ns)
    [ PASSED ] CASE: deadlineAtSuccessBoundaryPreventsWinnerPublication (180240 ns)
    TCS: ConnectionRouteTest, time elapsed: 2742649 ns, RESULT:
    [ PASSED ] CASE: directRouteRetainsItsLocalOriginResolver (168522 ns)
    [ PASSED ] CASE: explicitProxySeparatesOriginAndProxyDns (73770 ns)
    [ PASSED ] CASE: typedIpTargetsNeverCarryResolvers (120519 ns)
    [ PASSED ] CASE: rejectsDelegatedDnsWithoutAnOwningProxyAndInvalidConnectTargets (147417 ns)
    [ PASSED ] CASE: networkAndTlsParametersAreBoundedAndOwned (1019934 ns)
Summary: TOTAL: 17
    PASSED: 17, SKIPPED: 0, ERROR: 0
    FAILED: 0
--------------------------------------------------------------------------------------------------
TP: wirestack.internal.common, time elapsed: 3585553 ns, RESULT:
    TCS: EndpointTest, time elapsed: 2282780 ns, RESULT:
    [ PASSED ] CASE: acceptsTypedIpv4AndIpv6WithoutDns (336329 ns)
    [ PASSED ] CASE: addressOwnsAnImmutableOctetSnapshot (28777 ns)
    [ PASSED ] CASE: rejectsWrongLengthsAndIpv4Zones (62682 ns)
    [ PASSED ] CASE: ipv6ZoneAndPortBoundariesRemainTypedIdentity (30938 ns)
    [ PASSED ] CASE: rejectsEmptyAndOversizedIpv6Zones (48234 ns)
    TCS: HostNameTest, time elapsed: 1174150 ns, RESULT:
    [ PASSED ] CASE: canonicalizesAsciiCaseAndOneRootDot (60175 ns)
    [ PASSED ] CASE: rejectsAmbiguousOrInvalidDnsNames (165538 ns)
    [ PASSED ] CASE: acceptsAsciiALabelAndExactDnsLengthBoundaries (97486 ns)
    [ PASSED ] CASE: rejectsOneByteBeyondLabelAndHostLimits (58802 ns)
Summary: TOTAL: 9
    PASSED: 9, SKIPPED: 0, ERROR: 0
    FAILED: 0
--------------------------------------------------------------------------------------------------
TP: wirestack.internal.tls_engine, time elapsed: 23618256664 ns, RESULT:
    TCS: TlsConnectionTest, time elapsed: 52411128 ns, RESULT:
    [ PASSED ] CASE: handshakeTransfersOwnershipAndPlaintextIoUsesTheEngine (2204619 ns)
    [ PASSED ] CASE: oneReadAndOneWriteMayOverlapButSecondReadFailsImmediately (1737896 ns)
    [ PASSED ] CASE: handshakeFailureAbortsTransportAndReleasesEngineExactlyOnce (144714 ns)
    [ PASSED ] CASE: expiredHandshakeDeadlineStillConsumesAndAbortsBothInputs (142511 ns)
    [ PASSED ] CASE: ioFailureAbortsAndRepeatedTerminalCallsDoNotReleaseTwice (1037559 ns)
    [ PASSED ] CASE: unsupportedHalfCloseDoesNotMutateAnOpenConnection (236567 ns)
    [ PASSED ] CASE: concurrentCloseAndAbortReleaseUnderlyingResourcesOnce (14203405 ns)
    [ PASSED ] CASE: gracefulCloseSendsAndProcessesCloseNotifyBeforeReleasingResources (276642 ns)
    [ PASSED ] CASE: tcpEofDuringGracefulCloseRetainsTruncationAndStillReleasesEverything (262045 ns)
    [ PASSED ] CASE: expiredCloseBudgetStillClosesTransportAndReleasesEngine (306539 ns)
    [ PASSED ] CASE: abortNeverAttemptsTlsShutdownAndRetainsLocalAbortEvidence (134850 ns)
    [ PASSED ] CASE: cancelledCloseReleasesEngineWhenImmediateAbortCallbackThrows (321994 ns)
    [ PASSED ] CASE: tcpEofDuringApplicationReadRetainsTruncationBeforeAbort (993564 ns)
    [ PASSED ] CASE: peerCloseNotifyProducesEofEvidenceAndRejectsNewApplicationWrites (932189 ns)
    [ PASSED ] CASE: closeDeadlineExpiresWhileAnExistingBackgroundReadOwnsPumpAdmission (22956190 ns)
    [ PASSED ] CASE: closeCancellationInterruptsAnExistingBackgroundReadWithinTheBound (938313 ns)
    [ PASSED ] CASE: closeCancellationDoesNotWaitBehindAnExistingCiphertextWrite (875387 ns)
    TCS: Net06TlsTransportCleanupGateTest, time elapsed: 4188189 ns, RESULT:
    [ PASSED ] CASE: failedHandshakesDisposeEngineAndTransportExactlyOnce (3685859 ns)
    TCS: TlsContextTest, time elapsed: 8694385 ns, RESULT:
    [ PASSED ] CASE: linuxCapabilitiesAreExplicitAndNeverInferredFromProviderNames (38486 ns)
    [ PASSED ] CASE: defaultSystemTrustFailsAtBuildUntilLinuxAdapterIsAvailable (202502 ns)
    [ PASSED ] CASE: modernClientContextIsImmutableAndConcurrentShareable (926414 ns)
    [ PASSED ] CASE: strictTls13RejectsAnyTls12Override (346127 ns)
    [ PASSED ] CASE: missingTls13AndHttp2CapabilitiesFailBeforeHandshake (265118 ns)
    [ PASSED ] CASE: alpnRejectsEmptyAndDuplicateProtocolNames (1250207 ns)
    [ PASSED ] CASE: serverRequiresServerIdentityAndMtlSTrustAtBuildTime (2096110 ns)
    [ PASSED ] CASE: clientIdentityCapabilityIsValidatedAtBuildTime (1503760 ns)
    TCS: TlsEnginePumpTest, time elapsed: 298058539 ns, RESULT:
    [ PASSED ] CASE: awsLcClientEngineProducesAClientHelloWithoutSocketIo (42408874 ns)
    [ PASSED ] CASE: strictTls13PolicyIsAcceptedByTheNativeEngine (112627 ns)
    [ PASSED ] CASE: LinuxSystemTrustLoadsExplicitlyAndSniStaysSeparateFromReferenceIdentity (15102304 ns)
    [ PASSED ] CASE: customRootChainIsLoadedIntoARealAwsLcClientEngine (408138 ns)
    [ PASSED ] CASE: spkiPinPolicyConfiguresTheNativeVerificationPathBeforeHandshake (162061 ns)
    [ PASSED ] CASE: matchingSpkiPinCompletesARealClientServerHandshake (10706162 ns)
    [ PASSED ] CASE: matchingSpkiPinDoesNotBypassReferenceIdentityVerification (10092890 ns)
    [ PASSED ] CASE: realAwsLcEnginesExchangeCloseNotifyInBothDirections (15504487 ns)
    [ PASSED ] CASE: handshakeInfoReportsNegotiatedAlpnPeerChainAndVerificationEvidence (12027043 ns)
    [ PASSED ] CASE: tls13TicketResumesAcrossFreshEnginesWithoutEarlyData (14411445 ns)
    [ PASSED ] CASE: tls12TicketResumesAcrossFreshEngines (12132150 ns)
    [ PASSED ] CASE: sniSelectsTheCompleteImmutableContextAndItsCertificate (16489142 ns)
    [ PASSED ] CASE: sniSelectorRejectsMissingAndUnknownNamesWithStableEvidence (16445857 ns)
    [ PASSED ] CASE: noSharedAlpnFailsTheHandshakeInsteadOfSilentlySelectingNothing (10796687 ns)
    [ PASSED ] CASE: requiredMutualTlsUsesClientIdentityAndReturnsServerVerificationEvidence (13612050 ns)
    [ PASSED ] CASE: requiredMutualTlsRejectsMissingClientIdentityButOptionalAllowsIt (12150844 ns)
    [ PASSED ] CASE: mismatchedSpkiPinFailsARealClientServerHandshake (9071662 ns)
    [ PASSED ] CASE: externalSignerCompletesARealHandshakeOutsideTheNativeCallback (15746977 ns)
    [ PASSED ] CASE: externalSignerExceptionFailsClosedWithoutCrossingTheCAbi (8437362 ns)
    [ PASSED ] CASE: cancellationBeforeSignerInvocationFailsThePendingNativeOperation (8930511 ns)
    [ PASSED ] CASE: tls12ContextVersionsPartitionRealClientAndServerSessions (27286432 ns)
    [ PASSED ] CASE: tls13ContextVersionsPartitionRealClientAndServerTickets (20812314 ns)
    [ PASSED ] CASE: pumpHandlesWantReadWriteAndPartialIoWithBoundedBuffers (64598 ns)
    [ PASSED ] CASE: wantWriteWithoutCiphertextFailsInsteadOfSpinning (80531 ns)
    [ PASSED ] CASE: eofDuringWantReadRetainsTlsHandshakeEvidence (81905 ns)
    [ PASSED ] CASE: preCancellationStopsBeforeCallingProviderOrTransport (82003 ns)
    [ PASSED ] CASE: expiredDeadlineStopsBeforeCallingProviderOrTransport (69131 ns)
    TCS: LocalIdentityTest, time elapsed: 8757786 ns, RESULT:
    [ PASSED ] CASE: pkcs8InputIsExactBoundedAndZeroizable (536939 ns)
    [ PASSED ] CASE: pkcs8FileAdapterReadsOneBoundedRegularFile (514620 ns)
    [ PASSED ] CASE: localIdentityValidatesLeafKeyMatchAndHasStablePublicIdentity (3856662 ns)
    [ PASSED ] CASE: mismatchedCertificateAndPrivateKeyFailAtIdentityBuild (1670380 ns)
    [ PASSED ] CASE: externalSignerAndSystemHandleShareOneOpaqueKeyContract (629975 ns)
    [ PASSED ] CASE: duplicateSignerAlgorithmsAndMismatchedSpkiFailAtBuild (552339 ns)
    TCS: M3028TlsFuzzTest, time elapsed: 23242596193 ns, RESULT:
    [ PASSED ] CASE: recordMutationsHaveDeterministicTypedTerminals (9206231715 ns)
    [ PASSED ] CASE: handshakeMutationsHaveDeterministicTypedTerminals (9088307425 ns)
    [ PASSED ] CASE: certificateAdapterMutationsHaveDeterministicTypedTerminals (4947357883 ns)
    TCS: TlsM8006ContextTest, time elapsed: 1565396 ns, RESULT:
    [ PASSED ] CASE: sessionPartitionsRetainOnlyTheMatchingContextVersion (35521 ns)
    [ PASSED ] CASE: decryptorRequiresProviderCapabilityAndRsaExternalIdentity (1131302 ns)
    [ PASSED ] CASE: keyLogSinkRequiresExplicitProviderCapability (49588 ns)
    TCS: TlsProviderSubstitutionTest, time elapsed: 744274 ns, RESULT:
    [ PASSED ] CASE: testProviderUsesTheProductionFactoryContract (223098 ns)
    [ PASSED ] CASE: objectsFromDifferentProviderInstancesCannotMix (206542 ns)
    [ PASSED ] CASE: activeEngineRetainsProviderUntilItCloses (15451 ns)
    TCS: TlsSessionStoreTest, time elapsed: 268061 ns, RESULT:
    [ PASSED ] CASE: boundedLruExpiryAndSingleUseAreDeterministic (23008 ns)
    [ PASSED ] CASE: everySecurityPartitionDimensionPreventsReuse (41546 ns)
Summary: TOTAL: 70
    PASSED: 70, SKIPPED: 0, ERROR: 0
    FAILED: 0
--------------------------------------------------------------------------------------------------
TP: wirestack.internal.http2, time elapsed: 3244683091 ns, RESULT:
    TCS: Http2ClientConnectionTest, time elapsed: 167661495 ns, RESULT:
    [ PASSED ] CASE: encodedHeaderFailureClosesTheConnection (1073271 ns)
    [ PASSED ] CASE: tenConcurrentRequestsShareOneConnectionAndMapOutOfOrderResponses (2210002 ns)
    [ PASSED ] CASE: claimedStreamsPublishInitialHeadersInStreamIdOrder (2363943 ns)
    [ PASSED ] CASE: cancelledUnpublishedStreamDoesNotBlockNextClaim (1578816 ns)
    [ PASSED ] CASE: declaredLengthDoesNotReleaseStreamBeforeWireEndStream (625057 ns)
    [ PASSED ] CASE: streamsRequestBodyThroughFlowControlledDataAndEndsLocallyOnce (915241 ns)
    [ PASSED ] CASE: peerResetFailsOnlyItsStreamAndConnectionRemainsUsable (2220923 ns)
    [ PASSED ] CASE: peerGoAwayDrainsConnectionWithoutFailingAcceptedStream (1061274 ns)
    [ PASSED ] CASE: connectedStreamOutlivesHandshakeCancellationAndUsesOperationContexts (3033474 ns)
    [ PASSED ] CASE: contextlessHalfCloseDoesNotWaitForBlockedConnectionWriter (2917540 ns)
    [ PASSED ] CASE: halfCloseOrdersEndAfterAdmittedFlowControlledWrite (11141857 ns)
    [ PASSED ] CASE: gracefulCloseOrdersEndAfterAdmittedFlowControlledWrite (9876403 ns)
    [ PASSED ] CASE: gracefulCloseDeadlineStopsAdmittedFlowControlledWrite (109888281 ns)
    [ PASSED ] CASE: queuedHalfCloseCancellationDoesNotWaitForConnectionWriter (9973368 ns)
    [ PASSED ] CASE: rejectedConnectReturnsFullResponseAndClosesRequestDirection (1728135 ns)
    [ PASSED ] CASE: enabledPushAttachesBoundedCallerDrivenResponses (4041831 ns)
    TCS: Http2ClientMappingTest, time elapsed: 4808055 ns, RESULT:
    [ PASSED ] CASE: requestMapsOrderedPseudoFieldsAuthorityAndSensitiveHeaders (117726 ns)
    [ PASSED ] CASE: connectUsesOnlyMethodAndAuthorityPseudoFields (52907 ns)
    [ PASSED ] CASE: connectStreamMappingKeepsBothDataDirectionsOpen (92437 ns)
    [ PASSED ] CASE: requestRejectsAuthorityFramingAndConnectionAmbiguity (472025 ns)
    [ PASSED ] CASE: requestHeaderListHonorsHttp2BoundsBeforeHpackMutation (181014 ns)
    [ PASSED ] CASE: requestBodyProvesEofBeforeOneTerminalTrailerBlock (325615 ns)
    [ PASSED ] CASE: requestBodyRejectsPrematureEofAndConfiguredOverflow (178423 ns)
    [ PASSED ] CASE: responseMapsInformationalFinalDataAndTrailersInOrder (144769 ns)
    [ PASSED ] CASE: responseRejectsPseudoOrderCaseAndConnectionFieldsAsStreamErrors (90049 ns)
    [ PASSED ] CASE: responseRejectsInvalidStatusAndTooManyInformationalHeads (287864 ns)
    [ PASSED ] CASE: responseContentLengthMustMatchExactlyAtEndStream (199153 ns)
    [ PASSED ] CASE: streamingResponseMayExceedTheConfiguredRequestBodyBound (27919 ns)
    [ PASSED ] CASE: bodylessAndConnectResponseRulesAreExplicit (201333 ns)
    [ PASSED ] CASE: responseTrailersRequireFinalEndStreamAndRegularAllowedFields (139695 ns)
    [ PASSED ] CASE: promisedRequestValidationPrecedesApplicationPolicy (174085 ns)
    TCS: Http2ClientPushOwnershipTest, time elapsed: 1031249 ns, RESULT:
    [ PASSED ] CASE: resetLostOfferIsClosedAndNextOfferRemainsDeliverable (168849 ns)
    [ PASSED ] CASE: parentCancellationStopsTransferredStalledBodyWithoutCancellingIndependentSibling (224996 ns)
    [ PASSED ] CASE: expiredParentAbsoluteDeadlineStillGovernsTransferredBodyAfterHeaders (188077 ns)
    TCS: Http2ConformanceTest, time elapsed: 5651784 ns, RESULT:
    [ PASSED ] CASE: invalidFrameOrderMatrixFailsAtConnectionScope (403942 ns)
    [ PASSED ] CASE: continuationSequenceCompletesOnlyOnEndHeaders (150982 ns)
    [ PASSED ] CASE: rstStreamAndGoAwayRaceCompletesOwnerOnceAndCleansRegistrations (4557875 ns)
    TCS: Http2ConnectionStateMachineTest, time elapsed: 5998108 ns, RESULT:
    [ PASSED ] CASE: clientStartEmitsMagicAndSettingsThenPeerSettingsOpens (31426 ns)
    [ PASSED ] CASE: serverConsumesIncrementalMagicBeforeItsFirstSettings (47478 ns)
    [ PASSED ] CASE: invalidOrIncompletePrefaceFailsOnceWithProtocolEvidence (64123 ns)
    [ PASSED ] CASE: firstPeerFrameMustBeNonAcknowledgementSettings (56483 ns)
    [ PASSED ] CASE: openConnectionAppliesSettingsAndCompletesHeaderBlocks (51485 ns)
    [ PASSED ] CASE: peerGoAwayDrainsAndMayOnlyNarrowItsBoundary (69375 ns)
    [ PASSED ] CASE: localDrainUsesProcessedPeerBoundaryAndNeverIncreases (63984 ns)
    [ PASSED ] CASE: racingFinishTransitionsAndPublishesCompletionExactlyOnce (4620260 ns)
    TCS: Http2DeterministicFuzzTest, time elapsed: 63954959 ns, RESULT:
    [ PASSED ] CASE: frameParserDeterministicMutationCorpusStaysBounded (4344721 ns)
    [ PASSED ] CASE: hpackDecoderDeterministicMutationCorpusFailsClosed (59039397 ns)
    [ PASSED ] CASE: protocolLimitBoundaryMutationsRejectOversizedInputs (58198 ns)
    TCS: Http2FlowControllerTest, time elapsed: 2779825325 ns, RESULT:
    [ PASSED ] CASE: windowUpdateCodecIgnoresReservedBitAndRejectsZeroByScope (32493 ns)
    [ PASSED ] CASE: reservationsRespectConnectionStreamAndPeerFrameCredit (46775 ns)
    [ PASSED ] CASE: settingsShrinkPausesReservedDataAndCancellationReleasesIt (44249 ns)
    [ PASSED ] CASE: streamWindowUpdateWakesAReservedPermitAfterSettingsShrink (30496 ns)
    [ PASSED ] CASE: concurrentTryReserveNeverOvercommitsOneStream (411301 ns)
    [ PASSED ] CASE: receiveCreditReturnsOnlyAfterApplicationConsumption (41387 ns)
    [ PASSED ] CASE: smallReceiveReadsCoalesceWindowUpdates (110670 ns)
    [ PASSED ] CASE: stalledConnectionCreditFlushesOnceWithoutChangingSmallReadCoalescing (21920 ns)
    [ PASSED ] CASE: leastRecentlyServedStreamsReceiveCreditBeforeThePreviousOwner (2777390877 ns)
    [ PASSED ] CASE: connectionSendWindowIsSharedAcrossStreams (39879 ns)
    [ PASSED ] CASE: connectionAndStreamWindowViolationsHaveCorrectScope (32609 ns)
    [ PASSED ] CASE: settingsAndWindowOverflowFailAtomically (48448 ns)
    [ PASSED ] CASE: streamCleanupCancelsPermitsAndRestoresOnlyConnectionReceiveCredit (37069 ns)
    [ PASSED ] CASE: dataAccountingUsesTheEntireFramePayload (19711 ns)
    TCS: Http2FrameCodecTest, time elapsed: 792649 ns, RESULT:
    [ PASSED ] CASE: everyRequiredFrameEnvelopeRoundTrips (70557 ns)
    [ PASSED ] CASE: parserAcceptsEverySingleByteBoundaryAndMultipleFrames (36420 ns)
    [ PASSED ] CASE: incompleteInputStaysBoundedUntilCompletion (17656 ns)
    [ PASSED ] CASE: oversizedFrameFailsBeforePayloadBufferingAndParserBecomesTerminal (21773 ns)
    [ PASSED ] CASE: reservedBitIsIgnoredOnReadAndClearedOnWrite (12595 ns)
    [ PASSED ] CASE: unknownFramesAndFlagsRoundTripWithoutInterpretation (17563 ns)
    [ PASSED ] CASE: transportWriterHandlesRepeatedPartialWrites (23154 ns)
    TCS: Http2FrameModelTest, time elapsed: 606911 ns, RESULT:
    [ PASSED ] CASE: frameAndErrorCodesRoundTripIncludingExtensions (19543 ns)
    [ PASSED ] CASE: streamIdentifierIgnoresReservedBitAndKeepsThirtyOneBits (7477 ns)
    [ PASSED ] CASE: limitsAreExplicitAndFrameSizeIsBounded (27673 ns)
    [ PASSED ] CASE: fixedFrameShapesAndStreamScopesAreValidated (25899 ns)
    [ PASSED ] CASE: settingsRejectInvalidProtocolValuesButRetainExtensions (20524 ns)
    [ PASSED ] CASE: unknownFlagsAndFramesRemainForwardCompatible (7892 ns)
    TCS: Http2GoAwayManagerTest, time elapsed: 3384097 ns, RESULT:
    [ PASSED ] CASE: peerBoundaryRetiresOnlyDefinitelyUnprocessedStreams (111240 ns)
    [ PASSED ] CASE: narrowingBoundaryWakesEachNewlyExcludedOwnerExactlyOnce (57980 ns)
    [ PASSED ] CASE: localDrainQueuesGoAwayAndStopsAdmissionBeforeWriterRuns (45920 ns)
    [ PASSED ] CASE: fabricatedReceiveResultCannotDrainAnOpenCoordinator (39407 ns)
    [ PASSED ] CASE: racingAdmissionAndGoAwayNeverLeavesAnExcludedStreamActive (2640145 ns)
    TCS: Http2HeaderBlockAssemblerTest, time elapsed: 738209 ns, RESULT:
    [ PASSED ] CASE: sameStreamContinuationsAssembleInExactOrder (20966 ns)
    [ PASSED ] CASE: continuationWithoutStartWrongStreamAndInterleavingFailConnection (49503 ns)
    [ PASSED ] CASE: paddingAndPriorityOverheadAreExcludedFromHeaderBytes (16005 ns)
    [ PASSED ] CASE: pushPromiseRetainsPromisedStreamAndFragmentOnly (13772 ns)
    [ PASSED ] CASE: invalidPaddingPriorityAndSelfDependencyFailClosed (31923 ns)
    [ PASSED ] CASE: accumulatedCompressedBytesHaveOneHardLimit (17736 ns)
    TCS: Http2ConnectionHealthTest, time elapsed: 513616 ns, RESULT:
    [ PASSED ] CASE: pingCodecAndConnectionAckPreserveOpaqueBytes (27185 ns)
    [ PASSED ] CASE: idleProbeIsSingleOutstandingAndMatchingAckRestoresHealth (140366 ns)
    [ PASSED ] CASE: ordinaryActivityDefersIdleProbeWithoutAllocatingATimer (17331 ns)
    TCS: Http2ConnectionCloserTest, time elapsed: 971533 ns, RESULT:
    [ PASSED ] CASE: gracefulCloseSendsGoAwayWaitsForStreamAndClosesTransportOnce (88191 ns)
    [ PASSED ] CASE: expiredCloseAbortsActiveStreamsWithoutStartingGracefulIo (39570 ns)
    [ PASSED ] CASE: racingShorterDeadlineUpgradesInFlightGracefulCloseToOneAbort (68305 ns)
    [ PASSED ] CASE: concurrentGracefulCallersShareOneTerminalResultAndTransportClose (157797 ns)
    [ PASSED ] CASE: failedGracefulTransportCloseFallsBackToOneAbort (65681 ns)
    TCS: HpackBlockTest, time elapsed: 1650720 ns, RESULT:
    [ PASSED ] CASE: rfcRequestBlocksDecodeWithSharedDynamicState (29857 ns)
    [ PASSED ] CASE: encoderMatchesFirstRfcHuffmanRequestExample (38180 ns)
    [ PASSED ] CASE: literalModesPreserveNeverIndexedAndOnlyIncrementalMutatesTable (785226 ns)
    [ PASSED ] CASE: tableSizeUpdateMustLeadBlockAndRespectAllowedMaximum (23007 ns)
    [ PASSED ] CASE: headerCountListAndCompressedLimitsFailClosed (224453 ns)
    [ PASSED ] CASE: peerCapacityUpdateIsEmittedBeforeHeaders (16892 ns)
    TCS: HpackCoreTest, time elapsed: 799213 ns, RESULT:
    [ PASSED ] CASE: rfcIntegerVectorsEncodeAndDecodeExactly (18095 ns)
    [ PASSED ] CASE: integerRejectsTruncationOverflowAndInvalidPrefix (32752 ns)
    [ PASSED ] CASE: rawStringRoundTripsAndOwnsItsBytes (18747 ns)
    [ PASSED ] CASE: stringLengthLimitAndTruncationFailBeforeCopy (76754 ns)
    [ PASSED ] CASE: staticTableMatchesRfcBoundariesAndRepresentativeEntries (20023 ns)
    [ PASSED ] CASE: everyStaticEntryHasBoundedRfcAccounting (44685 ns)
    TCS: HpackDynamicTableTest, time elapsed: 779645 ns, RESULT:
    [ PASSED ] CASE: newestEntryUsesIndexSixtyTwoAndOlderEntriesShift (13748 ns)
    [ PASSED ] CASE: exactRfcAccountingEvictsOldestEntriesFirst (23596 ns)
    [ PASSED ] CASE: oversizedEntryClearsTheEntireTableWithoutInsertion (10026 ns)
    [ PASSED ] CASE: capacityShrinkEvictsImmediatelyAndPeerLimitIsHard (20339 ns)
    [ PASSED ] CASE: withoutIndexingNeverIndexedAndSensitiveNeverEnterState (14640 ns)
    [ PASSED ] CASE: staticAndDynamicSearchReturnCanonicalLowestIndexes (93696 ns)
    [ PASSED ] CASE: zeroCapacityRetainsNoEntries (8918 ns)
    TCS: HpackHuffmanTest, time elapsed: 49865424 ns, RESULT:
    [ PASSED ] CASE: rfcRequestExamplesEncodeAndDecodeExactly (2127408 ns)
    [ PASSED ] CASE: everyOctetRoundTripsWithinAnExplicitBound (44888348 ns)
    [ PASSED ] CASE: huffmanStringLiteralUsesFlagAndSharedBounds (946276 ns)
    [ PASSED ] CASE: eosInvalidPaddingAndTruncatedPrefixFailClosed (328602 ns)
    [ PASSED ] CASE: decodedAndEncodedOutputLimitsApplyBeforeGrowth (848868 ns)
    TCS: Http2ConnectionReaderTest, time elapsed: 3200137 ns, RESULT:
    [ PASSED ] CASE: oneReaderDecodesEveryByteBoundaryAndDispatchesInWireOrder (412794 ns)
    [ PASSED ] CASE: serverConsumesMagicAndFirstFrameFromTheSameRead (243904 ns)
    [ PASSED ] CASE: eofDuringPrefaceOrFrameFailsAndWakesEveryStream (647667 ns)
    [ PASSED ] CASE: invalidTransportProgressAndHandlerFailureBecomeTerminal (516382 ns)
    [ PASSED ] CASE: readerLoopCanOnlyBeClaimedOnce (486817 ns)
    [ PASSED ] CASE: terminationRegistryIsBoundedRemovableAndExactlyOnce (195076 ns)
    [ PASSED ] CASE: readerRegistryReservesOneListenerBeyondTheStreamLimit (23769 ns)
    TCS: Http2ServerMappingTest, time elapsed: 4693517 ns, RESULT:
    [ PASSED ] CASE: requestHeadMapsPseudoFieldsHostAndContentLength (88933 ns)
    [ PASSED ] CASE: connectAndOptionsTargetsAreMappedStrictly (87791 ns)
    [ PASSED ] CASE: requestRejectsPseudoOrderCaseConnectionAndAuthorityAmbiguity (263087 ns)
    [ PASSED ] CASE: paddedDataReturnsAllFlowCreditAndPublishesTrailers (248910 ns)
    [ PASSED ] CASE: requestQueueIsBoundedBeforeFlowAccountingMutates (126419 ns)
    [ PASSED ] CASE: terminalLengthMismatchDoesNotConsumeFlowWindow (60032 ns)
    [ PASSED ] CASE: responseHeadersBodyFlowAndTrailersMapInOrder (751946 ns)
    [ PASSED ] CASE: streamingResponseMayExceedTheConfiguredRequestBodyBound (1065716 ns)
    [ PASSED ] CASE: responseRulesCloseBodiesOnEveryTerminalOrFailurePath (76292 ns)
    [ PASSED ] CASE: handlerRunsOnceAndReleasesRequestOwnership (116050 ns)
    [ PASSED ] CASE: invalidDuplexResponseReleasesPreServeHandoffExactlyOnce (494574 ns)
    TCS: Http2ServerPushLifecycleTest, time elapsed: 137010635 ns, RESULT:
    [ PASSED ] CASE: largePushDoesNotDelayParentHeadersUntilPushCreditReturns (53749932 ns)
    [ PASSED ] CASE: cancelledPushReleasesItsWorkerSlotForTheNextParent (35317107 ns)
    [ PASSED ] CASE: crossOriginPushIsRejectedAndItsResponseIsClosedBeforeAnyOffer (2143126 ns)
    [ PASSED ] CASE: parentResetWhileWaitingForPushSlotIsRevalidatedBeforeReservation (26587512 ns)
    [ PASSED ] CASE: resetOfBlockedPushDoesNotBlockReaderOrReleaseWorkerSlotEarly (11040068 ns)
    [ PASSED ] CASE: blockingHeaderOnlyBodyCloseDoesNotDelayInboundReset (5248920 ns)
    [ PASSED ] CASE: duplexHandlerReturnAbortsBothStreamDirections (1547420 ns)
    TCS: Http2SettingsTest, time elapsed: 1034440 ns, RESULT:
    [ PASSED ] CASE: codecPreservesKnownUnknownAndRepeatedSettingsInOrder (16346 ns)
    [ PASSED ] CASE: peerBatchAppliesAtomicallyAndReturnsAckAndWindowDelta (20799 ns)
    [ PASSED ] CASE: invalidPeerBatchLeavesEffectiveStateUnchanged (22687 ns)
    [ PASSED ] CASE: localBatchesAreAcknowledgedInFifoOrder (16521 ns)
    [ PASSED ] CASE: unexpectedAckAndPendingBatchOverflowFailClosed (25301 ns)
    [ PASSED ] CASE: advertisedResourceValuesAreCappedByLocalPolicy (15636 ns)
    [ PASSED ] CASE: settingsFrameLengthAndAckPayloadAreRejectedByFrameLayer (25622 ns)
    [ PASSED ] CASE: peerDefaultsAreRfcValuesCappedSeparatelyFromLocalAdvertisement (27474 ns)
    [ PASSED ] CASE: clientPushAdvertisementUsesItsOwnFiniteAdmissionBound (11438 ns)
    [ PASSED ] CASE: serverEnablePushSettingIsRejectedInBothDirections (22022 ns)
    TCS: Http2StreamLifecycleTest, time elapsed: 1950509 ns, RESULT:
    [ PASSED ] CASE: bothEndStreamOrdersReachClosedExactlyOnce (15437 ns)
    [ PASSED ] CASE: initialEndStreamHalfClosesTheInitiatingSide (12591 ns)
    [ PASSED ] CASE: clientAndServerAllocateCorrectMonotonicParity (17673 ns)
    [ PASSED ] CASE: peerParityReuseAndDecreasingIdsFailConnection (30674 ns)
    [ PASSED ] CASE: localAndPeerConcurrencyLimitsAreIndependentAndCapacityReturns (35944 ns)
    [ PASSED ] CASE: invalidHalfClosedDirectionsAndUnknownStreamsFailClosed (52663 ns)
    [ PASSED ] CASE: readerTerminationClosesAndUnregistersEveryActiveStream (38143 ns)
    [ PASSED ] CASE: racingAdmissionNeverExceedsConfiguredBoundOrDuplicatesIds (405195 ns)
    [ PASSED ] CASE: racingEndDirectionsCompleteAndCleanupExactlyOnce (549201 ns)
    TCS: Http2StreamResetManagerTest, time elapsed: 2280771 ns, RESULT:
    [ PASSED ] CASE: rstCodecPreservesKnownAndExtensionCodes (41450 ns)
    [ PASSED ] CASE: localCancelQueuesResetAndReleasesOnlyItsStream (53714 ns)
    [ PASSED ] CASE: peerResetCancelsQueuedDataPermitsAndWakesOwnerOnce (68786 ns)
    [ PASSED ] CASE: resetWakesBlockedServerBodyWithoutClosingConnection (75227 ns)
    [ PASSED ] CASE: racingLocalAndPeerResetCompletesEveryStreamExactlyOnce (1377526 ns)
    [ PASSED ] CASE: queuePressureIsAtomicAndCleanupCreditStaysBoundedForRetry (67605 ns)
    TCS: Http2WriteSchedulerTest, time elapsed: 3670807 ns, RESULT:
    [ PASSED ] CASE: controlPrecedesDataAndPartialWritesDrainGracefully (65264 ns)
    [ PASSED ] CASE: controlBurstIsBoundedAndDataStreamsRotateFairly (198614 ns)
    [ PASSED ] CASE: queueCountAndBytesAreHardAndCancellationReleasesCapacity (55161 ns)
    [ PASSED ] CASE: concurrentProducersStillUseExactlyOneWriter (827002 ns)
    [ PASSED ] CASE: abortInterruptsActiveWriteAndFailsEveryTicket (67512 ns)
    [ PASSED ] CASE: transportFailureFansOutAndTicketWaitHonorsCancellation (90565 ns)
    [ PASSED ] CASE: reservedDataConsumesFlowOnlyWhenTheWriterClaimsIt (40393 ns)
    [ PASSED ] CASE: serverDataEventTransfersItsPermitBeforeWriterClaim (28901 ns)
    [ PASSED ] CASE: cancellingQueuedReservedDataReturnsAllFlowCapacity (27820 ns)
    [ PASSED ] CASE: admittedHeaderBatchSurvivesResetDuringPartialFirstWrite (64703 ns)
    [ PASSED ] CASE: unstartedEncodedHeaderBatchIsIrrevocableAfterAdmission (33883 ns)
    [ PASSED ] CASE: largeHeaderBatchRemainsContiguousPastControlBurstLimit (80893 ns)
    [ PASSED ] CASE: failedHeaderBatchAdmissionTerminatesScheduler (42707 ns)
    [ PASSED ] CASE: concurrentHeaderBatchesStayContiguousOnTheWire (660308 ns)
Summary: TOTAL: 182
    PASSED: 182, SKIPPED: 0, ERROR: 0
    FAILED: 0
--------------------------------------------------------------------------------------------------
TP: wirestack.internal.resolver, time elapsed: 40921616 ns, RESULT:
    TCS: M2006AppleSystemResolverTest, time elapsed: 11566042 ns, RESULT:
    [ PASSED ] CASE: resolvesLocalhostThroughTheProviderNeutralContract (9496894 ns)
    [ PASSED ] CASE: fixtureReturnsAllCandidatesWithoutInventingTtl (16482 ns)
    [ PASSED ] CASE: fixtureAppliesFamilyAndResultBounds (13417 ns)
    [ PASSED ] CASE: fixtureMapsPosixFailuresAndUnknownCodes (20449 ns)
    [ PASSED ] CASE: fixtureCancellationAndDeadlineReturnBeforeNativeCleanup (19063 ns)
    [ PASSED ] CASE: newResolutionObservesNetworkGenerationChange (19998 ns)
    [ PASSED ] CASE: validatesBoundsAndRejectsUseAfterClose (133130 ns)
    [ PASSED ] CASE: fixtureBoundsAdmissionAndReleasesQueuedWorkAfterClose (20600 ns)
    TCS: M2003BoundedResolverBackendTest, time elapsed: 19415528 ns, RESULT:
    [ PASSED ] CASE: resolvesLocalhostWithBoundedMetricsAndIdempotentClose (8044631 ns)
    [ PASSED ] CASE: appliesIpv4FamilyAndRejectsUseAfterClose (9917211 ns)
    [ PASSED ] CASE: validatesPoolBounds (39907 ns)
    [ PASSED ] CASE: nativeFamilyValidationFailsClosedAndPollingBackoffIsBounded (33121 ns)
    [ PASSED ] CASE: preCancelledContextDoesNotSubmitNativeWork (134898 ns)
    [ PASSED ] CASE: delayedNativeWorkDoesNotStarveCangjieHeartbeat (12318 ns)
    [ PASSED ] CASE: cancellationCompletesPromptlyWhileNativeJobCleansUp (10772 ns)
    [ PASSED ] CASE: deadlineCompletesPromptlyWhileNativeJobCleansUp (11525 ns)
    [ PASSED ] CASE: queueAdmissionIsStrictlyBounded (13643 ns)
    TCS: ResolverContractTest, time elapsed: 441264 ns, RESULT:
    [ PASSED ] CASE: resultOwnsDeduplicatedAddressesAndDoesNotInventTtl (31983 ns)
    [ PASSED ] CASE: staticResolverFiltersFamiliesAndHonorsPreCancellation (50120 ns)
    [ PASSED ] CASE: rejectsEmptyFamilyResultAndInvalidLimits (33086 ns)
    TCS: M2002ResolverPublicContractTest, time elapsed: 671661 ns, RESULT:
    [ PASSED ] CASE: resultOwnsAllTypedCandidatesWithoutInventingTtl (35285 ns)
    [ PASSED ] CASE: staticResolverAppliesFamilyAndResultBounds (30602 ns)
    [ PASSED ] CASE: errorsRetainStablePublicCoordinates (36481 ns)
    [ PASSED ] CASE: cancellationAndDeadlineRemainDistinct (40651 ns)
    [ PASSED ] CASE: constructorsRejectInvalidBoundsAndDiagnostics (32303 ns)
    TCS: M2004WindowsSystemResolverTest, time elapsed: 8481853 ns, RESULT:
    [ PASSED ] CASE: resolvesLocalhostThroughTheProviderNeutralContract (7631299 ns)
    [ PASSED ] CASE: fixtureReturnsAllCandidatesWithoutInventingTtl (17022 ns)
    [ PASSED ] CASE: fixtureAppliesFamilyAndResultBounds (12627 ns)
    [ PASSED ] CASE: fixtureMapsWinsockFailuresAndUnknownCodes (11878 ns)
    [ PASSED ] CASE: fixtureCancellationAndDeadlineReturnBeforeNativeCleanup (13678 ns)
    [ PASSED ] CASE: validatesBoundsAndRejectsUseAfterClose (82871 ns)
Summary: TOTAL: 31
    PASSED: 31, SKIPPED: 0, ERROR: 0
    FAILED: 0
--------------------------------------------------------------------------------------------------
TP: wirestack.net, time elapsed: 1512336357 ns, RESULT:
    TCS: DnsClientWireTest, time elapsed: 969468307 ns, RESULT:
    [ PASSED ] CASE: publicQueryAndLookupUseRealUdpAndRetainAbsoluteCacheExpiry (3752584 ns)
    [ PASSED ] CASE: publicQueryEncodesEveryModeledRecordType (8326784 ns)
    [ PASSED ] CASE: wrongSourceIdAndQuestionAreIgnoredBeforeValidUdpResponse (1046101 ns)
    [ PASSED ] CASE: validatedTruncationFallsBackToExactTcpFrame (1564571 ns)
    [ PASSED ] CASE: activeCancellationRetainsNameserverWithoutRetry (60660297 ns)
    [ PASSED ] CASE: silentDnsAttemptsLeaveBudgetForServerAndPassFailover (504719254 ns)
    [ PASSED ] CASE: exhaustedResponseCodesRetainTheLastRespondingNameserver (2473703 ns)
    [ PASSED ] CASE: unsupportedResponseCodeRetainsRespondingNameserver (1448996 ns)
    [ PASSED ] CASE: dnsTransportFailuresRetainSelectedNameserver (254439329 ns)
    [ PASSED ] CASE: tcpResponseCannotRemainTruncated (5763037 ns)
    [ PASSED ] CASE: malformedMatchingResponseAndUnrelatedSectionsCannotPoisonCache (4004396 ns)
    [ PASSED ] CASE: cnameTraversalUsesAnswerOwnersAndRejectsConflictingTargets (2752251 ns)
    [ PASSED ] CASE: fullResultCapacityDoesNotQueryAnotherFamily (60567854 ns)
    [ PASSED ] CASE: rfc2308CacheRetainsNxdomainVersusNodataWithoutNewPackets (3055953 ns)
    [ PASSED ] CASE: zeroTtlNeverCreatesAPositiveCacheEntry (2413342 ns)
    [ PASSED ] CASE: callerCancellationAndClientCloseWakeActiveNativeReceive (2226562 ns)
    [ PASSED ] CASE: anyFamilyRetainsAddressesWhenTheOtherFamilyFails (4689638 ns)
    [ PASSED ] CASE: crossFamilyConflictsRetainTheLivePeerAlongsideCachedResults (4195664 ns)
    [ PASSED ] CASE: nxdomainInvalidatesVisitedTargetsAndOtherCachedAliases (23481784 ns)
    [ PASSED ] CASE: everyNxdomainInvalidatesPreviouslyCachedAddresses (7237541 ns)
    [ PASSED ] CASE: noncacheableNxdomainStopsOtherFamilyQueries (1828439 ns)
    [ PASSED ] CASE: nameWideNegativeOverridesEarlierFamilyFailure (2892117 ns)
    [ PASSED ] CASE: boundedAdmissionRejectsExcessAndCloseWakesQueuedCallers (1195265 ns)
    TCS: DnsResolverPolicyTest, time elapsed: 289869684 ns, RESULT:
    [ PASSED ] CASE: fromSystemParsesTabsCommentsLastSearchAndClampedNdots (449803 ns)
    [ PASSED ] CASE: directConfigRejectsUnsupportedNameserverZonesBeforeQueries (36566 ns)
    [ PASSED ] CASE: numericNameserverZonesUseCanonicalEndpointIdentity (35376 ns)
    [ PASSED ] CASE: systemNameserversRetainOnlySupportedNumericZones (637859 ns)
    [ PASSED ] CASE: equivalentNameserverScopesDoNotConsumeTheServerLimit (190052 ns)
    [ PASSED ] CASE: configOwnsInputArraysAndReturnsDefensiveCopies (61427 ns)
    [ PASSED ] CASE: adoptedClientRequiresMatchingConfigurationWithoutTakingRejectedOwnership (151571 ns)
    [ PASSED ] CASE: systemFilesFailClosedWhenMissingOversizedOrNonregular (18687845 ns)
    [ PASSED ] CASE: ipv4LiteralsBypassHostsSearchAndNameservers (60228549 ns)
    [ PASSED ] CASE: hostsSnapshotRetainsOnlyUsableIpv6Zones (342960 ns)
    [ PASSED ] CASE: hostsAliasesFilterFamiliesAndRemainSnapshotted (454020 ns)
    [ PASSED ] CASE: trailingRootSkipsSearchWhileNdotsSelectsSearchOrAbsoluteFirst (3263016 ns)
    [ PASSED ] CASE: exactHostsEntryWinsBeforeSearchSuffixDns (200505125 ns)
    [ PASSED ] CASE: cancelledExpiredAndClosedCallsRetainPublicResolveClassifications (552056 ns)
    [ PASSED ] CASE: connectUsesHostsMappingForANativeListenerExchange (1336044 ns)
    [ PASSED ] CASE: resolverConnectCarriesOneAbsoluteDeadlineIntoNativeTcpAdmission (420965 ns)
    TCS: DnsWireParserTest, time elapsed: 26082155 ns, RESULT:
    [ PASSED ] CASE: decodesCompressedTargetsBinaryTxtSoaAndUnknownData (153400 ns)
    [ PASSED ] CASE: recordOrderMakesAnswerAuthorityAndAdditionalBoundariesExplicit (59064 ns)
    [ PASSED ] CASE: summariesAndRecordsOwnParserAndConstructorInputs (35592 ns)
    [ PASSED ] CASE: publicSummaryRejectsCountsBeyondWireAndCombinedRecordBounds (23401562 ns)
    [ PASSED ] CASE: parserPreservesQuestionIdentityAndRejectsIncompleteRecords (83797 ns)
    [ PASSED ] CASE: asciiNameProfileRejectsAmbiguousLabels (90406 ns)
    [ PASSED ] CASE: compressionLoopsForwardPointersAndOutOfRangePointersAreRejected (49744 ns)
    [ PASSED ] CASE: expandedNameAndSectionCountsRespectConfiguredBounds (60029 ns)
    [ PASSED ] CASE: completeParserRejectsTrailingAndTruncatedSectionBytes (40840 ns)
    [ PASSED ] CASE: typedRdataLengthsAndTxtSegmentsAreExact (66727 ns)
    [ PASSED ] CASE: compressedRdataNamesCannotConsumeNeighboringRecordBytes (61913 ns)
    [ PASSED ] CASE: srvTargetCompressionIsRejectedEvenWhenPointerIsInBounds (37086 ns)
    [ PASSED ] CASE: summaryConstructorRejectsSectionMetadataThatCouldBlurBoundaries (15444 ns)
    [ PASSED ] CASE: additionalOwnerMayReferenceAuthorityNameserverTarget (41571 ns)
    [ PASSED ] CASE: additionalOwnerMayReferenceSecondLegacyMailboxName (58800 ns)
    TCS: DnsWireFuzzTest, time elapsed: 102891008 ns, RESULT:
    [ PASSED ] CASE: wireMutationsRejectMalformedMessagesOrRetainOwnedSections (102631639 ns)
    TCS: M8002TcpListenerTest, time elapsed: 62233939 ns, RESULT:
    [ PASSED ] CASE: bindRejectsInvalidBacklogAndStoppedContextsWithStructuredErrors (71849 ns)
    [ PASSED ] CASE: bindFailureRetainsPublicCoordinatesAndCause (100772 ns)
    [ PASSED ] CASE: cancelledAndExpiredAcceptsLeaveListenerReusable (29996299 ns)
    [ PASSED ] CASE: acceptedStreamTransfersExactDataInBothDirections (266192 ns)
    [ PASSED ] CASE: overlappingAcceptIsRejectedWithoutCreatingAPendingQueue (30081415 ns)
    [ PASSED ] CASE: stoppedCloseAdmissionHasNoNativeEffectAndListenerRemainsUsable (335092 ns)
    [ PASSED ] CASE: gracefulAndAbortTerminalOwnersAreStableAndWakeAccept (156763 ns)
    TCS: M8002UdpSocketTest, time elapsed: 23063954 ns, RESULT:
    [ PASSED ] CASE: datagramBoundariesAndOwnedPayloadSurviveScratchReuse (250047 ns)
    [ PASSED ] CASE: exactCapacityAndTruncationDiscardOnlyTheCurrentDatagramTail (239274 ns)
    [ PASSED ] CASE: connectedSocketSelectsNativePeerAndFiltersOtherSenders (217179 ns)
    [ PASSED ] CASE: invalidAndUnsupportedInputsLeaveSocketReusable (1089970 ns)
    [ PASSED ] CASE: cancellationDeadlineCloseAndAbortRetainDistinctState (20465981 ns)
    TCS: NetworkFoundationContractTest, time elapsed: 38041647 ns, RESULT:
    [ PASSED ] CASE: unixEndpointFormsAreDistinctAndOwned (17844 ns)
    [ PASSED ] CASE: unixEndpointRejectsUnboundedNames (19964 ns)
    [ PASSED ] CASE: rawSocketCapabilityBoundaryRequiresDomainSpecificProtocol (33583 ns)
    [ PASSED ] CASE: cancelledConnectFailsBeforeSocketCreation (36638 ns)
    [ PASSED ] CASE: tcpStreamCancellationDistinguishesUntouchedFromAbortedDelegate (62085 ns)
    [ PASSED ] CASE: tcpStreamGracefulCloseIsRetainedAndIdempotent (19816 ns)
    [ PASSED ] CASE: tcpStreamTerminalCloseSkipsStoppedContextsAndCallerClock (74732 ns)
    [ PASSED ] CASE: tcpStreamNonterminalStoppedCloseAdmissionStillRejects (58235 ns)
    [ PASSED ] CASE: tcpStreamCloseNormalizesContextFailureWithoutTakingOwnership (64481 ns)
    [ PASSED ] CASE: tcpStreamAbortRetainsItsCauseAndConnectionFacts (87988 ns)
    [ PASSED ] CASE: tcpStreamDirectionalShutdownPublishesOnlySuccessfulTransitions (54342 ns)
    [ PASSED ] CASE: tcpStreamReadShutdownRejectsEveryReadPathWithoutLosingWrites (100667 ns)
    [ PASSED ] CASE: tcpStreamWriteShutdownRejectsEveryWritePathWithoutLosingReads (101626 ns)
    [ PASSED ] CASE: tcpStreamEmptyOperationsRemainImmediateAfterDirectionalShutdown (36650 ns)
    [ PASSED ] CASE: tcpStreamReadExactAddsCapturedEndpointsToUnexpectedEof (41587 ns)
    [ PASSED ] CASE: tcpStreamReadKeepsPeerEofGraceful (29069 ns)
    [ PASSED ] CASE: tcpStreamReadExactMergesCapturedAndStructuredEndpointMetadata (67038 ns)
    [ PASSED ] CASE: tcpStreamIoConflictsRetainCapturedEndpointsWithoutClosing (197865 ns)
    [ PASSED ] CASE: tcpStreamDirectionalShutdownDoesNotPromoteWokenIoToFailure (106187 ns)
    [ PASSED ] CASE: tcpStreamFinalShutdownRemainsGracefulWhenItWakesIo (42510 ns)
    [ PASSED ] CASE: tcpStreamFailuresRetainOriginalErrorAndReleaseDelegate (71009 ns)
    [ PASSED ] CASE: tcpStreamRetainsNativeCancellationOwnership (1285547 ns)
    [ PASSED ] CASE: tcpStreamNormalizesUnexpectedDelegateFailures (182719 ns)
    [ PASSED ] CASE: tcpStreamPrecancelledIoCannotClaimAnotherClosesOwnership (137807 ns)
    [ PASSED ] CASE: tcpStreamCancellationOwnershipSurvivesOtherObservers (71092 ns)
    [ PASSED ] CASE: tcpStreamAbortCannotRelabelClaimedGracefulNativeClose (32587 ns)
    [ PASSED ] CASE: tcpStreamAbortOwnershipSurvivesCompetingIoAndLateCloseFailure (85977 ns)
    [ PASSED ] CASE: tcpStreamCancellationBoundsCloseWaitAndLateSuccessRemainsGraceful (86444 ns)
    [ PASSED ] CASE: tcpStreamJoiningBackgroundCloseWaitsForCompletion (27897274 ns)
    [ PASSED ] CASE: tcpStreamDeadlineBoundsCloseWaitAndLateSuccessRemainsGraceful (67628 ns)
    [ PASSED ] CASE: tcpStreamLateCloseFailurePublishesFailedWithoutReplacingCallerCancellation (79731 ns)
    [ PASSED ] CASE: tcpStreamAbortRemainsTerminalWhenDetachedCloseFailsLate (102065 ns)
    [ PASSED ] CASE: tcpStreamCloseKeepsGracefulCauseWhenItWakesARead (38865 ns)
    [ PASSED ] CASE: unsafeOptionValueIsBoundedAndOwnedWithoutApplyingIt (69646 ns)
    [ PASSED ] CASE: datagramResultEnforcesTheIpv4PayloadBound (1874419 ns)
    [ PASSED ] CASE: datagramResultSurvivesReceiveBufferReuse (10612 ns)
Summary: TOTAL: 103
    PASSED: 103, SKIPPED: 0, ERROR: 0
    FAILED: 0
--------------------------------------------------------------------------------------------------
Project tests finished, time elapsed: 41978064836 ns, RESULT:
TP: wirestack.*, time elapsed: 41978002094 ns, RESULT:
    PASSED:
    TP: wirestack.internal.platform.linux, time elapsed: 10965014 ns
    TP: wirestack.internal.common, time elapsed: 3585553 ns
    TP: wirestack.internal.transport, time elapsed: 191866218 ns
    TP: wirestack.internal.trust, time elapsed: 41187548 ns
    TP: wirestack.internal.http2, time elapsed: 3244683091 ns
    TP: wirestack.internal.resolver, time elapsed: 40921616 ns
    TP: wirestack.internal.tls_engine, time elapsed: 23618256664 ns
    TP: wirestack.internal.connector, time elapsed: 15716278 ns
    TP: wirestack.tls, time elapsed: 100601417 ns
    TP: wirestack.internal.http1, time elapsed: 1509947087 ns
    TP: wirestack.internal.transport_stdnet, time elapsed: 219668712 ns
    TP: wirestack.net, time elapsed: 1512336357 ns
    TP: wirestack.http, time elapsed: 11316952842 ns
Summary: TOTAL: 803
    PASSED: 780, SKIPPED: 23, ERROR: 0
    FAILED: 0
--------------------------------------------------------------------------------------------------
cjpm test success
