M7-022 Linux release soak: FAIL: SOAK_ALREADY_RUNNING: another invocation is active
M0-016 validation: PASS
architecture guard: PASS
{"artifacts": {"api": "docs/api/generated/api-surface.json", "coverage": "docs/api/generated/coverage.json", "docs": "docs/api/generated/docs.json", "markdown": "docs/api/generated/markdown"}, "cjdoc": {"path": "<repo-root>-pr-worktrees/M8-004-recovery-tools/cjdoc/bin/cjdoc", "version": "0.7.2"}, "combined": {"apiEntries": 1481, "apiSha256": "cb8de6f898a5ba5fc54f3f084cf15df9d40b1504f9be408e286802a2370d80cc", "coverage": {"parameters": {"documented": 717, "percent": 100, "total": 717}, "symbols": {"documented": 1481, "percent": 100, "total": 1481}}, "coverageSha256": "4fcb7e38bfcd9a89ac1a8a3c695c14de6d6dc4383905b9fa4a59deeb9f29ee1d", "declarations": 2450, "docsSha256": "7c7955fdf8cf5754cac71ebf6351ea099c59e726216d6a6cdc3b32bdc40bf7d4", "markdownSha256": "988b54088600cbe0a4c63d442b309d59a3f11ecb93cf3db6b5ced6bd4f632518", "package": "combined", "status": "PASS"}, "commands": [{"kind": "check", "package": "wirestack", "returncode": 0, "status": "PASS", "stderr": "documentation coverage: symbols 662/662 (100%), parameters 262/262 (100%)\n", "stderr_truncated": false, "stdout": "", "stdout_truncated": false}, {"kind": "generate", "package": "wirestack", "returncode": 0, "status": "PASS", "stderr": "", "stderr_truncated": false, "stdout": "generated /tmp/wirestack-m7-033-79w2s2di/wirestack/output\n", "stdout_truncated": false}, {"kind": "check", "package": "wirestack.http", "returncode": 0, "status": "PASS", "stderr": "documentation coverage: symbols 1064/1064 (100%), parameters 482/482 (100%)\n", "stderr_truncated": false, "stdout": "", "stdout_truncated": false}, {"kind": "generate", "package": "wirestack.http", "returncode": 0, "status": "PASS", "stderr": "", "stderr_truncated": false, "stdout": "generated /tmp/wirestack-m7-033-79w2s2di/wirestack-http/output\n", "stdout_truncated": false}, {"kind": "check", "package": "wirestack.tls", "returncode": 0, "status": "PASS", "stderr": "documentation coverage: symbols 838/838 (100%), parameters 326/326 (100%)\n", "stderr_truncated": false, "stdout": "", "stdout_truncated": false}, {"kind": "generate", "package": "wirestack.tls", "returncode": 0, "status": "PASS", "stderr": "", "stderr_truncated": false, "stdout": "generated /tmp/wirestack-m7-033-79w2s2di/wirestack-tls/output\n", "stdout_truncated": false}, {"kind": "check", "package": "wirestack.net", "returncode": 0, "status": "PASS", "stderr": "documentation coverage: symbols 903/903 (100%), parameters 433/433 (100%)\n", "stderr_truncated": false, "stdout": "", "stdout_truncated": false}, {"kind": "generate", "package": "wirestack.net", "returncode": 0, "status": "PASS", "stderr": "", "stderr_truncated": false, "stdout": "generated /tmp/wirestack-m7-033-79w2s2di/wirestack-net/output\n", "stdout_truncated": false}, {"kind": "check", "package": "combined", "returncode": 0, "status": "PASS", "stderr": "documentation coverage: symbols 1481/1481 (100%), parameters 717/717 (100%)\n", "stderr_truncated": false, "stdout": "", "stdout_truncated": false}, {"kind": "generate", "package": "combined", "returncode": 0, "status": "PASS", "stderr": "", "stderr_truncated": false, "stdout": "generated /tmp/wirestack-m7-033-79w2s2di/combined/output\n", "stdout_truncated": false}], "expectedCjdoc": "0.7.2", "generatedAtUtc": "2026-09-15T02:06:24.067894Z", "issues": [], "layers": [{"apiEntries": 662, "apiSha256": "18ef8b0e5e6dd34daae0b7bfc98e0c0c370f7237eb07e72e432c76a13726a88e", "coverage": {"parameters": {"documented": 262, "percent": 100, "total": 262}, "symbols": {"documented": 662, "percent": 100, "total": 662}}, "coverageSha256": "a33481d03da902371e26245f67bb94f450d89ef66b9c0ad36bac6970eaf207b4", "declarations": 808, "docsSha256": "df3c07c4f0458a36021e9f7928e3e0fdbde27785c527e9d40ac60e00094f1014", "markdownSha256": "3055a19762b460c1f977ca0ed29a1154c7af8cda9d232351ef2bba0e2b409b45", "package": "wirestack", "status": "PASS"}, {"apiEntries": 1064, "apiSha256": "df063511115594aeb57225f01bb32c12549ec6888a45469c93fd0f19a7229a49", "coverage": {"parameters": {"documented": 482, "percent": 100, "total": 482}, "symbols": {"documented": 1064, "percent": 100, "total": 1064}}, "coverageSha256": "a5043809b426f1ca07c8ae09cfd3230e98484f4d664c61af9e977222ce072dfc", "declarations": 1732, "docsSha256": "7c220e541cac8832664b2ca81fd572a9672e1f111437a759d3eecef581d186af", "markdownSha256": "b90982339ea708b7f7715aac927745b2581b6855195119690f6e0f5582139392", "package": "wirestack.http", "status": "PASS"}, {"apiEntries": 838, "apiSha256": "3de4d04409af0f532e8a5ccb3cf2790eafbcecbc9e2d8b92144e2e2db31fcdc0", "coverage": {"parameters": {"documented": 326, "percent": 100, "total": 326}, "symbols": {"documented": 838, "percent": 100, "total": 838}}, "coverageSha256": "9911e669daf6b58625ce5c52ba3482cd983ccf34a95439d3d47d87113d5757c1", "declarations": 1014, "docsSha256": "9f261ea3c18964b0dfa3d252e0d00bc0f1e37f0788b8679e97f7cce31d4ed15b", "markdownSha256": "f11ae8b6080dd249c5c33562a00732f7bbd35c67e423c0bcfc39ae9935b07646", "package": "wirestack.tls", "status": "PASS"}, {"apiEntries": 903, "apiSha256": "cd4df30531ee0650e00fcd40cfbb9e53492082530725e8a9be73be80110505cd", "coverage": {"parameters": {"documented": 433, "percent": 100, "total": 433}, "symbols": {"documented": 903, "percent": 100, "total": 903}}, "coverageSha256": "6371ebd2d7a1b2ee19d799c9f26f93f4c0d25f2647e34ee6622e4e4a29d4b78a", "declarations": 1320, "docsSha256": "c70598deda76080c81076f9ec59bdcfd7362edc37ddeea322bfc6770e9b54391", "markdownSha256": "c665cef542630b9fbda37c53b17bfede25aa487c50b010430c1047257d4e1bfe", "package": "wirestack.net", "status": "PASS"}], "platform": {"libc": "glibc", "machine": "x86_64", "system": "Linux"}, "schemaVersion": 1, "sourceSha256": {"src/byte_span.cj": "4b38c6d184e172a56f0c39308294cbd2485ff683aba4f27028abe07c2b4661c4", "src/cancellation.cj": "c023b65acab9740096dc1ec9a770cf59d7361b2fec3dcdeebb3cc6033d78034d", "src/common.cj": "7a6d9bf1bd56bb9c5209152b2482dee044027f8d348233dcd6cc7b87d1c866e3", "src/deadline.cj": "15c5fd0c7f2dcfb4be7150359990c7c35cde11aa3332f80a9efe9f79e431a7c4", "src/hostname_verifier.cj": "a0d06b89cf163b91339e5690bf1d15d8e94bd4912c2792b35e0cdd09d4e34989", "src/http/cancellation.cj": "8ff94be6a771af4c56dab7dc982fca0a16e6df1da4d1a14303dfc179f9225537", "src/http/client.cj": "97131a36c964f68cbc6697a87a4fd5fe81a5a0d146dee3355b4386a47f97c628", "src/http/cookie.cj": "5326d61b5121e75e56750a29c960dc97e9b7fc34ba10f62236e3b19adbaee1d8", "src/http/duplex.cj": "e81f52f4efbc0b728a1891d67bc0f3a6292af471d16d992b65e2055e44ffac24", "src/http/error.cj": "d88c54a157e02063ab4048c197631daba3642a9618672841e4b98d3a25d275ad", "src/http/file_handler.cj": "2706ddeadba5c448a9bdf9ed1b604d5fe56c527b001d28ecb3b558b93728df74", "src/http/hooks.cj": "0b6016a645fd69bbb8743e5abfed22b4c325286a450587b4ff87b722ef04f2ed", "src/http/multipart.cj": "506c82b691fa280fc147fa7d6f73aa5ed7b1045f5fa1122bd7c667a62aead36e", "src/http/package.cj": "edae278034e8047e77649badec506b86ff2e6f3fc530d3eaf68394f77ff43ca0", "src/http/proxy.cj": "9576c9b153192c93943911557e8cce25f567e5ad0357074189437cc17af6fe1d", "src/http/redirect.cj": "e7e9f07fa0bb79299e46c1320b32daf238e702b66fcb8e1368439723d74d96b4", "src/http/resolver.cj": "8c44e5ff6961122d6483c22546a26dab02e8414b88d5e18b954ddcf0b3ff29e4", "src/http/retry.cj": "e889370833f2d5b7df07d4cd13aa3068ab6262e1c2252728cbcc99c788b4199b", "src/http/server.cj": "52ede5995cf2b5ac64948b36334eadd9782cdcaa26e4c2bf3914a85e25cdb529", "src/http/tls.cj": "b232989ad8c4e73d4480dcae4ce40aae55fbedf9ce13b5922cc61b8a6e8a1e62", "src/http/upgrade.cj": "3bf29c0ad5b9fd19f5b2d994d36abcf76cbcc7d22d46c18991378aab705e0f73", "src/http/websocket.cj": "1eafd0d9f728592adea31d4397a8173c98d6ad3551ab4ed84d3b77623b787ba7", "src/http/websocket_handshake.cj": "db5d899be8d22022db1e7aed502ad36c3cc5e52d6dbae8dce53112f797276d59", "src/http_body.cj": "49b72ad2517213133eb693a190061050b655edb02df01eaa414db216c60fc4fe", "src/http_contract.cj": "39d7fe3885f50211393d9e03dc478b7370566bf7b7b3d3f20d0a5d3de3dc9259", "src/http_message.cj": "4033d25f42135e43f498f11d2b459512dcb7c45bce6e91efaa85b18a053e8ef1", "src/http_model.cj": "993ad73017a4da224b98f851e1e39d46fe6016502044b934f7ab191fb0da5a8c", "src/http_push.cj": "5dde5a1ff4cee87c947c1867e56fe0e7b9d2a38e2ca91a597f5a8deb4c2fc20f", "src/http_url.cj": "074cc811771e49030292b278252947af9f29476f67e9fd53f6a82ac473690955", "src/net/datagram_socket_core.cj": "2095e7d3a02c805c3018badf7045b0d76a42a56e101a2e08867f32b676c34ae6", "src/net/dns_client.cj": "a63095f98489b93b83f76cebc878678391d338f9080e15cf2ea7277ff6562622", "src/net/dns_resolver.cj": "65b410bda4ed26d315848f68bdd70b432101153b12e3c5d6dcccd8bea14ec183", "src/net/dns_wire.cj": "08b6bfb5fb7b46502a2a897f44a251765947359408398bcb93442504de28bde0", "src/net/package.cj": "05ee39721856fab3dc82dc4a83baaa0adfd9bb8af4fb38e0af41d4f5cb4430cc", "src/net/tcp_listener.cj": "7735311cd3aa657a3be9a37216cb5a1b404854932ab66480ea78b9f42a2b2b1f", "src/net/udp_socket.cj": "a59cba97d797a3800338f6a8594bfcd0f93456fc926421b2f9bce81149c9546b", "src/net/unix_datagram_socket.cj": "7447856c277d45d943087e3285fd0ade950cf7047fbf232052e1cd9d0a730511", "src/net/unix_listener.cj": "aa964800977f95ff67a6351a91c16d950324bbe0c50d7b01c5f1484f06e01967", "src/net/unix_stream.cj": "399aeac5d19f6457e2342fd7b1af3a76943f00db50a21c1474bed3b3141acb8b", "src/network_error.cj": "4e272f9b9887804f0de87ec032d442a69b49803da66bffa005b7f0282aadc5e5", "src/network_event.cj": "55d93c151752e76c80c441e4bfc639f7d6da77e89ed582bae2ba6a43cdcc3084", "src/operation_context.cj": "523a1c1efaab2f3e6ba0755386460ea504a2caa8ef1453a18134f950c6e1234d", "src/package.cj": "f9035aacfa24f06fe88eda3f16a5cbcf5dbf482b2d86776ea27e09e4861e93d7", "src/private_key_contract.cj": "cb03bb9badc0552c2ac66dbb6bf4842559b5ea17b2aa77284e817a78d63c6e84", "src/resolver.cj": "7b2129a0e3fd4be72ad2dd6adaf0053d5de23a08214157c931d38d7627154b23", "src/tls/facade.cj": "e7d4d1be6695abeb50c9ca8490817f2ef56b9a812f5be58cf9717ec4d3992077", "src/tls/identity.cj": "055c4232b9e44ff3cc768a09f023cd7a19174f5ce0d4dc263ca675af90660d19", "src/tls/package.cj": "5afa752de915ccff3866a81b9dbd0e6d3da1df01e1ecfa7180eb42709694d2b9", "src/tls_contract.cj": "1cbeb94013b9a2b946dd731b335554340862388feadf354162a2f2320bb6dac1", "src/transport.cj": "6781aa3bf538523e02c4807eebff7ac37a773e5dc9bdb427e6a56ace3a0b7033", "src/trust.cj": "f64b49d84a58e034e3976089211f7b645b42e5bc51dbc353f2e0bcec14d17aba"}, "status": "PASS", "targetCfg": {"arch": "x86_64", "env": "gnu", "os": "Linux"}, "taskId": "M7-033"}
The valid serial compilation order is:
    wirestack -> wirestack.internal -> wirestack.internal.identity -> wirestack.internal.platform -> wirestack.internal.platform.android -> wirestack.internal.platform.apple -> wirestack.internal.platform.harmony -> wirestack.internal.platform.linux -> wirestack.internal.platform.windows -> wirestack.internal.common -> wirestack.internal.http_files -> wirestack.internal.http_model -> wirestack.internal.transport -> wirestack.internal.trust -> wirestack.internal.http2 -> wirestack.internal.resolver -> wirestack.internal.tls_engine -> wirestack.internal.connector -> wirestack.tls -> wirestack.internal.http1 -> wirestack.internal.transport_stdnet -> wirestack.net -> wirestack.http
cjpm check success
cjpm build success
--------------------------------------------------------------------------------------------------
TP: wirestack.internal.tls_engine, time elapsed: 43212544119 ns, RESULT:
    TCS: TlsConnectionTest, time elapsed: 51886051 ns, RESULT:
    [ PASSED ] CASE: handshakeTransfersOwnershipAndPlaintextIoUsesTheEngine (3116974 ns)
    [ PASSED ] CASE: oneReadAndOneWriteMayOverlapButSecondReadFailsImmediately (2325832 ns)
    [ PASSED ] CASE: handshakeFailureAbortsTransportAndReleasesEngineExactlyOnce (100112 ns)
    [ PASSED ] CASE: expiredHandshakeDeadlineStillConsumesAndAbortsBothInputs (108543 ns)
    [ PASSED ] CASE: ioFailureAbortsAndRepeatedTerminalCallsDoNotReleaseTwice (508403 ns)
    [ PASSED ] CASE: unsupportedHalfCloseDoesNotMutateAnOpenConnection (180438 ns)
    [ PASSED ] CASE: concurrentCloseAndAbortReleaseUnderlyingResourcesOnce (11159405 ns)
    [ PASSED ] CASE: gracefulCloseSendsAndProcessesCloseNotifyBeforeReleasingResources (315324 ns)
    [ PASSED ] CASE: tcpEofDuringGracefulCloseRetainsTruncationAndStillReleasesEverything (312905 ns)
    [ PASSED ] CASE: expiredCloseBudgetStillClosesTransportAndReleasesEngine (349406 ns)
    [ PASSED ] CASE: abortNeverAttemptsTlsShutdownAndRetainsLocalAbortEvidence (174952 ns)
    [ PASSED ] CASE: cancelledCloseReleasesEngineWhenImmediateAbortCallbackThrows (458787 ns)
    [ PASSED ] CASE: tcpEofDuringApplicationReadRetainsTruncationBeforeAbort (664523 ns)
    [ PASSED ] CASE: peerCloseNotifyProducesEofEvidenceAndRejectsNewApplicationWrites (574373 ns)
    [ PASSED ] CASE: closeDeadlineExpiresWhileAnExistingBackgroundReadOwnsPumpAdmission (25931010 ns)
    [ PASSED ] CASE: closeCancellationInterruptsAnExistingBackgroundReadWithinTheBound (788162 ns)
    [ PASSED ] CASE: closeCancellationDoesNotWaitBehindAnExistingCiphertextWrite (609510 ns)
    TCS: Net06TlsTransportCleanupGateTest, time elapsed: 3933853 ns, RESULT:
    [ PASSED ] CASE: failedHandshakesDisposeEngineAndTransportExactlyOnce (3279725 ns)
    TCS: TlsContextTest, time elapsed: 6366260 ns, RESULT:
    [ PASSED ] CASE: linuxCapabilitiesAreExplicitAndNeverInferredFromProviderNames (40619 ns)
    [ PASSED ] CASE: defaultSystemTrustFailsAtBuildUntilLinuxAdapterIsAvailable (174964 ns)
    [ PASSED ] CASE: modernClientContextIsImmutableAndConcurrentShareable (681682 ns)
    [ PASSED ] CASE: strictTls13RejectsAnyTls12Override (230222 ns)
    [ PASSED ] CASE: missingTls13AndHttp2CapabilitiesFailBeforeHandshake (200251 ns)
    [ PASSED ] CASE: alpnRejectsEmptyAndDuplicateProtocolNames (890437 ns)
    [ PASSED ] CASE: serverRequiresServerIdentityAndMtlSTrustAtBuildTime (1450451 ns)
    [ PASSED ] CASE: clientIdentityCapabilityIsValidatedAtBuildTime (922460 ns)
    TCS: TlsEnginePumpTest, time elapsed: 450351283 ns, RESULT:
    [ PASSED ] CASE: awsLcClientEngineProducesAClientHelloWithoutSocketIo (43677566 ns)
    [ PASSED ] CASE: strictTls13PolicyIsAcceptedByTheNativeEngine (135145 ns)
    [ PASSED ] CASE: LinuxSystemTrustLoadsExplicitlyAndSniStaysSeparateFromReferenceIdentity (22912471 ns)
    [ PASSED ] CASE: customRootChainIsLoadedIntoARealAwsLcClientEngine (1168634 ns)
    [ PASSED ] CASE: spkiPinPolicyConfiguresTheNativeVerificationPathBeforeHandshake (397590 ns)
    [ PASSED ] CASE: matchingSpkiPinCompletesARealClientServerHandshake (16253938 ns)
    [ PASSED ] CASE: matchingSpkiPinDoesNotBypassReferenceIdentityVerification (13361529 ns)
    [ PASSED ] CASE: realAwsLcEnginesExchangeCloseNotifyInBothDirections (20600577 ns)
    [ PASSED ] CASE: handshakeInfoReportsNegotiatedAlpnPeerChainAndVerificationEvidence (19951141 ns)
    [ PASSED ] CASE: tls13TicketResumesAcrossFreshEnginesWithoutEarlyData (22415727 ns)
    [ PASSED ] CASE: tls12TicketResumesAcrossFreshEngines (22450813 ns)
    [ PASSED ] CASE: sniSelectsTheCompleteImmutableContextAndItsCertificate (19873779 ns)
    [ PASSED ] CASE: sniSelectorRejectsMissingAndUnknownNamesWithStableEvidence (31451437 ns)
    [ PASSED ] CASE: noSharedAlpnFailsTheHandshakeInsteadOfSilentlySelectingNothing (16243957 ns)
    [ PASSED ] CASE: requiredMutualTlsUsesClientIdentityAndReturnsServerVerificationEvidence (22894155 ns)
    [ PASSED ] CASE: requiredMutualTlsRejectsMissingClientIdentityButOptionalAllowsIt (25640089 ns)
    [ PASSED ] CASE: mismatchedSpkiPinFailsARealClientServerHandshake (13213169 ns)
    [ PASSED ] CASE: externalSignerCompletesARealHandshakeOutsideTheNativeCallback (35619004 ns)
    [ PASSED ] CASE: externalSignerExceptionFailsClosedWithoutCrossingTheCAbi (15068191 ns)
    [ PASSED ] CASE: cancellationBeforeSignerInvocationFailsThePendingNativeOperation (13415838 ns)
    [ PASSED ] CASE: tls12ContextVersionsPartitionRealClientAndServerSessions (31936364 ns)
    [ PASSED ] CASE: tls13ContextVersionsPartitionRealClientAndServerTickets (31648328 ns)
    [ PASSED ] CASE: pumpHandlesWantReadWriteAndPartialIoWithBoundedBuffers (90514 ns)
    [ PASSED ] CASE: wantWriteWithoutCiphertextFailsInsteadOfSpinning (90665 ns)
    [ PASSED ] CASE: eofDuringWantReadRetainsTlsHandshakeEvidence (82713 ns)
    [ PASSED ] CASE: preCancellationStopsBeforeCallingProviderOrTransport (84244 ns)
    [ PASSED ] CASE: expiredDeadlineStopsBeforeCallingProviderOrTransport (77259 ns)
    TCS: LocalIdentityTest, time elapsed: 5753274 ns, RESULT:
    [ PASSED ] CASE: pkcs8InputIsExactBoundedAndZeroizable (816047 ns)
    [ PASSED ] CASE: pkcs8FileAdapterReadsOneBoundedRegularFile (602795 ns)
    [ PASSED ] CASE: localIdentityValidatesLeafKeyMatchAndHasStablePublicIdentity (1814024 ns)
    [ PASSED ] CASE: mismatchedCertificateAndPrivateKeyFailAtIdentityBuild (912832 ns)
    [ PASSED ] CASE: externalSignerAndSystemHandleShareOneOpaqueKeyContract (434272 ns)
    [ PASSED ] CASE: duplicateSignerAlgorithmsAndMismatchedSpkiFailAtBuild (385277 ns)
    TCS: M3028TlsFuzzTest, time elapsed: 42689391808 ns, RESULT:
    [ PASSED ] CASE: recordMutationsHaveDeterministicTypedTerminals (17511756319 ns)
    [ PASSED ] CASE: handshakeMutationsHaveDeterministicTypedTerminals (16539248787 ns)
    [ PASSED ] CASE: certificateAdapterMutationsHaveDeterministicTypedTerminals (8636694976 ns)
    TCS: TlsM8006ContextTest, time elapsed: 2191345 ns, RESULT:
    [ PASSED ] CASE: sessionPartitionsRetainOnlyTheMatchingContextVersion (45912 ns)
    [ PASSED ] CASE: decryptorRequiresProviderCapabilityAndRsaExternalIdentity (1484862 ns)
    [ PASSED ] CASE: keyLogSinkRequiresExplicitProviderCapability (90817 ns)
    TCS: TlsProviderSubstitutionTest, time elapsed: 1294117 ns, RESULT:
    [ PASSED ] CASE: testProviderUsesTheProductionFactoryContract (558530 ns)
    [ PASSED ] CASE: objectsFromDifferentProviderInstancesCannotMix (254154 ns)
    [ PASSED ] CASE: activeEngineRetainsProviderUntilItCloses (21037 ns)
    TCS: TlsSessionStoreTest, time elapsed: 443553 ns, RESULT:
    [ PASSED ] CASE: boundedLruExpiryAndSingleUseAreDeterministic (40571 ns)
    [ PASSED ] CASE: everySecurityPartitionDimensionPreventsReuse (59167 ns)
Summary: TOTAL: 70
    PASSED: 70, SKIPPED: 0, ERROR: 0
    FAILED: 0
--------------------------------------------------------------------------------------------------
TP: wirestack.internal.transport, time elapsed: 222198691 ns, RESULT:
    TCS: ByteSpanTest, time elapsed: 2380196 ns, RESULT:
    [ PASSED ] CASE: defaultsCoverWholeArrayAndEmptyArray (348928 ns)
    [ PASSED ] CASE: sliceAndAdvanceKeepTheOriginalArray (43272 ns)
    [ PASSED ] CASE: mutableViewWritesThroughAndConvertsWithoutCopying (24888 ns)
    [ PASSED ] CASE: permitsBoundaryEmptyRanges (25062 ns)
    [ PASSED ] CASE: rejectsEveryOutOfRangeShape (89017 ns)
    TCS: CancellationTest, time elapsed: 50912794 ns, RESULT:
    [ PASSED ] CASE: cancelIsOneWayAndCallbacksRunExactlyOnce (114879 ns)
    [ PASSED ] CASE: unregisterIsIdempotentAndPreventsPendingCallback (29798 ns)
    [ PASSED ] CASE: alreadyCancelledRegistrationRunsSynchronouslyOnce (24448 ns)
    [ PASSED ] CASE: noneTokenRemainsUsableAndNotCancelled (23422 ns)
    [ PASSED ] CASE: oneFailingCallbackDoesNotBlockOtherWaiters (38050 ns)
    [ PASSED ] CASE: concurrentCancelClaimsEveryCallbackExactlyOnce (25455117 ns)
    [ PASSED ] CASE: registrationRacingCancellationStillRunsExactlyOnce (21741728 ns)
    [ PASSED ] CASE: unregisterRacingCancellationIsAtMostOnce (1885182 ns)
    [ PASSED ] CASE: callbackMayReenterCancellationAndRegistrationWithoutDeadlock (45557 ns)
    TCS: OperationCompletionTest, time elapsed: 37044016 ns, RESULT:
    [ PASSED ] CASE: completionCleansEveryResourceBeforeTheWinnerCallback (50120 ns)
    [ PASSED ] CASE: unregisterAndLateRegistrationHaveExplicitTerminalSemantics (35006 ns)
    [ PASSED ] CASE: cleanupCapacityIsPositiveAndHardBounded (188716 ns)
    [ PASSED ] CASE: cleanupFailuresAndReentrancyCannotBlockTerminalProgress (62769 ns)
    [ PASSED ] CASE: winnerExceptionDoesNotReopenTheCompletion (36334 ns)
    [ PASSED ] CASE: cleanupCountPropertyHoldsAcrossEveryConfiguredOccupancy (506566 ns)
    [ PASSED ] CASE: concurrentTerminalCallersHaveOneWinner (4952366 ns)
    [ PASSED ] CASE: registrationRacingCompletionIsAlwaysCleanedOnce (26549386 ns)
    [ PASSED ] CASE: unregisterRacingCompletionRunsCleanupAtMostOnce (2516390 ns)
    TCS: DeadlineTest, time elapsed: 1429893 ns, RESULT:
    [ PASSED ] CASE: remainingUsesTheInjectedMonotonicClock (46186 ns)
    [ PASSED ] CASE: remainingClampsAtZeroAfterExpiry (18660 ns)
    [ PASSED ] CASE: childCanShortenButNeverExtendParent (24974 ns)
    [ PASSED ] CASE: zeroAndExpiredChildrenCannotExtendTheParent (24966 ns)
    [ PASSED ] CASE: rejectsNegativeDurations (36110 ns)
    TCS: TransportLifecycleTest, time elapsed: 7964206 ns, RESULT:
    [ PASSED ] CASE: connectingAndAcceptedPathsReachOpenOnlyInOrder (31359 ns)
    [ PASSED ] CASE: halfCloseIsDirectionalIdempotentAndConvergesOnClosing (78000 ns)
    [ PASSED ] CASE: gracefulCloseIsIdempotentAndCompletesOnlyFromClosing (42905 ns)
    [ PASSED ] CASE: abortAndFailReachEveryNonTerminalStateWithoutOverwritingTerminalEvidence (151216 ns)
    [ PASSED ] CASE: illegalTransitionsHaveStableCodesAndDoNotMutateState (226594 ns)
    [ PASSED ] CASE: closingAndTerminalStatesRejectDataOperationsWithClosedCode (162507 ns)
    [ PASSED ] CASE: operationClaimsAllowDuplexButRejectSameDirectionConcurrency (53123 ns)
    [ PASSED ] CASE: everyTerminalModeReleasesRegisteredResourcesExactlyOnce (84297 ns)
    [ PASSED ] CASE: racingTerminalTransitionsRetainOneWinnerAndOneCleanup (4565920 ns)
    [ PASSED ] CASE: terminalCleanupMayReenterAndItsRegistryRemainsBounded (71893 ns)
    TCS: M124TransportRaceTest, time elapsed: 39868158 ns, RESULT:
    [ PASSED ] CASE: readCloseReleasesBlockedOperationAndDrainsWaiter (9478819 ns)
    [ PASSED ] CASE: writeAbortReleasesBlockedOperationAndDrainsWaiter (9693536 ns)
    [ PASSED ] CASE: successAndCancelOrderingsCompleteOnceWithoutDataLeak (19814445 ns)
    TCS: MemoryTransportListenerTest, time elapsed: 50188535 ns, RESULT:
    [ PASSED ] CASE: rejectsInvalidListenerAndSchedulerBounds (63190 ns)
    [ PASSED ] CASE: listenerDeliversConnectionsInFifoOrderAndBoundsBacklog (191855 ns)
    [ PASSED ] CASE: schedulerDefersDeliveryAndReleasesFailedReservations (134120 ns)
    [ PASSED ] CASE: schedulerRunsMultipleConnectionsInStableFifoOrder (96238 ns)
    [ PASSED ] CASE: cancellationWakesAcceptWithoutClosingListener (8405775 ns)
    [ PASSED ] CASE: deadlineBoundsBlockedAcceptWithoutClosingListener (29699284 ns)
    [ PASSED ] CASE: closeWakesAcceptAndAbortsOwnedConnectionsIdempotently (9847807 ns)
    TCS: MemoryTransportTest, time elapsed: 2794043 ns, RESULT:
    [ PASSED ] CASE: pairTransfersPartialDataInBothDirections (78901 ns)
    [ PASSED ] CASE: emptyBuffersReturnZeroWithoutProducingEofOrPeerData (31577 ns)
    [ PASSED ] CASE: writeShutdownProducesPeerEofAfterBufferedData (46667 ns)
    [ PASSED ] CASE: readShutdownMakesPeerWritesFailAsBrokenPipe (70350 ns)
    [ PASSED ] CASE: cancelledBeforeOperationHasNoDataSideEffect (62550 ns)
    [ PASSED ] CASE: closeAndAbortAreIdempotentAndTerminal (59805 ns)
    [ PASSED ] CASE: cancellationWakesABlockedRead (102075 ns)
    [ PASSED ] CASE: closeWakesABlockedLocalRead (67307 ns)
    [ PASSED ] CASE: writeShutdownWakesABlockedLocalWrite (66318 ns)
    [ PASSED ] CASE: boundedBackpressureResumesAfterPeerReads (190326 ns)
    [ PASSED ] CASE: expiredDeadlineFailsBeforeAnyWrite (76631 ns)
    TCS: NetworkErrorTest, time elapsed: 545600 ns, RESULT:
    [ PASSED ] CASE: retainsStableClassificationAndEndpointEvidence (31936 ns)
    [ PASSED ] CASE: retainsLocalEndpointCauseAndOptionalDefaults (22372 ns)
    [ PASSED ] CASE: caughtErrorRetainsUnixEndpointBytesNativeCodeAndCause (22684 ns)
    [ PASSED ] CASE: pathnameRejectsNulWhileAbstractRetainsIt (16274 ns)
    TCS: OperationContextTest, time elapsed: 813983 ns, RESULT:
    [ PASSED ] CASE: backgroundHasNoDeadlineCancellationOrTrace (11445 ns)
    [ PASSED ] CASE: derivedContextsRetainEventSinkAndSinkFailuresAreIsolated (43590 ns)
    [ PASSED ] CASE: derivedContextRetainsCancellationAndTrace (20215 ns)
    [ PASSED ] CASE: derivationHelpersChangeOnlyTheirNamedField (30701 ns)
    [ PASSED ] CASE: earlierDeadlineCannotBeExtended (14183 ns)
    [ PASSED ] CASE: traceIdentifiersAreBoundedAndNonEmpty (35214 ns)
    TCS: ScriptedTransportTest, time elapsed: 25078623 ns, RESULT:
    [ PASSED ] CASE: rejectsUnboundedOrInvalidScripts (62521 ns)
    [ PASSED ] CASE: shortReadAndWriteStepsAreConsumedInOrder (49855 ns)
    [ PASSED ] CASE: emptyIoDoesNotConsumeScriptAndEofIsExplicit (27150 ns)
    [ PASSED ] CASE: resetTerminatesTransportAtInjectedPhase (45448 ns)
    [ PASSED ] CASE: failurePreservesCoordinatesWithoutTerminatingTransport (58815 ns)
    [ PASSED ] CASE: virtualWaiterReleasesBlockedOperationsInFifoOrder (14082700 ns)
    [ PASSED ] CASE: cancellationWinsAReleaseRaceAndCleansWaiter (9832774 ns)
    TCS: TransportHelperTest, time elapsed: 1752524 ns, RESULT:
    [ PASSED ] CASE: writeAllHandlesPartialWritesAndEmptyInput (28879 ns)
    [ PASSED ] CASE: readExactHandlesPartialReads (18597 ns)
    [ PASSED ] CASE: readExactClassifiesPrematureEof (24147 ns)
    [ PASSED ] CASE: emptyHelpersDoNotCallTransport (17175 ns)
    [ PASSED ] CASE: invalidProgressFailsOnceWithoutSpinning (94015 ns)
    [ PASSED ] CASE: cancellationAfterPartialProgressPropagatesWithoutRestart (207919 ns)
    [ PASSED ] CASE: absoluteDeadlineExpiresAcrossPartialRetries (158974 ns)
Summary: TOTAL: 83
    PASSED: 83, SKIPPED: 0, ERROR: 0
    FAILED: 0
--------------------------------------------------------------------------------------------------
TP: wirestack.tls, time elapsed: 156517429 ns, RESULT:
    TCS: PublicTlsFacadeTest, time elapsed: 111481908 ns, RESULT:
    [ PASSED ] CASE: clientBuilderRejectsReversedVersionRangeBeforeTransportIo (65266198 ns)
    [ PASSED ] CASE: serverBuilderRequiresAnIdentityBeforeTransportIo (9304929 ns)
    [ PASSED ] CASE: clientBuilderCopiesAlpnAndPublishesProviderNeutralCapabilities (12465392 ns)
    [ PASSED ] CASE: preCancelledHandshakeConsumesAndAbortsTheTransport (21914975 ns)
    TCS: TlsM8006ContractTest, time elapsed: 15532834 ns, RESULT:
    [ PASSED ] CASE: externalDecryptionRequestIsStrictlyRawRsaBoundedAndOwned (167960 ns)
    [ PASSED ] CASE: keyLogLineAcceptsOnlyBoundedNssShapeAndOwnsSecrets (126812 ns)
    [ PASSED ] CASE: clientContextRejectsExternalDecryptionBeforeHandshake (14255763 ns)
    TCS: TlsRuntimeTest, time elapsed: 28890590 ns, RESULT:
    [ PASSED ] CASE: reportsHandleFreeLinuxProviderAndBuildIdentity (12612457 ns)
    [ PASSED ] CASE: returnsDefensiveCopiesOfRuntimeInventories (15489705 ns)
Summary: TOTAL: 9
    PASSED: 9, SKIPPED: 0, ERROR: 0
    FAILED: 0
--------------------------------------------------------------------------------------------------
TP: wirestack.internal.platform.linux, time elapsed: 21214941 ns, RESULT:
    TCS: LinuxSystemTrustAdapterTest, time elapsed: 21214941 ns, RESULT:
    [ PASSED ] CASE: frozenSearchOrderCoversGlibcAndMuslLayouts (393169 ns)
    [ PASSED ] CASE: currentLinuxHostSelectsOneExplicitUsableSource (17281328 ns)
    [ PASSED ] CASE: missingCandidatesFailWithoutProviderDefaultFallback (136449 ns)
    [ PASSED ] CASE: directoryCandidateRequiresReadableHashedCertificateEntry (553553 ns)
    [ PASSED ] CASE: sourceIdentityChangesWhenSameSizeTrustContentChanges (553534 ns)
Summary: TOTAL: 5
    PASSED: 5, SKIPPED: 0, ERROR: 0
    FAILED: 0
--------------------------------------------------------------------------------------------------
TP: wirestack.internal.transport_stdnet, time elapsed: 216873471 ns, RESULT:
    TCS: StdNetTransportListenerTest, time elapsed: 91495232 ns, RESULT:
    [ PASSED ] CASE: listenerRejectsOutOfRangeBacklogBeforeBinding (324692 ns)
    [ PASSED ] CASE: listenerPreCancelledAndExpiredAcceptsFailFast (227438 ns)
    [ PASSED ] CASE: listenerDeadlineBoundsBlockedAcceptAndListenerRemainsUsable (38093936 ns)
    [ PASSED ] CASE: listenerCancellationWakesActiveAcceptAndListenerRemainsUsable (40075405 ns)
    [ PASSED ] CASE: listenerCloseWakesActiveAcceptWithStructuredErrorAndIsIdempotent (10945735 ns)
    TCS: M123TransportDiagnosticsTest, time elapsed: 1169541 ns, RESULT:
    [ PASSED ] CASE: stdNetReportsRuntimeEndpointsAndCapabilitiesWithoutGuessingIoBackend (460883 ns)
    [ PASSED ] CASE: deterministicTransportUsesTheSameProviderNeutralContract (104868 ns)
    TCS: M127BackgroundFastPathTest, time elapsed: 34964670 ns, RESULT:
    [ PASSED ] CASE: backgroundAndObservedPathsTransferEquivalentData (345807 ns)
    [ PASSED ] CASE: backgroundPeerCloseRemainsEof (195810 ns)
    [ PASSED ] CASE: backgroundLocalCloseRaceRemainsClosed (1254366 ns)
    [ PASSED ] CASE: backgroundStillRejectsConcurrentReaders (1240373 ns)
    [ PASSED ] CASE: cancellableAndDeadlineContextsRetainGenericChecks (259714 ns)
    [ PASSED ] CASE: deadlineTimeoutIsClearedBeforeBackgroundRead (30367635 ns)
    TCS: Net06CancellationGateTest, time elapsed: 5892338 ns, RESULT:
    [ PASSED ] CASE: cancelledReadsReleaseSocketsWaitersAndTasks (5361014 ns)
    TCS: StdNetTransportTest, time elapsed: 79586576 ns, RESULT:
    [ PASSED ] CASE: writeSomeIsPartialAndReusesBoundedConnectionStaging (530132 ns)
    [ PASSED ] CASE: wholeArrayReadAndWriteBypassStagingForATypicalTlsRecord (5207277 ns)
    [ PASSED ] CASE: subrangesRetainBoundedStagingAndCopyAccounting (364115 ns)
    [ PASSED ] CASE: connectsByResolvedIpAndTransfersBothDirections (232764 ns)
    [ PASSED ] CASE: emptyOperationsAreImmediate (319538 ns)
    [ PASSED ] CASE: unsupportedHalfClosePreservesBothDirections (752586 ns)
    [ PASSED ] CASE: cancellationAbortRemainsNativeOwnerAfterLaterClose (1420943 ns)
    [ PASSED ] CASE: listenerCloseWakesBlockedAcceptAsClosed (1118188 ns)
    [ PASSED ] CASE: cancellingOneAcceptLeavesListenerReusable (29462391 ns)
    [ PASSED ] CASE: preCancelledConnectDoesNotCreateASocket (109345 ns)
    [ PASSED ] CASE: peerGracefulCloseIsReportedAsEof (242411 ns)
    [ PASSED ] CASE: deadlineBoundsBlockedReadWithoutClosingConnection (30334744 ns)
    [ PASSED ] CASE: localCloseMapsBlockedReadWithStableEvidence (1221238 ns)
    [ PASSED ] CASE: explicitAbortWakesBlockedReadWithStableEvidence (1235027 ns)
    [ PASSED ] CASE: gracefulNativeCloseRemainsGracefulAfterLaterAbort (185899 ns)
    [ PASSED ] CASE: explicitAbortRemainsNativeOwnerAfterLaterClose (228821 ns)
    [ PASSED ] CASE: unknownConnectFailureMapsWithoutMessageOrNativeCode (162622 ns)
    [ PASSED ] CASE: concurrentReadsFailWithoutDisturbingTheActiveRead (1249902 ns)
    [ PASSED ] CASE: happyEyeballsComposesWithTheDefaultStdNetFactory (358143 ns)
Summary: TOTAL: 50
    PASSED: 33, SKIPPED: 17, ERROR: 0
    FAILED: 0
--------------------------------------------------------------------------------------------------
TP: wirestack.internal.trust, time elapsed: 62069588 ns, RESULT:
    TCS: HostnameVerifierTest, time elapsed: 2571719 ns, RESULT:
    [ PASSED ] CASE: exactDnsAndAsciiIdnaALabelMatchCaseInsensitively (376879 ns)
    [ PASSED ] CASE: wildcardMatchesExactlyOneLeftmostLabelOnly (85376 ns)
    [ PASSED ] CASE: invalidOrOverbroadWildcardsAreRejectedAtCertificateBoundary (128386 ns)
    [ PASSED ] CASE: dnsAndIpReferenceIdentitiesNeverCrossMatch (86986 ns)
    [ PASSED ] CASE: subjectAlternativeNameCountIsHardBounded (110427 ns)
    TCS: M3028HostnameFuzzTest, time elapsed: 57126614 ns, RESULT:
    [ PASSED ] CASE: hostnameMutationsHaveDeterministicTypedTerminals (56801235 ns)
    TCS: TrustPolicyTest, time elapsed: 2117716 ns, RESULT:
    [ PASSED ] CASE: nativeX509ParserAcceptsOneExactDerObjectAndRejectsTrailingBytes (605037 ns)
    [ PASSED ] CASE: certificateAndChainLimitsFailBeforeUnboundedParsingOrCopying (368554 ns)
    [ PASSED ] CASE: everyTrustPolicyHasAStableContentIdentityAndNoTrustAllState (472907 ns)
    [ PASSED ] CASE: pinAlgorithmAndScopeAreExplicitAndMalformedPinsFail (32549 ns)
Summary: TOTAL: 10
    PASSED: 10, SKIPPED: 0, ERROR: 0
    FAILED: 0
--------------------------------------------------------------------------------------------------
TP: wirestack.internal.connector, time elapsed: 14146472 ns, RESULT:
    TCS: AttemptPlanTest, time elapsed: 2000021 ns, RESULT:
    [ PASSED ] CASE: alternatesFamiliesAndPreservesFamilyOrder (366424 ns)
    [ PASSED ] CASE: firstFamilyControlsPreferenceAndDuplicatesAreRemoved (53330 ns)
    [ PASSED ] CASE: distinctIpv6ZonesAreNotDeduplicated (39823 ns)
    [ PASSED ] CASE: rejectsEmptyCandidatesAndNegativeDelay (68828 ns)
    TCS: HappyEyeballsConnectorTest, time elapsed: 10212259 ns, RESULT:
    [ PASSED ] CASE: emitsCompleteDnsAttemptAndConnectedLifecycle (356246 ns)
    [ PASSED ] CASE: blackholedFirstCandidateIsCancelledAndJoinedBeforeReturn (7437444 ns)
    [ PASSED ] CASE: ipv6FirstSuccessSkipsLaterIpv4Attempt (192926 ns)
    [ PASSED ] CASE: simultaneousSuccessKeepsOneWinnerAndAbortsEveryLoser (204189 ns)
    [ PASSED ] CASE: allFailuresAreJoinedAndRetainedAsDiagnostics (111266 ns)
    [ PASSED ] CASE: preCancelledParentStartsNeitherDnsNorAttempts (53780 ns)
    [ PASSED ] CASE: parentCancellationAfterSuccessPreventsWinnerPublication (161213 ns)
    [ PASSED ] CASE: deadlineAtSuccessBoundaryPreventsWinnerPublication (149003 ns)
    TCS: ConnectionRouteTest, time elapsed: 1712638 ns, RESULT:
    [ PASSED ] CASE: directRouteRetainsItsLocalOriginResolver (114253 ns)
    [ PASSED ] CASE: explicitProxySeparatesOriginAndProxyDns (46361 ns)
    [ PASSED ] CASE: typedIpTargetsNeverCarryResolvers (93060 ns)
    [ PASSED ] CASE: rejectsDelegatedDnsWithoutAnOwningProxyAndInvalidConnectTargets (68775 ns)
    [ PASSED ] CASE: networkAndTlsParametersAreBoundedAndOwned (728961 ns)
Summary: TOTAL: 17
    PASSED: 17, SKIPPED: 0, ERROR: 0
    FAILED: 0
--------------------------------------------------------------------------------------------------
TP: wirestack.http, time elapsed: 14683128121 ns, RESULT:
    TCS: RequestBodyTest, time elapsed: 1917483 ns, RESULT:
    [ PASSED ] CASE: byteBodiesOwnInputAndReplayWithIndependentOffsets (271145 ns)
    [ PASSED ] CASE: emptyAndUtf8StringBodiesHaveExactLengths (29661 ns)
    [ PASSED ] CASE: oneShotBodyCanOnlyBeClaimedOnce (58138 ns)
    [ PASSED ] CASE: factoryMustReturnTheDeclaredLengthAndMismatchIsClosed (24904 ns)
    [ PASSED ] CASE: closedStreamRejectsFurtherReads (25541 ns)
    [ PASSED ] CASE: fileBodyStreamsAndReopensWithoutEagerReads (199305 ns)
    [ PASSED ] CASE: fileBodyRejectsOversizeAndChangesBeforeOpen (146082 ns)
    TCS: HttpClientExtensionsTest, time elapsed: 48753740 ns, RESULT:
    [ PASSED ] CASE: nativeCookiesAndServiceHooksSurviveThrowingPoolObservers (36160794 ns)
    [ PASSED ] CASE: mismatchedUpgradePairingsNeverOpenConnections (304835 ns)
    [ PASSED ] CASE: unavailableServerPushClosesTheOwnedResponse (11415610 ns)
    TCS: HttpCookieJarTest, time elapsed: 310128431 ns, RESULT:
    [ PASSED ] CASE: cookieSerializesStandardMetadataWithoutInventingBrowserPolicy (150783 ns)
    [ PASSED ] CASE: hostOnlyAndDomainCookiesDoNotLeakAcrossDnsBoundaries (631390 ns)
    [ PASSED ] CASE: bundledPublicSuffixRulesProtectRegistrableBoundariesByDefault (1419519 ns)
    [ PASSED ] CASE: defaultPathAndPathMatchUseDirectoryAndSlashBoundaries (201530 ns)
    [ PASSED ] CASE: maxAgeTakesPrecedenceAndNonPositiveValuesDeleteTheIdentity (249125 ns)
    [ PASSED ] CASE: secureMetadataControlsTransportAndHttpOnlyDoesNotChangeWireSelection (86648 ns)
    [ PASSED ] CASE: valuedSecureAttributeCannotLeakCookiesToCleartext (91384 ns)
    [ PASSED ] CASE: cleartextOriginsCannotCreateOrOverlaySecureCookies (470091 ns)
    [ PASSED ] CASE: cleartextQuotaFloodCannotEvictSecureIdentityAndInstallReplacement (297085 ns)
    [ PASSED ] CASE: allSecureQuotaRejectsCleartextInsertionsFromBothStorageEntrypoints (180981 ns)
    [ PASSED ] CASE: rejectsHeaderInjectionAndInvalidCookieOctetsBeforeStorage (136429 ns)
    [ PASSED ] CASE: capacityHeaderBoundsAndReplacementRemainDeterministic (150337 ns)
    [ PASSED ] CASE: removalClearAndSnapshotsExposeOnlyLiveImmutableCookies (114797 ns)
    [ PASSED ] CASE: concurrentStoresAndReadsRemainRaceFreeAndBounded (2441996 ns)
    [ PASSED ] CASE: boundedSetCookieMutationsPreserveScopeAndHeaderSafety (299545706 ns)
    TCS: Http1DeterministicFuzzTest, time elapsed: 17449012 ns, RESULT:
    [ PASSED ] CASE: acceptedUrlMutationsRoundTripToOneCanonicalIdentity (7635952 ns)
    [ PASSED ] CASE: acceptedNoProxyMutationsRemainDeterministicAcrossTargets (7873423 ns)
    [ PASSED ] CASE: proxyAuthorizationMutationCannotInjectBeforeDnsOrConnect (425070 ns)
    TCS: HttpErrorTest, time elapsed: 691759 ns, RESULT:
    [ PASSED ] CASE: publicGetMapsInvalidUrlWithoutNetworkSideEffects (219219 ns)
    [ PASSED ] CASE: classifierProvidesStableHttpFailureCodes (75152 ns)
    TCS: HttpFacadeTest, time elapsed: 973191869 ns, RESULT:
    [ PASSED ] CASE: requestCancellationOutlivesCompletedParentWhileTransferredPushStalls (100963256 ns)
    [ PASSED ] CASE: cancellationWrapperPreservesProtocolCompletionPolicy (61323 ns)
    [ PASSED ] CASE: typedCancellationHandlesAreScopedIdempotentAndStopBeforeNetworkIo (3074105 ns)
    [ PASSED ] CASE: publicHttp1ConnectionHandleCancelsBodyAndLeavesClientReusable (18106507 ns)
    [ PASSED ] CASE: publicHttp2StreamAndConnectionHandlesRespectTheirScopes (116022684 ns)
    [ PASSED ] CASE: publicHttp2SlowStreamCannotStarveOneTenOrHundredSiblings (294563936 ns)
    [ PASSED ] CASE: tlsHttp2StreamLimitIsAppliedAcrossConcurrentPublicRequests (43858952 ns)
    [ PASSED ] CASE: tlsFacadeNegotiatesHttp2AndMapsBodyTrailersAndResponse (64215468 ns)
    [ PASSED ] CASE: explicitResolverConnectsPublicClientAndServer (3056272 ns)
    [ PASSED ] CASE: defaultSystemResolverConnectsPublicClientAndServer (272384962 ns)
    [ PASSED ] CASE: clientFollowsOriginRelativeRedirectEndToEnd (2965759 ns)
    [ PASSED ] CASE: clientRetriesOneTemporaryDnsFailureWithinTheSameDeadline (2330324 ns)
    [ PASSED ] CASE: forwardProxyUsesAbsoluteFormIndependentDnsAndHookCredentials (2650837 ns)
    [ PASSED ] CASE: serverBuilderRequiresEndpointAndHandler (35484 ns)
    [ PASSED ] CASE: tlsServerConfigFailsClosedBeforeBinding (195795 ns)
    [ PASSED ] CASE: followedHttp2RedirectClosesUnclaimedPushBeforeClientTeardown (43999893 ns)
    TCS: Http2ConcurrentResponseBodyTest, time elapsed: 40808303 ns, RESULT:
    [ PASSED ] CASE: twoPublicHttp2BodiesCompleteIndependently (40452836 ns)
    TCS: FileHandlerTest, time elapsed: 17041896 ns, RESULT:
    [ PASSED ] CASE: confinedDownloadRejectsTraversalAndSymlinkWhileOpenBodyOutlivesHandler (5933917 ns)
    [ PASSED ] CASE: uploadPublishesOneCompleteBinaryFileAndNeverPublishesRejectedMultipart (10106977 ns)
    [ PASSED ] CASE: uploadCommitChecksContextAfterDurabilityBeforePublication (268943 ns)
    TCS: HttpMessageTest, time elapsed: 1767541 ns, RESULT:
    [ PASSED ] CASE: requestFactoriesProduceImmutableProtocolNeutralModels (91254 ns)
    [ PASSED ] CASE: responseEofCompletesObserverExactlyOnce (54146 ns)
    [ PASSED ] CASE: earlyCloseAbandonsObserverExactlyOnce (50041 ns)
    [ PASSED ] CASE: readFailureClosesAndAbandonsTheBody (40825 ns)
    [ PASSED ] CASE: emptyDestinationDoesNotMistakeNoProgressForEof (29149 ns)
    [ PASSED ] CASE: boundedDrainCompletesOnlyWhenEofIsProven (40307 ns)
    [ PASSED ] CASE: invalidSourceProgressFailsClosed (41610 ns)
    [ PASSED ] CASE: responseRejectsInvalidStatusAndReason (62934 ns)
    TCS: MultipartTest, time elapsed: 6982450767 ns, RESULT:
    [ PASSED ] CASE: writerStreamsExactBinaryFramingAndReplaysIndependently (442773 ns)
    [ PASSED ] CASE: boundarySeparatorsRoundtripThroughContentTypeAndBody (1904537 ns)
    [ PASSED ] CASE: readerPreservesBinaryWhenEveryDelimiterIsSplitAcrossReads (1365122 ns)
    [ PASSED ] CASE: closingPartDiscardsOnlyThatPartAndReleasesNextPart (1438350 ns)
    [ PASSED ] CASE: malformedAndConfiguredLimitsCloseOwnedSource (397214 ns)
    [ PASSED ] CASE: partCountLimitRejectsBeforeParsingUnboundedAdditionalMetadata (322777 ns)
    [ PASSED ] CASE: boundedDeterministicWireMutationsAreChunkIndependent (6967879979 ns)
    [ PASSED ] CASE: deterministicMutationHarnessEnforcesSmallLimitsAndOwnedClosure (5535361 ns)
    TCS: HttpModelTest, time elapsed: 2114289 ns, RESULT:
    [ PASSED ] CASE: methodSupportsStandardAndExtensionTokens (21985 ns)
    [ PASSED ] CASE: headersPreserveOrderAndMultipleValues (36226 ns)
    [ PASSED ] CASE: headersOwnTheirInputAndOutputArrays (19013 ns)
    [ PASSED ] CASE: builderSetAndRemoveUseCaseInsensitiveNames (69036 ns)
    [ PASSED ] CASE: rejectsInjectionAndInvalidNames (65691 ns)
    [ PASSED ] CASE: enforcesCountLineAndTotalLimits (41941 ns)
    [ PASSED ] CASE: urlNormalizesSchemeHostAndDefaultTarget (40798 ns)
    [ PASSED ] CASE: urlPreservesExplicitPortPathAndQuery (37346 ns)
    [ PASSED ] CASE: urlRequiresBracketedIpv6AndKeepsQueryOnlyTargetValid (28011 ns)
    [ PASSED ] CASE: urlRejectsAmbiguousAndUnsafeInputs (150180 ns)
    [ PASSED ] CASE: trailerRejectsRoutingAndFramingFields (218359 ns)
    TCS: HttpProxyPolicyTest, time elapsed: 1260173 ns, RESULT:
    [ PASSED ] CASE: noProxyMatchesDnsBoundariesAndOptionalPorts (164168 ns)
    [ PASSED ] CASE: noProxyMatchesTypedIpLiteralsExactlyAndWildcardExplicitly (98722 ns)
    [ PASSED ] CASE: endpointsRetainDnsIpv4AndIpv6RouteIdentity (40473 ns)
    [ PASSED ] CASE: routeSelectionUsesNoProxyWithoutCallingAuthorizationHook (96400 ns)
    [ PASSED ] CASE: rejectsAmbiguousNoProxyPatternsAndEndpointPorts (69213 ns)
    TCS: HttpRedirectPolicyTest, time elapsed: 1491158 ns, RESULT:
    [ PASSED ] CASE: rewritesPostOn302AndRemovesBodyHeaders (184832 ns)
    [ PASSED ] CASE: stripsSensitiveHeadersOnlyAcrossOrigins (223214 ns)
    [ PASSED ] CASE: rejectsDowngradeLimitAndOneShotReplay (238997 ns)
    [ PASSED ] CASE: resolvesSchemeRelativeAndQueryOnlyLocations (76776 ns)
    [ PASSED ] CASE: resolvesRelativePathsAndRemovesDotSegments (115671 ns)
    TCS: HttpRetryPolicyTest, time elapsed: 586740 ns, RESULT:
    [ PASSED ] CASE: retriesOnlyIdempotentReplayableStructuredFailures (57673 ns)
    [ PASSED ] CASE: explicitSafetyAllowsPostButDisabledAndOneShotFailClosed (47857 ns)
    [ PASSED ] CASE: cancellationDeadlineUnknownAndNeverAreNotRetried (39043 ns)
    [ PASSED ] CASE: goAwayRetriesOnlyDefinitelyUnprocessedSafeReplayableRequests (47557 ns)
    TCS: Http1SseStreamingProfileTest, time elapsed: 3006818627 ns, RESULT:
    [ PASSED ] CASE: http1StreamsWithoutLifetimeAccumulationAndCancels (3006538427 ns)
    TCS: Http2SseStreamingProfileTest, time elapsed: 3031934739 ns, RESULT:
    [ PASSED ] CASE: http2StreamsWithoutLifetimeAccumulationAndPreservesSibling (3031510202 ns)
    TCS: M2005SystemResolverTest, time elapsed: 9885582 ns, RESULT:
    [ PASSED ] CASE: resolvesLocalhostThroughThePublicContract (8495333 ns)
    [ PASSED ] CASE: fixtureReturnsAllCandidatesAndDoesNotInventTtl (25942 ns)
    [ PASSED ] CASE: fixtureAppliesFamilyAndResultBounds (17271 ns)
    [ PASSED ] CASE: fixtureMapsStableErrorsAndRetainsNativeEvidence (14108 ns)
    [ PASSED ] CASE: fixtureCancellationAndDeadlineReturnBeforeNativeCleanup (20378 ns)
    [ PASSED ] CASE: validatesBoundsAndRejectsUseAfterClose (142896 ns)
    TCS: WebSocketHandshakeTest, time elapsed: 63142853 ns, RESULT:
    [ PASSED ] CASE: nativeHttp1UpgradeTransfersFramesAndClosesSession (5516715 ns)
    [ PASSED ] CASE: nativeHttp2ExtendedConnectKeepsSiblingRequestsUsable (56604057 ns)
    TCS: WebSocketConnectionTest, time elapsed: 168278913 ns, RESULT:
    [ PASSED ] CASE: fragmentedUtf8AndAutomaticPongSurviveOneByteTransportReads (322499 ns)
    [ PASSED ] CASE: preCancelledSendPerformsNoIoAndLeavesUntouchedSessionHealthy (160206 ns)
    [ PASSED ] CASE: fragmentedMessageBoundRejectsBeforeWritingAndPreservesProgression (182159 ns)
    [ PASSED ] CASE: roleMaskingAndNonCanonicalLengthFailClosedWithProtocolStatus (284144 ns)
    [ PASSED ] CASE: fragmentedTextRejectsInvalidContinuationAtTheMessageBoundary (131476 ns)
    [ PASSED ] CASE: gracefulCloseEchoesStatusAndCompletesBothOwners (142700 ns)
    [ PASSED ] CASE: handshakeCryptoMatchesRfcVectorAndReturnsCanonicalFreshKeyShape (74316 ns)
    [ PASSED ] CASE: framePayloadIsOwnedAndCloseInputIsStrict (53420 ns)
    [ PASSED ] CASE: boundedDeterministicWireMutationsAreSplitInvariantAndFailClosed (165136969 ns)
Summary: TOTAL: 113
    PASSED: 110, SKIPPED: 3, ERROR: 0
    FAILED: 0
--------------------------------------------------------------------------------------------------
TP: wirestack.internal.http1, time elapsed: 2401685106 ns, RESULT:
    TCS: HttpAutomaticHttpsClientTest, time elapsed: 8914386 ns, RESULT:
    [ PASSED ] CASE: h2NegotiationMultiplexesTenRequestsOnOneTlsConnection (4798898 ns)
    [ PASSED ] CASE: http11NegotiationFallsBackAndReusesTheAdoptedConnection (2917503 ns)
    TCS: Http1ChunkedCodecTest, time elapsed: 4229595 ns, RESULT:
    [ PASSED ] CASE: decoderStreamsDataExtensionsTrailersAndRemainder (238733 ns)
    [ PASSED ] CASE: decoderHandlesEveryBoundaryOneByteAtATime (226022 ns)
    [ PASSED ] CASE: encoderProducesCanonicalChunksAndBoundedTrailers (296626 ns)
    [ PASSED ] CASE: rejectsInvalidSizeExtensionAndTerminators (206563 ns)
    [ PASSED ] CASE: enforcesBodyChunkLineAndTrailerBounds (147537 ns)
    [ PASSED ] CASE: streamingResponseKeepsEachChunkBoundedWithoutALifetimeCeiling (287133 ns)
    [ PASSED ] CASE: rejectsForbiddenOrFoldedTrailers (121808 ns)
    [ PASSED ] CASE: eofAndPostCompletionUseFailClosedStates (82419 ns)
    [ PASSED ] CASE: decodeBatchesOwnDataAndRemainingBytes (64520 ns)
    TCS: Http1ClientConnectionTest, time elapsed: 33206852 ns, RESULT:
    [ PASSED ] CASE: expectContinueWaitsForApprovalBeforeOpeningBody (2332037 ns)
    [ PASSED ] CASE: finalRejectionBeforeContinueNeverOpensRequestBody (1719804 ns)
    [ PASSED ] CASE: continueWaitTimeoutSendsBodyUnderTheOriginalBudget (22092864 ns)
    [ PASSED ] CASE: serializesRequestsUntilBodyEofThenReusesConnection (1506493 ns)
    [ PASSED ] CASE: earlyBodyCloseClosesInsteadOfReturningConnectionForReuse (2009501 ns)
    [ PASSED ] CASE: connectionCloseResponseIsNeverReusableAfterEof (1507621 ns)
    TCS: Http1CleartextClientTest, time elapsed: 4885049 ns, RESULT:
    [ PASSED ] CASE: resolvesConnectsAndReusesOnlyAfterBodyCompletion (3827542 ns)
    [ PASSED ] CASE: rejectsHttpsBeforeDnsOrPoolMutation (206731 ns)
    TCS: Http1ConnectionPoolTest, time elapsed: 5647655 ns, RESULT:
    [ PASSED ] CASE: emitsSecretFreeAcquireAndReleaseLifecycle (619518 ns)
    [ PASSED ] CASE: reusesOnlyTheSameCompleteKey (530605 ns)
    [ PASSED ] CASE: enforcesTotalPerKeyIdleAndWaiterBounds (1053844 ns)
    [ PASSED ] CASE: activeWaitHonorsCancellationAndReleasesWaiterSlot (601447 ns)
    [ PASSED ] CASE: evictsExpiredAndClosedConnectionsInsteadOfReusingThem (1027898 ns)
    [ PASSED ] CASE: failedCreationRollsBackItsCapacityReservation (589315 ns)
    TCS: Http1HeadParserTest, time elapsed: 4244963 ns, RESULT:
    [ PASSED ] CASE: requestParsesIncrementallyAndReturnsBodyRemainder (345413 ns)
    [ PASSED ] CASE: oneFeedRetainsBytesAfterTheHead (167529 ns)
    [ PASSED ] CASE: responseParsesStatusReasonHeadersAndFraming (216003 ns)
    [ PASSED ] CASE: acceptsOriginAbsoluteAuthorityAndAsteriskFormsOnlyWhereValid (459355 ns)
    [ PASSED ] CASE: rejectsBareLfObsFoldAndInvalidHeaderSyntax (229114 ns)
    [ PASSED ] CASE: requiresOneValidHostAndMatchingAbsoluteAuthority (462990 ns)
    [ PASSED ] CASE: rejectsInvalidTargetVersionAndBoundViolations (163736 ns)
    [ PASSED ] CASE: completedParserCannotBeReused (128627 ns)
    TCS: Http2Streams1BenchmarkTest, time elapsed: 33049596 ns, RESULT:
    [ PASSED ] CASE: benchmarkOneConcurrentStream (32509032 ns)
    TCS: Http2Streams10BenchmarkTest, time elapsed: 149648834 ns, RESULT:
    [ PASSED ] CASE: benchmarkTenConcurrentStreams (148926004 ns)
    TCS: Http2Streams100BenchmarkTest, time elapsed: 1742040255 ns, RESULT:
    [ PASSED ] CASE: benchmarkHundredConcurrentStreams (1741540342 ns)
    TCS: Http1HundredConnectionBaselineTest, time elapsed: 51134191 ns, RESULT:
    [ PASSED ] CASE: benchmarkHundredConcurrentConnections (50741021 ns)
    TCS: Http2ConnectionPoolTest, time elapsed: 4529648 ns, RESULT:
    [ PASSED ] CASE: alpnPrefersH2AndFallsBackOnlyToHttp11 (50240 ns)
    [ PASSED ] CASE: oneConnectionIsSharedUntilPeerStreamCapacityIsFull (431759 ns)
    [ PASSED ] CASE: concurrentFirstUseDoesNotCreateAConnectionStampede (798424 ns)
    [ PASSED ] CASE: newConnectionIsPublishedOnlyAfterItsFirstStreamIsAdmitted (107508 ns)
    [ PASSED ] CASE: closeRacingUnpublishedAdmissionReleasesConnectionOwners (736152 ns)
    [ PASSED ] CASE: completeSecurityKeyPreventsCrossContextReuse (176763 ns)
    [ PASSED ] CASE: drainingConnectionRetainsExistingStreamButReceivesNoNewLease (126160 ns)
    [ PASSED ] CASE: drainingConnectionWaitsForNonLocalOwnersBeforeDiscard (130415 ns)
    [ PASSED ] CASE: fullBoundedPoolHonorsOneCallerDeadline (96470 ns)
    [ PASSED ] CASE: poolCloseAbortsEverySharedConnectionExactlyOnce (111695 ns)
    TCS: Http1FramingTest, time elapsed: 2333676 ns, RESULT:
    [ PASSED ] CASE: requestUsesOneSharedEmptyLengthOrChunkedDecision (118023 ns)
    [ PASSED ] CASE: identicalContentLengthsAreAcceptedAcrossFieldsAndLists (59044 ns)
    [ PASSED ] CASE: conflictingOrInvalidContentLengthsAreRejected (262516 ns)
    [ PASSED ] CASE: contentLengthAndTransferEncodingNeverCoexist (126782 ns)
    [ PASSED ] CASE: ambiguousTransferEncodingIsRejected (240561 ns)
    [ PASSED ] CASE: responseHandlesHeadStatusesConnectAndCloseDelimiting (172290 ns)
    [ PASSED ] CASE: bodylessAndSuccessfulConnectResponsesRejectFramingFields (143934 ns)
    TCS: HttpConnectionPoolKeyTest, time elapsed: 810181 ns, RESULT:
    [ PASSED ] CASE: canonicalOriginProducesStableEqualityAndHash (34780 ns)
    [ PASSED ] CASE: everySecurityAndRouteDimensionPartitionsReuse (60046 ns)
    [ PASSED ] CASE: refusesIncompletePartitionIdentities (67015 ns)
    TCS: Http1ProxyClientPipelineTest, time elapsed: 10266144 ns, RESULT:
    [ PASSED ] CASE: dynamicConnectCredentialsNeverReuseAnAuthenticatedTunnel (5544117 ns)
    [ PASSED ] CASE: rejectedConnectDrainsClosesAndReturnsStructuredNonRetryableFailure (3476124 ns)
    TCS: Http1RequestWriterTest, time elapsed: 4427291 ns, RESULT:
    [ PASSED ] CASE: twoStageWriterDoesNotOpenBodyBeforeExplicitCommit (841000 ns)
    [ PASSED ] CASE: writesFixedBodyThroughPartialTransportOperations (630792 ns)
    [ PASSED ] CASE: streamsUnknownLengthBodyAsCanonicalChunks (639229 ns)
    [ PASSED ] CASE: rejectsDeclaredMismatchBeforeWritingAnything (181294 ns)
    [ PASSED ] CASE: prematureBodyEofRetainsPartialCommitEvidence (714062 ns)
    [ PASSED ] CASE: emptyFramingProbesSourceInsteadOfDroppingUnexpectedBytes (188909 ns)
    TCS: Http1ResponseReaderTest, time elapsed: 9317204 ns, RESULT:
    [ PASSED ] CASE: explicitUpgradeTransfersOnlyAMatching101Protocol (944448 ns)
    [ PASSED ] CASE: mismatchedUpgradeResponseFailsClosed (882649 ns)
    [ PASSED ] CASE: explicitConnectTransfersBufferedTunnelBytesAndTransportOwnership (796768 ns)
    [ PASSED ] CASE: failedConnectRemainsAnHttpResponseAndClosesAfterBody (851697 ns)
    [ PASSED ] CASE: readsInterimAndFixedResponseWithoutBufferingTheBody (665175 ns)
    [ PASSED ] CASE: received4xxAnd5xxRemainHttpResponses (639583 ns)
    [ PASSED ] CASE: decodesChunkedResponseAndPublishesTrailerAtEof (840920 ns)
    [ PASSED ] CASE: closeDelimitedBodyCompletesOnlyAtTransportEof (301200 ns)
    [ PASSED ] CASE: chunkedStreamingResponseMayExceedThePerSegmentBodyBound (342483 ns)
    [ PASSED ] CASE: prematureFixedBodyEofAbandonsResponseExactlyOnce (403521 ns)
    [ PASSED ] CASE: rejectsImplicitUpgradeAndConnectTransportTransfer (751755 ns)
    TCS: Http1SerializerTest, time elapsed: 3440926 ns, RESULT:
    [ PASSED ] CASE: clientRequestAddsHostAndUsesOriginForm (175743 ns)
    [ PASSED ] CASE: forwardProxyRequestUsesAbsoluteFormAndOriginHost (199249 ns)
    [ PASSED ] CASE: requestPreservesOrderedMultipleFieldsAndLengthFraming (143401 ns)
    [ PASSED ] CASE: requestRejectsMissingDuplicateOrMismatchedHost (110679 ns)
    [ PASSED ] CASE: responseSerializesStatusAndUsesSharedFraming (93807 ns)
    [ PASSED ] CASE: responseRejectsInjectionAndForbiddenBodyFraming (123666 ns)
    [ PASSED ] CASE: writerHandlesPartialTransportWritesUnderOneContext (355284 ns)
    [ PASSED ] CASE: serializedBytesAreDefensiveCopies (378139 ns)
    TCS: Http1ServerConnectionTest, time elapsed: 8449284 ns, RESULT:
    [ PASSED ] CASE: serializesTwoKeepAliveExchanges (3310622 ns)
    [ PASSED ] CASE: unreadRequestBodyForcesConnectionCloseAfterResponse (1036453 ns)
    [ PASSED ] CASE: handlerFailureProducesBounded500AndCloses (883206 ns)
    [ PASSED ] CASE: rejectedHandoffReleasesSessionOwnershipExactlyOnce (1114903 ns)
    [ PASSED ] CASE: selectedUpgradeOfferTransfersBufferedSessionBytes (973531 ns)
    TCS: Http1ServerRequestReaderTest, time elapsed: 17163140 ns, RESULT:
    [ PASSED ] CASE: streamsFixedRequestBodyWithoutReadingPastItsLength (768357 ns)
    [ PASSED ] CASE: rejectsOversizedFixedRequestBeforeReadingItsBody (1205647 ns)
    [ PASSED ] CASE: decodesChunkedRequestAndPublishesTrailer (1502608 ns)
    [ PASSED ] CASE: sendsContinueOnlyWhenHandlerStartsReadingTheBody (10645251 ns)
    [ PASSED ] CASE: rejectingWithoutReadingNeverSendsContinue (1012903 ns)
    TCS: Http1ServerTest, time elapsed: 28757108 ns, RESULT:
    [ PASSED ] CASE: shutdownAbortsConnectionBlockedInsideTlsHandshake (8208060 ns)
    [ PASSED ] CASE: acceptSideTlsHookOwnsConnectionAndClosesAfterShutdown (1244504 ns)
    [ PASSED ] CASE: gracefulShutdownStopsAcceptAfterCompletedConnection (843753 ns)
    [ PASSED ] CASE: expiredShutdownAbortsBlockedConnectionAndReturnsBoundedly (6345519 ns)
    [ PASSED ] CASE: connectionLimitPreventsSecondAcceptUntilCapacityReturns (10049507 ns)
    TCS: Http1ServerResponseWriterTest, time elapsed: 4381701 ns, RESULT:
    [ PASSED ] CASE: writesFixedResponseThroughPartialTransportOperations (684228 ns)
    [ PASSED ] CASE: streamsChunkedResponseAndTrailer (679701 ns)
    [ PASSED ] CASE: chunkedStreamingResponseMayExceedThePerSegmentBodyBound (594461 ns)
    [ PASSED ] CASE: headResponseNeverTransfersRepresentationBytes (88798 ns)
    [ PASSED ] CASE: closeDelimitedResponseRequiresConnectionClose (779397 ns)
    [ PASSED ] CASE: rejectsKnownLengthMismatchBeforeCommittingHead (169478 ns)
    TCS: Http1SmugglingCorpusTest, time elapsed: 109461380 ns, RESULT:
    [ PASSED ] CASE: clientAndServerFramingRejectTheSameAmbiguousHeaderCorpus (2237168 ns)
    [ PASSED ] CASE: identicalLengthsAndOneFinalChunkedCodingRemainUnambiguous (646083 ns)
    [ PASSED ] CASE: rejectsWhitespaceTargetAndProxyDifferentialCorpus (631388 ns)
    [ PASSED ] CASE: rejectsMalformedChunkAndTrailerCorpusAtInputOrEof (305215 ns)
    [ PASSED ] CASE: everyAcceptedSingleByteMutationHasACanonicalReparse (94929694 ns)
    [ PASSED ] CASE: chunkedMutationsHaveDeterministicBoundedTerminals (3886456 ns)
    [ PASSED ] CASE: validHeadParsesAtEveryTransportSplitBoundary (5379223 ns)
    TCS: Http1HttpsClientTest, time elapsed: 6291905 ns, RESULT:
    [ PASSED ] CASE: partitionsHandshakesAndReusesHttpsAfterBodyCompletion (3022760 ns)
    [ PASSED ] CASE: zeroLengthConnectionCloseDoesNotWaitForTlsPeerShutdown (2130081 ns)
    TCS: Http1TlsServerTest, time elapsed: 150840676 ns, RESULT:
    [ PASSED ] CASE: alpnServerRejectsAClientWithNoSharedHttpProtocol (66332515 ns)
    [ PASSED ] CASE: automaticClientOffersH2FirstAndFallsBackToServerHttp11 (25336619 ns)
    [ PASSED ] CASE: requiredMutualTlsCarriesAuthenticatedHttp1Exchange (32320173 ns)
    [ PASSED ] CASE: realAwsLcHandshakeCarriesOneHttp1Exchange (25845539 ns)
Summary: TOTAL: 121
    PASSED: 118, SKIPPED: 3, ERROR: 0
    FAILED: 0
--------------------------------------------------------------------------------------------------
TP: wirestack.internal.http2, time elapsed: 6841112081 ns, RESULT:
    TCS: Http2ClientConnectionTest, time elapsed: 192443214 ns, RESULT:
    [ PASSED ] CASE: encodedHeaderFailureClosesTheConnection (1655490 ns)
    [ PASSED ] CASE: tenConcurrentRequestsShareOneConnectionAndMapOutOfOrderResponses (4308522 ns)
    [ PASSED ] CASE: claimedStreamsPublishInitialHeadersInStreamIdOrder (4567723 ns)
    [ PASSED ] CASE: cancelledUnpublishedStreamDoesNotBlockNextClaim (4057502 ns)
    [ PASSED ] CASE: declaredLengthDoesNotReleaseStreamBeforeWireEndStream (1472687 ns)
    [ PASSED ] CASE: streamsRequestBodyThroughFlowControlledDataAndEndsLocallyOnce (1894603 ns)
    [ PASSED ] CASE: peerResetFailsOnlyItsStreamAndConnectionRemainsUsable (5619652 ns)
    [ PASSED ] CASE: peerGoAwayDrainsConnectionWithoutFailingAcceptedStream (1835965 ns)
    [ PASSED ] CASE: connectedStreamOutlivesHandshakeCancellationAndUsesOperationContexts (5541898 ns)
    [ PASSED ] CASE: contextlessHalfCloseDoesNotWaitForBlockedConnectionWriter (8798555 ns)
    [ PASSED ] CASE: halfCloseOrdersEndAfterAdmittedFlowControlledWrite (9262470 ns)
    [ PASSED ] CASE: gracefulCloseOrdersEndAfterAdmittedFlowControlledWrite (8372186 ns)
    [ PASSED ] CASE: gracefulCloseDeadlineStopsAdmittedFlowControlledWrite (112391616 ns)
    [ PASSED ] CASE: queuedHalfCloseCancellationDoesNotWaitForConnectionWriter (8881289 ns)
    [ PASSED ] CASE: rejectedConnectReturnsFullResponseAndClosesRequestDirection (2467729 ns)
    [ PASSED ] CASE: enabledPushAttachesBoundedCallerDrivenResponses (6177367 ns)
    TCS: Http2ClientMappingTest, time elapsed: 4729174 ns, RESULT:
    [ PASSED ] CASE: requestMapsOrderedPseudoFieldsAuthorityAndSensitiveHeaders (232249 ns)
    [ PASSED ] CASE: connectUsesOnlyMethodAndAuthorityPseudoFields (93513 ns)
    [ PASSED ] CASE: connectStreamMappingKeepsBothDataDirectionsOpen (155410 ns)
    [ PASSED ] CASE: requestRejectsAuthorityFramingAndConnectionAmbiguity (465321 ns)
    [ PASSED ] CASE: requestHeaderListHonorsHttp2BoundsBeforeHpackMutation (95188 ns)
    [ PASSED ] CASE: requestBodyProvesEofBeforeOneTerminalTrailerBlock (234118 ns)
    [ PASSED ] CASE: requestBodyRejectsPrematureEofAndConfiguredOverflow (198586 ns)
    [ PASSED ] CASE: responseMapsInformationalFinalDataAndTrailersInOrder (149170 ns)
    [ PASSED ] CASE: responseRejectsPseudoOrderCaseAndConnectionFieldsAsStreamErrors (104734 ns)
    [ PASSED ] CASE: responseRejectsInvalidStatusAndTooManyInformationalHeads (289686 ns)
    [ PASSED ] CASE: responseContentLengthMustMatchExactlyAtEndStream (107434 ns)
    [ PASSED ] CASE: streamingResponseMayExceedTheConfiguredRequestBodyBound (18919 ns)
    [ PASSED ] CASE: bodylessAndConnectResponseRulesAreExplicit (102185 ns)
    [ PASSED ] CASE: responseTrailersRequireFinalEndStreamAndRegularAllowedFields (94129 ns)
    [ PASSED ] CASE: promisedRequestValidationPrecedesApplicationPolicy (142451 ns)
    TCS: Http2ClientPushOwnershipTest, time elapsed: 1031593 ns, RESULT:
    [ PASSED ] CASE: resetLostOfferIsClosedAndNextOfferRemainsDeliverable (151669 ns)
    [ PASSED ] CASE: parentCancellationStopsTransferredStalledBodyWithoutCancellingIndependentSibling (271925 ns)
    [ PASSED ] CASE: expiredParentAbsoluteDeadlineStillGovernsTransferredBodyAfterHeaders (196001 ns)
    TCS: Http2ConformanceTest, time elapsed: 7547754 ns, RESULT:
    [ PASSED ] CASE: invalidFrameOrderMatrixFailsAtConnectionScope (450505 ns)
    [ PASSED ] CASE: continuationSequenceCompletesOnlyOnEndHeaders (156131 ns)
    [ PASSED ] CASE: rstStreamAndGoAwayRaceCompletesOwnerOnceAndCleansRegistrations (6340795 ns)
    TCS: Http2ConnectionStateMachineTest, time elapsed: 7979061 ns, RESULT:
    [ PASSED ] CASE: clientStartEmitsMagicAndSettingsThenPeerSettingsOpens (62241 ns)
    [ PASSED ] CASE: serverConsumesIncrementalMagicBeforeItsFirstSettings (62938 ns)
    [ PASSED ] CASE: invalidOrIncompletePrefaceFailsOnceWithProtocolEvidence (85208 ns)
    [ PASSED ] CASE: firstPeerFrameMustBeNonAcknowledgementSettings (64902 ns)
    [ PASSED ] CASE: openConnectionAppliesSettingsAndCompletesHeaderBlocks (59825 ns)
    [ PASSED ] CASE: peerGoAwayDrainsAndMayOnlyNarrowItsBoundary (75297 ns)
    [ PASSED ] CASE: localDrainUsesProcessedPeerBoundaryAndNeverIncreases (65601 ns)
    [ PASSED ] CASE: racingFinishTransitionsAndPublishesCompletionExactlyOnce (5579490 ns)
    TCS: Http2DeterministicFuzzTest, time elapsed: 131859984 ns, RESULT:
    [ PASSED ] CASE: frameParserDeterministicMutationCorpusStaysBounded (5522266 ns)
    [ PASSED ] CASE: hpackDecoderDeterministicMutationCorpusFailsClosed (125239924 ns)
    [ PASSED ] CASE: protocolLimitBoundaryMutationsRejectOversizedInputs (118320 ns)
    TCS: Http2FlowControllerTest, time elapsed: 6017925949 ns, RESULT:
    [ PASSED ] CASE: windowUpdateCodecIgnoresReservedBitAndRejectsZeroByScope (44615 ns)
    [ PASSED ] CASE: reservationsRespectConnectionStreamAndPeerFrameCredit (67027 ns)
    [ PASSED ] CASE: settingsShrinkPausesReservedDataAndCancellationReleasesIt (70864 ns)
    [ PASSED ] CASE: streamWindowUpdateWakesAReservedPermitAfterSettingsShrink (46185 ns)
    [ PASSED ] CASE: concurrentTryReserveNeverOvercommitsOneStream (592316 ns)
    [ PASSED ] CASE: receiveCreditReturnsOnlyAfterApplicationConsumption (80226 ns)
    [ PASSED ] CASE: smallReceiveReadsCoalesceWindowUpdates (272030 ns)
    [ PASSED ] CASE: stalledConnectionCreditFlushesOnceWithoutChangingSmallReadCoalescing (42896 ns)
    [ PASSED ] CASE: leastRecentlyServedStreamsReceiveCreditBeforeThePreviousOwner (6013894610 ns)
    [ PASSED ] CASE: connectionSendWindowIsSharedAcrossStreams (61307 ns)
    [ PASSED ] CASE: connectionAndStreamWindowViolationsHaveCorrectScope (66775 ns)
    [ PASSED ] CASE: settingsAndWindowOverflowFailAtomically (54446 ns)
    [ PASSED ] CASE: streamCleanupCancelsPermitsAndRestoresOnlyConnectionReceiveCredit (56674 ns)
    [ PASSED ] CASE: dataAccountingUsesTheEntireFramePayload (27391 ns)
    TCS: Http2FrameCodecTest, time elapsed: 1488501 ns, RESULT:
    [ PASSED ] CASE: everyRequiredFrameEnvelopeRoundTrips (148274 ns)
    [ PASSED ] CASE: parserAcceptsEverySingleByteBoundaryAndMultipleFrames (80224 ns)
    [ PASSED ] CASE: incompleteInputStaysBoundedUntilCompletion (25777 ns)
    [ PASSED ] CASE: oversizedFrameFailsBeforePayloadBufferingAndParserBecomesTerminal (52192 ns)
    [ PASSED ] CASE: reservedBitIsIgnoredOnReadAndClearedOnWrite (22887 ns)
    [ PASSED ] CASE: unknownFramesAndFlagsRoundTripWithoutInterpretation (26409 ns)
    [ PASSED ] CASE: transportWriterHandlesRepeatedPartialWrites (52587 ns)
    TCS: Http2FrameModelTest, time elapsed: 1497243 ns, RESULT:
    [ PASSED ] CASE: frameAndErrorCodesRoundTripIncludingExtensions (43584 ns)
    [ PASSED ] CASE: streamIdentifierIgnoresReservedBitAndKeepsThirtyOneBits (16030 ns)
    [ PASSED ] CASE: limitsAreExplicitAndFrameSizeIsBounded (68494 ns)
    [ PASSED ] CASE: fixedFrameShapesAndStreamScopesAreValidated (74225 ns)
    [ PASSED ] CASE: settingsRejectInvalidProtocolValuesButRetainExtensions (52597 ns)
    [ PASSED ] CASE: unknownFlagsAndFramesRemainForwardCompatible (20044 ns)
    TCS: Http2GoAwayManagerTest, time elapsed: 8407749 ns, RESULT:
    [ PASSED ] CASE: peerBoundaryRetiresOnlyDefinitelyUnprocessedStreams (747345 ns)
    [ PASSED ] CASE: narrowingBoundaryWakesEachNewlyExcludedOwnerExactlyOnce (315725 ns)
    [ PASSED ] CASE: localDrainQueuesGoAwayAndStopsAdmissionBeforeWriterRuns (200258 ns)
    [ PASSED ] CASE: fabricatedReceiveResultCannotDrainAnOpenCoordinator (89591 ns)
    [ PASSED ] CASE: racingAdmissionAndGoAwayNeverLeavesAnExcludedStreamActive (4774395 ns)
    TCS: Http2HeaderBlockAssemblerTest, time elapsed: 1487727 ns, RESULT:
    [ PASSED ] CASE: sameStreamContinuationsAssembleInExactOrder (65740 ns)
    [ PASSED ] CASE: continuationWithoutStartWrongStreamAndInterleavingFailConnection (64904 ns)
    [ PASSED ] CASE: paddingAndPriorityOverheadAreExcludedFromHeaderBytes (29946 ns)
    [ PASSED ] CASE: pushPromiseRetainsPromisedStreamAndFragmentOnly (23002 ns)
    [ PASSED ] CASE: invalidPaddingPriorityAndSelfDependencyFailClosed (67728 ns)
    [ PASSED ] CASE: accumulatedCompressedBytesHaveOneHardLimit (33976 ns)
    TCS: Http2ConnectionHealthTest, time elapsed: 794392 ns, RESULT:
    [ PASSED ] CASE: pingCodecAndConnectionAckPreserveOpaqueBytes (55280 ns)
    [ PASSED ] CASE: idleProbeIsSingleOutstandingAndMatchingAckRestoresHealth (142701 ns)
    [ PASSED ] CASE: ordinaryActivityDefersIdleProbeWithoutAllocatingATimer (28586 ns)
    TCS: Http2ConnectionCloserTest, time elapsed: 1709696 ns, RESULT:
    [ PASSED ] CASE: gracefulCloseSendsGoAwayWaitsForStreamAndClosesTransportOnce (144616 ns)
    [ PASSED ] CASE: expiredCloseAbortsActiveStreamsWithoutStartingGracefulIo (65908 ns)
    [ PASSED ] CASE: racingShorterDeadlineUpgradesInFlightGracefulCloseToOneAbort (99435 ns)
    [ PASSED ] CASE: concurrentGracefulCallersShareOneTerminalResultAndTransportClose (206549 ns)
    [ PASSED ] CASE: failedGracefulTransportCloseFallsBackToOneAbort (137142 ns)
    TCS: HpackBlockTest, time elapsed: 4446396 ns, RESULT:
    [ PASSED ] CASE: rfcRequestBlocksDecodeWithSharedDynamicState (57101 ns)
    [ PASSED ] CASE: encoderMatchesFirstRfcHuffmanRequestExample (85035 ns)
    [ PASSED ] CASE: literalModesPreserveNeverIndexedAndOnlyIncrementalMutatesTable (1697899 ns)
    [ PASSED ] CASE: tableSizeUpdateMustLeadBlockAndRespectAllowedMaximum (73806 ns)
    [ PASSED ] CASE: headerCountListAndCompressedLimitsFailClosed (688539 ns)
    [ PASSED ] CASE: peerCapacityUpdateIsEmittedBeforeHeaders (148383 ns)
    TCS: HpackCoreTest, time elapsed: 4241559 ns, RESULT:
    [ PASSED ] CASE: rfcIntegerVectorsEncodeAndDecodeExactly (51094 ns)
    [ PASSED ] CASE: integerRejectsTruncationOverflowAndInvalidPrefix (131183 ns)
    [ PASSED ] CASE: rawStringRoundTripsAndOwnsItsBytes (71486 ns)
    [ PASSED ] CASE: stringLengthLimitAndTruncationFailBeforeCopy (230893 ns)
    [ PASSED ] CASE: staticTableMatchesRfcBoundariesAndRepresentativeEntries (63550 ns)
    [ PASSED ] CASE: everyStaticEntryHasBoundedRfcAccounting (109989 ns)
    TCS: HpackDynamicTableTest, time elapsed: 1703246 ns, RESULT:
    [ PASSED ] CASE: newestEntryUsesIndexSixtyTwoAndOlderEntriesShift (24438 ns)
    [ PASSED ] CASE: exactRfcAccountingEvictsOldestEntriesFirst (46865 ns)
    [ PASSED ] CASE: oversizedEntryClearsTheEntireTableWithoutInsertion (21037 ns)
    [ PASSED ] CASE: capacityShrinkEvictsImmediatelyAndPeerLimitIsHard (46579 ns)
    [ PASSED ] CASE: withoutIndexingNeverIndexedAndSensitiveNeverEnterState (29247 ns)
    [ PASSED ] CASE: staticAndDynamicSearchReturnCanonicalLowestIndexes (206947 ns)
    [ PASSED ] CASE: zeroCapacityRetainsNoEntries (17227 ns)
    TCS: HpackHuffmanTest, time elapsed: 119411254 ns, RESULT:
    [ PASSED ] CASE: rfcRequestExamplesEncodeAndDecodeExactly (4258855 ns)
    [ PASSED ] CASE: everyOctetRoundTripsWithinAnExplicitBound (107616950 ns)
    [ PASSED ] CASE: huffmanStringLiteralUsesFlagAndSharedBounds (2495244 ns)
    [ PASSED ] CASE: eosInvalidPaddingAndTruncatedPrefixFailClosed (920409 ns)
    [ PASSED ] CASE: decodedAndEncodedOutputLimitsApplyBeforeGrowth (2443083 ns)
    TCS: Http2ConnectionReaderTest, time elapsed: 10375053 ns, RESULT:
    [ PASSED ] CASE: oneReaderDecodesEveryByteBoundaryAndDispatchesInWireOrder (1344999 ns)
    [ PASSED ] CASE: serverConsumesMagicAndFirstFrameFromTheSameRead (680149 ns)
    [ PASSED ] CASE: eofDuringPrefaceOrFrameFailsAndWakesEveryStream (1829821 ns)
    [ PASSED ] CASE: invalidTransportProgressAndHandlerFailureBecomeTerminal (2476142 ns)
    [ PASSED ] CASE: readerLoopCanOnlyBeClaimedOnce (1155630 ns)
    [ PASSED ] CASE: terminationRegistryIsBoundedRemovableAndExactlyOnce (503342 ns)
    [ PASSED ] CASE: readerRegistryReservesOneListenerBeyondTheStreamLimit (61609 ns)
    TCS: Http2ServerMappingTest, time elapsed: 9207520 ns, RESULT:
    [ PASSED ] CASE: requestHeadMapsPseudoFieldsHostAndContentLength (159210 ns)
    [ PASSED ] CASE: connectAndOptionsTargetsAreMappedStrictly (263625 ns)
    [ PASSED ] CASE: requestRejectsPseudoOrderCaseConnectionAndAuthorityAmbiguity (298188 ns)
    [ PASSED ] CASE: paddedDataReturnsAllFlowCreditAndPublishesTrailers (279266 ns)
    [ PASSED ] CASE: requestQueueIsBoundedBeforeFlowAccountingMutates (159185 ns)
    [ PASSED ] CASE: terminalLengthMismatchDoesNotConsumeFlowWindow (146100 ns)
    [ PASSED ] CASE: responseHeadersBodyFlowAndTrailersMapInOrder (2024958 ns)
    [ PASSED ] CASE: streamingResponseMayExceedTheConfiguredRequestBodyBound (1767644 ns)
    [ PASSED ] CASE: responseRulesCloseBodiesOnEveryTerminalOrFailurePath (268000 ns)
    [ PASSED ] CASE: handlerRunsOnceAndReleasesRequestOwnership (216824 ns)
    [ PASSED ] CASE: invalidDuplexResponseReleasesPreServeHandoffExactlyOnce (860726 ns)
    TCS: Http2ServerPushLifecycleTest, time elapsed: 277055409 ns, RESULT:
    [ PASSED ] CASE: largePushDoesNotDelayParentHeadersUntilPushCreditReturns (108035827 ns)
    [ PASSED ] CASE: cancelledPushReleasesItsWorkerSlotForTheNextParent (63727749 ns)
    [ PASSED ] CASE: crossOriginPushIsRejectedAndItsResponseIsClosedBeforeAnyOffer (4777838 ns)
    [ PASSED ] CASE: parentResetWhileWaitingForPushSlotIsRevalidatedBeforeReservation (59133434 ns)
    [ PASSED ] CASE: resetOfBlockedPushDoesNotBlockReaderOrReleaseWorkerSlotEarly (19464350 ns)
    [ PASSED ] CASE: blockingHeaderOnlyBodyCloseDoesNotDelayInboundReset (12576176 ns)
    [ PASSED ] CASE: duplexHandlerReturnAbortsBothStreamDirections (6592151 ns)
    TCS: Http2SettingsTest, time elapsed: 10000879 ns, RESULT:
    [ PASSED ] CASE: codecPreservesKnownUnknownAndRepeatedSettingsInOrder (144350 ns)
    [ PASSED ] CASE: peerBatchAppliesAtomicallyAndReturnsAckAndWindowDelta (112935 ns)
    [ PASSED ] CASE: invalidPeerBatchLeavesEffectiveStateUnchanged (147964 ns)
    [ PASSED ] CASE: localBatchesAreAcknowledgedInFifoOrder (59194 ns)
    [ PASSED ] CASE: unexpectedAckAndPendingBatchOverflowFailClosed (71332 ns)
    [ PASSED ] CASE: advertisedResourceValuesAreCappedByLocalPolicy (75580 ns)
    [ PASSED ] CASE: settingsFrameLengthAndAckPayloadAreRejectedByFrameLayer (97095 ns)
    [ PASSED ] CASE: peerDefaultsAreRfcValuesCappedSeparatelyFromLocalAdvertisement (57976 ns)
    [ PASSED ] CASE: clientPushAdvertisementUsesItsOwnFiniteAdmissionBound (21710 ns)
    [ PASSED ] CASE: serverEnablePushSettingIsRejectedInBothDirections (43579 ns)
    TCS: Http2StreamLifecycleTest, time elapsed: 4179776 ns, RESULT:
    [ PASSED ] CASE: bothEndStreamOrdersReachClosedExactlyOnce (37100 ns)
    [ PASSED ] CASE: initialEndStreamHalfClosesTheInitiatingSide (23402 ns)
    [ PASSED ] CASE: clientAndServerAllocateCorrectMonotonicParity (25598 ns)
    [ PASSED ] CASE: peerParityReuseAndDecreasingIdsFailConnection (61674 ns)
    [ PASSED ] CASE: localAndPeerConcurrencyLimitsAreIndependentAndCapacityReturns (65258 ns)
    [ PASSED ] CASE: invalidHalfClosedDirectionsAndUnknownStreamsFailClosed (72470 ns)
    [ PASSED ] CASE: readerTerminationClosesAndUnregistersEveryActiveStream (86089 ns)
    [ PASSED ] CASE: racingAdmissionNeverExceedsConfiguredBoundOrDuplicatesIds (696025 ns)
    [ PASSED ] CASE: racingEndDirectionsCompleteAndCleanupExactlyOnce (1625581 ns)
    TCS: Http2StreamResetManagerTest, time elapsed: 9369913 ns, RESULT:
    [ PASSED ] CASE: rstCodecPreservesKnownAndExtensionCodes (67755 ns)
    [ PASSED ] CASE: localCancelQueuesResetAndReleasesOnlyItsStream (116030 ns)
    [ PASSED ] CASE: peerResetCancelsQueuedDataPermitsAndWakesOwnerOnce (132467 ns)
    [ PASSED ] CASE: resetWakesBlockedServerBodyWithoutClosingConnection (160563 ns)
    [ PASSED ] CASE: racingLocalAndPeerResetCompletesEveryStreamExactlyOnce (4260590 ns)
    [ PASSED ] CASE: queuePressureIsAtomicAndCleanupCreditStaysBoundedForRetry (2120554 ns)
    TCS: Http2WriteSchedulerTest, time elapsed: 7810469 ns, RESULT:
    [ PASSED ] CASE: controlPrecedesDataAndPartialWritesDrainGracefully (210371 ns)
    [ PASSED ] CASE: controlBurstIsBoundedAndDataStreamsRotateFairly (428967 ns)
    [ PASSED ] CASE: queueCountAndBytesAreHardAndCancellationReleasesCapacity (134473 ns)
    [ PASSED ] CASE: concurrentProducersStillUseExactlyOneWriter (1948248 ns)
    [ PASSED ] CASE: abortInterruptsActiveWriteAndFailsEveryTicket (154309 ns)
    [ PASSED ] CASE: transportFailureFansOutAndTicketWaitHonorsCancellation (138729 ns)
    [ PASSED ] CASE: reservedDataConsumesFlowOnlyWhenTheWriterClaimsIt (77154 ns)
    [ PASSED ] CASE: serverDataEventTransfersItsPermitBeforeWriterClaim (60116 ns)
    [ PASSED ] CASE: cancellingQueuedReservedDataReturnsAllFlowCapacity (60993 ns)
    [ PASSED ] CASE: admittedHeaderBatchSurvivesResetDuringPartialFirstWrite (138624 ns)
    [ PASSED ] CASE: unstartedEncodedHeaderBatchIsIrrevocableAfterAdmission (65989 ns)
    [ PASSED ] CASE: largeHeaderBatchRemainsContiguousPastControlBurstLimit (175235 ns)
    [ PASSED ] CASE: failedHeaderBatchAdmissionTerminatesScheduler (56818 ns)
    [ PASSED ] CASE: concurrentHeaderBatchesStayContiguousOnTheWire (1053624 ns)
Summary: TOTAL: 182
    PASSED: 182, SKIPPED: 0, ERROR: 0
    FAILED: 0
--------------------------------------------------------------------------------------------------
TP: wirestack.internal.resolver, time elapsed: 41976729 ns, RESULT:
    TCS: M2006AppleSystemResolverTest, time elapsed: 12958149 ns, RESULT:
    [ PASSED ] CASE: resolvesLocalhostThroughTheProviderNeutralContract (9636348 ns)
    [ PASSED ] CASE: fixtureReturnsAllCandidatesWithoutInventingTtl (67214 ns)
    [ PASSED ] CASE: fixtureAppliesFamilyAndResultBounds (25934 ns)
    [ PASSED ] CASE: fixtureMapsPosixFailuresAndUnknownCodes (21463 ns)
    [ PASSED ] CASE: fixtureCancellationAndDeadlineReturnBeforeNativeCleanup (19790 ns)
    [ PASSED ] CASE: newResolutionObservesNetworkGenerationChange (19154 ns)
    [ PASSED ] CASE: validatesBoundsAndRejectsUseAfterClose (164348 ns)
    [ PASSED ] CASE: fixtureBoundsAdmissionAndReleasesQueuedWorkAfterClose (21511 ns)
    TCS: M2003BoundedResolverBackendTest, time elapsed: 18581576 ns, RESULT:
    [ PASSED ] CASE: resolvesLocalhostWithBoundedMetricsAndIdempotentClose (6665763 ns)
    [ PASSED ] CASE: appliesIpv4FamilyAndRejectsUseAfterClose (9748030 ns)
    [ PASSED ] CASE: validatesPoolBounds (70889 ns)
    [ PASSED ] CASE: nativeFamilyValidationFailsClosedAndPollingBackoffIsBounded (64743 ns)
    [ PASSED ] CASE: preCancelledContextDoesNotSubmitNativeWork (207064 ns)
    [ PASSED ] CASE: delayedNativeWorkDoesNotStarveCangjieHeartbeat (24604 ns)
    [ PASSED ] CASE: cancellationCompletesPromptlyWhileNativeJobCleansUp (15541 ns)
    [ PASSED ] CASE: deadlineCompletesPromptlyWhileNativeJobCleansUp (17139 ns)
    [ PASSED ] CASE: queueAdmissionIsStrictlyBounded (23667 ns)
    TCS: ResolverContractTest, time elapsed: 1043342 ns, RESULT:
    [ PASSED ] CASE: resultOwnsDeduplicatedAddressesAndDoesNotInventTtl (62398 ns)
    [ PASSED ] CASE: staticResolverFiltersFamiliesAndHonorsPreCancellation (125182 ns)
    [ PASSED ] CASE: rejectsEmptyFamilyResultAndInvalidLimits (142975 ns)
    TCS: M2002ResolverPublicContractTest, time elapsed: 994966 ns, RESULT:
    [ PASSED ] CASE: resultOwnsAllTypedCandidatesWithoutInventingTtl (86526 ns)
    [ PASSED ] CASE: staticResolverAppliesFamilyAndResultBounds (69874 ns)
    [ PASSED ] CASE: errorsRetainStablePublicCoordinates (58476 ns)
    [ PASSED ] CASE: cancellationAndDeadlineRemainDistinct (55327 ns)
    [ PASSED ] CASE: constructorsRejectInvalidBoundsAndDiagnostics (34211 ns)
    TCS: M2004WindowsSystemResolverTest, time elapsed: 7877083 ns, RESULT:
    [ PASSED ] CASE: resolvesLocalhostThroughTheProviderNeutralContract (5867832 ns)
    [ PASSED ] CASE: fixtureReturnsAllCandidatesWithoutInventingTtl (41918 ns)
    [ PASSED ] CASE: fixtureAppliesFamilyAndResultBounds (32238 ns)
    [ PASSED ] CASE: fixtureMapsWinsockFailuresAndUnknownCodes (24437 ns)
    [ PASSED ] CASE: fixtureCancellationAndDeadlineReturnBeforeNativeCleanup (44019 ns)
    [ PASSED ] CASE: validatesBoundsAndRejectsUseAfterClose (317153 ns)
Summary: TOTAL: 31
    PASSED: 31, SKIPPED: 0, ERROR: 0
    FAILED: 0
--------------------------------------------------------------------------------------------------
TP: wirestack.internal.common, time elapsed: 3488775 ns, RESULT:
    TCS: EndpointTest, time elapsed: 2122907 ns, RESULT:
    [ PASSED ] CASE: acceptsTypedIpv4AndIpv6WithoutDns (316848 ns)
    [ PASSED ] CASE: addressOwnsAnImmutableOctetSnapshot (22905 ns)
    [ PASSED ] CASE: rejectsWrongLengthsAndIpv4Zones (67218 ns)
    [ PASSED ] CASE: ipv6ZoneAndPortBoundariesRemainTypedIdentity (40783 ns)
    [ PASSED ] CASE: rejectsEmptyAndOversizedIpv6Zones (44905 ns)
    TCS: HostNameTest, time elapsed: 1240142 ns, RESULT:
    [ PASSED ] CASE: canonicalizesAsciiCaseAndOneRootDot (66281 ns)
    [ PASSED ] CASE: rejectsAmbiguousOrInvalidDnsNames (227523 ns)
    [ PASSED ] CASE: acceptsAsciiALabelAndExactDnsLengthBoundaries (126860 ns)
    [ PASSED ] CASE: rejectsOneByteBeyondLabelAndHostLimits (73913 ns)
Summary: TOTAL: 9
    PASSED: 9, SKIPPED: 0, ERROR: 0
    FAILED: 0
--------------------------------------------------------------------------------------------------
TP: wirestack.net, time elapsed: 1896050879 ns, RESULT:
    TCS: DnsClientWireTest, time elapsed: 1071174341 ns, RESULT:
    [ PASSED ] CASE: publicQueryAndLookupUseRealUdpAndRetainAbsoluteCacheExpiry (9845922 ns)
    [ PASSED ] CASE: publicQueryEncodesEveryModeledRecordType (19083246 ns)
    [ PASSED ] CASE: wrongSourceIdAndQuestionAreIgnoredBeforeValidUdpResponse (4004074 ns)
    [ PASSED ] CASE: validatedTruncationFallsBackToExactTcpFrame (1938135 ns)
    [ PASSED ] CASE: activeCancellationRetainsNameserverWithoutRetry (61251320 ns)
    [ PASSED ] CASE: silentDnsAttemptsLeaveBudgetForServerAndPassFailover (509288308 ns)
    [ PASSED ] CASE: exhaustedResponseCodesRetainTheLastRespondingNameserver (4139105 ns)
    [ PASSED ] CASE: unsupportedResponseCodeRetainsRespondingNameserver (2289224 ns)
    [ PASSED ] CASE: dnsTransportFailuresRetainSelectedNameserver (255179894 ns)
    [ PASSED ] CASE: tcpResponseCannotRemainTruncated (3994141 ns)
    [ PASSED ] CASE: malformedMatchingResponseAndUnrelatedSectionsCannotPoisonCache (7612376 ns)
    [ PASSED ] CASE: cnameTraversalUsesAnswerOwnersAndRejectsConflictingTargets (5130926 ns)
    [ PASSED ] CASE: fullResultCapacityDoesNotQueryAnotherFamily (61441189 ns)
    [ PASSED ] CASE: rfc2308CacheRetainsNxdomainVersusNodataWithoutNewPackets (7157150 ns)
    [ PASSED ] CASE: zeroTtlNeverCreatesAPositiveCacheEntry (8583499 ns)
    [ PASSED ] CASE: callerCancellationAndClientCloseWakeActiveNativeReceive (5217155 ns)
    [ PASSED ] CASE: anyFamilyRetainsAddressesWhenTheOtherFamilyFails (14228112 ns)
    [ PASSED ] CASE: crossFamilyConflictsRetainTheLivePeerAlongsideCachedResults (13256807 ns)
    [ PASSED ] CASE: nxdomainInvalidatesVisitedTargetsAndOtherCachedAliases (35684409 ns)
    [ PASSED ] CASE: everyNxdomainInvalidatesPreviouslyCachedAddresses (14761267 ns)
    [ PASSED ] CASE: noncacheableNxdomainStopsOtherFamilyQueries (5851146 ns)
    [ PASSED ] CASE: nameWideNegativeOverridesEarlierFamilyFailure (6366766 ns)
    [ PASSED ] CASE: boundedAdmissionRejectsExcessAndCloseWakesQueuedCallers (3538222 ns)
    TCS: DnsResolverPolicyTest, time elapsed: 312101827 ns, RESULT:
    [ PASSED ] CASE: fromSystemParsesTabsCommentsLastSearchAndClampedNdots (557582 ns)
    [ PASSED ] CASE: directConfigRejectsUnsupportedNameserverZonesBeforeQueries (49189 ns)
    [ PASSED ] CASE: numericNameserverZonesUseCanonicalEndpointIdentity (60465 ns)
    [ PASSED ] CASE: systemNameserversRetainOnlySupportedNumericZones (591298 ns)
    [ PASSED ] CASE: equivalentNameserverScopesDoNotConsumeTheServerLimit (412517 ns)
    [ PASSED ] CASE: configOwnsInputArraysAndReturnsDefensiveCopies (67820 ns)
    [ PASSED ] CASE: adoptedClientRequiresMatchingConfigurationWithoutTakingRejectedOwnership (266772 ns)
    [ PASSED ] CASE: systemFilesFailClosedWhenMissingOversizedOrNonregular (31100683 ns)
    [ PASSED ] CASE: ipv4LiteralsBypassHostsSearchAndNameservers (61269168 ns)
    [ PASSED ] CASE: hostsSnapshotRetainsOnlyUsableIpv6Zones (946088 ns)
    [ PASSED ] CASE: hostsAliasesFilterFamiliesAndRemainSnapshotted (1298018 ns)
    [ PASSED ] CASE: trailingRootSkipsSearchWhileNdotsSelectsSearchOrAbsoluteFirst (6546400 ns)
    [ PASSED ] CASE: exactHostsEntryWinsBeforeSearchSuffixDns (201516240 ns)
    [ PASSED ] CASE: cancelledExpiredAndClosedCallsRetainPublicResolveClassifications (724925 ns)
    [ PASSED ] CASE: connectUsesHostsMappingForANativeListenerExchange (1046890 ns)
    [ PASSED ] CASE: resolverConnectCarriesOneAbsoluteDeadlineIntoNativeTcpAdmission (604750 ns)
    TCS: DnsWireParserTest, time elapsed: 76204796 ns, RESULT:
    [ PASSED ] CASE: decodesCompressedTargetsBinaryTxtSoaAndUnknownData (276024 ns)
    [ PASSED ] CASE: recordOrderMakesAnswerAuthorityAndAdditionalBoundariesExplicit (382628 ns)
    [ PASSED ] CASE: summariesAndRecordsOwnParserAndConstructorInputs (232311 ns)
    [ PASSED ] CASE: publicSummaryRejectsCountsBeyondWireAndCombinedRecordBounds (69045394 ns)
    [ PASSED ] CASE: parserPreservesQuestionIdentityAndRejectsIncompleteRecords (167027 ns)
    [ PASSED ] CASE: asciiNameProfileRejectsAmbiguousLabels (214692 ns)
    [ PASSED ] CASE: compressionLoopsForwardPointersAndOutOfRangePointersAreRejected (102915 ns)
    [ PASSED ] CASE: expandedNameAndSectionCountsRespectConfiguredBounds (174527 ns)
    [ PASSED ] CASE: completeParserRejectsTrailingAndTruncatedSectionBytes (97840 ns)
    [ PASSED ] CASE: typedRdataLengthsAndTxtSegmentsAreExact (179582 ns)
    [ PASSED ] CASE: compressedRdataNamesCannotConsumeNeighboringRecordBytes (154371 ns)
    [ PASSED ] CASE: srvTargetCompressionIsRejectedEvenWhenPointerIsInBounds (88344 ns)
    [ PASSED ] CASE: summaryConstructorRejectsSectionMetadataThatCouldBlurBoundaries (36775 ns)
    [ PASSED ] CASE: additionalOwnerMayReferenceAuthorityNameserverTarget (138786 ns)
    [ PASSED ] CASE: additionalOwnerMayReferenceSecondLegacyMailboxName (274248 ns)
    TCS: DnsWireFuzzTest, time elapsed: 270476232 ns, RESULT:
    [ PASSED ] CASE: wireMutationsRejectMalformedMessagesOrRetainOwnedSections (269668348 ns)
    TCS: M8002TcpListenerTest, time elapsed: 54785349 ns, RESULT:
    [ PASSED ] CASE: bindRejectsInvalidBacklogAndStoppedContextsWithStructuredErrors (118339 ns)
    [ PASSED ] CASE: bindFailureRetainsPublicCoordinatesAndCause (186348 ns)
    [ PASSED ] CASE: cancelledAndExpiredAcceptsLeaveListenerReusable (28284224 ns)
    [ PASSED ] CASE: acceptedStreamTransfersExactDataInBothDirections (364527 ns)
    [ PASSED ] CASE: overlappingAcceptIsRejectedWithoutCreatingAPendingQueue (20471330 ns)
    [ PASSED ] CASE: stoppedCloseAdmissionHasNoNativeEffectAndListenerRemainsUsable (2357289 ns)
    [ PASSED ] CASE: gracefulAndAbortTerminalOwnersAreStableAndWakeAccept (357099 ns)
    TCS: M8002UdpSocketTest, time elapsed: 26952829 ns, RESULT:
    [ PASSED ] CASE: datagramBoundariesAndOwnedPayloadSurviveScratchReuse (339606 ns)
    [ PASSED ] CASE: exactCapacityAndTruncationDiscardOnlyTheCurrentDatagramTail (258952 ns)
    [ PASSED ] CASE: connectedSocketSelectsNativePeerAndFiltersOtherSenders (1547456 ns)
    [ PASSED ] CASE: invalidAndUnsupportedInputsLeaveSocketReusable (2149576 ns)
    [ PASSED ] CASE: cancellationDeadlineCloseAndAbortRetainDistinctState (21266577 ns)
    TCS: M8007TlsDeadlineCleanupTest, time elapsed: 23962194 ns, RESULT:
    [ PASSED ] CASE: closeDeadlineReleasesAnExistingNativeTcpReadWithoutPeerAssistance (23587046 ns)
    TCS: NetworkFoundationContractTest, time elapsed: 58939185 ns, RESULT:
    [ PASSED ] CASE: unixEndpointFormsAreDistinctAndOwned (20968 ns)
    [ PASSED ] CASE: unixEndpointRejectsUnboundedNames (36560 ns)
    [ PASSED ] CASE: rawSocketCapabilityBoundaryRequiresDomainSpecificProtocol (65456 ns)
    [ PASSED ] CASE: cancelledConnectFailsBeforeSocketCreation (54710 ns)
    [ PASSED ] CASE: tcpStreamCancellationDistinguishesUntouchedFromAbortedDelegate (140816 ns)
    [ PASSED ] CASE: tcpStreamGracefulCloseIsRetainedAndIdempotent (28197 ns)
    [ PASSED ] CASE: tcpStreamTerminalCloseSkipsStoppedContextsAndCallerClock (115211 ns)
    [ PASSED ] CASE: tcpStreamNonterminalStoppedCloseAdmissionStillRejects (96636 ns)
    [ PASSED ] CASE: tcpStreamCloseNormalizesContextFailureWithoutTakingOwnership (80308 ns)
    [ PASSED ] CASE: tcpStreamAbortRetainsItsCauseAndConnectionFacts (141597 ns)
    [ PASSED ] CASE: tcpStreamDirectionalShutdownPublishesOnlySuccessfulTransitions (89157 ns)
    [ PASSED ] CASE: tcpStreamReadShutdownRejectsEveryReadPathWithoutLosingWrites (127811 ns)
    [ PASSED ] CASE: tcpStreamWriteShutdownRejectsEveryWritePathWithoutLosingReads (110338 ns)
    [ PASSED ] CASE: tcpStreamEmptyOperationsRemainImmediateAfterDirectionalShutdown (39123 ns)
    [ PASSED ] CASE: tcpStreamReadExactAddsCapturedEndpointsToUnexpectedEof (71202 ns)
    [ PASSED ] CASE: tcpStreamReadKeepsPeerEofGraceful (43172 ns)
    [ PASSED ] CASE: tcpStreamReadExactMergesCapturedAndStructuredEndpointMetadata (99535 ns)
    [ PASSED ] CASE: tcpStreamIoConflictsRetainCapturedEndpointsWithoutClosing (238563 ns)
    [ PASSED ] CASE: tcpStreamDirectionalShutdownDoesNotPromoteWokenIoToFailure (3182595 ns)
    [ PASSED ] CASE: tcpStreamFinalShutdownRemainsGracefulWhenItWakesIo (137764 ns)
    [ PASSED ] CASE: tcpStreamFailuresRetainOriginalErrorAndReleaseDelegate (170937 ns)
    [ PASSED ] CASE: tcpStreamRetainsNativeCancellationOwnership (1645003 ns)
    [ PASSED ] CASE: tcpStreamNormalizesUnexpectedDelegateFailures (650834 ns)
    [ PASSED ] CASE: tcpStreamPrecancelledIoCannotClaimAnotherClosesOwnership (352961 ns)
    [ PASSED ] CASE: tcpStreamCancellationOwnershipSurvivesOtherObservers (132271 ns)
    [ PASSED ] CASE: tcpStreamAbortCannotRelabelClaimedGracefulNativeClose (63620 ns)
    [ PASSED ] CASE: tcpStreamAbortOwnershipSurvivesCompetingIoAndLateCloseFailure (123179 ns)
    [ PASSED ] CASE: tcpStreamCancellationBoundsCloseWaitAndLateSuccessRemainsGraceful (127257 ns)
    [ PASSED ] CASE: tcpStreamJoiningBackgroundCloseWaitsForCompletion (27054784 ns)
    [ PASSED ] CASE: tcpStreamDeadlineBoundsCloseWaitAndLateSuccessRemainsGraceful (114810 ns)
    [ PASSED ] CASE: tcpStreamLateCloseFailurePublishesFailedWithoutReplacingCallerCancellation (118214 ns)
    [ PASSED ] CASE: tcpStreamAbortRemainsTerminalWhenDetachedCloseFailsLate (99343 ns)
    [ PASSED ] CASE: tcpStreamCloseKeepsGracefulCauseWhenItWakesARead (60303 ns)
    [ PASSED ] CASE: unsafeOptionValueIsBoundedAndOwnedWithoutApplyingIt (168562 ns)
    [ PASSED ] CASE: datagramResultEnforcesTheIpv4PayloadBound (12036718 ns)
    [ PASSED ] CASE: datagramResultSurvivesReceiveBufferReuse (63238 ns)
Summary: TOTAL: 104
    PASSED: 104, SKIPPED: 0, ERROR: 0
    FAILED: 0
--------------------------------------------------------------------------------------------------
Project tests finished, time elapsed: 69942043642 ns, RESULT:
TP: wirestack.*, time elapsed: 69941914376 ns, RESULT:
    PASSED:
    TP: wirestack.internal.platform.linux, time elapsed: 21214941 ns
    TP: wirestack.internal.common, time elapsed: 3488775 ns
    TP: wirestack.internal.transport, time elapsed: 222198691 ns
    TP: wirestack.internal.trust, time elapsed: 62069588 ns
    TP: wirestack.internal.http2, time elapsed: 6841112081 ns
    TP: wirestack.internal.resolver, time elapsed: 41976729 ns
    TP: wirestack.internal.tls_engine, time elapsed: 43212544119 ns
    TP: wirestack.internal.connector, time elapsed: 14146472 ns
    TP: wirestack.tls, time elapsed: 156517429 ns
    TP: wirestack.internal.http1, time elapsed: 2401685106 ns
    TP: wirestack.internal.transport_stdnet, time elapsed: 216873471 ns
    TP: wirestack.net, time elapsed: 1896050879 ns
    TP: wirestack.http, time elapsed: 14683128121 ns
Summary: TOTAL: 804
    PASSED: 781, SKIPPED: 23, ERROR: 0
    FAILED: 0
--------------------------------------------------------------------------------------------------
cjpm test success
