M7-022 Linux release soak: FAIL: SOAK_ALREADY_RUNNING: another invocation is active
M0-016 validation: PASS
architecture guard: PASS
{"schema_version": 1, "source_task": "M9-003", "status": "PASS", "native": "NOT_RUN", "rows": 86, "socket_objects": ["TcpListener", "TcpStream", "UdpSocket", "UnixDatagramSocket", "UnixListener", "UnixStream"], "capability_fields": ["ancillaryData", "broadcast", "closeOnExec", "connectedDatagramSend", "halfClose", "multicast", "nonBlocking", "raw", "zeroLengthDatagramSend"], "native_scenarios": ["internet-ipv4", "internet-ipv6", "unix-pathname", "unix-abstract", "capability-contract", "dns-basic", "dns-connect", "socket-options", "http-option-connector", "invalid-option-admission", "active-send-control", "udp-disconnect", "udp-broadcast", "udp-multicast-ipv4", "udp-multicast-ipv6", "udp-membership-errors", "udp-active-receive", "udp-active-send"], "description_digest": {"domain": "text-utf8-lf-v1", "sha256": "07a4d9dd7acbbfdd533521c83b16e260924813ea7f320375a9599871c7ad0106"}, "inventory_sha256": "0bf9cc089fc9000308fe9453d228500db72fca09b07d4d06d95a4e8e646e703d"}
{"artifacts": {"api": "docs/api/generated/api-surface.json", "coverage": "docs/api/generated/coverage.json", "docs": "docs/api/generated/docs.json", "markdown": "docs/api/generated/markdown"}, "cjdoc": {"path": "<cjdoc>", "version": "0.7.2"}, "combined": {"apiEntries": 1507, "apiSha256": "4789339649a29bfcf5b7c8f778c2b7fb19154d27d817d93ed690b7147032072f", "coverage": {"parameters": {"documented": 739, "percent": 100, "total": 739}, "symbols": {"documented": 1507, "percent": 100, "total": 1507}}, "coverageSha256": "7d831ca1fd53279034966d0ce876c4b7c0d3add158b41b21e0ae69c6f9432ec4", "declarations": 2485, "docsSha256": "045f7dd55850d1cf0a81ef8708f452f58f5deb79ea8470ae20e45406f636c4fa", "markdownSha256": "988b54088600cbe0a4c63d442b309d59a3f11ecb93cf3db6b5ced6bd4f632518", "package": "combined", "status": "PASS"}, "commands": [{"kind": "check", "package": "wirestack", "returncode": 0, "status": "PASS", "stderr": "documentation coverage: symbols 662/662 (100%), parameters 262/262 (100%)\n", "stderr_truncated": false, "stdout": "", "stdout_truncated": false}, {"kind": "generate", "package": "wirestack", "returncode": 0, "status": "PASS", "stderr": "", "stderr_truncated": false, "stdout": "generated <staging>/wirestack/output\n", "stdout_truncated": false}, {"kind": "check", "package": "wirestack.http", "returncode": 0, "status": "PASS", "stderr": "documentation coverage: symbols 1065/1065 (100%), parameters 483/483 (100%)\n", "stderr_truncated": false, "stdout": "", "stdout_truncated": false}, {"kind": "generate", "package": "wirestack.http", "returncode": 0, "status": "PASS", "stderr": "", "stderr_truncated": false, "stdout": "generated <staging>/wirestack-http/output\n", "stdout_truncated": false}, {"kind": "check", "package": "wirestack.tls", "returncode": 0, "status": "PASS", "stderr": "documentation coverage: symbols 838/838 (100%), parameters 326/326 (100%)\n", "stderr_truncated": false, "stdout": "", "stdout_truncated": false}, {"kind": "generate", "package": "wirestack.tls", "returncode": 0, "status": "PASS", "stderr": "", "stderr_truncated": false, "stdout": "generated <staging>/wirestack-tls/output\n", "stdout_truncated": false}, {"kind": "check", "package": "wirestack.net", "returncode": 0, "status": "PASS", "stderr": "documentation coverage: symbols 928/928 (100%), parameters 454/454 (100%)\n", "stderr_truncated": false, "stdout": "", "stdout_truncated": false}, {"kind": "generate", "package": "wirestack.net", "returncode": 0, "status": "PASS", "stderr": "", "stderr_truncated": false, "stdout": "generated <staging>/wirestack-net/output\n", "stdout_truncated": false}, {"kind": "check", "package": "combined", "returncode": 0, "status": "PASS", "stderr": "documentation coverage: symbols 1507/1507 (100%), parameters 739/739 (100%)\n", "stderr_truncated": false, "stdout": "", "stdout_truncated": false}, {"kind": "generate", "package": "combined", "returncode": 0, "status": "PASS", "stderr": "", "stderr_truncated": false, "stdout": "generated <staging>/combined/output\n", "stdout_truncated": false}], "expectedCjdoc": "0.7.2", "generatedAtUtc": "2026-09-23T06:15:42.172427Z", "issues": [], "layers": [{"apiEntries": 662, "apiSha256": "18ef8b0e5e6dd34daae0b7bfc98e0c0c370f7237eb07e72e432c76a13726a88e", "coverage": {"parameters": {"documented": 262, "percent": 100, "total": 262}, "symbols": {"documented": 662, "percent": 100, "total": 662}}, "coverageSha256": "a33481d03da902371e26245f67bb94f450d89ef66b9c0ad36bac6970eaf207b4", "declarations": 808, "docsSha256": "df3c07c4f0458a36021e9f7928e3e0fdbde27785c527e9d40ac60e00094f1014", "markdownSha256": "3055a19762b460c1f977ca0ed29a1154c7af8cda9d232351ef2bba0e2b409b45", "package": "wirestack", "status": "PASS"}, {"apiEntries": 1065, "apiSha256": "8d605ec1ccfbfc0ece970e1f6cf0cd417752366e863c5e38dfeb1817262af271", "coverage": {"parameters": {"documented": 483, "percent": 100, "total": 483}, "symbols": {"documented": 1065, "percent": 100, "total": 1065}}, "coverageSha256": "9985a9ec1ae0dc408cc27e5a3b9ffd58782cc331046e39ba8ef58b6eba5a86c7", "declarations": 1733, "docsSha256": "39e5e92a2904d0b4dccdec819830acb17871a7100fd957d9fceacbf1683c0eb4", "markdownSha256": "b90982339ea708b7f7715aac927745b2581b6855195119690f6e0f5582139392", "package": "wirestack.http", "status": "PASS"}, {"apiEntries": 838, "apiSha256": "3de4d04409af0f532e8a5ccb3cf2790eafbcecbc9e2d8b92144e2e2db31fcdc0", "coverage": {"parameters": {"documented": 326, "percent": 100, "total": 326}, "symbols": {"documented": 838, "percent": 100, "total": 838}}, "coverageSha256": "9911e669daf6b58625ce5c52ba3482cd983ccf34a95439d3d47d87113d5757c1", "declarations": 1014, "docsSha256": "9f261ea3c18964b0dfa3d252e0d00bc0f1e37f0788b8679e97f7cce31d4ed15b", "markdownSha256": "f11ae8b6080dd249c5c33562a00732f7bbd35c67e423c0bcfc39ae9935b07646", "package": "wirestack.tls", "status": "PASS"}, {"apiEntries": 928, "apiSha256": "d5afbef40cb68d6ea7957388d850921fd1c68546f7f63f4ec39204cfd12ed612", "coverage": {"parameters": {"documented": 454, "percent": 100, "total": 454}, "symbols": {"documented": 928, "percent": 100, "total": 928}}, "coverageSha256": "bf7bb485ae00bcac5812283883bb3988c9d5a6a749d692567130be2f85a2bac4", "declarations": 1354, "docsSha256": "13a8c703e4330c8746be1f368a8d8dcd18269ed65d031ee33181c2ce03de40aa", "markdownSha256": "c665cef542630b9fbda37c53b17bfede25aa487c50b010430c1047257d4e1bfe", "package": "wirestack.net", "status": "PASS"}], "platform": {"libc": "glibc", "machine": "x86_64", "system": "Linux"}, "schemaVersion": 1, "sourceSha256": {"src/byte_span.cj": "4b38c6d184e172a56f0c39308294cbd2485ff683aba4f27028abe07c2b4661c4", "src/cancellation.cj": "c023b65acab9740096dc1ec9a770cf59d7361b2fec3dcdeebb3cc6033d78034d", "src/common.cj": "7a6d9bf1bd56bb9c5209152b2482dee044027f8d348233dcd6cc7b87d1c866e3", "src/deadline.cj": "15c5fd0c7f2dcfb4be7150359990c7c35cde11aa3332f80a9efe9f79e431a7c4", "src/hostname_verifier.cj": "a0d06b89cf163b91339e5690bf1d15d8e94bd4912c2792b35e0cdd09d4e34989", "src/http/cancellation.cj": "8ff94be6a771af4c56dab7dc982fca0a16e6df1da4d1a14303dfc179f9225537", "src/http/client.cj": "97131a36c964f68cbc6697a87a4fd5fe81a5a0d146dee3355b4386a47f97c628", "src/http/cookie.cj": "5326d61b5121e75e56750a29c960dc97e9b7fc34ba10f62236e3b19adbaee1d8", "src/http/duplex.cj": "e81f52f4efbc0b728a1891d67bc0f3a6292af471d16d992b65e2055e44ffac24", "src/http/error.cj": "d88c54a157e02063ab4048c197631daba3642a9618672841e4b98d3a25d275ad", "src/http/file_handler.cj": "2706ddeadba5c448a9bdf9ed1b604d5fe56c527b001d28ecb3b558b93728df74", "src/http/hooks.cj": "0b6016a645fd69bbb8743e5abfed22b4c325286a450587b4ff87b722ef04f2ed", "src/http/multipart.cj": "506c82b691fa280fc147fa7d6f73aa5ed7b1045f5fa1122bd7c667a62aead36e", "src/http/package.cj": "edae278034e8047e77649badec506b86ff2e6f3fc530d3eaf68394f77ff43ca0", "src/http/proxy.cj": "9576c9b153192c93943911557e8cce25f567e5ad0357074189437cc17af6fe1d", "src/http/redirect.cj": "bb7e2d00e2373436d05b8d4d7a19650768b943afd4ecbe737a49c352ca57be1f", "src/http/resolver.cj": "8c44e5ff6961122d6483c22546a26dab02e8414b88d5e18b954ddcf0b3ff29e4", "src/http/retry.cj": "e889370833f2d5b7df07d4cd13aa3068ab6262e1c2252728cbcc99c788b4199b", "src/http/server.cj": "52ede5995cf2b5ac64948b36334eadd9782cdcaa26e4c2bf3914a85e25cdb529", "src/http/tls.cj": "b232989ad8c4e73d4480dcae4ce40aae55fbedf9ce13b5922cc61b8a6e8a1e62", "src/http/upgrade.cj": "3bf29c0ad5b9fd19f5b2d994d36abcf76cbcc7d22d46c18991378aab705e0f73", "src/http/websocket.cj": "1eafd0d9f728592adea31d4397a8173c98d6ad3551ab4ed84d3b77623b787ba7", "src/http/websocket_handshake.cj": "db5d899be8d22022db1e7aed502ad36c3cc5e52d6dbae8dce53112f797276d59", "src/http_body.cj": "49b72ad2517213133eb693a190061050b655edb02df01eaa414db216c60fc4fe", "src/http_contract.cj": "39d7fe3885f50211393d9e03dc478b7370566bf7b7b3d3f20d0a5d3de3dc9259", "src/http_message.cj": "4033d25f42135e43f498f11d2b459512dcb7c45bce6e91efaa85b18a053e8ef1", "src/http_model.cj": "993ad73017a4da224b98f851e1e39d46fe6016502044b934f7ab191fb0da5a8c", "src/http_push.cj": "5dde5a1ff4cee87c947c1867e56fe0e7b9d2a38e2ca91a597f5a8deb4c2fc20f", "src/http_url.cj": "074cc811771e49030292b278252947af9f29476f67e9fd53f6a82ac473690955", "src/net/datagram_socket_core.cj": "007a873cf52ccc3587db5c1c58d8b69cbb991585b09085c0abc861ca647709ce", "src/net/dns_client.cj": "a63095f98489b93b83f76cebc878678391d338f9080e15cf2ea7277ff6562622", "src/net/dns_resolver.cj": "65b410bda4ed26d315848f68bdd70b432101153b12e3c5d6dcccd8bea14ec183", "src/net/dns_wire.cj": "08b6bfb5fb7b46502a2a897f44a251765947359408398bcb93442504de28bde0", "src/net/package.cj": "0d3e24838561ca302dea58edb365b6ee691db069878e1a22b4ec4c8b64627b77", "src/net/socket_options.cj": "a268a95b1ce57dd3c0c67f79f82e450f117d12b98a76848fd2e775e983b47dd4", "src/net/tcp_listener.cj": "77559ccaa15ff2b38d3cf4bd0e0ebb91b885844104287b06fadc331f36d363f8", "src/net/udp_socket.cj": "8ba007e60142163060d47a5c937521930a492da53acb51e75687477bd1a9c29a", "src/net/unix_datagram_socket.cj": "7447856c277d45d943087e3285fd0ade950cf7047fbf232052e1cd9d0a730511", "src/net/unix_listener.cj": "aa964800977f95ff67a6351a91c16d950324bbe0c50d7b01c5f1484f06e01967", "src/net/unix_stream.cj": "399aeac5d19f6457e2342fd7b1af3a76943f00db50a21c1474bed3b3141acb8b", "src/network_error.cj": "4e272f9b9887804f0de87ec032d442a69b49803da66bffa005b7f0282aadc5e5", "src/network_event.cj": "55d93c151752e76c80c441e4bfc639f7d6da77e89ed582bae2ba6a43cdcc3084", "src/operation_context.cj": "523a1c1efaab2f3e6ba0755386460ea504a2caa8ef1453a18134f950c6e1234d", "src/package.cj": "f9035aacfa24f06fe88eda3f16a5cbcf5dbf482b2d86776ea27e09e4861e93d7", "src/private_key_contract.cj": "cb03bb9badc0552c2ac66dbb6bf4842559b5ea17b2aa77284e817a78d63c6e84", "src/resolver.cj": "7b2129a0e3fd4be72ad2dd6adaf0053d5de23a08214157c931d38d7627154b23", "src/tls/facade.cj": "e7d4d1be6695abeb50c9ca8490817f2ef56b9a812f5be58cf9717ec4d3992077", "src/tls/identity.cj": "055c4232b9e44ff3cc768a09f023cd7a19174f5ce0d4dc263ca675af90660d19", "src/tls/package.cj": "5afa752de915ccff3866a81b9dbd0e6d3da1df01e1ecfa7180eb42709694d2b9", "src/tls_contract.cj": "1cbeb94013b9a2b946dd731b335554340862388feadf354162a2f2320bb6dac1", "src/transport.cj": "6781aa3bf538523e02c4807eebff7ac37a773e5dc9bdb427e6a56ace3a0b7033", "src/trust.cj": "f64b49d84a58e034e3976089211f7b645b42e5bc51dbc353f2e0bcec14d17aba"}, "status": "PASS", "targetCfg": {"arch": "x86_64", "env": "gnu", "os": "Linux"}, "taskId": "M7-033"}
The valid serial compilation order is:
    wirestack -> wirestack.internal -> wirestack.internal.identity -> wirestack.internal.platform -> wirestack.internal.platform.android -> wirestack.internal.platform.apple -> wirestack.internal.platform.harmony -> wirestack.internal.platform.linux -> wirestack.internal.platform.windows -> wirestack.internal.common -> wirestack.internal.http_files -> wirestack.internal.http_model -> wirestack.internal.transport -> wirestack.internal.trust -> wirestack.internal.http2 -> wirestack.internal.resolver -> wirestack.internal.tls_engine -> wirestack.internal.connector -> wirestack.tls -> wirestack.internal.http1 -> wirestack.internal.transport_stdnet -> wirestack.net -> wirestack.http
cjpm check success
cjpm build success
--------------------------------------------------------------------------------------------------
TP: wirestack.internal.common, time elapsed: 1959629 ns, RESULT:
    TCS: EndpointTest, time elapsed: 1252942 ns, RESULT:
    [ PASSED ] CASE: acceptsTypedIpv4AndIpv6WithoutDns (187976 ns)
    [ PASSED ] CASE: addressOwnsAnImmutableOctetSnapshot (18601 ns)
    [ PASSED ] CASE: rejectsWrongLengthsAndIpv4Zones (39848 ns)
    [ PASSED ] CASE: ipv6ZoneAndPortBoundariesRemainTypedIdentity (18302 ns)
    [ PASSED ] CASE: rejectsEmptyAndOversizedIpv6Zones (22293 ns)
    TCS: HostNameTest, time elapsed: 630490 ns, RESULT:
    [ PASSED ] CASE: canonicalizesAsciiCaseAndOneRootDot (35711 ns)
    [ PASSED ] CASE: rejectsAmbiguousOrInvalidDnsNames (86749 ns)
    [ PASSED ] CASE: acceptsAsciiALabelAndExactDnsLengthBoundaries (54912 ns)
    [ PASSED ] CASE: rejectsOneByteBeyondLabelAndHostLimits (34994 ns)
Summary: TOTAL: 9
    PASSED: 9, SKIPPED: 0, ERROR: 0
    FAILED: 0
--------------------------------------------------------------------------------------------------
TP: wirestack.internal.platform.linux, time elapsed: 13086258 ns, RESULT:
    TCS: LinuxSystemTrustAdapterTest, time elapsed: 13086258 ns, RESULT:
    [ PASSED ] CASE: frozenSearchOrderCoversGlibcAndMuslLayouts (266125 ns)
    [ PASSED ] CASE: currentLinuxHostSelectsOneExplicitUsableSource (10828333 ns)
    [ PASSED ] CASE: missingCandidatesFailWithoutProviderDefaultFallback (42344 ns)
    [ PASSED ] CASE: directoryCandidateRequiresReadableHashedCertificateEntry (260704 ns)
    [ PASSED ] CASE: sourceIdentityChangesWhenSameSizeTrustContentChanges (266446 ns)
Summary: TOTAL: 5
    PASSED: 5, SKIPPED: 0, ERROR: 0
    FAILED: 0
--------------------------------------------------------------------------------------------------
TP: wirestack.http, time elapsed: 11710945802 ns, RESULT:
    TCS: RequestBodyTest, time elapsed: 1850094 ns, RESULT:
    [ PASSED ] CASE: byteBodiesOwnInputAndReplayWithIndependentOffsets (274612 ns)
    [ PASSED ] CASE: emptyAndUtf8StringBodiesHaveExactLengths (29196 ns)
    [ PASSED ] CASE: oneShotBodyCanOnlyBeClaimedOnce (65505 ns)
    [ PASSED ] CASE: factoryMustReturnTheDeclaredLengthAndMismatchIsClosed (27794 ns)
    [ PASSED ] CASE: closedStreamRejectsFurtherReads (34016 ns)
    [ PASSED ] CASE: fileBodyStreamsAndReopensWithoutEagerReads (157216 ns)
    [ PASSED ] CASE: fileBodyRejectsOversizeAndChangesBeforeOpen (119406 ns)
    TCS: HttpClientExtensionsTest, time elapsed: 52788120 ns, RESULT:
    [ PASSED ] CASE: nativeCookiesAndServiceHooksSurviveThrowingPoolObservers (38298730 ns)
    [ PASSED ] CASE: mismatchedUpgradePairingsNeverOpenConnections (648218 ns)
    [ PASSED ] CASE: unavailableServerPushClosesTheOwnedResponse (12284485 ns)
    TCS: HttpCookieJarTest, time elapsed: 244560516 ns, RESULT:
    [ PASSED ] CASE: cookieSerializesStandardMetadataWithoutInventingBrowserPolicy (166168 ns)
    [ PASSED ] CASE: hostOnlyAndDomainCookiesDoNotLeakAcrossDnsBoundaries (1016617 ns)
    [ PASSED ] CASE: bundledPublicSuffixRulesProtectRegistrableBoundariesByDefault (1585640 ns)
    [ PASSED ] CASE: defaultPathAndPathMatchUseDirectoryAndSlashBoundaries (347999 ns)
    [ PASSED ] CASE: maxAgeTakesPrecedenceAndNonPositiveValuesDeleteTheIdentity (567761 ns)
    [ PASSED ] CASE: secureMetadataControlsTransportAndHttpOnlyDoesNotChangeWireSelection (233166 ns)
    [ PASSED ] CASE: valuedSecureAttributeCannotLeakCookiesToCleartext (224855 ns)
    [ PASSED ] CASE: cleartextOriginsCannotCreateOrOverlaySecureCookies (525854 ns)
    [ PASSED ] CASE: cleartextQuotaFloodCannotEvictSecureIdentityAndInstallReplacement (387544 ns)
    [ PASSED ] CASE: allSecureQuotaRejectsCleartextInsertionsFromBothStorageEntrypoints (347806 ns)
    [ PASSED ] CASE: rejectsHeaderInjectionAndInvalidCookieOctetsBeforeStorage (187315 ns)
    [ PASSED ] CASE: capacityHeaderBoundsAndReplacementRemainDeterministic (284652 ns)
    [ PASSED ] CASE: removalClearAndSnapshotsExposeOnlyLiveImmutableCookies (218837 ns)
    [ PASSED ] CASE: concurrentStoresAndReadsRemainRaceFreeAndBounded (3914925 ns)
    [ PASSED ] CASE: boundedSetCookieMutationsPreserveScopeAndHeaderSafety (230688103 ns)
    TCS: Http1DeterministicFuzzTest, time elapsed: 11906943 ns, RESULT:
    [ PASSED ] CASE: acceptedUrlMutationsRoundTripToOneCanonicalIdentity (6425653 ns)
    [ PASSED ] CASE: acceptedNoProxyMutationsRemainDeterministicAcrossTargets (4672874 ns)
    [ PASSED ] CASE: proxyAuthorizationMutationCannotInjectBeforeDnsOrConnect (203432 ns)
    TCS: HttpErrorTest, time elapsed: 468357 ns, RESULT:
    [ PASSED ] CASE: publicGetMapsInvalidUrlWithoutNetworkSideEffects (122670 ns)
    [ PASSED ] CASE: classifierProvidesStableHttpFailureCodes (70985 ns)
    TCS: HttpFacadeTest, time elapsed: 690764812 ns, RESULT:
    [ PASSED ] CASE: requestCancellationOutlivesCompletedParentWhileTransferredPushStalls (66260778 ns)
    [ PASSED ] CASE: cancellationWrapperPreservesProtocolCompletionPolicy (25456 ns)
    [ PASSED ] CASE: typedCancellationHandlesAreScopedIdempotentAndStopBeforeNetworkIo (2615159 ns)
    [ PASSED ] CASE: publicHttp1ConnectionHandleCancelsBodyAndLeavesClientReusable (9289851 ns)
    [ PASSED ] CASE: publicHttp2StreamAndConnectionHandlesRespectTheirScopes (86560401 ns)
    [ PASSED ] CASE: publicHttp2SlowStreamCannotStarveOneTenOrHundredSiblings (157167580 ns)
    [ PASSED ] CASE: tlsHttp2StreamLimitIsAppliedAcrossConcurrentPublicRequests (26517645 ns)
    [ PASSED ] CASE: tlsFacadeNegotiatesHttp2AndMapsBodyTrailersAndResponse (35761323 ns)
    [ PASSED ] CASE: explicitResolverConnectsPublicClientAndServer (2412619 ns)
    [ PASSED ] CASE: defaultSystemResolverConnectsPublicClientAndServer (262775230 ns)
    [ PASSED ] CASE: clientFollowsOriginRelativeRedirectEndToEnd (2818145 ns)
    [ PASSED ] CASE: clientRetriesOneTemporaryDnsFailureWithinTheSameDeadline (2118305 ns)
    [ PASSED ] CASE: forwardProxyUsesAbsoluteFormIndependentDnsAndHookCredentials (2190314 ns)
    [ PASSED ] CASE: serverBuilderRequiresEndpointAndHandler (37753 ns)
    [ PASSED ] CASE: tlsServerConfigFailsClosedBeforeBinding (197767 ns)
    [ PASSED ] CASE: followedHttp2RedirectClosesUnclaimedPushBeforeClientTeardown (31232677 ns)
    TCS: Http2ConcurrentResponseBodyTest, time elapsed: 29771455 ns, RESULT:
    [ PASSED ] CASE: twoPublicHttp2BodiesCompleteIndependently (29527746 ns)
    TCS: FileHandlerTest, time elapsed: 11952377 ns, RESULT:
    [ PASSED ] CASE: confinedDownloadRejectsTraversalAndSymlinkWhileOpenBodyOutlivesHandler (4383795 ns)
    [ PASSED ] CASE: uploadPublishesOneCompleteBinaryFileAndNeverPublishesRejectedMultipart (6745651 ns)
    [ PASSED ] CASE: uploadCommitChecksContextAfterDurabilityBeforePublication (233899 ns)
    TCS: HttpMessageTest, time elapsed: 1091094 ns, RESULT:
    [ PASSED ] CASE: requestFactoriesProduceImmutableProtocolNeutralModels (52544 ns)
    [ PASSED ] CASE: responseEofCompletesObserverExactlyOnce (28236 ns)
    [ PASSED ] CASE: earlyCloseAbandonsObserverExactlyOnce (31605 ns)
    [ PASSED ] CASE: readFailureClosesAndAbandonsTheBody (26640 ns)
    [ PASSED ] CASE: emptyDestinationDoesNotMistakeNoProgressForEof (19879 ns)
    [ PASSED ] CASE: boundedDrainCompletesOnlyWhenEofIsProven (31131 ns)
    [ PASSED ] CASE: invalidSourceProgressFailsClosed (23361 ns)
    [ PASSED ] CASE: responseRejectsInvalidStatusAndReason (37111 ns)
    TCS: MultipartTest, time elapsed: 4465356399 ns, RESULT:
    [ PASSED ] CASE: writerStreamsExactBinaryFramingAndReplaysIndependently (230286 ns)
    [ PASSED ] CASE: boundarySeparatorsRoundtripThroughContentTypeAndBody (908022 ns)
    [ PASSED ] CASE: readerPreservesBinaryWhenEveryDelimiterIsSplitAcrossReads (477707 ns)
    [ PASSED ] CASE: closingPartDiscardsOnlyThatPartAndReleasesNextPart (512646 ns)
    [ PASSED ] CASE: malformedAndConfiguredLimitsCloseOwnedSource (211189 ns)
    [ PASSED ] CASE: partCountLimitRejectsBeforeParsingUnboundedAdditionalMetadata (167705 ns)
    [ PASSED ] CASE: boundedDeterministicWireMutationsAreChunkIndependent (4459024798 ns)
    [ PASSED ] CASE: deterministicMutationHarnessEnforcesSmallLimitsAndOwnedClosure (2822710 ns)
    TCS: HttpModelTest, time elapsed: 1431395 ns, RESULT:
    [ PASSED ] CASE: methodSupportsStandardAndExtensionTokens (21480 ns)
    [ PASSED ] CASE: headersPreserveOrderAndMultipleValues (34347 ns)
    [ PASSED ] CASE: headersOwnTheirInputAndOutputArrays (17838 ns)
    [ PASSED ] CASE: builderSetAndRemoveUseCaseInsensitiveNames (33289 ns)
    [ PASSED ] CASE: rejectsInjectionAndInvalidNames (40121 ns)
    [ PASSED ] CASE: enforcesCountLineAndTotalLimits (26787 ns)
    [ PASSED ] CASE: urlNormalizesSchemeHostAndDefaultTarget (23109 ns)
    [ PASSED ] CASE: urlPreservesExplicitPortPathAndQuery (21279 ns)
    [ PASSED ] CASE: urlRequiresBracketedIpv6AndKeepsQueryOnlyTargetValid (20562 ns)
    [ PASSED ] CASE: urlRejectsAmbiguousAndUnsafeInputs (94028 ns)
    [ PASSED ] CASE: trailerRejectsRoutingAndFramingFields (112682 ns)
    TCS: HttpProxyPolicyTest, time elapsed: 727936 ns, RESULT:
    [ PASSED ] CASE: noProxyMatchesDnsBoundariesAndOptionalPorts (89604 ns)
    [ PASSED ] CASE: noProxyMatchesTypedIpLiteralsExactlyAndWildcardExplicitly (53406 ns)
    [ PASSED ] CASE: endpointsRetainDnsIpv4AndIpv6RouteIdentity (22604 ns)
    [ PASSED ] CASE: routeSelectionUsesNoProxyWithoutCallingAuthorizationHook (61951 ns)
    [ PASSED ] CASE: rejectsAmbiguousNoProxyPatternsAndEndpointPorts (38287 ns)
    TCS: HttpRedirectPolicyTest, time elapsed: 1098948 ns, RESULT:
    [ PASSED ] CASE: rewritesPostOn302AndRemovesBodyHeaders (86757 ns)
    [ PASSED ] CASE: noFollowPreservesRedirectResponse (35647 ns)
    [ PASSED ] CASE: stripsSensitiveHeadersOnlyAcrossOrigins (114911 ns)
    [ PASSED ] CASE: rejectsDowngradeLimitAndOneShotReplay (138508 ns)
    [ PASSED ] CASE: resolvesSchemeRelativeAndQueryOnlyLocations (71128 ns)
    [ PASSED ] CASE: resolvesRelativePathsAndRemovesDotSegments (90296 ns)
    TCS: HttpRetryPolicyTest, time elapsed: 566330 ns, RESULT:
    [ PASSED ] CASE: retriesOnlyIdempotentReplayableStructuredFailures (50170 ns)
    [ PASSED ] CASE: explicitSafetyAllowsPostButDisabledAndOneShotFailClosed (46262 ns)
    [ PASSED ] CASE: cancellationDeadlineUnknownAndNeverAreNotRetried (41108 ns)
    [ PASSED ] CASE: goAwayRetriesOnlyDefinitelyUnprocessedSafeReplayableRequests (46163 ns)
    TCS: Http1SseStreamingProfileTest, time elapsed: 3013286311 ns, RESULT:
    [ PASSED ] CASE: http1StreamsWithoutLifetimeAccumulationAndCancels (3013078715 ns)
    TCS: Http2SseStreamingProfileTest, time elapsed: 3025203289 ns, RESULT:
    [ PASSED ] CASE: http2StreamsWithoutLifetimeAccumulationAndPreservesSibling (3024925470 ns)
    TCS: M2005SystemResolverTest, time elapsed: 9788474 ns, RESULT:
    [ PASSED ] CASE: resolvesLocalhostThroughThePublicContract (8698717 ns)
    [ PASSED ] CASE: fixtureReturnsAllCandidatesAndDoesNotInventTtl (28568 ns)
    [ PASSED ] CASE: fixtureAppliesFamilyAndResultBounds (11984 ns)
    [ PASSED ] CASE: fixtureMapsStableErrorsAndRetainsNativeEvidence (14639 ns)
    [ PASSED ] CASE: fixtureCancellationAndDeadlineReturnBeforeNativeCleanup (13119 ns)
    [ PASSED ] CASE: validatesBoundsAndRejectsUseAfterClose (103140 ns)
    TCS: WebSocketHandshakeTest, time elapsed: 30556242 ns, RESULT:
    [ PASSED ] CASE: nativeHttp1UpgradeTransfersFramesAndClosesSession (3954675 ns)
    [ PASSED ] CASE: nativeHttp2ExtendedConnectKeepsSiblingRequestsUsable (26124211 ns)
    TCS: WebSocketConnectionTest, time elapsed: 114975624 ns, RESULT:
    [ PASSED ] CASE: fragmentedUtf8AndAutomaticPongSurviveOneByteTransportReads (219695 ns)
    [ PASSED ] CASE: preCancelledSendPerformsNoIoAndLeavesUntouchedSessionHealthy (76524 ns)
    [ PASSED ] CASE: fragmentedMessageBoundRejectsBeforeWritingAndPreservesProgression (148658 ns)
    [ PASSED ] CASE: roleMaskingAndNonCanonicalLengthFailClosedWithProtocolStatus (253360 ns)
    [ PASSED ] CASE: fragmentedTextRejectsInvalidContinuationAtTheMessageBoundary (92185 ns)
    [ PASSED ] CASE: gracefulCloseEchoesStatusAndCompletesBothOwners (186406 ns)
    [ PASSED ] CASE: handshakeCryptoMatchesRfcVectorAndReturnsCanonicalFreshKeyShape (35914 ns)
    [ PASSED ] CASE: framePayloadIsOwnedAndCloseInputIsStrict (39471 ns)
    [ PASSED ] CASE: boundedDeterministicWireMutationsAreSplitInvariantAndFailClosed (112664730 ns)
Summary: TOTAL: 114
    PASSED: 111, SKIPPED: 3, ERROR: 0
    FAILED: 0
--------------------------------------------------------------------------------------------------
TP: wirestack.internal.http2, time elapsed: 2696508599 ns, RESULT:
    TCS: Http2ClientConnectionTest, time elapsed: 152804665 ns, RESULT:
    [ PASSED ] CASE: encodedHeaderFailureClosesTheConnection (1497886 ns)
    [ PASSED ] CASE: tenConcurrentRequestsShareOneConnectionAndMapOutOfOrderResponses (1633037 ns)
    [ PASSED ] CASE: claimedStreamsPublishInitialHeadersInStreamIdOrder (1240859 ns)
    [ PASSED ] CASE: cancelledUnpublishedStreamDoesNotBlockNextClaim (973102 ns)
    [ PASSED ] CASE: declaredLengthDoesNotReleaseStreamBeforeWireEndStream (1027770 ns)
    [ PASSED ] CASE: streamsRequestBodyThroughFlowControlledDataAndEndsLocallyOnce (1690220 ns)
    [ PASSED ] CASE: peerResetFailsOnlyItsStreamAndConnectionRemainsUsable (766235 ns)
    [ PASSED ] CASE: peerGoAwayDrainsConnectionWithoutFailingAcceptedStream (1510044 ns)
    [ PASSED ] CASE: connectedStreamOutlivesHandshakeCancellationAndUsesOperationContexts (1792209 ns)
    [ PASSED ] CASE: contextlessHalfCloseDoesNotWaitForBlockedConnectionWriter (1389394 ns)
    [ PASSED ] CASE: halfCloseOrdersEndAfterAdmittedFlowControlledWrite (4195451 ns)
    [ PASSED ] CASE: gracefulCloseOrdersEndAfterAdmittedFlowControlledWrite (11092701 ns)
    [ PASSED ] CASE: gracefulCloseDeadlineStopsAdmittedFlowControlledWrite (109051128 ns)
    [ PASSED ] CASE: queuedHalfCloseCancellationDoesNotWaitForConnectionWriter (9820493 ns)
    [ PASSED ] CASE: rejectedConnectReturnsFullResponseAndClosesRequestDirection (665979 ns)
    [ PASSED ] CASE: enabledPushAttachesBoundedCallerDrivenResponses (815412 ns)
    TCS: Http2ClientMappingTest, time elapsed: 4102432 ns, RESULT:
    [ PASSED ] CASE: requestMapsOrderedPseudoFieldsAuthorityAndSensitiveHeaders (112381 ns)
    [ PASSED ] CASE: connectUsesOnlyMethodAndAuthorityPseudoFields (97474 ns)
    [ PASSED ] CASE: connectStreamMappingKeepsBothDataDirectionsOpen (184781 ns)
    [ PASSED ] CASE: requestRejectsAuthorityFramingAndConnectionAmbiguity (459823 ns)
    [ PASSED ] CASE: requestHeaderListHonorsHttp2BoundsBeforeHpackMutation (95458 ns)
    [ PASSED ] CASE: requestBodyProvesEofBeforeOneTerminalTrailerBlock (204239 ns)
    [ PASSED ] CASE: requestBodyRejectsPrematureEofAndConfiguredOverflow (185416 ns)
    [ PASSED ] CASE: responseMapsInformationalFinalDataAndTrailersInOrder (168620 ns)
    [ PASSED ] CASE: responseRejectsPseudoOrderCaseAndConnectionFieldsAsStreamErrors (106482 ns)
    [ PASSED ] CASE: responseRejectsInvalidStatusAndTooManyInformationalHeads (204100 ns)
    [ PASSED ] CASE: responseContentLengthMustMatchExactlyAtEndStream (111185 ns)
    [ PASSED ] CASE: streamingResponseMayExceedTheConfiguredRequestBodyBound (23237 ns)
    [ PASSED ] CASE: bodylessAndConnectResponseRulesAreExplicit (108821 ns)
    [ PASSED ] CASE: responseTrailersRequireFinalEndStreamAndRegularAllowedFields (119799 ns)
    [ PASSED ] CASE: promisedRequestValidationPrecedesApplicationPolicy (142929 ns)
    TCS: Http2ClientPushOwnershipTest, time elapsed: 820077 ns, RESULT:
    [ PASSED ] CASE: resetLostOfferIsClosedAndNextOfferRemainsDeliverable (142500 ns)
    [ PASSED ] CASE: parentCancellationStopsTransferredStalledBodyWithoutCancellingIndependentSibling (209539 ns)
    [ PASSED ] CASE: expiredParentAbsoluteDeadlineStillGovernsTransferredBodyAfterHeaders (111280 ns)
    TCS: Http2ConformanceTest, time elapsed: 5857691 ns, RESULT:
    [ PASSED ] CASE: invalidFrameOrderMatrixFailsAtConnectionScope (223306 ns)
    [ PASSED ] CASE: continuationSequenceCompletesOnlyOnEndHeaders (114286 ns)
    [ PASSED ] CASE: rstStreamAndGoAwayRaceCompletesOwnerOnceAndCleansRegistrations (5110454 ns)
    TCS: Http2ConnectionStateMachineTest, time elapsed: 4786662 ns, RESULT:
    [ PASSED ] CASE: clientStartEmitsMagicAndSettingsThenPeerSettingsOpens (37195 ns)
    [ PASSED ] CASE: serverConsumesIncrementalMagicBeforeItsFirstSettings (44232 ns)
    [ PASSED ] CASE: invalidOrIncompletePrefaceFailsOnceWithProtocolEvidence (48641 ns)
    [ PASSED ] CASE: firstPeerFrameMustBeNonAcknowledgementSettings (45841 ns)
    [ PASSED ] CASE: openConnectionAppliesSettingsAndCompletesHeaderBlocks (47381 ns)
    [ PASSED ] CASE: peerGoAwayDrainsAndMayOnlyNarrowItsBoundary (53108 ns)
    [ PASSED ] CASE: localDrainUsesProcessedPeerBoundaryAndNeverIncreases (47301 ns)
    [ PASSED ] CASE: racingFinishTransitionsAndPublishesCompletionExactlyOnce (3573353 ns)
    TCS: Http2DeterministicFuzzTest, time elapsed: 7695070 ns, RESULT:
    [ PASSED ] CASE: frameParserDeterministicMutationCorpusStaysBounded (4411021 ns)
    [ PASSED ] CASE: hpackDecoderDeterministicMutationCorpusFailsClosed (2762829 ns)
    [ PASSED ] CASE: protocolLimitBoundaryMutationsRejectOversizedInputs (51910 ns)
    TCS: Http2FlowControllerTest, time elapsed: 2388090418 ns, RESULT:
    [ PASSED ] CASE: windowUpdateCodecIgnoresReservedBitAndRejectsZeroByScope (28957 ns)
    [ PASSED ] CASE: reservationsRespectConnectionStreamAndPeerFrameCredit (43509 ns)
    [ PASSED ] CASE: settingsShrinkPausesReservedDataAndCancellationReleasesIt (47493 ns)
    [ PASSED ] CASE: streamWindowUpdateWakesAReservedPermitAfterSettingsShrink (33767 ns)
    [ PASSED ] CASE: concurrentTryReserveNeverOvercommitsOneStream (133864 ns)
    [ PASSED ] CASE: receiveCreditReturnsOnlyAfterApplicationConsumption (46603 ns)
    [ PASSED ] CASE: smallReceiveReadsCoalesceWindowUpdates (114220 ns)
    [ PASSED ] CASE: stalledConnectionCreditFlushesOnceWithoutChangingSmallReadCoalescing (23054 ns)
    [ PASSED ] CASE: leastRecentlyServedStreamsReceiveCreditBeforeThePreviousOwner (2385829348 ns)
    [ PASSED ] CASE: connectionSendWindowIsSharedAcrossStreams (35466 ns)
    [ PASSED ] CASE: connectionAndStreamWindowViolationsHaveCorrectScope (44135 ns)
    [ PASSED ] CASE: settingsAndWindowOverflowFailAtomically (33555 ns)
    [ PASSED ] CASE: streamCleanupCancelsPermitsAndRestoresOnlyConnectionReceiveCredit (39941 ns)
    [ PASSED ] CASE: dataAccountingUsesTheEntireFramePayload (21755 ns)
    TCS: Http2FrameCodecTest, time elapsed: 806625 ns, RESULT:
    [ PASSED ] CASE: everyRequiredFrameEnvelopeRoundTrips (59360 ns)
    [ PASSED ] CASE: parserAcceptsEverySingleByteBoundaryAndMultipleFrames (36992 ns)
    [ PASSED ] CASE: incompleteInputStaysBoundedUntilCompletion (18540 ns)
    [ PASSED ] CASE: oversizedFrameFailsBeforePayloadBufferingAndParserBecomesTerminal (22630 ns)
    [ PASSED ] CASE: reservedBitIsIgnoredOnReadAndClearedOnWrite (13319 ns)
    [ PASSED ] CASE: unknownFramesAndFlagsRoundTripWithoutInterpretation (14772 ns)
    [ PASSED ] CASE: transportWriterHandlesRepeatedPartialWrites (24056 ns)
    TCS: Http2FrameModelTest, time elapsed: 653539 ns, RESULT:
    [ PASSED ] CASE: frameAndErrorCodesRoundTripIncludingExtensions (24622 ns)
    [ PASSED ] CASE: streamIdentifierIgnoresReservedBitAndKeepsThirtyOneBits (7815 ns)
    [ PASSED ] CASE: limitsAreExplicitAndFrameSizeIsBounded (20494 ns)
    [ PASSED ] CASE: fixedFrameShapesAndStreamScopesAreValidated (26770 ns)
    [ PASSED ] CASE: settingsRejectInvalidProtocolValuesButRetainExtensions (20179 ns)
    [ PASSED ] CASE: unknownFlagsAndFramesRemainForwardCompatible (8343 ns)
    TCS: Http2GoAwayManagerTest, time elapsed: 3908806 ns, RESULT:
    [ PASSED ] CASE: peerBoundaryRetiresOnlyDefinitelyUnprocessedStreams (110850 ns)
    [ PASSED ] CASE: narrowingBoundaryWakesEachNewlyExcludedOwnerExactlyOnce (58093 ns)
    [ PASSED ] CASE: localDrainQueuesGoAwayAndStopsAdmissionBeforeWriterRuns (51388 ns)
    [ PASSED ] CASE: fabricatedReceiveResultCannotDrainAnOpenCoordinator (40473 ns)
    [ PASSED ] CASE: racingAdmissionAndGoAwayNeverLeavesAnExcludedStreamActive (3103674 ns)
    TCS: Http2HeaderBlockAssemblerTest, time elapsed: 917606 ns, RESULT:
    [ PASSED ] CASE: sameStreamContinuationsAssembleInExactOrder (26851 ns)
    [ PASSED ] CASE: continuationWithoutStartWrongStreamAndInterleavingFailConnection (46292 ns)
    [ PASSED ] CASE: paddingAndPriorityOverheadAreExcludedFromHeaderBytes (18366 ns)
    [ PASSED ] CASE: pushPromiseRetainsPromisedStreamAndFragmentOnly (17806 ns)
    [ PASSED ] CASE: invalidPaddingPriorityAndSelfDependencyFailClosed (54246 ns)
    [ PASSED ] CASE: accumulatedCompressedBytesHaveOneHardLimit (24240 ns)
    TCS: Http2ConnectionHealthTest, time elapsed: 484291 ns, RESULT:
    [ PASSED ] CASE: pingCodecAndConnectionAckPreserveOpaqueBytes (39013 ns)
    [ PASSED ] CASE: idleProbeIsSingleOutstandingAndMatchingAckRestoresHealth (79217 ns)
    [ PASSED ] CASE: ordinaryActivityDefersIdleProbeWithoutAllocatingATimer (19809 ns)
    TCS: Http2ConnectionCloserTest, time elapsed: 848831 ns, RESULT:
    [ PASSED ] CASE: gracefulCloseSendsGoAwayWaitsForStreamAndClosesTransportOnce (68415 ns)
    [ PASSED ] CASE: expiredCloseAbortsActiveStreamsWithoutStartingGracefulIo (37425 ns)
    [ PASSED ] CASE: racingShorterDeadlineUpgradesInFlightGracefulCloseToOneAbort (52191 ns)
    [ PASSED ] CASE: concurrentGracefulCallersShareOneTerminalResultAndTransportClose (94024 ns)
    [ PASSED ] CASE: failedGracefulTransportCloseFallsBackToOneAbort (103256 ns)
    TCS: HpackBlockTest, time elapsed: 1002744 ns, RESULT:
    [ PASSED ] CASE: rfcRequestBlocksDecodeWithSharedDynamicState (31968 ns)
    [ PASSED ] CASE: encoderMatchesFirstRfcHuffmanRequestExample (37510 ns)
    [ PASSED ] CASE: literalModesPreserveNeverIndexedAndOnlyIncrementalMutatesTable (76658 ns)
    [ PASSED ] CASE: tableSizeUpdateMustLeadBlockAndRespectAllowedMaximum (26806 ns)
    [ PASSED ] CASE: headerCountListAndCompressedLimitsFailClosed (272845 ns)
    [ PASSED ] CASE: peerCapacityUpdateIsEmittedBeforeHeaders (17477 ns)
    TCS: HpackCoreTest, time elapsed: 845691 ns, RESULT:
    [ PASSED ] CASE: rfcIntegerVectorsEncodeAndDecodeExactly (16438 ns)
    [ PASSED ] CASE: integerRejectsTruncationOverflowAndInvalidPrefix (36791 ns)
    [ PASSED ] CASE: rawStringRoundTripsAndOwnsItsBytes (23577 ns)
    [ PASSED ] CASE: stringLengthLimitAndTruncationFailBeforeCopy (42830 ns)
    [ PASSED ] CASE: staticTableMatchesRfcBoundariesAndRepresentativeEntries (33244 ns)
    [ PASSED ] CASE: everyStaticEntryHasBoundedRfcAccounting (49378 ns)
    TCS: HpackDynamicTableTest, time elapsed: 1020194 ns, RESULT:
    [ PASSED ] CASE: newestEntryUsesIndexSixtyTwoAndOlderEntriesShift (15751 ns)
    [ PASSED ] CASE: exactRfcAccountingEvictsOldestEntriesFirst (18616 ns)
    [ PASSED ] CASE: oversizedEntryClearsTheEntireTableWithoutInsertion (13629 ns)
    [ PASSED ] CASE: capacityShrinkEvictsImmediatelyAndPeerLimitIsHard (31431 ns)
    [ PASSED ] CASE: withoutIndexingNeverIndexedAndSensitiveNeverEnterState (22650 ns)
    [ PASSED ] CASE: staticAndDynamicSearchReturnCanonicalLowestIndexes (99970 ns)
    [ PASSED ] CASE: zeroCapacityRetainsNoEntries (13459 ns)
    TCS: HpackHuffmanTest, time elapsed: 1260006 ns, RESULT:
    [ PASSED ] CASE: rfcRequestExamplesEncodeAndDecodeExactly (42054 ns)
    [ PASSED ] CASE: everyOctetRoundTripsWithinAnExplicitBound (289298 ns)
    [ PASSED ] CASE: huffmanStringLiteralUsesFlagAndSharedBounds (22092 ns)
    [ PASSED ] CASE: eosInvalidPaddingAndTruncatedPrefixFailClosed (30828 ns)
    [ PASSED ] CASE: decodedAndEncodedOutputLimitsApplyBeforeGrowth (358446 ns)
    TCS: Http2ConnectionReaderTest, time elapsed: 3592566 ns, RESULT:
    [ PASSED ] CASE: oneReaderDecodesEveryByteBoundaryAndDispatchesInWireOrder (620103 ns)
    [ PASSED ] CASE: serverConsumesMagicAndFirstFrameFromTheSameRead (679460 ns)
    [ PASSED ] CASE: eofDuringPrefaceOrFrameFailsAndWakesEveryStream (621290 ns)
    [ PASSED ] CASE: invalidTransportProgressAndHandlerFailureBecomeTerminal (468857 ns)
    [ PASSED ] CASE: readerLoopCanOnlyBeClaimedOnce (231724 ns)
    [ PASSED ] CASE: terminationRegistryIsBoundedRemovableAndExactlyOnce (194877 ns)
    [ PASSED ] CASE: readerRegistryReservesOneListenerBeyondTheStreamLimit (23295 ns)
    TCS: Http2ServerMappingTest, time elapsed: 7077683 ns, RESULT:
    [ PASSED ] CASE: requestHeadMapsPseudoFieldsHostAndContentLength (63776 ns)
    [ PASSED ] CASE: connectAndOptionsTargetsAreMappedStrictly (78072 ns)
    [ PASSED ] CASE: requestRejectsPseudoOrderCaseConnectionAndAuthorityAmbiguity (110280 ns)
    [ PASSED ] CASE: paddedDataReturnsAllFlowCreditAndPublishesTrailers (130529 ns)
    [ PASSED ] CASE: requestQueueIsBoundedBeforeFlowAccountingMutates (79672 ns)
    [ PASSED ] CASE: terminalLengthMismatchDoesNotConsumeFlowWindow (56652 ns)
    [ PASSED ] CASE: responseHeadersBodyFlowAndTrailersMapInOrder (478231 ns)
    [ PASSED ] CASE: streamingResponseMayExceedTheConfiguredRequestBodyBound (634768 ns)
    [ PASSED ] CASE: responseRulesCloseBodiesOnEveryTerminalOrFailurePath (70531 ns)
    [ PASSED ] CASE: handlerRunsOnceAndReleasesRequestOwnership (127838 ns)
    [ PASSED ] CASE: invalidDuplexResponseReleasesPreServeHandoffExactlyOnce (4199241 ns)
    TCS: Http2ServerPushLifecycleTest, time elapsed: 97477438 ns, RESULT:
    [ PASSED ] CASE: largePushDoesNotDelayParentHeadersUntilPushCreditReturns (56670662 ns)
    [ PASSED ] CASE: cancelledPushReleasesItsWorkerSlotForTheNextParent (28625592 ns)
    [ PASSED ] CASE: crossOriginPushIsRejectedAndItsResponseIsClosedBeforeAnyOffer (1088716 ns)
    [ PASSED ] CASE: parentResetWhileWaitingForPushSlotIsRevalidatedBeforeReservation (3992780 ns)
    [ PASSED ] CASE: resetOfBlockedPushDoesNotBlockReaderOrReleaseWorkerSlotEarly (3396479 ns)
    [ PASSED ] CASE: blockingHeaderOnlyBodyCloseDoesNotDelayInboundReset (1748940 ns)
    [ PASSED ] CASE: duplexHandlerReturnAbortsBothStreamDirections (707544 ns)
    TCS: Http2SettingsTest, time elapsed: 1111502 ns, RESULT:
    [ PASSED ] CASE: codecPreservesKnownUnknownAndRepeatedSettingsInOrder (18296 ns)
    [ PASSED ] CASE: peerBatchAppliesAtomicallyAndReturnsAckAndWindowDelta (18532 ns)
    [ PASSED ] CASE: invalidPeerBatchLeavesEffectiveStateUnchanged (23670 ns)
    [ PASSED ] CASE: localBatchesAreAcknowledgedInFifoOrder (18064 ns)
    [ PASSED ] CASE: unexpectedAckAndPendingBatchOverflowFailClosed (21390 ns)
    [ PASSED ] CASE: advertisedResourceValuesAreCappedByLocalPolicy (16489 ns)
    [ PASSED ] CASE: settingsFrameLengthAndAckPayloadAreRejectedByFrameLayer (27009 ns)
    [ PASSED ] CASE: peerDefaultsAreRfcValuesCappedSeparatelyFromLocalAdvertisement (26575 ns)
    [ PASSED ] CASE: clientPushAdvertisementUsesItsOwnFiniteAdmissionBound (12585 ns)
    [ PASSED ] CASE: serverEnablePushSettingIsRejectedInBothDirections (23518 ns)
    TCS: Http2StreamLifecycleTest, time elapsed: 2239554 ns, RESULT:
    [ PASSED ] CASE: bothEndStreamOrdersReachClosedExactlyOnce (16240 ns)
    [ PASSED ] CASE: initialEndStreamHalfClosesTheInitiatingSide (17537 ns)
    [ PASSED ] CASE: clientAndServerAllocateCorrectMonotonicParity (18738 ns)
    [ PASSED ] CASE: peerParityReuseAndDecreasingIdsFailConnection (31724 ns)
    [ PASSED ] CASE: localAndPeerConcurrencyLimitsAreIndependentAndCapacityReturns (37023 ns)
    [ PASSED ] CASE: invalidHalfClosedDirectionsAndUnknownStreamsFailClosed (74353 ns)
    [ PASSED ] CASE: readerTerminationClosesAndUnregistersEveryActiveStream (51990 ns)
    [ PASSED ] CASE: racingAdmissionNeverExceedsConfiguredBoundOrDuplicatesIds (430149 ns)
    [ PASSED ] CASE: racingEndDirectionsCompleteAndCleanupExactlyOnce (692561 ns)
    TCS: Http2StreamResetManagerTest, time elapsed: 2420371 ns, RESULT:
    [ PASSED ] CASE: rstCodecPreservesKnownAndExtensionCodes (43232 ns)
    [ PASSED ] CASE: localCancelQueuesResetAndReleasesOnlyItsStream (65603 ns)
    [ PASSED ] CASE: peerResetCancelsQueuedDataPermitsAndWakesOwnerOnce (65301 ns)
    [ PASSED ] CASE: resetWakesBlockedServerBodyWithoutClosingConnection (78841 ns)
    [ PASSED ] CASE: racingLocalAndPeerResetCompletesEveryStreamExactlyOnce (1403941 ns)
    [ PASSED ] CASE: queuePressureIsAtomicAndCleanupCreditStaysBoundedForRetry (110626 ns)
    TCS: Http2WriteSchedulerTest, time elapsed: 4774249 ns, RESULT:
    [ PASSED ] CASE: controlPrecedesDataAndPartialWritesDrainGracefully (107585 ns)
    [ PASSED ] CASE: controlBurstIsBoundedAndDataStreamsRotateFairly (481206 ns)
    [ PASSED ] CASE: queueCountAndBytesAreHardAndCancellationReleasesCapacity (96076 ns)
    [ PASSED ] CASE: concurrentProducersStillUseExactlyOneWriter (1344510 ns)
    [ PASSED ] CASE: abortInterruptsActiveWriteAndFailsEveryTicket (105895 ns)
    [ PASSED ] CASE: transportFailureFansOutAndTicketWaitHonorsCancellation (96100 ns)
    [ PASSED ] CASE: reservedDataConsumesFlowOnlyWhenTheWriterClaimsIt (47166 ns)
    [ PASSED ] CASE: serverDataEventTransfersItsPermitBeforeWriterClaim (29226 ns)
    [ PASSED ] CASE: cancellingQueuedReservedDataReturnsAllFlowCapacity (24473 ns)
    [ PASSED ] CASE: admittedHeaderBatchSurvivesResetDuringPartialFirstWrite (66515 ns)
    [ PASSED ] CASE: unstartedEncodedHeaderBatchIsIrrevocableAfterAdmission (35066 ns)
    [ PASSED ] CASE: largeHeaderBatchRemainsContiguousPastControlBurstLimit (81663 ns)
    [ PASSED ] CASE: failedHeaderBatchAdmissionTerminatesScheduler (32910 ns)
    [ PASSED ] CASE: concurrentHeaderBatchesStayContiguousOnTheWire (653997 ns)
Summary: TOTAL: 182
    PASSED: 182, SKIPPED: 0, ERROR: 0
    FAILED: 0
--------------------------------------------------------------------------------------------------
TP: wirestack.internal.http1, time elapsed: 834403634 ns, RESULT:
    TCS: HttpAutomaticHttpsClientTest, time elapsed: 6342995 ns, RESULT:
    [ PASSED ] CASE: h2NegotiationMultiplexesTenRequestsOnOneTlsConnection (3349514 ns)
    [ PASSED ] CASE: http11NegotiationFallsBackAndReusesTheAdoptedConnection (1903998 ns)
    TCS: Http1ChunkedCodecTest, time elapsed: 2342998 ns, RESULT:
    [ PASSED ] CASE: decoderStreamsDataExtensionsTrailersAndRemainder (136948 ns)
    [ PASSED ] CASE: decoderHandlesEveryBoundaryOneByteAtATime (101392 ns)
    [ PASSED ] CASE: encoderProducesCanonicalChunksAndBoundedTrailers (108875 ns)
    [ PASSED ] CASE: rejectsInvalidSizeExtensionAndTerminators (95208 ns)
    [ PASSED ] CASE: enforcesBodyChunkLineAndTrailerBounds (97468 ns)
    [ PASSED ] CASE: streamingResponseKeepsEachChunkBoundedWithoutALifetimeCeiling (189521 ns)
    [ PASSED ] CASE: rejectsForbiddenOrFoldedTrailers (103954 ns)
    [ PASSED ] CASE: eofAndPostCompletionUseFailClosedStates (73314 ns)
    [ PASSED ] CASE: decodeBatchesOwnDataAndRemainingBytes (60958 ns)
    TCS: Http1ClientConnectionTest, time elapsed: 23515621 ns, RESULT:
    [ PASSED ] CASE: expectContinueWaitsForApprovalBeforeOpeningBody (1128025 ns)
    [ PASSED ] CASE: finalRejectionBeforeContinueNeverOpensRequestBody (949905 ns)
    [ PASSED ] CASE: continueWaitTimeoutSendsBodyUnderTheOriginalBudget (18619691 ns)
    [ PASSED ] CASE: serializesRequestsUntilBodyEofThenReusesConnection (738802 ns)
    [ PASSED ] CASE: earlyBodyCloseClosesInsteadOfReturningConnectionForReuse (449976 ns)
    [ PASSED ] CASE: connectionCloseResponseIsNeverReusableAfterEof (703984 ns)
    TCS: Http1CleartextClientTest, time elapsed: 1727536 ns, RESULT:
    [ PASSED ] CASE: resolvesConnectsAndReusesOnlyAfterBodyCompletion (1346140 ns)
    [ PASSED ] CASE: rejectsHttpsBeforeDnsOrPoolMutation (73431 ns)
    TCS: Http1ConnectionPoolTest, time elapsed: 2872469 ns, RESULT:
    [ PASSED ] CASE: emitsSecretFreeAcquireAndReleaseLifecycle (261536 ns)
    [ PASSED ] CASE: reusesOnlyTheSameCompleteKey (333693 ns)
    [ PASSED ] CASE: enforcesTotalPerKeyIdleAndWaiterBounds (464666 ns)
    [ PASSED ] CASE: activeWaitHonorsCancellationAndReleasesWaiterSlot (348523 ns)
    [ PASSED ] CASE: evictsExpiredAndClosedConnectionsInsteadOfReusingThem (461499 ns)
    [ PASSED ] CASE: failedCreationRollsBackItsCapacityReservation (313237 ns)
    TCS: Http1HeadParserTest, time elapsed: 2221054 ns, RESULT:
    [ PASSED ] CASE: requestParsesIncrementallyAndReturnsBodyRemainder (262474 ns)
    [ PASSED ] CASE: oneFeedRetainsBytesAfterTheHead (139814 ns)
    [ PASSED ] CASE: responseParsesStatusReasonHeadersAndFraming (99858 ns)
    [ PASSED ] CASE: acceptsOriginAbsoluteAuthorityAndAsteriskFormsOnlyWhereValid (229715 ns)
    [ PASSED ] CASE: rejectsBareLfObsFoldAndInvalidHeaderSyntax (115439 ns)
    [ PASSED ] CASE: requiresOneValidHostAndMatchingAbsoluteAuthority (310527 ns)
    [ PASSED ] CASE: rejectsInvalidTargetVersionAndBoundViolations (116961 ns)
    [ PASSED ] CASE: completedParserCannotBeReused (69140 ns)
    TCS: Http2Streams1BenchmarkTest, time elapsed: 11261600 ns, RESULT:
    [ PASSED ] CASE: benchmarkOneConcurrentStream (11016382 ns)
    TCS: Http2Streams10BenchmarkTest, time elapsed: 34881607 ns, RESULT:
    [ PASSED ] CASE: benchmarkTenConcurrentStreams (34601054 ns)
    TCS: Http2Streams100BenchmarkTest, time elapsed: 462507772 ns, RESULT:
    [ PASSED ] CASE: benchmarkHundredConcurrentStreams (462189912 ns)
    TCS: Http1HundredConnectionBaselineTest, time elapsed: 35591673 ns, RESULT:
    [ PASSED ] CASE: benchmarkHundredConcurrentConnections (35346006 ns)
    TCS: Http2ConnectionPoolTest, time elapsed: 6298057 ns, RESULT:
    [ PASSED ] CASE: alpnPrefersH2AndFallsBackOnlyToHttp11 (23250 ns)
    [ PASSED ] CASE: oneConnectionIsSharedUntilPeerStreamCapacityIsFull (189417 ns)
    [ PASSED ] CASE: concurrentFirstUseDoesNotCreateAConnectionStampede (625042 ns)
    [ PASSED ] CASE: newConnectionIsPublishedOnlyAfterItsFirstStreamIsAdmitted (106581 ns)
    [ PASSED ] CASE: closeRacingUnpublishedAdmissionReleasesConnectionOwners (3590845 ns)
    [ PASSED ] CASE: completeSecurityKeyPreventsCrossContextReuse (127829 ns)
    [ PASSED ] CASE: drainingConnectionRetainsExistingStreamButReceivesNoNewLease (123963 ns)
    [ PASSED ] CASE: drainingConnectionWaitsForNonLocalOwnersBeforeDiscard (138488 ns)
    [ PASSED ] CASE: fullBoundedPoolHonorsOneCallerDeadline (96494 ns)
    [ PASSED ] CASE: poolCloseAbortsEverySharedConnectionExactlyOnce (108036 ns)
    TCS: Http1FramingTest, time elapsed: 1818198 ns, RESULT:
    [ PASSED ] CASE: requestUsesOneSharedEmptyLengthOrChunkedDecision (107732 ns)
    [ PASSED ] CASE: identicalContentLengthsAreAcceptedAcrossFieldsAndLists (54806 ns)
    [ PASSED ] CASE: conflictingOrInvalidContentLengthsAreRejected (219927 ns)
    [ PASSED ] CASE: contentLengthAndTransferEncodingNeverCoexist (64008 ns)
    [ PASSED ] CASE: ambiguousTransferEncodingIsRejected (169380 ns)
    [ PASSED ] CASE: responseHandlesHeadStatusesConnectAndCloseDelimiting (111151 ns)
    [ PASSED ] CASE: bodylessAndSuccessfulConnectResponsesRejectFramingFields (122931 ns)
    TCS: HttpConnectionPoolKeyTest, time elapsed: 627746 ns, RESULT:
    [ PASSED ] CASE: canonicalOriginProducesStableEqualityAndHash (25844 ns)
    [ PASSED ] CASE: everySecurityAndRouteDimensionPartitionsReuse (66647 ns)
    [ PASSED ] CASE: refusesIncompletePartitionIdentities (24113 ns)
    TCS: Http1ProxyClientPipelineTest, time elapsed: 6195889 ns, RESULT:
    [ PASSED ] CASE: dynamicConnectCredentialsNeverReuseAnAuthenticatedTunnel (3714590 ns)
    [ PASSED ] CASE: rejectedConnectDrainsClosesAndReturnsStructuredNonRetryableFailure (1999506 ns)
    TCS: Http1RequestWriterTest, time elapsed: 2864877 ns, RESULT:
    [ PASSED ] CASE: twoStageWriterDoesNotOpenBodyBeforeExplicitCommit (462517 ns)
    [ PASSED ] CASE: writesFixedBodyThroughPartialTransportOperations (780154 ns)
    [ PASSED ] CASE: streamsUnknownLengthBodyAsCanonicalChunks (331413 ns)
    [ PASSED ] CASE: rejectsDeclaredMismatchBeforeWritingAnything (90444 ns)
    [ PASSED ] CASE: fixedBodyLimitRejectsBeforeConsumingOrCommittingRequest (94711 ns)
    [ PASSED ] CASE: prematureBodyEofRetainsPartialCommitEvidence (314022 ns)
    [ PASSED ] CASE: emptyFramingProbesSourceInsteadOfDroppingUnexpectedBytes (85522 ns)
    TCS: Http1ResponseReaderTest, time elapsed: 5667552 ns, RESULT:
    [ PASSED ] CASE: explicitUpgradeTransfersOnlyAMatching101Protocol (556334 ns)
    [ PASSED ] CASE: mismatchedUpgradeResponseFailsClosed (392835 ns)
    [ PASSED ] CASE: explicitConnectTransfersBufferedTunnelBytesAndTransportOwnership (371607 ns)
    [ PASSED ] CASE: failedConnectRemainsAnHttpResponseAndClosesAfterBody (701751 ns)
    [ PASSED ] CASE: readsInterimAndFixedResponseWithoutBufferingTheBody (332130 ns)
    [ PASSED ] CASE: received4xxAnd5xxRemainHttpResponses (542749 ns)
    [ PASSED ] CASE: decodesChunkedResponseAndPublishesTrailerAtEof (350068 ns)
    [ PASSED ] CASE: closeDelimitedBodyCompletesOnlyAtTransportEof (256813 ns)
    [ PASSED ] CASE: chunkedStreamingResponseMayExceedThePerSegmentBodyBound (296974 ns)
    [ PASSED ] CASE: prematureFixedBodyEofAbandonsResponseExactlyOnce (272953 ns)
    [ PASSED ] CASE: rejectsImplicitUpgradeAndConnectTransportTransfer (517242 ns)
    TCS: Http1SerializerTest, time elapsed: 1170984 ns, RESULT:
    [ PASSED ] CASE: clientRequestAddsHostAndUsesOriginForm (68300 ns)
    [ PASSED ] CASE: forwardProxyRequestUsesAbsoluteFormAndOriginHost (70662 ns)
    [ PASSED ] CASE: requestPreservesOrderedMultipleFieldsAndLengthFraming (60874 ns)
    [ PASSED ] CASE: requestRejectsMissingDuplicateOrMismatchedHost (56205 ns)
    [ PASSED ] CASE: responseSerializesStatusAndUsesSharedFraming (35536 ns)
    [ PASSED ] CASE: responseRejectsInjectionAndForbiddenBodyFraming (44252 ns)
    [ PASSED ] CASE: writerHandlesPartialTransportWritesUnderOneContext (83832 ns)
    [ PASSED ] CASE: serializedBytesAreDefensiveCopies (51422 ns)
    TCS: Http1ServerConnectionTest, time elapsed: 5424402 ns, RESULT:
    [ PASSED ] CASE: serializesTwoKeepAliveExchanges (2571061 ns)
    [ PASSED ] CASE: unreadRequestBodyForcesConnectionCloseAfterResponse (479860 ns)
    [ PASSED ] CASE: handlerFailureProducesBounded500AndCloses (444755 ns)
    [ PASSED ] CASE: rejectedHandoffReleasesSessionOwnershipExactlyOnce (762613 ns)
    [ PASSED ] CASE: selectedUpgradeOfferTransfersBufferedSessionBytes (540030 ns)
    TCS: Http1ServerRequestReaderTest, time elapsed: 11277811 ns, RESULT:
    [ PASSED ] CASE: streamsFixedRequestBodyWithoutReadingPastItsLength (373983 ns)
    [ PASSED ] CASE: rejectsOversizedFixedRequestBeforeReadingItsBody (413640 ns)
    [ PASSED ] CASE: decodesChunkedRequestAndPublishesTrailer (575358 ns)
    [ PASSED ] CASE: sendsContinueOnlyWhenHandlerStartsReadingTheBody (8806667 ns)
    [ PASSED ] CASE: rejectingWithoutReadingNeverSendsContinue (546489 ns)
    TCS: Http1ServerTest, time elapsed: 29176443 ns, RESULT:
    [ PASSED ] CASE: shutdownAbortsConnectionBlockedInsideTlsHandshake (8909523 ns)
    [ PASSED ] CASE: acceptSideTlsHookOwnsConnectionAndClosesAfterShutdown (484949 ns)
    [ PASSED ] CASE: gracefulShutdownStopsAcceptAfterCompletedConnection (420245 ns)
    [ PASSED ] CASE: expiredShutdownAbortsBlockedConnectionAndReturnsBoundedly (8699969 ns)
    [ PASSED ] CASE: connectionLimitPreventsSecondAcceptUntilCapacityReturns (9852676 ns)
    TCS: Http1ServerResponseWriterTest, time elapsed: 1916005 ns, RESULT:
    [ PASSED ] CASE: writesFixedResponseThroughPartialTransportOperations (311580 ns)
    [ PASSED ] CASE: streamsChunkedResponseAndTrailer (313665 ns)
    [ PASSED ] CASE: chunkedStreamingResponseMayExceedThePerSegmentBodyBound (281300 ns)
    [ PASSED ] CASE: headResponseNeverTransfersRepresentationBytes (65701 ns)
    [ PASSED ] CASE: closeDelimitedResponseRequiresConnectionClose (245877 ns)
    [ PASSED ] CASE: rejectsKnownLengthMismatchBeforeCommittingHead (72381 ns)
    TCS: Http1SmugglingCorpusTest, time elapsed: 70079952 ns, RESULT:
    [ PASSED ] CASE: clientAndServerFramingRejectTheSameAmbiguousHeaderCorpus (1564860 ns)
    [ PASSED ] CASE: identicalLengthsAndOneFinalChunkedCodingRemainUnambiguous (513599 ns)
    [ PASSED ] CASE: rejectsWhitespaceTargetAndProxyDifferentialCorpus (509198 ns)
    [ PASSED ] CASE: rejectsMalformedChunkAndTrailerCorpusAtInputOrEof (136147 ns)
    [ PASSED ] CASE: everyAcceptedSingleByteMutationHasACanonicalReparse (60823041 ns)
    [ PASSED ] CASE: chunkedMutationsHaveDeterministicBoundedTerminals (2163828 ns)
    [ PASSED ] CASE: validHeadParsesAtEveryTransportSplitBoundary (3486132 ns)
    TCS: Http1HttpsClientTest, time elapsed: 2278921 ns, RESULT:
    [ PASSED ] CASE: partitionsHandshakesAndReusesHttpsAfterBodyCompletion (1353111 ns)
    [ PASSED ] CASE: zeroLengthConnectionCloseDoesNotWaitForTlsPeerShutdown (577883 ns)
    TCS: Http1TlsServerTest, time elapsed: 103760616 ns, RESULT:
    [ PASSED ] CASE: alpnServerRejectsAClientWithNoSharedHttpProtocol (44897596 ns)
    [ PASSED ] CASE: automaticClientOffersH2FirstAndFallsBackToServerHttp11 (18216762 ns)
    [ PASSED ] CASE: requiredMutualTlsCarriesAuthenticatedHttp1Exchange (21260639 ns)
    [ PASSED ] CASE: realAwsLcHandshakeCarriesOneHttp1Exchange (18617114 ns)
Summary: TOTAL: 122
    PASSED: 119, SKIPPED: 3, ERROR: 0
    FAILED: 0
--------------------------------------------------------------------------------------------------
TP: wirestack.internal.transport, time elapsed: 191710674 ns, RESULT:
    TCS: ByteSpanTest, time elapsed: 1853985 ns, RESULT:
    [ PASSED ] CASE: defaultsCoverWholeArrayAndEmptyArray (253097 ns)
    [ PASSED ] CASE: sliceAndAdvanceKeepTheOriginalArray (23542 ns)
    [ PASSED ] CASE: mutableViewWritesThroughAndConvertsWithoutCopying (19532 ns)
    [ PASSED ] CASE: permitsBoundaryEmptyRanges (20888 ns)
    [ PASSED ] CASE: rejectsEveryOutOfRangeShape (111367 ns)
    TCS: CancellationTest, time elapsed: 40116939 ns, RESULT:
    [ PASSED ] CASE: cancelIsOneWayAndCallbacksRunExactlyOnce (187683 ns)
    [ PASSED ] CASE: unregisterIsIdempotentAndPreventsPendingCallback (26717 ns)
    [ PASSED ] CASE: alreadyCancelledRegistrationRunsSynchronouslyOnce (23101 ns)
    [ PASSED ] CASE: noneTokenRemainsUsableAndNotCancelled (21632 ns)
    [ PASSED ] CASE: oneFailingCallbackDoesNotBlockOtherWaiters (48704 ns)
    [ PASSED ] CASE: concurrentCancelClaimsEveryCallbackExactlyOnce (17822498 ns)
    [ PASSED ] CASE: registrationRacingCancellationStillRunsExactlyOnce (18812217 ns)
    [ PASSED ] CASE: unregisterRacingCancellationIsAtMostOnce (1560254 ns)
    [ PASSED ] CASE: callbackMayReenterCancellationAndRegistrationWithoutDeadlock (38541 ns)
    TCS: OperationCompletionTest, time elapsed: 24417709 ns, RESULT:
    [ PASSED ] CASE: completionCleansEveryResourceBeforeTheWinnerCallback (38968 ns)
    [ PASSED ] CASE: unregisterAndLateRegistrationHaveExplicitTerminalSemantics (28167 ns)
    [ PASSED ] CASE: cleanupCapacityIsPositiveAndHardBounded (56605 ns)
    [ PASSED ] CASE: cleanupFailuresAndReentrancyCannotBlockTerminalProgress (42883 ns)
    [ PASSED ] CASE: winnerExceptionDoesNotReopenTheCompletion (31850 ns)
    [ PASSED ] CASE: cleanupCountPropertyHoldsAcrossEveryConfiguredOccupancy (251500 ns)
    [ PASSED ] CASE: concurrentTerminalCallersHaveOneWinner (3189525 ns)
    [ PASSED ] CASE: registrationRacingCompletionIsAlwaysCleanedOnce (18277409 ns)
    [ PASSED ] CASE: unregisterRacingCompletionRunsCleanupAtMostOnce (1134065 ns)
    TCS: DeadlineTest, time elapsed: 578543 ns, RESULT:
    [ PASSED ] CASE: remainingUsesTheInjectedMonotonicClock (18449 ns)
    [ PASSED ] CASE: remainingClampsAtZeroAfterExpiry (9662 ns)
    [ PASSED ] CASE: childCanShortenButNeverExtendParent (13927 ns)
    [ PASSED ] CASE: zeroAndExpiredChildrenCannotExtendTheParent (14435 ns)
    [ PASSED ] CASE: rejectsNegativeDurations (21423 ns)
    TCS: TransportLifecycleTest, time elapsed: 4688425 ns, RESULT:
    [ PASSED ] CASE: connectingAndAcceptedPathsReachOpenOnlyInOrder (12791 ns)
    [ PASSED ] CASE: halfCloseIsDirectionalIdempotentAndConvergesOnClosing (62857 ns)
    [ PASSED ] CASE: gracefulCloseIsIdempotentAndCompletesOnlyFromClosing (19963 ns)
    [ PASSED ] CASE: abortAndFailReachEveryNonTerminalStateWithoutOverwritingTerminalEvidence (66113 ns)
    [ PASSED ] CASE: illegalTransitionsHaveStableCodesAndDoNotMutateState (124963 ns)
    [ PASSED ] CASE: closingAndTerminalStatesRejectDataOperationsWithClosedCode (72645 ns)
    [ PASSED ] CASE: operationClaimsAllowDuplexButRejectSameDirectionConcurrency (26447 ns)
    [ PASSED ] CASE: everyTerminalModeReleasesRegisteredResourcesExactlyOnce (27097 ns)
    [ PASSED ] CASE: racingTerminalTransitionsRetainOneWinnerAndOneCleanup (3088232 ns)
    [ PASSED ] CASE: terminalCleanupMayReenterAndItsRegistryRemainsBounded (47083 ns)
    TCS: M124TransportRaceTest, time elapsed: 38048616 ns, RESULT:
    [ PASSED ] CASE: readCloseReleasesBlockedOperationAndDrainsWaiter (7655755 ns)
    [ PASSED ] CASE: writeAbortReleasesBlockedOperationAndDrainsWaiter (9857178 ns)
    [ PASSED ] CASE: successAndCancelOrderingsCompleteOnceWithoutDataLeak (19880872 ns)
    TCS: MemoryTransportListenerTest, time elapsed: 50138238 ns, RESULT:
    [ PASSED ] CASE: rejectsInvalidListenerAndSchedulerBounds (31558 ns)
    [ PASSED ] CASE: listenerDeliversConnectionsInFifoOrderAndBoundsBacklog (93595 ns)
    [ PASSED ] CASE: schedulerDefersDeliveryAndReleasesFailedReservations (59085 ns)
    [ PASSED ] CASE: schedulerRunsMultipleConnectionsInStableFifoOrder (39317 ns)
    [ PASSED ] CASE: cancellationWakesAcceptWithoutClosingListener (9103074 ns)
    [ PASSED ] CASE: deadlineBoundsBlockedAcceptWithoutClosingListener (29869486 ns)
    [ PASSED ] CASE: closeWakesAcceptAndAbortsOwnedConnectionsIdempotently (9850668 ns)
    TCS: MemoryTransportTest, time elapsed: 1727235 ns, RESULT:
    [ PASSED ] CASE: pairTransfersPartialDataInBothDirections (33168 ns)
    [ PASSED ] CASE: emptyBuffersReturnZeroWithoutProducingEofOrPeerData (19407 ns)
    [ PASSED ] CASE: writeShutdownProducesPeerEofAfterBufferedData (22499 ns)
    [ PASSED ] CASE: readShutdownMakesPeerWritesFailAsBrokenPipe (35003 ns)
    [ PASSED ] CASE: cancelledBeforeOperationHasNoDataSideEffect (34689 ns)
    [ PASSED ] CASE: closeAndAbortAreIdempotentAndTerminal (35000 ns)
    [ PASSED ] CASE: cancellationWakesABlockedRead (74961 ns)
    [ PASSED ] CASE: closeWakesABlockedLocalRead (41978 ns)
    [ PASSED ] CASE: writeShutdownWakesABlockedLocalWrite (47906 ns)
    [ PASSED ] CASE: boundedBackpressureResumesAfterPeerReads (174760 ns)
    [ PASSED ] CASE: expiredDeadlineFailsBeforeAnyWrite (33163 ns)
    TCS: NetworkErrorTest, time elapsed: 503255 ns, RESULT:
    [ PASSED ] CASE: retainsStableClassificationAndEndpointEvidence (39302 ns)
    [ PASSED ] CASE: retainsLocalEndpointCauseAndOptionalDefaults (22005 ns)
    [ PASSED ] CASE: caughtErrorRetainsUnixEndpointBytesNativeCodeAndCause (26572 ns)
    [ PASSED ] CASE: pathnameRejectsNulWhileAbstractRetainsIt (16890 ns)
    TCS: OperationContextTest, time elapsed: 968361 ns, RESULT:
    [ PASSED ] CASE: backgroundHasNoDeadlineCancellationOrTrace (11867 ns)
    [ PASSED ] CASE: derivedContextsRetainEventSinkAndSinkFailuresAreIsolated (63161 ns)
    [ PASSED ] CASE: derivedContextRetainsCancellationAndTrace (28862 ns)
    [ PASSED ] CASE: derivationHelpersChangeOnlyTheirNamedField (40217 ns)
    [ PASSED ] CASE: earlierDeadlineCannotBeExtended (11157 ns)
    [ PASSED ] CASE: traceIdentifiersAreBoundedAndNonEmpty (44634 ns)
    TCS: ScriptedTransportTest, time elapsed: 26446583 ns, RESULT:
    [ PASSED ] CASE: rejectsUnboundedOrInvalidScripts (67124 ns)
    [ PASSED ] CASE: shortReadAndWriteStepsAreConsumedInOrder (61452 ns)
    [ PASSED ] CASE: emptyIoDoesNotConsumeScriptAndEofIsExplicit (60365 ns)
    [ PASSED ] CASE: resetTerminatesTransportAtInjectedPhase (57988 ns)
    [ PASSED ] CASE: failurePreservesCoordinatesWithoutTerminatingTransport (46935 ns)
    [ PASSED ] CASE: virtualWaiterReleasesBlockedOperationsInFifoOrder (15388225 ns)
    [ PASSED ] CASE: cancellationWinsAReleaseRaceAndCleansWaiter (9694908 ns)
    TCS: TransportHelperTest, time elapsed: 1104579 ns, RESULT:
    [ PASSED ] CASE: writeAllHandlesPartialWritesAndEmptyInput (40468 ns)
    [ PASSED ] CASE: readExactHandlesPartialReads (21687 ns)
    [ PASSED ] CASE: readExactClassifiesPrematureEof (44958 ns)
    [ PASSED ] CASE: emptyHelpersDoNotCallTransport (10934 ns)
    [ PASSED ] CASE: invalidProgressFailsOnceWithoutSpinning (52309 ns)
    [ PASSED ] CASE: cancellationAfterPartialProgressPropagatesWithoutRestart (39398 ns)
    [ PASSED ] CASE: absoluteDeadlineExpiresAcrossPartialRetries (29946 ns)
Summary: TOTAL: 83
    PASSED: 83, SKIPPED: 0, ERROR: 0
    FAILED: 0
--------------------------------------------------------------------------------------------------
TP: wirestack.net, time elapsed: 1538569378 ns, RESULT:
    TCS: DnsClientWireTest, time elapsed: 951240827 ns, RESULT:
    [ PASSED ] CASE: publicQueryAndLookupUseRealUdpAndRetainAbsoluteCacheExpiry (2767391 ns)
    [ PASSED ] CASE: publicQueryEncodesEveryModeledRecordType (9418029 ns)
    [ PASSED ] CASE: wrongSourceIdAndQuestionAreIgnoredBeforeValidUdpResponse (1099694 ns)
    [ PASSED ] CASE: validatedTruncationFallsBackToExactTcpFrame (1368974 ns)
    [ PASSED ] CASE: activeCancellationRetainsNameserverWithoutRetry (60535522 ns)
    [ PASSED ] CASE: silentDnsAttemptsLeaveBudgetForServerAndPassFailover (503997965 ns)
    [ PASSED ] CASE: exhaustedResponseCodesRetainTheLastRespondingNameserver (2869680 ns)
    [ PASSED ] CASE: unsupportedResponseCodeRetainsRespondingNameserver (1796101 ns)
    [ PASSED ] CASE: dnsTransportFailuresRetainSelectedNameserver (252220366 ns)
    [ PASSED ] CASE: tcpResponseCannotRemainTruncated (1348550 ns)
    [ PASSED ] CASE: malformedMatchingResponseAndUnrelatedSectionsCannotPoisonCache (2764094 ns)
    [ PASSED ] CASE: cnameTraversalUsesAnswerOwnersAndRejectsConflictingTargets (1841585 ns)
    [ PASSED ] CASE: fullResultCapacityDoesNotQueryAnotherFamily (60450585 ns)
    [ PASSED ] CASE: rfc2308CacheRetainsNxdomainVersusNodataWithoutNewPackets (2862590 ns)
    [ PASSED ] CASE: zeroTtlNeverCreatesAPositiveCacheEntry (1789305 ns)
    [ PASSED ] CASE: callerCancellationAndClientCloseWakeActiveNativeReceive (2469233 ns)
    [ PASSED ] CASE: anyFamilyRetainsAddressesWhenTheOtherFamilyFails (4078764 ns)
    [ PASSED ] CASE: crossFamilyConflictsRetainTheLivePeerAlongsideCachedResults (4569973 ns)
    [ PASSED ] CASE: nxdomainInvalidatesVisitedTargetsAndOtherCachedAliases (16748135 ns)
    [ PASSED ] CASE: everyNxdomainInvalidatesPreviouslyCachedAddresses (6655370 ns)
    [ PASSED ] CASE: noncacheableNxdomainStopsOtherFamilyQueries (1867805 ns)
    [ PASSED ] CASE: nameWideNegativeOverridesEarlierFamilyFailure (1919090 ns)
    [ PASSED ] CASE: boundedAdmissionRejectsExcessAndCloseWakesQueuedCallers (930843 ns)
    TCS: DnsResolverPolicyTest, time elapsed: 283877158 ns, RESULT:
    [ PASSED ] CASE: fromSystemParsesTabsCommentsLastSearchAndClampedNdots (312620 ns)
    [ PASSED ] CASE: directConfigRejectsUnsupportedNameserverZonesBeforeQueries (29679 ns)
    [ PASSED ] CASE: numericNameserverZonesUseCanonicalEndpointIdentity (39437 ns)
    [ PASSED ] CASE: systemNameserversRetainOnlySupportedNumericZones (311236 ns)
    [ PASSED ] CASE: equivalentNameserverScopesDoNotConsumeTheServerLimit (219885 ns)
    [ PASSED ] CASE: configOwnsInputArraysAndReturnsDefensiveCopies (41584 ns)
    [ PASSED ] CASE: adoptedClientRequiresMatchingConfigurationWithoutTakingRejectedOwnership (164181 ns)
    [ PASSED ] CASE: systemFilesFailClosedWhenMissingOversizedOrNonregular (13483736 ns)
    [ PASSED ] CASE: ipv4LiteralsBypassHostsSearchAndNameservers (60241807 ns)
    [ PASSED ] CASE: hostsSnapshotRetainsOnlyUsableIpv6Zones (392802 ns)
    [ PASSED ] CASE: hostsAliasesFilterFamiliesAndRemainSnapshotted (476285 ns)
    [ PASSED ] CASE: trailingRootSkipsSearchWhileNdotsSelectsSearchOrAbsoluteFirst (3220456 ns)
    [ PASSED ] CASE: exactHostsEntryWinsBeforeSearchSuffixDns (201022650 ns)
    [ PASSED ] CASE: cancelledExpiredAndClosedCallsRetainPublicResolveClassifications (333947 ns)
    [ PASSED ] CASE: connectUsesHostsMappingForANativeListenerExchange (774221 ns)
    [ PASSED ] CASE: resolverConnectCarriesOneAbsoluteDeadlineIntoNativeTcpAdmission (466640 ns)
    TCS: DnsWireParserTest, time elapsed: 25042818 ns, RESULT:
    [ PASSED ] CASE: decodesCompressedTargetsBinaryTxtSoaAndUnknownData (192555 ns)
    [ PASSED ] CASE: recordOrderMakesAnswerAuthorityAndAdditionalBoundariesExplicit (78814 ns)
    [ PASSED ] CASE: summariesAndRecordsOwnParserAndConstructorInputs (52147 ns)
    [ PASSED ] CASE: publicSummaryRejectsCountsBeyondWireAndCombinedRecordBounds (21771235 ns)
    [ PASSED ] CASE: parserPreservesQuestionIdentityAndRejectsIncompleteRecords (93388 ns)
    [ PASSED ] CASE: asciiNameProfileRejectsAmbiguousLabels (132239 ns)
    [ PASSED ] CASE: compressionLoopsForwardPointersAndOutOfRangePointersAreRejected (80736 ns)
    [ PASSED ] CASE: expandedNameAndSectionCountsRespectConfiguredBounds (97029 ns)
    [ PASSED ] CASE: completeParserRejectsTrailingAndTruncatedSectionBytes (64522 ns)
    [ PASSED ] CASE: typedRdataLengthsAndTxtSegmentsAreExact (103823 ns)
    [ PASSED ] CASE: compressedRdataNamesCannotConsumeNeighboringRecordBytes (84957 ns)
    [ PASSED ] CASE: srvTargetCompressionIsRejectedEvenWhenPointerIsInBounds (36470 ns)
    [ PASSED ] CASE: summaryConstructorRejectsSectionMetadataThatCouldBlurBoundaries (16270 ns)
    [ PASSED ] CASE: additionalOwnerMayReferenceAuthorityNameserverTarget (46754 ns)
    [ PASSED ] CASE: additionalOwnerMayReferenceSecondLegacyMailboxName (63065 ns)
    TCS: DnsWireFuzzTest, time elapsed: 109566058 ns, RESULT:
    [ PASSED ] CASE: wireMutationsRejectMalformedMessagesOrRetainOwnedSections (109343119 ns)
    TCS: M8002TcpListenerTest, time elapsed: 56647487 ns, RESULT:
    [ PASSED ] CASE: bindRejectsInvalidBacklogAndStoppedContextsWithStructuredErrors (75151 ns)
    [ PASSED ] CASE: bindFailureRetainsPublicCoordinatesAndCause (110011 ns)
    [ PASSED ] CASE: cancelledAndExpiredAcceptsLeaveListenerReusable (24497458 ns)
    [ PASSED ] CASE: acceptedStreamTransfersExactDataInBothDirections (233110 ns)
    [ PASSED ] CASE: overlappingAcceptIsRejectedWithoutCreatingAPendingQueue (29993519 ns)
    [ PASSED ] CASE: stoppedCloseAdmissionHasNoNativeEffectAndListenerRemainsUsable (300550 ns)
    [ PASSED ] CASE: gracefulAndAbortTerminalOwnersAreStableAndWakeAccept (190366 ns)
    TCS: M8002UdpSocketTest, time elapsed: 33535802 ns, RESULT:
    [ PASSED ] CASE: capabilitiesReflectQualifiedBroadcastAndMembershipOperations (76596 ns)
    [ PASSED ] CASE: datagramBoundariesAndOwnedPayloadSurviveScratchReuse (204573 ns)
    [ PASSED ] CASE: exactCapacityAndTruncationDiscardOnlyTheCurrentDatagramTail (221912 ns)
    [ PASSED ] CASE: connectedSocketSelectsNativePeerAndFiltersOtherSenders (232065 ns)
    [ PASSED ] CASE: invalidAndUnsupportedInputsLeaveSocketReusable (1206776 ns)
    [ PASSED ] CASE: cancellationDeadlineCloseAndAbortRetainDistinctState (30450221 ns)
    TCS: M8007TlsDeadlineCleanupTest, time elapsed: 31866809 ns, RESULT:
    [ PASSED ] CASE: closeDeadlineReleasesAnExistingNativeTcpReadWithoutPeerAssistance (31515700 ns)
    TCS: M9002SocketOptionTest, time elapsed: 4515482 ns, RESULT:
    [ PASSED ] CASE: udpReadsEffectiveBuffersAndAppliesIpv4Controls (230879 ns)
    [ PASSED ] CASE: ipv6ControlsRejectIpv4OptionsAndPostBindMutation (212080 ns)
    [ PASSED ] CASE: wholeListValidationPrecedesAnyMutation (280339 ns)
    [ PASSED ] CASE: nativeFailureRetainsEarlierEffectsAndSkipsLaterOptions (271184 ns)
    [ PASSED ] CASE: cancelledControlDoesNotAbortHealthySocket (258596 ns)
    [ PASSED ] CASE: acceptedOptionsOverrideDefaultsBeforePublication (424513 ns)
    [ PASSED ] CASE: reusePortAllowsTwoNativeListeners (219989 ns)
    [ PASSED ] CASE: bufferExtremesAreClampedAndInvalidDomainsDoNotMutate (114135 ns)
    [ PASSED ] CASE: optionKindsRejectWrongTargetsFamiliesAndCreationStages (483006 ns)
    [ PASSED ] CASE: ipv6OnlyChangesRealDualStackBindBehavior (256182 ns)
    TCS: M9003UdpLifecycleTest, time elapsed: 1155592 ns, RESULT:
    [ PASSED ] CASE: disconnectRetainsBindAndRestoresExplicitSendTo (218914 ns)
    [ PASSED ] CASE: cancelledDisconnectDoesNotChangeTheSelectedPeer (147267 ns)
    [ PASSED ] CASE: multicastMembershipIsFamilyCheckedKeyedAndBounded (337745 ns)
    TCS: NetworkFoundationContractTest, time elapsed: 39810877 ns, RESULT:
    [ PASSED ] CASE: unixEndpointFormsAreDistinctAndOwned (21535 ns)
    [ PASSED ] CASE: unixEndpointRejectsUnboundedNames (31596 ns)
    [ PASSED ] CASE: rawSocketCapabilityBoundaryRequiresDomainSpecificProtocol (65039 ns)
    [ PASSED ] CASE: cancelledConnectFailsBeforeSocketCreation (47242 ns)
    [ PASSED ] CASE: tcpStreamCancellationDistinguishesUntouchedFromAbortedDelegate (105833 ns)
    [ PASSED ] CASE: tcpStreamGracefulCloseIsRetainedAndIdempotent (34686 ns)
    [ PASSED ] CASE: tcpStreamTerminalCloseSkipsStoppedContextsAndCallerClock (129043 ns)
    [ PASSED ] CASE: tcpStreamNonterminalStoppedCloseAdmissionStillRejects (86121 ns)
    [ PASSED ] CASE: tcpStreamCloseNormalizesContextFailureWithoutTakingOwnership (72391 ns)
    [ PASSED ] CASE: tcpStreamAbortRetainsItsCauseAndConnectionFacts (121318 ns)
    [ PASSED ] CASE: tcpStreamDirectionalShutdownPublishesOnlySuccessfulTransitions (87355 ns)
    [ PASSED ] CASE: tcpStreamReadShutdownRejectsEveryReadPathWithoutLosingWrites (139336 ns)
    [ PASSED ] CASE: tcpStreamWriteShutdownRejectsEveryWritePathWithoutLosingReads (99551 ns)
    [ PASSED ] CASE: tcpStreamEmptyOperationsRemainImmediateAfterDirectionalShutdown (42406 ns)
    [ PASSED ] CASE: tcpStreamReadExactAddsCapturedEndpointsToUnexpectedEof (58308 ns)
    [ PASSED ] CASE: tcpStreamReadKeepsPeerEofGraceful (26486 ns)
    [ PASSED ] CASE: tcpStreamReadExactMergesCapturedAndStructuredEndpointMetadata (82315 ns)
    [ PASSED ] CASE: tcpStreamIoConflictsRetainCapturedEndpointsWithoutClosing (180871 ns)
    [ PASSED ] CASE: tcpStreamDirectionalShutdownDoesNotPromoteWokenIoToFailure (108439 ns)
    [ PASSED ] CASE: tcpStreamFinalShutdownRemainsGracefulWhenItWakesIo (64970 ns)
    [ PASSED ] CASE: tcpStreamFailuresRetainOriginalErrorAndReleaseDelegate (98928 ns)
    [ PASSED ] CASE: tcpStreamRetainsNativeCancellationOwnership (1258863 ns)
    [ PASSED ] CASE: tcpStreamNormalizesUnexpectedDelegateFailures (160240 ns)
    [ PASSED ] CASE: tcpStreamPrecancelledIoCannotClaimAnotherClosesOwnership (117956 ns)
    [ PASSED ] CASE: tcpStreamCancellationOwnershipSurvivesOtherObservers (57135 ns)
    [ PASSED ] CASE: tcpStreamAbortCannotRelabelClaimedGracefulNativeClose (24592 ns)
    [ PASSED ] CASE: tcpStreamAbortOwnershipSurvivesCompetingIoAndLateCloseFailure (48423 ns)
    [ PASSED ] CASE: tcpStreamCancellationBoundsCloseWaitAndLateSuccessRemainsGraceful (92585 ns)
    [ PASSED ] CASE: tcpStreamJoiningBackgroundCloseWaitsForCompletion (28626198 ns)
    [ PASSED ] CASE: tcpStreamDeadlineBoundsCloseWaitAndLateSuccessRemainsGraceful (63280 ns)
    [ PASSED ] CASE: tcpStreamLateCloseFailurePublishesFailedWithoutReplacingCallerCancellation (66608 ns)
    [ PASSED ] CASE: tcpStreamAbortRemainsTerminalWhenDetachedCloseFailsLate (75054 ns)
    [ PASSED ] CASE: tcpStreamCloseKeepsGracefulCauseWhenItWakesARead (47778 ns)
    [ PASSED ] CASE: unsafeOptionValueIsBoundedAndOwnedWithoutApplyingIt (212692 ns)
    [ PASSED ] CASE: datagramResultEnforcesTheIpv4PayloadBound (2238274 ns)
    [ PASSED ] CASE: datagramResultSurvivesReceiveBufferReuse (12777 ns)
Summary: TOTAL: 118
    PASSED: 118, SKIPPED: 0, ERROR: 0
    FAILED: 0
--------------------------------------------------------------------------------------------------
TP: wirestack.internal.trust, time elapsed: 45433735 ns, RESULT:
    TCS: HostnameVerifierTest, time elapsed: 2047740 ns, RESULT:
    [ PASSED ] CASE: exactDnsAndAsciiIdnaALabelMatchCaseInsensitively (257201 ns)
    [ PASSED ] CASE: wildcardMatchesExactlyOneLeftmostLabelOnly (78912 ns)
    [ PASSED ] CASE: invalidOrOverbroadWildcardsAreRejectedAtCertificateBoundary (99171 ns)
    [ PASSED ] CASE: dnsAndIpReferenceIdentitiesNeverCrossMatch (80216 ns)
    [ PASSED ] CASE: subjectAlternativeNameCountIsHardBounded (180270 ns)
    TCS: M3028HostnameFuzzTest, time elapsed: 41189647 ns, RESULT:
    [ PASSED ] CASE: hostnameMutationsHaveDeterministicTypedTerminals (40887029 ns)
    TCS: TrustPolicyTest, time elapsed: 1970014 ns, RESULT:
    [ PASSED ] CASE: nativeX509ParserAcceptsOneExactDerObjectAndRejectsTrailingBytes (650701 ns)
    [ PASSED ] CASE: certificateAndChainLimitsFailBeforeUnboundedParsingOrCopying (419463 ns)
    [ PASSED ] CASE: everyTrustPolicyHasAStableContentIdentityAndNoTrustAllState (313111 ns)
    [ PASSED ] CASE: pinAlgorithmAndScopeAreExplicitAndMalformedPinsFail (21462 ns)
Summary: TOTAL: 10
    PASSED: 10, SKIPPED: 0, ERROR: 0
    FAILED: 0
--------------------------------------------------------------------------------------------------
TP: wirestack.tls, time elapsed: 95343456 ns, RESULT:
    TCS: PublicTlsFacadeTest, time elapsed: 71425181 ns, RESULT:
    [ PASSED ] CASE: clientBuilderRejectsReversedVersionRangeBeforeTransportIo (39033740 ns)
    [ PASSED ] CASE: serverBuilderRequiresAnIdentityBeforeTransportIo (8140161 ns)
    [ PASSED ] CASE: clientBuilderCopiesAlpnAndPublishesProviderNeutralCapabilities (7590010 ns)
    [ PASSED ] CASE: preCancelledHandshakeConsumesAndAbortsTheTransport (15393623 ns)
    TCS: TlsM8006ContractTest, time elapsed: 8262592 ns, RESULT:
    [ PASSED ] CASE: externalDecryptionRequestIsStrictlyRawRsaBoundedAndOwned (47653 ns)
    [ PASSED ] CASE: keyLogLineAcceptsOnlyBoundedNssShapeAndOwnsSecrets (122937 ns)
    [ PASSED ] CASE: clientContextRejectsExternalDecryptionBeforeHandshake (7617156 ns)
    TCS: TlsRuntimeTest, time elapsed: 15456825 ns, RESULT:
    [ PASSED ] CASE: reportsHandleFreeLinuxProviderAndBuildIdentity (7651393 ns)
    [ PASSED ] CASE: returnsDefensiveCopiesOfRuntimeInventories (7356546 ns)
Summary: TOTAL: 9
    PASSED: 9, SKIPPED: 0, ERROR: 0
    FAILED: 0
--------------------------------------------------------------------------------------------------
TP: wirestack.internal.resolver, time elapsed: 41104839 ns, RESULT:
    TCS: M2006AppleSystemResolverTest, time elapsed: 11304905 ns, RESULT:
    [ PASSED ] CASE: resolvesLocalhostThroughTheProviderNeutralContract (9675635 ns)
    [ PASSED ] CASE: fixtureReturnsAllCandidatesWithoutInventingTtl (22765 ns)
    [ PASSED ] CASE: fixtureAppliesFamilyAndResultBounds (14709 ns)
    [ PASSED ] CASE: fixtureMapsPosixFailuresAndUnknownCodes (11624 ns)
    [ PASSED ] CASE: fixtureCancellationAndDeadlineReturnBeforeNativeCleanup (14239 ns)
    [ PASSED ] CASE: newResolutionObservesNetworkGenerationChange (20826 ns)
    [ PASSED ] CASE: validatesBoundsAndRejectsUseAfterClose (96903 ns)
    [ PASSED ] CASE: fixtureBoundsAdmissionAndReleasesQueuedWorkAfterClose (13429 ns)
    TCS: M2003BoundedResolverBackendTest, time elapsed: 19813696 ns, RESULT:
    [ PASSED ] CASE: resolvesLocalhostWithBoundedMetricsAndIdempotentClose (8531260 ns)
    [ PASSED ] CASE: appliesIpv4FamilyAndRejectsUseAfterClose (9852165 ns)
    [ PASSED ] CASE: validatesPoolBounds (42532 ns)
    [ PASSED ] CASE: nativeFamilyValidationFailsClosedAndPollingBackoffIsBounded (35088 ns)
    [ PASSED ] CASE: preCancelledContextDoesNotSubmitNativeWork (138557 ns)
    [ PASSED ] CASE: delayedNativeWorkDoesNotStarveCangjieHeartbeat (25193 ns)
    [ PASSED ] CASE: cancellationCompletesPromptlyWhileNativeJobCleansUp (11742 ns)
    [ PASSED ] CASE: deadlineCompletesPromptlyWhileNativeJobCleansUp (15248 ns)
    [ PASSED ] CASE: queueAdmissionIsStrictlyBounded (11354 ns)
    TCS: ResolverContractTest, time elapsed: 446693 ns, RESULT:
    [ PASSED ] CASE: resultOwnsDeduplicatedAddressesAndDoesNotInventTtl (34396 ns)
    [ PASSED ] CASE: staticResolverFiltersFamiliesAndHonorsPreCancellation (46554 ns)
    [ PASSED ] CASE: rejectsEmptyFamilyResultAndInvalidLimits (29138 ns)
    TCS: M2002ResolverPublicContractTest, time elapsed: 698687 ns, RESULT:
    [ PASSED ] CASE: resultOwnsAllTypedCandidatesWithoutInventingTtl (34894 ns)
    [ PASSED ] CASE: staticResolverAppliesFamilyAndResultBounds (27825 ns)
    [ PASSED ] CASE: errorsRetainStablePublicCoordinates (40988 ns)
    [ PASSED ] CASE: cancellationAndDeadlineRemainDistinct (39611 ns)
    [ PASSED ] CASE: constructorsRejectInvalidBoundsAndDiagnostics (33038 ns)
    TCS: M2004WindowsSystemResolverTest, time elapsed: 8517531 ns, RESULT:
    [ PASSED ] CASE: resolvesLocalhostThroughTheProviderNeutralContract (7377432 ns)
    [ PASSED ] CASE: fixtureReturnsAllCandidatesWithoutInventingTtl (22614 ns)
    [ PASSED ] CASE: fixtureAppliesFamilyAndResultBounds (15287 ns)
    [ PASSED ] CASE: fixtureMapsWinsockFailuresAndUnknownCodes (16867 ns)
    [ PASSED ] CASE: fixtureCancellationAndDeadlineReturnBeforeNativeCleanup (17061 ns)
    [ PASSED ] CASE: validatesBoundsAndRejectsUseAfterClose (98927 ns)
Summary: TOTAL: 31
    PASSED: 31, SKIPPED: 0, ERROR: 0
    FAILED: 0
--------------------------------------------------------------------------------------------------
TP: wirestack.internal.tls_engine, time elapsed: 25535357492 ns, RESULT:
    TCS: TlsConnectionTest, time elapsed: 100892104 ns, RESULT:
    [ PASSED ] CASE: handshakeTransfersOwnershipAndPlaintextIoUsesTheEngine (1046591 ns)
    [ PASSED ] CASE: oneReadAndOneWriteMayOverlapButSecondReadFailsImmediately (916287 ns)
    [ PASSED ] CASE: handshakeFailureAbortsTransportAndReleasesEngineExactlyOnce (74083 ns)
    [ PASSED ] CASE: expiredHandshakeDeadlineStillConsumesAndAbortsBothInputs (78450 ns)
    [ PASSED ] CASE: ioFailureAbortsAndRepeatedTerminalCallsDoNotReleaseTwice (460871 ns)
    [ PASSED ] CASE: unsupportedHalfCloseDoesNotMutateAnOpenConnection (122477 ns)
    [ PASSED ] CASE: concurrentCloseAndAbortReleaseUnderlyingResourcesOnce (7412900 ns)
    [ PASSED ] CASE: gracefulCloseSendsAndProcessesCloseNotifyBeforeReleasingResources (139928 ns)
    [ PASSED ] CASE: tcpEofDuringGracefulCloseRetainsTruncationAndStillReleasesEverything (137130 ns)
    [ PASSED ] CASE: expiredCloseBudgetStillClosesTransportAndReleasesEngine (130625 ns)
    [ PASSED ] CASE: abortNeverAttemptsTlsShutdownAndRetainsLocalAbortEvidence (209758 ns)
    [ PASSED ] CASE: cancelledCloseReleasesEngineWhenImmediateAbortCallbackThrows (175845 ns)
    [ PASSED ] CASE: tcpEofDuringApplicationReadRetainsTruncationBeforeAbort (464976 ns)
    [ PASSED ] CASE: peerCloseNotifyProducesEofEvidenceAndRejectsNewApplicationWrites (490750 ns)
    [ PASSED ] CASE: closeDeadlineExpiresWhileAnExistingBackgroundReadOwnsPumpAdmission (26102910 ns)
    [ PASSED ] CASE: closeCancellationInterruptsAnExistingBackgroundReadWithinTheBound (575389 ns)
    [ PASSED ] CASE: closeCancellationDoesNotWaitBehindAnExistingCiphertextWrite (552416 ns)
    [ PASSED ] CASE: peerWaitingGracefulCloseStaysBoundedByTheCallerBudget (58779583 ns)
    [ PASSED ] CASE: peerWaitingGracefulCloseCompletesWithinItsBudget (150997 ns)
    TCS: Net06TlsTransportCleanupGateTest, time elapsed: 1598090 ns, RESULT:
    [ PASSED ] CASE: failedHandshakesDisposeEngineAndTransportExactlyOnce (1397757 ns)
    TCS: TlsContextTest, time elapsed: 3865814 ns, RESULT:
    [ PASSED ] CASE: linuxCapabilitiesAreExplicitAndNeverInferredFromProviderNames (17770 ns)
    [ PASSED ] CASE: defaultSystemTrustFailsAtBuildUntilLinuxAdapterIsAvailable (82491 ns)
    [ PASSED ] CASE: modernClientContextIsImmutableAndConcurrentShareable (448597 ns)
    [ PASSED ] CASE: strictTls13RejectsAnyTls12Override (131569 ns)
    [ PASSED ] CASE: missingTls13AndHttp2CapabilitiesFailBeforeHandshake (140099 ns)
    [ PASSED ] CASE: alpnRejectsEmptyAndDuplicateProtocolNames (277230 ns)
    [ PASSED ] CASE: serverRequiresServerIdentityAndMtlSTrustAtBuildTime (913196 ns)
    [ PASSED ] CASE: clientIdentityCapabilityIsValidatedAtBuildTime (793991 ns)
    TCS: TlsEnginePumpTest, time elapsed: 354113014 ns, RESULT:
    [ PASSED ] CASE: awsLcClientEngineProducesAClientHelloWithoutSocketIo (35310573 ns)
    [ PASSED ] CASE: strictTls13PolicyIsAcceptedByTheNativeEngine (121526 ns)
    [ PASSED ] CASE: LinuxSystemTrustLoadsExplicitlyAndSniStaysSeparateFromReferenceIdentity (20194387 ns)
    [ PASSED ] CASE: customRootChainIsLoadedIntoARealAwsLcClientEngine (605581 ns)
    [ PASSED ] CASE: spkiPinPolicyConfiguresTheNativeVerificationPathBeforeHandshake (227613 ns)
    [ PASSED ] CASE: matchingSpkiPinCompletesARealClientServerHandshake (11224309 ns)
    [ PASSED ] CASE: matchingSpkiPinDoesNotBypassReferenceIdentityVerification (12226687 ns)
    [ PASSED ] CASE: realAwsLcEnginesExchangeCloseNotifyInBothDirections (12279493 ns)
    [ PASSED ] CASE: handshakeInfoReportsNegotiatedAlpnPeerChainAndVerificationEvidence (13291300 ns)
    [ PASSED ] CASE: tls13TicketResumesAcrossFreshEnginesWithoutEarlyData (13210701 ns)
    [ PASSED ] CASE: tls12TicketResumesAcrossFreshEngines (12324229 ns)
    [ PASSED ] CASE: sniSelectsTheCompleteImmutableContextAndItsCertificate (12461828 ns)
    [ PASSED ] CASE: sniSelectorRejectsMissingAndUnknownNamesWithStableEvidence (22050114 ns)
    [ PASSED ] CASE: noSharedAlpnFailsTheHandshakeInsteadOfSilentlySelectingNothing (10893314 ns)
    [ PASSED ] CASE: requiredMutualTlsUsesClientIdentityAndReturnsServerVerificationEvidence (13556900 ns)
    [ PASSED ] CASE: requiredMutualTlsRejectsMissingClientIdentityButOptionalAllowsIt (14752408 ns)
    [ PASSED ] CASE: mismatchedSpkiPinFailsARealClientServerHandshake (12303916 ns)
    [ PASSED ] CASE: externalSignerCompletesARealHandshakeOutsideTheNativeCallback (54242996 ns)
    [ PASSED ] CASE: externalSignerExceptionFailsClosedWithoutCrossingTheCAbi (12232666 ns)
    [ PASSED ] CASE: cancellationBeforeSignerInvocationFailsThePendingNativeOperation (9794111 ns)
    [ PASSED ] CASE: tls12ContextVersionsPartitionRealClientAndServerSessions (27402735 ns)
    [ PASSED ] CASE: tls13ContextVersionsPartitionRealClientAndServerTickets (27564515 ns)
    [ PASSED ] CASE: pumpHandlesWantReadWriteAndPartialIoWithBoundedBuffers (62130 ns)
    [ PASSED ] CASE: wantWriteWithoutCiphertextFailsInsteadOfSpinning (75978 ns)
    [ PASSED ] CASE: eofDuringWantReadRetainsTlsHandshakeEvidence (148223 ns)
    [ PASSED ] CASE: preCancellationStopsBeforeCallingProviderOrTransport (140821 ns)
    [ PASSED ] CASE: expiredDeadlineStopsBeforeCallingProviderOrTransport (114413 ns)
    TCS: LocalIdentityTest, time elapsed: 5273491 ns, RESULT:
    [ PASSED ] CASE: pkcs8InputIsExactBoundedAndZeroizable (897520 ns)
    [ PASSED ] CASE: pkcs8FileAdapterReadsOneBoundedRegularFile (796552 ns)
    [ PASSED ] CASE: localIdentityValidatesLeafKeyMatchAndHasStablePublicIdentity (1535328 ns)
    [ PASSED ] CASE: mismatchedCertificateAndPrivateKeyFailAtIdentityBuild (670609 ns)
    [ PASSED ] CASE: externalSignerAndSystemHandleShareOneOpaqueKeyContract (333444 ns)
    [ PASSED ] CASE: duplicateSignerAlgorithmsAndMismatchedSpkiFailAtBuild (306379 ns)
    TCS: M3028TlsFuzzTest, time elapsed: 25066469624 ns, RESULT:
    [ PASSED ] CASE: recordMutationsHaveDeterministicTypedTerminals (9970921985 ns)
    [ PASSED ] CASE: handshakeMutationsHaveDeterministicTypedTerminals (9692699758 ns)
    [ PASSED ] CASE: certificateAdapterMutationsHaveDeterministicTypedTerminals (5402157842 ns)
    TCS: TlsM8006ContextTest, time elapsed: 1389611 ns, RESULT:
    [ PASSED ] CASE: sessionPartitionsRetainOnlyTheMatchingContextVersion (33543 ns)
    [ PASSED ] CASE: decryptorRequiresProviderCapabilityAndRsaExternalIdentity (948110 ns)
    [ PASSED ] CASE: keyLogSinkRequiresExplicitProviderCapability (50526 ns)
    TCS: TlsProviderSubstitutionTest, time elapsed: 749383 ns, RESULT:
    [ PASSED ] CASE: testProviderUsesTheProductionFactoryContract (215343 ns)
    [ PASSED ] CASE: objectsFromDifferentProviderInstancesCannotMix (209332 ns)
    [ PASSED ] CASE: activeEngineRetainsProviderUntilItCloses (16094 ns)
    TCS: TlsSessionStoreTest, time elapsed: 288437 ns, RESULT:
    [ PASSED ] CASE: boundedLruExpiryAndSingleUseAreDeterministic (23993 ns)
    [ PASSED ] CASE: everySecurityPartitionDimensionPreventsReuse (41949 ns)
Summary: TOTAL: 72
    PASSED: 72, SKIPPED: 0, ERROR: 0
    FAILED: 0
--------------------------------------------------------------------------------------------------
TP: wirestack.internal.connector, time elapsed: 13773937 ns, RESULT:
    TCS: AttemptPlanTest, time elapsed: 1471738 ns, RESULT:
    [ PASSED ] CASE: alternatesFamiliesAndPreservesFamilyOrder (235646 ns)
    [ PASSED ] CASE: firstFamilyControlsPreferenceAndDuplicatesAreRemoved (87871 ns)
    [ PASSED ] CASE: distinctIpv6ZonesAreNotDeduplicated (32875 ns)
    [ PASSED ] CASE: rejectsEmptyCandidatesAndNegativeDelay (43079 ns)
    TCS: HappyEyeballsConnectorTest, time elapsed: 10237846 ns, RESULT:
    [ PASSED ] CASE: emitsCompleteDnsAttemptAndConnectedLifecycle (281873 ns)
    [ PASSED ] CASE: blackholedFirstCandidateIsCancelledAndJoinedBeforeReturn (7942790 ns)
    [ PASSED ] CASE: ipv6FirstSuccessSkipsLaterIpv4Attempt (138287 ns)
    [ PASSED ] CASE: simultaneousSuccessKeepsOneWinnerAndAbortsEveryLoser (157998 ns)
    [ PASSED ] CASE: allFailuresAreJoinedAndRetainedAsDiagnostics (115884 ns)
    [ PASSED ] CASE: preCancelledParentStartsNeitherDnsNorAttempts (48897 ns)
    [ PASSED ] CASE: parentCancellationAfterSuccessPreventsWinnerPublication (150384 ns)
    [ PASSED ] CASE: deadlineAtSuccessBoundaryPreventsWinnerPublication (126549 ns)
    TCS: ConnectionRouteTest, time elapsed: 1828082 ns, RESULT:
    [ PASSED ] CASE: directRouteRetainsItsLocalOriginResolver (117041 ns)
    [ PASSED ] CASE: explicitProxySeparatesOriginAndProxyDns (66544 ns)
    [ PASSED ] CASE: typedIpTargetsNeverCarryResolvers (85752 ns)
    [ PASSED ] CASE: rejectsDelegatedDnsWithoutAnOwningProxyAndInvalidConnectTargets (85706 ns)
    [ PASSED ] CASE: networkAndTlsParametersAreBoundedAndOwned (739848 ns)
Summary: TOTAL: 17
    PASSED: 17, SKIPPED: 0, ERROR: 0
    FAILED: 0
--------------------------------------------------------------------------------------------------
TP: wirestack.internal.transport_stdnet, time elapsed: 429108983 ns, RESULT:
    TCS: StdNetTransportListenerTest, time elapsed: 91179652 ns, RESULT:
    [ PASSED ] CASE: listenerRejectsOutOfRangeBacklogBeforeBinding (216234 ns)
    [ PASSED ] CASE: listenerPreCancelledAndExpiredAcceptsFailFast (226266 ns)
    [ PASSED ] CASE: listenerDeadlineBoundsBlockedAcceptAndListenerRemainsUsable (38700014 ns)
    [ PASSED ] CASE: listenerCancellationWakesActiveAcceptAndListenerRemainsUsable (40017446 ns)
    [ PASSED ] CASE: listenerCloseWakesActiveAcceptWithStructuredErrorAndIsIdempotent (10888398 ns)
    TCS: M123TransportDiagnosticsTest, time elapsed: 581967 ns, RESULT:
    [ PASSED ] CASE: stdNetReportsRuntimeEndpointsAndCapabilitiesWithoutGuessingIoBackend (246419 ns)
    [ PASSED ] CASE: deterministicTransportUsesTheSameProviderNeutralContract (46080 ns)
    TCS: M127BackgroundFastPathTest, time elapsed: 24045780 ns, RESULT:
    [ PASSED ] CASE: backgroundAndObservedPathsTransferEquivalentData (192318 ns)
    [ PASSED ] CASE: backgroundPeerCloseRemainsEof (139249 ns)
    [ PASSED ] CASE: backgroundLocalCloseRaceRemainsClosed (1211606 ns)
    [ PASSED ] CASE: backgroundStillRejectsConcurrentReaders (1224365 ns)
    [ PASSED ] CASE: cancellableAndDeadlineContextsRetainGenericChecks (186895 ns)
    [ PASSED ] CASE: deadlineTimeoutIsClearedBeforeBackgroundRead (20316556 ns)
    TCS: M9002OptionExecutionTest, time elapsed: 209935138 ns, RESULT:
    [ PASSED ] CASE: factoriesCloseTheirSocketAtEveryExecutorFailurePosition (441423 ns)
    [ PASSED ] CASE: acceptedFailureClosesOnlyAcceptedSocketAndListenerContinues (718020 ns)
    [ PASSED ] CASE: cancellationBetweenOptionsRetainsEarlierKernelEffectWithoutAbort (188665 ns)
    [ PASSED ] CASE: tcpReadAndControlExcludeEachOtherWithoutStoppingRead (20446715 ns)
    [ PASSED ] CASE: udpControlExcludesSendReceiveConnectAndOtherControl (20357927 ns)
    [ PASSED ] CASE: closeRacingControlRetainsCloseRatherThanLaterAbort (40458745 ns)
    [ PASSED ] CASE: blockedAcceptRejectsQueryAndRemainsUsable (10128691 ns)
    [ PASSED ] CASE: queryControlExcludesListenerAcceptAndTcpIo (40651404 ns)
    [ PASSED ] CASE: udpReceiveAndQueryControlExcludeEachOther (30717077 ns)
    [ PASSED ] CASE: blockedTcpWriteRejectsControlAndCompletesAfterPeerReads (22052247 ns)
    [ PASSED ] CASE: listenerCloseDuringAcceptedOptionsPreventsPublication (20445068 ns)
    [ PASSED ] CASE: runtimeFailurePreservesExactlyTheSuccessfulPrefix (542032 ns)
    [ PASSED ] CASE: acceptedOptionPolicyDoesNotRetainCallerArray (154465 ns)
    TCS: M9003UdpLifecycleAdapterTest, time elapsed: 21917253 ns, RESULT:
    [ PASSED ] CASE: disconnectRejectsActiveReceiveAndCancellationOwnsTheTerminalClose (11242557 ns)
    [ PASSED ] CASE: closeDuringBlockedReceiveCompletesOnceWithClosedState (10191270 ns)
    TCS: Net06CancellationGateTest, time elapsed: 5624724 ns, RESULT:
    [ PASSED ] CASE: cancelledReadsReleaseSocketsWaitersAndTasks (5371448 ns)
    TCS: StdNetTransportTest, time elapsed: 73486189 ns, RESULT:
    [ PASSED ] CASE: writeSomeIsPartialAndReusesBoundedConnectionStaging (279007 ns)
    [ PASSED ] CASE: wholeArrayReadAndWriteBypassStagingForATypicalTlsRecord (2839226 ns)
    [ PASSED ] CASE: subrangesRetainBoundedStagingAndCopyAccounting (203037 ns)
    [ PASSED ] CASE: connectsByResolvedIpAndTransfersBothDirections (188678 ns)
    [ PASSED ] CASE: emptyOperationsAreImmediate (139791 ns)
    [ PASSED ] CASE: unsupportedHalfClosePreservesBothDirections (254376 ns)
    [ PASSED ] CASE: cancellationAbortRemainsNativeOwnerAfterLaterClose (1232165 ns)
    [ PASSED ] CASE: listenerCloseWakesBlockedAcceptAsClosed (1111623 ns)
    [ PASSED ] CASE: cancellingOneAcceptLeavesListenerReusable (29256634 ns)
    [ PASSED ] CASE: preCancelledConnectDoesNotCreateASocket (42290 ns)
    [ PASSED ] CASE: peerGracefulCloseIsReportedAsEof (143909 ns)
    [ PASSED ] CASE: deadlineBoundsBlockedReadWithoutClosingConnection (30278335 ns)
    [ PASSED ] CASE: localCloseMapsBlockedReadWithStableEvidence (1276669 ns)
    [ PASSED ] CASE: explicitAbortWakesBlockedReadWithStableEvidence (1299075 ns)
    [ PASSED ] CASE: gracefulNativeCloseRemainsGracefulAfterLaterAbort (233808 ns)
    [ PASSED ] CASE: explicitAbortRemainsNativeOwnerAfterLaterClose (261006 ns)
    [ PASSED ] CASE: unknownConnectFailureMapsWithoutMessageOrNativeCode (174513 ns)
    [ PASSED ] CASE: concurrentReadsFailWithoutDisturbingTheActiveRead (1204698 ns)
    [ PASSED ] CASE: happyEyeballsComposesWithTheDefaultStdNetFactory (267522 ns)
Summary: TOTAL: 65
    PASSED: 48, SKIPPED: 17, ERROR: 0
    FAILED: 0
--------------------------------------------------------------------------------------------------
Project tests finished, time elapsed: 43304498660 ns, RESULT:
TP: wirestack.*, time elapsed: 43304439534 ns, RESULT:
    PASSED:
    TP: wirestack.internal.platform.linux, time elapsed: 13086258 ns
    TP: wirestack.internal.common, time elapsed: 1959629 ns
    TP: wirestack.internal.transport, time elapsed: 191710674 ns
    TP: wirestack.internal.trust, time elapsed: 45433735 ns
    TP: wirestack.internal.http2, time elapsed: 2696508599 ns
    TP: wirestack.internal.resolver, time elapsed: 41104839 ns
    TP: wirestack.internal.tls_engine, time elapsed: 25535357492 ns
    TP: wirestack.internal.connector, time elapsed: 13773937 ns
    TP: wirestack.tls, time elapsed: 95343456 ns
    TP: wirestack.internal.http1, time elapsed: 834403634 ns
    TP: wirestack.internal.transport_stdnet, time elapsed: 429108983 ns
    TP: wirestack.net, time elapsed: 1538569378 ns
    TP: wirestack.http, time elapsed: 11710945802 ns
Summary: TOTAL: 837
    PASSED: 814, SKIPPED: 23, ERROR: 0
    FAILED: 0
--------------------------------------------------------------------------------------------------
cjpm test success
