M7-022 Linux release soak: FAIL: SOAK_ALREADY_RUNNING: another invocation is active
M0-016 validation: PASS
architecture guard: PASS
{"artifacts": {"api": "docs/api/generated/api-surface.json", "coverage": "docs/api/generated/coverage.json", "docs": "docs/api/generated/docs.json", "markdown": "docs/api/generated/markdown"}, "cjdoc": {"path": "<repo-root>-pr-worktrees/M8-004-recovery-tools/cjdoc/bin/cjdoc", "version": "0.7.2"}, "combined": {"apiEntries": 1481, "apiSha256": "cb8de6f898a5ba5fc54f3f084cf15df9d40b1504f9be408e286802a2370d80cc", "coverage": {"parameters": {"documented": 717, "percent": 100, "total": 717}, "symbols": {"documented": 1481, "percent": 100, "total": 1481}}, "coverageSha256": "4fcb7e38bfcd9a89ac1a8a3c695c14de6d6dc4383905b9fa4a59deeb9f29ee1d", "declarations": 2450, "docsSha256": "7c7955fdf8cf5754cac71ebf6351ea099c59e726216d6a6cdc3b32bdc40bf7d4", "markdownSha256": "988b54088600cbe0a4c63d442b309d59a3f11ecb93cf3db6b5ced6bd4f632518", "package": "combined", "status": "PASS"}, "commands": [{"kind": "check", "package": "wirestack", "returncode": 0, "status": "PASS", "stderr": "documentation coverage: symbols 662/662 (100%), parameters 262/262 (100%)\n", "stderr_truncated": false, "stdout": "", "stdout_truncated": false}, {"kind": "generate", "package": "wirestack", "returncode": 0, "status": "PASS", "stderr": "", "stderr_truncated": false, "stdout": "generated /tmp/wirestack-m7-033-x7hek541/wirestack/output\n", "stdout_truncated": false}, {"kind": "check", "package": "wirestack.http", "returncode": 0, "status": "PASS", "stderr": "documentation coverage: symbols 1064/1064 (100%), parameters 482/482 (100%)\n", "stderr_truncated": false, "stdout": "", "stdout_truncated": false}, {"kind": "generate", "package": "wirestack.http", "returncode": 0, "status": "PASS", "stderr": "", "stderr_truncated": false, "stdout": "generated /tmp/wirestack-m7-033-x7hek541/wirestack-http/output\n", "stdout_truncated": false}, {"kind": "check", "package": "wirestack.tls", "returncode": 0, "status": "PASS", "stderr": "documentation coverage: symbols 838/838 (100%), parameters 326/326 (100%)\n", "stderr_truncated": false, "stdout": "", "stdout_truncated": false}, {"kind": "generate", "package": "wirestack.tls", "returncode": 0, "status": "PASS", "stderr": "", "stderr_truncated": false, "stdout": "generated /tmp/wirestack-m7-033-x7hek541/wirestack-tls/output\n", "stdout_truncated": false}, {"kind": "check", "package": "wirestack.net", "returncode": 0, "status": "PASS", "stderr": "documentation coverage: symbols 903/903 (100%), parameters 433/433 (100%)\n", "stderr_truncated": false, "stdout": "", "stdout_truncated": false}, {"kind": "generate", "package": "wirestack.net", "returncode": 0, "status": "PASS", "stderr": "", "stderr_truncated": false, "stdout": "generated /tmp/wirestack-m7-033-x7hek541/wirestack-net/output\n", "stdout_truncated": false}, {"kind": "check", "package": "combined", "returncode": 0, "status": "PASS", "stderr": "documentation coverage: symbols 1481/1481 (100%), parameters 717/717 (100%)\n", "stderr_truncated": false, "stdout": "", "stdout_truncated": false}, {"kind": "generate", "package": "combined", "returncode": 0, "status": "PASS", "stderr": "", "stderr_truncated": false, "stdout": "generated /tmp/wirestack-m7-033-x7hek541/combined/output\n", "stdout_truncated": false}], "expectedCjdoc": "0.7.2", "generatedAtUtc": "2026-09-14T14:24:38.865323Z", "issues": [], "layers": [{"apiEntries": 662, "apiSha256": "18ef8b0e5e6dd34daae0b7bfc98e0c0c370f7237eb07e72e432c76a13726a88e", "coverage": {"parameters": {"documented": 262, "percent": 100, "total": 262}, "symbols": {"documented": 662, "percent": 100, "total": 662}}, "coverageSha256": "a33481d03da902371e26245f67bb94f450d89ef66b9c0ad36bac6970eaf207b4", "declarations": 808, "docsSha256": "df3c07c4f0458a36021e9f7928e3e0fdbde27785c527e9d40ac60e00094f1014", "markdownSha256": "3055a19762b460c1f977ca0ed29a1154c7af8cda9d232351ef2bba0e2b409b45", "package": "wirestack", "status": "PASS"}, {"apiEntries": 1064, "apiSha256": "df063511115594aeb57225f01bb32c12549ec6888a45469c93fd0f19a7229a49", "coverage": {"parameters": {"documented": 482, "percent": 100, "total": 482}, "symbols": {"documented": 1064, "percent": 100, "total": 1064}}, "coverageSha256": "a5043809b426f1ca07c8ae09cfd3230e98484f4d664c61af9e977222ce072dfc", "declarations": 1732, "docsSha256": "7c220e541cac8832664b2ca81fd572a9672e1f111437a759d3eecef581d186af", "markdownSha256": "b90982339ea708b7f7715aac927745b2581b6855195119690f6e0f5582139392", "package": "wirestack.http", "status": "PASS"}, {"apiEntries": 838, "apiSha256": "3de4d04409af0f532e8a5ccb3cf2790eafbcecbc9e2d8b92144e2e2db31fcdc0", "coverage": {"parameters": {"documented": 326, "percent": 100, "total": 326}, "symbols": {"documented": 838, "percent": 100, "total": 838}}, "coverageSha256": "9911e669daf6b58625ce5c52ba3482cd983ccf34a95439d3d47d87113d5757c1", "declarations": 1014, "docsSha256": "9f261ea3c18964b0dfa3d252e0d00bc0f1e37f0788b8679e97f7cce31d4ed15b", "markdownSha256": "f11ae8b6080dd249c5c33562a00732f7bbd35c67e423c0bcfc39ae9935b07646", "package": "wirestack.tls", "status": "PASS"}, {"apiEntries": 903, "apiSha256": "cd4df30531ee0650e00fcd40cfbb9e53492082530725e8a9be73be80110505cd", "coverage": {"parameters": {"documented": 433, "percent": 100, "total": 433}, "symbols": {"documented": 903, "percent": 100, "total": 903}}, "coverageSha256": "6371ebd2d7a1b2ee19d799c9f26f93f4c0d25f2647e34ee6622e4e4a29d4b78a", "declarations": 1320, "docsSha256": "c70598deda76080c81076f9ec59bdcfd7362edc37ddeea322bfc6770e9b54391", "markdownSha256": "c665cef542630b9fbda37c53b17bfede25aa487c50b010430c1047257d4e1bfe", "package": "wirestack.net", "status": "PASS"}], "platform": {"libc": "glibc", "machine": "x86_64", "system": "Linux"}, "schemaVersion": 1, "sourceSha256": {"src/byte_span.cj": "4b38c6d184e172a56f0c39308294cbd2485ff683aba4f27028abe07c2b4661c4", "src/cancellation.cj": "c023b65acab9740096dc1ec9a770cf59d7361b2fec3dcdeebb3cc6033d78034d", "src/common.cj": "7a6d9bf1bd56bb9c5209152b2482dee044027f8d348233dcd6cc7b87d1c866e3", "src/deadline.cj": "15c5fd0c7f2dcfb4be7150359990c7c35cde11aa3332f80a9efe9f79e431a7c4", "src/hostname_verifier.cj": "a0d06b89cf163b91339e5690bf1d15d8e94bd4912c2792b35e0cdd09d4e34989", "src/http/cancellation.cj": "8ff94be6a771af4c56dab7dc982fca0a16e6df1da4d1a14303dfc179f9225537", "src/http/client.cj": "97131a36c964f68cbc6697a87a4fd5fe81a5a0d146dee3355b4386a47f97c628", "src/http/cookie.cj": "5326d61b5121e75e56750a29c960dc97e9b7fc34ba10f62236e3b19adbaee1d8", "src/http/duplex.cj": "e81f52f4efbc0b728a1891d67bc0f3a6292af471d16d992b65e2055e44ffac24", "src/http/error.cj": "d88c54a157e02063ab4048c197631daba3642a9618672841e4b98d3a25d275ad", "src/http/file_handler.cj": "2706ddeadba5c448a9bdf9ed1b604d5fe56c527b001d28ecb3b558b93728df74", "src/http/hooks.cj": "0b6016a645fd69bbb8743e5abfed22b4c325286a450587b4ff87b722ef04f2ed", "src/http/multipart.cj": "506c82b691fa280fc147fa7d6f73aa5ed7b1045f5fa1122bd7c667a62aead36e", "src/http/package.cj": "edae278034e8047e77649badec506b86ff2e6f3fc530d3eaf68394f77ff43ca0", "src/http/proxy.cj": "9576c9b153192c93943911557e8cce25f567e5ad0357074189437cc17af6fe1d", "src/http/redirect.cj": "e7e9f07fa0bb79299e46c1320b32daf238e702b66fcb8e1368439723d74d96b4", "src/http/resolver.cj": "8c44e5ff6961122d6483c22546a26dab02e8414b88d5e18b954ddcf0b3ff29e4", "src/http/retry.cj": "e889370833f2d5b7df07d4cd13aa3068ab6262e1c2252728cbcc99c788b4199b", "src/http/server.cj": "52ede5995cf2b5ac64948b36334eadd9782cdcaa26e4c2bf3914a85e25cdb529", "src/http/tls.cj": "b232989ad8c4e73d4480dcae4ce40aae55fbedf9ce13b5922cc61b8a6e8a1e62", "src/http/upgrade.cj": "3bf29c0ad5b9fd19f5b2d994d36abcf76cbcc7d22d46c18991378aab705e0f73", "src/http/websocket.cj": "1eafd0d9f728592adea31d4397a8173c98d6ad3551ab4ed84d3b77623b787ba7", "src/http/websocket_handshake.cj": "db5d899be8d22022db1e7aed502ad36c3cc5e52d6dbae8dce53112f797276d59", "src/http_body.cj": "49b72ad2517213133eb693a190061050b655edb02df01eaa414db216c60fc4fe", "src/http_contract.cj": "39d7fe3885f50211393d9e03dc478b7370566bf7b7b3d3f20d0a5d3de3dc9259", "src/http_message.cj": "4033d25f42135e43f498f11d2b459512dcb7c45bce6e91efaa85b18a053e8ef1", "src/http_model.cj": "993ad73017a4da224b98f851e1e39d46fe6016502044b934f7ab191fb0da5a8c", "src/http_push.cj": "5dde5a1ff4cee87c947c1867e56fe0e7b9d2a38e2ca91a597f5a8deb4c2fc20f", "src/http_url.cj": "074cc811771e49030292b278252947af9f29476f67e9fd53f6a82ac473690955", "src/net/datagram_socket_core.cj": "2095e7d3a02c805c3018badf7045b0d76a42a56e101a2e08867f32b676c34ae6", "src/net/dns_client.cj": "a63095f98489b93b83f76cebc878678391d338f9080e15cf2ea7277ff6562622", "src/net/dns_resolver.cj": "65b410bda4ed26d315848f68bdd70b432101153b12e3c5d6dcccd8bea14ec183", "src/net/dns_wire.cj": "08b6bfb5fb7b46502a2a897f44a251765947359408398bcb93442504de28bde0", "src/net/package.cj": "05ee39721856fab3dc82dc4a83baaa0adfd9bb8af4fb38e0af41d4f5cb4430cc", "src/net/tcp_listener.cj": "7735311cd3aa657a3be9a37216cb5a1b404854932ab66480ea78b9f42a2b2b1f", "src/net/udp_socket.cj": "a59cba97d797a3800338f6a8594bfcd0f93456fc926421b2f9bce81149c9546b", "src/net/unix_datagram_socket.cj": "7447856c277d45d943087e3285fd0ade950cf7047fbf232052e1cd9d0a730511", "src/net/unix_listener.cj": "aa964800977f95ff67a6351a91c16d950324bbe0c50d7b01c5f1484f06e01967", "src/net/unix_stream.cj": "399aeac5d19f6457e2342fd7b1af3a76943f00db50a21c1474bed3b3141acb8b", "src/network_error.cj": "4e272f9b9887804f0de87ec032d442a69b49803da66bffa005b7f0282aadc5e5", "src/network_event.cj": "55d93c151752e76c80c441e4bfc639f7d6da77e89ed582bae2ba6a43cdcc3084", "src/operation_context.cj": "523a1c1efaab2f3e6ba0755386460ea504a2caa8ef1453a18134f950c6e1234d", "src/package.cj": "f9035aacfa24f06fe88eda3f16a5cbcf5dbf482b2d86776ea27e09e4861e93d7", "src/private_key_contract.cj": "cb03bb9badc0552c2ac66dbb6bf4842559b5ea17b2aa77284e817a78d63c6e84", "src/resolver.cj": "7b2129a0e3fd4be72ad2dd6adaf0053d5de23a08214157c931d38d7627154b23", "src/tls/facade.cj": "e7d4d1be6695abeb50c9ca8490817f2ef56b9a812f5be58cf9717ec4d3992077", "src/tls/identity.cj": "055c4232b9e44ff3cc768a09f023cd7a19174f5ce0d4dc263ca675af90660d19", "src/tls/package.cj": "5afa752de915ccff3866a81b9dbd0e6d3da1df01e1ecfa7180eb42709694d2b9", "src/tls_contract.cj": "1cbeb94013b9a2b946dd731b335554340862388feadf354162a2f2320bb6dac1", "src/transport.cj": "6781aa3bf538523e02c4807eebff7ac37a773e5dc9bdb427e6a56ace3a0b7033", "src/trust.cj": "f64b49d84a58e034e3976089211f7b645b42e5bc51dbc353f2e0bcec14d17aba"}, "status": "PASS", "targetCfg": {"arch": "x86_64", "env": "gnu", "os": "Linux"}, "taskId": "M7-033"}
The valid serial compilation order is:
    wirestack -> wirestack.internal -> wirestack.internal.identity -> wirestack.internal.platform -> wirestack.internal.platform.android -> wirestack.internal.platform.apple -> wirestack.internal.platform.harmony -> wirestack.internal.platform.linux -> wirestack.internal.platform.windows -> wirestack.internal.common -> wirestack.internal.http_files -> wirestack.internal.http_model -> wirestack.internal.transport -> wirestack.internal.trust -> wirestack.internal.http2 -> wirestack.internal.resolver -> wirestack.internal.tls_engine -> wirestack.internal.connector -> wirestack.tls -> wirestack.internal.http1 -> wirestack.internal.transport_stdnet -> wirestack.net -> wirestack.http
cjpm check success
cjpm build success
--------------------------------------------------------------------------------------------------
TP: wirestack.internal.transport, time elapsed: 202699622 ns, RESULT:
    TCS: ByteSpanTest, time elapsed: 1863966 ns, RESULT:
    [ PASSED ] CASE: defaultsCoverWholeArrayAndEmptyArray (251296 ns)
    [ PASSED ] CASE: sliceAndAdvanceKeepTheOriginalArray (23919 ns)
    [ PASSED ] CASE: mutableViewWritesThroughAndConvertsWithoutCopying (21063 ns)
    [ PASSED ] CASE: permitsBoundaryEmptyRanges (21288 ns)
    [ PASSED ] CASE: rejectsEveryOutOfRangeShape (125684 ns)
    TCS: CancellationTest, time elapsed: 43871265 ns, RESULT:
    [ PASSED ] CASE: cancelIsOneWayAndCallbacksRunExactlyOnce (134168 ns)
    [ PASSED ] CASE: unregisterIsIdempotentAndPreventsPendingCallback (30913 ns)
    [ PASSED ] CASE: alreadyCancelledRegistrationRunsSynchronouslyOnce (24090 ns)
    [ PASSED ] CASE: noneTokenRemainsUsableAndNotCancelled (20657 ns)
    [ PASSED ] CASE: oneFailingCallbackDoesNotBlockOtherWaiters (54327 ns)
    [ PASSED ] CASE: concurrentCancelClaimsEveryCallbackExactlyOnce (18970959 ns)
    [ PASSED ] CASE: registrationRacingCancellationStillRunsExactlyOnce (21013035 ns)
    [ PASSED ] CASE: unregisterRacingCancellationIsAtMostOnce (1773071 ns)
    [ PASSED ] CASE: callbackMayReenterCancellationAndRegistrationWithoutDeadlock (96941 ns)
    TCS: OperationCompletionTest, time elapsed: 27810447 ns, RESULT:
    [ PASSED ] CASE: completionCleansEveryResourceBeforeTheWinnerCallback (76438 ns)
    [ PASSED ] CASE: unregisterAndLateRegistrationHaveExplicitTerminalSemantics (55603 ns)
    [ PASSED ] CASE: cleanupCapacityIsPositiveAndHardBounded (109292 ns)
    [ PASSED ] CASE: cleanupFailuresAndReentrancyCannotBlockTerminalProgress (73674 ns)
    [ PASSED ] CASE: winnerExceptionDoesNotReopenTheCompletion (41678 ns)
    [ PASSED ] CASE: cleanupCountPropertyHoldsAcrossEveryConfiguredOccupancy (397775 ns)
    [ PASSED ] CASE: concurrentTerminalCallersHaveOneWinner (3080850 ns)
    [ PASSED ] CASE: registrationRacingCompletionIsAlwaysCleanedOnce (20408244 ns)
    [ PASSED ] CASE: unregisterRacingCompletionRunsCleanupAtMostOnce (1653958 ns)
    TCS: DeadlineTest, time elapsed: 550956 ns, RESULT:
    [ PASSED ] CASE: remainingUsesTheInjectedMonotonicClock (17912 ns)
    [ PASSED ] CASE: remainingClampsAtZeroAfterExpiry (13324 ns)
    [ PASSED ] CASE: childCanShortenButNeverExtendParent (13716 ns)
    [ PASSED ] CASE: zeroAndExpiredChildrenCannotExtendTheParent (10001 ns)
    [ PASSED ] CASE: rejectsNegativeDurations (25812 ns)
    TCS: TransportLifecycleTest, time elapsed: 5178907 ns, RESULT:
    [ PASSED ] CASE: connectingAndAcceptedPathsReachOpenOnlyInOrder (12030 ns)
    [ PASSED ] CASE: halfCloseIsDirectionalIdempotentAndConvergesOnClosing (39168 ns)
    [ PASSED ] CASE: gracefulCloseIsIdempotentAndCompletesOnlyFromClosing (17154 ns)
    [ PASSED ] CASE: abortAndFailReachEveryNonTerminalStateWithoutOverwritingTerminalEvidence (62368 ns)
    [ PASSED ] CASE: illegalTransitionsHaveStableCodesAndDoNotMutateState (115862 ns)
    [ PASSED ] CASE: closingAndTerminalStatesRejectDataOperationsWithClosedCode (73761 ns)
    [ PASSED ] CASE: operationClaimsAllowDuplexButRejectSameDirectionConcurrency (22491 ns)
    [ PASSED ] CASE: everyTerminalModeReleasesRegisteredResourcesExactlyOnce (26522 ns)
    [ PASSED ] CASE: racingTerminalTransitionsRetainOneWinnerAndOneCleanup (3632338 ns)
    [ PASSED ] CASE: terminalCleanupMayReenterAndItsRegistryRemainsBounded (54281 ns)
    TCS: M124TransportRaceTest, time elapsed: 40354982 ns, RESULT:
    [ PASSED ] CASE: readCloseReleasesBlockedOperationAndDrainsWaiter (10043495 ns)
    [ PASSED ] CASE: writeAbortReleasesBlockedOperationAndDrainsWaiter (9764292 ns)
    [ PASSED ] CASE: successAndCancelOrderingsCompleteOnceWithoutDataLeak (19805534 ns)
    TCS: MemoryTransportListenerTest, time elapsed: 50035852 ns, RESULT:
    [ PASSED ] CASE: rejectsInvalidListenerAndSchedulerBounds (37465 ns)
    [ PASSED ] CASE: listenerDeliversConnectionsInFifoOrderAndBoundsBacklog (97456 ns)
    [ PASSED ] CASE: schedulerDefersDeliveryAndReleasesFailedReservations (64629 ns)
    [ PASSED ] CASE: schedulerRunsMultipleConnectionsInStableFifoOrder (44490 ns)
    [ PASSED ] CASE: cancellationWakesAcceptWithoutClosingListener (9035546 ns)
    [ PASSED ] CASE: deadlineBoundsBlockedAcceptWithoutClosingListener (29875727 ns)
    [ PASSED ] CASE: closeWakesAcceptAndAbortsOwnedConnectionsIdempotently (9887193 ns)
    TCS: MemoryTransportTest, time elapsed: 1881042 ns, RESULT:
    [ PASSED ] CASE: pairTransfersPartialDataInBothDirections (45405 ns)
    [ PASSED ] CASE: emptyBuffersReturnZeroWithoutProducingEofOrPeerData (17780 ns)
    [ PASSED ] CASE: writeShutdownProducesPeerEofAfterBufferedData (18673 ns)
    [ PASSED ] CASE: readShutdownMakesPeerWritesFailAsBrokenPipe (26485 ns)
    [ PASSED ] CASE: cancelledBeforeOperationHasNoDataSideEffect (26574 ns)
    [ PASSED ] CASE: closeAndAbortAreIdempotentAndTerminal (26170 ns)
    [ PASSED ] CASE: cancellationWakesABlockedRead (69225 ns)
    [ PASSED ] CASE: closeWakesABlockedLocalRead (68667 ns)
    [ PASSED ] CASE: writeShutdownWakesABlockedLocalWrite (51066 ns)
    [ PASSED ] CASE: boundedBackpressureResumesAfterPeerReads (168232 ns)
    [ PASSED ] CASE: expiredDeadlineFailsBeforeAnyWrite (39380 ns)
    TCS: NetworkErrorTest, time elapsed: 729036 ns, RESULT:
    [ PASSED ] CASE: retainsStableClassificationAndEndpointEvidence (33603 ns)
    [ PASSED ] CASE: retainsLocalEndpointCauseAndOptionalDefaults (41732 ns)
    [ PASSED ] CASE: caughtErrorRetainsUnixEndpointBytesNativeCodeAndCause (40320 ns)
    [ PASSED ] CASE: pathnameRejectsNulWhileAbstractRetainsIt (22841 ns)
    TCS: OperationContextTest, time elapsed: 995086 ns, RESULT:
    [ PASSED ] CASE: backgroundHasNoDeadlineCancellationOrTrace (15278 ns)
    [ PASSED ] CASE: derivedContextsRetainEventSinkAndSinkFailuresAreIsolated (36521 ns)
    [ PASSED ] CASE: derivedContextRetainsCancellationAndTrace (27762 ns)
    [ PASSED ] CASE: derivationHelpersChangeOnlyTheirNamedField (41805 ns)
    [ PASSED ] CASE: earlierDeadlineCannotBeExtended (14989 ns)
    [ PASSED ] CASE: traceIdentifiersAreBoundedAndNonEmpty (39862 ns)
    TCS: ScriptedTransportTest, time elapsed: 26059204 ns, RESULT:
    [ PASSED ] CASE: rejectsUnboundedOrInvalidScripts (70455 ns)
    [ PASSED ] CASE: shortReadAndWriteStepsAreConsumedInOrder (65287 ns)
    [ PASSED ] CASE: emptyIoDoesNotConsumeScriptAndEofIsExplicit (50793 ns)
    [ PASSED ] CASE: resetTerminatesTransportAtInjectedPhase (62115 ns)
    [ PASSED ] CASE: failurePreservesCoordinatesWithoutTerminatingTransport (53980 ns)
    [ PASSED ] CASE: virtualWaiterReleasesBlockedOperationsInFifoOrder (14759541 ns)
    [ PASSED ] CASE: cancellationWinsAReleaseRaceAndCleansWaiter (9836549 ns)
    TCS: TransportHelperTest, time elapsed: 2103947 ns, RESULT:
    [ PASSED ] CASE: writeAllHandlesPartialWritesAndEmptyInput (56141 ns)
    [ PASSED ] CASE: readExactHandlesPartialReads (44670 ns)
    [ PASSED ] CASE: readExactClassifiesPrematureEof (57725 ns)
    [ PASSED ] CASE: emptyHelpersDoNotCallTransport (42432 ns)
    [ PASSED ] CASE: invalidProgressFailsOnceWithoutSpinning (100211 ns)
    [ PASSED ] CASE: cancellationAfterPartialProgressPropagatesWithoutRestart (92853 ns)
    [ PASSED ] CASE: absoluteDeadlineExpiresAcrossPartialRetries (52292 ns)
Summary: TOTAL: 83
    PASSED: 83, SKIPPED: 0, ERROR: 0
    FAILED: 0
--------------------------------------------------------------------------------------------------
TP: wirestack.internal.trust, time elapsed: 34880265 ns, RESULT:
    TCS: HostnameVerifierTest, time elapsed: 1423250 ns, RESULT:
    [ PASSED ] CASE: exactDnsAndAsciiIdnaALabelMatchCaseInsensitively (218683 ns)
    [ PASSED ] CASE: wildcardMatchesExactlyOneLeftmostLabelOnly (50318 ns)
    [ PASSED ] CASE: invalidOrOverbroadWildcardsAreRejectedAtCertificateBoundary (51281 ns)
    [ PASSED ] CASE: dnsAndIpReferenceIdentitiesNeverCrossMatch (43266 ns)
    [ PASSED ] CASE: subjectAlternativeNameCountIsHardBounded (61333 ns)
    TCS: M3028HostnameFuzzTest, time elapsed: 31978664 ns, RESULT:
    [ PASSED ] CASE: hostnameMutationsHaveDeterministicTypedTerminals (31770726 ns)
    TCS: TrustPolicyTest, time elapsed: 1330272 ns, RESULT:
    [ PASSED ] CASE: nativeX509ParserAcceptsOneExactDerObjectAndRejectsTrailingBytes (394412 ns)
    [ PASSED ] CASE: certificateAndChainLimitsFailBeforeUnboundedParsingOrCopying (225588 ns)
    [ PASSED ] CASE: everyTrustPolicyHasAStableContentIdentityAndNoTrustAllState (273637 ns)
    [ PASSED ] CASE: pinAlgorithmAndScopeAreExplicitAndMalformedPinsFail (18595 ns)
Summary: TOTAL: 10
    PASSED: 10, SKIPPED: 0, ERROR: 0
    FAILED: 0
--------------------------------------------------------------------------------------------------
TP: wirestack.tls, time elapsed: 115406120 ns, RESULT:
    TCS: PublicTlsFacadeTest, time elapsed: 84004531 ns, RESULT:
    [ PASSED ] CASE: clientBuilderRejectsReversedVersionRangeBeforeTransportIo (40738137 ns)
    [ PASSED ] CASE: serverBuilderRequiresAnIdentityBeforeTransportIo (8307693 ns)
    [ PASSED ] CASE: clientBuilderCopiesAlpnAndPublishesProviderNeutralCapabilities (10025474 ns)
    [ PASSED ] CASE: preCancelledHandshakeConsumesAndAbortsTheTransport (23485092 ns)
    TCS: TlsM8006ContractTest, time elapsed: 11787284 ns, RESULT:
    [ PASSED ] CASE: externalDecryptionRequestIsStrictlyRawRsaBoundedAndOwned (81663 ns)
    [ PASSED ] CASE: keyLogLineAcceptsOnlyBoundedNssShapeAndOwnsSecrets (114094 ns)
    [ PASSED ] CASE: clientContextRejectsExternalDecryptionBeforeHandshake (10910299 ns)
    TCS: TlsRuntimeTest, time elapsed: 19317189 ns, RESULT:
    [ PASSED ] CASE: reportsHandleFreeLinuxProviderAndBuildIdentity (11123795 ns)
    [ PASSED ] CASE: returnsDefensiveCopiesOfRuntimeInventories (7679377 ns)
Summary: TOTAL: 9
    PASSED: 9, SKIPPED: 0, ERROR: 0
    FAILED: 0
--------------------------------------------------------------------------------------------------
TP: wirestack.internal.tls_engine, time elapsed: 24767931951 ns, RESULT:
    TCS: TlsConnectionTest, time elapsed: 42445215 ns, RESULT:
    [ PASSED ] CASE: handshakeTransfersOwnershipAndPlaintextIoUsesTheEngine (1202314 ns)
    [ PASSED ] CASE: oneReadAndOneWriteMayOverlapButSecondReadFailsImmediately (1015168 ns)
    [ PASSED ] CASE: handshakeFailureAbortsTransportAndReleasesEngineExactlyOnce (77738 ns)
    [ PASSED ] CASE: expiredHandshakeDeadlineStillConsumesAndAbortsBothInputs (89073 ns)
    [ PASSED ] CASE: ioFailureAbortsAndRepeatedTerminalCallsDoNotReleaseTwice (455296 ns)
    [ PASSED ] CASE: unsupportedHalfCloseDoesNotMutateAnOpenConnection (122608 ns)
    [ PASSED ] CASE: concurrentCloseAndAbortReleaseUnderlyingResourcesOnce (10541180 ns)
    [ PASSED ] CASE: gracefulCloseSendsAndProcessesCloseNotifyBeforeReleasingResources (128649 ns)
    [ PASSED ] CASE: tcpEofDuringGracefulCloseRetainsTruncationAndStillReleasesEverything (138486 ns)
    [ PASSED ] CASE: expiredCloseBudgetStillClosesTransportAndReleasesEngine (133085 ns)
    [ PASSED ] CASE: abortNeverAttemptsTlsShutdownAndRetainsLocalAbortEvidence (73414 ns)
    [ PASSED ] CASE: cancelledCloseReleasesEngineWhenImmediateAbortCallbackThrows (170804 ns)
    [ PASSED ] CASE: tcpEofDuringApplicationReadRetainsTruncationBeforeAbort (468329 ns)
    [ PASSED ] CASE: peerCloseNotifyProducesEofEvidenceAndRejectsNewApplicationWrites (505179 ns)
    [ PASSED ] CASE: closeDeadlineExpiresWhileAnExistingBackgroundReadOwnsPumpAdmission (22798770 ns)
    [ PASSED ] CASE: closeCancellationInterruptsAnExistingBackgroundReadWithinTheBound (1183069 ns)
    [ PASSED ] CASE: closeCancellationDoesNotWaitBehindAnExistingCiphertextWrite (580410 ns)
    TCS: Net06TlsTransportCleanupGateTest, time elapsed: 2074896 ns, RESULT:
    [ PASSED ] CASE: failedHandshakesDisposeEngineAndTransportExactlyOnce (1711170 ns)
    TCS: TlsContextTest, time elapsed: 5421150 ns, RESULT:
    [ PASSED ] CASE: linuxCapabilitiesAreExplicitAndNeverInferredFromProviderNames (26195 ns)
    [ PASSED ] CASE: defaultSystemTrustFailsAtBuildUntilLinuxAdapterIsAvailable (74876 ns)
    [ PASSED ] CASE: modernClientContextIsImmutableAndConcurrentShareable (585948 ns)
    [ PASSED ] CASE: strictTls13RejectsAnyTls12Override (304799 ns)
    [ PASSED ] CASE: missingTls13AndHttp2CapabilitiesFailBeforeHandshake (121171 ns)
    [ PASSED ] CASE: alpnRejectsEmptyAndDuplicateProtocolNames (810682 ns)
    [ PASSED ] CASE: serverRequiresServerIdentityAndMtlSTrustAtBuildTime (1153395 ns)
    [ PASSED ] CASE: clientIdentityCapabilityIsValidatedAtBuildTime (1071870 ns)
    TCS: TlsEnginePumpTest, time elapsed: 284381110 ns, RESULT:
    [ PASSED ] CASE: awsLcClientEngineProducesAClientHelloWithoutSocketIo (31948518 ns)
    [ PASSED ] CASE: strictTls13PolicyIsAcceptedByTheNativeEngine (124141 ns)
    [ PASSED ] CASE: LinuxSystemTrustLoadsExplicitlyAndSniStaysSeparateFromReferenceIdentity (16696064 ns)
    [ PASSED ] CASE: customRootChainIsLoadedIntoARealAwsLcClientEngine (390542 ns)
    [ PASSED ] CASE: spkiPinPolicyConfiguresTheNativeVerificationPathBeforeHandshake (169588 ns)
    [ PASSED ] CASE: matchingSpkiPinCompletesARealClientServerHandshake (11307845 ns)
    [ PASSED ] CASE: matchingSpkiPinDoesNotBypassReferenceIdentityVerification (11697086 ns)
    [ PASSED ] CASE: realAwsLcEnginesExchangeCloseNotifyInBothDirections (12706683 ns)
    [ PASSED ] CASE: handshakeInfoReportsNegotiatedAlpnPeerChainAndVerificationEvidence (13070083 ns)
    [ PASSED ] CASE: tls13TicketResumesAcrossFreshEnginesWithoutEarlyData (13121974 ns)
    [ PASSED ] CASE: tls12TicketResumesAcrossFreshEngines (14093553 ns)
    [ PASSED ] CASE: sniSelectsTheCompleteImmutableContextAndItsCertificate (12605696 ns)
    [ PASSED ] CASE: sniSelectorRejectsMissingAndUnknownNamesWithStableEvidence (21014415 ns)
    [ PASSED ] CASE: noSharedAlpnFailsTheHandshakeInsteadOfSilentlySelectingNothing (8354844 ns)
    [ PASSED ] CASE: requiredMutualTlsUsesClientIdentityAndReturnsServerVerificationEvidence (11254241 ns)
    [ PASSED ] CASE: requiredMutualTlsRejectsMissingClientIdentityButOptionalAllowsIt (11663004 ns)
    [ PASSED ] CASE: mismatchedSpkiPinFailsARealClientServerHandshake (9666089 ns)
    [ PASSED ] CASE: externalSignerCompletesARealHandshakeOutsideTheNativeCallback (16198040 ns)
    [ PASSED ] CASE: externalSignerExceptionFailsClosedWithoutCrossingTheCAbi (8528061 ns)
    [ PASSED ] CASE: cancellationBeforeSignerInvocationFailsThePendingNativeOperation (9048182 ns)
    [ PASSED ] CASE: tls12ContextVersionsPartitionRealClientAndServerSessions (24042036 ns)
    [ PASSED ] CASE: tls13ContextVersionsPartitionRealClientAndServerTickets (21185692 ns)
    [ PASSED ] CASE: pumpHandlesWantReadWriteAndPartialIoWithBoundedBuffers (63516 ns)
    [ PASSED ] CASE: wantWriteWithoutCiphertextFailsInsteadOfSpinning (81336 ns)
    [ PASSED ] CASE: eofDuringWantReadRetainsTlsHandshakeEvidence (76401 ns)
    [ PASSED ] CASE: preCancellationStopsBeforeCallingProviderOrTransport (83539 ns)
    [ PASSED ] CASE: expiredDeadlineStopsBeforeCallingProviderOrTransport (71084 ns)
    TCS: LocalIdentityTest, time elapsed: 5920120 ns, RESULT:
    [ PASSED ] CASE: pkcs8InputIsExactBoundedAndZeroizable (550605 ns)
    [ PASSED ] CASE: pkcs8FileAdapterReadsOneBoundedRegularFile (510786 ns)
    [ PASSED ] CASE: localIdentityValidatesLeafKeyMatchAndHasStablePublicIdentity (1611301 ns)
    [ PASSED ] CASE: mismatchedCertificateAndPrivateKeyFailAtIdentityBuild (1335226 ns)
    [ PASSED ] CASE: externalSignerAndSystemHandleShareOneOpaqueKeyContract (781250 ns)
    [ PASSED ] CASE: duplicateSignerAlgorithmsAndMismatchedSpkiFailAtBuild (341892 ns)
    TCS: M3028TlsFuzzTest, time elapsed: 24424333867 ns, RESULT:
    [ PASSED ] CASE: recordMutationsHaveDeterministicTypedTerminals (9735911891 ns)
    [ PASSED ] CASE: handshakeMutationsHaveDeterministicTypedTerminals (9683928140 ns)
    [ PASSED ] CASE: certificateAdapterMutationsHaveDeterministicTypedTerminals (5003705844 ns)
    TCS: TlsM8006ContextTest, time elapsed: 1479442 ns, RESULT:
    [ PASSED ] CASE: sessionPartitionsRetainOnlyTheMatchingContextVersion (32510 ns)
    [ PASSED ] CASE: decryptorRequiresProviderCapabilityAndRsaExternalIdentity (997221 ns)
    [ PASSED ] CASE: keyLogSinkRequiresExplicitProviderCapability (52004 ns)
    TCS: TlsProviderSubstitutionTest, time elapsed: 752681 ns, RESULT:
    [ PASSED ] CASE: testProviderUsesTheProductionFactoryContract (221341 ns)
    [ PASSED ] CASE: objectsFromDifferentProviderInstancesCannotMix (211596 ns)
    [ PASSED ] CASE: activeEngineRetainsProviderUntilItCloses (14548 ns)
    TCS: TlsSessionStoreTest, time elapsed: 275821 ns, RESULT:
    [ PASSED ] CASE: boundedLruExpiryAndSingleUseAreDeterministic (25730 ns)
    [ PASSED ] CASE: everySecurityPartitionDimensionPreventsReuse (43165 ns)
Summary: TOTAL: 70
    PASSED: 70, SKIPPED: 0, ERROR: 0
    FAILED: 0
--------------------------------------------------------------------------------------------------
TP: wirestack.http, time elapsed: 11580620054 ns, RESULT:
    TCS: RequestBodyTest, time elapsed: 1549280 ns, RESULT:
    [ PASSED ] CASE: byteBodiesOwnInputAndReplayWithIndependentOffsets (238156 ns)
    [ PASSED ] CASE: emptyAndUtf8StringBodiesHaveExactLengths (24367 ns)
    [ PASSED ] CASE: oneShotBodyCanOnlyBeClaimedOnce (51366 ns)
    [ PASSED ] CASE: factoryMustReturnTheDeclaredLengthAndMismatchIsClosed (25094 ns)
    [ PASSED ] CASE: closedStreamRejectsFurtherReads (22833 ns)
    [ PASSED ] CASE: fileBodyStreamsAndReopensWithoutEagerReads (192248 ns)
    [ PASSED ] CASE: fileBodyRejectsOversizeAndChangesBeforeOpen (102788 ns)
    TCS: HttpClientExtensionsTest, time elapsed: 46683246 ns, RESULT:
    [ PASSED ] CASE: nativeCookiesAndServiceHooksSurviveThrowingPoolObservers (34881755 ns)
    [ PASSED ] CASE: mismatchedUpgradePairingsNeverOpenConnections (208613 ns)
    [ PASSED ] CASE: unavailableServerPushClosesTheOwnedResponse (10985317 ns)
    TCS: HttpCookieJarTest, time elapsed: 224842486 ns, RESULT:
    [ PASSED ] CASE: cookieSerializesStandardMetadataWithoutInventingBrowserPolicy (44614 ns)
    [ PASSED ] CASE: hostOnlyAndDomainCookiesDoNotLeakAcrossDnsBoundaries (215599 ns)
    [ PASSED ] CASE: bundledPublicSuffixRulesProtectRegistrableBoundariesByDefault (684362 ns)
    [ PASSED ] CASE: defaultPathAndPathMatchUseDirectoryAndSlashBoundaries (112504 ns)
    [ PASSED ] CASE: maxAgeTakesPrecedenceAndNonPositiveValuesDeleteTheIdentity (143867 ns)
    [ PASSED ] CASE: secureMetadataControlsTransportAndHttpOnlyDoesNotChangeWireSelection (52583 ns)
    [ PASSED ] CASE: valuedSecureAttributeCannotLeakCookiesToCleartext (56697 ns)
    [ PASSED ] CASE: cleartextOriginsCannotCreateOrOverlaySecureCookies (357936 ns)
    [ PASSED ] CASE: cleartextQuotaFloodCannotEvictSecureIdentityAndInstallReplacement (156277 ns)
    [ PASSED ] CASE: allSecureQuotaRejectsCleartextInsertionsFromBothStorageEntrypoints (96743 ns)
    [ PASSED ] CASE: rejectsHeaderInjectionAndInvalidCookieOctetsBeforeStorage (74590 ns)
    [ PASSED ] CASE: capacityHeaderBoundsAndReplacementRemainDeterministic (76868 ns)
    [ PASSED ] CASE: removalClearAndSnapshotsExposeOnlyLiveImmutableCookies (62595 ns)
    [ PASSED ] CASE: concurrentStoresAndReadsRemainRaceFreeAndBounded (2017660 ns)
    [ PASSED ] CASE: boundedSetCookieMutationsPreserveScopeAndHeaderSafety (219015342 ns)
    TCS: Http1DeterministicFuzzTest, time elapsed: 9560081 ns, RESULT:
    [ PASSED ] CASE: acceptedUrlMutationsRoundTripToOneCanonicalIdentity (5447382 ns)
    [ PASSED ] CASE: acceptedNoProxyMutationsRemainDeterministicAcrossTargets (3306849 ns)
    [ PASSED ] CASE: proxyAuthorizationMutationCannotInjectBeforeDnsOrConnect (203776 ns)
    TCS: HttpErrorTest, time elapsed: 556112 ns, RESULT:
    [ PASSED ] CASE: publicGetMapsInvalidUrlWithoutNetworkSideEffects (163600 ns)
    [ PASSED ] CASE: classifierProvidesStableHttpFailureCodes (60367 ns)
    TCS: HttpFacadeTest, time elapsed: 730731919 ns, RESULT:
    [ PASSED ] CASE: requestCancellationOutlivesCompletedParentWhileTransferredPushStalls (66115891 ns)
    [ PASSED ] CASE: cancellationWrapperPreservesProtocolCompletionPolicy (48470 ns)
    [ PASSED ] CASE: typedCancellationHandlesAreScopedIdempotentAndStopBeforeNetworkIo (2958511 ns)
    [ PASSED ] CASE: publicHttp1ConnectionHandleCancelsBodyAndLeavesClientReusable (8287672 ns)
    [ PASSED ] CASE: publicHttp2StreamAndConnectionHandlesRespectTheirScopes (84051944 ns)
    [ PASSED ] CASE: publicHttp2SlowStreamCannotStarveOneTenOrHundredSiblings (180053169 ns)
    [ PASSED ] CASE: tlsHttp2StreamLimitIsAppliedAcrossConcurrentPublicRequests (33710427 ns)
    [ PASSED ] CASE: tlsFacadeNegotiatesHttp2AndMapsBodyTrailersAndResponse (44038123 ns)
    [ PASSED ] CASE: explicitResolverConnectsPublicClientAndServer (1788354 ns)
    [ PASSED ] CASE: defaultSystemResolverConnectsPublicClientAndServer (262782001 ns)
    [ PASSED ] CASE: clientFollowsOriginRelativeRedirectEndToEnd (2357980 ns)
    [ PASSED ] CASE: clientRetriesOneTemporaryDnsFailureWithinTheSameDeadline (2194924 ns)
    [ PASSED ] CASE: forwardProxyUsesAbsoluteFormIndependentDnsAndHookCredentials (2849232 ns)
    [ PASSED ] CASE: serverBuilderRequiresEndpointAndHandler (55122 ns)
    [ PASSED ] CASE: tlsServerConfigFailsClosedBeforeBinding (222314 ns)
    [ PASSED ] CASE: followedHttp2RedirectClosesUnclaimedPushBeforeClientTeardown (36438471 ns)
    TCS: Http2ConcurrentResponseBodyTest, time elapsed: 26699943 ns, RESULT:
    [ PASSED ] CASE: twoPublicHttp2BodiesCompleteIndependently (26470726 ns)
    TCS: FileHandlerTest, time elapsed: 12920360 ns, RESULT:
    [ PASSED ] CASE: confinedDownloadRejectsTraversalAndSymlinkWhileOpenBodyOutlivesHandler (4144185 ns)
    [ PASSED ] CASE: uploadPublishesOneCompleteBinaryFileAndNeverPublishesRejectedMultipart (8120110 ns)
    [ PASSED ] CASE: uploadCommitChecksContextAfterDurabilityBeforePublication (174380 ns)
    TCS: HttpMessageTest, time elapsed: 1050025 ns, RESULT:
    [ PASSED ] CASE: requestFactoriesProduceImmutableProtocolNeutralModels (49201 ns)
    [ PASSED ] CASE: responseEofCompletesObserverExactlyOnce (26794 ns)
    [ PASSED ] CASE: earlyCloseAbandonsObserverExactlyOnce (30157 ns)
    [ PASSED ] CASE: readFailureClosesAndAbandonsTheBody (23964 ns)
    [ PASSED ] CASE: emptyDestinationDoesNotMistakeNoProgressForEof (17665 ns)
    [ PASSED ] CASE: boundedDrainCompletesOnlyWhenEofIsProven (23463 ns)
    [ PASSED ] CASE: invalidSourceProgressFailsClosed (24438 ns)
    [ PASSED ] CASE: responseRejectsInvalidStatusAndReason (51393 ns)
    TCS: MultipartTest, time elapsed: 4322493107 ns, RESULT:
    [ PASSED ] CASE: writerStreamsExactBinaryFramingAndReplaysIndependently (230120 ns)
    [ PASSED ] CASE: boundarySeparatorsRoundtripThroughContentTypeAndBody (974062 ns)
    [ PASSED ] CASE: readerPreservesBinaryWhenEveryDelimiterIsSplitAcrossReads (446631 ns)
    [ PASSED ] CASE: closingPartDiscardsOnlyThatPartAndReleasesNextPart (489593 ns)
    [ PASSED ] CASE: malformedAndConfiguredLimitsCloseOwnedSource (119671 ns)
    [ PASSED ] CASE: partCountLimitRejectsBeforeParsingUnboundedAdditionalMetadata (163196 ns)
    [ PASSED ] CASE: boundedDeterministicWireMutationsAreChunkIndependent (4316091384 ns)
    [ PASSED ] CASE: deterministicMutationHarnessEnforcesSmallLimitsAndOwnedClosure (2985550 ns)
    TCS: HttpModelTest, time elapsed: 1959770 ns, RESULT:
    [ PASSED ] CASE: methodSupportsStandardAndExtensionTokens (25550 ns)
    [ PASSED ] CASE: headersPreserveOrderAndMultipleValues (59223 ns)
    [ PASSED ] CASE: headersOwnTheirInputAndOutputArrays (18514 ns)
    [ PASSED ] CASE: builderSetAndRemoveUseCaseInsensitiveNames (67931 ns)
    [ PASSED ] CASE: rejectsInjectionAndInvalidNames (62214 ns)
    [ PASSED ] CASE: enforcesCountLineAndTotalLimits (42260 ns)
    [ PASSED ] CASE: urlNormalizesSchemeHostAndDefaultTarget (35312 ns)
    [ PASSED ] CASE: urlPreservesExplicitPortPathAndQuery (39512 ns)
    [ PASSED ] CASE: urlRequiresBracketedIpv6AndKeepsQueryOnlyTargetValid (18242 ns)
    [ PASSED ] CASE: urlRejectsAmbiguousAndUnsafeInputs (86881 ns)
    [ PASSED ] CASE: trailerRejectsRoutingAndFramingFields (261796 ns)
    TCS: HttpProxyPolicyTest, time elapsed: 1272953 ns, RESULT:
    [ PASSED ] CASE: noProxyMatchesDnsBoundariesAndOptionalPorts (150755 ns)
    [ PASSED ] CASE: noProxyMatchesTypedIpLiteralsExactlyAndWildcardExplicitly (131715 ns)
    [ PASSED ] CASE: endpointsRetainDnsIpv4AndIpv6RouteIdentity (48703 ns)
    [ PASSED ] CASE: routeSelectionUsesNoProxyWithoutCallingAuthorizationHook (117194 ns)
    [ PASSED ] CASE: rejectsAmbiguousNoProxyPatternsAndEndpointPorts (74596 ns)
    TCS: HttpRedirectPolicyTest, time elapsed: 1863059 ns, RESULT:
    [ PASSED ] CASE: rewritesPostOn302AndRemovesBodyHeaders (194335 ns)
    [ PASSED ] CASE: stripsSensitiveHeadersOnlyAcrossOrigins (264659 ns)
    [ PASSED ] CASE: rejectsDowngradeLimitAndOneShotReplay (300129 ns)
    [ PASSED ] CASE: resolvesSchemeRelativeAndQueryOnlyLocations (164616 ns)
    [ PASSED ] CASE: resolvesRelativePathsAndRemovesDotSegments (215187 ns)
    TCS: HttpRetryPolicyTest, time elapsed: 1028705 ns, RESULT:
    [ PASSED ] CASE: retriesOnlyIdempotentReplayableStructuredFailures (124432 ns)
    [ PASSED ] CASE: explicitSafetyAllowsPostButDisabledAndOneShotFailClosed (106778 ns)
    [ PASSED ] CASE: cancellationDeadlineUnknownAndNeverAreNotRetried (81552 ns)
    [ PASSED ] CASE: goAwayRetriesOnlyDefinitelyUnprocessedSafeReplayableRequests (101427 ns)
    TCS: Http1SseStreamingProfileTest, time elapsed: 3012700476 ns, RESULT:
    [ PASSED ] CASE: http1StreamsWithoutLifetimeAccumulationAndCancels (3012380802 ns)
    TCS: Http2SseStreamingProfileTest, time elapsed: 3024914858 ns, RESULT:
    [ PASSED ] CASE: http2StreamsWithoutLifetimeAccumulationAndPreservesSibling (3024532970 ns)
    TCS: M2005SystemResolverTest, time elapsed: 9373520 ns, RESULT:
    [ PASSED ] CASE: resolvesLocalhostThroughThePublicContract (8469978 ns)
    [ PASSED ] CASE: fixtureReturnsAllCandidatesAndDoesNotInventTtl (24434 ns)
    [ PASSED ] CASE: fixtureAppliesFamilyAndResultBounds (8790 ns)
    [ PASSED ] CASE: fixtureMapsStableErrorsAndRetainsNativeEvidence (12214 ns)
    [ PASSED ] CASE: fixtureCancellationAndDeadlineReturnBeforeNativeCleanup (8211 ns)
    [ PASSED ] CASE: validatesBoundsAndRejectsUseAfterClose (99657 ns)
    TCS: WebSocketHandshakeTest, time elapsed: 35284862 ns, RESULT:
    [ PASSED ] CASE: nativeHttp1UpgradeTransfersFramesAndClosesSession (3917504 ns)
    [ PASSED ] CASE: nativeHttp2ExtendedConnectKeepsSiblingRequestsUsable (30985894 ns)
    TCS: WebSocketConnectionTest, time elapsed: 112592866 ns, RESULT:
    [ PASSED ] CASE: fragmentedUtf8AndAutomaticPongSurviveOneByteTransportReads (252789 ns)
    [ PASSED ] CASE: preCancelledSendPerformsNoIoAndLeavesUntouchedSessionHealthy (99093 ns)
    [ PASSED ] CASE: fragmentedMessageBoundRejectsBeforeWritingAndPreservesProgression (154798 ns)
    [ PASSED ] CASE: roleMaskingAndNonCanonicalLengthFailClosedWithProtocolStatus (158761 ns)
    [ PASSED ] CASE: fragmentedTextRejectsInvalidContinuationAtTheMessageBoundary (127499 ns)
    [ PASSED ] CASE: gracefulCloseEchoesStatusAndCompletesBothOwners (155655 ns)
    [ PASSED ] CASE: handshakeCryptoMatchesRfcVectorAndReturnsCanonicalFreshKeyShape (53077 ns)
    [ PASSED ] CASE: framePayloadIsOwnedAndCloseInputIsStrict (52172 ns)
    [ PASSED ] CASE: boundedDeterministicWireMutationsAreSplitInvariantAndFailClosed (110321490 ns)
Summary: TOTAL: 113
    PASSED: 110, SKIPPED: 3, ERROR: 0
    FAILED: 0
--------------------------------------------------------------------------------------------------
TP: wirestack.internal.connector, time elapsed: 13109718 ns, RESULT:
    TCS: AttemptPlanTest, time elapsed: 1357446 ns, RESULT:
    [ PASSED ] CASE: alternatesFamiliesAndPreservesFamilyOrder (247038 ns)
    [ PASSED ] CASE: firstFamilyControlsPreferenceAndDuplicatesAreRemoved (53488 ns)
    [ PASSED ] CASE: distinctIpv6ZonesAreNotDeduplicated (25431 ns)
    [ PASSED ] CASE: rejectsEmptyCandidatesAndNegativeDelay (45435 ns)
    TCS: HappyEyeballsConnectorTest, time elapsed: 9980711 ns, RESULT:
    [ PASSED ] CASE: emitsCompleteDnsAttemptAndConnectedLifecycle (246744 ns)
    [ PASSED ] CASE: blackholedFirstCandidateIsCancelledAndJoinedBeforeReturn (8136184 ns)
    [ PASSED ] CASE: ipv6FirstSuccessSkipsLaterIpv4Attempt (125007 ns)
    [ PASSED ] CASE: simultaneousSuccessKeepsOneWinnerAndAbortsEveryLoser (121291 ns)
    [ PASSED ] CASE: allFailuresAreJoinedAndRetainedAsDiagnostics (78255 ns)
    [ PASSED ] CASE: preCancelledParentStartsNeitherDnsNorAttempts (30864 ns)
    [ PASSED ] CASE: parentCancellationAfterSuccessPreventsWinnerPublication (105702 ns)
    [ PASSED ] CASE: deadlineAtSuccessBoundaryPreventsWinnerPublication (95862 ns)
    TCS: ConnectionRouteTest, time elapsed: 1615801 ns, RESULT:
    [ PASSED ] CASE: directRouteRetainsItsLocalOriginResolver (94319 ns)
    [ PASSED ] CASE: explicitProxySeparatesOriginAndProxyDns (39420 ns)
    [ PASSED ] CASE: typedIpTargetsNeverCarryResolvers (64610 ns)
    [ PASSED ] CASE: rejectsDelegatedDnsWithoutAnOwningProxyAndInvalidConnectTargets (88751 ns)
    [ PASSED ] CASE: networkAndTlsParametersAreBoundedAndOwned (686454 ns)
Summary: TOTAL: 17
    PASSED: 17, SKIPPED: 0, ERROR: 0
    FAILED: 0
--------------------------------------------------------------------------------------------------
TP: wirestack.internal.common, time elapsed: 2033203 ns, RESULT:
    TCS: EndpointTest, time elapsed: 1289337 ns, RESULT:
    [ PASSED ] CASE: acceptsTypedIpv4AndIpv6WithoutDns (196655 ns)
    [ PASSED ] CASE: addressOwnsAnImmutableOctetSnapshot (14815 ns)
    [ PASSED ] CASE: rejectsWrongLengthsAndIpv4Zones (34619 ns)
    [ PASSED ] CASE: ipv6ZoneAndPortBoundariesRemainTypedIdentity (20030 ns)
    [ PASSED ] CASE: rejectsEmptyAndOversizedIpv6Zones (22481 ns)
    TCS: HostNameTest, time elapsed: 630918 ns, RESULT:
    [ PASSED ] CASE: canonicalizesAsciiCaseAndOneRootDot (33925 ns)
    [ PASSED ] CASE: rejectsAmbiguousOrInvalidDnsNames (93776 ns)
    [ PASSED ] CASE: acceptsAsciiALabelAndExactDnsLengthBoundaries (68400 ns)
    [ PASSED ] CASE: rejectsOneByteBeyondLabelAndHostLimits (28052 ns)
Summary: TOTAL: 9
    PASSED: 9, SKIPPED: 0, ERROR: 0
    FAILED: 0
--------------------------------------------------------------------------------------------------
TP: wirestack.internal.http2, time elapsed: 3198983231 ns, RESULT:
    TCS: Http2ClientConnectionTest, time elapsed: 178958032 ns, RESULT:
    [ PASSED ] CASE: encodedHeaderFailureClosesTheConnection (1315765 ns)
    [ PASSED ] CASE: tenConcurrentRequestsShareOneConnectionAndMapOutOfOrderResponses (3295231 ns)
    [ PASSED ] CASE: claimedStreamsPublishInitialHeadersInStreamIdOrder (2883176 ns)
    [ PASSED ] CASE: cancelledUnpublishedStreamDoesNotBlockNextClaim (3424528 ns)
    [ PASSED ] CASE: declaredLengthDoesNotReleaseStreamBeforeWireEndStream (1219455 ns)
    [ PASSED ] CASE: streamsRequestBodyThroughFlowControlledDataAndEndsLocallyOnce (1865289 ns)
    [ PASSED ] CASE: peerResetFailsOnlyItsStreamAndConnectionRemainsUsable (4409980 ns)
    [ PASSED ] CASE: peerGoAwayDrainsConnectionWithoutFailingAcceptedStream (1266338 ns)
    [ PASSED ] CASE: connectedStreamOutlivesHandshakeCancellationAndUsesOperationContexts (4140848 ns)
    [ PASSED ] CASE: contextlessHalfCloseDoesNotWaitForBlockedConnectionWriter (2584566 ns)
    [ PASSED ] CASE: halfCloseOrdersEndAfterAdmittedFlowControlledWrite (12111544 ns)
    [ PASSED ] CASE: gracefulCloseOrdersEndAfterAdmittedFlowControlledWrite (10460911 ns)
    [ PASSED ] CASE: gracefulCloseDeadlineStopsAdmittedFlowControlledWrite (109379555 ns)
    [ PASSED ] CASE: queuedHalfCloseCancellationDoesNotWaitForConnectionWriter (9999695 ns)
    [ PASSED ] CASE: rejectedConnectReturnsFullResponseAndClosesRequestDirection (1563252 ns)
    [ PASSED ] CASE: enabledPushAttachesBoundedCallerDrivenResponses (5227011 ns)
    TCS: Http2ClientMappingTest, time elapsed: 3737232 ns, RESULT:
    [ PASSED ] CASE: requestMapsOrderedPseudoFieldsAuthorityAndSensitiveHeaders (139635 ns)
    [ PASSED ] CASE: connectUsesOnlyMethodAndAuthorityPseudoFields (71064 ns)
    [ PASSED ] CASE: connectStreamMappingKeepsBothDataDirectionsOpen (145345 ns)
    [ PASSED ] CASE: requestRejectsAuthorityFramingAndConnectionAmbiguity (383543 ns)
    [ PASSED ] CASE: requestHeaderListHonorsHttp2BoundsBeforeHpackMutation (81094 ns)
    [ PASSED ] CASE: requestBodyProvesEofBeforeOneTerminalTrailerBlock (181861 ns)
    [ PASSED ] CASE: requestBodyRejectsPrematureEofAndConfiguredOverflow (149044 ns)
    [ PASSED ] CASE: responseMapsInformationalFinalDataAndTrailersInOrder (165214 ns)
    [ PASSED ] CASE: responseRejectsPseudoOrderCaseAndConnectionFieldsAsStreamErrors (89142 ns)
    [ PASSED ] CASE: responseRejectsInvalidStatusAndTooManyInformationalHeads (159500 ns)
    [ PASSED ] CASE: responseContentLengthMustMatchExactlyAtEndStream (95596 ns)
    [ PASSED ] CASE: streamingResponseMayExceedTheConfiguredRequestBodyBound (17721 ns)
    [ PASSED ] CASE: bodylessAndConnectResponseRulesAreExplicit (89345 ns)
    [ PASSED ] CASE: responseTrailersRequireFinalEndStreamAndRegularAllowedFields (82135 ns)
    [ PASSED ] CASE: promisedRequestValidationPrecedesApplicationPolicy (123735 ns)
    TCS: Http2ClientPushOwnershipTest, time elapsed: 901599 ns, RESULT:
    [ PASSED ] CASE: resetLostOfferIsClosedAndNextOfferRemainsDeliverable (138382 ns)
    [ PASSED ] CASE: parentCancellationStopsTransferredStalledBodyWithoutCancellingIndependentSibling (212805 ns)
    [ PASSED ] CASE: expiredParentAbsoluteDeadlineStillGovernsTransferredBodyAfterHeaders (157342 ns)
    TCS: Http2ConformanceTest, time elapsed: 6700297 ns, RESULT:
    [ PASSED ] CASE: invalidFrameOrderMatrixFailsAtConnectionScope (316987 ns)
    [ PASSED ] CASE: continuationSequenceCompletesOnlyOnEndHeaders (160785 ns)
    [ PASSED ] CASE: rstStreamAndGoAwayRaceCompletesOwnerOnceAndCleansRegistrations (5715910 ns)
    TCS: Http2ConnectionStateMachineTest, time elapsed: 5870511 ns, RESULT:
    [ PASSED ] CASE: clientStartEmitsMagicAndSettingsThenPeerSettingsOpens (48551 ns)
    [ PASSED ] CASE: serverConsumesIncrementalMagicBeforeItsFirstSettings (53933 ns)
    [ PASSED ] CASE: invalidOrIncompletePrefaceFailsOnceWithProtocolEvidence (66661 ns)
    [ PASSED ] CASE: firstPeerFrameMustBeNonAcknowledgementSettings (54186 ns)
    [ PASSED ] CASE: openConnectionAppliesSettingsAndCompletesHeaderBlocks (48147 ns)
    [ PASSED ] CASE: peerGoAwayDrainsAndMayOnlyNarrowItsBoundary (59714 ns)
    [ PASSED ] CASE: localDrainUsesProcessedPeerBoundaryAndNeverIncreases (74558 ns)
    [ PASSED ] CASE: racingFinishTransitionsAndPublishesCompletionExactlyOnce (4391305 ns)
    TCS: Http2DeterministicFuzzTest, time elapsed: 81569833 ns, RESULT:
    [ PASSED ] CASE: frameParserDeterministicMutationCorpusStaysBounded (5811284 ns)
    [ PASSED ] CASE: hpackDecoderDeterministicMutationCorpusFailsClosed (75014787 ns)
    [ PASSED ] CASE: protocolLimitBoundaryMutationsRejectOversizedInputs (61796 ns)
    TCS: Http2FlowControllerTest, time elapsed: 2707275746 ns, RESULT:
    [ PASSED ] CASE: windowUpdateCodecIgnoresReservedBitAndRejectsZeroByScope (28615 ns)
    [ PASSED ] CASE: reservationsRespectConnectionStreamAndPeerFrameCredit (44781 ns)
    [ PASSED ] CASE: settingsShrinkPausesReservedDataAndCancellationReleasesIt (64370 ns)
    [ PASSED ] CASE: streamWindowUpdateWakesAReservedPermitAfterSettingsShrink (37865 ns)
    [ PASSED ] CASE: concurrentTryReserveNeverOvercommitsOneStream (192212 ns)
    [ PASSED ] CASE: receiveCreditReturnsOnlyAfterApplicationConsumption (70257 ns)
    [ PASSED ] CASE: smallReceiveReadsCoalesceWindowUpdates (118428 ns)
    [ PASSED ] CASE: stalledConnectionCreditFlushesOnceWithoutChangingSmallReadCoalescing (27395 ns)
    [ PASSED ] CASE: leastRecentlyServedStreamsReceiveCreditBeforeThePreviousOwner (2704848427 ns)
    [ PASSED ] CASE: connectionSendWindowIsSharedAcrossStreams (42172 ns)
    [ PASSED ] CASE: connectionAndStreamWindowViolationsHaveCorrectScope (31293 ns)
    [ PASSED ] CASE: settingsAndWindowOverflowFailAtomically (32292 ns)
    [ PASSED ] CASE: streamCleanupCancelsPermitsAndRestoresOnlyConnectionReceiveCredit (31301 ns)
    [ PASSED ] CASE: dataAccountingUsesTheEntireFramePayload (15468 ns)
    TCS: Http2FrameCodecTest, time elapsed: 1201372 ns, RESULT:
    [ PASSED ] CASE: everyRequiredFrameEnvelopeRoundTrips (107540 ns)
    [ PASSED ] CASE: parserAcceptsEverySingleByteBoundaryAndMultipleFrames (64225 ns)
    [ PASSED ] CASE: incompleteInputStaysBoundedUntilCompletion (24359 ns)
    [ PASSED ] CASE: oversizedFrameFailsBeforePayloadBufferingAndParserBecomesTerminal (38525 ns)
    [ PASSED ] CASE: reservedBitIsIgnoredOnReadAndClearedOnWrite (20902 ns)
    [ PASSED ] CASE: unknownFramesAndFlagsRoundTripWithoutInterpretation (22782 ns)
    [ PASSED ] CASE: transportWriterHandlesRepeatedPartialWrites (27066 ns)
    TCS: Http2FrameModelTest, time elapsed: 658555 ns, RESULT:
    [ PASSED ] CASE: frameAndErrorCodesRoundTripIncludingExtensions (21978 ns)
    [ PASSED ] CASE: streamIdentifierIgnoresReservedBitAndKeepsThirtyOneBits (14864 ns)
    [ PASSED ] CASE: limitsAreExplicitAndFrameSizeIsBounded (23376 ns)
    [ PASSED ] CASE: fixedFrameShapesAndStreamScopesAreValidated (27346 ns)
    [ PASSED ] CASE: settingsRejectInvalidProtocolValuesButRetainExtensions (20522 ns)
    [ PASSED ] CASE: unknownFlagsAndFramesRemainForwardCompatible (8160 ns)
    TCS: Http2GoAwayManagerTest, time elapsed: 4492816 ns, RESULT:
    [ PASSED ] CASE: peerBoundaryRetiresOnlyDefinitelyUnprocessedStreams (127902 ns)
    [ PASSED ] CASE: narrowingBoundaryWakesEachNewlyExcludedOwnerExactlyOnce (58225 ns)
    [ PASSED ] CASE: localDrainQueuesGoAwayAndStopsAdmissionBeforeWriterRuns (49175 ns)
    [ PASSED ] CASE: fabricatedReceiveResultCannotDrainAnOpenCoordinator (36114 ns)
    [ PASSED ] CASE: racingAdmissionAndGoAwayNeverLeavesAnExcludedStreamActive (3661613 ns)
    TCS: Http2HeaderBlockAssemblerTest, time elapsed: 707660 ns, RESULT:
    [ PASSED ] CASE: sameStreamContinuationsAssembleInExactOrder (23391 ns)
    [ PASSED ] CASE: continuationWithoutStartWrongStreamAndInterleavingFailConnection (30029 ns)
    [ PASSED ] CASE: paddingAndPriorityOverheadAreExcludedFromHeaderBytes (13716 ns)
    [ PASSED ] CASE: pushPromiseRetainsPromisedStreamAndFragmentOnly (14070 ns)
    [ PASSED ] CASE: invalidPaddingPriorityAndSelfDependencyFailClosed (38110 ns)
    [ PASSED ] CASE: accumulatedCompressedBytesHaveOneHardLimit (18687 ns)
    TCS: Http2ConnectionHealthTest, time elapsed: 539129 ns, RESULT:
    [ PASSED ] CASE: pingCodecAndConnectionAckPreserveOpaqueBytes (25467 ns)
    [ PASSED ] CASE: idleProbeIsSingleOutstandingAndMatchingAckRestoresHealth (106975 ns)
    [ PASSED ] CASE: ordinaryActivityDefersIdleProbeWithoutAllocatingATimer (27724 ns)
    TCS: Http2ConnectionCloserTest, time elapsed: 1136461 ns, RESULT:
    [ PASSED ] CASE: gracefulCloseSendsGoAwayWaitsForStreamAndClosesTransportOnce (106611 ns)
    [ PASSED ] CASE: expiredCloseAbortsActiveStreamsWithoutStartingGracefulIo (46121 ns)
    [ PASSED ] CASE: racingShorterDeadlineUpgradesInFlightGracefulCloseToOneAbort (59680 ns)
    [ PASSED ] CASE: concurrentGracefulCallersShareOneTerminalResultAndTransportClose (147338 ns)
    [ PASSED ] CASE: failedGracefulTransportCloseFallsBackToOneAbort (91029 ns)
    TCS: HpackBlockTest, time elapsed: 3998865 ns, RESULT:
    [ PASSED ] CASE: rfcRequestBlocksDecodeWithSharedDynamicState (57440 ns)
    [ PASSED ] CASE: encoderMatchesFirstRfcHuffmanRequestExample (71409 ns)
    [ PASSED ] CASE: literalModesPreserveNeverIndexedAndOnlyIncrementalMutatesTable (2395097 ns)
    [ PASSED ] CASE: tableSizeUpdateMustLeadBlockAndRespectAllowedMaximum (43241 ns)
    [ PASSED ] CASE: headerCountListAndCompressedLimitsFailClosed (567043 ns)
    [ PASSED ] CASE: peerCapacityUpdateIsEmittedBeforeHeaders (22445 ns)
    TCS: HpackCoreTest, time elapsed: 1039595 ns, RESULT:
    [ PASSED ] CASE: rfcIntegerVectorsEncodeAndDecodeExactly (13040 ns)
    [ PASSED ] CASE: integerRejectsTruncationOverflowAndInvalidPrefix (35156 ns)
    [ PASSED ] CASE: rawStringRoundTripsAndOwnsItsBytes (23022 ns)
    [ PASSED ] CASE: stringLengthLimitAndTruncationFailBeforeCopy (134029 ns)
    [ PASSED ] CASE: staticTableMatchesRfcBoundariesAndRepresentativeEntries (30934 ns)
    [ PASSED ] CASE: everyStaticEntryHasBoundedRfcAccounting (77896 ns)
    TCS: HpackDynamicTableTest, time elapsed: 1124148 ns, RESULT:
    [ PASSED ] CASE: newestEntryUsesIndexSixtyTwoAndOlderEntriesShift (19504 ns)
    [ PASSED ] CASE: exactRfcAccountingEvictsOldestEntriesFirst (24287 ns)
    [ PASSED ] CASE: oversizedEntryClearsTheEntireTableWithoutInsertion (13164 ns)
    [ PASSED ] CASE: capacityShrinkEvictsImmediatelyAndPeerLimitIsHard (22933 ns)
    [ PASSED ] CASE: withoutIndexingNeverIndexedAndSensitiveNeverEnterState (20754 ns)
    [ PASSED ] CASE: staticAndDynamicSearchReturnCanonicalLowestIndexes (135636 ns)
    [ PASSED ] CASE: zeroCapacityRetainsNoEntries (13034 ns)
    TCS: HpackHuffmanTest, time elapsed: 45070356 ns, RESULT:
    [ PASSED ] CASE: rfcRequestExamplesEncodeAndDecodeExactly (4275549 ns)
    [ PASSED ] CASE: everyOctetRoundTripsWithinAnExplicitBound (36806116 ns)
    [ PASSED ] CASE: huffmanStringLiteralUsesFlagAndSharedBounds (907817 ns)
    [ PASSED ] CASE: eosInvalidPaddingAndTruncatedPrefixFailClosed (399235 ns)
    [ PASSED ] CASE: decodedAndEncodedOutputLimitsApplyBeforeGrowth (1777381 ns)
    TCS: Http2ConnectionReaderTest, time elapsed: 6185043 ns, RESULT:
    [ PASSED ] CASE: oneReaderDecodesEveryByteBoundaryAndDispatchesInWireOrder (777642 ns)
    [ PASSED ] CASE: serverConsumesMagicAndFirstFrameFromTheSameRead (544948 ns)
    [ PASSED ] CASE: eofDuringPrefaceOrFrameFailsAndWakesEveryStream (1596224 ns)
    [ PASSED ] CASE: invalidTransportProgressAndHandlerFailureBecomeTerminal (1075794 ns)
    [ PASSED ] CASE: readerLoopCanOnlyBeClaimedOnce (539755 ns)
    [ PASSED ] CASE: terminationRegistryIsBoundedRemovableAndExactlyOnce (375832 ns)
    [ PASSED ] CASE: readerRegistryReservesOneListenerBeyondTheStreamLimit (52806 ns)
    TCS: Http2ServerMappingTest, time elapsed: 5438065 ns, RESULT:
    [ PASSED ] CASE: requestHeadMapsPseudoFieldsHostAndContentLength (137428 ns)
    [ PASSED ] CASE: connectAndOptionsTargetsAreMappedStrictly (195975 ns)
    [ PASSED ] CASE: requestRejectsPseudoOrderCaseConnectionAndAuthorityAmbiguity (248792 ns)
    [ PASSED ] CASE: paddedDataReturnsAllFlowCreditAndPublishesTrailers (138363 ns)
    [ PASSED ] CASE: requestQueueIsBoundedBeforeFlowAccountingMutates (85001 ns)
    [ PASSED ] CASE: terminalLengthMismatchDoesNotConsumeFlowWindow (143380 ns)
    [ PASSED ] CASE: responseHeadersBodyFlowAndTrailersMapInOrder (1042061 ns)
    [ PASSED ] CASE: streamingResponseMayExceedTheConfiguredRequestBodyBound (1167311 ns)
    [ PASSED ] CASE: responseRulesCloseBodiesOnEveryTerminalOrFailurePath (101007 ns)
    [ PASSED ] CASE: handlerRunsOnceAndReleasesRequestOwnership (125934 ns)
    [ PASSED ] CASE: invalidDuplexResponseReleasesPreServeHandoffExactlyOnce (497386 ns)
    TCS: Http2ServerPushLifecycleTest, time elapsed: 126467749 ns, RESULT:
    [ PASSED ] CASE: largePushDoesNotDelayParentHeadersUntilPushCreditReturns (57702749 ns)
    [ PASSED ] CASE: cancelledPushReleasesItsWorkerSlotForTheNextParent (32139097 ns)
    [ PASSED ] CASE: crossOriginPushIsRejectedAndItsResponseIsClosedBeforeAnyOffer (3645118 ns)
    [ PASSED ] CASE: parentResetWhileWaitingForPushSlotIsRevalidatedBeforeReservation (10772561 ns)
    [ PASSED ] CASE: resetOfBlockedPushDoesNotBlockReaderOrReleaseWorkerSlotEarly (13201400 ns)
    [ PASSED ] CASE: blockingHeaderOnlyBodyCloseDoesNotDelayInboundReset (4914874 ns)
    [ PASSED ] CASE: duplexHandlerReturnAbortsBothStreamDirections (2469851 ns)
    TCS: Http2SettingsTest, time elapsed: 1641924 ns, RESULT:
    [ PASSED ] CASE: codecPreservesKnownUnknownAndRepeatedSettingsInOrder (30975 ns)
    [ PASSED ] CASE: peerBatchAppliesAtomicallyAndReturnsAckAndWindowDelta (37787 ns)
    [ PASSED ] CASE: invalidPeerBatchLeavesEffectiveStateUnchanged (53329 ns)
    [ PASSED ] CASE: localBatchesAreAcknowledgedInFifoOrder (34093 ns)
    [ PASSED ] CASE: unexpectedAckAndPendingBatchOverflowFailClosed (31305 ns)
    [ PASSED ] CASE: advertisedResourceValuesAreCappedByLocalPolicy (21793 ns)
    [ PASSED ] CASE: settingsFrameLengthAndAckPayloadAreRejectedByFrameLayer (33479 ns)
    [ PASSED ] CASE: peerDefaultsAreRfcValuesCappedSeparatelyFromLocalAdvertisement (55243 ns)
    [ PASSED ] CASE: clientPushAdvertisementUsesItsOwnFiniteAdmissionBound (22279 ns)
    [ PASSED ] CASE: serverEnablePushSettingIsRejectedInBothDirections (29980 ns)
    TCS: Http2StreamLifecycleTest, time elapsed: 3066817 ns, RESULT:
    [ PASSED ] CASE: bothEndStreamOrdersReachClosedExactlyOnce (31279 ns)
    [ PASSED ] CASE: initialEndStreamHalfClosesTheInitiatingSide (26163 ns)
    [ PASSED ] CASE: clientAndServerAllocateCorrectMonotonicParity (28498 ns)
    [ PASSED ] CASE: peerParityReuseAndDecreasingIdsFailConnection (43982 ns)
    [ PASSED ] CASE: localAndPeerConcurrencyLimitsAreIndependentAndCapacityReturns (45208 ns)
    [ PASSED ] CASE: invalidHalfClosedDirectionsAndUnknownStreamsFailClosed (46286 ns)
    [ PASSED ] CASE: readerTerminationClosesAndUnregistersEveryActiveStream (57595 ns)
    [ PASSED ] CASE: racingAdmissionNeverExceedsConfiguredBoundOrDuplicatesIds (634699 ns)
    [ PASSED ] CASE: racingEndDirectionsCompleteAndCleanupExactlyOnce (1023207 ns)
    TCS: Http2StreamResetManagerTest, time elapsed: 3235537 ns, RESULT:
    [ PASSED ] CASE: rstCodecPreservesKnownAndExtensionCodes (58212 ns)
    [ PASSED ] CASE: localCancelQueuesResetAndReleasesOnlyItsStream (104909 ns)
    [ PASSED ] CASE: peerResetCancelsQueuedDataPermitsAndWakesOwnerOnce (111581 ns)
    [ PASSED ] CASE: resetWakesBlockedServerBodyWithoutClosingConnection (126173 ns)
    [ PASSED ] CASE: racingLocalAndPeerResetCompletesEveryStreamExactlyOnce (1784707 ns)
    [ PASSED ] CASE: queuePressureIsAtomicAndCleanupCreditStaysBoundedForRetry (113499 ns)
    TCS: Http2WriteSchedulerTest, time elapsed: 5640239 ns, RESULT:
    [ PASSED ] CASE: controlPrecedesDataAndPartialWritesDrainGracefully (122019 ns)
    [ PASSED ] CASE: controlBurstIsBoundedAndDataStreamsRotateFairly (311568 ns)
    [ PASSED ] CASE: queueCountAndBytesAreHardAndCancellationReleasesCapacity (66622 ns)
    [ PASSED ] CASE: concurrentProducersStillUseExactlyOneWriter (1472712 ns)
    [ PASSED ] CASE: abortInterruptsActiveWriteAndFailsEveryTicket (92345 ns)
    [ PASSED ] CASE: transportFailureFansOutAndTicketWaitHonorsCancellation (90613 ns)
    [ PASSED ] CASE: reservedDataConsumesFlowOnlyWhenTheWriterClaimsIt (53067 ns)
    [ PASSED ] CASE: serverDataEventTransfersItsPermitBeforeWriterClaim (47450 ns)
    [ PASSED ] CASE: cancellingQueuedReservedDataReturnsAllFlowCapacity (46660 ns)
    [ PASSED ] CASE: admittedHeaderBatchSurvivesResetDuringPartialFirstWrite (112878 ns)
    [ PASSED ] CASE: unstartedEncodedHeaderBatchIsIrrevocableAfterAdmission (66098 ns)
    [ PASSED ] CASE: largeHeaderBatchRemainsContiguousPastControlBurstLimit (168102 ns)
    [ PASSED ] CASE: failedHeaderBatchAdmissionTerminatesScheduler (49539 ns)
    [ PASSED ] CASE: concurrentHeaderBatchesStayContiguousOnTheWire (922240 ns)
Summary: TOTAL: 182
    PASSED: 182, SKIPPED: 0, ERROR: 0
    FAILED: 0
--------------------------------------------------------------------------------------------------
TP: wirestack.internal.http1, time elapsed: 1753609536 ns, RESULT:
    TCS: HttpAutomaticHttpsClientTest, time elapsed: 8519421 ns, RESULT:
    [ PASSED ] CASE: h2NegotiationMultiplexesTenRequestsOnOneTlsConnection (4792421 ns)
    [ PASSED ] CASE: http11NegotiationFallsBackAndReusesTheAdoptedConnection (2582589 ns)
    TCS: Http1ChunkedCodecTest, time elapsed: 2018758 ns, RESULT:
    [ PASSED ] CASE: decoderStreamsDataExtensionsTrailersAndRemainder (126489 ns)
    [ PASSED ] CASE: decoderHandlesEveryBoundaryOneByteAtATime (96432 ns)
    [ PASSED ] CASE: encoderProducesCanonicalChunksAndBoundedTrailers (67824 ns)
    [ PASSED ] CASE: rejectsInvalidSizeExtensionAndTerminators (58912 ns)
    [ PASSED ] CASE: enforcesBodyChunkLineAndTrailerBounds (98505 ns)
    [ PASSED ] CASE: streamingResponseKeepsEachChunkBoundedWithoutALifetimeCeiling (166120 ns)
    [ PASSED ] CASE: rejectsForbiddenOrFoldedTrailers (121070 ns)
    [ PASSED ] CASE: eofAndPostCompletionUseFailClosedStates (72067 ns)
    [ PASSED ] CASE: decodeBatchesOwnDataAndRemainingBytes (63168 ns)
    TCS: Http1ClientConnectionTest, time elapsed: 22172573 ns, RESULT:
    [ PASSED ] CASE: expectContinueWaitsForApprovalBeforeOpeningBody (1486209 ns)
    [ PASSED ] CASE: finalRejectionBeforeContinueNeverOpensRequestBody (1083447 ns)
    [ PASSED ] CASE: continueWaitTimeoutSendsBodyUnderTheOriginalBudget (16277582 ns)
    [ PASSED ] CASE: serializesRequestsUntilBodyEofThenReusesConnection (1139981 ns)
    [ PASSED ] CASE: earlyBodyCloseClosesInsteadOfReturningConnectionForReuse (531061 ns)
    [ PASSED ] CASE: connectionCloseResponseIsNeverReusableAfterEof (694213 ns)
    TCS: Http1CleartextClientTest, time elapsed: 2256744 ns, RESULT:
    [ PASSED ] CASE: resolvesConnectsAndReusesOnlyAfterBodyCompletion (1809611 ns)
    [ PASSED ] CASE: rejectsHttpsBeforeDnsOrPoolMutation (79521 ns)
    TCS: Http1ConnectionPoolTest, time elapsed: 2925086 ns, RESULT:
    [ PASSED ] CASE: emitsSecretFreeAcquireAndReleaseLifecycle (398631 ns)
    [ PASSED ] CASE: reusesOnlyTheSameCompleteKey (263852 ns)
    [ PASSED ] CASE: enforcesTotalPerKeyIdleAndWaiterBounds (489394 ns)
    [ PASSED ] CASE: activeWaitHonorsCancellationAndReleasesWaiterSlot (281861 ns)
    [ PASSED ] CASE: evictsExpiredAndClosedConnectionsInsteadOfReusingThem (491230 ns)
    [ PASSED ] CASE: failedCreationRollsBackItsCapacityReservation (281423 ns)
    TCS: Http1HeadParserTest, time elapsed: 2480863 ns, RESULT:
    [ PASSED ] CASE: requestParsesIncrementallyAndReturnsBodyRemainder (304783 ns)
    [ PASSED ] CASE: oneFeedRetainsBytesAfterTheHead (132238 ns)
    [ PASSED ] CASE: responseParsesStatusReasonHeadersAndFraming (97230 ns)
    [ PASSED ] CASE: acceptsOriginAbsoluteAuthorityAndAsteriskFormsOnlyWhereValid (371603 ns)
    [ PASSED ] CASE: rejectsBareLfObsFoldAndInvalidHeaderSyntax (110132 ns)
    [ PASSED ] CASE: requiresOneValidHostAndMatchingAbsoluteAuthority (211296 ns)
    [ PASSED ] CASE: rejectsInvalidTargetVersionAndBoundViolations (108954 ns)
    [ PASSED ] CASE: completedParserCannotBeReused (141027 ns)
    TCS: Http2Streams1BenchmarkTest, time elapsed: 27569256 ns, RESULT:
    [ PASSED ] CASE: benchmarkOneConcurrentStream (27292717 ns)
    TCS: Http2Streams10BenchmarkTest, time elapsed: 131671173 ns, RESULT:
    [ PASSED ] CASE: benchmarkTenConcurrentStreams (131343220 ns)
    TCS: Http2Streams100BenchmarkTest, time elapsed: 1229657265 ns, RESULT:
    [ PASSED ] CASE: benchmarkHundredConcurrentStreams (1229330696 ns)
    TCS: Http1HundredConnectionBaselineTest, time elapsed: 48437281 ns, RESULT:
    [ PASSED ] CASE: benchmarkHundredConcurrentConnections (48117178 ns)
    TCS: Http2ConnectionPoolTest, time elapsed: 2885889 ns, RESULT:
    [ PASSED ] CASE: alpnPrefersH2AndFallsBackOnlyToHttp11 (43878 ns)
    [ PASSED ] CASE: oneConnectionIsSharedUntilPeerStreamCapacityIsFull (286781 ns)
    [ PASSED ] CASE: concurrentFirstUseDoesNotCreateAConnectionStampede (693171 ns)
    [ PASSED ] CASE: newConnectionIsPublishedOnlyAfterItsFirstStreamIsAdmitted (66862 ns)
    [ PASSED ] CASE: closeRacingUnpublishedAdmissionReleasesConnectionOwners (430350 ns)
    [ PASSED ] CASE: completeSecurityKeyPreventsCrossContextReuse (70255 ns)
    [ PASSED ] CASE: drainingConnectionRetainsExistingStreamButReceivesNoNewLease (65972 ns)
    [ PASSED ] CASE: drainingConnectionWaitsForNonLocalOwnersBeforeDiscard (61443 ns)
    [ PASSED ] CASE: fullBoundedPoolHonorsOneCallerDeadline (50196 ns)
    [ PASSED ] CASE: poolCloseAbortsEverySharedConnectionExactlyOnce (53161 ns)
    TCS: Http1FramingTest, time elapsed: 1111402 ns, RESULT:
    [ PASSED ] CASE: requestUsesOneSharedEmptyLengthOrChunkedDecision (54166 ns)
    [ PASSED ] CASE: identicalContentLengthsAreAcceptedAcrossFieldsAndLists (29157 ns)
    [ PASSED ] CASE: conflictingOrInvalidContentLengthsAreRejected (96573 ns)
    [ PASSED ] CASE: contentLengthAndTransferEncodingNeverCoexist (36505 ns)
    [ PASSED ] CASE: ambiguousTransferEncodingIsRejected (92520 ns)
    [ PASSED ] CASE: responseHandlesHeadStatusesConnectAndCloseDelimiting (67054 ns)
    [ PASSED ] CASE: bodylessAndSuccessfulConnectResponsesRejectFramingFields (124041 ns)
    TCS: HttpConnectionPoolKeyTest, time elapsed: 438388 ns, RESULT:
    [ PASSED ] CASE: canonicalOriginProducesStableEqualityAndHash (20352 ns)
    [ PASSED ] CASE: everySecurityAndRouteDimensionPartitionsReuse (45861 ns)
    [ PASSED ] CASE: refusesIncompletePartitionIdentities (19583 ns)
    TCS: Http1ProxyClientPipelineTest, time elapsed: 5997977 ns, RESULT:
    [ PASSED ] CASE: dynamicConnectCredentialsNeverReuseAnAuthenticatedTunnel (3954730 ns)
    [ PASSED ] CASE: rejectedConnectDrainsClosesAndReturnsStructuredNonRetryableFailure (1626668 ns)
    TCS: Http1RequestWriterTest, time elapsed: 3794528 ns, RESULT:
    [ PASSED ] CASE: twoStageWriterDoesNotOpenBodyBeforeExplicitCommit (751213 ns)
    [ PASSED ] CASE: writesFixedBodyThroughPartialTransportOperations (614276 ns)
    [ PASSED ] CASE: streamsUnknownLengthBodyAsCanonicalChunks (628597 ns)
    [ PASSED ] CASE: rejectsDeclaredMismatchBeforeWritingAnything (151310 ns)
    [ PASSED ] CASE: prematureBodyEofRetainsPartialCommitEvidence (623262 ns)
    [ PASSED ] CASE: emptyFramingProbesSourceInsteadOfDroppingUnexpectedBytes (140912 ns)
    TCS: Http1ResponseReaderTest, time elapsed: 9416815 ns, RESULT:
    [ PASSED ] CASE: explicitUpgradeTransfersOnlyAMatching101Protocol (805096 ns)
    [ PASSED ] CASE: mismatchedUpgradeResponseFailsClosed (738218 ns)
    [ PASSED ] CASE: explicitConnectTransfersBufferedTunnelBytesAndTransportOwnership (636951 ns)
    [ PASSED ] CASE: failedConnectRemainsAnHttpResponseAndClosesAfterBody (680990 ns)
    [ PASSED ] CASE: readsInterimAndFixedResponseWithoutBufferingTheBody (620948 ns)
    [ PASSED ] CASE: received4xxAnd5xxRemainHttpResponses (1052986 ns)
    [ PASSED ] CASE: decodesChunkedResponseAndPublishesTrailerAtEof (644190 ns)
    [ PASSED ] CASE: closeDelimitedBodyCompletesOnlyAtTransportEof (475718 ns)
    [ PASSED ] CASE: chunkedStreamingResponseMayExceedThePerSegmentBodyBound (599534 ns)
    [ PASSED ] CASE: prematureFixedBodyEofAbandonsResponseExactlyOnce (528600 ns)
    [ PASSED ] CASE: rejectsImplicitUpgradeAndConnectTransportTransfer (1029113 ns)
    TCS: Http1SerializerTest, time elapsed: 1188836 ns, RESULT:
    [ PASSED ] CASE: clientRequestAddsHostAndUsesOriginForm (76005 ns)
    [ PASSED ] CASE: forwardProxyRequestUsesAbsoluteFormAndOriginHost (69109 ns)
    [ PASSED ] CASE: requestPreservesOrderedMultipleFieldsAndLengthFraming (57916 ns)
    [ PASSED ] CASE: requestRejectsMissingDuplicateOrMismatchedHost (57087 ns)
    [ PASSED ] CASE: responseSerializesStatusAndUsesSharedFraming (34921 ns)
    [ PASSED ] CASE: responseRejectsInjectionAndForbiddenBodyFraming (41832 ns)
    [ PASSED ] CASE: writerHandlesPartialTransportWritesUnderOneContext (89586 ns)
    [ PASSED ] CASE: serializedBytesAreDefensiveCopies (51946 ns)
    TCS: Http1ServerConnectionTest, time elapsed: 5757749 ns, RESULT:
    [ PASSED ] CASE: serializesTwoKeepAliveExchanges (2048940 ns)
    [ PASSED ] CASE: unreadRequestBodyForcesConnectionCloseAfterResponse (869647 ns)
    [ PASSED ] CASE: handlerFailureProducesBounded500AndCloses (485728 ns)
    [ PASSED ] CASE: rejectedHandoffReleasesSessionOwnershipExactlyOnce (859401 ns)
    [ PASSED ] CASE: selectedUpgradeOfferTransfersBufferedSessionBytes (846547 ns)
    TCS: Http1ServerRequestReaderTest, time elapsed: 16892776 ns, RESULT:
    [ PASSED ] CASE: streamsFixedRequestBodyWithoutReadingPastItsLength (682410 ns)
    [ PASSED ] CASE: rejectsOversizedFixedRequestBeforeReadingItsBody (475453 ns)
    [ PASSED ] CASE: decodesChunkedRequestAndPublishesTrailer (686635 ns)
    [ PASSED ] CASE: sendsContinueOnlyWhenHandlerStartsReadingTheBody (12918810 ns)
    [ PASSED ] CASE: rejectingWithoutReadingNeverSendsContinue (1386598 ns)
    TCS: Http1ServerTest, time elapsed: 28283169 ns, RESULT:
    [ PASSED ] CASE: shutdownAbortsConnectionBlockedInsideTlsHandshake (7915407 ns)
    [ PASSED ] CASE: acceptSideTlsHookOwnsConnectionAndClosesAfterShutdown (711381 ns)
    [ PASSED ] CASE: gracefulShutdownStopsAcceptAfterCompletedConnection (522424 ns)
    [ PASSED ] CASE: expiredShutdownAbortsBlockedConnectionAndReturnsBoundedly (8290468 ns)
    [ PASSED ] CASE: connectionLimitPreventsSecondAcceptUntilCapacityReturns (9891170 ns)
    TCS: Http1ServerResponseWriterTest, time elapsed: 4251366 ns, RESULT:
    [ PASSED ] CASE: writesFixedResponseThroughPartialTransportOperations (962990 ns)
    [ PASSED ] CASE: streamsChunkedResponseAndTrailer (1030638 ns)
    [ PASSED ] CASE: chunkedStreamingResponseMayExceedThePerSegmentBodyBound (334316 ns)
    [ PASSED ] CASE: headResponseNeverTransfersRepresentationBytes (140905 ns)
    [ PASSED ] CASE: closeDelimitedResponseRequiresConnectionClose (878333 ns)
    [ PASSED ] CASE: rejectsKnownLengthMismatchBeforeCommittingHead (136460 ns)
    TCS: Http1SmugglingCorpusTest, time elapsed: 82570975 ns, RESULT:
    [ PASSED ] CASE: clientAndServerFramingRejectTheSameAmbiguousHeaderCorpus (3956317 ns)
    [ PASSED ] CASE: identicalLengthsAndOneFinalChunkedCodingRemainUnambiguous (1326442 ns)
    [ PASSED ] CASE: rejectsWhitespaceTargetAndProxyDifferentialCorpus (1111902 ns)
    [ PASSED ] CASE: rejectsMalformedChunkAndTrailerCorpusAtInputOrEof (192265 ns)
    [ PASSED ] CASE: everyAcceptedSingleByteMutationHasACanonicalReparse (68482154 ns)
    [ PASSED ] CASE: chunkedMutationsHaveDeterministicBoundedTerminals (2247664 ns)
    [ PASSED ] CASE: validHeadParsesAtEveryTransportSplitBoundary (4131195 ns)
    TCS: Http1HttpsClientTest, time elapsed: 2055469 ns, RESULT:
    [ PASSED ] CASE: partitionsHandshakesAndReusesHttpsAfterBodyCompletion (1235739 ns)
    [ PASSED ] CASE: zeroLengthConnectionCloseDoesNotWaitForTlsPeerShutdown (538931 ns)
    TCS: Http1TlsServerTest, time elapsed: 108839800 ns, RESULT:
    [ PASSED ] CASE: alpnServerRejectsAClientWithNoSharedHttpProtocol (47398869 ns)
    [ PASSED ] CASE: automaticClientOffersH2FirstAndFallsBackToServerHttp11 (19047073 ns)
    [ PASSED ] CASE: requiredMutualTlsCarriesAuthenticatedHttp1Exchange (22456681 ns)
    [ PASSED ] CASE: realAwsLcHandshakeCarriesOneHttp1Exchange (19123100 ns)
Summary: TOTAL: 121
    PASSED: 118, SKIPPED: 3, ERROR: 0
    FAILED: 0
--------------------------------------------------------------------------------------------------
TP: wirestack.internal.resolver, time elapsed: 40929729 ns, RESULT:
    TCS: M2006AppleSystemResolverTest, time elapsed: 11549768 ns, RESULT:
    [ PASSED ] CASE: resolvesLocalhostThroughTheProviderNeutralContract (9283722 ns)
    [ PASSED ] CASE: fixtureReturnsAllCandidatesWithoutInventingTtl (25369 ns)
    [ PASSED ] CASE: fixtureAppliesFamilyAndResultBounds (24516 ns)
    [ PASSED ] CASE: fixtureMapsPosixFailuresAndUnknownCodes (17072 ns)
    [ PASSED ] CASE: fixtureCancellationAndDeadlineReturnBeforeNativeCleanup (62748 ns)
    [ PASSED ] CASE: newResolutionObservesNetworkGenerationChange (21060 ns)
    [ PASSED ] CASE: validatesBoundsAndRejectsUseAfterClose (135683 ns)
    [ PASSED ] CASE: fixtureBoundsAdmissionAndReleasesQueuedWorkAfterClose (21854 ns)
    TCS: M2003BoundedResolverBackendTest, time elapsed: 19797910 ns, RESULT:
    [ PASSED ] CASE: resolvesLocalhostWithBoundedMetricsAndIdempotentClose (7931129 ns)
    [ PASSED ] CASE: appliesIpv4FamilyAndRejectsUseAfterClose (9828831 ns)
    [ PASSED ] CASE: validatesPoolBounds (71764 ns)
    [ PASSED ] CASE: nativeFamilyValidationFailsClosedAndPollingBackoffIsBounded (49206 ns)
    [ PASSED ] CASE: preCancelledContextDoesNotSubmitNativeWork (205363 ns)
    [ PASSED ] CASE: delayedNativeWorkDoesNotStarveCangjieHeartbeat (22466 ns)
    [ PASSED ] CASE: cancellationCompletesPromptlyWhileNativeJobCleansUp (18697 ns)
    [ PASSED ] CASE: deadlineCompletesPromptlyWhileNativeJobCleansUp (21922 ns)
    [ PASSED ] CASE: queueAdmissionIsStrictlyBounded (22372 ns)
    TCS: ResolverContractTest, time elapsed: 781440 ns, RESULT:
    [ PASSED ] CASE: resultOwnsDeduplicatedAddressesAndDoesNotInventTtl (74241 ns)
    [ PASSED ] CASE: staticResolverFiltersFamiliesAndHonorsPreCancellation (103016 ns)
    [ PASSED ] CASE: rejectsEmptyFamilyResultAndInvalidLimits (65792 ns)
    TCS: M2002ResolverPublicContractTest, time elapsed: 1252088 ns, RESULT:
    [ PASSED ] CASE: resultOwnsAllTypedCandidatesWithoutInventingTtl (80066 ns)
    [ PASSED ] CASE: staticResolverAppliesFamilyAndResultBounds (74214 ns)
    [ PASSED ] CASE: errorsRetainStablePublicCoordinates (84851 ns)
    [ PASSED ] CASE: cancellationAndDeadlineRemainDistinct (92967 ns)
    [ PASSED ] CASE: constructorsRejectInvalidBoundsAndDiagnostics (74257 ns)
    TCS: M2004WindowsSystemResolverTest, time elapsed: 6980768 ns, RESULT:
    [ PASSED ] CASE: resolvesLocalhostThroughTheProviderNeutralContract (5707574 ns)
    [ PASSED ] CASE: fixtureReturnsAllCandidatesWithoutInventingTtl (25951 ns)
    [ PASSED ] CASE: fixtureAppliesFamilyAndResultBounds (19615 ns)
    [ PASSED ] CASE: fixtureMapsWinsockFailuresAndUnknownCodes (23638 ns)
    [ PASSED ] CASE: fixtureCancellationAndDeadlineReturnBeforeNativeCleanup (27629 ns)
    [ PASSED ] CASE: validatesBoundsAndRejectsUseAfterClose (133905 ns)
Summary: TOTAL: 31
    PASSED: 31, SKIPPED: 0, ERROR: 0
    FAILED: 0
--------------------------------------------------------------------------------------------------
TP: wirestack.net, time elapsed: 1534317137 ns, RESULT:
    TCS: DnsClientWireTest, time elapsed: 986712444 ns, RESULT:
    [ PASSED ] CASE: publicQueryAndLookupUseRealUdpAndRetainAbsoluteCacheExpiry (5070212 ns)
    [ PASSED ] CASE: publicQueryEncodesEveryModeledRecordType (14337805 ns)
    [ PASSED ] CASE: wrongSourceIdAndQuestionAreIgnoredBeforeValidUdpResponse (2190834 ns)
    [ PASSED ] CASE: validatedTruncationFallsBackToExactTcpFrame (1381810 ns)
    [ PASSED ] CASE: activeCancellationRetainsNameserverWithoutRetry (60401587 ns)
    [ PASSED ] CASE: silentDnsAttemptsLeaveBudgetForServerAndPassFailover (503538618 ns)
    [ PASSED ] CASE: exhaustedResponseCodesRetainTheLastRespondingNameserver (3097559 ns)
    [ PASSED ] CASE: unsupportedResponseCodeRetainsRespondingNameserver (1049140 ns)
    [ PASSED ] CASE: dnsTransportFailuresRetainSelectedNameserver (251975976 ns)
    [ PASSED ] CASE: tcpResponseCannotRemainTruncated (2989418 ns)
    [ PASSED ] CASE: malformedMatchingResponseAndUnrelatedSectionsCannotPoisonCache (2952155 ns)
    [ PASSED ] CASE: cnameTraversalUsesAnswerOwnersAndRejectsConflictingTargets (1949015 ns)
    [ PASSED ] CASE: fullResultCapacityDoesNotQueryAnotherFamily (60474280 ns)
    [ PASSED ] CASE: rfc2308CacheRetainsNxdomainVersusNodataWithoutNewPackets (3422654 ns)
    [ PASSED ] CASE: zeroTtlNeverCreatesAPositiveCacheEntry (1977051 ns)
    [ PASSED ] CASE: callerCancellationAndClientCloseWakeActiveNativeReceive (3165082 ns)
    [ PASSED ] CASE: anyFamilyRetainsAddressesWhenTheOtherFamilyFails (5958324 ns)
    [ PASSED ] CASE: crossFamilyConflictsRetainTheLivePeerAlongsideCachedResults (5009184 ns)
    [ PASSED ] CASE: nxdomainInvalidatesVisitedTargetsAndOtherCachedAliases (32678653 ns)
    [ PASSED ] CASE: everyNxdomainInvalidatesPreviouslyCachedAddresses (10841774 ns)
    [ PASSED ] CASE: noncacheableNxdomainStopsOtherFamilyQueries (2750060 ns)
    [ PASSED ] CASE: nameWideNegativeOverridesEarlierFamilyFailure (2142763 ns)
    [ PASSED ] CASE: boundedAdmissionRejectsExcessAndCloseWakesQueuedCallers (1855406 ns)
    TCS: DnsResolverPolicyTest, time elapsed: 285117906 ns, RESULT:
    [ PASSED ] CASE: fromSystemParsesTabsCommentsLastSearchAndClampedNdots (608964 ns)
    [ PASSED ] CASE: directConfigRejectsUnsupportedNameserverZonesBeforeQueries (39412 ns)
    [ PASSED ] CASE: numericNameserverZonesUseCanonicalEndpointIdentity (45037 ns)
    [ PASSED ] CASE: systemNameserversRetainOnlySupportedNumericZones (483025 ns)
    [ PASSED ] CASE: equivalentNameserverScopesDoNotConsumeTheServerLimit (309601 ns)
    [ PASSED ] CASE: configOwnsInputArraysAndReturnsDefensiveCopies (77201 ns)
    [ PASSED ] CASE: adoptedClientRequiresMatchingConfigurationWithoutTakingRejectedOwnership (200264 ns)
    [ PASSED ] CASE: systemFilesFailClosedWhenMissingOversizedOrNonregular (13248931 ns)
    [ PASSED ] CASE: ipv4LiteralsBypassHostsSearchAndNameservers (60307261 ns)
    [ PASSED ] CASE: hostsSnapshotRetainsOnlyUsableIpv6Zones (486596 ns)
    [ PASSED ] CASE: hostsAliasesFilterFamiliesAndRemainSnapshotted (829701 ns)
    [ PASSED ] CASE: trailingRootSkipsSearchWhileNdotsSelectsSearchOrAbsoluteFirst (3706558 ns)
    [ PASSED ] CASE: exactHostsEntryWinsBeforeSearchSuffixDns (200527124 ns)
    [ PASSED ] CASE: cancelledExpiredAndClosedCallsRetainPublicResolveClassifications (361763 ns)
    [ PASSED ] CASE: connectUsesHostsMappingForANativeListenerExchange (688248 ns)
    [ PASSED ] CASE: resolverConnectCarriesOneAbsoluteDeadlineIntoNativeTcpAdmission (438432 ns)
    TCS: DnsWireParserTest, time elapsed: 23328955 ns, RESULT:
    [ PASSED ] CASE: decodesCompressedTargetsBinaryTxtSoaAndUnknownData (198319 ns)
    [ PASSED ] CASE: recordOrderMakesAnswerAuthorityAndAdditionalBoundariesExplicit (40741 ns)
    [ PASSED ] CASE: summariesAndRecordsOwnParserAndConstructorInputs (46270 ns)
    [ PASSED ] CASE: publicSummaryRejectsCountsBeyondWireAndCombinedRecordBounds (20361753 ns)
    [ PASSED ] CASE: parserPreservesQuestionIdentityAndRejectsIncompleteRecords (97410 ns)
    [ PASSED ] CASE: asciiNameProfileRejectsAmbiguousLabels (76103 ns)
    [ PASSED ] CASE: compressionLoopsForwardPointersAndOutOfRangePointersAreRejected (66075 ns)
    [ PASSED ] CASE: expandedNameAndSectionCountsRespectConfiguredBounds (97072 ns)
    [ PASSED ] CASE: completeParserRejectsTrailingAndTruncatedSectionBytes (65101 ns)
    [ PASSED ] CASE: typedRdataLengthsAndTxtSegmentsAreExact (96079 ns)
    [ PASSED ] CASE: compressedRdataNamesCannotConsumeNeighboringRecordBytes (49133 ns)
    [ PASSED ] CASE: srvTargetCompressionIsRejectedEvenWhenPointerIsInBounds (55789 ns)
    [ PASSED ] CASE: summaryConstructorRejectsSectionMetadataThatCouldBlurBoundaries (19187 ns)
    [ PASSED ] CASE: additionalOwnerMayReferenceAuthorityNameserverTarget (84034 ns)
    [ PASSED ] CASE: additionalOwnerMayReferenceSecondLegacyMailboxName (119138 ns)
    TCS: DnsWireFuzzTest, time elapsed: 115265869 ns, RESULT:
    [ PASSED ] CASE: wireMutationsRejectMalformedMessagesOrRetainOwnedSections (115012854 ns)
    TCS: M8002TcpListenerTest, time elapsed: 52542923 ns, RESULT:
    [ PASSED ] CASE: bindRejectsInvalidBacklogAndStoppedContextsWithStructuredErrors (75162 ns)
    [ PASSED ] CASE: bindFailureRetainsPublicCoordinatesAndCause (125415 ns)
    [ PASSED ] CASE: cancelledAndExpiredAcceptsLeaveListenerReusable (20434127 ns)
    [ PASSED ] CASE: acceptedStreamTransfersExactDataInBothDirections (312763 ns)
    [ PASSED ] CASE: overlappingAcceptIsRejectedWithoutCreatingAPendingQueue (29903596 ns)
    [ PASSED ] CASE: stoppedCloseAdmissionHasNoNativeEffectAndListenerRemainsUsable (235947 ns)
    [ PASSED ] CASE: gracefulAndAbortTerminalOwnersAreStableAndWakeAccept (130716 ns)
    TCS: M8002UdpSocketTest, time elapsed: 32396094 ns, RESULT:
    [ PASSED ] CASE: datagramBoundariesAndOwnedPayloadSurviveScratchReuse (156633 ns)
    [ PASSED ] CASE: exactCapacityAndTruncationDiscardOnlyTheCurrentDatagramTail (158546 ns)
    [ PASSED ] CASE: connectedSocketSelectsNativePeerAndFiltersOtherSenders (203663 ns)
    [ PASSED ] CASE: invalidAndUnsupportedInputsLeaveSocketReusable (904141 ns)
    [ PASSED ] CASE: cancellationDeadlineCloseAndAbortRetainDistinctState (30298436 ns)
    TCS: NetworkFoundationContractTest, time elapsed: 38243956 ns, RESULT:
    [ PASSED ] CASE: unixEndpointFormsAreDistinctAndOwned (13428 ns)
    [ PASSED ] CASE: unixEndpointRejectsUnboundedNames (25866 ns)
    [ PASSED ] CASE: rawSocketCapabilityBoundaryRequiresDomainSpecificProtocol (47073 ns)
    [ PASSED ] CASE: cancelledConnectFailsBeforeSocketCreation (27256 ns)
    [ PASSED ] CASE: tcpStreamCancellationDistinguishesUntouchedFromAbortedDelegate (52009 ns)
    [ PASSED ] CASE: tcpStreamGracefulCloseIsRetainedAndIdempotent (21495 ns)
    [ PASSED ] CASE: tcpStreamTerminalCloseSkipsStoppedContextsAndCallerClock (58331 ns)
    [ PASSED ] CASE: tcpStreamNonterminalStoppedCloseAdmissionStillRejects (68551 ns)
    [ PASSED ] CASE: tcpStreamCloseNormalizesContextFailureWithoutTakingOwnership (50366 ns)
    [ PASSED ] CASE: tcpStreamAbortRetainsItsCauseAndConnectionFacts (101459 ns)
    [ PASSED ] CASE: tcpStreamDirectionalShutdownPublishesOnlySuccessfulTransitions (65773 ns)
    [ PASSED ] CASE: tcpStreamReadShutdownRejectsEveryReadPathWithoutLosingWrites (85693 ns)
    [ PASSED ] CASE: tcpStreamWriteShutdownRejectsEveryWritePathWithoutLosingReads (82706 ns)
    [ PASSED ] CASE: tcpStreamEmptyOperationsRemainImmediateAfterDirectionalShutdown (27616 ns)
    [ PASSED ] CASE: tcpStreamReadExactAddsCapturedEndpointsToUnexpectedEof (46281 ns)
    [ PASSED ] CASE: tcpStreamReadKeepsPeerEofGraceful (18542 ns)
    [ PASSED ] CASE: tcpStreamReadExactMergesCapturedAndStructuredEndpointMetadata (39387 ns)
    [ PASSED ] CASE: tcpStreamIoConflictsRetainCapturedEndpointsWithoutClosing (86903 ns)
    [ PASSED ] CASE: tcpStreamDirectionalShutdownDoesNotPromoteWokenIoToFailure (53042 ns)
    [ PASSED ] CASE: tcpStreamFinalShutdownRemainsGracefulWhenItWakesIo (45494 ns)
    [ PASSED ] CASE: tcpStreamFailuresRetainOriginalErrorAndReleaseDelegate (94404 ns)
    [ PASSED ] CASE: tcpStreamRetainsNativeCancellationOwnership (1216141 ns)
    [ PASSED ] CASE: tcpStreamNormalizesUnexpectedDelegateFailures (144888 ns)
    [ PASSED ] CASE: tcpStreamPrecancelledIoCannotClaimAnotherClosesOwnership (86199 ns)
    [ PASSED ] CASE: tcpStreamCancellationOwnershipSurvivesOtherObservers (55812 ns)
    [ PASSED ] CASE: tcpStreamAbortCannotRelabelClaimedGracefulNativeClose (44679 ns)
    [ PASSED ] CASE: tcpStreamAbortOwnershipSurvivesCompetingIoAndLateCloseFailure (83141 ns)
    [ PASSED ] CASE: tcpStreamCancellationBoundsCloseWaitAndLateSuccessRemainsGraceful (80299 ns)
    [ PASSED ] CASE: tcpStreamJoiningBackgroundCloseWaitsForCompletion (28587989 ns)
    [ PASSED ] CASE: tcpStreamDeadlineBoundsCloseWaitAndLateSuccessRemainsGraceful (122276 ns)
    [ PASSED ] CASE: tcpStreamLateCloseFailurePublishesFailedWithoutReplacingCallerCancellation (117100 ns)
    [ PASSED ] CASE: tcpStreamAbortRemainsTerminalWhenDetachedCloseFailsLate (93699 ns)
    [ PASSED ] CASE: tcpStreamCloseKeepsGracefulCauseWhenItWakesARead (55503 ns)
    [ PASSED ] CASE: unsafeOptionValueIsBoundedAndOwnedWithoutApplyingIt (218186 ns)
    [ PASSED ] CASE: datagramResultEnforcesTheIpv4PayloadBound (1914357 ns)
    [ PASSED ] CASE: datagramResultSurvivesReceiveBufferReuse (10569 ns)
Summary: TOTAL: 103
    PASSED: 103, SKIPPED: 0, ERROR: 0
    FAILED: 0
--------------------------------------------------------------------------------------------------
TP: wirestack.internal.transport_stdnet, time elapsed: 206392112 ns, RESULT:
    TCS: StdNetTransportListenerTest, time elapsed: 91148349 ns, RESULT:
    [ PASSED ] CASE: listenerRejectsOutOfRangeBacklogBeforeBinding (277562 ns)
    [ PASSED ] CASE: listenerPreCancelledAndExpiredAcceptsFailFast (209474 ns)
    [ PASSED ] CASE: listenerDeadlineBoundsBlockedAcceptAndListenerRemainsUsable (38511367 ns)
    [ PASSED ] CASE: listenerCancellationWakesActiveAcceptAndListenerRemainsUsable (40094218 ns)
    [ PASSED ] CASE: listenerCloseWakesActiveAcceptWithStructuredErrorAndIsIdempotent (10822120 ns)
    TCS: M123TransportDiagnosticsTest, time elapsed: 720024 ns, RESULT:
    [ PASSED ] CASE: stdNetReportsRuntimeEndpointsAndCapabilitiesWithoutGuessingIoBackend (293400 ns)
    [ PASSED ] CASE: deterministicTransportUsesTheSameProviderNeutralContract (58793 ns)
    TCS: M127BackgroundFastPathTest, time elapsed: 34105724 ns, RESULT:
    [ PASSED ] CASE: backgroundAndObservedPathsTransferEquivalentData (177464 ns)
    [ PASSED ] CASE: backgroundPeerCloseRemainsEof (146125 ns)
    [ PASSED ] CASE: backgroundLocalCloseRaceRemainsClosed (1156297 ns)
    [ PASSED ] CASE: backgroundStillRejectsConcurrentReaders (1223160 ns)
    [ PASSED ] CASE: cancellableAndDeadlineContextsRetainGenericChecks (189306 ns)
    [ PASSED ] CASE: deadlineTimeoutIsClearedBeforeBackgroundRead (30283509 ns)
    TCS: Net06CancellationGateTest, time elapsed: 4373555 ns, RESULT:
    [ PASSED ] CASE: cancelledReadsReleaseSocketsWaitersAndTasks (4089096 ns)
    TCS: StdNetTransportTest, time elapsed: 73566982 ns, RESULT:
    [ PASSED ] CASE: writeSomeIsPartialAndReusesBoundedConnectionStaging (355570 ns)
    [ PASSED ] CASE: wholeArrayReadAndWriteBypassStagingForATypicalTlsRecord (2791271 ns)
    [ PASSED ] CASE: subrangesRetainBoundedStagingAndCopyAccounting (205689 ns)
    [ PASSED ] CASE: connectsByResolvedIpAndTransfersBothDirections (210312 ns)
    [ PASSED ] CASE: emptyOperationsAreImmediate (139255 ns)
    [ PASSED ] CASE: unsupportedHalfClosePreservesBothDirections (201537 ns)
    [ PASSED ] CASE: cancellationAbortRemainsNativeOwnerAfterLaterClose (1229076 ns)
    [ PASSED ] CASE: listenerCloseWakesBlockedAcceptAsClosed (1088941 ns)
    [ PASSED ] CASE: cancellingOneAcceptLeavesListenerReusable (29071805 ns)
    [ PASSED ] CASE: preCancelledConnectDoesNotCreateASocket (40078 ns)
    [ PASSED ] CASE: peerGracefulCloseIsReportedAsEof (190629 ns)
    [ PASSED ] CASE: deadlineBoundsBlockedReadWithoutClosingConnection (30328224 ns)
    [ PASSED ] CASE: localCloseMapsBlockedReadWithStableEvidence (1283648 ns)
    [ PASSED ] CASE: explicitAbortWakesBlockedReadWithStableEvidence (1172490 ns)
    [ PASSED ] CASE: gracefulNativeCloseRemainsGracefulAfterLaterAbort (176997 ns)
    [ PASSED ] CASE: explicitAbortRemainsNativeOwnerAfterLaterClose (198377 ns)
    [ PASSED ] CASE: unknownConnectFailureMapsWithoutMessageOrNativeCode (153466 ns)
    [ PASSED ] CASE: concurrentReadsFailWithoutDisturbingTheActiveRead (1211445 ns)
    [ PASSED ] CASE: happyEyeballsComposesWithTheDefaultStdNetFactory (356401 ns)
Summary: TOTAL: 50
    PASSED: 33, SKIPPED: 17, ERROR: 0
    FAILED: 0
--------------------------------------------------------------------------------------------------
TP: wirestack.internal.platform.linux, time elapsed: 10666978 ns, RESULT:
    TCS: LinuxSystemTrustAdapterTest, time elapsed: 10666978 ns, RESULT:
    [ PASSED ] CASE: frozenSearchOrderCoversGlibcAndMuslLayouts (191319 ns)
    [ PASSED ] CASE: currentLinuxHostSelectsOneExplicitUsableSource (8528040 ns)
    [ PASSED ] CASE: missingCandidatesFailWithoutProviderDefaultFallback (40517 ns)
    [ PASSED ] CASE: directoryCandidateRequiresReadableHashedCertificateEntry (257081 ns)
    [ PASSED ] CASE: sourceIdentityChangesWhenSameSizeTrustContentChanges (384626 ns)
Summary: TOTAL: 5
    PASSED: 5, SKIPPED: 0, ERROR: 0
    FAILED: 0
--------------------------------------------------------------------------------------------------
Project tests finished, time elapsed: 43615955152 ns, RESULT:
TP: wirestack.*, time elapsed: 43615870405 ns, RESULT:
    PASSED:
    TP: wirestack.internal.platform.linux, time elapsed: 10666978 ns
    TP: wirestack.internal.common, time elapsed: 2033203 ns
    TP: wirestack.internal.transport, time elapsed: 202699622 ns
    TP: wirestack.internal.trust, time elapsed: 34880265 ns
    TP: wirestack.internal.http2, time elapsed: 3198983231 ns
    TP: wirestack.internal.resolver, time elapsed: 40929729 ns
    TP: wirestack.internal.tls_engine, time elapsed: 24767931951 ns
    TP: wirestack.internal.connector, time elapsed: 13109718 ns
    TP: wirestack.tls, time elapsed: 115406120 ns
    TP: wirestack.internal.http1, time elapsed: 1753609536 ns
    TP: wirestack.internal.transport_stdnet, time elapsed: 206392112 ns
    TP: wirestack.net, time elapsed: 1534317137 ns
    TP: wirestack.http, time elapsed: 11580620054 ns
Summary: TOTAL: 803
    PASSED: 780, SKIPPED: 23, ERROR: 0
    FAILED: 0
--------------------------------------------------------------------------------------------------
cjpm test success
